12-03 21:36:36.671  1789  2916 I ActivityManager: START u0 {act=android.intent.action.MAIN cat=[android.intent.category.HOME] flg=0x10200000 cmp=com.google.android.googlequicksearchbox/com.google.android.launcher.GEL (has extras)} from uid 1000 on display 0
12-03 21:36:36.671  1789  2916 I ActivityManager: moveHomeStack, setupComplete:true
12-03 21:36:36.816  1789  1808 I LaunchCheckinHandler: Displayed com.google.android.googlequicksearchbox/com.google.android.launcher.GEL,wp,wa,145
12-03 21:36:37.293  1789  5399 I ActivityManager: START u0 {act=com.android.systemui.recents.SHOW_RECENTS flg=0x10804000 cmp=com.android.systemui/.recents.RecentsActivity} from uid 10045 on display 0
12-03 21:36:37.383  1789  1808 I LaunchCheckinHandler: Displayed com.android.systemui/.recents.RecentsActivity,wp,wa,90
12-03 21:36:38.044  1789  3724 I ActivityManager: START u0 {act=android.intent.action.MAIN cat=[android.intent.category.HOME] flg=0x10200000 cmp=com.google.android.googlequicksearchbox/com.google.android.launcher.GEL} from uid 10045 on display 0
12-03 21:36:38.071  1789  5592 I ActivityManager: Killing 774:android.process.acore/u0a8 (adj 15): empty #7
12-03 21:36:38.123  1789  5592 I ActivityManager: Killing 647:SeniorenApp.SeniorenApp/u0a179 (adj 9): remove task
12-03 21:36:38.181  1789  2705 I WindowState: WIN DEATH: Window{82c715a u0 SeniorenApp.SeniorenApp/md53b38d95917044f4b1995493654d83207.MainActivity}
12-03 21:36:38.237  1789  1808 I LaunchCheckinHandler: Displayed com.google.android.googlequicksearchbox/com.google.android.launcher.GEL,wp,wa,192
12-03 21:36:38.260   259   259 I SFPerfTracer:      triggers: (rate: 122:5299) (compose: 27:541) (post: 0:288) (render: 45:1035) (1:98292 frames) (2:127923)
12-03 21:36:38.260   259   259 D SFPerfTracer:        layers: (4:17) (FocusedStackFrame (0xb72cbae8): 1:2404)* (DimLayer (0xb72d2138): 0:41)* (StatusBar (0xb737c858): 0:24076) (com.android.systemui.ImageWallpaper (0xb7381520): 0:1835) (Sprite (0xb73946f0): 0:5514)* (Sprite (0xb731c918): 0:8642)* (Sprite (0xb738f648): 0:6481)* (Sprite (0xb7397788): 0:19646)* (Sprite (0xb7386000): 0:9610)* (DimLayer (0xb73b4c00): 0:45)- (DimLayer (0xb7346f28): 0:4)- (SeniorenApp.SeniorenApp/md53b38d95917044f4b1995493654d83207.MainActivity (0xb739c868): 0:71)- (NavigationBar (0xb737f798): 0:109) (com.google.android.googlequicksearchbox/com.google.android.launcher.GEL (0xb73481f0): 0:16)- (com.android.systemui/com.android.systemui.recents.RecentsActivity (0xb739c868): 0:40) (com.google.android.googlequicksearchbox/com.google.android.launcher.GEL (0xb73481f0): 2:3)* 
12-03 21:36:38.757   259   706 I SFPerfTracer:      triggers: (rate: 0:40) (61774 sw vsyncs) (0 skipped) (329:262891 vsyncs) (331:342765)
12-03 21:36:40.589  1789  2956 D ConnectivityService: notifyType CAP_CHANGED for NetworkAgentInfo [WIFI () - 105]
12-03 21:36:45.443  1789  1803 I ActivityManager: Start proc 1111:Mono.Android.DebugRuntime/u0a119 for broadcast Mono.Android.DebugRuntime/com.xamarin.mono.android.PackageVersions
12-03 21:36:46.562  1789  1803 I ActivityManager: Force stopping SeniorenApp.SeniorenApp appid=10179 user=-1: uninstall pkg
12-03 21:36:46.815  1789  1814 W PackageManager: Couldn't remove dex file for package:  at location /data/app/SeniorenApp.SeniorenApp-1/base.apk, retcode=-1
12-03 21:36:46.817  1789  1803 I ActivityManager: Force stopping SeniorenApp.SeniorenApp appid=10179 user=-1: uninstall pkg
12-03 21:36:47.075  1789  1814 I ActivityManager: Force stopping SeniorenApp.SeniorenApp appid=10179 user=0: pkg removed
12-03 21:36:47.105  1789  1803 I ActivityManager: Start proc 1148:android.process.acore/u0a8 for broadcast com.android.providers.contacts/.PackageIntentReceiver
12-03 21:36:47.106  1789  1814 I ActivityManager: Force stopping SeniorenApp.SeniorenApp appid=10179 user=0: pkg removed
12-03 21:36:47.173  1789  1789 D JobSchedulerService: Receieved: android.intent.action.PACKAGE_REMOVED
12-03 21:36:47.192  1789  1789 D JobSchedulerService: Receieved: android.intent.action.PACKAGE_REMOVED
12-03 21:36:47.240  1789  8868 I ActivityManager: Start proc 1166:com.android.keychain/1000 for broadcast com.android.keychain/.KeyChainBroadcastReceiver
12-03 21:36:47.289  1166  1166 W ContextImpl: Calling a method in the system process without a qualified user: android.app.ContextImpl.startService:1221 android.content.ContextWrapper.startService:581 android.content.ContextWrapper.startService:581 com.android.keychain.KeyChainBroadcastReceiver.onReceive:12 android.app.ActivityThread.handleReceiver:2743 
12-03 21:36:47.307  1789  3693 I ActivityManager: Start proc 1179:com.google.android.apps.docs/u0a63 for broadcast com.google.android.apps.docs/.receivers.AppPackageAddRemoveReceiver
12-03 21:36:47.313  1789  3693 I ActivityManager: Killing 32657:com.android.vending/u0a36 (adj 15): empty #7
12-03 21:36:47.404  1789  3693 I ActivityManager: Killing 32635:com.google.android.gms/u0a17 (adj 15): empty #7
12-03 21:36:47.461  1789  5399 D ConnectivityService: ConnectivityService NetworkRequestInfo binderDied(NetworkRequest [ id=49, legacyType=-1, [ Capabilities: INTERNET&NOT_RESTRICTED&TRUSTED&NOT_VPN] ], android.os.BinderProxy@166e022)
12-03 21:36:47.461  1789  2955 D WifiService: Client connection lost with reason: 4
12-03 21:36:47.462  1789  2956 D ConnectivityService: releasing NetworkRequest NetworkRequest [ id=49, legacyType=-1, [ Capabilities: INTERNET&NOT_RESTRICTED&TRUSTED&NOT_VPN] ]
12-03 21:36:47.463  1789  2956 E ConnectivityService: RemoteException caught trying to send a callback msg for NetworkRequest [ id=49, legacyType=-1, [ Capabilities: INTERNET&NOT_RESTRICTED&TRUSTED&NOT_VPN] ]
12-03 21:36:47.472  1789  3019 W ActivityManager: Scheduling restart of crashed service com.google.android.gms/.measurement.service.MeasurementBrokerService in 1000ms
12-03 21:36:47.960  1789  5593 I ActivityManager: Killing 684:com.droid27.transparentclockweather/u0a113 (adj 15): empty #7
12-03 21:36:48.059  1789  3510 I ActivityManager: Start proc 1213:com.google.android.gms/u0a17 for service com.google.android.gms/.chimera.GmsIntentOperationService
12-03 21:36:48.362  1789  1814 I ActivityManager: Start proc 1240:com.android.defcontainer/u0a10 for service com.android.defcontainer/.DefaultContainerService
12-03 21:36:48.394  1789  8867 I ActivityManager: Start proc 1254:com.android.vending/u0a36 for broadcast com.android.vending/com.google.android.finsky.receivers.PackageMonitorReceiver$RegisteredReceiver
12-03 21:36:48.747  1789  1789 I ActivityManager: Start proc 1321:com.android.documentsui/u0a62 for broadcast com.android.documentsui/.PackageReceiver
12-03 21:36:48.863  1789  3018 I ActivityManager: Killing 995:com.android.settings/1000 (adj 15): empty #7
12-03 21:36:49.010  1789  4628 I ActivityManager: Start proc 1348:com.android.externalstorage/u0a15 for content provider com.android.externalstorage/.ExternalStorageProvider
12-03 21:36:49.040  1166  1166 W ContextImpl: Calling a method in the system process without a qualified user: android.app.ContextImpl.startService:1221 android.content.ContextWrapper.startService:581 android.content.ContextWrapper.startService:581 com.android.keychain.KeyChainBroadcastReceiver.onReceive:12 android.app.ActivityThread.handleReceiver:2743 
12-03 21:36:49.124  1789  4628 I ActivityManager: Killing 1111:Mono.Android.DebugRuntime/u0a119 (adj 15): empty #7
12-03 21:36:49.354  1789  2705 I ActivityManager: Start proc 1381:com.android.shell/2000 for content provider com.android.shell/.BugreportStorageProvider
12-03 21:36:49.403  1789  8867 D ConnectivityService: listenForNetwork for Listen from uid/pid:10017/1213 for NetworkRequest [ id=50, legacyType=-1, [ Capabilities: INTERNET&NOT_RESTRICTED&TRUSTED&NOT_VPN] ]
12-03 21:36:49.890  1789  1799 I ActivityManager: Killing 1166:com.android.keychain/1000 (adj 15): empty #7
12-03 21:36:49.904  1240  1251 D DefContainer: Copying /data/local/tmp/SeniorenApp.SeniorenApp-Signed.apk to base.apk
12-03 21:36:51.035  1789  1814 V BackupManagerService: restoreAtInstall pkg=SeniorenApp.SeniorenApp token=3b restoreSet=0
12-03 21:36:51.035  1789  1814 V BackupManagerService: Finishing install immediately
12-03 21:36:51.041  1789  8867 I ActivityManager: Killing 1179:com.google.android.apps.docs/u0a63 (adj 15): empty #7
12-03 21:36:51.157  1789  3510 I ActivityManager: Start proc 1418:com.google.android.partnersetup/u0a20 for broadcast com.google.android.partnersetup/.RlzPingBroadcastReceiver
12-03 21:36:51.289  1789  4628 I ActivityManager: Start proc 1437:com.google.android.apps.docs/u0a63 for broadcast com.google.android.apps.docs/.receivers.AppPackageAddRemoveReceiver
12-03 21:36:51.291  1789  4628 I ActivityManager: Killing 1348:com.android.externalstorage/u0a15 (adj 15): empty #7
12-03 21:36:51.870  1789  8868 I ActivityManager: Killing 980:com.motorola.motodisplay/u0a31 (adj 15): empty #7
12-03 21:36:52.055  1789  2706 I ActivityManager: Start proc 1473:com.motorola.motodisplay/u0a31 for broadcast com.motorola.motodisplay/.events.EventReceiver
12-03 21:36:52.241  1789  1800 I ActivityManager: Killing 1321:com.android.documentsui/u0a62 (adj 15): empty #7
12-03 21:36:53.083  1789  1803 I ActivityManager: Start proc 1511:Mono.Android.DebugRuntime/u0a119 for broadcast Mono.Android.DebugRuntime/com.xamarin.mono.android.ExternalStorageDirectory
12-03 21:36:53.118  1789  5593 I ActivityManager: Killing 1381:com.android.shell/2000 (adj 15): empty #7
12-03 21:36:59.035  1789  1799 I ActivityManager: Killing 1240:com.android.defcontainer/u0a10 (adj 15): empty #7
12-03 21:37:00.000  1789  2902 V AlarmManager: sending alarm {52a62d type 3 *alarm*:android.intent.action.TIME_TICK}
12-03 21:37:00.002  1789  2902 V AlarmManager: sending alarm {2cefd84 type 1 *alarm*:com.droid27.tcw.ACTION_TIME_TICK}
12-03 21:37:00.016  1789  1803 I ActivityManager: Start proc 1545:com.droid27.transparentclockweather/u0a113 for broadcast com.droid27.transparentclockweather/.Widget_2x1
12-03 21:37:00.065  1789  1789 V AlarmManager: done {52a62d, *alarm*:android.intent.action.TIME_TICK} [65ms]
12-03 21:37:00.155  1789  1789 V AlarmManager: done {2cefd84, *alarm*:com.droid27.tcw.ACTION_TIME_TICK} [155ms]
12-03 21:37:00.156  1789  8867 I ActivityManager: Killing 1418:com.google.android.partnersetup/u0a20 (adj 15): empty #7
12-03 21:37:01.330  1789  1805 I UsbDeviceManager: Setting USB config to accessory,audio_source,adb
12-03 21:37:01.497  1789  1806 D UsbAlsaManager: Adding ALSA device AlsaDevice: [card: 1, device: 0, type: 1]
12-03 21:37:01.555  1789  1805 I BatteryStatsImpl: Resetting battery stats: level=100 status=5 dischargeLevel=100 lowAmount=0 highAmount=0
12-03 21:37:01.601  1789  2705 I ActivityManager: Start proc 1568:com.motorola.genie/u0a21 for broadcast com.motorola.genie/.prefetch.PowerStatusReceiver
12-03 21:37:01.601  1789  2705 I ActivityManager: Killing 1437:com.google.android.apps.docs/u0a63 (adj 15): empty #7
12-03 21:37:01.726  1789  1789 I EntropyMixer: Writing entropy...
12-03 21:37:01.837  1789  2705 W BroadcastQueue: Permission Denial: broadcasting Intent { act=com.motorola.cce.Actions.CCE_SEND_SETTINGS flg=0x10 (has extras) } from com.motorola.genie (pid=1568, uid=10021) is not exported from uid 10000 due to receiver com.motorola.ccc.checkin/com.motorola.blur.service.blur.SharedSettingsReceiver
12-03 21:37:01.841  1789  1800 W BroadcastQueue: Permission Denial: broadcasting Intent { act=com.motorola.cce.Actions.CCE_SEND_SETTINGS flg=0x10 (has extras) } from com.motorola.genie (pid=1568, uid=10021) is not exported from uid 10000 due to receiver com.motorola.ccc.notification/com.motorola.blur.service.blur.SharedSettingsReceiver
12-03 21:37:01.848  1789  1803 W BroadcastQueue: Permission Denial: broadcasting Intent { act=com.motorola.cce.Actions.CCE_SEND_SETTINGS flg=0x10 (has extras) } from com.motorola.genie (pid=1568, uid=10021) is not exported from uid 10027 due to receiver com.motorola.MotGallery2/com.motorola.blur.service.blur.SharedSettingsReceiver
12-03 21:37:02.910  1789  1805 D UsbDeviceManager: entering USB accessory mode: UsbAccessory[mManufacturer=h-ab.de, mModel=SeniorenApp, mDescription=SeniorenApp, mVersion=1.0, mUri=https://github.com/SeniorenApp/, mSerial=0000000012345678]
12-03 21:37:02.913  1789  1805 I ActivityManager: START u0 {flg=0x10000000 cmp=com.android.systemui/.usb.UsbConfirmActivity (has extras)} from uid 1000 on display 0
12-03 21:37:03.032  1789  1808 I LaunchCheckinHandler: Displayed com.android.systemui/.usb.UsbConfirmActivity,wp,ca,99
12-03 21:37:03.752  1789  3692 I ActivityManager: START u0 {act=android.hardware.usb.action.USB_ACCESSORY_ATTACHED flg=0x10000000 cmp=SeniorenApp.SeniorenApp/md53b38d95917044f4b1995493654d83207.MainActivity (has extras)} from uid 10045 on display 0
12-03 21:37:03.795  1789  3019 I ActivityManager: Start proc 1633:SeniorenApp.SeniorenApp/u0a179 for activity SeniorenApp.SeniorenApp/md53b38d95917044f4b1995493654d83207.MainActivity
12-03 21:37:03.976   259   259 I SFPerfTracer:      triggers: (rate: 122:5302) (compose: 27:541) (post: 0:288) (render: 45:1035) (5:98338 frames) (6:128027)
12-03 21:37:03.976   259   259 D SFPerfTracer:        layers: (8:17) (FocusedStackFrame (0xb72cbae8): 1:2409)* (DimLayer (0xb72d2138): 0:41)* (StatusBar (0xb737c858): 3:24098) (com.android.systemui.ImageWallpaper (0xb7381520): 0:1835) (Sprite (0xb73946f0): 0:5514)* (Sprite (0xb731c918): 0:8642)* (Sprite (0xb738f648): 5:6491) (Sprite (0xb7397788): 0:19646)* (Sprite (0xb7386000): 0:9610)* (NavigationBar (0xb737f798): 3:112) (com.android.systemui/com.android.systemui.recents.RecentsActivity (0xb739c868): 0:50)- (com.google.android.googlequicksearchbox/com.google.android.launcher.GEL (0xb73481f0): 0:30) (DimLayer (0xb739c868): 3:13) (DimLayer (0xb7346f28): 1:1)* (com.android.systemui/com.android.systemui.usb.UsbConfirmActivity (0xb73b44d0): 3:24) (Starting SeniorenApp.SeniorenApp (0xb73b3078): 6:10) 
12-03 21:37:04.707  1789  2956 D ConnectivityService: notifyType CAP_CHANGED for NetworkAgentInfo [WIFI () - 105]
12-03 21:37:04.900  1789  4628 I ActivityManager: Killing 1473:com.motorola.motodisplay/u0a31 (adj 15): empty #7
12-03 21:37:04.949   309  1753 E NetlinkEvent: NetlinkEvent::FindParam(): Parameter 'UID' not found
12-03 21:37:05.281  1789  1808 I LaunchCheckinHandler: Displayed SeniorenApp.SeniorenApp/md53b38d95917044f4b1995493654d83207.MainActivity,cp,ca,1497
12-03 21:37:07.729  1789  2956 D ConnectivityService: notifyType CAP_CHANGED for NetworkAgentInfo [WIFI () - 105]
12-03 21:37:08.909   259   706 I SFPerfTracer:      triggers: (rate: 0:40) (61774 sw vsyncs) (0 skipped) (1804:264695 vsyncs) (1806:344571)
12-03 21:37:11.935  1789  5399 I ActivityManager: Killing 1254:com.android.vending/u0a36 (adj 15): empty #7
12-03 21:37:12.039  1789  5399 I ActivityManager: Killing 1051:com.google.process.gapps/u0a17 (adj 15): empty #7
12-03 21:37:12.137  1789  5592 I ActivityManager: Start proc 1657:com.android.vending/u0a36 for broadcast com.android.vending/com.google.android.finsky.receivers.PackageMonitorReceiver$RegisteredReceiver
12-03 21:37:12.167  1789  4628 I ActivityManager: Start proc 1670:com.google.process.gapps/u0a17 for content provider com.google.android.gsf/.gservices.GservicesProvider
12-03 21:37:12.446   309  1753 E NetlinkEvent: NetlinkEvent::FindParam(): Parameter 'UID' not found
12-03 21:37:13.858  1789  2902 V AlarmManager: sending alarm {a92f69f type 0 *walarm*:com.android.vending/com.google.android.finsky.services.ContentSyncService}
12-03 21:37:13.870  1789  2902 V AlarmManager: sending alarm {11ce3b5 type 3 *alarm*:send_events}
12-03 21:37:13.909  1789  1789 V AlarmManager: done {a92f69f, *walarm*:com.android.vending/com.google.android.finsky.services.ContentSyncService} [51ms]
12-03 21:37:13.910  1789  1789 V AlarmManager: done {11ce3b5, *alarm*:send_events} [52ms]
12-03 21:37:16.797  1789  1803 I ActivityManager: Waited long enough for: ServiceRecord{dc6ce7d u0 com.motorola.groundloopnoisepreventer/.SilenceService}
12-03 21:37:22.477  1789  8867 I ActivityManager: START u0 {cmp=SeniorenApp.SeniorenApp/md53b38d95917044f4b1995493654d83207.ManualPhoneCall} from uid 10179 on display 0
12-03 21:37:22.622  1789  1808 I LaunchCheckinHandler: Displayed SeniorenApp.SeniorenApp/md53b38d95917044f4b1995493654d83207.ManualPhoneCall,wp,ca,127
12-03 21:37:22.818  1789  2956 D ConnectivityService: notifyType CAP_CHANGED for NetworkAgentInfo [WIFI () - 105]
12-03 21:37:23.011   259   259 I SFPerfTracer:      triggers: (rate: 122:5304) (compose: 27:541) (post: 0:288) (render: 45:1035) (6:98400 frames) (7:128132)
12-03 21:37:23.012   259   259 D SFPerfTracer:        layers: (3:18) (FocusedStackFrame (0xb72cbae8): 0:2415)* (DimLayer (0xb72d2138): 0:41)* (StatusBar (0xb737c858): 0:24120) (com.android.systemui.ImageWallpaper (0xb7381520): 0:1836)* (Sprite (0xb73946f0): 0:5514)* (Sprite (0xb731c918): 0:8642)* (Sprite (0xb738f648): 0:6519)* (Sprite (0xb7397788): 0:19646)* (Sprite (0xb7386000): 0:9610)* (NavigationBar (0xb737f798): 0:122) (com.google.android.googlequicksearchbox/com.google.android.launcher.GEL (0xb73481f0): 0:30)- (DimLayer (0xb739c868): 0:23)* (DimLayer (0xb7346f28): 1:4)* (com.android.systemui/com.android.systemui.usb.UsbConfirmActivity (0xb73b44d0): 0:30)- (Starting SeniorenApp.SeniorenApp (0xb73b3078): 0:42)- (SeniorenApp.SeniorenApp/md53b38d95917044f4b1995493654d83207.MainActivity (0xb73481f0): 0:29)- (SeniorenApp.SeniorenApp/md53b38d95917044f4b1995493654d83207.ManualPhoneCall (0xb73b3030): 7:25) 
12-03 21:37:25.838  1789  2956 D ConnectivityService: notifyType CAP_CHANGED for NetworkAgentInfo [WIFI () - 105]
12-03 21:37:32.893  1789  1806 D UsbAlsaManager: ALSA device removed: AlsaDevice: [card: 1, device: 0, type: 1]
12-03 21:37:32.914  1789  1806 D UsbAlsaManager: Adding ALSA device AlsaDevice: [card: 1, device: 0, type: 1]
12-03 21:37:32.968  1789  1805 D UsbDeviceManager: exited USB accessory mode
12-03 21:37:32.968  1789  1805 I UsbDeviceManager: Setting USB config to mtp,adb
12-03 21:37:32.970  1789  1806 D UsbAlsaManager: ALSA device removed: AlsaDevice: [card: 1, device: 0, type: 1]
12-03 21:37:33.023  1789  1803 I ActivityManager: Killing 1545:com.droid27.transparentclockweather/u0a113 (adj 15): empty #7
12-03 21:37:33.102  1789  1803 I ActivityManager: Killing 1511:Mono.Android.DebugRuntime/u0a119 (adj 15): empty #8
12-03 21:37:33.246  1789  1789 I EntropyMixer: Writing entropy...
12-03 21:37:33.257  1789  1805 I BatteryStatsImpl: Resetting battery stats: level=100 status=5 dischargeLevel=100 lowAmount=0 highAmount=0
12-03 21:37:38.949   309  1753 E NetlinkEvent: NetlinkEvent::FindParam(): Parameter 'UID' not found
12-03 21:37:48.319  1789  1803 I ActivityManager: Waited long enough for: ServiceRecord{6edd787 u0 com.motorola.groundloopnoisepreventer/.SilenceService}
12-03 21:37:59.880   259   706 I SFPerfTracer:      triggers: (rate: 0:41) (61774 sw vsyncs) (0 skipped) (3053:267748 vsyncs) (3055:347626)
12-03 21:38:00.000  1789  2902 V AlarmManager: sending alarm {52a62d type 3 *alarm*:android.intent.action.TIME_TICK}
12-03 21:38:00.002  1789  2902 V AlarmManager: sending alarm {2cefd84 type 1 *alarm*:com.droid27.tcw.ACTION_TIME_TICK}
12-03 21:38:00.015  1789  1803 I ActivityManager: Start proc 1782:com.droid27.transparentclockweather/u0a113 for broadcast com.droid27.transparentclockweather/.Widget_2x1
12-03 21:38:00.068  1789  1789 V AlarmManager: done {52a62d, *alarm*:android.intent.action.TIME_TICK} [68ms]
12-03 21:38:00.149  1789  1789 V AlarmManager: done {2cefd84, *alarm*:com.droid27.tcw.ACTION_TIME_TICK} [149ms]
12-03 21:38:09.523  1789  1803 I ActivityManager: Killing 1670:com.google.process.gapps/u0a17 (adj 15): empty #7
12-03 21:38:14.437  1789  1803 I ActivityManager: Start proc 1852:Mono.Android.DebugRuntime/u0a119 for broadcast Mono.Android.DebugRuntime/com.xamarin.mono.android.PackageVersions
12-03 21:38:14.472  1789  2706 I ActivityManager: Killing 1568:com.motorola.genie/u0a21 (adj 15): empty #7
12-03 21:38:15.658  1789  8868 I ActivityManager: Force stopping SeniorenApp.SeniorenApp appid=10179 user=0: from pid 1869
12-03 21:38:15.658  1789  8868 I ActivityManager: Killing 1633:SeniorenApp.SeniorenApp/u0a179 (adj 0): stop SeniorenApp.SeniorenApp
12-03 21:38:15.750  1789  3692 I WindowState: WIN DEATH: Window{5a49cf6 u0 SeniorenApp.SeniorenApp/md53b38d95917044f4b1995493654d83207.MainActivity}
12-03 21:38:15.755  1789  8868 W ActivityManager: Force removing ActivityRecord{a850631 u0 SeniorenApp.SeniorenApp/md53b38d95917044f4b1995493654d83207.ManualPhoneCall t184}: app died, no saved state
12-03 21:38:15.756  1789  3693 I WindowState: WIN DEATH: Window{a72d46d u0 SeniorenApp.SeniorenApp/md53b38d95917044f4b1995493654d83207.ManualPhoneCall}
12-03 21:38:15.790  1789  8868 I ActivityManager: Start proc 1880:SeniorenApp.SeniorenApp/u0a179 for activity SeniorenApp.SeniorenApp/md53b38d95917044f4b1995493654d83207.MainActivity
12-03 21:38:15.791  1789  8868 I ActivityManager:   Force finishing activity ActivityRecord{fad9b3 u0 SeniorenApp.SeniorenApp/md53b38d95917044f4b1995493654d83207.MainActivity t184}
12-03 21:38:15.791  1789  8868 I ActivityManager: moveHomeStack, setupComplete:true
12-03 21:38:15.793  1789  8868 I ActivityManager:   Force finishing activity ActivityRecord{fad9b3 u0 SeniorenApp.SeniorenApp/md53b38d95917044f4b1995493654d83207.MainActivity t184 f}
12-03 21:38:15.793  1789  8868 W ActivityManager: Duplicate finish request for ActivityRecord{fad9b3 u0 SeniorenApp.SeniorenApp/md53b38d95917044f4b1995493654d83207.MainActivity t184 f}
12-03 21:38:15.804  1789  4628 W ActivityManager: Spurious death for ProcessRecord{c327735 0:SeniorenApp.SeniorenApp/u0a179}, curProc for 1633: null
12-03 21:38:15.837  1789  1803 I ActivityManager: Start proc 1893:com.motorola.context/u0a103 for broadcast com.motorola.context/.receiver.PackageReplaceReceiver
12-03 21:38:15.841  1789  8867 I ActivityManager: Killing 1148:android.process.acore/u0a8 (adj 15): empty #7
12-03 21:38:15.846   259   706 I SFPerfTracer:      triggers: (rate: 0:41) (61774 sw vsyncs) (0 skipped) (954:268702 vsyncs) (956:348582)
12-03 21:38:15.981  1789  5593 W InputMethodManagerService: Got RemoteException sending setActive(false) notification to pid 1633 uid 10179
12-03 21:38:16.107  1789  1808 W WindowManager: On display=0 Rebuild removed 3 windows but added 2
12-03 21:38:16.107  1789  1808 W WindowManager: java.lang.RuntimeException: here
12-03 21:38:16.107  1789  1808 W WindowManager: 	at com.android.server.wm.WindowManagerService.rebuildAppWindowListLocked(WindowManagerService.java:8903)
12-03 21:38:16.107  1789  1808 W WindowManager: 	at com.android.server.wm.WindowManagerService.rebuildAppWindowListLocked(WindowManagerService.java:8827)
12-03 21:38:16.107  1789  1808 W WindowManager: 	at com.android.server.wm.WindowManagerService.handleAppTransitionReadyLocked(WindowManagerService.java:9334)
12-03 21:38:16.107  1789  1808 W WindowManager: 	at com.android.server.wm.WindowManagerService.performLayoutAndPlaceSurfacesLockedInner(WindowManagerService.java:10253)
12-03 21:38:16.107  1789  1808 W WindowManager: 	at com.android.server.wm.WindowManagerService.performLayoutAndPlaceSurfacesLockedLoop(WindowManagerService.java:9051)
12-03 21:38:16.107  1789  1808 W WindowManager: 	at com.android.server.wm.WindowManagerService.performLayoutAndPlaceSurfacesLocked(WindowManagerService.java:8998)
12-03 21:38:16.107  1789  1808 W WindowManager: 	at com.android.server.wm.WindowManagerService.-wrap6(WindowManagerService.java)
12-03 21:38:16.107  1789  1808 W WindowManager: 	at com.android.server.wm.WindowManagerService$H.handleMessage(WindowManagerService.java:7893)
12-03 21:38:16.107  1789  1808 W WindowManager: 	at android.os.Handler.dispatchMessage(Handler.java:102)
12-03 21:38:16.107  1789  1808 W WindowManager: 	at android.os.Looper.loop(Looper.java:148)
12-03 21:38:16.107  1789  1808 W WindowManager: 	at android.os.HandlerThread.run(HandlerThread.java:61)
12-03 21:38:16.107  1789  1808 W WindowManager: 	at com.android.server.ServiceThread.run(ServiceThread.java:46)
12-03 21:38:16.112  1789  1808 W WindowManager: This window was lost: Window{b1b556c u0 Starting SeniorenApp.SeniorenApp}
12-03 21:38:16.112  1789  1808 W WindowManager: mDisplayId=-1 stackId=124 mSession=Session{7a0d2c3 1789:1000} mClient=android.view.ViewRootImpl$W@8b67e1f
12-03 21:38:16.112  1789  1808 W WindowManager: mOwnerUid=1000 mShowToOwnerOnly=false package=SeniorenApp.SeniorenApp appop=NONE
12-03 21:38:16.112  1789  1808 W WindowManager: mAttrs=WM.LayoutParams{(0,0)(fillxfill) sim=#20 ty=3 fl=#830118 pfl=0x11 wanim=0x10303e5 needsMenuKey=2}
12-03 21:38:16.112  1789  1808 W WindowManager: Requested w=0 h=0 mLayoutSeq=10424
12-03 21:38:16.112  1789  1808 W WindowManager: mBaseLayer=21000 mSubLayer=0 mAnimLayer=21005+0=21005 mLastLayer=0
12-03 21:38:16.112  1789  1808 W WindowManager: mToken=AppWindowToken{13dce9c token=Token{c956b70 ActivityRecord{fad9b3 u0 SeniorenApp.SeniorenApp/md53b38d95917044f4b1995493654d83207.MainActivity t184}}}
12-03 21:38:16.112  1789  1808 W WindowManager: mRootToken=AppWindowToken{13dce9c token=Token{c956b70 ActivityRecord{fad9b3 u0 SeniorenApp.SeniorenApp/md53b38d95917044f4b1995493654d83207.MainActivity t184}}}
12-03 21:38:16.112  1789  1808 W WindowManager: mAppToken=AppWindowToken{13dce9c token=Token{c956b70 ActivityRecord{fad9b3 u0 SeniorenApp.SeniorenApp/md53b38d95917044f4b1995493654d83207.MainActivity t184}}}
12-03 21:38:16.112  1789  1808 W WindowManager: mViewVisibility=0x8 mHaveFrame=true mObscured=false
12-03 21:38:16.112  1789  1808 W WindowManager: mSeq=0 mSystemUiVisibility=0x0
12-03 21:38:16.112  1789  1808 W WindowManager: mGivenContentInsets=[0,0][0,0] mGivenVisibleInsets=[0,0][0,0]
12-03 21:38:16.112  1789  1808 W WindowManager: mConfiguration={1.0 ?mcc?mnc ?locale ?layoutDir ?swdp ?wdp ?hdp ?density ?lsize ?long ?orien ?uimode ?night ?touch ?keyb/?/? ?nav/??spn}
12-03 21:38:16.112  1789  1808 W WindowManager: mHasSurface=false mShownFrame=[0.0,0.0][0.0,0.0] isReadyForDisplay()=false
12-03 21:38:16.112  1789  1808 W WindowManager: mFrame=[0,0][720,1184] last=[0,0][0,0]
12-03 21:38:16.112  1789  1808 W WindowManager: mSystemDecorRect=[0,0][0,0] last=[0,0][0,0]
12-03 21:38:16.112  1789  1808 W WindowManager: Frames: containing=[0,0][720,1184] parent=[0,0][720,1184]
12-03 21:38:16.112  1789  1808 W WindowManager:     display=[0,0][720,1184] overscan=[0,0][720,1280]
12-03 21:38:16.112  1789  1808 W WindowManager:     content=[0,48][720,1184] visible=[0,48][720,1184]
12-03 21:38:16.112  1789  1808 W WindowManager:     decor=[0,48][720,1184]
12-03 21:38:16.112  1789  1808 W WindowManager:     outset=[0,0][0,0]
12-03 21:38:16.112  1789  1808 W WindowManager: Cur insets: overscan=[0,0][0,0] content=[0,48][0,0] visible=[0,48][0,0] stable=[0,48][0,0] outsets=[0,0][0,0]
12-03 21:38:16.112  1789  1808 W WindowManager: Lst insets: overscan=[0,0][0,0] content=[0,0][0,0] visible=[0,0][0,0] stable=[0,0][0,0] physical=[0,0][0,0] outset=[0,0][0,0]
12-03 21:38:16.112  1789  1808 W WindowManager: WindowStateAnimator{88d77ff Starting SeniorenApp.SeniorenApp}:
12-03 21:38:16.112  1789  1808 W WindowManager:   mShownAlpha=0.0 mAlpha=1.0 mLastAlpha=0.0
12-03 21:38:16.112  1789  1808 W WindowManager: mExiting=false mRemoveOnExit=false mDestroying=false mRemoved=true
12-03 21:38:16.112  1789  1808 W WindowManager: Current app token list:
12-03 21:38:16.121  1789  1808 V WindowManager:   Stack #0 tasks from bottom to top:
12-03 21:38:16.121  1789  1808 V WindowManager:     Task #4 activities from bottom to top:
12-03 21:38:16.121  1789  1808 V WindowManager:       activity #0: Token{ef0aa7e ActivityRecord{6fa9439 u0 com.android.systemui/.recents.RecentsActivity t4}}
12-03 21:38:16.121  1789  1808 V WindowManager:     Task #1 activities from bottom to top:
12-03 21:38:16.121  1789  1808 V WindowManager:       activity #0: Token{8b2dc06 ActivityRecord{f57f6e1 u0 com.google.android.googlequicksearchbox/com.google.android.launcher.GEL t1}}
12-03 21:38:16.121  1789  1808 W WindowManager: Final window list:
12-03 21:38:16.121  1789  1808 V WindowManager:  Display #0
12-03 21:38:16.121  1789  1808 V WindowManager:   #7: Window{362067d u0 NavigationBar}
12-03 21:38:16.121  1789  1808 V WindowManager:   #6: Window{593942f u0 StatusBar}
12-03 21:38:16.121  1789  1808 V WindowManager:   #5: Window{fb75fbe u0 KeyguardScrim}
12-03 21:38:16.121  1789  1808 V WindowManager:   #4: Window{b470be u0 AssistPreviewPanel}
12-03 21:38:16.121  1789  1808 V WindowManager:   #3: Window{d89461a u0 InputMethod}
12-03 21:38:16.121  1789  1808 V WindowManager:   #2: Window{6d1d7cc u0 com.google.android.googlequicksearchbox/com.google.android.launcher.GEL}
12-03 21:38:16.121  1789  1808 V WindowManager:   #1: Window{deddd30 u0 com.android.systemui/com.android.systemui.recents.RecentsActivity}
12-03 21:38:16.121  1789  1808 V WindowManager:   #0: Window{686d61e u0 com.android.systemui.ImageWallpaper}
12-03 21:38:43.563  1789  3018 I ActivityManager: START u0 {act=android.intent.action.MAIN cat=[android.intent.category.LAUNCHER] flg=0x10000000 cmp=SeniorenApp.SeniorenApp/md53b38d95917044f4b1995493654d83207.MainActivity} from uid 2000 on display 0
12-03 21:38:44.220  1789  1808 I LaunchCheckinHandler: Displayed SeniorenApp.SeniorenApp/md53b38d95917044f4b1995493654d83207.MainActivity,wp,ca,644
12-03 21:38:44.415   259   259 I SFPerfTracer:      triggers: (rate: 122:5305) (compose: 27:541) (post: 0:288) (render: 45:1035) (8:98458 frames) (9:128240)
12-03 21:38:44.415   259   259 D SFPerfTracer:        layers: (4:19) (FocusedStackFrame (0xb72cbae8): 0:2425)* (DimLayer (0xb72d2138): 0:41)* (StatusBar (0xb737c858): 0:24174) (com.android.systemui.ImageWallpaper (0xb7381520): 0:1838)* (Sprite (0xb73946f0): 0:5514)* (Sprite (0xb731c918): 0:8642)* (Sprite (0xb738f648): 0:6519)* (Sprite (0xb7397788): 0:19646)* (Sprite (0xb7386000): 0:9610)* (NavigationBar (0xb737f798): 0:148) (DimLayer (0xb739c868): 0:23)- (DimLayer (0xb7346f28): 0:4)- (SeniorenApp.SeniorenApp/md53b38d95917044f4b1995493654d83207.ManualPhoneCall (0xb73b3030): 0:28)- (com.google.android.googlequicksearchbox/com.google.android.launcher.GEL (0xb739c868): 0:7)- (DimLayer (0xb7346f28): 0:2)* (Starting SeniorenApp.SeniorenApp (0xb73b44d0): 9:38) (SeniorenApp.SeniorenApp/md53b38d95917044f4b1995493654d83207.MainActivity (0xb738cdc0): 0:4) 
12-03 21:38:45.891  1789  2916 I ActivityManager: START u0 {act=android.intent.action.MAIN cat=[android.intent.category.HOME] flg=0x10200000 cmp=com.google.android.googlequicksearchbox/com.google.android.launcher.GEL (has extras)} from uid 1000 on display 0
12-03 21:38:45.891  1789  2916 I ActivityManager: moveHomeStack, setupComplete:true
12-03 21:38:46.007  1789  1808 I LaunchCheckinHandler: Displayed com.google.android.googlequicksearchbox/com.google.android.launcher.GEL,wp,wa,116
12-03 21:38:46.314  1789  3510 I ActivityManager: START u0 {act=com.android.systemui.recents.SHOW_RECENTS flg=0x10804000 cmp=com.android.systemui/.recents.RecentsActivity} from uid 10045 on display 0
12-03 21:38:46.406  1789  1808 I LaunchCheckinHandler: Displayed com.android.systemui/.recents.RecentsActivity,wp,wa,92
12-03 21:38:47.001  1789  3724 I ActivityManager: START u0 {act=android.intent.action.MAIN cat=[android.intent.category.HOME] flg=0x10200000 cmp=com.google.android.googlequicksearchbox/com.google.android.launcher.GEL} from uid 10045 on display 0
12-03 21:38:47.020  1789  4628 I ActivityManager: Killing 1657:com.android.vending/u0a36 (adj 15): empty #7
12-03 21:38:47.078  1789  4628 I ActivityManager: Killing 1880:SeniorenApp.SeniorenApp/u0a179 (adj 9): remove task
12-03 21:38:47.130  1789  5593 I WindowState: WIN DEATH: Window{d79771 u0 SeniorenApp.SeniorenApp/md53b38d95917044f4b1995493654d83207.MainActivity}
12-03 21:38:47.198  1789  1808 I LaunchCheckinHandler: Displayed com.google.android.googlequicksearchbox/com.google.android.launcher.GEL,wp,wa,197
12-03 21:38:47.293  1789  2956 D ConnectivityService: notifyType CAP_CHANGED for NetworkAgentInfo [WIFI () - 105]
12-03 21:38:49.911  1789  1799 I ActivityManager: Force stopping SeniorenApp.SeniorenApp appid=10179 user=0: from pid 2009
12-03 21:38:50.310  1789  2956 D ConnectivityService: notifyType CAP_CHANGED for NetworkAgentInfo [WIFI () - 105]
12-03 21:38:50.351   259   259 I SFPerfTracer:      triggers: (rate: 122:5305) (compose: 27:541) (post: 0:288) (render: 45:1035) (0:98520 frames) (1:128340)
12-03 21:38:50.352   259   259 D SFPerfTracer:        layers: (4:18) (FocusedStackFrame (0xb72cbae8): 0:2431)* (DimLayer (0xb72d2138): 0:41)* (StatusBar (0xb737c858): 0:24197) (com.android.systemui.ImageWallpaper (0xb7381520): 0:1839) (Sprite (0xb73946f0): 0:5514)* (Sprite (0xb731c918): 0:8642)* (Sprite (0xb738f648): 0:6561)* (Sprite (0xb7397788): 0:19646)* (Sprite (0xb7386000): 0:9610)* (NavigationBar (0xb737f798): 0:199) (DimLayer (0xb7346f28): 0:2)- (Starting SeniorenApp.SeniorenApp (0xb73b44d0): 0:39)- (SeniorenApp.SeniorenApp/md53b38d95917044f4b1995493654d83207.MainActivity (0xb738cdc0): 0:31)- (com.google.android.googlequicksearchbox/com.google.android.launcher.GEL (0xb739c868): 0:16)- (com.android.systemui/com.android.systemui.recents.RecentsActivity (0xb73b44d0): 0:48)- (com.google.android.googlequicksearchbox/com.google.android.launcher.GEL (0xb739c868): 0:14) 
12-03 21:38:59.999  1789  2902 V AlarmManager: sending alarm {2cefd84 type 1 *alarm*:com.droid27.tcw.ACTION_TIME_TICK}
12-03 21:39:00.003  1789  2902 V AlarmManager: sending alarm {52a62d type 3 *alarm*:android.intent.action.TIME_TICK}
12-03 21:39:00.053  1789  1789 V AlarmManager: done {2cefd84, *alarm*:com.droid27.tcw.ACTION_TIME_TICK} [54ms]
12-03 21:39:00.070  1789  1789 V AlarmManager: done {52a62d, *alarm*:android.intent.action.TIME_TICK} [67ms]
12-03 21:39:25.510  1789  1805 I UsbDeviceManager: Setting USB config to accessory,audio_source,adb
12-03 21:39:25.628  1789  1806 D UsbAlsaManager: Adding ALSA device AlsaDevice: [card: 1, device: 0, type: 1]
12-03 21:39:25.686  1789  1805 I BatteryStatsImpl: Resetting battery stats: level=100 status=5 dischargeLevel=100 lowAmount=0 highAmount=0
12-03 21:39:25.712  1789  3018 I ActivityManager: Start proc 2050:com.motorola.genie/u0a21 for broadcast com.motorola.genie/.prefetch.PowerStatusReceiver
12-03 21:39:25.748  1789  1789 I EntropyMixer: Writing entropy...
12-03 21:39:25.892  1789  5399 W BroadcastQueue: Permission Denial: broadcasting Intent { act=com.motorola.cce.Actions.CCE_SEND_SETTINGS flg=0x10 (has extras) } from com.motorola.genie (pid=2050, uid=10021) is not exported from uid 10000 due to receiver com.motorola.ccc.checkin/com.motorola.blur.service.blur.SharedSettingsReceiver
12-03 21:39:25.901  1789  4628 W BroadcastQueue: Permission Denial: broadcasting Intent { act=com.motorola.cce.Actions.CCE_SEND_SETTINGS flg=0x10 (has extras) } from com.motorola.genie (pid=2050, uid=10021) is not exported from uid 10000 due to receiver com.motorola.ccc.notification/com.motorola.blur.service.blur.SharedSettingsReceiver
12-03 21:39:25.902  1789  1803 W BroadcastQueue: Permission Denial: broadcasting Intent { act=com.motorola.cce.Actions.CCE_SEND_SETTINGS flg=0x10 (has extras) } from com.motorola.genie (pid=2050, uid=10021) is not exported from uid 10027 due to receiver com.motorola.MotGallery2/com.motorola.blur.service.blur.SharedSettingsReceiver
12-03 21:39:26.539  1789  2956 D ConnectivityService: notifyType CAP_CHANGED for NetworkAgentInfo [WIFI () - 105]
12-03 21:39:27.060  1789  1805 D UsbDeviceManager: entering USB accessory mode: UsbAccessory[mManufacturer=h-ab.de, mModel=SeniorenApp, mDescription=SeniorenApp, mVersion=1.0, mUri=https://github.com/SeniorenApp/, mSerial=0000000012345678]
12-03 21:39:27.071  1789  1805 I ActivityManager: START u0 {flg=0x10000000 cmp=com.android.systemui/.usb.UsbConfirmActivity (has extras)} from uid 1000 on display 0
12-03 21:39:27.174  1789  1808 I LaunchCheckinHandler: Displayed com.android.systemui/.usb.UsbConfirmActivity,wp,ca,82
12-03 21:39:28.055  1789  2706 I ActivityManager: START u0 {act=android.hardware.usb.action.USB_ACCESSORY_ATTACHED flg=0x10000000 cmp=SeniorenApp.SeniorenApp/md53b38d95917044f4b1995493654d83207.MainActivity (has extras)} from uid 10045 on display 0
12-03 21:39:28.112  1789  3019 I ActivityManager: Start proc 2105:SeniorenApp.SeniorenApp/u0a179 for activity SeniorenApp.SeniorenApp/md53b38d95917044f4b1995493654d83207.MainActivity
12-03 21:39:28.949   309  1753 E NetlinkEvent: NetlinkEvent::FindParam(): Parameter 'UID' not found
12-03 21:39:29.504  1789  1808 I LaunchCheckinHandler: Displayed SeniorenApp.SeniorenApp/md53b38d95917044f4b1995493654d83207.MainActivity,cp,ca,1406
12-03 21:39:29.554  1789  2956 D ConnectivityService: notifyType CAP_CHANGED for NetworkAgentInfo [WIFI () - 105]
12-03 21:39:29.701   259   259 I SFPerfTracer:      triggers: (rate: 122:5307) (compose: 27:541) (post: 0:289) (render: 45:1035) (8:98566 frames) (9:128441)
12-03 21:39:29.701   259   259 D SFPerfTracer:        layers: (4:17) (FocusedStackFrame (0xb72cbae8): 0:2438)* (DimLayer (0xb72d2138): 0:41)* (StatusBar (0xb737c858): 1:24239) (com.android.systemui.ImageWallpaper (0xb7381520): 0:1840)* (Sprite (0xb73946f0): 0:5514)* (Sprite (0xb731c918): 0:8642)* (Sprite (0xb738f648): 0:6572)* (Sprite (0xb7397788): 0:19646)* (Sprite (0xb7386000): 0:9610)* (NavigationBar (0xb737f798): 0:212) (com.google.android.googlequicksearchbox/com.google.android.launcher.GEL (0xb739c868): 0:14)- (DimLayer (0xb73afa20): 0:24)* (DimLayer (0xb7346f28): 0:2)* (com.android.systemui/com.android.systemui.usb.UsbConfirmActivity (0xb73b1680): 0:28)- (Starting SeniorenApp.SeniorenApp (0xb738d8e8): 9:39) (SeniorenApp.SeniorenApp/md53b38d95917044f4b1995493654d83207.MainActivity (0xb739c868): 0:4) 
12-03 21:39:33.216   259   706 I SFPerfTracer:      triggers: (rate: 0:42) (61774 sw vsyncs) (0 skipped) (4627:273329 vsyncs) (4629:353213)
12-03 21:39:35.980  1789  1803 I ActivityManager: Start proc 2128:android.process.acore/u0a8 for broadcast com.android.providers.contacts/.PackageIntentReceiver
12-03 21:39:36.080  1789  4628 I ActivityManager: Killing 1852:Mono.Android.DebugRuntime/u0a119 (adj 15): empty #7
12-03 21:39:36.267   259   706 I SFPerfTracer:      triggers: (rate: 0:42) (61774 sw vsyncs) (0 skipped) (180:273509 vsyncs) (182:353395)
12-03 21:39:36.269  1789  5399 I ActivityManager: Start proc 2144:com.android.vending/u0a36 for broadcast com.android.vending/com.google.android.finsky.receivers.PackageMonitorReceiver$RegisteredReceiver
12-03 21:39:36.380  1789  3018 I ActivityManager: Start proc 2165:com.google.process.gapps/u0a17 for content provider com.google.android.gsf/.gservices.GservicesProvider
12-03 21:39:38.163  1789  2902 V AlarmManager: sending alarm {d82df83 type 3 *alarm*:send_events}
12-03 21:39:38.170  1789  1789 V AlarmManager: done {d82df83, *alarm*:send_events} [7ms]
12-03 21:39:40.859  1789  1803 I ActivityManager: Waited long enough for: ServiceRecord{2acd49b u0 com.motorola.groundloopnoisepreventer/.SilenceService}
12-03 21:39:43.989   309  1753 E NetlinkEvent: NetlinkEvent::FindParam(): Parameter 'UID' not found
12-03 21:39:49.656  1789  1806 D UsbAlsaManager: ALSA device removed: AlsaDevice: [card: 1, device: 0, type: 1]
12-03 21:39:49.672  1789  1806 D UsbAlsaManager: Adding ALSA device AlsaDevice: [card: 1, device: 0, type: 1]
12-03 21:39:49.731  1789  1805 D UsbDeviceManager: exited USB accessory mode
12-03 21:39:49.731  1789  1805 I UsbDeviceManager: Setting USB config to mtp,adb
12-03 21:39:49.734  1789  1806 D UsbAlsaManager: ALSA device removed: AlsaDevice: [card: 1, device: 0, type: 1]
12-03 21:39:49.859  1789  1805 I BatteryStatsImpl: Resetting battery stats: level=100 status=5 dischargeLevel=100 lowAmount=0 highAmount=0
12-03 21:39:49.884  1789  3018 I ActivityManager: Killing 1893:com.motorola.context/u0a103 (adj 15): empty #7
12-03 21:39:49.970  1789  1789 I EntropyMixer: Writing entropy...
12-03 21:40:00.000  1789  2902 V AlarmManager: sending alarm {52a62d type 3 *alarm*:android.intent.action.TIME_TICK}
12-03 21:40:00.001  1789  2902 V AlarmManager: sending alarm {2cefd84 type 1 *alarm*:com.droid27.tcw.ACTION_TIME_TICK}
12-03 21:40:00.004  1789  1789 I ActivityManager: Killing 1782:com.droid27.transparentclockweather/u0a113 (adj 15): empty #7
12-03 21:40:00.093  1789  1803 W BroadcastQueue: Exception when sending broadcast to ComponentInfo{com.droid27.transparentclockweather/com.droid27.transparentclockweather.Widget_2x1}
12-03 21:40:00.093  1789  1803 W BroadcastQueue: android.os.DeadObjectException
12-03 21:40:00.093  1789  1803 W BroadcastQueue: 	at android.os.BinderProxy.transactNative(Native Method)
12-03 21:40:00.093  1789  1803 W BroadcastQueue: 	at android.os.BinderProxy.transact(Binder.java:503)
12-03 21:40:00.093  1789  1803 W BroadcastQueue: 	at android.app.ApplicationThreadProxy.scheduleReceiver(ApplicationThreadNative.java:901)
12-03 21:40:00.093  1789  1803 W BroadcastQueue: 	at com.android.server.am.BroadcastQueue.processCurBroadcastLocked(BroadcastQueue.java:280)
12-03 21:40:00.093  1789  1803 W BroadcastQueue: 	at com.android.server.am.BroadcastQueue.processNextBroadcast(BroadcastQueue.java:1046)
12-03 21:40:00.093  1789  1803 W BroadcastQueue: 	at com.android.server.am.BroadcastQueue$BroadcastHandler.handleMessage(BroadcastQueue.java:169)
12-03 21:40:00.093  1789  1803 W BroadcastQueue: 	at android.os.Handler.dispatchMessage(Handler.java:102)
12-03 21:40:00.093  1789  1803 W BroadcastQueue: 	at android.os.Looper.loop(Looper.java:148)
12-03 21:40:00.093  1789  1803 W BroadcastQueue: 	at android.os.HandlerThread.run(HandlerThread.java:61)
12-03 21:40:00.093  1789  1803 W BroadcastQueue: 	at com.android.server.ServiceThread.run(ServiceThread.java:46)
12-03 21:40:00.094  1789  1803 W libprocessgroup: failed to open /acct/uid_10113/pid_1782/cgroup.procs: No such file or directory
12-03 21:40:00.116  1789  1803 I ActivityManager: Start proc 2264:com.droid27.transparentclockweather/u0a113 for broadcast com.droid27.transparentclockweather/.Widget_2x1
12-03 21:40:00.116  1789  8867 W ActivityManager: Spurious death for ProcessRecord{1316d1 2264:com.droid27.transparentclockweather/u0a113}, curProc for 1782: null
12-03 21:40:00.189  1789  1789 V AlarmManager: done {52a62d, *alarm*:android.intent.action.TIME_TICK} [189ms]
12-03 21:40:00.236  1789  1789 V AlarmManager: done {2cefd84, *alarm*:com.droid27.tcw.ACTION_TIME_TICK} [236ms]
12-03 21:40:00.247  1789  5593 I ActivityManager: Killing 2165:com.google.process.gapps/u0a17 (adj 15): empty #7
12-03 21:40:05.000  1789  1803 I ActivityManager: Waited long enough for: ServiceRecord{719b12c u0 com.motorola.groundloopnoisepreventer/.SilenceService}
12-03 21:40:11.784  1789  2956 D ConnectivityService: notifyType CAP_CHANGED for NetworkAgentInfo [WIFI () - 105]
12-03 21:40:17.822  1789  2956 D ConnectivityService: notifyType CAP_CHANGED for NetworkAgentInfo [WIFI () - 105]
12-03 21:40:29.220   259   706 I SFPerfTracer:      triggers: (rate: 0:43) (61774 sw vsyncs) (0 skipped) (3170:276679 vsyncs) (3172:356567)
12-03 21:40:36.588   259   706 I SFPerfTracer:      triggers: (rate: 0:43) (61774 sw vsyncs) (0 skipped) (400:277114 vsyncs) (402:357006)
12-03 21:40:37.602  1789  2916 I ActivityManager: START u0 {act=android.intent.action.MAIN cat=[android.intent.category.HOME] flg=0x10200000 cmp=com.google.android.googlequicksearchbox/com.google.android.launcher.GEL (has extras)} from uid 1000 on display 0
12-03 21:40:37.603  1789  2916 I ActivityManager: moveHomeStack, setupComplete:true
12-03 21:40:37.744  1789  1808 I LaunchCheckinHandler: Displayed com.google.android.googlequicksearchbox/com.google.android.launcher.GEL,wp,wa,142
12-03 21:40:37.849  1789  8867 I ActivityManager: START u0 {act=com.android.systemui.recents.SHOW_RECENTS flg=0x10804000 cmp=com.android.systemui/.recents.RecentsActivity} from uid 10045 on display 0
12-03 21:40:37.968  1789  1808 I LaunchCheckinHandler: Displayed com.android.systemui/.recents.RecentsActivity,wp,wa,119
12-03 21:40:38.590   259   259 I SFPerfTracer:      triggers: (rate: 122:5310) (compose: 27:541) (post: 0:289) (render: 45:1035) (21:98611 frames) (22:128542)
12-03 21:40:38.590   259   259 D SFPerfTracer:        layers: (4:17) (FocusedStackFrame (0xb72cbae8): 0:2442)* (DimLayer (0xb72d2138): 0:41)* (StatusBar (0xb737c858): 0:24269) (com.android.systemui.ImageWallpaper (0xb7381520): 0:1841) (Sprite (0xb73946f0): 0:5514)* (Sprite (0xb731c918): 0:8642)* (Sprite (0xb738f648): 0:6584)* (Sprite (0xb7397788): 0:19658)* (Sprite (0xb7386000): 0:9610)* (NavigationBar (0xb737f798): 8:255) (DimLayer (0xb73afa20): 0:24)* (DimLayer (0xb7346f28): 0:2)* (Starting SeniorenApp.SeniorenApp (0xb738d8e8): 0:40)- (SeniorenApp.SeniorenApp/md53b38d95917044f4b1995493654d83207.MainActivity (0xb739c868): 0:35)- (com.google.android.googlequicksearchbox/com.google.android.launcher.GEL (0xb738cdc0): 0:13)- (com.android.systemui/com.android.systemui.recents.RecentsActivity (0xb73b4bc0): 21:34) 
12-03 21:40:38.706  1789  5593 I ActivityManager: START u0 {act=android.intent.action.MAIN cat=[android.intent.category.HOME] flg=0x10200000 cmp=com.google.android.googlequicksearchbox/com.google.android.launcher.GEL} from uid 10045 on display 0
12-03 21:40:38.728  1789  4628 I ActivityManager: Killing 2050:com.motorola.genie/u0a21 (adj 15): empty #7
12-03 21:40:38.801  1789  4628 I ActivityManager: Killing 2105:SeniorenApp.SeniorenApp/u0a179 (adj 9): remove task
12-03 21:40:38.860  1789  3724 I WindowState: WIN DEATH: Window{c25d155 u0 SeniorenApp.SeniorenApp/md53b38d95917044f4b1995493654d83207.MainActivity}
12-03 21:40:38.925  1789  1808 I LaunchCheckinHandler: Displayed com.google.android.googlequicksearchbox/com.google.android.launcher.GEL,wp,wa,219
12-03 21:40:38.959  1789  2956 D ConnectivityService: notifyType CAP_CHANGED for NetworkAgentInfo [WIFI () - 105]
12-03 21:40:39.436   259   706 I SFPerfTracer:      triggers: (rate: 0:43) (61774 sw vsyncs) (0 skipped) (168:277282 vsyncs) (170:357176)
12-03 21:40:41.977  1789  2956 D ConnectivityService: notifyType CAP_CHANGED for NetworkAgentInfo [WIFI () - 105]
12-03 21:41:00.000  1789  2902 V AlarmManager: sending alarm {52a62d type 3 *alarm*:android.intent.action.TIME_TICK}
12-03 21:41:00.001  1789  2902 V AlarmManager: sending alarm {2cefd84 type 1 *alarm*:com.droid27.tcw.ACTION_TIME_TICK}
12-03 21:41:00.038  1789  1789 V AlarmManager: done {2cefd84, *alarm*:com.droid27.tcw.ACTION_TIME_TICK} [38ms]
12-03 21:41:00.083  1789  1803 I ActivityManager: Start proc 2343:Mono.Android.DebugRuntime/u0a119 for broadcast Mono.Android.DebugRuntime/com.xamarin.mono.android.PackageVersions
12-03 21:41:00.083  1789  1789 V AlarmManager: done {52a62d, *alarm*:android.intent.action.TIME_TICK} [83ms]
12-03 21:41:01.179  1789  1803 I ActivityManager: Force stopping SeniorenApp.SeniorenApp appid=10179 user=-1: uninstall pkg
12-03 21:41:01.497  1789  1814 W PackageManager: Couldn't remove dex file for package:  at location /data/app/SeniorenApp.SeniorenApp-1/base.apk, retcode=-1
12-03 21:41:01.498  1789  1814 I ActivityManager: Force stopping SeniorenApp.SeniorenApp appid=10179 user=0: pkg removed
12-03 21:41:01.714  1789  1803 I ActivityManager: Force stopping SeniorenApp.SeniorenApp appid=10179 user=-1: uninstall pkg
12-03 21:41:01.729  1789  1789 D JobSchedulerService: Receieved: android.intent.action.PACKAGE_REMOVED
12-03 21:41:01.745  1789  3724 I ActivityManager: Start proc 2380:com.android.keychain/1000 for broadcast com.android.keychain/.KeyChainBroadcastReceiver
12-03 21:41:01.788  2380  2380 W ContextImpl: Calling a method in the system process without a qualified user: android.app.ContextImpl.startService:1221 android.content.ContextWrapper.startService:581 android.content.ContextWrapper.startService:581 com.android.keychain.KeyChainBroadcastReceiver.onReceive:12 android.app.ActivityThread.handleReceiver:2743 
12-03 21:41:01.817  1789  3693 I ActivityManager: Start proc 2393:com.google.android.apps.docs/u0a63 for broadcast com.google.android.apps.docs/.receivers.AppPackageAddRemoveReceiver
12-03 21:41:01.838  1789  1814 I ActivityManager: Force stopping SeniorenApp.SeniorenApp appid=10179 user=0: pkg removed
12-03 21:41:01.949  1789  1789 D JobSchedulerService: Receieved: android.intent.action.PACKAGE_REMOVED
12-03 21:41:02.259   259   259 I SFPerfTracer:      triggers: (rate: 122:5313) (compose: 27:542) (post: 0:289) (render: 45:1036) (23:98658 frames) (24:128617)
12-03 21:41:02.259   259   259 D SFPerfTracer:        layers: (4:15) (FocusedStackFrame (0xb72cbae8): 0:2444)* (DimLayer (0xb72d2138): 0:41)* (StatusBar (0xb737c858): 0:24279) (com.android.systemui.ImageWallpaper (0xb7381520): 0:1841) (Sprite (0xb73946f0): 0:5514)* (Sprite (0xb731c918): 0:8642)* (Sprite (0xb738f648): 0:6584)* (Sprite (0xb7397788): 0:19673)* (Sprite (0xb7386000): 0:9610)* (NavigationBar (0xb737f798): 0:255) (DimLayer (0xb73afa20): 0:24)- (DimLayer (0xb7346f28): 0:2)- (com.android.systemui/com.android.systemui.recents.RecentsActivity (0xb73b4bc0): 0:51)- (com.google.android.googlequicksearchbox/com.google.android.launcher.GEL (0xb739c868): 24:39) 
12-03 21:41:02.396  1789  3692 I ActivityManager: Killing 2144:com.android.vending/u0a36 (adj 15): empty #7
12-03 21:41:02.512  1789  1799 I ActivityManager: Start proc 2440:com.motorola.motodisplay/u0a31 for broadcast com.motorola.motodisplay/.events.EventReceiver
12-03 21:41:02.665  1789  1800 I ActivityManager: Start proc 2460:com.android.vending/u0a36 for broadcast com.android.vending/com.google.android.finsky.receivers.PackageMonitorReceiver$RegisteredReceiver
