01-01 15:45:26.769  5631  5652 I Accessory: Connection - ReceiveData : called.
01-01 15:45:26.770  5631  5652 I Accessory: Connection - ReceiveData : _InputStream was not null.
01-01 15:45:26.775  5631  5652 D Mono    : DllImport searching in: '__Internal' ('(null)').
01-01 15:45:26.775  5631  5652 D Mono    : Searching for 'java_interop_jnienv_new_byte_array'.
01-01 15:45:26.775  5631  5652 D Mono    : Probing 'java_interop_jnienv_new_byte_array'.
01-01 15:45:26.775  5631  5652 D Mono    : Found as 'java_interop_jnienv_new_byte_array'.
01-01 15:45:26.780  5631  5652 D Mono    : DllImport searching in: '__Internal' ('(null)').
01-01 15:45:26.781  5631  5652 D Mono    : Searching for 'java_interop_jnienv_set_byte_array_region'.
01-01 15:45:26.781  5631  5652 D Mono    : Probing 'java_interop_jnienv_set_byte_array_region'.
01-01 15:45:26.791  5631  5652 D Mono    : Found as 'java_interop_jnienv_set_byte_array_region'.
01-01 15:45:26.799  5631  5652 D Mono    : DllImport searching in: '__Internal' ('(null)').
01-01 15:45:26.799  5631  5652 D Mono    : Searching for 'java_interop_jnienv_call_int_method_a'.
01-01 15:45:26.799  5631  5652 D Mono    : Probing 'java_interop_jnienv_call_int_method_a'.
01-01 15:45:26.799  5631  5652 D Mono    : Found as 'java_interop_jnienv_call_int_method_a'.
01-01 15:45:26.827  2355  2374 I ActivityManager: Displayed SeniorenApp.SeniorenApp/md52d8cfe7ac3036b092a2eec1a49cba7e5.MainActivity: +2s79ms
01-01 15:45:31.303  2355  2434 D WifiConfigStore: Retrieve network priorities after PNO.
01-01 15:45:31.579  2355  2423 D EventHub: No input device configuration file found for device ''.
01-01 15:45:31.579  2355  2423 I EventHub: New device: id=12, fd=9, path='/dev/input/event9', name='', classes=0x80000008, configuration='', keyLayout='', keyCharacterMap='', builtinKeyboard=false, wakeMechanism=EVIOCSSUSPENDBLOCK, usingClockIoctl=true
01-01 15:45:31.617  2355  2423 I InputReader: Device added: id=12, name='', sources=0x00002002
01-01 15:45:35.381  2355  2888 I MediaFocusControl:  AudioFocus  abandonAudioFocus() from android.media.AudioManager@7ce64c6com.cyanogenmod.eleven.MusicPlaybackService$3@cb96c87
01-01 15:45:35.512  2355  2888 I MediaFocusControl:  AudioFocus  abandonAudioFocus() from android.media.AudioManager@7ce64c6com.cyanogenmod.eleven.MusicPlaybackService$3@cb96c87
01-01 15:45:35.532  2355  2366 I ActivityManager: Killing 4692:com.android.dialer/u0a28 (adj 15): empty #17
01-01 15:45:35.625  2355  3941 D GraphicsStats: Buffer count: 3
01-01 15:45:35.648  2355  3313 D ActivityManager: cleanUpApplicationRecord -- 4692
01-01 15:45:40.807  2355  2423 I EventHub: Removing device '/dev/input/event9' due to inotify event
01-01 15:45:40.808  2355  2423 I EventHub: Removed device: path=/dev/input/event9 name= id=12 fd=9 classes=0x80000008
01-01 15:45:40.812  2355  2372 D UsbAlsaManager: ALSA device removed: AlsaDevice: [card: 1, device: 0, type: 1]
01-01 15:45:40.813  2355  2423 I InputReader: Device removed: id=12, name='', sources=0x00002002
01-01 15:45:40.886  2355  2372 D UsbAlsaManager: Adding ALSA device AlsaDevice: [card: 1, device: 0, type: 1]
01-01 15:45:40.952  5631  5652 D Mono    : DllImport searching in: '__Internal' ('(null)').
01-01 15:45:40.952  5631  5652 D Mono    : Searching for 'java_interop_jnienv_get_byte_array_region'.
01-01 15:45:40.952  5631  5652 D Mono    : Probing 'java_interop_jnienv_get_byte_array_region'.
01-01 15:45:40.952  5631  5652 D Mono    : Found as 'java_interop_jnienv_get_byte_array_region'.
01-01 15:45:41.052  5631  5652 E Accessory: read failed: EIO (I/O error)
01-01 15:45:41.052  5631  5652 I Accessory: Connection - ReceiveData : _InputStream was not null.
01-01 15:45:41.055  5631  5652 E Accessory: read failed: ENODEV (No such device)
01-01 15:45:41.055  5631  5652 I Accessory: Connection - ReceiveData : _InputStream was not null.
01-01 15:45:41.057  5631  5652 E Accessory: read failed: ENODEV (No such device)
01-01 15:45:41.057  5631  5652 I Accessory: Connection - ReceiveData : _InputStream was not null.
01-01 15:45:41.059  5631  5652 E Accessory: read failed: ENODEV (No such device)
01-01 15:45:41.059  5631  5652 I Accessory: Connection - ReceiveData : _InputStream was not null.
01-01 15:45:41.062  5631  5652 E Accessory: read failed: ENODEV (No such device)
01-01 15:45:41.062  5631  5652 I Accessory: Connection - ReceiveData : _InputStream was not null.
01-01 15:45:41.063  5631  5652 E Accessory: read failed: ENODEV (No such device)
01-01 15:45:41.064  5631  5652 I Accessory: Connection - ReceiveData : _InputStream was not null.
01-01 15:45:41.065  5631  5652 E Accessory: read failed: ENODEV (No such device)
01-01 15:45:41.065  5631  5652 I Accessory: Connection - ReceiveData : _InputStream was not null.
01-01 15:45:41.068  5631  5652 E Accessory: read failed: ENODEV (No such device)
01-01 15:45:41.068  5631  5652 I Accessory: Connection - ReceiveData : _InputStream was not null.
01-01 15:45:41.071  5631  5652 E Accessory: read failed: ENODEV (No such device)
01-01 15:45:41.071  5631  5652 I Accessory: Connection - ReceiveData : _InputStream was not null.
01-01 15:45:41.073  5631  5652 E Accessory: read failed: ENODEV (No such device)
01-01 15:45:41.073  5631  5652 I Accessory: Connection - ReceiveData : _InputStream was not null.
01-01 15:45:41.075  5631  5652 E Accessory: read failed: ENODEV (No such device)
01-01 15:45:41.075  5631  5652 I Accessory: Connection - ReceiveData : _InputStream was not null.
01-01 15:45:41.077  5631  5652 E Accessory: read failed: ENODEV (No such device)
01-01 15:45:41.077  5631  5652 I Accessory: Connection - ReceiveData : _InputStream was not null.
01-01 15:45:41.079  5631  5652 E Accessory: read failed: ENODEV (No such device)
01-01 15:45:41.079  5631  5652 I Accessory: Connection - ReceiveData : _InputStream was not null.
01-01 15:45:41.081  5631  5652 E Accessory: read failed: ENODEV (No such device)
01-01 15:45:41.081  5631  5652 I Accessory: Connection - ReceiveData : _InputStream was not null.
01-01 15:45:41.083  5631  5652 E Accessory: read failed: ENODEV (No such device)
01-01 15:45:41.083  5631  5652 I Accessory: Connection - ReceiveData : _InputStream was not null.
01-01 15:45:41.085  5631  5652 E Accessory: read failed: ENODEV (No such device)
01-01 15:45:41.085  5631  5652 I Accessory: Connection - ReceiveData : _InputStream was not null.
01-01 15:45:41.091  2355  2371 D UsbDeviceManager: exited USB accessory mode
01-01 15:45:41.091  2355  2371 I UsbDeviceManager: Setting USB config to mtp,adb
01-01 15:45:41.096  5631  5652 E Accessory: read failed: ENODEV (No such device)
01-01 15:45:41.096  5631  5652 I Accessory: Connection - ReceiveData : _InputStream was not null.
01-01 15:45:41.098  5631  5652 E Accessory: read failed: ENODEV (No such device)
01-01 15:45:41.098  5631  5652 I Accessory: Connection - ReceiveData : _InputStream was not null.
01-01 15:45:41.099  5631  5652 E Accessory: read failed: ENODEV (No such device)
01-01 15:45:41.100  5631  5652 I Accessory: Connection - ReceiveData : _InputStream was not null.
01-01 15:45:41.103  2355  2372 D UsbAlsaManager: ALSA device removed: AlsaDevice: [card: 1, device: 0, type: 1]
01-01 15:45:41.106  5631  5652 E Accessory: read failed: ENODEV (No such device)
01-01 15:45:41.106  5631  5652 I Accessory: Connection - ReceiveData : _InputStream was not null.
01-01 15:45:41.109  5631  5652 E Accessory: read failed: ENODEV (No such device)
01-01 15:45:41.109  5631  5652 I Accessory: Connection - ReceiveData : _InputStream was not null.
01-01 15:45:41.118  5631  5652 E Accessory: read failed: ENODEV (No such device)
01-01 15:45:41.119  5631  5652 I Accessory: Connection - ReceiveData : _InputStream was not null.
01-01 15:45:41.121  5631  5652 E Accessory: read failed: ENODEV (No such device)
01-01 15:45:41.121  5631  5652 I Accessory: Connection - ReceiveData : _InputStream was not null.
01-01 15:45:41.123  5631  5652 E Accessory: read failed: ENODEV (No such device)
01-01 15:45:41.123  5631  5652 I Accessory: Connection - ReceiveData : _InputStream was not null.
01-01 15:45:41.125  5631  5652 E Accessory: read failed: ENODEV (No such device)
01-01 15:45:41.125  5631  5652 I Accessory: Connection - ReceiveData : _InputStream was not null.
01-01 15:45:41.127  5631  5652 E Accessory: read failed: ENODEV (No such device)
01-01 15:45:41.127  5631  5652 I Accessory: Connection - ReceiveData : _InputStream was not null.
01-01 15:45:41.129  5631  5652 E Accessory: read failed: ENODEV (No such device)
01-01 15:45:41.129  5631  5652 I Accessory: Connection - ReceiveData : _InputStream was not null.
01-01 15:45:41.131  5631  5652 E Accessory: read failed: ENODEV (No such device)
01-01 15:45:41.131  5631  5652 I Accessory: Connection - ReceiveData : _InputStream was not null.
01-01 15:45:41.133  5631  5652 E Accessory: read failed: ENODEV (No such device)
01-01 15:45:41.133  5631  5652 I Accessory: Connection - ReceiveData : _InputStream was not null.
01-01 15:45:41.135  5631  5652 E Accessory: read failed: ENODEV (No such device)
01-01 15:45:41.135  5631  5652 I Accessory: Connection - ReceiveData : _InputStream was not null.
01-01 15:45:41.137  5631  5652 E Accessory: read failed: ENODEV (No such device)
01-01 15:45:41.137  5631  5652 I Accessory: Connection - ReceiveData : _InputStream was not null.
01-01 15:45:41.139  5631  5652 E Accessory: read failed: ENODEV (No such device)
01-01 15:45:41.139  5631  5652 I Accessory: Connection - ReceiveData : _InputStream was not null.
01-01 15:45:41.140  5631  5652 E Accessory: read failed: ENODEV (No such device)
01-01 15:45:41.140  5631  5652 I Accessory: Connection - ReceiveData : _InputStream was not null.
01-01 15:45:41.143  5631  5652 E Accessory: read failed: ENODEV (No such device)
01-01 15:45:41.153  5631  5652 I Accessory: Connection - ReceiveData : _InputStream was not null.
01-01 15:45:41.155  5631  5652 E Accessory: read failed: ENODEV (No such device)
01-01 15:45:41.155  5631  5652 I Accessory: Connection - ReceiveData : _InputStream was not null.
01-01 15:45:41.157  5631  5652 E Accessory: read failed: ENODEV (No such device)
01-01 15:45:41.157  5631  5652 I Accessory: Connection - ReceiveData : _InputStream was not null.
01-01 15:45:41.159  5631  5652 E Accessory: read failed: ENODEV (No such device)
01-01 15:45:41.159  5631  5652 I Accessory: Connection - ReceiveData : _InputStream was not null.
01-01 15:45:41.161  5631  5652 E Accessory: read failed: ENODEV (No such device)
01-01 15:45:41.161  5631  5652 I Accessory: Connection - ReceiveData : _InputStream was not null.
01-01 15:45:41.176  5631  5652 E Accessory: read failed: ENODEV (No such device)
01-01 15:45:41.176  5631  5652 I Accessory: Connection - ReceiveData : _InputStream was not null.
01-01 15:45:41.178  5631  5652 E Accessory: read failed: ENODEV (No such device)
01-01 15:45:41.178  5631  5652 I Accessory: Connection - ReceiveData : _InputStream was not null.
01-01 15:45:41.180  5631  5652 E Accessory: read failed: ENODEV (No such device)
01-01 15:45:41.180  5631  5652 I Accessory: Connection - ReceiveData : _InputStream was not null.
01-01 15:45:41.182  5631  5652 E Accessory: read failed: ENODEV (No such device)
01-01 15:45:41.182  5631  5652 I Accessory: Connection - ReceiveData : _InputStream was not null.
01-01 15:45:41.186  5631  5652 E Accessory: read failed: ENODEV (No such device)
01-01 15:45:41.186  5631  5652 I Accessory: Connection - ReceiveData : _InputStream was not null.
01-01 15:45:41.188  5631  5652 E Accessory: read failed: ENODEV (No such device)
01-01 15:45:41.188  5631  5652 I Accessory: Connection - ReceiveData : _InputStream was not null.
01-01 15:45:41.190  5631  5652 E Accessory: read failed: ENODEV (No such device)
01-01 15:45:41.190  5631  5652 I Accessory: Connection - ReceiveData : _InputStream was not null.
01-01 15:45:41.191  5631  5652 E Accessory: read failed: ENODEV (No such device)
01-01 15:45:41.192  5631  5652 I Accessory: Connection - ReceiveData : _InputStream was not null.
01-01 15:45:41.194  5631  5652 E Accessory: read failed: ENODEV (No such device)
01-01 15:45:41.194  5631  5652 I Accessory: Connection - ReceiveData : _InputStream was not null.
01-01 15:45:41.196  5631  5652 E Accessory: read failed: ENODEV (No such device)
01-01 15:45:41.196  5631  5652 I Accessory: Connection - ReceiveData : _InputStream was not null.
01-01 15:45:41.198  5631  5652 E Accessory: read failed: ENODEV (No such device)
01-01 15:45:41.198  5631  5652 I Accessory: Connection - ReceiveData : _InputStream was not null.
01-01 15:45:41.200  5631  5652 E Accessory: read failed: ENODEV (No such device)
01-01 15:45:41.200  5631  5652 I Accessory: Connection - ReceiveData : _InputStream was not null.
01-01 15:45:41.202  5631  5652 E Accessory: read failed: ENODEV (No such device)
01-01 15:45:41.202  5631  5652 I Accessory: Connection - ReceiveData : _InputStream was not null.
01-01 15:45:41.204  2355  2371 D AudioService: checkSendBecomingNoisyIntent update the noise
01-01 15:45:41.233  5631  5631 I Accessory: DisconnectReceiver - Constructor : DisconnectReceiver created.
01-01 15:45:41.246  5420  5420 E MediaPlayer-JNI: JNIMediaPlayerFactory: bIsQCMediaPlayerPresent 0
01-01 15:45:41.246  5420  5420 E MediaPlayer-JNI: JNIMediaPlayerFactory: bIsQCMediaPlayerPresent 0
01-01 15:45:41.257  5631  5631 I Accessory: DisconnectReceiver - OnReceive : called.
01-01 15:45:41.257  5631  5631 I Accessory: DisconnectReceiver - OnReceive : Intent was: android.hardware.usb.action.USB_ACCESSORY_DETACHED
01-01 15:45:41.258  5631  5631 I Accessory: USB - CloseUSBConnection : called.
01-01 15:45:41.259  5631  5631 I Accessory: Connection - CloseConnection : called.
01-01 15:45:41.275  5631  5652 E Accessory: read failed: ENODEV (No such device)
01-01 15:45:41.275  5631  5652 I Accessory: Connection - ReceiveData : _InputStream was not null.
01-01 15:45:41.275  5631  5652 I Accessory: Connection - ReceiveData : cancelled.
01-01 15:45:41.323  5631  5652 D Mono    : [0x58d09930] hill climbing, change max number of threads 2
01-01 15:45:41.470  5420  5420 W WakefulBroadcastReceiver: No active wake lock id #2
01-01 15:45:41.481  2355  2365 I art     : Background partial concurrent mark sweep GC freed 6416(579KB) AllocSpace objects, 4(80KB) LOS objects, 26% free, 11MB/15MB, paused 2.063ms total 149.382ms
01-01 15:45:42.207  1943  2291 D TinyALSA-Audio Hardware: audio_hw_set_parameters(0x401f4a38, card=1;device=0;disconnect=8192)++
01-01 15:45:42.207  1943  2291 D TinyALSA-Audio Hardware: audio_hw_set_parameters(0x401f4a38, card=1;device=0;disconnect=8192)-- (PARAMETER ERROR)
01-01 15:45:42.207  1943  2291 E bt_a2dp_hw: adev_set_parameters: ERROR: set param called even when stream out is null
01-01 15:45:42.255  2897  3172 D AudioFx-AudioOutputChangeListener: onAudioOutputChanged id: 2 type: 2 name: GT-I9100 address:  [android.media.AudioDeviceInfo@f18219d]
01-01 15:45:42.319  2536  2536 D MtpService: starting MTP server in MTP mode
01-01 15:45:46.313  2355  2434 D WifiConfigStore: Retrieve network priorities after PNO.
01-01 15:46:01.316  2355  2434 D WifiConfigStore: Retrieve network priorities after PNO.
01-01 15:46:16.318  2355  2434 D WifiConfigStore: Retrieve network priorities after PNO.
01-01 15:46:23.734  5631  5652 D Mono    : [0x58d09930] worker finishing
01-01 15:46:30.047  5631  5653 D Mono    : [0x58e0a930] worker finishing
01-01 15:46:31.328  2355  2434 D WifiConfigStore: Retrieve network priorities after PNO.
01-01 15:46:32.746  2355  2434 D WifiConfigStore: Retrieve network priorities after PNO.
01-01 15:46:46.335  2355  2434 D WifiConfigStore: Retrieve network priorities after PNO.
01-01 15:46:54.709  2355  2422 I ActivityManager: START u0 {act=android.intent.action.MAIN cat=[android.intent.category.HOME] flg=0x10200000 cmp=com.cyanogenmod.trebuchet/com.android.launcher3.Launcher (has extras)} from uid 1000 on display 0
01-01 15:46:54.819  5631  5631 I Accessory: MainActivity - OnPause : called.
01-01 15:46:54.820  5631  5631 I Accessory: MainActivity - IsActive : Set called. Value is now: False
01-01 15:46:55.001  5631  5631 I Accessory: MainActivity - OnStop : called.
01-01 15:46:55.002  5631  5631 I Accessory: MainActivity - IsActive : Set called. Value is now: False
01-01 15:46:55.427  2914  3054 W OpenGLRenderer: Incorrectly called buildLayer on View: ShortcutAndWidgetContainer, destroying layer...
01-01 15:46:55.427  2914  3054 W OpenGLRenderer: Incorrectly called buildLayer on View: ShortcutAndWidgetContainer, destroying layer...
01-01 15:46:58.110  5732  5732 D AndroidRuntime: >>>>>> START com.android.internal.os.RuntimeInit uid 2000 <<<<<<
01-01 15:46:58.117  5732  5732 D AndroidRuntime: CheckJNI is OFF
01-01 15:46:58.118  5732  5732 E cutils-trace: Error opening trace file: No such file or directory (2)
01-01 15:46:58.172  5732  5732 D ICU     : No timezone override file found: /data/misc/zoneinfo/current/icu/icu_tzdata.dat
01-01 15:46:58.247  5732  5732 E memtrack: Couldn't load memtrack module (No such file or directory)
01-01 15:46:58.247  5732  5732 E android.os.Debug: failed to load memtrack module: -2
01-01 15:46:58.255  5732  5732 I Radio-JNI: register_android_hardware_Radio DONE
01-01 15:46:58.271  5732  5732 D AndroidRuntime: Calling main entry com.android.commands.am.Am
01-01 15:46:58.281  5732  5732 D AndroidRuntime: Shutting down VM
01-01 15:46:59.143  5749  5749 D AndroidRuntime: >>>>>> START com.android.internal.os.RuntimeInit uid 2000 <<<<<<
01-01 15:46:59.150  5749  5749 D AndroidRuntime: CheckJNI is OFF
01-01 15:46:59.150  5749  5749 E cutils-trace: Error opening trace file: No such file or directory (2)
01-01 15:46:59.216  5749  5749 D ICU     : No timezone override file found: /data/misc/zoneinfo/current/icu/icu_tzdata.dat
01-01 15:46:59.249  5750  5750 D AndroidRuntime: >>>>>> START com.android.internal.os.RuntimeInit uid 2000 <<<<<<
01-01 15:46:59.255  5750  5750 D AndroidRuntime: CheckJNI is OFF
01-01 15:46:59.256  5750  5750 E cutils-trace: Error opening trace file: No such file or directory (2)
01-01 15:46:59.299  5749  5749 E memtrack: Couldn't load memtrack module (No such file or directory)
01-01 15:46:59.299  5749  5749 E android.os.Debug: failed to load memtrack module: -2
01-01 15:46:59.307  5749  5749 I Radio-JNI: register_android_hardware_Radio DONE
01-01 15:46:59.318  5750  5750 D ICU     : No timezone override file found: /data/misc/zoneinfo/current/icu/icu_tzdata.dat
01-01 15:46:59.326  5749  5749 D AndroidRuntime: Calling main entry com.android.commands.pm.Pm
01-01 15:46:59.333  2355  2369 I ActivityManager: Force stopping SeniorenApp.SeniorenApp appid=10073 user=-1: uninstall pkg
01-01 15:46:59.333  2355  2369 I ActivityManager: Killing 5631:SeniorenApp.SeniorenApp/u0a73 (adj 7): stop SeniorenApp.SeniorenApp
01-01 15:46:59.378  2355  2367 I WindowState: WIN DEATH: Window{2ab8e79 u0 SeniorenApp.SeniorenApp/md52d8cfe7ac3036b092a2eec1a49cba7e5.MainActivity}
01-01 15:46:59.399  2355  2369 D ActivityManager: cleanUpApplicationRecord -- 5631
01-01 15:46:59.400  2355  2369 I ActivityManager:   Force finishing activity ActivityRecord{2f3966a u0 SeniorenApp.SeniorenApp/md52d8cfe7ac3036b092a2eec1a49cba7e5.MainActivity t56}
01-01 15:46:59.403  2355  2366 W ActivityManager: Spurious death for ProcessRecord{dc3d615 0:SeniorenApp.SeniorenApp/u0a73}, curProc for 5631: null
01-01 15:46:59.423  5750  5750 E memtrack: Couldn't load memtrack module (No such file or directory)
01-01 15:46:59.423  5750  5750 E android.os.Debug: failed to load memtrack module: -2
01-01 15:46:59.431  5750  5750 I Radio-JNI: register_android_hardware_Radio DONE
01-01 15:46:59.446  2355  2379 I art     : Starting a blocking GC Explicit
01-01 15:46:59.450  5750  5750 D AndroidRuntime: Calling main entry com.android.commands.pm.Pm
01-01 15:46:59.508  2355  2379 I art     : Explicit concurrent mark sweep GC freed 17858(1484KB) AllocSpace objects, 10(336KB) LOS objects, 27% free, 10MB/14MB, paused 1.497ms total 58.483ms
01-01 15:46:59.516  2355  2379 W PackageManager: Couldn't remove dex file for package:  at location /data/app/SeniorenApp.SeniorenApp-1/base.apk, retcode=-1
01-01 15:46:59.518  2355  2379 I ActivityManager: Force stopping SeniorenApp.SeniorenApp appid=10073 user=0: pkg removed
01-01 15:46:59.518  5749  5749 I art     : System.exit called, status: 0
01-01 15:46:59.518  5749  5749 I AndroidRuntime: VM exiting with result code 0.
01-01 15:46:59.578  2355  2423 I InputReader: Reconfiguring input devices.  changes=0x00000010
01-01 15:46:59.581  2902  2902 D CarrierServiceBindHelper: Receive action: android.intent.action.PACKAGE_REMOVED
01-01 15:46:59.586  2902  2902 D CarrierServiceBindHelper: mHandler: 3
01-01 15:46:59.586  2902  2902 D CarrierConfigLoader: mHandler: 9 phoneId: 0
01-01 15:46:59.589  2355  2355 D JobSchedulerService: Receieved: android.intent.action.PACKAGE_REMOVED
01-01 15:46:59.593  5111  5111 W ContextImpl: Calling a method in the system process without a qualified user: android.app.ContextImpl.startService:1231 android.content.ContextWrapper.startService:587 android.content.ContextWrapper.startService:587 org.cyanogenmod.providers.datausage.DataUsageAppInstallReceiver.onReceive:47 android.app.ActivityThread.handleReceiver:2759 
01-01 15:46:59.613  5179  5193 D Documents: Update found 7 roots in 13ms
01-01 15:46:59.617  5133  5133 W ContextImpl: Calling a method in the system process without a qualified user: android.app.ContextImpl.startService:1231 android.content.ContextWrapper.startService:587 android.content.ContextWrapper.startService:587 com.android.keychain.KeyChainBroadcastReceiver.onReceive:12 android.app.ActivityThread.handleReceiver:2759 
01-01 15:46:59.618  2969  5769 D VoicemailCleanupService: Cleaning up data for package: SeniorenApp.SeniorenApp
01-01 15:46:59.622  5111  5768 V DataUsageAppInstallService: Removing SeniorenApp.SeniorenApp to DataUsage DB
01-01 15:46:59.625  2858  2993 I LatinIME:LogUtils: Dictionary info: dictionary = main:de ; version = 54 ; date = 1414726263
01-01 15:46:59.795  2355  2379 I art     : Starting a blocking GC Explicit
01-01 15:46:59.796  2355  2369 I ActivityManager: Force stopping SeniorenApp.SeniorenApp appid=10073 user=-1: uninstall pkg
01-01 15:46:59.852  5111  5111 W ContextImpl: Calling a method in the system process without a qualified user: android.app.ContextImpl.startService:1231 android.content.ContextWrapper.startService:587 android.content.ContextWrapper.startService:587 org.cyanogenmod.providers.datausage.DataUsageAppInstallReceiver.onReceive:47 android.app.ActivityThread.handleReceiver:2759 
01-01 15:46:59.877  2355  2368 W Searchables: No global search activity found
01-01 15:46:59.881  5111  5773 V DataUsageAppInstallService: Removing SeniorenApp.SeniorenApp to DataUsage DB
01-01 15:46:59.958  2355  2379 I art     : Explicit concurrent mark sweep GC freed 14980(1113KB) AllocSpace objects, 3(60KB) LOS objects, 27% free, 10MB/14MB, paused 1.592ms total 159.634ms
01-01 15:46:59.976  5750  5750 I art     : System.exit called, status: 0
01-01 15:46:59.976  5750  5750 I AndroidRuntime: VM exiting with result code 0.
01-01 15:46:59.997  2355  2379 I ActivityManager: Force stopping SeniorenApp.SeniorenApp appid=10073 user=0: pkg removed
01-01 15:47:00.095  2355  2423 I InputReader: Reconfiguring input devices.  changes=0x00000010
01-01 15:47:00.114  2902  2902 D CarrierServiceBindHelper: Receive action: android.intent.action.PACKAGE_REMOVED
01-01 15:47:00.118  2902  2902 D CarrierServiceBindHelper: mHandler: 3
01-01 15:47:00.118  2902  2902 D CarrierConfigLoader: mHandler: 9 phoneId: 0
01-01 15:47:00.119  2355  2355 D JobSchedulerService: Receieved: android.intent.action.PACKAGE_REMOVED
01-01 15:47:00.124  5179  5225 D Documents: Update found 7 roots in 58ms
01-01 15:47:00.130  5111  5111 W ContextImpl: Calling a method in the system process without a qualified user: android.app.ContextImpl.startService:1231 android.content.ContextWrapper.startService:587 android.content.ContextWrapper.startService:587 org.cyanogenmod.providers.datausage.DataUsageAppInstallReceiver.onReceive:47 android.app.ActivityThread.handleReceiver:2759 
01-01 15:47:00.163  2858  2993 I LatinIME:LogUtils: Dictionary info: dictionary = main:de ; version = 54 ; date = 1414726263
01-01 15:47:00.168  5133  5133 W ContextImpl: Calling a method in the system process without a qualified user: android.app.ContextImpl.startService:1231 android.content.ContextWrapper.startService:587 android.content.ContextWrapper.startService:587 com.android.keychain.KeyChainBroadcastReceiver.onReceive:12 android.app.ActivityThread.handleReceiver:2759 
01-01 15:47:00.196  5111  5779 V DataUsageAppInstallService: Removing SeniorenApp.SeniorenApp to DataUsage DB
01-01 15:47:00.200  2969  5780 D VoicemailCleanupService: Cleaning up data for package: SeniorenApp.SeniorenApp
01-01 15:47:00.201  5111  5111 W ContextImpl: Calling a method in the system process without a qualified user: android.app.ContextImpl.startService:1231 android.content.ContextWrapper.startService:587 android.content.ContextWrapper.startService:587 org.cyanogenmod.providers.datausage.DataUsageAppInstallReceiver.onReceive:47 android.app.ActivityThread.handleReceiver:2759 
01-01 15:47:00.241  5111  5779 V DataUsageAppInstallService: Removing SeniorenApp.SeniorenApp to DataUsage DB
01-01 15:47:00.338  2355  2368 W Searchables: No global search activity found
01-01 15:47:01.343  2355  2434 D WifiConfigStore: Retrieve network priorities after PNO.
01-01 15:47:01.475  5785  5785 D AndroidRuntime: >>>>>> START com.android.internal.os.RuntimeInit uid 2000 <<<<<<
01-01 15:47:01.482  5785  5785 D AndroidRuntime: CheckJNI is OFF
01-01 15:47:01.482  5785  5785 E cutils-trace: Error opening trace file: No such file or directory (2)
01-01 15:47:01.546  5785  5785 D ICU     : No timezone override file found: /data/misc/zoneinfo/current/icu/icu_tzdata.dat
01-01 15:47:01.626  5785  5785 E memtrack: Couldn't load memtrack module (No such file or directory)
01-01 15:47:01.626  5785  5785 E android.os.Debug: failed to load memtrack module: -2
01-01 15:47:01.634  5785  5785 I Radio-JNI: register_android_hardware_Radio DONE
01-01 15:47:01.652  5785  5785 D AndroidRuntime: Calling main entry com.android.commands.pm.Pm
01-01 15:47:01.671  5233  5244 D DefContainer: Copying /data/local/tmp/SeniorenApp.SeniorenApp-Signed.apk to base.apk
01-01 15:47:02.018  2355  2379 I PackageManager.DexOptimizer: Running dexopt (dex2oat) on: /data/app/vmdl1092138911.tmp/base.apk pkg=SeniorenApp.SeniorenApp isa=arm vmSafeMode=false debuggable=true oatDir = /data/app/vmdl1092138911.tmp/oat bootComplete=true
01-01 15:47:02.079  5794  5794 I dex2oat : /system/bin/dex2oat --debuggable
01-01 15:47:02.080  5794  5794 E cutils-trace: Error opening trace file: No such file or directory (2)
01-01 15:47:02.537  5794  5794 I dex2oat : dex2oat took 456.867ms (threads: 2) arena alloc=15KB java alloc=648KB native alloc=1791KB free=520KB
01-01 15:47:02.793  2355  2379 V BackupManagerService: restoreAtInstall pkg=SeniorenApp.SeniorenApp token=7 restoreSet=0
01-01 15:47:02.793  2355  2379 W BackupManagerService: Requested unavailable transport: com.google.android.gms/.backup.BackupTransportService
01-01 15:47:02.793  2355  2379 W BackupManagerService: No transport
01-01 15:47:02.793  2355  2379 V BackupManagerService: Finishing install immediately
01-01 15:47:02.796  2355  2379 W Settings: Setting install_non_market_apps has moved from android.provider.Settings.Global to android.provider.Settings.Secure, returning read-only value.
01-01 15:47:02.796  2355  2379 I art     : Starting a blocking GC Explicit
01-01 15:47:02.912  2355  2379 I art     : Explicit concurrent mark sweep GC freed 31042(2MB) AllocSpace objects, 7(140KB) LOS objects, 27% free, 10MB/14MB, paused 2.303ms total 115.492ms
01-01 15:47:02.917  5785  5785 I art     : System.exit called, status: 0
01-01 15:47:02.917  5785  5785 I AndroidRuntime: VM exiting with result code 0.
01-01 15:47:02.959  2355  2423 I InputReader: Reconfiguring input devices.  changes=0x00000010
01-01 15:47:02.993  2902  2902 D CarrierServiceBindHelper: Receive action: android.intent.action.PACKAGE_ADDED
01-01 15:47:02.993  2902  2902 D CarrierServiceBindHelper: mHandler: 3
01-01 15:47:02.994  2902  2902 D CarrierConfigLoader: mHandler: 9 phoneId: 0
01-01 15:47:03.008  5111  5111 W ContextImpl: Calling a method in the system process without a qualified user: android.app.ContextImpl.startService:1231 android.content.ContextWrapper.startService:587 android.content.ContextWrapper.startService:587 org.cyanogenmod.providers.datausage.DataUsageAppInstallReceiver.onReceive:47 android.app.ActivityThread.handleReceiver:2759 
01-01 15:47:03.037  5179  5251 D Documents: Update found 7 roots in 38ms
01-01 15:47:03.047  5111  5802 V DataUsageAppInstallService: Adding SeniorenApp.SeniorenApp to DataUsage DB
01-01 15:47:03.073  2355  2368 W Searchables: No global search activity found
01-01 15:47:03.077  2355  2368 W VoiceInteractionManagerService: no available voice recognition services found for user 0
01-01 15:47:04.238  5805  5805 D AndroidRuntime: >>>>>> START com.android.internal.os.RuntimeInit uid 2000 <<<<<<
01-01 15:47:04.246  5805  5805 D AndroidRuntime: CheckJNI is OFF
01-01 15:47:04.247  5805  5805 E cutils-trace: Error opening trace file: No such file or directory (2)
01-01 15:47:04.323  5805  5805 D ICU     : No timezone override file found: /data/misc/zoneinfo/current/icu/icu_tzdata.dat
01-01 15:47:04.400  5805  5805 E memtrack: Couldn't load memtrack module (No such file or directory)
01-01 15:47:04.400  5805  5805 E android.os.Debug: failed to load memtrack module: -2
01-01 15:47:04.407  5805  5805 I Radio-JNI: register_android_hardware_Radio DONE
01-01 15:47:04.426  5805  5805 D AndroidRuntime: Calling main entry com.android.commands.pm.Pm
01-01 15:47:04.435  5805  5805 I art     : System.exit called, status: 0
01-01 15:47:04.435  5805  5805 I AndroidRuntime: VM exiting with result code 0.
01-01 15:47:05.361  5821  5821 D AndroidRuntime: >>>>>> START com.android.internal.os.RuntimeInit uid 2000 <<<<<<
01-01 15:47:05.368  5821  5821 D AndroidRuntime: CheckJNI is OFF
01-01 15:47:05.368  5821  5821 E cutils-trace: Error opening trace file: No such file or directory (2)
01-01 15:47:05.427  5821  5821 D ICU     : No timezone override file found: /data/misc/zoneinfo/current/icu/icu_tzdata.dat
01-01 15:47:05.504  5821  5821 E memtrack: Couldn't load memtrack module (No such file or directory)
01-01 15:47:05.504  5821  5821 E android.os.Debug: failed to load memtrack module: -2
01-01 15:47:05.513  5821  5821 I Radio-JNI: register_android_hardware_Radio DONE
01-01 15:47:05.532  5821  5821 D AndroidRuntime: Calling main entry com.android.commands.am.Am
01-01 15:47:05.546  5821  5821 D AndroidRuntime: Shutting down VM
01-01 15:47:05.666  2572  2589 E sdcard  : *** NOTIFY FAILED *** 22
01-01 15:47:05.666  2572  2589 E sdcard  : *** NOTIFY FAILED *** 22
01-01 15:47:05.684  2572  2589 E sdcard  : *** NOTIFY FAILED *** 22
01-01 15:47:05.684  2572  2589 E sdcard  : *** NOTIFY FAILED *** 22
01-01 15:47:05.700  2572  2589 E sdcard  : *** NOTIFY FAILED *** 22
01-01 15:47:05.700  2572  2589 E sdcard  : *** NOTIFY FAILED *** 22
01-01 15:47:05.716  2572  2589 E sdcard  : *** NOTIFY FAILED *** 22
01-01 15:47:05.716  2572  2589 E sdcard  : *** NOTIFY FAILED *** 22
01-01 15:47:05.734  2572  2589 E sdcard  : *** NOTIFY FAILED *** 22
01-01 15:47:05.734  2572  2589 E sdcard  : *** NOTIFY FAILED *** 22
01-01 15:47:05.754  2572  2589 E sdcard  : *** NOTIFY FAILED *** 22
01-01 15:47:05.754  2572  2589 E sdcard  : *** NOTIFY FAILED *** 22
01-01 15:47:05.769  2572  2589 E sdcard  : *** NOTIFY FAILED *** 22
01-01 15:47:05.769  2572  2589 E sdcard  : *** NOTIFY FAILED *** 22
01-01 15:47:05.784  2572  2589 E sdcard  : *** NOTIFY FAILED *** 22
01-01 15:47:05.784  2572  2589 E sdcard  : *** NOTIFY FAILED *** 22
01-01 15:47:05.803  2572  2589 E sdcard  : *** NOTIFY FAILED *** 22
01-01 15:47:05.803  2572  2589 E sdcard  : *** NOTIFY FAILED *** 22
01-01 15:47:05.821  2572  2589 E sdcard  : *** NOTIFY FAILED *** 22
01-01 15:47:05.821  2572  2589 E sdcard  : *** NOTIFY FAILED *** 22
01-01 15:47:05.843  2572  2589 E sdcard  : *** NOTIFY FAILED *** 22
01-01 15:47:05.843  2572  2589 E sdcard  : *** NOTIFY FAILED *** 22
01-01 15:47:05.859  2572  2589 E sdcard  : *** NOTIFY FAILED *** 22
01-01 15:47:05.860  2572  2589 E sdcard  : *** NOTIFY FAILED *** 22
01-01 15:47:05.875  2572  2589 E sdcard  : *** NOTIFY FAILED *** 22
01-01 15:47:05.875  2572  2589 E sdcard  : *** NOTIFY FAILED *** 22
01-01 15:47:05.894  2572  2589 E sdcard  : *** NOTIFY FAILED *** 22
01-01 15:47:05.894  2572  2589 E sdcard  : *** NOTIFY FAILED *** 22
01-01 15:47:16.348  2355  2434 D WifiConfigStore: Retrieve network priorities after PNO.
01-01 15:47:24.894  2355  2371 I UsbDeviceManager: Setting USB config to accessory,audio_source,adb
01-01 15:47:24.952  2536  2536 D MtpService: starting MTP server in MTP mode
01-01 15:47:24.975  2355  2372 D UsbAlsaManager: Adding ALSA device AlsaDevice: [card: 1, device: 0, type: 1]
01-01 15:47:25.310  1943  1943 I AudioFlinger: openOutput(), module 6 Device 2000, SamplingRate 44100, Format 0x000001, Channels 3, flags 0
01-01 15:47:25.312  1943  1943 I AudioFlinger: AudioStreamOut::open(), mHalFormatIsLinearPcm = 1
01-01 15:47:25.312  1943  1943 I AudioFlinger: HAL output buffer size 448 frames, normal sink buffer size 896 frames
01-01 15:47:25.319  1943  5857 I AudioFlinger: AudioFlinger's thread 0x443e3008 ready to run
01-01 15:47:25.334  1943  1943 I AudioFlinger: HAL output buffer size 448 frames, normal sink buffer size 448 frames
01-01 15:47:25.344  1943  2291 D TinyALSA-Audio Hardware: audio_hw_set_parameters(0x401f4a38, card=1;connect=8192;device=0)++
01-01 15:47:25.344  1943  2291 D TinyALSA-Audio Hardware: audio_hw_set_parameters(0x401f4a38, card=1;connect=8192;device=0)-- (PARAMETER ERROR)
01-01 15:47:25.344  1943  2291 E bt_a2dp_hw: adev_set_parameters: ERROR: set param called even when stream out is null
01-01 15:47:25.347  2897  3172 D AudioFx-AudioOutputChangeListener: onAudioOutputChanged id: 17 type: 12 name: GT-I9100 address: card=1;device=0; [android.media.AudioDeviceInfo@b6d5910]
01-01 15:47:25.355  1943  5858 I AudioFlinger: AudioFlinger's thread 0x44435008 ready to run
01-01 15:47:25.972  2355  2371 D UsbDeviceManager: entering USB accessory mode: UsbAccessory[mManufacturer=h-ab.de, mModel=SeniorenApp, mDescription=SeniorenApp, mVersion=1.0, mUri=https://github.com/SeniorenApp/, mSerial=0000000012345678]
01-01 15:47:25.977  2355  2371 I ActivityManager: START u0 {flg=0x10000000 cmp=com.android.systemui/.usb.UsbConfirmActivity (has extras)} from uid 1000 on display 0
01-01 15:47:26.224  2355  2374 I ActivityManager: Displayed com.android.systemui/.usb.UsbConfirmActivity: +174ms
01-01 15:47:27.410  2355  2443 W AudioTrack: dead IAudioTrack, PCM, creating a new one from start()
01-01 15:47:27.418  1943  2292 W APM::AudioPolicyManager: releaseOutput() releasing unknown output 63
01-01 15:47:27.439  2355  2944 I ActivityManager: START u0 {act=android.hardware.usb.action.USB_ACCESSORY_ATTACHED flg=0x10000000 cmp=SeniorenApp.SeniorenApp/md52510c0d8b4676799bc05a9dd6bf1b686.MainActivity (has extras)} from uid 10026 on display 0
01-01 15:47:27.581  2355  2507 I ActivityManager: Start proc 5861:SeniorenApp.SeniorenApp/u0a73 for activity SeniorenApp.SeniorenApp/md52510c0d8b4676799bc05a9dd6bf1b686.MainActivity
01-01 15:47:27.620  5861  5861 I art     : Late-enabling -Xcheck:jni
01-01 15:47:27.727  2355  2365 I art     : Background partial concurrent mark sweep GC freed 15444(1596KB) AllocSpace objects, 9(196KB) LOS objects, 26% free, 10MB/14MB, paused 3.225ms total 204.986ms
01-01 15:47:27.758  2482  3015 D OpenGLRenderer: endAllStagingAnimators on 0x4c0e2230 (RippleDrawable) with handle 0x56e1deb8
01-01 15:47:27.792  5861  5861 W monodroid: Using override path: /data/user/0/SeniorenApp.SeniorenApp/files/.__override__
01-01 15:47:27.793  5861  5861 W monodroid: Using override path: /storage/2C01-1BE4/Android/data/SeniorenApp.SeniorenApp/files/.__override__
01-01 15:47:27.794  5861  5861 W monodroid: Trying to load sgen from: /data/user/0/SeniorenApp.SeniorenApp/files/.__override__/libmonosgen-2.0.so
01-01 15:47:27.794  5861  5861 W monodroid: Trying to load sgen from: /storage/2C01-1BE4/Android/data/SeniorenApp.SeniorenApp/files/.__override__/libmonosgen-2.0.so
01-01 15:47:27.794  5861  5861 W monodroid: Trying to load sgen from: /data/app/SeniorenApp.SeniorenApp-1/lib/arm/libmonosgen-2.0.so
01-01 15:47:27.794  5861  5861 W monodroid: Trying to load sgen from: /data/user/0/SeniorenApp.SeniorenApp/files/.__override__/links/libmonosgen-2.0.so
01-01 15:47:27.974  5861  5861 D Mono    : Image addref mscorlib[0x4375c470] -> mscorlib.dll[0x43759798]: 1
01-01 15:47:27.976  5861  5861 D Mono    : AOT module 'mscorlib.dll.so' not found: dlopen failed: library "/data/app/SeniorenApp.SeniorenApp-1/lib/arm/libaot-mscorlib.dll.so" not found
01-01 15:47:27.976  5861  5861 D Mono    : AOT module '/Users/builder/data/lanes/3511/77cb8568/source/monodroid/builds/install/mono-armv7/lib/mono/aot-cache/arm/mscorlib.dll.so' not found: dlopen failed: library "/data/app/SeniorenApp.SeniorenApp-1/lib/arm/libaot-mscorlib.dll.so" not found
01-01 15:47:27.976  5861  5861 D Mono    : Config attempting to parse: 'mscorlib.dll.config'.
01-01 15:47:27.976  5861  5861 D Mono    : Config attempting to parse: '/Users/builder/data/lanes/3511/77cb8568/source/monodroid/builds/install/mono-armv7/etc/mono/assemblies/mscorlib/mscorlib.config'.
01-01 15:47:28.029  5861  5861 D Mono    : Assembly mscorlib[0x4375c470] added to domain RootDomain, ref_count=1
01-01 15:47:28.029  5861  5861 D Mono    : Assembly Loader probing location: '/storage/2C01-1BE4/Android/data/SeniorenApp.SeniorenApp/files/.__override__/SeniorenApp.dll'.
01-01 15:47:28.030  5861  5861 D Mono    : Image addref SeniorenApp[0x43d88bd0] -> /storage/2C01-1BE4/Android/data/SeniorenApp.SeniorenApp/files/.__override__/SeniorenApp.dll[0x43d87ef8]: 2
01-01 15:47:28.030  5861  5861 D Mono    : Assembly SeniorenApp[0x43d88bd0] added to domain RootDomain, ref_count=1
01-01 15:47:28.034  5861  5861 D Mono    : AOT module '/storage/2C01-1BE4/Android/data/SeniorenApp.SeniorenApp/files/.__override__/SeniorenApp.dll.so' not found: dlopen failed: library "/data/app/SeniorenApp.SeniorenApp-1/lib/arm/libaot-SeniorenApp.dll.so" not found
01-01 15:47:28.035  5861  5861 D Mono    : AOT module '/Users/builder/data/lanes/3511/77cb8568/source/monodroid/builds/install/mono-armv7/lib/mono/aot-cache/arm/SeniorenApp.dll.so' not found: dlopen failed: library "/data/app/SeniorenApp.SeniorenApp-1/lib/arm/libaot-SeniorenApp.dll.so" not found
01-01 15:47:28.035  5861  5861 D Mono    : Assembly Loader loaded assembly from location: '/storage/2C01-1BE4/Android/data/SeniorenApp.SeniorenApp/files/.__override__/SeniorenApp.dll'.
01-01 15:47:28.035  5861  5861 D Mono    : Config attempting to parse: '/storage/2C01-1BE4/Android/data/SeniorenApp.SeniorenApp/files/.__override__/SeniorenApp.dll.config'.
01-01 15:47:28.036  5861  5861 D Mono    : Config attempting to parse: '/Users/builder/data/lanes/3511/77cb8568/source/monodroid/builds/install/mono-armv7/etc/mono/assemblies/SeniorenApp/SeniorenApp.config'.
01-01 15:47:28.036  5861  5861 D Mono    : Assembly Loader probing location: '/storage/2C01-1BE4/Android/data/SeniorenApp.SeniorenApp/files/.__override__/Mono.Android.Export.dll'.
01-01 15:47:28.037  5861  5861 D Mono    : Image addref Mono.Android.Export[0x43d89998] -> /storage/2C01-1BE4/Android/data/SeniorenApp.SeniorenApp/files/.__override__/Mono.Android.Export.dll[0x43d88ce8]: 2
01-01 15:47:28.037  5861  5861 D Mono    : Assembly Mono.Android.Export[0x43d89998] added to domain RootDomain, ref_count=1
01-01 15:47:28.040  5861  5861 D Mono    : AOT module '/storage/2C01-1BE4/Android/data/SeniorenApp.SeniorenApp/files/.__override__/Mono.Android.Export.dll.so' not found: dlopen failed: library "/data/app/SeniorenApp.SeniorenApp-1/lib/arm/libaot-Mono.Android.Export.dll.so" not found
01-01 15:47:28.041  5861  5861 D Mono    : AOT module '/Users/builder/data/lanes/3511/77cb8568/source/monodroid/builds/install/mono-armv7/lib/mono/aot-cache/arm/Mono.Android.Export.dll.so' not found: dlopen failed: library "/data/app/SeniorenApp.SeniorenApp-1/lib/arm/libaot-Mono.Android.Export.dll.so" not found
01-01 15:47:28.041  5861  5861 D Mono    : Assembly Loader loaded assembly from location: '/storage/2C01-1BE4/Android/data/SeniorenApp.SeniorenApp/files/.__override__/Mono.Android.Export.dll'.
01-01 15:47:28.041  5861  5861 D Mono    : Config attempting to parse: '/storage/2C01-1BE4/Android/data/SeniorenApp.SeniorenApp/files/.__override__/Mono.Android.Export.dll.config'.
01-01 15:47:28.042  5861  5861 D Mono    : Config attempting to parse: '/Users/builder/data/lanes/3511/77cb8568/source/monodroid/builds/install/mono-armv7/etc/mono/assemblies/Mono.Android.Export/Mono.Android.Export.config'.
01-01 15:47:28.042  5861  5861 D Mono    : Assembly Loader probing location: '/storage/2C01-1BE4/Android/data/SeniorenApp.SeniorenApp/files/.__override__/System.Threading.dll'.
01-01 15:47:28.042  5861  5861 D Mono    : Image addref System.Threading[0x43d8a740] -> /storage/2C01-1BE4/Android/data/SeniorenApp.SeniorenApp/files/.__override__/System.Threading.dll[0x43d89ac0]: 2
01-01 15:47:28.042  5861  5861 D Mono    : Assembly System.Threading[0x43d8a740] added to domain RootDomain, ref_count=1
01-01 15:47:28.044  5861  5861 D Mono    : AOT module '/storage/2C01-1BE4/Android/data/SeniorenApp.SeniorenApp/files/.__override__/System.Threading.dll.so' not found: dlopen failed: library "/data/app/SeniorenApp.SeniorenApp-1/lib/arm/libaot-System.Threading.dll.so" not found
01-01 15:47:28.044  5861  5861 D Mono    : AOT module '/Users/builder/data/lanes/3511/77cb8568/source/monodroid/builds/install/mono-armv7/lib/mono/aot-cache/arm/System.Threading.dll.so' not found: dlopen failed: library "/data/app/SeniorenApp.SeniorenApp-1/lib/arm/libaot-System.Threading.dll.so" not found
01-01 15:47:28.044  5861  5861 D Mono    : Assembly Loader loaded assembly from location: '/storage/2C01-1BE4/Android/data/SeniorenApp.SeniorenApp/files/.__override__/System.Threading.dll'.
01-01 15:47:28.044  5861  5861 D Mono    : Config attempting to parse: '/storage/2C01-1BE4/Android/data/SeniorenApp.SeniorenApp/files/.__override__/System.Threading.dll.config'.
01-01 15:47:28.045  5861  5861 D Mono    : Config attempting to parse: '/Users/builder/data/lanes/3511/77cb8568/source/monodroid/builds/install/mono-armv7/etc/mono/assemblies/System.Threading/System.Threading.config'.
01-01 15:47:28.045  5861  5861 D Mono    : Assembly Loader probing location: '/storage/2C01-1BE4/Android/data/SeniorenApp.SeniorenApp/files/.__override__/System.Runtime.dll'.
01-01 15:47:28.046  5861  5861 D Mono    : Image addref System.Runtime[0x43d8b4e0] -> /storage/2C01-1BE4/Android/data/SeniorenApp.SeniorenApp/files/.__override__/System.Runtime.dll[0x43d8a878]: 2
01-01 15:47:28.046  5861  5861 D Mono    : Assembly System.Runtime[0x43d8b4e0] added to domain RootDomain, ref_count=1
01-01 15:47:28.047  5861  5861 D Mono    : AOT module '/storage/2C01-1BE4/Android/data/SeniorenApp.SeniorenApp/files/.__override__/System.Runtime.dll.so' not found: dlopen failed: library "/data/app/SeniorenApp.SeniorenApp-1/lib/arm/libaot-System.Runtime.dll.so" not found
01-01 15:47:28.048  5861  5861 D Mono    : AOT module '/Users/builder/data/lanes/3511/77cb8568/source/monodroid/builds/install/mono-armv7/lib/mono/aot-cache/arm/System.Runtime.dll.so' not found: dlopen failed: library "/data/app/SeniorenApp.SeniorenApp-1/lib/arm/libaot-System.Runtime.dll.so" not found
01-01 15:47:28.048  5861  5861 D Mono    : Assembly Loader loaded assembly from location: '/storage/2C01-1BE4/Android/data/SeniorenApp.SeniorenApp/files/.__override__/System.Runtime.dll'.
01-01 15:47:28.048  5861  5861 D Mono    : Config attempting to parse: '/storage/2C01-1BE4/Android/data/SeniorenApp.SeniorenApp/files/.__override__/System.Runtime.dll.config'.
01-01 15:47:28.050  5861  5861 D Mono    : Config attempting to parse: '/Users/builder/data/lanes/3511/77cb8568/source/monodroid/builds/install/mono-armv7/etc/mono/assemblies/System.Runtime/System.Runtime.config'.
01-01 15:47:28.051  5861  5861 D Mono    : Assembly Loader probing location: '/storage/2C01-1BE4/Android/data/SeniorenApp.SeniorenApp/files/.__override__/System.Collections.dll'.
01-01 15:47:28.052  5861  5861 D Mono    : Image addref System.Collections[0x42e524b0] -> /storage/2C01-1BE4/Android/data/SeniorenApp.SeniorenApp/files/.__override__/System.Collections.dll[0x43d8b648]: 2
01-01 15:47:28.052  5861  5861 D Mono    : Assembly System.Collections[0x42e524b0] added to domain RootDomain, ref_count=1
01-01 15:47:28.054  5861  5861 D Mono    : AOT module '/storage/2C01-1BE4/Android/data/SeniorenApp.SeniorenApp/files/.__override__/System.Collections.dll.so' not found: dlopen failed: library "/data/app/SeniorenApp.SeniorenApp-1/lib/arm/libaot-System.Collections.dll.so" not found
01-01 15:47:28.055  5861  5861 D Mono    : AOT module '/Users/builder/data/lanes/3511/77cb8568/source/monodroid/builds/install/mono-armv7/lib/mono/aot-cache/arm/System.Collections.dll.so' not found: dlopen failed: library "/data/app/SeniorenApp.SeniorenApp-1/lib/arm/libaot-System.Collections.dll.so" not found
01-01 15:47:28.055  5861  5861 D Mono    : Assembly Loader loaded assembly from location: '/storage/2C01-1BE4/Android/data/SeniorenApp.SeniorenApp/files/.__override__/System.Collections.dll'.
01-01 15:47:28.055  5861  5861 D Mono    : Config attempting to parse: '/storage/2C01-1BE4/Android/data/SeniorenApp.SeniorenApp/files/.__override__/System.Collections.dll.config'.
01-01 15:47:28.056  5861  5861 D Mono    : Config attempting to parse: '/Users/builder/data/lanes/3511/77cb8568/source/monodroid/builds/install/mono-armv7/etc/mono/assemblies/System.Collections/System.Collections.config'.
01-01 15:47:28.056  5861  5861 D Mono    : Assembly Loader probing location: '/storage/2C01-1BE4/Android/data/SeniorenApp.SeniorenApp/files/.__override__/System.Collections.Concurrent.dll'.
01-01 15:47:28.057  5861  5861 D Mono    : Image addref System.Collections.Concurrent[0x430f30e0] -> /storage/2C01-1BE4/Android/data/SeniorenApp.SeniorenApp/files/.__override__/System.Collections.Concurrent.dll[0x42e527a0]: 2
01-01 15:47:28.057  5861  5861 D Mono    : Assembly System.Collections.Concurrent[0x430f30e0] added to domain RootDomain, ref_count=1
01-01 15:47:28.058  5861  5861 D Mono    : AOT module '/storage/2C01-1BE4/Android/data/SeniorenApp.SeniorenApp/files/.__override__/System.Collections.Concurrent.dll.so' not found: dlopen failed: library "/data/app/SeniorenApp.SeniorenApp-1/lib/arm/libaot-System.Collections.Concurrent.dll.so" not found
01-01 15:47:28.059  5861  5861 D Mono    : AOT module '/Users/builder/data/lanes/3511/77cb8568/source/monodroid/builds/install/mono-armv7/lib/mono/aot-cache/arm/System.Collections.Concurrent.dll.so' not found: dlopen failed: library "/data/app/SeniorenApp.SeniorenApp-1/lib/arm/libaot-System.Collections.Concurrent.dll.so" not found
01-01 15:47:28.059  5861  5861 D Mono    : Assembly Loader loaded assembly from location: '/storage/2C01-1BE4/Android/data/SeniorenApp.SeniorenApp/files/.__override__/System.Collections.Concurrent.dll'.
01-01 15:47:28.059  5861  5861 D Mono    : Config attempting to parse: '/storage/2C01-1BE4/Android/data/SeniorenApp.SeniorenApp/files/.__override__/System.Collections.Concurrent.dll.config'.
01-01 15:47:28.059  5861  5861 D Mono    : Config attempting to parse: '/Users/builder/data/lanes/3511/77cb8568/source/monodroid/builds/install/mono-armv7/etc/mono/assemblies/System.Collections.Concurrent/System.Collections.Concurrent.config'.
01-01 15:47:28.059  5861  5861 D Mono    : Assembly Loader probing location: '/storage/2C01-1BE4/Android/data/SeniorenApp.SeniorenApp/files/.__override__/System.Diagnostics.Debug.dll'.
01-01 15:47:28.060  5861  5861 D Mono    : Image addref System.Diagnostics.Debug[0x430f3e68] -> /storage/2C01-1BE4/Android/data/SeniorenApp.SeniorenApp/files/.__override__/System.Diagnostics.Debug.dll[0x430f31c0]: 2
01-01 15:47:28.060  5861  5861 D Mono    : Assembly System.Diagnostics.Debug[0x430f3e68] added to domain RootDomain, ref_count=1
01-01 15:47:28.062  5861  5861 D Mono    : AOT module '/storage/2C01-1BE4/Android/data/SeniorenApp.SeniorenApp/files/.__override__/System.Diagnostics.Debug.dll.so' not found: dlopen failed: library "/data/app/SeniorenApp.SeniorenApp-1/lib/arm/libaot-System.Diagnostics.Debug.dll.so" not found
01-01 15:47:28.062  5861  5861 D Mono    : AOT module '/Users/builder/data/lanes/3511/77cb8568/source/monodroid/builds/install/mono-armv7/lib/mono/aot-cache/arm/System.Diagnostics.Debug.dll.so' not found: dlopen failed: library "/data/app/SeniorenApp.SeniorenApp-1/lib/arm/libaot-System.Diagnostics.Debug.dll.so" not found
01-01 15:47:28.062  5861  5861 D Mono    : Assembly Loader loaded assembly from location: '/storage/2C01-1BE4/Android/data/SeniorenApp.SeniorenApp/files/.__override__/System.Diagnostics.Debug.dll'.
01-01 15:47:28.062  5861  5861 D Mono    : Config attempting to parse: '/storage/2C01-1BE4/Android/data/SeniorenApp.SeniorenApp/files/.__override__/System.Diagnostics.Debug.dll.config'.
