12-03 19:27:08.275  1789  1805 D UsbDeviceManager: entering USB accessory mode: UsbAccessory[mManufacturer=h-ab.de, mModel=SeniorenApp, mDescription=SeniorenApp, mVersion=1.0, mUri=https://github.com/SeniorenApp/, mSerial=0000000012345678]
12-03 19:27:08.277  1789  1805 I ActivityManager: START u0 {flg=0x10000000 cmp=com.android.systemui/.usb.UsbConfirmActivity (has extras)} from uid 1000 on display 0
12-03 19:27:08.409  1789  1808 I LaunchCheckinHandler: Displayed com.android.systemui/.usb.UsbConfirmActivity,wp,ca,117
12-03 19:27:08.680   259   708 I SFPerfTracer:      triggers: (rate: 0:2) (0 sw vsyncs) (0 skipped) (10:86421 vsyncs) (12:115361)
12-03 19:27:09.138  1789  3724 I ActivityManager: START u0 {act=android.hardware.usb.action.USB_ACCESSORY_ATTACHED flg=0x10000000 cmp=SeniorenApp.SeniorenApp/md53b38d95917044f4b1995493654d83207.MainActivity (has extras)} from uid 10045 on display 0
12-03 19:27:09.176  1789  8868 I ActivityManager: Start proc 19356:SeniorenApp.SeniorenApp/u0a179 for activity SeniorenApp.SeniorenApp/md53b38d95917044f4b1995493654d83207.MainActivity
12-03 19:27:10.536  1789  1808 I LaunchCheckinHandler: Displayed SeniorenApp.SeniorenApp/md53b38d95917044f4b1995493654d83207.MainActivity,cp,ca,1373
12-03 19:27:10.565   259   259 I SFPerfTracer:      triggers: (rate: 118:4773) (compose: 24:487) (post: 0:261) (render: 40:928) (1:89429 frames) (2:113901)
12-03 19:27:10.565   259   259 D SFPerfTracer:        layers: (3:17) (FocusedStackFrame (0xb72cbae8): 1:1928)* (DimLayer (0xb72d2138): 0:41)* (StatusBar (0xb737c858): 0:19850) (com.android.systemui.ImageWallpaper (0xb7381520): 0:1591)* (Sprite (0xb73946f0): 0:5514)* (Sprite (0xb731c918): 0:8642)* (Sprite (0xb738f648): 0:3867)* (Sprite (0xb7397788): 0:18437)* (Sprite (0xb7386000): 0:9610)* (NavigationBar (0xb73481f0): 0:581) (com.google.android.googlequicksearchbox/com.google.android.launcher.GEL (0xb7346f28): 0:38)- (DimLayer (0xb73b1450): 0:22)* (DimLayer (0xb737f798): 0:2)* (com.android.systemui/com.android.systemui.usb.UsbConfirmActivity (0xb73b4238): 0:32)- (Starting SeniorenApp.SeniorenApp (0xb738cdc0): 1:31) (SeniorenApp.SeniorenApp/md53b38d95917044f4b1995493654d83207.MainActivity (0xb7346f28): 2:3)* 
12-03 19:27:10.585  1789  3692 I ActivityManager: Killing 19230:com.motorola.motodisplay/u0a31 (adj 15): empty #7
12-03 19:27:10.816  1789  2956 D ConnectivityService: notifyType CAP_CHANGED for NetworkAgentInfo [WIFI () - 105]
12-03 19:27:17.623  1789  1803 I ActivityManager: Start proc 19379:android.process.acore/u0a8 for broadcast com.android.providers.contacts/.PackageIntentReceiver
12-03 19:27:17.714  1789  3510 I ActivityManager: Killing 19269:Mono.Android.DebugRuntime/u0a119 (adj 15): empty #7
12-03 19:27:19.229  1789  2902 V AlarmManager: sending alarm {f662c3e type 3 *alarm*:send_events}
12-03 19:27:19.237  1789  1789 V AlarmManager: done {f662c3e, *alarm*:send_events} [8ms]
12-03 19:27:19.858  1789  2956 D ConnectivityService: notifyType CAP_CHANGED for NetworkAgentInfo [WIFI () - 105]
12-03 19:27:22.492  1789  1803 I ActivityManager: Waited long enough for: ServiceRecord{6ace35d u0 com.motorola.groundloopnoisepreventer/.SilenceService}
12-03 19:27:23.401  1789  1806 D UsbAlsaManager: ALSA device removed: AlsaDevice: [card: 1, device: 0, type: 1]
12-03 19:27:23.425  1789  1806 D UsbAlsaManager: Adding ALSA device AlsaDevice: [card: 1, device: 0, type: 1]
12-03 19:27:23.480  1789  1805 D UsbDeviceManager: exited USB accessory mode
12-03 19:27:23.481  1789  1805 I UsbDeviceManager: Setting USB config to mtp,adb
12-03 19:27:23.483  1789  1806 D UsbAlsaManager: ALSA device removed: AlsaDevice: [card: 1, device: 0, type: 1]
12-03 19:27:23.579  1789  1805 I BatteryStatsImpl: Resetting battery stats: level=100 status=5 dischargeLevel=100 lowAmount=0 highAmount=0
12-03 19:27:23.662  1789  1789 I EntropyMixer: Writing entropy...
12-03 19:27:38.682  1789  1803 I ActivityManager: Waited long enough for: ServiceRecord{27291bb u0 com.motorola.groundloopnoisepreventer/.SilenceService}
12-03 19:27:53.038  1789  2956 D ConnectivityService: notifyType CAP_CHANGED for NetworkAgentInfo [WIFI () - 105]
12-03 19:28:00.001  1789  2902 V AlarmManager: sending alarm {52a62d type 3 *alarm*:android.intent.action.TIME_TICK}
12-03 19:28:00.003  1789  2902 V AlarmManager: sending alarm {2cefd84 type 1 *alarm*:com.droid27.tcw.ACTION_TIME_TICK}
12-03 19:28:00.036  1789  1789 V AlarmManager: done {2cefd84, *alarm*:com.droid27.tcw.ACTION_TIME_TICK} [36ms]
12-03 19:28:00.074  1789  1789 V AlarmManager: done {52a62d, *alarm*:android.intent.action.TIME_TICK} [74ms]
12-03 19:28:08.167  1789  2956 D ConnectivityService: notifyType CAP_CHANGED for NetworkAgentInfo [WIFI () - 105]
12-03 19:28:14.037   309  1753 E NetlinkEvent: NetlinkEvent::FindParam(): Parameter 'UID' not found
12-03 19:28:26.306  1789  2956 D ConnectivityService: notifyType CAP_CHANGED for NetworkAgentInfo [WIFI () - 105]
12-03 19:28:29.047   309  1753 E NetlinkEvent: NetlinkEvent::FindParam(): Parameter 'UID' not found
12-03 19:28:35.384  1789  2956 D ConnectivityService: notifyType CAP_CHANGED for NetworkAgentInfo [WIFI () - 105]
12-03 19:28:35.417   259   708 I SFPerfTracer:      triggers: (rate: 0:2) (0 sw vsyncs) (0 skipped) (0:86468 vsyncs) (1:115462)
12-03 19:28:38.415  1789  2956 D ConnectivityService: notifyType CAP_CHANGED for NetworkAgentInfo [WIFI () - 105]
12-03 19:29:00.001  1789  2902 V AlarmManager: sending alarm {52a62d type 3 *alarm*:android.intent.action.TIME_TICK}
12-03 19:29:00.003  1789  2902 V AlarmManager: sending alarm {2cefd84 type 1 *alarm*:com.droid27.tcw.ACTION_TIME_TICK}
12-03 19:29:00.042  1789  1789 V AlarmManager: done {2cefd84, *alarm*:com.droid27.tcw.ACTION_TIME_TICK} [42ms]
12-03 19:29:00.066  1789  1789 V AlarmManager: done {52a62d, *alarm*:android.intent.action.TIME_TICK} [66ms]
12-03 19:29:08.650  1789  2956 D ConnectivityService: notifyType CAP_CHANGED for NetworkAgentInfo [WIFI () - 105]
12-03 19:29:24.660  1789  1811 I PowerManagerService: Going to sleep due to screen timeout (uid 1000)...
12-03 19:29:25.212  1789  1808 I DisplayManagerService: Display device changed state: "Integriertes Display", OFF
12-03 19:29:25.395   259   259 I SFPerfTracer:      triggers: (rate: 118:4773) (compose: 24:487) (post: 0:261) (render: 40:928) (27:89473 frames) (28:114003)
12-03 19:29:25.395   259   259 D SFPerfTracer:        layers: (1:16) (FocusedStackFrame (0xb72cbae8): 0:1929)* (DimLayer (0xb72d2138): 0:41)* (StatusBar (0xb737c858): 0:19884)* (com.android.systemui.ImageWallpaper (0xb7381520): 0:1591)* (Sprite (0xb73946f0): 0:5514)* (Sprite (0xb731c918): 0:8642)* (Sprite (0xb738f648): 0:3867)* (Sprite (0xb7397788): 0:18437)* (Sprite (0xb7386000): 0:9610)* (NavigationBar (0xb73481f0): 0:581)* (DimLayer (0xb73b1450): 0:22)* (DimLayer (0xb737f798): 0:2)* (Starting SeniorenApp.SeniorenApp (0xb738cdc0): 0:42)- (SeniorenApp.SeniorenApp/md53b38d95917044f4b1995493654d83207.MainActivity (0xb7346f28): 0:5)* (ColorFade (0xb739c868): 28:29) 
12-03 19:29:25.398  1789  1811 I DreamManagerService: Entering dreamland.
12-03 19:29:25.398  1789  1811 I PowerManagerService: Dozing...
12-03 19:29:25.398  1789  1805 I DreamController: Starting dream: name=ComponentInfo{com.motorola.motodisplay/com.motorola.motodisplay.DozeService}, isTest=false, canDoze=true, userId=0
12-03 19:29:25.410  1789  1805 I ActivityManager: Start proc 19501:com.motorola.motodisplay/u0a31 for service com.motorola.motodisplay/.DozeService
12-03 19:29:25.548  1789  1803 I ActivityManager: Start proc 19516:com.android.settings/1000 for broadcast com.android.settings/com.motorola.settings.notification.HiddenListenerSettingsReceiver
12-03 19:29:25.555  1789  1789 V NotificationListeners: enabling notification listener for user 0: ComponentInfo{com.motorola.motodisplay/com.motorola.motodisplay.MDNotificationListenerService}
12-03 19:29:25.605 19516 19516 W ContextImpl: Calling a method in the system process without a qualified user: android.app.ContextImpl.startService:1221 android.content.ContextWrapper.startService:581 android.content.ContextWrapper.startService:581 com.motorola.settings.notification.HiddenListenerSettingsReceiver.onReceive:35 android.app.ActivityThread.handleReceiver:2743 
12-03 19:29:25.620  1789  3018 I ActivityManager: Killing 19328:com.motorola.genie/u0a21 (adj 13): empty #7
12-03 19:29:29.668  1789  2902 V AlarmManager: sending alarm {8f5ebed type 2 *walarm*:com.android.internal.policy.impl.PhoneWindowManager.DELAYED_KEYGUARD}
12-03 19:29:29.675  1789  2902 V AlarmManager: sending alarm {8aabe31 type 3 *alarm*:com.android.server.action.NETWORK_STATS_POLL}
12-03 19:29:29.678  1789  1789 V AlarmManager: done {8f5ebed, *walarm*:com.android.internal.policy.impl.PhoneWindowManager.DELAYED_KEYGUARD} [11ms]
12-03 19:29:29.714  1789  1789 V AlarmManager: done {8aabe31, *alarm*:com.android.server.action.NETWORK_STATS_POLL} [47ms]
12-03 19:29:29.751  3011  3011 D StatusBarKeyguardViewManager: showKeyguard, but hide Bouncer
12-03 19:29:50.334  1789  1808 I DisplayManagerService: Display device changed state: "Integriertes Display", DOZE
12-03 19:29:50.862   259   259 I SFPerfTracer:      triggers: (rate: 118:4775) (compose: 24:487) (post: 0:262) (render: 40:928) (12:89487 frames) (13:114025)
12-03 19:29:50.863   259   259 D SFPerfTracer:        layers: (1:16) (FocusedStackFrame (0xb72cbae8): 0:1930)* (DimLayer (0xb72d2138): 0:41)* (StatusBar (0xb737c858): 3:19890)* (com.android.systemui.ImageWallpaper (0xb7381520): 0:1591)* (Sprite (0xb73946f0): 0:5514)* (Sprite (0xb731c918): 0:8642)* (Sprite (0xb738f648): 0:3867)* (Sprite (0xb7397788): 0:18437)* (Sprite (0xb7386000): 0:9610)* (NavigationBar (0xb73481f0): 0:581)- (DimLayer (0xb73b1450): 0:22)* (DimLayer (0xb737f798): 0:2)* (SeniorenApp.SeniorenApp/md53b38d95917044f4b1995493654d83207.MainActivity (0xb7346f28): 1:8)* (ColorFade (0xb739c868): 0:30)- ( (0xb738d290): 13:17) 
12-03 19:29:51.300  1789  2902 V AlarmManager: sending alarm {7959857 type 2 *walarm*:com.motorola.slpc.ALARM_MODALITY}
12-03 19:29:51.308  1789  1789 V AlarmManager: done {7959857, *walarm*:com.motorola.slpc.ALARM_MODALITY} [7ms]
12-03 19:29:53.516  1789  1808 I DisplayManagerService: Display device changed state: "Integriertes Display", OFF
12-03 19:29:53.544   259   708 I SFPerfTracer:      triggers: (rate: 0:2) (0 sw vsyncs) (0 skipped) (41:86549 vsyncs) (43:115579)
12-03 19:29:55.492  1789  2902 V AlarmManager: sending alarm {45e5df1 type 2 *walarm*:com.google.android.intent.action.SEND_IDLE}
12-03 19:29:55.496  1789  1789 V AlarmManager: done {45e5df1, *walarm*:com.google.android.intent.action.SEND_IDLE} [5ms]
12-03 19:29:55.498   309  1753 E NetlinkEvent: NetlinkEvent::FindParam(): Parameter 'UID' not found
12-03 19:30:10.567   309  1753 E NetlinkEvent: NetlinkEvent::FindParam(): Parameter 'UID' not found
12-03 19:30:19.003  1789  2902 V AlarmManager: sending alarm {52a62d type 3 *alarm*:android.intent.action.TIME_TICK}
12-03 19:30:19.004  1789  2902 V AlarmManager: sending alarm {a499a28 type 2 *walarm*:android.content.syncmanager.SYNC_ALARM}
12-03 19:30:19.005  1789  2902 V AlarmManager: sending alarm {2cefd84 type 1 *alarm*:com.droid27.tcw.ACTION_TIME_TICK}
12-03 19:30:19.020  1789  1789 V AlarmManager: done {a499a28, *walarm*:android.content.syncmanager.SYNC_ALARM} [18ms]
12-03 19:30:19.055  1789  1789 V AlarmManager: done {2cefd84, *alarm*:com.droid27.tcw.ACTION_TIME_TICK} [53ms]
12-03 19:30:19.129  1789  1789 V AlarmManager: done {52a62d, *alarm*:android.intent.action.TIME_TICK} [127ms]
12-03 19:30:19.221  1789  1802 I ActivityManager: Start proc 19557:com.whatsapp/u0a114 for service com.whatsapp/.contact.sync.ContactsSyncAdapterService
12-03 19:30:19.729   309  1753 E NetlinkEvent: NetlinkEvent::FindParam(): Parameter 'UID' not found
12-03 19:30:22.599  1789  5592 I PowerManagerService: Waking up from dozing (uid 10031)...
12-03 19:30:22.602  1789  8867 I DreamManagerService: Leaving dreamland.
12-03 19:30:22.603  1789  1805 I DreamController: Stopping dream: name=ComponentInfo{com.motorola.motodisplay/com.motorola.motodisplay.DozeService}, isTest=false, canDoze=true, userId=0
12-03 19:30:22.608  1789  1808 I DisplayManagerService: Display device changed state: "Integriertes Display", ON
12-03 19:30:22.665  1789  2956 D ConnectivityService: notifyType CAP_CHANGED for NetworkAgentInfo [WIFI () - 105]
12-03 19:30:24.458   259   259 I SFPerfTracer:      triggers: (rate: 118:4776) (compose: 24:487) (post: 0:262) (render: 40:928) (15:89588 frames) (16:114139)
12-03 19:30:24.458   259   259 D SFPerfTracer:        layers: (4:15) (FocusedStackFrame (0xb72cbae8): 0:1930)* (DimLayer (0xb72d2138): 0:41)* (StatusBar (0xb737c858): 15:19948) (com.android.systemui.ImageWallpaper (0xb7381520): 0:1593) (Sprite (0xb73946f0): 0:5514)* (Sprite (0xb731c918): 0:8642)* (Sprite (0xb738f648): 0:3867)* (Sprite (0xb7397788): 13:18470) (Sprite (0xb7386000): 0:9610)* (DimLayer (0xb73b1450): 0:22)* (DimLayer (0xb737f798): 0:2)* (SeniorenApp.SeniorenApp/md53b38d95917044f4b1995493654d83207.MainActivity (0xb7346f28): 0:9)* ( (0xb738d290): 0:61)- (NavigationBar (0xb739c868): 0:18) 
12-03 19:30:26.021   259   708 I SFPerfTracer:      triggers: (rate: 0:2) (0 sw vsyncs) (0 skipped) (108:86704 vsyncs) (110:115744)
12-03 19:30:26.022  1789  2705 W InputMethodManagerService: Window already focused, ignoring focus gain of: com.android.internal.view.IInputMethodClient$Stub$Proxy@3dcf651 attribute=android.view.inputmethod.EditorInfo@bc7beb6, token = android.os.BinderProxy@b025471
12-03 19:30:26.058 19516 19516 W ContextImpl: Calling a method in the system process without a qualified user: android.app.ContextImpl.startService:1221 android.content.ContextWrapper.startService:581 android.content.ContextWrapper.startService:581 com.motorola.settings.notification.HiddenListenerSettingsReceiver.onReceive:35 android.app.ActivityThread.handleReceiver:2743 
12-03 19:30:26.068  1789  1789 V NotificationListeners: disabling notification listener for user 0: ComponentInfo{com.motorola.motodisplay/com.motorola.motodisplay.MDNotificationListenerService}
12-03 19:30:26.322   259   259 I SFPerfTracer:       trigger: render     (37.840 ms)	(12.840 ms off for 5 triggers)	(5 triggers)	(6 renders)
12-03 19:30:26.323   259   259 I SFPerfTracer:      triggers: (rate: 118:4782) (compose: 24:489) (post: 0:263) (render: 41:933) (5:89678 frames) (6:114241)
12-03 19:30:26.323   259   259 D SFPerfTracer:        layers: (5:14) (FocusedStackFrame (0xb72cbae8): 0:1932)* (DimLayer (0xb72d2138): 0:41)* (StatusBar (0xb737c858): 6:20049) (com.android.systemui.ImageWallpaper (0xb7381520): 6:1600) (Sprite (0xb73946f0): 0:5514)* (Sprite (0xb731c918): 0:8642)* (Sprite (0xb738f648): 0:3895)* (Sprite (0xb7397788): 0:18505)* (Sprite (0xb7386000): 0:9610)* (DimLayer (0xb73b1450): 0:22)* (DimLayer (0xb737f798): 0:3) (SeniorenApp.SeniorenApp/md53b38d95917044f4b1995493654d83207.MainActivity (0xb7346f28): 6:18) (NavigationBar (0xb739c868): 6:25) 
12-03 19:30:26.784   259   259 I SFPerfTracer:      triggers: (rate: 118:4784) (compose: 24:489) (post: 0:263) (render: 41:934) (16:89698 frames) (17:114264)
12-03 19:30:26.785   259   259 D SFPerfTracer:        layers: (3:14) (FocusedStackFrame (0xb72cbae8): 0:1932)* (DimLayer (0xb72d2138): 0:41)* (StatusBar (0xb737c858): 3:20055) (com.android.systemui.ImageWallpaper (0xb7381520): 1:1603)* (Sprite (0xb73946f0): 0:5514)* (Sprite (0xb731c918): 0:8642)* (Sprite (0xb738f648): 0:3895)* (Sprite (0xb7397788): 0:18505)* (Sprite (0xb7386000): 0:9610)* (DimLayer (0xb73b1450): 0:22)* (DimLayer (0xb737f798): 0:4)* (SeniorenApp.SeniorenApp/md53b38d95917044f4b1995493654d83207.MainActivity (0xb7346f28): 0:24) (NavigationBar (0xb739c868): 14:40) 
12-03 19:30:26.968  1789  2916 I ActivityManager: START u0 {act=android.intent.action.MAIN cat=[android.intent.category.HOME] flg=0x10200000 cmp=com.google.android.googlequicksearchbox/com.google.android.launcher.GEL (has extras)} from uid 1000 on display 0
12-03 19:30:26.968  1789  2916 I ActivityManager: moveHomeStack, setupComplete:true
12-03 19:30:27.143  1789  1808 I LaunchCheckinHandler: Displayed com.google.android.googlequicksearchbox/com.google.android.launcher.GEL,wp,wa,175
12-03 19:30:27.585  1789  1799 I ActivityManager: START u0 {act=com.android.systemui.recents.SHOW_RECENTS flg=0x10804000 cmp=com.android.systemui/.recents.RecentsActivity} from uid 10045 on display 0
12-03 19:30:27.665  1789  1808 I LaunchCheckinHandler: Displayed com.android.systemui/.recents.RecentsActivity,wp,wa,80
12-03 19:30:28.304   259   708 I SFPerfTracer:      triggers: (rate: 0:2) (0 sw vsyncs) (0 skipped) (78:86808 vsyncs) (80:115861)
12-03 19:30:28.340  1789  5592 I ActivityManager: START u0 {act=android.intent.action.MAIN cat=[android.intent.category.HOME] flg=0x10200000 cmp=com.google.android.googlequicksearchbox/com.google.android.launcher.GEL} from uid 10045 on display 0
12-03 19:30:28.357  1789  5399 I ActivityManager: Killing 19356:SeniorenApp.SeniorenApp/u0a179 (adj 9): remove task
12-03 19:30:28.415  1789  2706 I WindowState: WIN DEATH: Window{61e9256 u0 SeniorenApp.SeniorenApp/md53b38d95917044f4b1995493654d83207.MainActivity}
12-03 19:30:28.505  1789  1808 I LaunchCheckinHandler: Displayed com.google.android.googlequicksearchbox/com.google.android.launcher.GEL,wp,wa,165
12-03 19:30:28.774   259   259 I SFPerfTracer:      triggers: (rate: 118:4785) (compose: 24:491) (post: 0:263) (render: 41:938) (1:89769 frames) (2:114365)
12-03 19:30:28.774   259   259 D SFPerfTracer:        layers: (4:17) (FocusedStackFrame (0xb72cbae8): 0:1938)* (DimLayer (0xb72d2138): 0:41)* (StatusBar (0xb737c858): 0:20077) (com.android.systemui.ImageWallpaper (0xb7381520): 0:1606) (Sprite (0xb73946f0): 0:5514)* (Sprite (0xb731c918): 0:8642)* (Sprite (0xb738f648): 0:3935)* (Sprite (0xb7397788): 0:18505)* (Sprite (0xb7386000): 0:9610)* (DimLayer (0xb73b1450): 0:22)- (DimLayer (0xb737f798): 0:4)- (SeniorenApp.SeniorenApp/md53b38d95917044f4b1995493654d83207.MainActivity (0xb7346f28): 0:52)- (NavigationBar (0xb739c868): 0:99) (com.google.android.googlequicksearchbox/com.google.android.launcher.GEL (0xb73481f0): 0:17)- (com.android.systemui/com.android.systemui.recents.RecentsActivity (0xb7346f28): 0:51)- (com.google.android.googlequicksearchbox/com.google.android.launcher.GEL (0xb73481f0): 1:12) 
12-03 19:30:31.715  1789  2956 D ConnectivityService: notifyType CAP_CHANGED for NetworkAgentInfo [WIFI () - 105]
12-03 19:30:32.465  1789  1803 I ActivityManager: Start proc 19674:Mono.Android.DebugRuntime/u0a119 for broadcast Mono.Android.DebugRuntime/com.xamarin.mono.android.PackageVersions
12-03 19:30:34.735  1789  2956 D ConnectivityService: notifyType CAP_CHANGED for NetworkAgentInfo [WIFI () - 105]
12-03 19:30:35.339  1789  1803 I ActivityManager: Waited long enough for: ServiceRecord{fffaec7 u0 com.whatsapp/.messaging.MessageService}
12-03 19:30:37.757  1789  2956 D ConnectivityService: notifyType CAP_CHANGED for NetworkAgentInfo [WIFI () - 105]
12-03 19:30:41.045   309  1753 E NetlinkEvent: NetlinkEvent::FindParam(): Parameter 'UID' not found
12-03 19:30:41.050  1789  5593 I ActivityManager: Killing 19063:com.android.vending/u0a36 (adj 15): empty #7
12-03 19:30:49.833  1789  2956 D ConnectivityService: notifyType CAP_CHANGED for NetworkAgentInfo [WIFI () - 105]
12-03 19:30:59.999  1789  2902 V AlarmManager: sending alarm {52a62d type 3 *alarm*:android.intent.action.TIME_TICK}
12-03 19:31:00.001  1789  2902 V AlarmManager: sending alarm {354d9ce type 3 *alarm*:com.whatsapp.action.HOURLY_CRON}
12-03 19:31:00.003  1789  2902 V AlarmManager: sending alarm {8d1b0ef type 3 *alarm*:com.whatsapp.action.UPDATE_NTP}
12-03 19:31:00.006  1789  2902 V AlarmManager: sending alarm {2cefd84 type 1 *alarm*:com.droid27.tcw.ACTION_TIME_TICK}
12-03 19:31:00.025  1789  1789 V AlarmManager: done {354d9ce, *alarm*:com.whatsapp.action.HOURLY_CRON} [26ms]
12-03 19:31:00.039  1789  1789 V AlarmManager: done {8d1b0ef, *alarm*:com.whatsapp.action.UPDATE_NTP} [39ms]
12-03 19:31:00.062  1789  1789 V AlarmManager: done {52a62d, *alarm*:android.intent.action.TIME_TICK} [63ms]
12-03 19:31:00.072  1789  1789 V AlarmManager: done {2cefd84, *alarm*:com.droid27.tcw.ACTION_TIME_TICK} [66ms]
12-03 19:31:00.245   309  1753 E NetlinkEvent: NetlinkEvent::FindParam(): Parameter 'UID' not found
12-03 19:31:10.556  1789  1805 I UsbDeviceManager: Setting USB config to accessory,audio_source,adb
12-03 19:31:10.668  1789  1806 D UsbAlsaManager: Adding ALSA device AlsaDevice: [card: 1, device: 0, type: 1]
12-03 19:31:10.673  1789  1806 D UsbAlsaManager: ALSA device removed: AlsaDevice: [card: 1, device: 0, type: 1]
12-03 19:31:10.684  1789  1806 D UsbAlsaManager: Adding ALSA device AlsaDevice: [card: 1, device: 0, type: 1]
12-03 19:31:10.733  1789  1805 I BatteryStatsImpl: Resetting battery stats: level=100 status=5 dischargeLevel=100 lowAmount=0 highAmount=0
12-03 19:31:10.769  1789  1800 I ActivityManager: Start proc 19749:com.motorola.genie/u0a21 for broadcast com.motorola.genie/.prefetch.PowerStatusReceiver
12-03 19:31:10.771  1789  3724 I ActivityManager: Killing 19379:android.process.acore/u0a8 (adj 15): empty #7
12-03 19:31:10.842  1789  1789 I EntropyMixer: Writing entropy...
12-03 19:31:10.970  1789  1799 W BroadcastQueue: Permission Denial: broadcasting Intent { act=com.motorola.cce.Actions.CCE_SEND_SETTINGS flg=0x10 (has extras) } from com.motorola.genie (pid=19749, uid=10021) is not exported from uid 10000 due to receiver com.motorola.ccc.checkin/com.motorola.blur.service.blur.SharedSettingsReceiver
12-03 19:31:10.973  1789  4628 W BroadcastQueue: Permission Denial: broadcasting Intent { act=com.motorola.cce.Actions.CCE_SEND_SETTINGS flg=0x10 (has extras) } from com.motorola.genie (pid=19749, uid=10021) is not exported from uid 10000 due to receiver com.motorola.ccc.notification/com.motorola.blur.service.blur.SharedSettingsReceiver
12-03 19:31:10.973  1789  1803 W BroadcastQueue: Permission Denial: broadcasting Intent { act=com.motorola.cce.Actions.CCE_SEND_SETTINGS flg=0x10 (has extras) } from com.motorola.genie (pid=19749, uid=10021) is not exported from uid 10027 due to receiver com.motorola.MotGallery2/com.motorola.blur.service.blur.SharedSettingsReceiver
12-03 19:31:12.115  1789  1805 D UsbDeviceManager: entering USB accessory mode: UsbAccessory[mManufacturer=h-ab.de, mModel=SeniorenApp, mDescription=SeniorenApp, mVersion=1.0, mUri=https://github.com/SeniorenApp/, mSerial=0000000012345678]
12-03 19:31:12.128  1789  1805 I ActivityManager: START u0 {flg=0x10000000 cmp=com.android.systemui/.usb.UsbConfirmActivity (has extras)} from uid 1000 on display 0
12-03 19:31:12.233  1789  1808 I LaunchCheckinHandler: Displayed com.android.systemui/.usb.UsbConfirmActivity,wp,ca,87
12-03 19:31:12.901  1789  2705 I ActivityManager: START u0 {act=android.hardware.usb.action.USB_ACCESSORY_ATTACHED flg=0x10000000 cmp=SeniorenApp.SeniorenApp/md53b38d95917044f4b1995493654d83207.MainActivity (has extras)} from uid 10045 on display 0
12-03 19:31:12.943  1789  8867 I ActivityManager: Start proc 19806:SeniorenApp.SeniorenApp/u0a179 for activity SeniorenApp.SeniorenApp/md53b38d95917044f4b1995493654d83207.MainActivity
12-03 19:31:13.439   259   708 I SFPerfTracer:      triggers: (rate: 0:2) (0 sw vsyncs) (0 skipped) (36:86876 vsyncs) (38:115977)
12-03 19:31:14.052  1789  3724 I ActivityManager: Killing 19516:com.android.settings/1000 (adj 15): empty #7
12-03 19:31:14.478  1789  1808 I LaunchCheckinHandler: Displayed SeniorenApp.SeniorenApp/md53b38d95917044f4b1995493654d83207.MainActivity,cp,ca,1553
12-03 19:31:14.541   259   259 I SFPerfTracer:      triggers: (rate: 118:4788) (compose: 24:491) (post: 0:263) (render: 41:938) (0:89812 frames) (1:114465)
12-03 19:31:14.541   259   259 D SFPerfTracer:        layers: (4:17) (FocusedStackFrame (0xb72cbae8): 0:1946)* (DimLayer (0xb72d2138): 0:41)* (StatusBar (0xb737c858): 0:20115) (com.android.systemui.ImageWallpaper (0xb7381520): 0:1607)* (Sprite (0xb73946f0): 0:5514)* (Sprite (0xb731c918): 0:8642)* (Sprite (0xb738f648): 0:3949)* (Sprite (0xb7397788): 0:18505)* (Sprite (0xb7386000): 0:9610)* (NavigationBar (0xb739c868): 0:112) (com.google.android.googlequicksearchbox/com.google.android.launcher.GEL (0xb73481f0): 0:14)- (DimLayer (0xb7346f28): 0:22)* (DimLayer (0xb73b0fa0): 0:2)* (com.android.systemui/com.android.systemui.usb.UsbConfirmActivity (0xb737fe88): 0:34)- (Starting SeniorenApp.SeniorenApp (0xb73b2ff0): 1:30) (SeniorenApp.SeniorenApp/md53b38d95917044f4b1995493654d83207.MainActivity (0xb737fe88): 0:4) 
12-03 19:31:15.325   309  1753 E NetlinkEvent: NetlinkEvent::FindParam(): Parameter 'UID' not found
12-03 19:31:21.040  1789  1803 I ActivityManager: Start proc 19829:android.process.acore/u0a8 for broadcast com.android.providers.contacts/.PackageIntentReceiver
12-03 19:31:21.148  1789  4628 I ActivityManager: Killing 19501:com.motorola.motodisplay/u0a31 (adj 15): empty #7
12-03 19:31:21.264  1789  3693 I ActivityManager: Start proc 19848:com.android.vending/u0a36 for broadcast com.android.vending/com.google.android.finsky.receivers.PackageMonitorReceiver$RegisteredReceiver
12-03 19:31:21.352  1789  2706 I ActivityManager: Start proc 19868:com.google.process.gapps/u0a17 for content provider com.google.android.gsf/.gservices.GservicesProvider
12-03 19:31:22.999  1789  2902 V AlarmManager: sending alarm {6788b42 type 2 *walarm*:com.whatsapp.messaging.h.CLIENT_PINGER_ACTION}
12-03 19:31:23.001  1789  2902 V AlarmManager: sending alarm {2cd9753 type 3 *alarm*:send_events}
12-03 19:31:23.007  1789  1789 V AlarmManager: done {2cd9753, *alarm*:send_events} [9ms]
12-03 19:31:23.008  1789  1789 V AlarmManager: done {6788b42, *walarm*:com.whatsapp.messaging.h.CLIENT_PINGER_ACTION} [9ms]
12-03 19:31:23.034   309  1753 E NetlinkEvent: NetlinkEvent::FindParam(): Parameter 'UID' not found
12-03 19:31:25.929  1789  1803 I ActivityManager: Waited long enough for: ServiceRecord{5faefba u0 com.motorola.groundloopnoisepreventer/.SilenceService}
12-03 19:31:31.753  1789  1806 D UsbAlsaManager: ALSA device removed: AlsaDevice: [card: 1, device: 0, type: 1]
12-03 19:31:31.785  1789  1806 D UsbAlsaManager: Adding ALSA device AlsaDevice: [card: 1, device: 0, type: 1]
12-03 19:31:31.831  1789  1805 D UsbDeviceManager: exited USB accessory mode
12-03 19:31:31.831  1789  1805 I UsbDeviceManager: Setting USB config to mtp,adb
12-03 19:31:31.835  1789  1806 D UsbAlsaManager: ALSA device removed: AlsaDevice: [card: 1, device: 0, type: 1]
12-03 19:31:31.961  1789  1805 I BatteryStatsImpl: Resetting battery stats: level=100 status=5 dischargeLevel=100 lowAmount=0 highAmount=0
12-03 19:31:31.970  1789  3019 I ActivityManager: Killing 19674:Mono.Android.DebugRuntime/u0a119 (adj 15): empty #7
12-03 19:31:32.095  1789  1789 I EntropyMixer: Writing entropy...
12-03 19:31:35.118  1789  2956 D ConnectivityService: notifyType CAP_CHANGED for NetworkAgentInfo [WIFI () - 105]
12-03 19:31:38.405   309  1753 E NetlinkEvent: NetlinkEvent::FindParam(): Parameter 'UID' not found
12-03 19:31:42.233  1789  5399 I ActivityManager: Killing 19303:com.droid27.transparentclockweather/u0a113 (adj 15): empty #7
12-03 19:31:44.174  1789  2956 D ConnectivityService: notifyType CAP_CHANGED for NetworkAgentInfo [WIFI () - 105]
12-03 19:31:47.111  1789  1803 I ActivityManager: Waited long enough for: ServiceRecord{769fdbc u0 com.motorola.groundloopnoisepreventer/.SilenceService}
12-03 19:31:53.235  1789  2956 D ConnectivityService: notifyType CAP_CHANGED for NetworkAgentInfo [WIFI () - 105]
12-03 19:32:00.002  1789  2902 V AlarmManager: sending alarm {52a62d type 3 *alarm*:android.intent.action.TIME_TICK}
12-03 19:32:00.003  1789  2902 V AlarmManager: sending alarm {2cefd84 type 1 *alarm*:com.droid27.tcw.ACTION_TIME_TICK}
12-03 19:32:00.021  1789  1803 I ActivityManager: Start proc 19953:com.droid27.transparentclockweather/u0a113 for broadcast com.droid27.transparentclockweather/.Widget_2x1
12-03 19:32:00.099  1789  1789 V AlarmManager: done {52a62d, *alarm*:android.intent.action.TIME_TICK} [98ms]
12-03 19:32:00.142  1789  1789 V AlarmManager: done {2cefd84, *alarm*:com.droid27.tcw.ACTION_TIME_TICK} [141ms]
12-03 19:32:17.417  1789  2956 D ConnectivityService: notifyType CAP_CHANGED for NetworkAgentInfo [WIFI () - 105]
12-03 19:32:20.445  1789  2956 D ConnectivityService: notifyType CAP_CHANGED for NetworkAgentInfo [WIFI () - 105]
12-03 19:32:23.996   309  1753 E NetlinkEvent: NetlinkEvent::FindParam(): Parameter 'UID' not found
12-03 19:32:24.001  1789  8868 I ActivityManager: Killing 19868:com.google.process.gapps/u0a17 (adj 15): empty #7
12-03 19:32:32.541  1789  2956 D ConnectivityService: notifyType CAP_CHANGED for NetworkAgentInfo [WIFI () - 105]
12-03 19:32:39.046   309  1753 E NetlinkEvent: NetlinkEvent::FindParam(): Parameter 'UID' not found
12-03 19:32:41.615  1789  2956 D ConnectivityService: notifyType CAP_CHANGED for NetworkAgentInfo [WIFI () - 105]
12-03 19:32:50.690  1789  2956 D ConnectivityService: updateNetworkScore for NetworkAgentInfo [WIFI () - 105] to 56
12-03 19:32:56.736  1789  2956 D ConnectivityService: updateNetworkScore for NetworkAgentInfo [WIFI () - 105] to 60
12-03 19:33:00.001  1789  2902 V AlarmManager: sending alarm {52a62d type 3 *alarm*:android.intent.action.TIME_TICK}
12-03 19:33:00.003  1789  2902 V AlarmManager: sending alarm {2cefd84 type 1 *alarm*:com.droid27.tcw.ACTION_TIME_TICK}
12-03 19:33:00.043  1789  1789 V AlarmManager: done {2cefd84, *alarm*:com.droid27.tcw.ACTION_TIME_TICK} [43ms]
12-03 19:33:00.070  1789  1789 V AlarmManager: done {52a62d, *alarm*:android.intent.action.TIME_TICK} [69ms]
12-03 19:33:33.091  1789  1811 I PowerManagerService: Going to sleep due to screen timeout (uid 1000)...
12-03 19:33:33.649  1789  1808 I DisplayManagerService: Display device changed state: "Integriertes Display", OFF
12-03 19:33:33.664   259   708 I SFPerfTracer:      triggers: (rate: 0:2) (0 sw vsyncs) (0 skipped) (26:86914 vsyncs) (28:116087)
12-03 19:33:33.835   259   259 I SFPerfTracer:      triggers: (rate: 118:4790) (compose: 24:491) (post: 0:263) (render: 41:938) (27:89858 frames) (28:114568)
12-03 19:33:33.835   259   259 D SFPerfTracer:        layers: (1:16) (FocusedStackFrame (0xb72cbae8): 0:1947)* (DimLayer (0xb72d2138): 0:41)* (StatusBar (0xb737c858): 0:20152)* (com.android.systemui.ImageWallpaper (0xb7381520): 0:1607)* (Sprite (0xb73946f0): 0:5514)* (Sprite (0xb731c918): 0:8642)* (Sprite (0xb738f648): 0:3949)* (Sprite (0xb7397788): 0:18505)* (Sprite (0xb7386000): 0:9610)* (NavigationBar (0xb739c868): 0:112)* (DimLayer (0xb7346f28): 0:22)* (DimLayer (0xb73b0fa0): 0:2)* (Starting SeniorenApp.SeniorenApp (0xb73b2ff0): 0:39)- (SeniorenApp.SeniorenApp/md53b38d95917044f4b1995493654d83207.MainActivity (0xb737fe88): 0:6)* (ColorFade (0xb73481f0): 28:29) 
12-03 19:33:33.842  1789  1811 I DreamManagerService: Entering dreamland.
12-03 19:33:33.843  1789  1811 I PowerManagerService: Dozing...
12-03 19:33:33.844  1789  1805 I DreamController: Starting dream: name=ComponentInfo{com.motorola.motodisplay/com.motorola.motodisplay.DozeService}, isTest=false, canDoze=true, userId=0
12-03 19:33:33.867  1789  1805 I ActivityManager: Start proc 19993:com.motorola.motodisplay/u0a31 for service com.motorola.motodisplay/.DozeService
12-03 19:33:34.012  1789  1803 I ActivityManager: Start proc 20008:com.android.settings/1000 for broadcast com.android.settings/com.motorola.settings.notification.HiddenListenerSettingsReceiver
12-03 19:33:34.022  1789  1789 V NotificationListeners: enabling notification listener for user 0: ComponentInfo{com.motorola.motodisplay/com.motorola.motodisplay.MDNotificationListenerService}
12-03 19:33:34.080 20008 20008 W ContextImpl: Calling a method in the system process without a qualified user: android.app.ContextImpl.startService:1221 android.content.ContextWrapper.startService:581 android.content.ContextWrapper.startService:581 com.motorola.settings.notification.HiddenListenerSettingsReceiver.onReceive:35 android.app.ActivityThread.handleReceiver:2743 
12-03 19:33:34.095  1789  3019 I ActivityManager: Killing 19749:com.motorola.genie/u0a21 (adj 13): empty #7
12-03 19:33:38.100  1789  2902 V AlarmManager: sending alarm {c7ce672 type 2 *walarm*:com.android.internal.policy.impl.PhoneWindowManager.DELAYED_KEYGUARD}
12-03 19:33:38.105  1789  2902 V AlarmManager: sending alarm {463358b type 1 *alarm*:com.motorola.motocare.trigger.AlarmTrigger.HourlyAlarmTrigger}
12-03 19:33:38.114  1789  1789 V AlarmManager: done {c7ce672, *walarm*:com.android.internal.policy.impl.PhoneWindowManager.DELAYED_KEYGUARD} [15ms]
12-03 19:33:38.115  1789  1789 V AlarmManager: done {463358b, *alarm*:com.motorola.motocare.trigger.AlarmTrigger.HourlyAlarmTrigger} [15ms]
12-03 19:33:38.194  3011  3011 D StatusBarKeyguardViewManager: showKeyguard, but hide Bouncer
12-03 19:33:41.725  1789  2902 V AlarmManager: sending alarm {7959857 type 2 *walarm*:com.motorola.slpc.ALARM_MODALITY}
12-03 19:33:41.728  1789  1789 V AlarmManager: done {7959857, *walarm*:com.motorola.slpc.ALARM_MODALITY} [3ms]
12-03 19:34:03.950  1789  2902 V AlarmManager: sending alarm {52a62d type 3 *alarm*:android.intent.action.TIME_TICK}
12-03 19:34:03.952  1789  2902 V AlarmManager: sending alarm {45e5df1 type 2 *walarm*:com.google.android.intent.action.SEND_IDLE}
12-03 19:34:03.953  1789  2902 V AlarmManager: sending alarm {2cefd84 type 1 *alarm*:com.droid27.tcw.ACTION_TIME_TICK}
12-03 19:34:03.959   309  1753 E NetlinkEvent: NetlinkEvent::FindParam(): Parameter 'UID' not found
12-03 19:34:03.960  1789  1789 V AlarmManager: done {45e5df1, *walarm*:com.google.android.intent.action.SEND_IDLE} [10ms]
12-03 19:34:03.991  1789  1789 V AlarmManager: done {2cefd84, *alarm*:com.droid27.tcw.ACTION_TIME_TICK} [42ms]
12-03 19:34:04.092  1789  1789 V AlarmManager: done {52a62d, *alarm*:android.intent.action.TIME_TICK} [143ms]
12-03 19:34:19.046   309  1753 E NetlinkEvent: NetlinkEvent::FindParam(): Parameter 'UID' not found
12-03 19:34:20.017   309  1753 E NetlinkEvent: NetlinkEvent::FindParam(): Parameter 'UID' not found
12-03 19:34:35.127   309  1753 E NetlinkEvent: NetlinkEvent::FindParam(): Parameter 'UID' not found
12-03 19:35:19.848   309  1753 E NetlinkEvent: NetlinkEvent::FindParam(): Parameter 'UID' not found
12-03 19:35:34.927   309  1753 E NetlinkEvent: NetlinkEvent::FindParam(): Parameter 'UID' not found
12-03 19:36:21.742   309  1753 E NetlinkEvent: NetlinkEvent::FindParam(): Parameter 'UID' not found
12-03 19:36:37.095   309  1753 E NetlinkEvent: NetlinkEvent::FindParam(): Parameter 'UID' not found
12-03 19:36:42.678  1789  2902 V AlarmManager: sending alarm {52a62d type 3 *alarm*:android.intent.action.TIME_TICK}
12-03 19:36:42.680  1789  2902 V AlarmManager: sending alarm {6788b42 type 2 *walarm*:com.whatsapp.messaging.h.CLIENT_PINGER_ACTION}
12-03 19:36:42.680  1789  2902 V AlarmManager: sending alarm {f5675b8 type 0 *walarm*:com.google.android.gms/.checkin.EventLogServiceReceiver}
12-03 19:36:42.680  1789  2902 V AlarmManager: sending alarm {2cefd84 type 1 *alarm*:com.droid27.tcw.ACTION_TIME_TICK}
12-03 19:36:42.681  1789  2902 V AlarmManager: sending alarm {2cefd84 type 1 *alarm*:com.droid27.tcw.ACTION_TIME_TICK}
12-03 19:36:42.683  1789  1789 V AlarmManager: done {6788b42, *walarm*:com.whatsapp.messaging.h.CLIENT_PINGER_ACTION} [6ms]
12-03 19:36:42.699   309  1753 E NetlinkEvent: NetlinkEvent::FindParam(): Parameter 'UID' not found
12-03 19:36:42.703  1789  1789 V AlarmManager: done {f5675b8, *walarm*:com.google.android.gms/.checkin.EventLogServiceReceiver} [26ms]
12-03 19:36:42.737  1789  1789 V AlarmManager: done {2cefd84, *alarm*:com.droid27.tcw.ACTION_TIME_TICK} [60ms]
12-03 19:36:42.780  1789  1789 V AlarmManager: done {2cefd84, *alarm*:com.droid27.tcw.ACTION_TIME_TICK} [103ms]
12-03 19:36:42.807  1789  1789 V AlarmManager: done {52a62d, *alarm*:android.intent.action.TIME_TICK} [130ms]
12-03 19:36:42.868  1789  3693 I ActivityManager: Start proc 20098:com.google.process.gapps/u0a17 for content provider com.google.android.gsf/.gservices.GservicesProvider
12-03 19:36:54.830  1789  8867 I PowerManagerService: Waking up from dozing (uid 10031)...
12-03 19:36:54.835  1789  5593 I DreamManagerService: Leaving dreamland.
12-03 19:36:54.838  1789  1805 I DreamController: Stopping dream: name=ComponentInfo{com.motorola.motodisplay/com.motorola.motodisplay.DozeService}, isTest=false, canDoze=true, userId=0
12-03 19:36:54.839  1789  1808 I DisplayManagerService: Display device changed state: "Integriertes Display", ON
12-03 19:36:57.269   259   259 I SFPerfTracer:      triggers: (rate: 118:4791) (compose: 24:491) (post: 0:263) (render: 41:938) (4:89936 frames) (5:114669)
12-03 19:36:57.270   259   259 D SFPerfTracer:        layers: (5:17) (FocusedStackFrame (0xb72cbae8): 0:1948)* (DimLayer (0xb72d2138): 0:41)* (StatusBar (0xb737c858): 5:20243) (com.android.systemui.ImageWallpaper (0xb7381520): 0:1609) (Sprite (0xb73946f0): 0:5514)* (Sprite (0xb731c918): 0:8642)* (Sprite (0xb738f648): 5:4006) (Sprite (0xb7397788): 5:18524) (Sprite (0xb7386000): 0:9610)* (NavigationBar (0xb739c868): 0:112)- (DimLayer (0xb7346f28): 0:22)* (DimLayer (0xb73b0fa0): 0:2)* (SeniorenApp.SeniorenApp/md53b38d95917044f4b1995493654d83207.MainActivity (0xb737fe88): 0:9)* (ColorFade (0xb73481f0): 0:31)- ( (0xb73b2ff0): 0:4)- (NavigationBar (0xb739c868): 0:18) 
12-03 19:36:57.648   259   708 I SFPerfTracer:      triggers: (rate: 0:2) (0 sw vsyncs) (0 skipped) (107:87023 vsyncs) (109:116215)
12-03 19:36:57.656  1789  5592 W InputMethodManagerService: Window already focused, ignoring focus gain of: com.android.internal.view.IInputMethodClient$Stub$Proxy@f0597fc attribute=android.view.inputmethod.EditorInfo@298ae85, token = android.os.BinderProxy@39cf89c
12-03 19:36:57.697 20008 20008 W ContextImpl: Calling a method in the system process without a qualified user: android.app.ContextImpl.startService:1221 android.content.ContextWrapper.startService:581 android.content.ContextWrapper.startService:581 com.motorola.settings.notification.HiddenListenerSettingsReceiver.onReceive:35 android.app.ActivityThread.handleReceiver:2743 
12-03 19:36:57.712  1789  1789 V NotificationListeners: disabling notification listener for user 0: ComponentInfo{com.motorola.motodisplay/com.motorola.motodisplay.MDNotificationListenerService}
12-03 19:36:57.927  1789  2956 D ConnectivityService: notifyType CAP_CHANGED for NetworkAgentInfo [WIFI () - 105]
12-03 19:36:58.410   259   259 I SFPerfTracer:      triggers: (rate: 118:4793) (compose: 24:492) (post: 0:263) (render: 41:940) (15:89988 frames) (16:114729)
12-03 19:36:58.410   259   259 D SFPerfTracer:        layers: (3:14) (FocusedStackFrame (0xb72cbae8): 0:1950)* (DimLayer (0xb72d2138): 0:41)* (StatusBar (0xb737c858): 2:20282) (com.android.systemui.ImageWallpaper (0xb7381520): 1:1620)* (Sprite (0xb73946f0): 0:5514)* (Sprite (0xb731c918): 0:8642)* (Sprite (0xb738f648): 0:4007)* (Sprite (0xb7397788): 0:18534)* (Sprite (0xb7386000): 0:9610)* (DimLayer (0xb7346f28): 0:22)* (DimLayer (0xb73b0fa0): 0:4)* (SeniorenApp.SeniorenApp/md53b38d95917044f4b1995493654d83207.MainActivity (0xb737fe88): 1:30) (NavigationBar (0xb739c868): 15:44) 
12-03 19:37:00.001  1789  2902 V AlarmManager: sending alarm {52a62d type 3 *alarm*:android.intent.action.TIME_TICK}
12-03 19:37:00.003  1789  2902 V AlarmManager: sending alarm {2cefd84 type 1 *alarm*:com.droid27.tcw.ACTION_TIME_TICK}
12-03 19:37:00.056  1789  1789 V AlarmManager: done {2cefd84, *alarm*:com.droid27.tcw.ACTION_TIME_TICK} [55ms]
12-03 19:37:00.070  1789  1789 V AlarmManager: done {52a62d, *alarm*:android.intent.action.TIME_TICK} [69ms]
12-03 19:37:00.950  1789  2956 D ConnectivityService: notifyType CAP_CHANGED for NetworkAgentInfo [WIFI () - 105]
12-03 19:37:04.685  1789  3018 I ActivityManager: Killing 19848:com.android.vending/u0a36 (adj 13): empty #7
12-03 19:37:04.851  1789  3018 I ActivityManager: Killing 19829:android.process.acore/u0a8 (adj 15): empty #8
12-03 19:37:19.818  1789  1803 I ActivityManager: Start proc 20172:Mono.Android.DebugRuntime/u0a119 for broadcast Mono.Android.DebugRuntime/com.xamarin.mono.android.PackageVersions
12-03 19:37:19.850  1789  1799 I ActivityManager: Killing 12214:com.google.android.googlequicksearchbox:search/u0a46 (adj 13): empty #7
12-03 19:37:19.925   309  1753 E NetlinkEvent: NetlinkEvent::FindParam(): Parameter 'UID' not found
12-03 19:37:19.958  1789  2955 D WifiService: Client connection lost with reason: 4
12-03 19:37:19.958  1789  3510 D ConnectivityService: ConnectivityService NetworkRequestInfo binderDied(NetworkRequest [ id=39, legacyType=-1, [ Capabilities: INTERNET&NOT_RESTRICTED&TRUSTED] ], android.os.BinderProxy@41237e8)
12-03 19:37:19.959  1789  2956 D ConnectivityService: releasing NetworkRequest NetworkRequest [ id=39, legacyType=-1, [ Capabilities: INTERNET&NOT_RESTRICTED&TRUSTED] ]
12-03 19:37:19.960  1789  2956 E ConnectivityService: RemoteException caught trying to send a callback msg for NetworkRequest [ id=39, legacyType=-1, [ Capabilities: INTERNET&NOT_RESTRICTED&TRUSTED] ]
12-03 19:37:21.025  1789  3724 I ActivityManager: Force stopping SeniorenApp.SeniorenApp appid=10179 user=0: from pid 20186
12-03 19:37:21.025  1789  3724 I ActivityManager: Killing 19806:SeniorenApp.SeniorenApp/u0a179 (adj 0): stop SeniorenApp.SeniorenApp
12-03 19:37:21.035  1789  3018 I WindowState: WIN DEATH: Window{23d92a5 u0 SeniorenApp.SeniorenApp/md53b38d95917044f4b1995493654d83207.MainActivity}
12-03 19:37:21.087  1789  3724 W ActivityManager: Force removing ActivityRecord{952436 u0 SeniorenApp.SeniorenApp/md53b38d95917044f4b1995493654d83207.MainActivity t138}: app died, no saved state
12-03 19:37:21.088  1789  3724 I ActivityManager: moveHomeStack, setupComplete:true
12-03 19:37:21.114  1789  1800 W ActivityManager: Spurious death for ProcessRecord{e3aae01 0:SeniorenApp.SeniorenApp/u0a179}, curProc for 19806: null
12-03 19:37:21.132  1789  1803 I ActivityManager: Start proc 20195:com.motorola.context/u0a103 for broadcast com.motorola.context/.receiver.PackageReplaceReceiver
12-03 19:37:21.201  1789  3019 I ActivityManager: Start proc 20208:com.google.android.googlequicksearchbox:search/u0a46 for service com.google.android.googlequicksearchbox/com.google.android.apps.gsa.search.core.service.SearchService
12-03 19:37:21.203  1789  5399 W InputMethodManagerService: Got RemoteException sending setActive(false) notification to pid 19806 uid 10179
12-03 19:37:21.230  1789  5399 I ActivityManager: Killing 20098:com.google.process.gapps/u0a17 (adj 15): empty #7
12-03 19:37:21.736  1789  2955 D WifiService: New client listening to asynchronous messages
12-03 19:37:21.756  1789  5399 I ActivityManager: Start proc 20232:com.google.process.gapps/u0a17 for content provider com.google.android.gsf/.gservices.GservicesProvider
12-03 19:37:21.837  1789  3019 I ActivityManager: Start proc 20246:com.google.android.partnersetup/u0a20 for content provider com.google.android.partnersetup/.RlzAppProvider
12-03 19:37:28.524  1789  2902 V AlarmManager: sending alarm {4b27237 type 2 *walarm*:com.google.android.gms.gcm.HEARTBEAT_ALARM}
12-03 19:37:28.535  1789  1789 V AlarmManager: done {4b27237, *walarm*:com.google.android.gms.gcm.HEARTBEAT_ALARM} [10ms]
12-03 19:37:28.535   309  1753 E NetlinkEvent: NetlinkEvent::FindParam(): Parameter 'UID' not found
12-03 19:37:28.983   259   708 I SFPerfTracer:      triggers: (rate: 0:2) (0 sw vsyncs) (0 skipped) (0:87081 vsyncs) (1:116316)
12-03 19:37:40.188  1789  2956 D ConnectivityService: updateNetworkScore for NetworkAgentInfo [WIFI () - 105] to 56
12-03 19:37:43.210  1789  2956 D ConnectivityService: updateNetworkScore for NetworkAgentInfo [WIFI () - 105] to 60
12-03 19:37:43.605   309  1753 E NetlinkEvent: NetlinkEvent::FindParam(): Parameter 'UID' not found
12-03 19:37:43.611  1789  5399 I ActivityManager: Killing 15374:com.google.android.gms/u0a17 (adj 15): empty #7
12-03 19:37:43.688  1789  2955 D WifiService: Client connection lost with reason: 4
12-03 19:37:43.689  1789  1800 D ConnectivityService: ConnectivityService NetworkRequestInfo binderDied(NetworkRequest [ id=40, legacyType=-1, [ Capabilities: INTERNET&NOT_RESTRICTED&TRUSTED&NOT_VPN] ], android.os.BinderProxy@b54a4af)
12-03 19:37:43.690  1789  2956 D ConnectivityService: releasing NetworkRequest NetworkRequest [ id=40, legacyType=-1, [ Capabilities: INTERNET&NOT_RESTRICTED&TRUSTED&NOT_VPN] ]
12-03 19:37:43.691  1789  2956 E ConnectivityService: RemoteException caught trying to send a callback msg for NetworkRequest [ id=40, legacyType=-1, [ Capabilities: INTERNET&NOT_RESTRICTED&TRUSTED&NOT_VPN] ]
12-03 19:37:43.694  1789  5399 I ActivityManager: Killing 20008:com.android.settings/1000 (adj 15): empty #8
12-03 19:37:43.759  1789  8868 W ActivityManager: Scheduling restart of crashed service com.google.android.gms/.measurement.service.MeasurementBrokerService in 1000ms
12-03 19:37:44.775  1789  1803 I ActivityManager: Start proc 20319:com.google.android.gms/u0a17 for service com.google.android.gms/.measurement.service.MeasurementBrokerService
12-03 19:38:00.002  1789  2902 V AlarmManager: sending alarm {52a62d type 3 *alarm*:android.intent.action.TIME_TICK}
12-03 19:38:00.004  1789  2902 V AlarmManager: sending alarm {2cefd84 type 1 *alarm*:com.droid27.tcw.ACTION_TIME_TICK}
12-03 19:38:00.046  1789  1789 V AlarmManager: done {2cefd84, *alarm*:com.droid27.tcw.ACTION_TIME_TICK} [45ms]
12-03 19:38:00.071  1789  1789 V AlarmManager: done {52a62d, *alarm*:android.intent.action.TIME_TICK} [69ms]
12-03 19:38:07.516  1789  1805 I UsbDeviceManager: Setting USB config to accessory,audio_source,adb
12-03 19:38:07.632  1789  1806 D UsbAlsaManager: Adding ALSA device AlsaDevice: [card: 1, device: 0, type: 1]
12-03 19:38:07.656  1789  1803 I ActivityManager: Killing 19993:com.motorola.motodisplay/u0a31 (adj 15): empty #7
12-03 19:38:07.690  1789  1805 I BatteryStatsImpl: Resetting battery stats: level=100 status=5 dischargeLevel=100 lowAmount=0 highAmount=0
12-03 19:38:07.804  1789  1789 I EntropyMixer: Writing entropy...
12-03 19:38:07.949  1789  5399 I ActivityManager: Start proc 20369:com.motorola.genie/u0a21 for broadcast com.motorola.genie/.prefetch.PowerStatusReceiver
12-03 19:38:07.950  1789  5399 I ActivityManager: Killing 20195:com.motorola.context/u0a103 (adj 15): empty #7
12-03 19:38:08.213  1789  3019 W BroadcastQueue: Permission Denial: broadcasting Intent { act=com.motorola.cce.Actions.CCE_SEND_SETTINGS flg=0x10 (has extras) } from com.motorola.genie (pid=20369, uid=10021) is not exported from uid 10000 due to receiver com.motorola.ccc.checkin/com.motorola.blur.service.blur.SharedSettingsReceiver
12-03 19:38:08.218  1789  8868 W BroadcastQueue: Permission Denial: broadcasting Intent { act=com.motorola.cce.Actions.CCE_SEND_SETTINGS flg=0x10 (has extras) } from com.motorola.genie (pid=20369, uid=10021) is not exported from uid 10000 due to receiver com.motorola.ccc.notification/com.motorola.blur.service.blur.SharedSettingsReceiver
12-03 19:38:08.219  1789  1803 W BroadcastQueue: Permission Denial: broadcasting Intent { act=com.motorola.cce.Actions.CCE_SEND_SETTINGS flg=0x10 (has extras) } from com.motorola.genie (pid=20369, uid=10021) is not exported from uid 10027 due to receiver com.motorola.MotGallery2/com.motorola.blur.service.blur.SharedSettingsReceiver
12-03 19:38:09.066  1789  1805 D UsbDeviceManager: entering USB accessory mode: UsbAccessory[mManufacturer=h-ab.de, mModel=SeniorenApp, mDescription=SeniorenApp, mVersion=1.0, mUri=https://github.com/SeniorenApp/, mSerial=0000000012345678]
12-03 19:38:09.077  1789  1805 I ActivityManager: START u0 {flg=0x10000000 cmp=com.android.systemui/.usb.UsbConfirmActivity (has extras)} from uid 1000 on display 0
12-03 19:38:09.178  1789  1808 I LaunchCheckinHandler: Displayed com.android.systemui/.usb.UsbConfirmActivity,wp,ca,84
12-03 19:38:09.205   259   259 I SFPerfTracer:      triggers: (rate: 118:4794) (compose: 24:492) (post: 0:263) (render: 41:940) (0:90014 frames) (1:114829)
12-03 19:38:09.205   259   259 D SFPerfTracer:        layers: (4:18) (FocusedStackFrame (0xb72cbae8): 1:1952)* (DimLayer (0xb72d2138): 0:41)* (StatusBar (0xb737c858): 0:20337) (com.android.systemui.ImageWallpaper (0xb7381520): 0:1622) (Sprite (0xb73946f0): 0:5514)* (Sprite (0xb731c918): 0:8642)* (Sprite (0xb738f648): 0:4007)* (Sprite (0xb7397788): 0:18534)* (Sprite (0xb7386000): 0:9610)* (DimLayer (0xb7346f28): 0:22)- (DimLayer (0xb73b0fa0): 0:4)- (SeniorenApp.SeniorenApp/md53b38d95917044f4b1995493654d83207.MainActivity (0xb737fe88): 0:31)- (NavigationBar (0xb739c868): 0:57) (com.google.android.googlequicksearchbox/com.google.android.launcher.GEL (0xb737f798): 0:6) (com.android.systemui/com.android.systemui.usb.UsbConfirmActivity (0xb73481f0): 1:2)* 
12-03 19:38:09.782  1789  3692 I ActivityManager: START u0 {act=android.hardware.usb.action.USB_ACCESSORY_ATTACHED flg=0x10000000 cmp=SeniorenApp.SeniorenApp/md53b38d95917044f4b1995493654d83207.MainActivity (has extras)} from uid 10045 on display 0
12-03 19:38:09.826  1789  4628 I ActivityManager: Start proc 20412:SeniorenApp.SeniorenApp/u0a179 for activity SeniorenApp.SeniorenApp/md53b38d95917044f4b1995493654d83207.MainActivity
12-03 19:38:11.206  1789  1808 I LaunchCheckinHandler: Displayed SeniorenApp.SeniorenApp/md53b38d95917044f4b1995493654d83207.MainActivity,cp,ca,1394
12-03 19:38:11.485   259   708 I SFPerfTracer:      triggers: (rate: 0:2) (0 sw vsyncs) (0 skipped) (11:87133 vsyncs) (13:116417)
12-03 19:38:18.259  1789  1803 I ActivityManager: Start proc 20435:android.process.acore/u0a8 for broadcast com.android.providers.contacts/.PackageIntentReceiver
