11-26 14:33:31.898 26821 26834 D ModalityManager: addStowedListener(), package: com.motorola.motodisplay
11-26 14:33:31.900  3063  3078 D SLPC    : reg_stowed(): 4, 0, 3000
11-26 14:33:31.900  3063  3078 D SLPC    : reg_stowed(): 4
11-26 14:33:31.900  3063  3078 D sensorhub: sensorhub_algo_req(): algo: 2, active_parts: 6, num_parts: 3, req_len: 16, bytes: 19
11-26 14:33:31.900  3063  3078 D sensorhub: sensorhub_algo_req(): algos: 40
11-26 14:33:31.900  3063  3078 D ModalityService: StowedListener(): callback onStowedChange() -> 4
11-26 14:33:31.901 26821 26832 D ModalityManager: onStowedChange() -> 4, package: com.motorola.motodisplay
11-26 14:33:31.902 26821 26834 D ModalityManager: mService.addStowedListener() succeeded
11-26 14:33:31.902 26821 26834 D ModalityManager: 
11-26 14:33:31.902 26821 26834 D ModalityManager: addStowedListener(), package: com.motorola.motodisplay
11-26 14:33:31.902  3063 14836 D SLPC    : reg_stowed(): 1, 9223372036854775807, 9223372036854775807
11-26 14:33:31.902  3063 14836 D SLPC    : reg_stowed(): 1
11-26 14:33:31.902  3063 14836 D sensorhub: sensorhub_algo_req(): algo: 2, active_parts: 7, num_parts: 3, req_len: 16, bytes: 19
11-26 14:33:31.903  3063 14836 D sensorhub: sensorhub_algo_req(): algos: 40
11-26 14:33:31.903 26821 26834 D ModalityManager: mService.addStowedListener() succeeded
11-26 14:33:31.903 26821 26834 D ModalityManager: 
11-26 14:33:31.903 26821 26834 D ModalityManager: addOrientationListener(), package: com.motorola.motodisplay
11-26 14:33:31.904  3063  3077 D SLPC    : reg_orientations(): 1, 100, 4000
11-26 14:33:31.904  3063  3077 D SLPC    : reg_orientations(): 1
11-26 14:33:31.904  3063  3077 D sensorhub: sensorhub_algo_req(): algo: 1, active_parts: 1, num_parts: 4, req_len: 20, bytes: 23
11-26 14:33:31.904  3063  3077 D sensorhub: sensorhub_algo_req(): algos: 56
11-26 14:33:31.905  3063  3077 D ModalityService: OrientationListener(): callback onOrientationChange() -> 1
11-26 14:33:31.905 26821 26829 D ModalityManager: onOrientationChange() -> 1, package: com.motorola.motodisplay
11-26 14:33:31.911 26821 26834 D ModalityManager: mService.addOrientationListener() succeeded
11-26 14:33:31.911 26821 26834 D ModalityManager: 
11-26 14:33:31.911 26821 26834 D ModalityManager: addOrientationListener(), package: com.motorola.motodisplay
11-26 14:33:31.912  3063 21619 D SLPC    : reg_orientations(): 14, 9223372036854775807, 9223372036854775807
11-26 14:33:31.913  3063 21619 D SLPC    : reg_orientations(): 2
11-26 14:33:31.913  3063 21619 D SLPC    : reg_orientations(): 4
11-26 14:33:31.913  3063 21619 D SLPC    : reg_orientations(): 8
11-26 14:33:31.913  3063 21619 D sensorhub: sensorhub_algo_req(): algo: 1, active_parts: 15, num_parts: 4, req_len: 20, bytes: 23
11-26 14:33:31.913  3063 21619 D sensorhub: sensorhub_algo_req(): algos: 56
11-26 14:33:31.913 26821 26834 D ModalityManager: mService.addOrientationListener() succeeded
11-26 14:33:31.913 26821 26834 D ModalityManager: 
11-26 14:33:31.913 26821 26834 D ModalityManager: addMovementListener(), package: com.motorola.motodisplay
11-26 14:33:31.914  3063  3078 D SLPC    : reg_modalities(): 2, 3000, 0
11-26 14:33:31.914  3063  3078 D SLPC    : reg_modalities(): 2
11-26 14:33:31.914  3063  3078 D sensorhub: sensorhub_algo_req(): algo: 0, active_parts: 2, num_parts: 6, req_len: 28, bytes: 31
11-26 14:33:31.914  3063  3078 D sensorhub: sensorhub_algo_req(): algos: 56
11-26 14:33:31.915 26821 26834 D ModalityManager: mService.addMovementListener() succeeded
11-26 14:33:31.918  3063 14836 D sensorhub: sensorhub_algo_query(): algo: 1
11-26 14:33:31.918  1789  1808 I WindowManager: window type TYPE_AOD_DREAM:
11-26 14:33:31.927  3010  3010 D StatusBarKeyguardViewManager: showKeyguard, but hide Bouncer
11-26 14:33:31.934   301 10260 D audio_hw_primary: adev_set_parameters: enter: screen_state=off
11-26 14:33:31.934   301 10260 V msm8916_platform: platform_set_parameters: enter: - screen_state=off
11-26 14:33:31.934   301 10260 V msm8916_platform: platform_set_parameters: exit with code(0)
11-26 14:33:31.934   301 10260 D audio_hw_extn: audio_extn_set_anc_parameters: anc_enabled:0
11-26 14:33:31.934   301 10260 E soundtrigger: audio_extn_sound_trigger_set_parameters: str_params NULL
11-26 14:33:31.934   301 10260 E bt_a2dp_hw: adev_set_parameters: ERROR: set param called even when stream out is null
11-26 14:33:31.944  1789  1808 I WindowManager: window type TYPE_AOD_DREAM:
11-26 14:33:31.945  1789  2950 E native  : do suspend true
11-26 14:33:31.950  3010  3010 I chatty  : uid=10045(com.android.systemui) expire 2 lines
11-26 14:33:31.979  1789  1808 I WindowManager: window type TYPE_AOD_DREAM:
11-26 14:33:32.014  3555  3555 I GoogleInputMethod: onReceive() : Action = android.intent.action.SCREEN_OFF
11-26 14:33:32.030  1789  1808 I WindowManager: window type TYPE_AOD_DREAM:
11-26 14:33:32.239  3063  3110 D SLPC    : slpc_poll_loop(): handled 1
11-26 14:33:32.239  3063  3110 D SLPC    : slpc_poll_handle_event(): transition
11-26 14:33:32.239  3063  3110 D SLPC    : slpc_poll_loop(): about to poll...
11-26 14:33:32.239  3063  3110 D sensorhub: sensorhub_poll() polling...
11-26 14:33:32.240  3063  3063 D ModalityService: ModalityListener(): callback onModalityChange() -> 2
11-26 14:33:32.240 26821 26832 D ModalityManager: onEndMovement(), package: com.motorola.motodisplay
11-26 14:33:32.260 27057 27057 I chatty  : uid=9001(mot_pwric) expire 2 lines
11-26 14:33:34.063  5639  5750 E MC_LineReader: Error opening /sys/class/power_supply/bms/resistance
11-26 14:33:34.063  5639  5750 E MC_LineReader: java.io.FileNotFoundException: /sys/class/power_supply/bms/resistance: open failed: ENOENT (No such file or directory)
11-26 14:33:34.063  5639  5750 E MC_LineReader: 	at libcore.io.IoBridge.open(IoBridge.java:452)
11-26 14:33:34.063  5639  5750 E MC_LineReader: 	at java.io.FileInputStream.<init>(FileInputStream.java:76)
11-26 14:33:34.063  5639  5750 E MC_LineReader: 	at java.io.FileInputStream.<init>(FileInputStream.java:103)
11-26 14:33:34.063  5639  5750 E MC_LineReader: 	at java.io.FileReader.<init>(FileReader.java:66)
11-26 14:33:34.063  5639  5750 E MC_LineReader: 	at com.motorola.motocare.util.LineReader.<init>(LineReader.java:20)
11-26 14:33:34.063  5639  5750 E MC_LineReader: 	at com.motorola.motocare.util.LineReader$1.<init>(LineReader.java:53)
11-26 14:33:34.063  5639  5750 E MC_LineReader: 	at com.motorola.motocare.util.LineReader.firstLineReader(LineReader.java:53)
11-26 14:33:34.063  5639  5750 E MC_LineReader: 	at com.motorola.motocare.util.BatteryUtils.getBatteryResistance(BatteryUtils.java:130)
11-26 14:33:34.063  5639  5750 E MC_LineReader: 	at com.motorola.motocare.action.BatteryLevelAction.onReceiveImpl(BatteryLevelAction.java:42)
11-26 14:33:34.063  5639  5750 E MC_LineReader: 	at com.motorola.motocare.util.BackgroundReceiver$1.run(BackgroundReceiver.java:14)
11-26 14:33:34.063  5639  5750 E MC_LineReader: 	at android.os.Handler.handleCallback(Handler.java:746)
11-26 14:33:34.063  5639  5750 E MC_LineReader: 	at android.os.Handler.dispatchMessage(Handler.java:95)
11-26 14:33:34.063  5639  5750 E MC_LineReader: 	at android.os.Looper.loop(Looper.java:148)
11-26 14:33:34.063  5639  5750 E MC_LineReader: 	at android.os.HandlerThread.run(HandlerThread.java:61)
11-26 14:33:34.063  5639  5750 E MC_LineReader: Caused by: android.system.ErrnoException: open failed: ENOENT (No such file or directory)
11-26 14:33:34.063  5639  5750 E MC_LineReader: 	at libcore.io.Posix.open(Native Method)
11-26 14:33:34.063  5639  5750 E MC_LineReader: 	at libcore.io.BlockGuardOs.open(BlockGuardOs.java:186)
11-26 14:33:34.063  5639  5750 E MC_LineReader: 	at libcore.io.IoBridge.open(IoBridge.java:438)
11-26 14:33:34.063  5639  5750 E MC_LineReader: 	... 13 more
11-26 14:33:37.289 27060 27060 I chatty  : uid=9001(mot_pwric) expire 2 lines
11-26 14:33:37.631  3555  3555 I DownloadManagerWrapper: onReceive() : Charging = true
11-26 14:33:38.072  1789 10955 D NetlinkSocketObserver: NeighborEvent{elapsedMs=327955929, 192.168.178.1, [5C4979705309], RTM_NEWNEIGH, NUD_STALE}
11-26 14:33:42.317 27061 27061 I chatty  : uid=9001(mot_pwric) expire 2 lines
11-26 14:33:47.344 27062 27062 I chatty  : uid=9001(mot_pwric) expire 2 lines
11-26 14:33:47.673  1789 10955 D NetlinkSocketObserver: NeighborEvent{elapsedMs=327965529, 192.168.178.1, [5C4979705309], RTM_NEWNEIGH, NUD_STALE}
11-26 14:33:51.058   296  1753 E NetlinkEvent: NetlinkEvent::FindParam(): Parameter 'UID' not found
11-26 14:33:52.372 27063 27063 I chatty  : uid=9001(mot_pwric) expire 2 lines
11-26 14:33:57.273  1789 10955 D NetlinkSocketObserver: NeighborEvent{elapsedMs=327975129, 192.168.178.1, [5C4979705309], RTM_NEWNEIGH, NUD_STALE}
11-26 14:33:57.399 27064 27064 I chatty  : uid=9001(mot_pwric) expire 2 lines
11-26 14:34:02.425 27065 27065 I chatty  : uid=9001(mot_pwric) expire 2 lines
11-26 14:34:06.113   296  1753 E NetlinkEvent: NetlinkEvent::FindParam(): Parameter 'UID' not found
11-26 14:34:06.873  1789 10955 D NetlinkSocketObserver: NeighborEvent{elapsedMs=327984730, 192.168.178.1, [5C4979705309], RTM_NEWNEIGH, NUD_STALE}
11-26 14:34:07.453 27066 27066 I chatty  : uid=9001(mot_pwric) expire 2 lines
11-26 14:34:12.480 27067 27067 I chatty  : uid=9001(mot_pwric) expire 2 lines
11-26 14:34:16.472  1789 10955 D NetlinkSocketObserver: NeighborEvent{elapsedMs=327994329, 192.168.178.1, [5C4979705309], RTM_NEWNEIGH, NUD_STALE}
11-26 14:34:17.502 27068 27068 I chatty  : uid=9001(mot_pwric) expire 2 lines
11-26 14:34:22.530 27069 27069 I chatty  : uid=9001(mot_pwric) expire 2 lines
11-26 14:34:26.072  1789 10955 D NetlinkSocketObserver: NeighborEvent{elapsedMs=328003929, 192.168.178.1, [5C4979705309], RTM_NEWNEIGH, NUD_STALE}
11-26 14:34:27.558 27070 27070 I chatty  : uid=9001(mot_pwric) expire 2 lines
11-26 14:34:29.683  1789  2914 V AlarmManager: sending alarm {be5e04d type 3 *alarm*:android.intent.action.TIME_TICK}
11-26 14:34:29.685  1789  2914 V AlarmManager: sending alarm {c86e5ae type 2 *walarm*:com.whatsapp.messaging.h.CLIENT_PINGER_ACTION}
11-26 14:34:29.686  1789  2914 V AlarmManager: sending alarm {718a1b4 type 1 *alarm*:com.droid27.tcw.ACTION_TIME_TICK}
11-26 14:34:29.686  1789  2914 V AlarmManager: sending alarm {8c235e6 type 1 *alarm*:com.google.android.googlequicksearchbox/com.google.android.apps.gsa.speech.grammar.GrammarCompilationService}
11-26 14:34:29.697  1789  1789 V AlarmManager: done {8c235e6, *alarm*:com.google.android.googlequicksearchbox/com.google.android.apps.gsa.speech.grammar.GrammarCompilationService} [15ms]
11-26 14:34:29.697  1789  1789 V AlarmManager: done {c86e5ae, *walarm*:com.whatsapp.messaging.h.CLIENT_PINGER_ACTION} [15ms]
11-26 14:34:29.706   296  1753 E NetlinkEvent: NetlinkEvent::FindParam(): Parameter 'UID' not found
11-26 14:34:29.724 25499 27071 I ContextCompilationHandl: Compiling grammar for: de-DE, type=CONTACT_DIALING
11-26 14:34:29.740  1789  1789 V AlarmManager: done {718a1b4, *alarm*:com.droid27.tcw.ACTION_TIME_TICK} [57ms]
11-26 14:34:29.740 25499 27071 I ContextCompilationHandl: No grammar compilation resources for COMPILER, aborting. 
11-26 14:34:29.740 25499 27071 I ContextCompilationHandl: Compiling grammar for: de-DE, type=HANDS_FREE_COMMANDS
11-26 14:34:29.743 25499 27071 I ContextCompilationHandl: No grammar compilation resources for COMPILER, aborting. 
11-26 14:34:29.822  1789  1789 V AlarmManager: done {be5e04d, *alarm*:android.intent.action.TIME_TICK} [139ms]
11-26 14:34:32.583 27072 27072 I chatty  : uid=9001(mot_pwric) expire 2 lines
11-26 14:34:34.180  5836  5851 D QcrilMsgTunnelSocket: readRilMessage: Buffer = [B@20c101e HexData = [010000000404000011000000514f454d484f4f4bef0308000100000000]
11-26 14:34:34.180  5836  5851 D QcrilMsgTunnelSocket: Rcvd UNSOL response with 28 bytes data for SUB0
11-26 14:34:34.180  5836  5851 D QcrilMsgTunnelSocket: Response ID 525295 is not served in this process.
11-26 14:34:34.181  5836  5851 D QcrilMsgTunnelSocket: To broadcast an Intent via the notifier to external apps
11-26 14:34:34.181  5836  5836 D QcrilMsgTunnelIfaceManager: handleMessage what = 0
11-26 14:34:37.605 27080 27080 I chatty  : uid=9001(mot_pwric) expire 2 lines
11-26 14:34:37.617  3555  3555 I DownloadManagerWrapper: onReceive() : Charging = true
11-26 14:34:39.592  1789 10955 D NetlinkSocketObserver: NeighborEvent{elapsedMs=328017449, 192.168.178.1, [5C4979705309], RTM_NEWNEIGH, NUD_STALE}
11-26 14:34:41.822  3555  3555 I DownloadManagerWrapper: onReceive() : Charging = true
11-26 14:34:42.633 27081 27081 I chatty  : uid=9001(mot_pwric) expire 2 lines
11-26 14:34:45.030   296  1753 E NetlinkEvent: NetlinkEvent::FindParam(): Parameter 'UID' not found
11-26 14:34:47.659 27082 27082 I chatty  : uid=9001(mot_pwric) expire 2 lines
11-26 14:34:49.193  1789 10955 D NetlinkSocketObserver: NeighborEvent{elapsedMs=328027049, 192.168.178.1, [5C4979705309], RTM_NEWNEIGH, NUD_STALE}
11-26 14:34:51.011   296  1753 E NetlinkEvent: NetlinkEvent::FindParam(): Parameter 'UID' not found
11-26 14:34:52.685 27083 27083 I chatty  : uid=9001(mot_pwric) expire 2 lines
11-26 14:34:57.713 27084 27084 I chatty  : uid=9001(mot_pwric) expire 2 lines
11-26 14:34:58.792  1789 10955 D NetlinkSocketObserver: NeighborEvent{elapsedMs=328036648, 192.168.178.1, [5C4979705309], RTM_NEWNEIGH, NUD_STALE}
11-26 14:35:01.738 27085 27085 I chatty  : uid=9001(mot_pwric) expire 2 lines
11-26 14:35:06.072   296  1753 E NetlinkEvent: NetlinkEvent::FindParam(): Parameter 'UID' not found
11-26 14:35:06.764 27086 27086 I chatty  : uid=9001(mot_pwric) expire 2 lines
11-26 14:35:08.392  1789 10955 D NetlinkSocketObserver: NeighborEvent{elapsedMs=328046249, 192.168.178.1, [5C4979705309], RTM_NEWNEIGH, NUD_STALE}
11-26 14:35:11.793 27087 27087 I chatty  : uid=9001(mot_pwric) expire 2 lines
11-26 14:35:16.819 27088 27088 I chatty  : uid=9001(mot_pwric) expire 2 lines
11-26 14:35:17.992  1789 10955 D NetlinkSocketObserver: NeighborEvent{elapsedMs=328055848, 192.168.178.1, [5C4979705309], RTM_NEWNEIGH, NUD_STALE}
11-26 14:35:21.845 27089 27089 I chatty  : uid=9001(mot_pwric) expire 2 lines
11-26 14:35:26.873 27090 27090 I chatty  : uid=9001(mot_pwric) expire 2 lines
11-26 14:35:27.592  1789 10955 D NetlinkSocketObserver: NeighborEvent{elapsedMs=328065449, 192.168.178.1, [5C4979705309], RTM_NEWNEIGH, NUD_STALE}
11-26 14:35:31.900 27091 27091 I chatty  : uid=9001(mot_pwric) expire 2 lines
11-26 14:35:36.926 27092 27092 I chatty  : uid=9001(mot_pwric) expire 2 lines
11-26 14:35:37.632  3555  3555 I DownloadManagerWrapper: onReceive() : Charging = true
11-26 14:35:41.953 27093 27093 I chatty  : uid=9001(mot_pwric) expire 2 lines
11-26 14:35:41.973  3555  3555 I DownloadManagerWrapper: onReceive() : Charging = true
11-26 14:35:42.878   296  1753 E NetlinkEvent: NetlinkEvent::FindParam(): Parameter 'UID' not found
11-26 14:35:46.982 27095 27095 I chatty  : uid=9001(mot_pwric) expire 2 lines
11-26 14:35:48.391  1789 10955 D NetlinkSocketObserver: NeighborEvent{elapsedMs=328086247, 192.168.178.1, [5C4979705309], RTM_NEWNEIGH, NUD_STALE}
11-26 14:35:52.010 27097 27097 I chatty  : uid=9001(mot_pwric) expire 2 lines
11-26 14:35:53.241  1789  2914 V AlarmManager: sending alarm {be5e04d type 3 *alarm*:android.intent.action.TIME_TICK}
11-26 14:35:53.243  1789  2914 V AlarmManager: sending alarm {889b203 type 2 *walarm*:com.motorola.slpc.ALARM_MODALITY}
11-26 14:35:53.244  1789  2914 V AlarmManager: sending alarm {718a1b4 type 1 *alarm*:com.droid27.tcw.ACTION_TIME_TICK}
11-26 14:35:53.252  3063  3063 D ModalityService: ModalityListener(): callback onModalityChange() -> 2
11-26 14:35:53.252  1789  1789 V AlarmManager: done {889b203, *walarm*:com.motorola.slpc.ALARM_MODALITY} [12ms]
11-26 14:35:53.252  1789  6283 D ModalityManager: onEndMovement(), package: android
11-26 14:35:53.252  1789  1789 D MotWifiScanMovementListener: MovementListener onEndMovement
11-26 14:35:53.281  1789  1789 V AlarmManager: done {718a1b4, *alarm*:com.droid27.tcw.ACTION_TIME_TICK} [40ms]
11-26 14:35:53.383  1789  1789 V AlarmManager: done {be5e04d, *alarm*:android.intent.action.TIME_TICK} [142ms]
11-26 14:35:57.038 27098 27098 I chatty  : uid=9001(mot_pwric) expire 2 lines
11-26 14:35:57.953   296  1753 E NetlinkEvent: NetlinkEvent::FindParam(): Parameter 'UID' not found
11-26 14:36:02.059 27099 27099 I chatty  : uid=9001(mot_pwric) expire 2 lines
11-26 14:36:07.085 27101 27101 I chatty  : uid=9001(mot_pwric) expire 2 lines
11-26 14:36:09.192  1789 10955 D NetlinkSocketObserver: NeighborEvent{elapsedMs=328107048, 192.168.178.1, [5C4979705309], RTM_NEWNEIGH, NUD_STALE}
11-26 14:36:12.112 27103 27103 I chatty  : uid=9001(mot_pwric) expire 2 lines
11-26 14:36:17.140 27104 27104 I chatty  : uid=9001(mot_pwric) expire 2 lines
11-26 14:36:20.841  3010  3294 I chatty  : uid=10045(com.android.systemui) PhoneStatusBar expire 10 lines
11-26 14:36:22.165 27106 27106 I chatty  : uid=9001(mot_pwric) expire 2 lines
11-26 14:36:27.193 27108 27108 I chatty  : uid=9001(mot_pwric) expire 2 lines
11-26 14:36:29.992  1789 10955 D NetlinkSocketObserver: NeighborEvent{elapsedMs=328127849, 192.168.178.1, [5C4979705309], RTM_NEWNEIGH, NUD_STALE}
11-26 14:36:32.219 27109 27109 I chatty  : uid=9001(mot_pwric) expire 2 lines
11-26 14:36:37.245 27110 27110 I chatty  : uid=9001(mot_pwric) expire 2 lines
11-26 14:36:37.371   296  1753 E NetlinkEvent: NetlinkEvent::FindParam(): Parameter 'UID' not found
11-26 14:36:37.631  3555  3555 I DownloadManagerWrapper: onReceive() : Charging = true
11-26 14:36:42.135  3555  3555 I DownloadManagerWrapper: onReceive() : Charging = true
11-26 14:36:42.271 27111 27111 I chatty  : uid=9001(mot_pwric) expire 2 lines
11-26 14:36:47.298 27112 27112 I chatty  : uid=9001(mot_pwric) expire 2 lines
11-26 14:36:50.791  1789 10955 D NetlinkSocketObserver: NeighborEvent{elapsedMs=328148648, 192.168.178.1, [5C4979705309], RTM_NEWNEIGH, NUD_STALE}
11-26 14:36:52.323 27113 27113 I chatty  : uid=9001(mot_pwric) expire 2 lines
11-26 14:36:57.351 27114 27114 I chatty  : uid=9001(mot_pwric) expire 2 lines
11-26 14:36:57.912   296  1753 E NetlinkEvent: NetlinkEvent::FindParam(): Parameter 'UID' not found
11-26 14:37:02.378 27115 27115 I chatty  : uid=9001(mot_pwric) expire 2 lines
11-26 14:37:07.404 27117 27117 I chatty  : uid=9001(mot_pwric) expire 2 lines
11-26 14:37:11.592  1789 10955 D NetlinkSocketObserver: NeighborEvent{elapsedMs=328169449, 192.168.178.1, [5C4979705309], RTM_NEWNEIGH, NUD_STALE}
11-26 14:37:12.432 27119 27119 I chatty  : uid=9001(mot_pwric) expire 2 lines
11-26 14:37:17.459 27120 27120 I chatty  : uid=9001(mot_pwric) expire 2 lines
11-26 14:37:22.484 27121 27121 I chatty  : uid=9001(mot_pwric) expire 2 lines
11-26 14:37:27.512 27122 27122 I chatty  : uid=9001(mot_pwric) expire 2 lines
11-26 14:37:32.392  1789 10955 D NetlinkSocketObserver: NeighborEvent{elapsedMs=328190249, 192.168.178.1, [5C4979705309], RTM_NEWNEIGH, NUD_STALE}
11-26 14:37:32.538 27123 27123 I chatty  : uid=9001(mot_pwric) expire 2 lines
11-26 14:37:37.566 27124 27124 I chatty  : uid=9001(mot_pwric) expire 2 lines
11-26 14:37:37.623  3555  3555 I DownloadManagerWrapper: onReceive() : Charging = true
11-26 14:37:42.302  3555  3555 I DownloadManagerWrapper: onReceive() : Charging = true
11-26 14:37:42.594 27125 27125 I chatty  : uid=9001(mot_pwric) expire 2 lines
11-26 14:37:47.620 27126 27126 I chatty  : uid=9001(mot_pwric) expire 2 lines
11-26 14:37:52.645 27127 27127 I chatty  : uid=9001(mot_pwric) expire 2 lines
11-26 14:37:53.193  1789 10955 D NetlinkSocketObserver: NeighborEvent{elapsedMs=328211049, 192.168.178.1, [5C4979705309], RTM_NEWNEIGH, NUD_STALE}
11-26 14:37:57.674 27128 27128 I chatty  : uid=9001(mot_pwric) expire 2 lines
11-26 14:38:00.002  1789  2914 V AlarmManager: sending alarm {be5e04d type 3 *alarm*:android.intent.action.TIME_TICK}
11-26 14:38:00.004  1789  2914 V AlarmManager: sending alarm {718a1b4 type 1 *alarm*:com.droid27.tcw.ACTION_TIME_TICK}
11-26 14:38:00.007  1789  2914 V AlarmManager: sending alarm {718a1b4 type 1 *alarm*:com.droid27.tcw.ACTION_TIME_TICK}
11-26 14:38:00.008  1789  2914 V AlarmManager: sending alarm {718a1b4 type 1 *alarm*:com.droid27.tcw.ACTION_TIME_TICK}
11-26 14:38:00.042  1789  1789 V AlarmManager: done {718a1b4, *alarm*:com.droid27.tcw.ACTION_TIME_TICK} [40ms]
11-26 14:38:00.066  1789  1789 V AlarmManager: done {718a1b4, *alarm*:com.droid27.tcw.ACTION_TIME_TICK} [65ms]
11-26 14:38:00.087  1789  1789 V AlarmManager: done {718a1b4, *alarm*:com.droid27.tcw.ACTION_TIME_TICK} [86ms]
11-26 14:38:00.135  1789  1789 V AlarmManager: done {be5e04d, *alarm*:android.intent.action.TIME_TICK} [133ms]
11-26 14:38:02.711 27129 27129 I chatty  : uid=9001(mot_pwric) expire 2 lines
11-26 14:38:06.507  1789  2914 V AlarmManager: sending alarm {c86e5ae type 2 *walarm*:com.whatsapp.messaging.h.CLIENT_PINGER_ACTION}
11-26 14:38:06.511  1789  1789 V AlarmManager: done {c86e5ae, *walarm*:com.whatsapp.messaging.h.CLIENT_PINGER_ACTION} [5ms]
11-26 14:38:06.514   296  1753 E NetlinkEvent: NetlinkEvent::FindParam(): Parameter 'UID' not found
11-26 14:38:06.737 27130 27130 I chatty  : uid=9001(mot_pwric) expire 2 lines
11-26 14:38:11.763 27131 27131 I chatty  : uid=9001(mot_pwric) expire 2 lines
11-26 14:38:16.792 27132 27132 I chatty  : uid=9001(mot_pwric) expire 2 lines
11-26 14:38:21.819 27133 27133 I chatty  : uid=9001(mot_pwric) expire 2 lines
11-26 14:38:21.831   296  1753 E NetlinkEvent: NetlinkEvent::FindParam(): Parameter 'UID' not found
11-26 14:38:26.847 27136 27136 I chatty  : uid=9001(mot_pwric) expire 2 lines
11-26 14:38:27.592  1789 10955 D NetlinkSocketObserver: NeighborEvent{elapsedMs=328245449, 192.168.178.1, [5C4979705309], RTM_NEWNEIGH, NUD_STALE}
11-26 14:38:31.875 27138 27138 I chatty  : uid=9001(mot_pwric) expire 2 lines
11-26 14:38:36.901 27139 27139 I chatty  : uid=9001(mot_pwric) expire 2 lines
11-26 14:38:37.625  3555  3555 I DownloadManagerWrapper: onReceive() : Charging = true
11-26 14:38:41.929 27140 27140 I chatty  : uid=9001(mot_pwric) expire 2 lines
11-26 14:38:42.478  3555  3555 I DownloadManagerWrapper: onReceive() : Charging = true
11-26 14:38:46.958 27141 27141 I chatty  : uid=9001(mot_pwric) expire 2 lines
11-26 14:38:48.392  1789 10955 D NetlinkSocketObserver: NeighborEvent{elapsedMs=328266249, 192.168.178.1, [5C4979705309], RTM_NEWNEIGH, NUD_STALE}
11-26 14:38:51.984 27143 27143 I chatty  : uid=9001(mot_pwric) expire 2 lines
11-26 14:38:57.018 27145 27145 I chatty  : uid=9001(mot_pwric) expire 2 lines
11-26 14:39:02.044 27146 27146 I chatty  : uid=9001(mot_pwric) expire 2 lines
11-26 14:39:07.071 27147 27147 I chatty  : uid=9001(mot_pwric) expire 2 lines
11-26 14:39:09.193  1789 10955 D NetlinkSocketObserver: NeighborEvent{elapsedMs=328287049, 192.168.178.1, [5C4979705309], RTM_NEWNEIGH, NUD_STALE}
11-26 14:39:12.098 27148 27148 I chatty  : uid=9001(mot_pwric) expire 2 lines
11-26 14:39:17.124 27149 27149 I chatty  : uid=9001(mot_pwric) expire 2 lines
11-26 14:39:22.152 27150 27150 I chatty  : uid=9001(mot_pwric) expire 2 lines
11-26 14:39:27.178 27151 27151 I chatty  : uid=9001(mot_pwric) expire 2 lines
11-26 14:39:29.991  1789 10955 D NetlinkSocketObserver: NeighborEvent{elapsedMs=328307847, 192.168.178.1, [5C4979705309], RTM_NEWNEIGH, NUD_STALE}
11-26 14:39:32.205 27153 27153 I chatty  : uid=9001(mot_pwric) expire 2 lines
11-26 14:39:37.233 27154 27154 I chatty  : uid=9001(mot_pwric) expire 2 lines
11-26 14:39:37.633  3555  3555 I DownloadManagerWrapper: onReceive() : Charging = true
11-26 14:39:42.260 27155 27155 I chatty  : uid=9001(mot_pwric) expire 2 lines
11-26 14:39:47.285 27157 27157 I chatty  : uid=9001(mot_pwric) expire 2 lines
11-26 14:39:50.792  1789 10955 D NetlinkSocketObserver: NeighborEvent{elapsedMs=328328648, 192.168.178.1, [5C4979705309], RTM_NEWNEIGH, NUD_STALE}
11-26 14:39:51.504  1789  2914 V AlarmManager: sending alarm {be5e04d type 3 *alarm*:android.intent.action.TIME_TICK}
11-26 14:39:51.506  1789  2914 V AlarmManager: sending alarm {77c8dd4 type 2 *walarm*:com.whatsapp.messaging.h.LOGOUT_ACTION}
11-26 14:39:51.507  1789  2914 V AlarmManager: sending alarm {718a1b4 type 1 *alarm*:com.droid27.tcw.ACTION_TIME_TICK}
11-26 14:39:51.512  1789  1789 V AlarmManager: done {77c8dd4, *walarm*:com.whatsapp.messaging.h.LOGOUT_ACTION} [8ms]
11-26 14:39:51.513   296  1753 E NetlinkEvent: NetlinkEvent::FindParam(): Parameter 'UID' not found
11-26 14:39:51.540  1789  1789 V AlarmManager: done {718a1b4, *alarm*:com.droid27.tcw.ACTION_TIME_TICK} [36ms]
11-26 14:39:51.639  1789  1789 V AlarmManager: done {be5e04d, *alarm*:android.intent.action.TIME_TICK} [136ms]
11-26 14:39:51.848  1789  6032 I ActivityManager: Killing 26836:com.android.settings/1000 (adj 13): empty #7
11-26 14:39:52.314 27160 27160 I chatty  : uid=9001(mot_pwric) expire 2 lines
11-26 14:39:57.342 27162 27162 I chatty  : uid=9001(mot_pwric) expire 2 lines
11-26 14:39:57.807  3010  3294 I chatty  : uid=10045(com.android.systemui) PhoneStatusBar expire 10 lines
11-26 14:40:02.370 27164 27164 I chatty  : uid=9001(mot_pwric) expire 2 lines
11-26 14:40:07.032   296  1753 E NetlinkEvent: NetlinkEvent::FindParam(): Parameter 'UID' not found
11-26 14:40:07.398 27165 27165 I chatty  : uid=9001(mot_pwric) expire 2 lines
11-26 14:40:12.424 27166 27166 I chatty  : uid=9001(mot_pwric) expire 2 lines
11-26 14:40:13.093  1789 10955 D NetlinkSocketObserver: NeighborEvent{elapsedMs=328350949, 192.168.178.1, [5C4979705309], RTM_NEWNEIGH, NUD_STALE}
11-26 14:40:17.452 27167 27167 I chatty  : uid=9001(mot_pwric) expire 2 lines
11-26 14:40:22.479 27168 27168 I chatty  : uid=9001(mot_pwric) expire 2 lines
11-26 14:40:27.505 27169 27169 I chatty  : uid=9001(mot_pwric) expire 2 lines
11-26 14:40:32.533 27170 27170 I chatty  : uid=9001(mot_pwric) expire 2 lines
11-26 14:40:33.912  1789 10955 D NetlinkSocketObserver: NeighborEvent{elapsedMs=328371768, 192.168.178.1, [5C4979705309], RTM_NEWNEIGH, NUD_STALE}
11-26 14:40:37.560 27171 27171 I chatty  : uid=9001(mot_pwric) expire 2 lines
11-26 14:40:37.629  3555  3555 I DownloadManagerWrapper: onReceive() : Charging = true
11-26 14:40:42.585 27172 27172 I chatty  : uid=9001(mot_pwric) expire 2 lines
11-26 14:40:42.774  3555  3555 I DownloadManagerWrapper: onReceive() : Charging = true
11-26 14:40:47.612 27173 27173 I chatty  : uid=9001(mot_pwric) expire 2 lines
11-26 14:40:52.639 27174 27174 I chatty  : uid=9001(mot_pwric) expire 2 lines
11-26 14:40:55.212  1789 10955 D NetlinkSocketObserver: NeighborEvent{elapsedMs=328393069, 192.168.178.1, [5C4979705309], RTM_NEWNEIGH, NUD_STALE}
11-26 14:40:57.659 27176 27176 I chatty  : uid=9001(mot_pwric) expire 2 lines
11-26 14:41:02.684 27178 27178 E NEW_BHD : Battery Power Supply logging Daemon start!!!!!
11-26 14:41:02.685 27178 27178 E NEW_BHD : Cannot run on production devices!
11-26 14:41:07.713 27179 27179 E NEW_BHD : Battery Power Supply logging Daemon start!!!!!
11-26 14:41:07.713 27179 27179 E NEW_BHD : Cannot run on production devices!
11-26 14:41:11.739 27180 27180 E NEW_BHD : Battery Power Supply logging Daemon start!!!!!
11-26 14:41:11.740 27180 27180 E NEW_BHD : Cannot run on production devices!
11-26 14:41:16.072  1789 10955 D NetlinkSocketObserver: NeighborEvent{elapsedMs=328413928, 192.168.178.1, [5C4979705309], RTM_NEWNEIGH, NUD_STALE}
11-26 14:41:16.764 27187 27187 E NEW_BHD : Battery Power Supply logging Daemon start!!!!!
11-26 14:41:16.765 27187 27187 E NEW_BHD : Cannot run on production devices!
11-26 14:41:21.791 27188 27188 E NEW_BHD : Battery Power Supply logging Daemon start!!!!!
11-26 14:41:21.792 27188 27188 E NEW_BHD : Cannot run on production devices!
11-26 14:41:26.816 27189 27189 E NEW_BHD : Battery Power Supply logging Daemon start!!!!!
11-26 14:41:26.817 27189 27189 E NEW_BHD : Cannot run on production devices!
11-26 14:41:31.841 27196 27196 E NEW_BHD : Battery Power Supply logging Daemon start!!!!!
11-26 14:41:31.842 27196 27196 E NEW_BHD : Cannot run on production devices!
11-26 14:41:36.865 27197 27197 E NEW_BHD : Battery Power Supply logging Daemon start!!!!!
11-26 14:41:36.865 27197 27197 E NEW_BHD : Cannot run on production devices!
11-26 14:41:36.951  1789 10955 D NetlinkSocketObserver: NeighborEvent{elapsedMs=328434807, 192.168.178.1, [5C4979705309], RTM_NEWNEIGH, NUD_STALE}
11-26 14:41:37.618  3555  3555 I DownloadManagerWrapper: onReceive() : Charging = true
11-26 14:41:41.891 27198 27198 E NEW_BHD : Battery Power Supply logging Daemon start!!!!!
11-26 14:41:41.892 27198 27198 E NEW_BHD : Cannot run on production devices!
11-26 14:41:42.948  3555  3555 I DownloadManagerWrapper: onReceive() : Charging = true
11-26 14:41:46.916 27205 27205 E NEW_BHD : Battery Power Supply logging Daemon start!!!!!
11-26 14:41:46.917 27205 27205 E NEW_BHD : Cannot run on production devices!
11-26 14:41:51.941 27207 27207 E NEW_BHD : Battery Power Supply logging Daemon start!!!!!
11-26 14:41:51.942 27207 27207 E NEW_BHD : Cannot run on production devices!
11-26 14:41:56.964 27208 27208 E NEW_BHD : Battery Power Supply logging Daemon start!!!!!
11-26 14:41:56.965 27208 27208 E NEW_BHD : Cannot run on production devices!
11-26 14:41:57.831  1789 10955 D NetlinkSocketObserver: NeighborEvent{elapsedMs=328455687, 192.168.178.1, [5C4979705309], RTM_NEWNEIGH, NUD_STALE}
11-26 14:42:01.991 27209 27209 E NEW_BHD : Battery Power Supply logging Daemon start!!!!!
11-26 14:42:01.992 27209 27209 E NEW_BHD : Cannot run on production devices!
11-26 14:42:07.018 27210 27210 E NEW_BHD : Battery Power Supply logging Daemon start!!!!!
11-26 14:42:07.019 27210 27210 E NEW_BHD : Cannot run on production devices!
11-26 14:42:12.043 27211 27211 E NEW_BHD : Battery Power Supply logging Daemon start!!!!!
11-26 14:42:12.044 27211 27211 E NEW_BHD : Cannot run on production devices!
11-26 14:42:17.067 27216 27216 E NEW_BHD : Battery Power Supply logging Daemon start!!!!!
11-26 14:42:17.068 27216 27216 E NEW_BHD : Cannot run on production devices!
11-26 14:42:18.713  1789 10955 D NetlinkSocketObserver: NeighborEvent{elapsedMs=328476569, 192.168.178.1, [5C4979705309], RTM_NEWNEIGH, NUD_STALE}
11-26 14:42:22.093 27219 27219 E NEW_BHD : Battery Power Supply logging Daemon start!!!!!
11-26 14:42:22.094 27219 27219 E NEW_BHD : Cannot run on production devices!
11-26 14:42:27.118 27221 27221 E NEW_BHD : Battery Power Supply logging Daemon start!!!!!
11-26 14:42:27.119 27221 27221 E NEW_BHD : Cannot run on production devices!
11-26 14:42:32.142 27223 27223 E NEW_BHD : Battery Power Supply logging Daemon start!!!!!
11-26 14:42:32.143 27223 27223 E NEW_BHD : Cannot run on production devices!
11-26 14:42:37.165 27224 27224 E NEW_BHD : Battery Power Supply logging Daemon start!!!!!
11-26 14:42:37.166 27224 27224 E NEW_BHD : Cannot run on production devices!
11-26 14:42:37.626  3555  3555 I DownloadManagerWrapper: onReceive() : Charging = true
11-26 14:42:39.592  1789 10955 D NetlinkSocketObserver: NeighborEvent{elapsedMs=328497449, 192.168.178.1, [5C4979705309], RTM_NEWNEIGH, NUD_STALE}
11-26 14:42:42.194 27225 27225 E NEW_BHD : Battery Power Supply logging Daemon start!!!!!
11-26 14:42:42.195 27225 27225 E NEW_BHD : Cannot run on production devices!
11-26 14:42:43.112  3555  3555 I DownloadManagerWrapper: onReceive() : Charging = true
11-26 14:42:47.221 27226 27226 E NEW_BHD : Battery Power Supply logging Daemon start!!!!!
11-26 14:42:47.222 27226 27226 E NEW_BHD : Cannot run on production devices!
11-26 14:42:52.248 27227 27227 E NEW_BHD : Battery Power Supply logging Daemon start!!!!!
11-26 14:42:52.249 27227 27227 E NEW_BHD : Cannot run on production devices!
11-26 14:42:57.277 27228 27228 E NEW_BHD : Battery Power Supply logging Daemon start!!!!!
11-26 14:42:57.277 27228 27228 E NEW_BHD : Cannot run on production devices!
11-26 14:43:00.473  1789 10955 D NetlinkSocketObserver: NeighborEvent{elapsedMs=328518329, 192.168.178.1, [5C4979705309], RTM_NEWNEIGH, NUD_STALE}
11-26 14:43:02.302 27229 27229 E NEW_BHD : Battery Power Supply logging Daemon start!!!!!
11-26 14:43:02.303 27229 27229 E NEW_BHD : Cannot run on production devices!
11-26 14:43:07.329 27230 27230 E NEW_BHD : Battery Power Supply logging Daemon start!!!!!
11-26 14:43:07.331 27230 27230 E NEW_BHD : Cannot run on production devices!
11-26 14:43:12.358 27231 27231 E NEW_BHD : Battery Power Supply logging Daemon start!!!!!
11-26 14:43:12.359 27231 27231 E NEW_BHD : Cannot run on production devices!
11-26 14:43:17.384 27232 27232 E NEW_BHD : Battery Power Supply logging Daemon start!!!!!
11-26 14:43:17.385 27232 27232 E NEW_BHD : Cannot run on production devices!
11-26 14:43:21.352  1789 10955 D NetlinkSocketObserver: NeighborEvent{elapsedMs=328539208, 192.168.178.1, [5C4979705309], RTM_NEWNEIGH, NUD_STALE}
11-26 14:43:22.412 27234 27234 E NEW_BHD : Battery Power Supply logging Daemon start!!!!!
11-26 14:43:22.413 27234 27234 E NEW_BHD : Cannot run on production devices!
11-26 14:43:27.440 27237 27237 E NEW_BHD : Battery Power Supply logging Daemon start!!!!!
11-26 14:43:27.441 27237 27237 E NEW_BHD : Cannot run on production devices!
11-26 14:43:32.466 27239 27239 E NEW_BHD : Battery Power Supply logging Daemon start!!!!!
11-26 14:43:32.466 27239 27239 E NEW_BHD : Cannot run on production devices!
11-26 14:43:37.494 27240 27240 E NEW_BHD : Battery Power Supply logging Daemon start!!!!!
11-26 14:43:37.495 27240 27240 E NEW_BHD : Cannot run on production devices!
11-26 14:43:42.234  1789 10955 D NetlinkSocketObserver: NeighborEvent{elapsedMs=328560090, 192.168.178.1, [5C4979705309], RTM_NEWNEIGH, NUD_STALE}
11-26 14:43:42.521 27241 27241 E NEW_BHD : Battery Power Supply logging Daemon start!!!!!
11-26 14:43:42.522 27241 27241 E NEW_BHD : Cannot run on production devices!
11-26 14:43:47.550 27244 27244 E NEW_BHD : Battery Power Supply logging Daemon start!!!!!
11-26 14:43:47.552 27244 27244 E NEW_BHD : Cannot run on production devices!
11-26 14:43:52.579 27245 27245 E NEW_BHD : Battery Power Supply logging Daemon start!!!!!
11-26 14:43:52.580 27245 27245 E NEW_BHD : Cannot run on production devices!
11-26 14:43:57.604 27246 27246 E NEW_BHD : Battery Power Supply logging Daemon start!!!!!
11-26 14:43:57.605 27246 27246 E NEW_BHD : Cannot run on production devices!
11-26 14:44:02.633 27247 27247 E NEW_BHD : Battery Power Supply logging Daemon start!!!!!
11-26 14:44:02.634 27247 27247 E NEW_BHD : Cannot run on production devices!
11-26 14:44:03.113  1789 10955 D NetlinkSocketObserver: NeighborEvent{elapsedMs=328580969, 192.168.178.1, [5C4979705309], RTM_NEWNEIGH, NUD_STALE}
11-26 14:44:07.659 27248 27248 E NEW_BHD : Battery Power Supply logging Daemon start!!!!!
11-26 14:44:07.660 27248 27248 E NEW_BHD : Cannot run on production devices!
11-26 14:44:12.685 27249 27249 E NEW_BHD : Battery Power Supply logging Daemon start!!!!!
11-26 14:44:12.686 27249 27249 E NEW_BHD : Cannot run on production devices!
11-26 14:44:17.713 27250 27250 E NEW_BHD : Battery Power Supply logging Daemon start!!!!!
11-26 14:44:17.714 27250 27250 E NEW_BHD : Cannot run on production devices!
11-26 14:44:21.740 27251 27251 E NEW_BHD : Battery Power Supply logging Daemon start!!!!!
11-26 14:44:21.741 27251 27251 E NEW_BHD : Cannot run on production devices!
11-26 14:44:23.992  1789 10955 D NetlinkSocketObserver: NeighborEvent{elapsedMs=328601849, 192.168.178.1, [5C4979705309], RTM_NEWNEIGH, NUD_STALE}
11-26 14:44:24.034  3010  3294 I chatty  : uid=10045(com.android.systemui) PhoneStatusBar expire 4 lines
11-26 14:44:26.765 27254 27254 E NEW_BHD : Battery Power Supply logging Daemon start!!!!!
11-26 14:44:26.766 27254 27254 E NEW_BHD : Cannot run on production devices!
11-26 14:44:31.790 27255 27255 E NEW_BHD : Battery Power Supply logging Daemon start!!!!!
11-26 14:44:31.792 27255 27255 E NEW_BHD : Cannot run on production devices!
11-26 14:44:36.818 27256 27256 E NEW_BHD : Battery Power Supply logging Daemon start!!!!!
11-26 14:44:36.818 27256 27256 E NEW_BHD : Cannot run on production devices!
11-26 14:44:37.625  3555  3555 I DownloadManagerWrapper: onReceive() : Charging = true
11-26 14:44:41.844 27259 27259 E NEW_BHD : Battery Power Supply logging Daemon start!!!!!
11-26 14:44:41.845 27259 27259 E NEW_BHD : Cannot run on production devices!
11-26 14:44:43.434  3555  3555 I DownloadManagerWrapper: onReceive() : Charging = true
11-26 14:44:44.873  1789 10955 D NetlinkSocketObserver: NeighborEvent{elapsedMs=328622729, 192.168.178.1, [5C4979705309], RTM_NEWNEIGH, NUD_STALE}
11-26 14:44:46.873 27260 27260 E NEW_BHD : Battery Power Supply logging Daemon start!!!!!
11-26 14:44:46.874 27260 27260 E NEW_BHD : Cannot run on production devices!
11-26 14:44:51.904 27261 27261 E NEW_BHD : Battery Power Supply logging Daemon start!!!!!
11-26 14:44:51.905 27261 27261 E NEW_BHD : Cannot run on production devices!
11-26 14:44:52.207  3010  3294 I NetworkController.MotorolaMobileSignalController(1): MotorolaMobilePhoneStateListener.onSignalStrengthsChanged: Entered: signalStrength=SignalStrength: 19 0 -120 -160 -120 -1 -1 99 2147483647 2147483647 2147483647 2147483647 2147483647 gsm|lte level=4
11-26 14:44:56.933 27264 27264 E NEW_BHD : Battery Power Supply logging Daemon start!!!!!
11-26 14:44:56.934 27264 27264 E NEW_BHD : Cannot run on production devices!
11-26 14:44:57.325  3010  3294 I NetworkController.MotorolaMobileSignalController(1): MotorolaMobilePhoneStateListener.onSignalStrengthsChanged: Entered: signalStrength=SignalStrength: 19 0 -120 -160 -120 -1 -1 99 2147483647 2147483647 2147483647 2147483647 2147483647 gsm|lte level=4
11-26 14:45:01.960 27266 27266 E NEW_BHD : Battery Power Supply logging Daemon start!!!!!
11-26 14:45:01.961 27266 27266 E NEW_BHD : Cannot run on production devices!
11-26 14:45:05.752  1789 10955 D NetlinkSocketObserver: NeighborEvent{elapsedMs=328643608, 192.168.178.1, [5C4979705309], RTM_NEWNEIGH, NUD_STALE}
11-26 14:45:06.986 27267 27267 E NEW_BHD : Battery Power Supply logging Daemon start!!!!!
11-26 14:45:06.987 27267 27267 E NEW_BHD : Cannot run on production devices!
11-26 14:45:10.125  3010  3294 I NetworkController.MotorolaMobileSignalController(1): MotorolaMobilePhoneStateListener.onSignalStrengthsChanged: Entered: signalStrength=SignalStrength: 19 0 -120 -160 -120 -1 -1 99 2147483647 2147483647 2147483647 2147483647 2147483647 gsm|lte level=4
11-26 14:45:12.015 27269 27269 E NEW_BHD : Battery Power Supply logging Daemon start!!!!!
11-26 14:45:12.016 27269 27269 E NEW_BHD : Cannot run on production devices!
11-26 14:45:12.689  3010  3294 I NetworkController.MotorolaMobileSignalController(1): MotorolaMobilePhoneStateListener.onSignalStrengthsChanged: Entered: signalStrength=SignalStrength: 19 0 -120 -160 -120 -1 -1 99 2147483647 2147483647 2147483647 2147483647 2147483647 gsm|lte level=4
11-26 14:45:15.247  3010  3294 I NetworkController.MotorolaMobileSignalController(1): MotorolaMobilePhoneStateListener.onSignalStrengthsChanged: Entered: signalStrength=SignalStrength: 19 0 -120 -160 -120 -1 -1 99 2147483647 2147483647 2147483647 2147483647 2147483647 gsm|lte level=4
11-26 14:45:17.041 27272 27272 E NEW_BHD : Battery Power Supply logging Daemon start!!!!!
11-26 14:45:17.042 27272 27272 E NEW_BHD : Cannot run on production devices!
11-26 14:45:22.069 27273 27273 E NEW_BHD : Battery Power Supply logging Daemon start!!!!!
11-26 14:45:22.070 27273 27273 E NEW_BHD : Cannot run on production devices!
11-26 14:45:26.632  1789 10955 D NetlinkSocketObserver: NeighborEvent{elapsedMs=328664489, 192.168.178.1, [5C4979705309], RTM_NEWNEIGH, NUD_STALE}
11-26 14:45:27.097 27274 27274 E NEW_BHD : Battery Power Supply logging Daemon start!!!!!
11-26 14:45:27.098 27274 27274 E NEW_BHD : Cannot run on production devices!
11-26 14:45:32.123 27275 27275 E NEW_BHD : Battery Power Supply logging Daemon start!!!!!
11-26 14:45:32.124 27275 27275 E NEW_BHD : Cannot run on production devices!
11-26 14:45:37.152 27276 27276 E NEW_BHD : Battery Power Supply logging Daemon start!!!!!
11-26 14:45:37.152 27276 27276 E NEW_BHD : Cannot run on production devices!
11-26 14:45:37.632  3555  3555 I DownloadManagerWrapper: onReceive() : Charging = true
11-26 14:45:42.179 27277 27277 E NEW_BHD : Battery Power Supply logging Daemon start!!!!!
11-26 14:45:42.179 27277 27277 E NEW_BHD : Cannot run on production devices!
11-26 14:45:43.598  3555  3555 I DownloadManagerWrapper: onReceive() : Charging = true
11-26 14:45:46.102  1789  2914 V AlarmManager: sending alarm {be5e04d type 3 *alarm*:android.intent.action.TIME_TICK}
11-26 14:45:46.103  1789  2914 V AlarmManager: sending alarm {9372b7d type 2 *walarm*:CONTEXT_MANAGER_ALARM_WAKEUP_56598}
11-26 14:45:46.104  1789  2914 V AlarmManager: sending alarm {718a1b4 type 1 *alarm*:com.droid27.tcw.ACTION_TIME_TICK}
11-26 14:45:46.104  1789  2914 V AlarmManager: sending alarm {718a1b4 type 1 *alarm*:com.droid27.tcw.ACTION_TIME_TICK}
11-26 14:45:46.104  1789  2914 V AlarmManager: sending alarm {718a1b4 type 1 *alarm*:com.droid27.tcw.ACTION_TIME_TICK}
11-26 14:45:46.105  1789  2914 V AlarmManager: sending alarm {718a1b4 type 1 *alarm*:com.droid27.tcw.ACTION_TIME_TICK}
11-26 14:45:46.105  1789  2914 V AlarmManager: sending alarm {718a1b4 type 1 *alarm*:com.droid27.tcw.ACTION_TIME_TICK}
11-26 14:45:46.105  1789  2914 V AlarmManager: sending alarm {718a1b4 type 1 *alarm*:com.droid27.tcw.ACTION_TIME_TICK}
11-26 14:45:46.114  1789  1789 V AlarmManager: done {9372b7d, *walarm*:CONTEXT_MANAGER_ALARM_WAKEUP_56598} [12ms]
11-26 14:45:46.241  1789  1789 V AlarmManager: done {718a1b4, *alarm*:com.droid27.tcw.ACTION_TIME_TICK} [139ms]
11-26 14:45:46.261  1789  1789 V AlarmManager: done {718a1b4, *alarm*:com.droid27.tcw.ACTION_TIME_TICK} [159ms]
11-26 14:45:46.280  1789  1789 V AlarmManager: done {718a1b4, *alarm*:com.droid27.tcw.ACTION_TIME_TICK} [178ms]
11-26 14:45:46.299  1789  1789 V AlarmManager: done {718a1b4, *alarm*:com.droid27.tcw.ACTION_TIME_TICK} [196ms]
11-26 14:45:46.318  1789  1789 V AlarmManager: done {718a1b4, *alarm*:com.droid27.tcw.ACTION_TIME_TICK} [215ms]
11-26 14:45:46.337  1789  1789 V AlarmManager: done {718a1b4, *alarm*:com.droid27.tcw.ACTION_TIME_TICK} [235ms]
11-26 14:45:46.340  1789  1789 V AlarmManager: done {be5e04d, *alarm*:android.intent.action.TIME_TICK} [237ms]
11-26 14:45:47.204 27279 27279 E NEW_BHD : Battery Power Supply logging Daemon start!!!!!
11-26 14:45:47.205 27279 27279 E NEW_BHD : Cannot run on production devices!
11-26 14:45:47.512  1789 10955 D NetlinkSocketObserver: NeighborEvent{elapsedMs=328685369, 192.168.178.1, [5C4979705309], RTM_NEWNEIGH, NUD_STALE}
11-26 14:45:52.233 27280 27280 E NEW_BHD : Battery Power Supply logging Daemon start!!!!!
11-26 14:45:52.234 27280 27280 E NEW_BHD : Cannot run on production devices!
11-26 14:45:57.261 27281 27281 E NEW_BHD : Battery Power Supply logging Daemon start!!!!!
11-26 14:45:57.262 27281 27281 E NEW_BHD : Cannot run on production devices!
11-26 14:45:58.072  1789 10955 D NetlinkSocketObserver: NeighborEvent{elapsedMs=328695928, 192.168.178.1, [5C4979705309], RTM_NEWNEIGH, NUD_STALE}
11-26 14:46:02.291 27282 27282 E NEW_BHD : Battery Power Supply logging Daemon start!!!!!
11-26 14:46:02.292 27282 27282 E NEW_BHD : Cannot run on production devices!
11-26 14:46:07.317 27283 27283 E NEW_BHD : Battery Power Supply logging Daemon start!!!!!
11-26 14:46:07.318 27283 27283 E NEW_BHD : Cannot run on production devices!
11-26 14:46:08.632  1789 10955 D NetlinkSocketObserver: NeighborEvent{elapsedMs=328706489, 192.168.178.1, [5C4979705309], RTM_NEWNEIGH, NUD_STALE}
11-26 14:46:12.343 27284 27284 E NEW_BHD : Battery Power Supply logging Daemon start!!!!!
11-26 14:46:12.344 27284 27284 E NEW_BHD : Cannot run on production devices!
11-26 14:46:17.371 27285 27285 E NEW_BHD : Battery Power Supply logging Daemon start!!!!!
11-26 14:46:17.372 27285 27285 E NEW_BHD : Cannot run on production devices!
11-26 14:46:19.192  1789 10955 D NetlinkSocketObserver: NeighborEvent{elapsedMs=328717049, 192.168.178.1, [5C4979705309], RTM_NEWNEIGH, NUD_STALE}
11-26 14:46:21.801  3010  3294 I NetworkController.MotorolaMobileSignalController(1): MotorolaMobilePhoneStateListener.onSignalStrengthsChanged: Entered: signalStrength=SignalStrength: 19 0 -120 -160 -120 -1 -1 99 2147483647 2147483647 2147483647 2147483647 2147483647 gsm|lte level=4
11-26 14:46:22.398 27287 27287 E NEW_BHD : Battery Power Supply logging Daemon start!!!!!
11-26 14:46:22.399 27287 27287 E NEW_BHD : Cannot run on production devices!
11-26 14:46:26.923  3010  3294 I NetworkController.MotorolaMobileSignalController(1): MotorolaMobilePhoneStateListener.onSignalStrengthsChanged: Entered: signalStrength=SignalStrength: 19 0 -120 -160 -120 -1 -1 99 2147483647 2147483647 2147483647 2147483647 2147483647 gsm|lte level=4
11-26 14:46:27.424 27289 27289 E NEW_BHD : Battery Power Supply logging Daemon start!!!!!
11-26 14:46:27.425 27289 27289 E NEW_BHD : Cannot run on production devices!
11-26 14:46:29.752  1789 10955 D NetlinkSocketObserver: NeighborEvent{elapsedMs=328727609, 192.168.178.1, [5C4979705309], RTM_NEWNEIGH, NUD_STALE}
11-26 14:46:32.452 27290 27290 E NEW_BHD : Battery Power Supply logging Daemon start!!!!!
11-26 14:46:32.453 27290 27290 E NEW_BHD : Cannot run on production devices!
11-26 14:46:37.479 27291 27291 E NEW_BHD : Battery Power Supply logging Daemon start!!!!!
11-26 14:46:37.479 27291 27291 E NEW_BHD : Cannot run on production devices!
11-26 14:46:40.313  1789 10955 D NetlinkSocketObserver: NeighborEvent{elapsedMs=328738169, 192.168.178.1, [5C4979705309], RTM_NEWNEIGH, NUD_STALE}
11-26 14:46:42.504 27292 27292 E NEW_BHD : Battery Power Supply logging Daemon start!!!!!
11-26 14:46:42.505 27292 27292 E NEW_BHD : Cannot run on production devices!
11-26 14:46:43.744  3555  3555 I DownloadManagerWrapper: onReceive() : Charging = true
11-26 14:46:47.408  3010  3294 I NetworkController.MotorolaMobileSignalController(1): MotorolaMobilePhoneStateListener.onSignalStrengthsChanged: Entered: signalStrength=SignalStrength: 19 0 -120 -160 -120 -1 -1 99 2147483647 2147483647 2147483647 2147483647 2147483647 gsm|lte level=4
11-26 14:46:47.532 27294 27294 E NEW_BHD : Battery Power Supply logging Daemon start!!!!!
11-26 14:46:47.533 27294 27294 E NEW_BHD : Cannot run on production devices!
11-26 14:46:49.389  1789  2914 V AlarmManager: sending alarm {be5e04d type 3 *alarm*:android.intent.action.TIME_TICK}
11-26 14:46:49.392  1789  2914 V AlarmManager: sending alarm {a9037fe type 2 *walarm*:com.google.android.gms.gcm.HEARTBEAT_ALARM}
11-26 14:46:49.392  1789  2914 V AlarmManager: sending alarm {718a1b4 type 1 *alarm*:com.droid27.tcw.ACTION_TIME_TICK}
11-26 14:46:49.396   296  1753 E NetlinkEvent: NetlinkEvent::FindParam(): Parameter 'UID' not found
11-26 14:46:49.400  1789  1789 V AlarmManager: done {a9037fe, *walarm*:com.google.android.gms.gcm.HEARTBEAT_ALARM} [12ms]
11-26 14:46:49.430  1789  1789 V AlarmManager: done {718a1b4, *alarm*:com.droid27.tcw.ACTION_TIME_TICK} [41ms]
11-26 14:46:49.527  1789  1789 V AlarmManager: done {be5e04d, *alarm*:android.intent.action.TIME_TICK} [138ms]
11-26 14:46:52.558 27295 27295 E NEW_BHD : Battery Power Supply logging Daemon start!!!!!
11-26 14:46:52.559 27295 27295 E NEW_BHD : Cannot run on production devices!
11-26 14:46:57.584 27296 27296 E NEW_BHD : Battery Power Supply logging Daemon start!!!!!
11-26 14:46:57.585 27296 27296 E NEW_BHD : Cannot run on production devices!
11-26 14:46:59.992  1789 10955 D NetlinkSocketObserver: NeighborEvent{elapsedMs=328757849, 192.168.178.1, [5C4979705309], RTM_NEWNEIGH, NUD_STALE}
11-26 14:47:00.197  3010  3294 I NetworkController.MotorolaMobileSignalController(1): MotorolaMobilePhoneStateListener.onSignalStrengthsChanged: Entered: signalStrength=SignalStrength: 19 0 -120 -160 -120 -1 -1 99 2147483647 2147483647 2147483647 2147483647 2147483647 gsm|lte level=4
11-26 14:47:02.615 27298 27298 E NEW_BHD : Battery Power Supply logging Daemon start!!!!!
11-26 14:47:02.616 27298 27298 E NEW_BHD : Cannot run on production devices!
11-26 14:47:04.472   296  1753 E NetlinkEvent: NetlinkEvent::FindParam(): Parameter 'UID' not found
11-26 14:47:07.641 27299 27299 E NEW_BHD : Battery Power Supply logging Daemon start!!!!!
11-26 14:47:07.642 27299 27299 E NEW_BHD : Cannot run on production devices!
11-26 14:47:10.552  1789 10955 D NetlinkSocketObserver: NeighborEvent{elapsedMs=328768409, 192.168.178.1, [5C4979705309], RTM_NEWNEIGH, NUD_STALE}
11-26 14:47:12.669 27300 27300 E NEW_BHD : Battery Power Supply logging Daemon start!!!!!
11-26 14:47:12.671 27300 27300 E NEW_BHD : Cannot run on production devices!
11-26 14:47:17.697 27301 27301 E NEW_BHD : Battery Power Supply logging Daemon start!!!!!
11-26 14:47:17.698 27301 27301 E NEW_BHD : Cannot run on production devices!
11-26 14:47:21.113  1789 10955 D NetlinkSocketObserver: NeighborEvent{elapsedMs=328778969, 192.168.178.1, [5C4979705309], RTM_NEWNEIGH, NUD_STALE}
11-26 14:47:22.723 27303 27303 E NEW_BHD : Battery Power Supply logging Daemon start!!!!!
11-26 14:47:22.724 27303 27303 E NEW_BHD : Cannot run on production devices!
11-26 14:47:23.237  3010  3294 I NetworkController.MotorolaMobileSignalController(1): MotorolaMobilePhoneStateListener.onSignalStrengthsChanged: Entered: signalStrength=SignalStrength: 19 0 -120 -160 -120 -1 -1 99 2147483647 2147483647 2147483647 2147483647 2147483647 gsm|lte level=4
11-26 14:47:26.751 27305 27305 E NEW_BHD : Battery Power Supply logging Daemon start!!!!!
11-26 14:47:26.752 27305 27305 E NEW_BHD : Cannot run on production devices!
