12-02 04:59:16.433  1789  1789 I chatty  : uid=1000 system_server expire 11 lines
12-02 05:04:16.784   309  1753 E NetlinkEvent: NetlinkEvent::FindParam(): Parameter 'UID' not found
12-02 05:14:14.796   309  1753 E NetlinkEvent: NetlinkEvent::FindParam(): Parameter 'UID' not found
12-02 05:24:16.796   309  1753 E NetlinkEvent: NetlinkEvent::FindParam(): Parameter 'UID' not found
12-02 05:30:19.795  1789  2902 I chatty  : uid=1000(system) AlarmManager expire 10 lines
12-02 05:43:15.807   309  1753 E NetlinkEvent: NetlinkEvent::FindParam(): Parameter 'UID' not found
12-02 05:43:15.860  1789  5399 I chatty  : uid=1000(system) Binder_A expire 7 lines
12-02 05:43:15.924  1789  2955 I chatty  : uid=1000(system) WifiService expire 5 lines
12-02 05:44:16.799   309  1753 E NetlinkEvent: NetlinkEvent::FindParam(): Parameter 'UID' not found
12-02 05:55:16.831   309  1753 E NetlinkEvent: NetlinkEvent::FindParam(): Parameter 'UID' not found
12-02 05:55:27.530  1789  5592 I chatty  : uid=1000(system) Binder_B expire 8 lines
12-02 06:00:00.798   309  1753 E NetlinkEvent: NetlinkEvent::FindParam(): Parameter 'UID' not found
12-02 06:02:52.275   309  1753 E NetlinkEvent: NetlinkEvent::FindParam(): Parameter 'UID' not found
12-02 06:02:52.278   309  1753 E NetlinkEvent: NetlinkEvent::FindParam(): Parameter 'UID' not found
12-02 06:02:52.284  1789  3510 I chatty  : uid=1000(system) Binder_5 expire 3 lines
12-02 06:02:53.198   309  1753 E NetlinkEvent: NetlinkEvent::FindParam(): Parameter 'UID' not found
12-02 06:04:15.805   309  1753 E NetlinkEvent: NetlinkEvent::FindParam(): Parameter 'UID' not found
12-02 06:08:19.438   309  1753 E NetlinkEvent: NetlinkEvent::FindParam(): Parameter 'UID' not found
12-02 06:08:19.442   309  1753 E NetlinkEvent: NetlinkEvent::FindParam(): Parameter 'UID' not found
12-02 06:08:20.671   309  1753 E NetlinkEvent: NetlinkEvent::FindParam(): Parameter 'UID' not found
12-02 06:12:16.799   309  1753 E NetlinkEvent: NetlinkEvent::FindParam(): Parameter 'UID' not found
12-02 06:12:16.804   309  1753 E NetlinkEvent: NetlinkEvent::FindParam(): Parameter 'UID' not found
12-02 06:12:16.805  1789  1789 I chatty  : uid=1000 system_server expire 10 lines
12-02 06:14:16.801   309  1753 E NetlinkEvent: NetlinkEvent::FindParam(): Parameter 'UID' not found
12-02 06:27:39.435   309  1753 E NetlinkEvent: NetlinkEvent::FindParam(): Parameter 'UID' not found
12-02 06:27:39.439   309  1753 E NetlinkEvent: NetlinkEvent::FindParam(): Parameter 'UID' not found
12-02 06:27:40.369   309  1753 E NetlinkEvent: NetlinkEvent::FindParam(): Parameter 'UID' not found
12-02 06:33:06.311   309  1753 E NetlinkEvent: NetlinkEvent::FindParam(): Parameter 'UID' not found
12-02 06:33:07.536   309  1753 E NetlinkEvent: NetlinkEvent::FindParam(): Parameter 'UID' not found
12-02 06:34:16.824   309  1753 E NetlinkEvent: NetlinkEvent::FindParam(): Parameter 'UID' not found
12-02 06:41:17.825   309  1753 E NetlinkEvent: NetlinkEvent::FindParam(): Parameter 'UID' not found
12-02 06:44:16.813   309  1753 E NetlinkEvent: NetlinkEvent::FindParam(): Parameter 'UID' not found
12-02 06:55:17.826  1789  2902 I chatty  : uid=1000(system) AlarmManager expire 11 lines
12-02 06:55:17.911  1789  3724 I chatty  : uid=1000(system) Binder_8 expire 7 lines
12-02 07:10:18.829   309  1753 E NetlinkEvent: NetlinkEvent::FindParam(): Parameter 'UID' not found
12-02 07:10:18.831  1789  1789 I chatty  : uid=1000 system_server expire 11 lines
12-02 07:14:16.823   309  1753 E NetlinkEvent: NetlinkEvent::FindParam(): Parameter 'UID' not found
12-02 07:39:19.847   309  1753 E NetlinkEvent: NetlinkEvent::FindParam(): Parameter 'UID' not found
12-02 07:44:15.844   309  1753 E NetlinkEvent: NetlinkEvent::FindParam(): Parameter 'UID' not found
12-02 07:50:15.122   309  1753 E NetlinkEvent: NetlinkEvent::FindParam(): Parameter 'UID' not found
12-02 07:50:15.128   309  1753 E NetlinkEvent: NetlinkEvent::FindParam(): Parameter 'UID' not found
12-02 07:50:16.046   309  1753 E NetlinkEvent: NetlinkEvent::FindParam(): Parameter 'UID' not found
12-02 07:54:16.838   309  1753 E NetlinkEvent: NetlinkEvent::FindParam(): Parameter 'UID' not found
12-02 07:55:18.877   309  1753 E NetlinkEvent: NetlinkEvent::FindParam(): Parameter 'UID' not found
12-02 07:55:43.232  3495  3495 I chatty  : uid=1000(system) com.motorola.modemservice expire 6 lines
12-02 07:55:43.246  1789  1803 I chatty  : uid=1000(system) ActivityManager expire 5 lines
12-02 07:56:00.915   309  1753 E NetlinkEvent: NetlinkEvent::FindParam(): Parameter 'UID' not found
12-02 07:56:03.067  3667  3667 D MccTable: updateMccMncConfiguration mccmnc='null' fromServiceState=true
12-02 07:56:03.068  3667  3667 D MccTable: WIFI_COUNTRY_CODE set to 
12-02 07:56:03.182   309  1753 E NetlinkEvent: NetlinkEvent::FindParam(): Parameter 'UID' not found
12-02 07:56:03.200  1789  3018 I chatty  : uid=1000(system) Binder_3 expire 5 lines
12-02 07:56:03.245  1789  3019 I chatty  : uid=1000(system) Binder_4 expire 9 lines
12-02 07:56:13.083  1789  3693 I chatty  : uid=1000(system) Binder_7 expire 4 lines
12-02 07:56:13.115  1789  1802 I chatty  : uid=1000(system) android.bg expire 4 lines
12-02 07:56:13.204  1789  5593 I chatty  : uid=1000(system) Binder_C expire 9 lines
12-02 07:56:13.225  3667  3667 D MccTable: updateMccMncConfiguration mccmnc='26207' fromServiceState=true
12-02 07:56:13.226  3667  3667 D MccTable: updateMccMncConfiguration defaultMccMnc=26207
12-02 07:56:13.226  3667  3667 D MccTable: updateMccMncConfiguration: mcc=262, mnc=7
12-02 07:56:13.226  3667  3667 D MccTable: WIFI_COUNTRY_CODE set to de
12-02 07:56:13.388  1789  4628 I chatty  : uid=1000(system) Binder_9 expire 3 lines
12-02 07:56:13.429  1789  8867 I chatty  : uid=1000(system) Binder_D expire 4 lines
12-02 07:56:13.728  1789  8868 I chatty  : uid=1000(system) Binder_E expire 1 line
12-02 07:56:24.086  1789  1800 I chatty  : uid=1000(system) Binder_2 expire 4 lines
12-02 07:57:40.780   309  1753 E NetlinkEvent: NetlinkEvent::FindParam(): Parameter 'UID' not found
12-02 08:00:03.773   309  1753 E NetlinkEvent: NetlinkEvent::FindParam(): Parameter 'UID' not found
12-02 08:00:03.775   309  1753 E NetlinkEvent: NetlinkEvent::FindParam(): Parameter 'UID' not found
12-02 08:00:24.969   309  1753 E NetlinkEvent: NetlinkEvent::FindParam(): Parameter 'UID' not found
12-02 08:00:24.972   309  1753 E NetlinkEvent: NetlinkEvent::FindParam(): Parameter 'UID' not found
12-02 08:08:20.791   309  1753 E NetlinkEvent: NetlinkEvent::FindParam(): Parameter 'UID' not found
12-02 08:14:15.775   309  1753 E NetlinkEvent: NetlinkEvent::FindParam(): Parameter 'UID' not found
12-02 08:37:21.795  1789  2902 I chatty  : uid=1000(system) AlarmManager expire 15 lines
12-02 08:37:21.803   309  1753 E NetlinkEvent: NetlinkEvent::FindParam(): Parameter 'UID' not found
12-02 08:41:57.788   309  1753 E NetlinkEvent: NetlinkEvent::FindParam(): Parameter 'UID' not found
12-02 08:41:57.816  1789  1789 I chatty  : uid=1000 system_server expire 18 lines
12-02 08:41:58.002   309  1753 E NetlinkEvent: NetlinkEvent::FindParam(): Parameter 'UID' not found
12-02 08:42:14.648  1789  2902 I chatty  : uid=1000(system) AlarmManager expire 10 lines
12-02 08:42:41.172   309  1753 E NetlinkEvent: NetlinkEvent::FindParam(): Parameter 'UID' not found
12-02 08:45:58.803   309  1753 E NetlinkEvent: NetlinkEvent::FindParam(): Parameter 'UID' not found
12-02 08:45:58.808   309  1753 E NetlinkEvent: NetlinkEvent::FindParam(): Parameter 'UID' not found
12-02 08:45:59.415   309  1753 E NetlinkEvent: NetlinkEvent::FindParam(): Parameter 'UID' not found
12-02 08:46:15.799   309  1753 E NetlinkEvent: NetlinkEvent::FindParam(): Parameter 'UID' not found
12-02 08:46:15.806  1789  1789 I chatty  : uid=1000 system_server expire 11 lines
12-02 08:46:15.828   309  1753 E NetlinkEvent: NetlinkEvent::FindParam(): Parameter 'UID' not found
12-02 08:51:58.788  1789  2902 I chatty  : uid=1000(system) AlarmManager expire 10 lines
12-02 08:51:58.790   309  1753 E NetlinkEvent: NetlinkEvent::FindParam(): Parameter 'UID' not found
12-02 08:51:58.802   309  1753 E NetlinkEvent: NetlinkEvent::FindParam(): Parameter 'UID' not found
12-02 08:52:00.517  1789  3692 I chatty  : uid=1000(system) Binder_6 expire 1 line
12-02 08:52:00.578  1789  2956 I chatty  : uid=1000(system) ConnectivitySer expire 3 lines
12-02 08:53:05.820   309  1753 E NetlinkEvent: NetlinkEvent::FindParam(): Parameter 'UID' not found
12-02 08:53:05.843   309  1753 E NetlinkEvent: NetlinkEvent::FindParam(): Parameter 'UID' not found
12-02 08:54:14.790   309  1753 E NetlinkEvent: NetlinkEvent::FindParam(): Parameter 'UID' not found
12-02 08:55:19.954  1789  1789 I chatty  : uid=1000 system_server expire 11 lines
12-02 08:55:19.970   309  1753 E NetlinkEvent: NetlinkEvent::FindParam(): Parameter 'UID' not found
12-02 09:02:02.802   309  1753 E NetlinkEvent: NetlinkEvent::FindParam(): Parameter 'UID' not found
12-02 09:02:02.815   309  1753 E NetlinkEvent: NetlinkEvent::FindParam(): Parameter 'UID' not found
12-02 09:04:14.795   309  1753 E NetlinkEvent: NetlinkEvent::FindParam(): Parameter 'UID' not found
12-02 09:10:59.799   309  1753 E NetlinkEvent: NetlinkEvent::FindParam(): Parameter 'UID' not found
12-02 09:14:15.798   309  1753 E NetlinkEvent: NetlinkEvent::FindParam(): Parameter 'UID' not found
12-02 09:30:20.803  1789  2902 I chatty  : uid=1000(system) AlarmManager expire 12 lines
12-02 09:40:00.814   309  1753 E NetlinkEvent: NetlinkEvent::FindParam(): Parameter 'UID' not found
12-02 09:40:00.820  1789  1789 I chatty  : uid=1000 system_server expire 11 lines
12-02 09:44:15.807   309  1753 E NetlinkEvent: NetlinkEvent::FindParam(): Parameter 'UID' not found
12-02 09:52:17.230  1789  1805 I chatty  : uid=1000(system) android.fg expire 2 lines
12-02 09:52:17.230  1789  1808 I chatty  : uid=1000(system) android.display expire 2 lines
12-02 09:52:17.259   259   708 I chatty  : uid=1000(system) EventThread expire 1 line
12-02 09:52:17.361   309  1753 E NetlinkEvent: NetlinkEvent::FindParam(): Parameter 'UID' not found
12-02 09:52:27.220  1789  1811 I chatty  : uid=1000(system) PowerManagerSer expire 3 lines
12-02 09:52:27.931   259   259 I chatty  : uid=1000(system) /system/bin/surfaceflinger expire 2 lines
12-02 09:52:28.041  3011  3011 D StatusBarKeyguardViewManager: showKeyguard, but hide Bouncer
12-02 09:52:38.090   309  1753 E NetlinkEvent: NetlinkEvent::FindParam(): Parameter 'UID' not found
12-02 09:53:08.891   309  1753 E NetlinkEvent: NetlinkEvent::FindParam(): Parameter 'UID' not found
12-02 09:54:14.821   309  1753 E NetlinkEvent: NetlinkEvent::FindParam(): Parameter 'UID' not found
12-02 09:54:50.817  1789  2902 I chatty  : uid=1000(system) AlarmManager expire 4 lines
12-02 09:54:50.851  1789  1789 I chatty  : uid=1000 system_server expire 21 lines
12-02 09:55:20.815  1789  2902 I chatty  : uid=1000(system) AlarmManager expire 15 lines
12-02 09:55:20.888   309  1753 E NetlinkEvent: NetlinkEvent::FindParam(): Parameter 'UID' not found
12-02 09:56:17.905   309  1753 E NetlinkEvent: NetlinkEvent::FindParam(): Parameter 'UID' not found
12-02 09:56:19.144   309  1753 E NetlinkEvent: NetlinkEvent::FindParam(): Parameter 'UID' not found
12-02 09:57:49.224   309  1753 E NetlinkEvent: NetlinkEvent::FindParam(): Parameter 'UID' not found
12-02 10:05:22.419  1789  1808 I chatty  : uid=1000(system) android.display expire 9 lines
12-02 10:05:22.925   259   259 I chatty  : uid=1000(system) /system/bin/surfaceflinger expire 8 lines
12-02 10:05:25.171   309  1753 E NetlinkEvent: NetlinkEvent::FindParam(): Parameter 'UID' not found
12-02 10:05:25.615   259   708 I chatty  : uid=1000(system) EventThread expire 3 lines
12-02 10:07:54.814  1789  2902 I chatty  : uid=1000(system) AlarmManager expire 21 lines
12-02 10:07:54.817   309  1753 E NetlinkEvent: NetlinkEvent::FindParam(): Parameter 'UID' not found
12-02 10:07:54.824  1789  1789 I chatty  : uid=1000 system_server expire 11 lines
12-02 10:09:01.836   309  1753 E NetlinkEvent: NetlinkEvent::FindParam(): Parameter 'UID' not found
12-02 10:09:25.572   309  1753 E NetlinkEvent: NetlinkEvent::FindParam(): Parameter 'UID' not found
12-02 10:12:44.120  1789  5592 I chatty  : uid=1000(system) Binder_B expire 2 lines
12-02 10:12:44.124  1789  3019 I chatty  : uid=1000(system) Binder_4 expire 2 lines
12-02 10:12:44.134  1789  1805 I chatty  : uid=1000(system) android.fg expire 3 lines
12-02 10:12:47.214  1789  2956 I chatty  : uid=1000(system) ConnectivitySer expire 7 lines
12-02 10:12:54.124  1789  1811 I chatty  : uid=1000(system) PowerManagerSer expire 3 lines
12-02 10:14:15.892  3011  3011 D StatusBarKeyguardViewManager: showKeyguard, but hide Bouncer
12-02 10:14:16.002  1789  1789 I chatty  : uid=1000 system_server expire 19 lines
12-02 10:22:14.089   309  1753 E NetlinkEvent: NetlinkEvent::FindParam(): Parameter 'UID' not found
12-02 10:22:14.094   309  1753 E NetlinkEvent: NetlinkEvent::FindParam(): Parameter 'UID' not found
12-02 10:22:14.133  1789  1803 I chatty  : uid=1000(system) ActivityManager expire 4 lines
12-02 10:22:14.658  1789  3692 I chatty  : uid=1000(system) Binder_6 expire 4 lines
12-02 10:22:14.662   309  1753 E NetlinkEvent: NetlinkEvent::FindParam(): Parameter 'UID' not found
12-02 10:22:14.780  1789  3510 I chatty  : uid=1000(system) Binder_5 expire 3 lines
12-02 10:24:15.824   309  1753 E NetlinkEvent: NetlinkEvent::FindParam(): Parameter 'UID' not found
12-02 10:42:56.018  1789  3724 I chatty  : uid=1000(system) Binder_8 expire 5 lines
12-02 10:42:56.300  1789  2955 I chatty  : uid=1000(system) WifiService expire 2 lines
12-02 10:42:56.535   309  1753 E NetlinkEvent: NetlinkEvent::FindParam(): Parameter 'UID' not found
12-02 10:44:15.835   309  1753 E NetlinkEvent: NetlinkEvent::FindParam(): Parameter 'UID' not found
12-02 10:46:57.260   309  1753 E NetlinkEvent: NetlinkEvent::FindParam(): Parameter 'UID' not found
12-02 10:46:57.262   309  1753 E NetlinkEvent: NetlinkEvent::FindParam(): Parameter 'UID' not found
12-02 10:46:57.263   309  1753 E NetlinkEvent: NetlinkEvent::FindParam(): Parameter 'UID' not found
12-02 10:51:14.838  1789  2902 I chatty  : uid=1000(system) AlarmManager expire 12 lines
12-02 10:51:14.842   309  1753 E NetlinkEvent: NetlinkEvent::FindParam(): Parameter 'UID' not found
12-02 10:51:14.856   309  1753 E NetlinkEvent: NetlinkEvent::FindParam(): Parameter 'UID' not found
12-02 10:51:14.857  1789  1789 I chatty  : uid=1000 system_server expire 10 lines
12-02 10:52:18.830   309  1753 E NetlinkEvent: NetlinkEvent::FindParam(): Parameter 'UID' not found
12-02 10:55:21.918   309  1753 E NetlinkEvent: NetlinkEvent::FindParam(): Parameter 'UID' not found
12-02 10:55:21.944  1789  1789 I chatty  : uid=1000 system_server expire 10 lines
12-02 10:56:25.106  1789  3018 I chatty  : uid=1000(system) Binder_3 expire 2 lines
12-02 10:56:25.625   309  1753 E NetlinkEvent: NetlinkEvent::FindParam(): Parameter 'UID' not found
12-02 10:56:26.858  1789  4628 I chatty  : uid=1000(system) Binder_9 expire 1 line
12-02 10:56:26.965   309  1753 E NetlinkEvent: NetlinkEvent::FindParam(): Parameter 'UID' not found
12-02 10:56:27.027  1789  1800 I chatty  : uid=1000(system) Binder_2 expire 3 lines
12-02 10:58:28.963   309  1753 E NetlinkEvent: NetlinkEvent::FindParam(): Parameter 'UID' not found
12-02 11:04:14.792  1789  8867 I chatty  : uid=1000(system) Binder_D expire 1 line
12-02 11:04:14.857   309  1753 E NetlinkEvent: NetlinkEvent::FindParam(): Parameter 'UID' not found
12-02 11:04:15.013  1789  1799 I chatty  : uid=1000(system) Binder_1 expire 3 lines
12-02 11:12:56.777  1789  2902 I chatty  : uid=1000(system) AlarmManager expire 12 lines
12-02 11:12:56.781   309  1753 E NetlinkEvent: NetlinkEvent::FindParam(): Parameter 'UID' not found
12-02 11:12:57.049   309  1753 E NetlinkEvent: NetlinkEvent::FindParam(): Parameter 'UID' not found
12-02 11:12:57.061  1789  1789 I chatty  : uid=1000 system_server expire 18 lines
12-02 11:12:58.181  1789  5399 I chatty  : uid=1000(system) Binder_A expire 1 line
12-02 11:13:17.252   309  1753 E NetlinkEvent: NetlinkEvent::FindParam(): Parameter 'UID' not found
12-02 11:13:17.261  1789  5593 I chatty  : uid=1000(system) Binder_C expire 4 lines
12-02 11:13:31.418   309  1753 E NetlinkEvent: NetlinkEvent::FindParam(): Parameter 'UID' not found
12-02 11:13:36.955  1789  2902 I chatty  : uid=1000(system) AlarmManager expire 16 lines
12-02 11:14:14.779   309  1753 E NetlinkEvent: NetlinkEvent::FindParam(): Parameter 'UID' not found
12-02 11:14:16.847   309  1753 E NetlinkEvent: NetlinkEvent::FindParam(): Parameter 'UID' not found
12-02 11:14:51.865   309  1753 E NetlinkEvent: NetlinkEvent::FindParam(): Parameter 'UID' not found
12-02 11:15:55.771   309  1753 E NetlinkEvent: NetlinkEvent::FindParam(): Parameter 'UID' not found
12-02 11:15:55.774   309  1753 E NetlinkEvent: NetlinkEvent::FindParam(): Parameter 'UID' not found
12-02 11:16:57.825   309  1753 E NetlinkEvent: NetlinkEvent::FindParam(): Parameter 'UID' not found
12-02 11:16:57.827   309  1753 E NetlinkEvent: NetlinkEvent::FindParam(): Parameter 'UID' not found
12-02 11:16:57.874   309  1753 E NetlinkEvent: NetlinkEvent::FindParam(): Parameter 'UID' not found
12-02 11:18:03.879   309  1753 E NetlinkEvent: NetlinkEvent::FindParam(): Parameter 'UID' not found
12-02 11:19:07.780   309  1753 E NetlinkEvent: NetlinkEvent::FindParam(): Parameter 'UID' not found
12-02 11:19:07.783   309  1753 E NetlinkEvent: NetlinkEvent::FindParam(): Parameter 'UID' not found
12-02 11:20:15.801   309  1753 E NetlinkEvent: NetlinkEvent::FindParam(): Parameter 'UID' not found
12-02 11:20:15.806  1789  1789 I chatty  : uid=1000 system_server expire 12 lines
12-02 11:24:14.796   309  1753 E NetlinkEvent: NetlinkEvent::FindParam(): Parameter 'UID' not found
12-02 11:41:56.284   309  1753 E NetlinkEvent: NetlinkEvent::FindParam(): Parameter 'UID' not found
12-02 11:41:56.314  1789  1789 I chatty  : uid=1000 system_server expire 9 lines
12-02 11:41:57.177  1789  2902 I chatty  : uid=1000(system) AlarmManager expire 1 line
12-02 11:42:05.835  1789  3693 I chatty  : uid=1000(system) Binder_7 expire 1 line
12-02 11:42:05.981 28684 28684 I chatty  : uid=1000(system) expire 1 line
12-02 11:42:06.004  1789  1789 I chatty  : uid=1000 system_server expire 10 lines
12-02 11:42:06.043   259   708 I chatty  : uid=1000(system) EventThread expire 10 lines
12-02 11:42:06.131  1789  2955 I chatty  : uid=1000(system) WifiService expire 6 lines
12-02 11:42:06.220  1789  8868 I chatty  : uid=1000(system) Binder_E expire 9 lines
12-02 11:42:06.298  1789  3692 I chatty  : uid=1000(system) Binder_6 expire 7 lines
12-02 11:42:06.803  1789  5593 I chatty  : uid=1000(system) Binder_C expire 5 lines
12-02 11:42:07.107  1789  3693 I chatty  : uid=1000(system) Binder_7 expire 5 lines
12-02 11:42:07.112  1789  8867 I chatty  : uid=1000(system) Binder_D expire 8 lines
12-02 11:42:07.112  1789  1803 I chatty  : uid=1000(system) ActivityManager expire 10 lines
12-02 11:42:08.468  5316  6770 W FileUtils: Failed to chmod(/pds/public/svcs/activation_date): android.system.ErrnoException: chmod failed: EACCES (Permission denied)
12-02 11:42:13.731  1789  5592 I chatty  : uid=1000(system) Binder_B expire 6 lines
12-02 11:42:18.245  1789  2971 I chatty  : uid=1000(system) backup expire 1 line
12-02 11:42:18.694  1789  3724 I chatty  : uid=1000(system) Binder_8 expire 16 lines
12-02 11:42:19.370  1789  3510 I chatty  : uid=1000(system) Binder_5 expire 7 lines
12-02 11:42:20.804  1789  1814 I chatty  : uid=1000(system) PackageManager expire 10 lines
12-02 11:42:21.195 28954 28954 I chatty  : uid=1000(system) expire 2 lines
12-02 11:42:22.476  1789  4628 I chatty  : uid=1000(system) Binder_9 expire 10 lines
12-02 11:42:22.661  1789  1799 I chatty  : uid=1000(system) Binder_1 expire 7 lines
12-02 11:42:23.293  1789  5399 I chatty  : uid=1000(system) Binder_A expire 4 lines
12-02 11:42:23.896 29036 29047 D DefContainer: Copying /data/local/tmp/SeniorenApp.SeniorenApp-Signed.apk to base.apk
12-02 11:42:24.063   259   259 I chatty  : uid=1000(system) /system/bin/surfaceflinger expire 12 lines
12-02 11:42:26.829  1789  1800 I chatty  : uid=1000(system) Binder_2 expire 13 lines
12-02 11:42:33.891  1789  1808 I chatty  : uid=1000(system) android.display expire 11 lines
12-02 11:42:36.067  1789  2956 I chatty  : uid=1000(system) ConnectivitySer expire 10 lines
12-02 11:42:38.916   309  1753 E NetlinkEvent: NetlinkEvent::FindParam(): Parameter 'UID' not found
12-02 11:42:43.930  1789  2902 I chatty  : uid=1000(system) AlarmManager expire 12 lines
12-02 11:43:11.621   309  1753 E NetlinkEvent: NetlinkEvent::FindParam(): Parameter 'UID' not found
12-02 11:43:26.677   309  1753 E NetlinkEvent: NetlinkEvent::FindParam(): Parameter 'UID' not found
12-02 11:44:00.051  1789  1789 I chatty  : uid=1000 system_server expire 11 lines
12-02 11:44:04.056   309  1753 E NetlinkEvent: NetlinkEvent::FindParam(): Parameter 'UID' not found
12-02 11:44:06.699  1789  2956 I chatty  : uid=1000(system) ConnectivitySer expire 4 lines
12-02 11:44:19.077   309  1753 E NetlinkEvent: NetlinkEvent::FindParam(): Parameter 'UID' not found
12-02 11:44:20.117   309  1753 E NetlinkEvent: NetlinkEvent::FindParam(): Parameter 'UID' not found
12-02 11:44:35.197   309  1753 E NetlinkEvent: NetlinkEvent::FindParam(): Parameter 'UID' not found
12-02 11:44:44.077  1789  1811 I chatty  : uid=1000(system) PowerManagerSer expire 3 lines
12-02 11:44:44.803  1789  1805 I chatty  : uid=1000(system) android.fg expire 3 lines
12-02 11:44:45.014 29495 29495 I chatty  : uid=1000(system) expire 1 line
12-02 11:44:49.191  3011  3011 D StatusBarKeyguardViewManager: showKeyguard, but hide Bouncer
12-02 11:44:49.433   259   259 I chatty  : uid=1000(system) /system/bin/surfaceflinger expire 10 lines
12-02 11:45:06.011  1789  1803 I chatty  : uid=1000(system) ActivityManager expire 8 lines
12-02 11:45:07.857 29621 29621 I chatty  : uid=1000(system) expire 2 lines
12-02 11:45:08.618   309  1753 E NetlinkEvent: NetlinkEvent::FindParam(): Parameter 'UID' not found
12-02 11:45:09.366  1789  1789 I chatty  : uid=1000 system_server expire 6 lines
12-02 11:45:09.686  1789  3019 I chatty  : uid=1000(system) Binder_4 expire 3 lines
12-02 11:45:10.488 29748 29764 D DefContainer: Copying /data/local/tmp/SeniorenApp.SeniorenApp-Signed.apk to base.apk
12-02 11:45:10.634  1789  1800 I chatty  : uid=1000(system) Binder_2 expire 5 lines
12-02 11:45:11.604  1789  1814 I chatty  : uid=1000(system) PackageManager expire 2 lines
12-02 11:45:14.887  1789  2902 I chatty  : uid=1000(system) AlarmManager expire 4 lines
12-02 11:45:23.051  1789  3018 I chatty  : uid=1000(system) Binder_3 expire 1 line
12-02 11:45:26.730 30035 30035 I chatty  : uid=1000(system) expire 1 line
--------- beginning of crash
12-02 11:45:39.351 29984 29984 E AndroidRuntime: FATAL EXCEPTION: main
12-02 11:45:39.351 29984 29984 E AndroidRuntime: Process: SeniorenApp.SeniorenApp, PID: 29984
12-02 11:45:39.351 29984 29984 E AndroidRuntime: java.lang.IllegalStateException: Could not find method GoBack(View) in a parent or ancestor Context for android:onClick attribute defined on view class android.widget.Button with id 'GoBack'
12-02 11:45:39.351 29984 29984 E AndroidRuntime: 	at android.view.View$DeclaredOnClickListener.resolveMethod(View.java:4488)
12-02 11:45:39.351 29984 29984 E AndroidRuntime: 	at android.view.View$DeclaredOnClickListener.onClick(View.java:4452)
12-02 11:45:39.351 29984 29984 E AndroidRuntime: 	at android.view.View.performClick(View.java:5207)
12-02 11:45:39.351 29984 29984 E AndroidRuntime: 	at android.view.View$PerformClick.run(View.java:21168)
12-02 11:45:39.351 29984 29984 E AndroidRuntime: 	at android.os.Handler.handleCallback(Handler.java:746)
12-02 11:45:39.351 29984 29984 E AndroidRuntime: 	at android.os.Handler.dispatchMessage(Handler.java:95)
12-02 11:45:39.351 29984 29984 E AndroidRuntime: 	at android.os.Looper.loop(Looper.java:148)
12-02 11:45:39.351 29984 29984 E AndroidRuntime: 	at android.app.ActivityThread.main(ActivityThread.java:5443)
12-02 11:45:39.351 29984 29984 E AndroidRuntime: 	at java.lang.reflect.Method.invoke(Native Method)
12-02 11:45:39.351 29984 29984 E AndroidRuntime: 	at com.android.internal.os.ZygoteInit$MethodAndArgsCaller.run(ZygoteInit.java:728)
12-02 11:45:39.351 29984 29984 E AndroidRuntime: 	at com.android.internal.os.ZygoteInit.main(ZygoteInit.java:618)
12-02 11:45:41.556   309  1753 E NetlinkEvent: NetlinkEvent::FindParam(): Parameter 'UID' not found
12-02 11:45:56.906   309  1753 E NetlinkEvent: NetlinkEvent::FindParam(): Parameter 'UID' not found
12-02 11:46:00.001  1789  2902 I chatty  : uid=1000(system) AlarmManager expire 11 lines
12-02 11:46:00.044  1789  1789 I chatty  : uid=1000 system_server expire 12 lines
12-02 11:46:08.410  1789  2956 I chatty  : uid=1000(system) ConnectivitySer expire 10 lines
12-02 11:46:23.997   309  1753 E NetlinkEvent: NetlinkEvent::FindParam(): Parameter 'UID' not found
12-02 11:46:24.003  1789  3019 I chatty  : uid=1000(system) Binder_4 expire 9 lines
12-02 11:46:40.942  1789  1803 I chatty  : uid=1000(system) ActivityManager expire 10 lines
12-02 11:46:40.973  1789  4628 I chatty  : uid=1000(system) Binder_9 expire 11 lines
12-02 11:46:42.348  1789  1814 I chatty  : uid=1000(system) PackageManager expire 10 lines
12-02 11:46:42.716  1789  3510 I chatty  : uid=1000(system) Binder_5 expire 9 lines
12-02 11:46:42.755 30267 30267 I chatty  : uid=1000(system) expire 2 lines
12-02 11:46:42.883  1789  5593 I chatty  : uid=1000(system) Binder_C expire 4 lines
12-02 11:46:42.982   259   708 I chatty  : uid=1000(system) EventThread expire 10 lines
12-02 11:46:42.987   259   259 I chatty  : uid=1000(system) /system/bin/surfaceflinger expire 14 lines
12-02 11:46:43.418  1789  3724 I chatty  : uid=1000(system) Binder_8 expire 7 lines
12-02 11:46:43.507  1789  1800 I chatty  : uid=1000(system) Binder_2 expire 5 lines
12-02 11:46:43.507  1789  2955 I chatty  : uid=1000(system) WifiService expire 1 line
12-02 11:46:43.515  1789  8867 I chatty  : uid=1000(system) Binder_D expire 6 lines
12-02 11:46:43.974  1789  3692 I chatty  : uid=1000(system) Binder_6 expire 7 lines
12-02 11:46:44.449  1789  3693 I chatty  : uid=1000(system) Binder_7 expire 11 lines
12-02 11:46:44.518  1789  3018 I chatty  : uid=1000(system) Binder_3 expire 6 lines
12-02 11:46:44.773  1789  5399 I chatty  : uid=1000(system) Binder_A expire 10 lines
12-02 11:46:45.046   309  1753 E NetlinkEvent: NetlinkEvent::FindParam(): Parameter 'UID' not found
12-02 11:46:45.425 30366 30377 D DefContainer: Copying /data/local/tmp/SeniorenApp.SeniorenApp-Signed.apk to base.apk
12-02 11:46:46.534  1789  8868 I chatty  : uid=1000(system) Binder_E expire 8 lines
12-02 11:46:51.357  1789  5592 I chatty  : uid=1000(system) Binder_B expire 6 lines
12-02 11:46:54.045  1789  1808 I chatty  : uid=1000(system) android.display expire 10 lines
12-02 11:47:07.081  1789  2916 I chatty  : uid=1000(system) InputDispatcher expire 4 lines
12-02 11:47:22.116   309  1753 E NetlinkEvent: NetlinkEvent::FindParam(): Parameter 'UID' not found
12-02 11:47:40.726 30825 30825 I chatty  : uid=1000(system) expire 2 lines
12-02 11:47:41.302  1789  1799 I chatty  : uid=1000(system) Binder_1 expire 8 lines
12-02 11:47:42.589   309  1753 E NetlinkEvent: NetlinkEvent::FindParam(): Parameter 'UID' not found
12-02 11:47:42.916 30948 30958 D DefContainer: Copying /data/local/tmp/SeniorenApp.SeniorenApp-Signed.apk to base.apk
12-02 11:47:44.117  1789  1814 I chatty  : uid=1000(system) PackageManager expire 8 lines
12-02 11:47:49.373   259   259 I chatty  : uid=1000(system) /system/bin/surfaceflinger expire 14 lines
12-02 11:47:57.956   309  1753 E NetlinkEvent: NetlinkEvent::FindParam(): Parameter 'UID' not found
12-02 11:47:59.640  1789  1789 I chatty  : uid=1000 system_server expire 11 lines
12-02 11:48:00.013  1789  1803 I chatty  : uid=1000(system) ActivityManager expire 5 lines
12-02 11:48:00.200  1789  2956 I chatty  : uid=1000(system) ConnectivitySer expire 3 lines
12-02 11:48:14.019   309  1753 E NetlinkEvent: NetlinkEvent::FindParam(): Parameter 'UID' not found
12-02 11:48:29.037   309  1753 E NetlinkEvent: NetlinkEvent::FindParam(): Parameter 'UID' not found
12-02 11:49:00.739 31308 31308 I chatty  : uid=1000(system) expire 2 lines
12-02 11:49:02.611   309  1753 E NetlinkEvent: NetlinkEvent::FindParam(): Parameter 'UID' not found
12-02 11:49:02.942  1789  4628 I chatty  : uid=1000(system) Binder_9 expire 1 line
12-02 11:49:02.945 31441 31451 D DefContainer: Copying /data/local/tmp/SeniorenApp.SeniorenApp-Signed.apk to base.apk
12-02 11:49:09.240   259   708 I chatty  : uid=1000(system) EventThread expire 3 lines
12-02 11:49:11.943  1789  1808 I chatty  : uid=1000(system) android.display expire 2 lines
12-02 11:49:15.869  1789  2902 I chatty  : uid=1000(system) AlarmManager expire 12 lines
12-02 11:49:22.179  1789  3019 I chatty  : uid=1000(system) Binder_4 expire 4 lines
12-02 11:49:22.184  1789  1808 I chatty  : uid=1000(system) android.display expire 10 lines
12-02 11:49:22.222  1789  3724 I chatty  : uid=1000(system) Binder_8 expire 5 lines
12-02 11:49:22.579  1789  5593 I chatty  : uid=1000(system) Binder_C expire 8 lines
12-02 11:49:22.594  1789  1803 I chatty  : uid=1000(system) ActivityManager expire 10 lines
12-02 11:49:24.727  1789  2956 I chatty  : uid=1000(system) ConnectivitySer expire 11 lines
12-02 11:49:30.956   309  1753 E NetlinkEvent: NetlinkEvent::FindParam(): Parameter 'UID' not found
12-02 11:50:00.067  1789  1789 I chatty  : uid=1000 system_server expire 12 lines
12-02 11:50:00.148  1789  1800 I chatty  : uid=1000(system) Binder_2 expire 6 lines
12-02 11:50:19.011   309  1753 E NetlinkEvent: NetlinkEvent::FindParam(): Parameter 'UID' not found
12-02 11:50:34.035   309  1753 E NetlinkEvent: NetlinkEvent::FindParam(): Parameter 'UID' not found
12-02 11:50:44.139  1789  1814 I chatty  : uid=1000(system) PackageManager expire 6 lines
12-02 11:50:44.449  1789  8868 I chatty  : uid=1000(system) Binder_E expire 3 lines
12-02 11:50:44.501 31880 31880 I chatty  : uid=1000(system) expire 2 lines
12-02 11:50:44.515  1789  3693 I chatty  : uid=1000(system) Binder_7 expire 5 lines
12-02 11:50:44.523  1789  3018 I chatty  : uid=1000(system) Binder_3 expire 9 lines
12-02 11:50:45.498  1789  5592 I chatty  : uid=1000(system) Binder_B expire 6 lines
12-02 11:50:46.117  1789  4628 I chatty  : uid=1000(system) Binder_9 expire 3 lines
12-02 11:50:46.762   309  1753 E NetlinkEvent: NetlinkEvent::FindParam(): Parameter 'UID' not found
12-02 11:50:47.082  1789  8867 I chatty  : uid=1000(system) Binder_D expire 3 lines
12-02 11:50:47.092 32036 32051 D DefContainer: Copying /data/local/tmp/SeniorenApp.SeniorenApp-Signed.apk to base.apk
12-02 11:50:48.207  1789  1799 I chatty  : uid=1000(system) Binder_1 expire 9 lines
12-02 11:50:54.037   259   708 I chatty  : uid=1000(system) EventThread expire 8 lines
12-02 11:50:54.039   259   259 I chatty  : uid=1000(system) /system/bin/surfaceflinger expire 10 lines
12-02 11:51:02.155   309  1753 E NetlinkEvent: NetlinkEvent::FindParam(): Parameter 'UID' not found
12-02 11:51:02.183  3011  3011 V DeadZone: consuming errant click: (460.36063,1.0742188)
12-02 11:51:04.059  1789  2916 I chatty  : uid=1000(system) InputDispatcher expire 2 lines
12-02 11:51:46.068  1789  1802 I chatty  : uid=1000(system) android.bg expire 2 lines
12-02 11:52:24.037   309  1753 E NetlinkEvent: NetlinkEvent::FindParam(): Parameter 'UID' not found
12-02 11:52:25.887  1789  2956 I chatty  : uid=1000(system) ConnectivitySer expire 15 lines
12-02 11:52:39.075   309  1753 E NetlinkEvent: NetlinkEvent::FindParam(): Parameter 'UID' not found
12-02 11:53:00.000  1789  2902 I chatty  : uid=1000(system) AlarmManager expire 10 lines
12-02 11:53:00.043  1789  1789 I chatty  : uid=1000 system_server expire 11 lines
12-02 11:53:08.615  1789  1811 I chatty  : uid=1000(system) PowerManagerSer expire 6 lines
12-02 11:53:09.345  1789  1805 I chatty  : uid=1000(system) android.fg expire 4 lines
12-02 11:53:09.612 32404 32404 I chatty  : uid=1000(system) expire 1 line
12-02 11:53:13.680  3011  3011 D StatusBarKeyguardViewManager: showKeyguard, but hide Bouncer
12-02 11:53:39.482   309  1753 E NetlinkEvent: NetlinkEvent::FindParam(): Parameter 'UID' not found
12-02 11:53:54.595   309  1753 E NetlinkEvent: NetlinkEvent::FindParam(): Parameter 'UID' not found
12-02 11:55:22.130   309  1753 E NetlinkEvent: NetlinkEvent::FindParam(): Parameter 'UID' not found
12-02 11:55:22.169  1789  1789 I chatty  : uid=1000 system_server expire 25 lines
12-02 11:55:47.837   309  1753 E NetlinkEvent: NetlinkEvent::FindParam(): Parameter 'UID' not found
12-02 11:57:59.999  1789  2902 I chatty  : uid=1000(system) AlarmManager expire 13 lines
12-02 11:59:28.082   309  1753 E NetlinkEvent: NetlinkEvent::FindParam(): Parameter 'UID' not found
12-02 11:59:43.157   309  1753 E NetlinkEvent: NetlinkEvent::FindParam(): Parameter 'UID' not found
12-02 12:00:22.628   309  1753 E NetlinkEvent: NetlinkEvent::FindParam(): Parameter 'UID' not found
12-02 12:00:42.956   309  1753 E NetlinkEvent: NetlinkEvent::FindParam(): Parameter 'UID' not found
12-02 12:05:39.205   259   259 I chatty  : uid=1000(system) /system/bin/surfaceflinger expire 10 lines
12-02 12:05:39.222  1789  3510 I chatty  : uid=1000(system) Binder_5 expire 2 lines
12-02 12:05:40.027  1789  2955 I chatty  : uid=1000(system) WifiService expire 3 lines
12-02 12:05:42.948   309  1753 E NetlinkEvent: NetlinkEvent::FindParam(): Parameter 'UID' not found
12-02 12:05:43.241   303   303 I chatty  : uid=1000(system) expire 1 line
12-02 12:05:43.299  1789  1789 I chatty  : uid=1000 system_server expire 9 lines
12-02 12:05:59.435   309  1753 E NetlinkEvent: NetlinkEvent::FindParam(): Parameter 'UID' not found
12-02 12:07:44.171  1789  1803 I chatty  : uid=1000(system) ActivityManager expire 1 line
12-02 12:07:44.249   460   460 I chatty  : uid=1000(system) expire 3 lines
12-02 12:07:48.376  3011  3011 D StatusBarKeyguardViewManager: showKeyguard, but hide Bouncer
12-02 12:07:48.898  1789  1789 I chatty  : uid=1000 system_server expire 10 lines
12-02 12:07:48.917   309  1753 E NetlinkEvent: NetlinkEvent::FindParam(): Parameter 'UID' not found
12-02 12:07:49.187  1789  5399 I chatty  : uid=1000(system) Binder_A expire 3 lines
12-02 12:07:49.560  1789  3692 I chatty  : uid=1000(system) Binder_6 expire 2 lines
12-02 12:08:04.529  1789  1803 I chatty  : uid=1000(system) ActivityManager expire 3 lines
12-02 12:08:04.531  1789  2902 I chatty  : uid=1000(system) AlarmManager expire 12 lines
12-02 12:08:29.197   309  1753 E NetlinkEvent: NetlinkEvent::FindParam(): Parameter 'UID' not found
12-02 12:09:44.634   309  1753 E NetlinkEvent: NetlinkEvent::FindParam(): Parameter 'UID' not found
12-02 12:09:59.677   309  1753 E NetlinkEvent: NetlinkEvent::FindParam(): Parameter 'UID' not found
12-02 12:10:44.330   309  1753 E NetlinkEvent: NetlinkEvent::FindParam(): Parameter 'UID' not found
12-02 12:10:59.477   309  1753 E NetlinkEvent: NetlinkEvent::FindParam(): Parameter 'UID' not found
12-02 12:11:00.043  1789  1789 I chatty  : uid=1000 system_server expire 10 lines
12-02 12:11:49.051   309  1753 E NetlinkEvent: NetlinkEvent::FindParam(): Parameter 'UID' not found
12-02 12:12:04.118   309  1753 E NetlinkEvent: NetlinkEvent::FindParam(): Parameter 'UID' not found
12-02 12:12:09.873  1789  1808 I chatty  : uid=1000(system) android.display expire 3 lines
12-02 12:12:10.131  1789  3510 I chatty  : uid=1000(system) Binder_5 expire 2 lines
12-02 12:12:10.137  1789  5592 I chatty  : uid=1000(system) Binder_B expire 2 lines
12-02 12:12:10.139  1789  1805 I chatty  : uid=1000(system) android.fg expire 3 lines
12-02 12:12:10.835  1789  2902 I chatty  : uid=1000(system) AlarmManager expire 10 lines
12-02 12:12:12.852   259   259 I chatty  : uid=1000(system) /system/bin/surfaceflinger expire 17 lines
12-02 12:12:13.167   259   708 I chatty  : uid=1000(system) EventThread expire 4 lines
12-02 12:12:13.237  1789  2956 I chatty  : uid=1000(system) ConnectivitySer expire 3 lines
12-02 12:12:16.175   309  1753 E NetlinkEvent: NetlinkEvent::FindParam(): Parameter 'UID' not found
12-02 12:12:16.191  1789  3019 I chatty  : uid=1000(system) Binder_4 expire 3 lines
12-02 12:12:22.718  1789  2917 I chatty  : uid=1000(system) InputReader expire 1 line
12-02 12:12:23.236  1789  8868 I chatty  : uid=1000(system) Binder_E expire 1 line
12-02 12:12:23.433  1789  4628 I chatty  : uid=1000(system) Binder_9 expire 1 line
12-02 12:12:23.515  1789  1811 I chatty  : uid=1000(system) PowerManagerSer expire 2 lines
12-02 12:13:14.133   309  1753 E NetlinkEvent: NetlinkEvent::FindParam(): Parameter 'UID' not found
12-02 12:13:14.152  1789  1789 I chatty  : uid=1000 system_server expire 11 lines
12-02 12:13:14.162  1789  1800 I chatty  : uid=1000(system) Binder_2 expire 2 lines
12-02 12:13:14.439  3011  3011 D StatusBarKeyguardViewManager: showKeyguard, but hide Bouncer
12-02 12:13:44.786   309  1753 E NetlinkEvent: NetlinkEvent::FindParam(): Parameter 'UID' not found
12-02 12:14:50.776   309  1753 E NetlinkEvent: NetlinkEvent::FindParam(): Parameter 'UID' not found
12-02 12:14:50.800   309  1753 E NetlinkEvent: NetlinkEvent::FindParam(): Parameter 'UID' not found
12-02 12:14:50.838  1789  5593 I chatty  : uid=1000(system) Binder_C expire 1 line
12-02 12:14:55.896  1789  2902 I chatty  : uid=1000(system) AlarmManager expire 11 lines
12-02 12:15:06.367   309  1753 E NetlinkEvent: NetlinkEvent::FindParam(): Parameter 'UID' not found
12-02 12:15:13.546   309  1753 E NetlinkEvent: NetlinkEvent::FindParam(): Parameter 'UID' not found
12-02 12:15:28.646   309  1753 E NetlinkEvent: NetlinkEvent::FindParam(): Parameter 'UID' not found
12-02 12:16:05.791  1789  1789 I chatty  : uid=1000 system_server expire 10 lines
12-02 12:16:05.797   309  1753 E NetlinkEvent: NetlinkEvent::FindParam(): Parameter 'UID' not found
12-02 12:17:50.777   309  1753 E NetlinkEvent: NetlinkEvent::FindParam(): Parameter 'UID' not found
12-02 12:17:50.788   309  1753 E NetlinkEvent: NetlinkEvent::FindParam(): Parameter 'UID' not found
12-02 12:18:16.777   309  1753 E NetlinkEvent: NetlinkEvent::FindParam(): Parameter 'UID' not found
12-02 12:18:16.783   309  1753 E NetlinkEvent: NetlinkEvent::FindParam(): Parameter 'UID' not found
12-02 12:18:51.553   309  1753 E NetlinkEvent: NetlinkEvent::FindParam(): Parameter 'UID' not found
12-02 12:30:20.785  1789  2902 I chatty  : uid=1000(system) AlarmManager expire 13 lines
12-02 12:30:20.802  1789  1789 I chatty  : uid=1000 system_server expire 10 lines
12-02 12:30:20.997  1789  1802 I chatty  : uid=1000(system) android.bg expire 1 line
12-02 12:30:21.446  1789  3693 I chatty  : uid=1000(system) Binder_7 expire 1 line
12-02 12:30:21.487   309  1753 E NetlinkEvent: NetlinkEvent::FindParam(): Parameter 'UID' not found
12-02 12:30:38.781   309  1753 E NetlinkEvent: NetlinkEvent::FindParam(): Parameter 'UID' not found
12-02 12:30:38.799   309  1753 E NetlinkEvent: NetlinkEvent::FindParam(): Parameter 'UID' not found
12-02 12:32:21.790   309  1753 E NetlinkEvent: NetlinkEvent::FindParam(): Parameter 'UID' not found
12-02 12:34:21.962   309  1753 E NetlinkEvent: NetlinkEvent::FindParam(): Parameter 'UID' not found
12-02 12:34:21.962   309  1753 E NetlinkEvent: NetlinkEvent::FindParam(): Parameter 'UID' not found
12-02 12:34:38.840   309  1753 E NetlinkEvent: NetlinkEvent::FindParam(): Parameter 'UID' not found
12-02 12:34:38.862  1789  1789 I chatty  : uid=1000 system_server expire 12 lines
12-02 12:38:38.782  1789  2902 I chatty  : uid=1000(system) AlarmManager expire 12 lines
12-02 12:38:38.784   309  1753 E NetlinkEvent: NetlinkEvent::FindParam(): Parameter 'UID' not found
12-02 12:38:38.804   309  1753 E NetlinkEvent: NetlinkEvent::FindParam(): Parameter 'UID' not found
12-02 12:40:23.791   309  1753 E NetlinkEvent: NetlinkEvent::FindParam(): Parameter 'UID' not found
12-02 12:40:23.800   309  1753 E NetlinkEvent: NetlinkEvent::FindParam(): Parameter 'UID' not found
12-02 12:41:57.792   309  1753 E NetlinkEvent: NetlinkEvent::FindParam(): Parameter 'UID' not found
12-02 12:47:17.803   309  1753 E NetlinkEvent: NetlinkEvent::FindParam(): Parameter 'UID' not found
12-02 12:47:17.805  1789  2902 I chatty  : uid=1000(system) AlarmManager expire 12 lines
12-02 12:47:17.817  1789  1789 I chatty  : uid=1000 system_server expire 20 lines
12-02 12:51:18.478   309  1753 E NetlinkEvent: NetlinkEvent::FindParam(): Parameter 'UID' not found
12-02 12:51:19.097   309  1753 E NetlinkEvent: NetlinkEvent::FindParam(): Parameter 'UID' not found
12-02 12:52:19.788   309  1753 E NetlinkEvent: NetlinkEvent::FindParam(): Parameter 'UID' not found
12-02 12:54:29.270  1789  8867 I chatty  : uid=1000(system) Binder_D expire 1 line
12-02 12:54:29.366   309  1753 E NetlinkEvent: NetlinkEvent::FindParam(): Parameter 'UID' not found
12-02 12:55:23.787  1789  2902 I chatty  : uid=1000(system) AlarmManager expire 19 lines
12-02 12:55:23.790   309  1753 E NetlinkEvent: NetlinkEvent::FindParam(): Parameter 'UID' not found
12-02 12:55:23.821  1789  1789 I chatty  : uid=1000 system_server expire 13 lines
12-02 12:55:23.984   309  1753 E NetlinkEvent: NetlinkEvent::FindParam(): Parameter 'UID' not found
12-02 12:58:29.801   309  1753 E NetlinkEvent: NetlinkEvent::FindParam(): Parameter 'UID' not found
12-02 12:58:29.805   309  1753 E NetlinkEvent: NetlinkEvent::FindParam(): Parameter 'UID' not found
12-02 13:02:22.792   309  1753 E NetlinkEvent: NetlinkEvent::FindParam(): Parameter 'UID' not found
12-02 13:16:19.818   309  1753 E NetlinkEvent: NetlinkEvent::FindParam(): Parameter 'UID' not found
12-02 13:20:20.620   309  1753 E NetlinkEvent: NetlinkEvent::FindParam(): Parameter 'UID' not found
12-02 13:20:21.232   309  1753 E NetlinkEvent: NetlinkEvent::FindParam(): Parameter 'UID' not found
12-02 13:22:21.811   309  1753 E NetlinkEvent: NetlinkEvent::FindParam(): Parameter 'UID' not found
12-02 13:24:30.806  1789  1789 I chatty  : uid=1000 system_server expire 12 lines
12-02 13:24:30.860   309  1753 E NetlinkEvent: NetlinkEvent::FindParam(): Parameter 'UID' not found
12-02 13:24:56.024   309  1753 E NetlinkEvent: NetlinkEvent::FindParam(): Parameter 'UID' not found
12-02 13:24:56.033  1789  8867 I chatty  : uid=1000(system) Binder_D expire 3 lines
12-02 13:25:10.806  1789  2902 I chatty  : uid=1000(system) AlarmManager expire 14 lines
12-02 13:25:10.828  1789  1789 I chatty  : uid=1000 system_server expire 18 lines
12-02 13:25:11.194   309  1753 E NetlinkEvent: NetlinkEvent::FindParam(): Parameter 'UID' not found
12-02 13:25:26.305   309  1753 E NetlinkEvent: NetlinkEvent::FindParam(): Parameter 'UID' not found
12-02 13:28:31.466   309  1753 E NetlinkEvent: NetlinkEvent::FindParam(): Parameter 'UID' not found
12-02 13:28:31.472   309  1753 E NetlinkEvent: NetlinkEvent::FindParam(): Parameter 'UID' not found
12-02 13:28:31.486   309  1753 E NetlinkEvent: NetlinkEvent::FindParam(): Parameter 'UID' not found
12-02 13:30:19.747   309  1753 E NetlinkEvent: NetlinkEvent::FindParam(): Parameter 'UID' not found
12-02 13:45:21.760   309  1753 E NetlinkEvent: NetlinkEvent::FindParam(): Parameter 'UID' not found
12-02 13:52:21.809   309  1753 E NetlinkEvent: NetlinkEvent::FindParam(): Parameter 'UID' not found
12-02 13:56:28.350  1789  1803 I chatty  : uid=1000(system) ActivityManager expire 6 lines
12-02 13:56:28.362  3495  3495 I chatty  : uid=1000(system) com.motorola.modemservice expire 2 lines
12-02 13:56:30.200  1789  3018 I chatty  : uid=1000(system) Binder_3 expire 6 lines
12-02 14:12:21.855   309  1753 E NetlinkEvent: NetlinkEvent::FindParam(): Parameter 'UID' not found
12-02 14:12:22.004  1789  1799 I chatty  : uid=1000(system) Binder_1 expire 3 lines
12-02 14:14:22.793  1789  2902 I chatty  : uid=1000(system) AlarmManager expire 10 lines
12-02 14:14:22.797   309  1753 E NetlinkEvent: NetlinkEvent::FindParam(): Parameter 'UID' not found
12-02 14:14:22.812   309  1753 E NetlinkEvent: NetlinkEvent::FindParam(): Parameter 'UID' not found
12-02 14:14:22.814  1789  1789 I chatty  : uid=1000 system_server expire 11 lines
12-02 14:16:23.283   309  1753 E NetlinkEvent: NetlinkEvent::FindParam(): Parameter 'UID' not found
12-02 14:18:23.706   309  1753 E NetlinkEvent: NetlinkEvent::FindParam(): Parameter 'UID' not found
12-02 14:18:23.709   309  1753 E NetlinkEvent: NetlinkEvent::FindParam(): Parameter 'UID' not found
12-02 14:22:21.841   309  1753 E NetlinkEvent: NetlinkEvent::FindParam(): Parameter 'UID' not found
12-02 14:30:19.811   309  1753 E NetlinkEvent: NetlinkEvent::FindParam(): Parameter 'UID' not found
12-02 14:43:23.802  1789  2902 I chatty  : uid=1000(system) AlarmManager expire 11 lines
12-02 14:43:23.807   309  1753 E NetlinkEvent: NetlinkEvent::FindParam(): Parameter 'UID' not found
12-02 14:43:23.813  1789  1789 I chatty  : uid=1000 system_server expire 14 lines
12-02 14:52:21.811   309  1753 E NetlinkEvent: NetlinkEvent::FindParam(): Parameter 'UID' not found
12-02 14:55:26.866   309  1753 E NetlinkEvent: NetlinkEvent::FindParam(): Parameter 'UID' not found
12-02 15:02:21.810   309  1753 E NetlinkEvent: NetlinkEvent::FindParam(): Parameter 'UID' not found
12-02 15:12:25.833   309  1753 E NetlinkEvent: NetlinkEvent::FindParam(): Parameter 'UID' not found
12-02 15:14:14.892   309  1753 E NetlinkEvent: NetlinkEvent::FindParam(): Parameter 'UID' not found
12-02 15:14:14.941  1789  1808 I chatty  : uid=1000(system) android.display expire 4 lines
12-02 15:14:15.140   309  1753 E NetlinkEvent: NetlinkEvent::FindParam(): Parameter 'UID' not found
12-02 15:14:15.169  1789  2902 I chatty  : uid=1000(system) AlarmManager expire 12 lines
12-02 15:14:15.219  1789  1789 I chatty  : uid=1000 system_server expire 14 lines
12-02 15:14:15.447   259   259 I chatty  : uid=1000(system) /system/bin/surfaceflinger expire 6 lines
12-02 15:14:16.130  1789  8868 I chatty  : uid=1000(system) Binder_E expire 6 lines
12-02 15:14:16.153  1789  3019 I chatty  : uid=1000(system) Binder_4 expire 1 line
12-02 15:14:16.573  1789  1800 I chatty  : uid=1000(system) Binder_2 expire 3 lines
12-02 15:14:16.682  1789  1802 I chatty  : uid=1000(system) android.bg expire 4 lines
12-02 15:14:18.062  1789  2955 I chatty  : uid=1000(system) WifiService expire 1 line
12-02 15:14:18.063  1789  2956 I chatty  : uid=1000(system) ConnectivitySer expire 11 lines
12-02 15:14:20.703  1589  1605 D ActivityThread: Loading provider com.google.android.gmail.provider;com.android.mail.notifier;com.google.android.gm.email.provider;com.google.android.gm.email.notifier: com.android.email.provider.EmailProvider
12-02 15:14:21.031  1789  5593 I chatty  : uid=1000(system) Binder_C expire 2 lines
12-02 15:14:21.330   259   708 I chatty  : uid=1000(system) EventThread expire 2 lines
12-02 15:14:24.364  1789  3510 I chatty  : uid=1000(system) Binder_5 expire 1 line
12-02 15:14:24.370  1789  1805 I chatty  : uid=1000(system) android.fg expire 2 lines
12-02 15:14:24.530  1789  3724 I chatty  : uid=1000(system) Binder_8 expire 2 lines
12-02 15:14:40.465  1789  1811 I chatty  : uid=1000(system) PowerManagerSer expire 3 lines
12-02 15:14:41.262  3011  3011 D StatusBarKeyguardViewManager: showKeyguard, but hide Bouncer
12-02 15:14:56.238   309  1753 E NetlinkEvent: NetlinkEvent::FindParam(): Parameter 'UID' not found
12-02 15:17:21.794  1789  1789 I chatty  : uid=1000 system_server expire 11 lines
12-02 15:17:21.873   309  1753 E NetlinkEvent: NetlinkEvent::FindParam(): Parameter 'UID' not found
12-02 15:17:22.864  1789  2902 I chatty  : uid=1000(system) AlarmManager expire 16 lines
12-02 15:17:23.409  1789  2950 I chatty  : uid=1000(system) WifiP2pService expire 7 lines
12-02 15:17:23.556   309  1753 E NetlinkEvent: NetlinkEvent::FindParam(): Parameter 'UID' not found
12-02 15:17:23.913  3655  3655 I chatty  : uid=1000(system) com.motorola.process.system expire 2 lines
12-02 15:17:24.168  1789  5399 I chatty  : uid=1000(system) Binder_A expire 1 line
12-02 15:17:24.271  1924  2022 I ActivityThread: Removing dead content provider:android.content.ContentProviderProxy@7c6ef17
12-02 15:17:24.271  1924  2022 I ActivityThread: Removing dead content provider:android.content.ContentProviderProxy@7c6ef17
12-02 15:17:25.770  1789  2956 I chatty  : uid=1000(system) ConnectivitySer expire 21 lines
12-02 15:17:26.344  5316  2201 W ActivityThread: ClassLoader.loadClass: The class loader returned by Thread.getContextClassLoader() may fail for processes that host multiple applications. You should explicitly specify a context class loader. For example: Thread.setContextClassLoader(getClass().getClassLoader());
12-02 15:18:55.323   309  1753 E NetlinkEvent: NetlinkEvent::FindParam(): Parameter 'UID' not found
12-02 15:21:27.646   309  1753 E NetlinkEvent: NetlinkEvent::FindParam(): Parameter 'UID' not found
12-02 15:21:27.650   309  1753 E NetlinkEvent: NetlinkEvent::FindParam(): Parameter 'UID' not found
12-02 15:21:37.664   309  1753 E NetlinkEvent: NetlinkEvent::FindParam(): Parameter 'UID' not found
12-02 15:21:39.517   309  1753 E NetlinkEvent: NetlinkEvent::FindParam(): Parameter 'UID' not found
12-02 15:21:39.526  1789  4628 I chatty  : uid=1000(system) Binder_9 expire 1 line
12-02 15:22:55.824  1789  1789 I chatty  : uid=1000 system_server expire 10 lines
12-02 15:24:28.874   309  1753 E NetlinkEvent: NetlinkEvent::FindParam(): Parameter 'UID' not found
12-02 15:25:42.822  1789  2902 I chatty  : uid=1000(system) AlarmManager expire 7 lines
