11-29 06:22:17.743  1787  1797 I chatty  : uid=1000(system) Binder_1 expire 1 line
11-29 06:22:17.745  1787  1803 I chatty  : uid=1000(system) android.fg expire 2 lines
11-29 06:22:30.168  1787  1809 I chatty  : uid=1000(system) PowerManagerSer expire 3 lines
11-29 06:22:31.001  3000  3000 D StatusBarKeyguardViewManager: showKeyguard, but hide Bouncer
11-29 06:22:38.663   305  1751 E NetlinkEvent: NetlinkEvent::FindParam(): Parameter 'UID' not found
11-29 06:22:38.669  1787  4201 I chatty  : uid=1000(system) Binder_7 expire 4 lines
11-29 06:24:09.708   305  1751 E NetlinkEvent: NetlinkEvent::FindParam(): Parameter 'UID' not found
11-29 06:24:09.712   305  1751 E NetlinkEvent: NetlinkEvent::FindParam(): Parameter 'UID' not found
11-29 06:24:09.730   305  1751 E NetlinkEvent: NetlinkEvent::FindParam(): Parameter 'UID' not found
11-29 06:25:33.515   305  1751 E NetlinkEvent: NetlinkEvent::FindParam(): Parameter 'UID' not found
11-29 06:25:33.545  1787  1787 I chatty  : uid=1000 system_server expire 15 lines
11-29 06:26:17.348   305  1751 E NetlinkEvent: NetlinkEvent::FindParam(): Parameter 'UID' not found
11-29 06:26:17.351   305  1751 E NetlinkEvent: NetlinkEvent::FindParam(): Parameter 'UID' not found
11-29 06:26:17.380   305  1751 E NetlinkEvent: NetlinkEvent::FindParam(): Parameter 'UID' not found
11-29 06:28:39.880   305  1751 E NetlinkEvent: NetlinkEvent::FindParam(): Parameter 'UID' not found
11-29 06:29:54.362  1787  2914 I chatty  : uid=1000(system) AlarmManager expire 20 lines
11-29 06:33:11.156   305  1751 E NetlinkEvent: NetlinkEvent::FindParam(): Parameter 'UID' not found
11-29 06:33:11.173   305  1751 E NetlinkEvent: NetlinkEvent::FindParam(): Parameter 'UID' not found
11-29 06:33:11.372  1787  6220 I chatty  : uid=1000(system) Binder_C expire 6 lines
11-29 06:33:11.378   305  1751 E NetlinkEvent: NetlinkEvent::FindParam(): Parameter 'UID' not found
11-29 06:34:22.004   305  1751 E NetlinkEvent: NetlinkEvent::FindParam(): Parameter 'UID' not found
11-29 06:34:23.080  1787  1787 I chatty  : uid=1000 system_server expire 13 lines
11-29 06:47:42.186   305  1751 E NetlinkEvent: NetlinkEvent::FindParam(): Parameter 'UID' not found
11-29 06:47:42.193   305  1751 E NetlinkEvent: NetlinkEvent::FindParam(): Parameter 'UID' not found
11-29 06:47:42.196   305  1751 E NetlinkEvent: NetlinkEvent::FindParam(): Parameter 'UID' not found
11-29 06:48:02.345   305  1751 E NetlinkEvent: NetlinkEvent::FindParam(): Parameter 'UID' not found
11-29 06:48:07.962  1787  2949 I chatty  : uid=1000(system) WifiP2pService expire 8 lines
11-29 06:48:07.986  1787  2955 I chatty  : uid=1000(system) ConnectivitySer expire 26 lines
11-29 06:48:07.992  1787  1801 I chatty  : uid=1000(system) ActivityManager expire 10 lines
11-29 06:48:08.145   305  1751 E NetlinkEvent: NetlinkEvent::FindParam(): Parameter 'UID' not found
11-29 06:48:08.275  1787  4628 I chatty  : uid=1000(system) Binder_9 expire 11 lines
11-29 06:48:08.355  3627  3627 I chatty  : uid=1000(system) com.motorola.process.system expire 4 lines
11-29 06:48:08.388  1787  3029 I chatty  : uid=1000(system) Binder_3 expire 10 lines
11-29 06:48:08.618  1787  2914 I chatty  : uid=1000(system) AlarmManager expire 13 lines
11-29 06:48:08.644  1787  1798 I chatty  : uid=1000(system) Binder_2 expire 4 lines
11-29 06:48:08.737  1787  6219 I chatty  : uid=1000(system) Binder_B expire 6 lines
11-29 06:48:08.841  1787  1787 I chatty  : uid=1000 system_server expire 11 lines
11-29 06:50:09.606   305  1751 E NetlinkEvent: NetlinkEvent::FindParam(): Parameter 'UID' not found
11-29 06:50:09.671   305  1751 E NetlinkEvent: NetlinkEvent::FindParam(): Parameter 'UID' not found
11-29 06:50:09.700  1787  1787 I chatty  : uid=1000 system_server expire 11 lines
11-29 06:50:10.634  1787  2955 I chatty  : uid=1000(system) ConnectivitySer expire 14 lines
11-29 06:50:48.744   305  1751 E NetlinkEvent: NetlinkEvent::FindParam(): Parameter 'UID' not found
11-29 06:50:51.128   305  1751 E NetlinkEvent: NetlinkEvent::FindParam(): Parameter 'UID' not found
11-29 06:50:53.136  1787  3031 I chatty  : uid=1000(system) Binder_4 expire 2 lines
11-29 06:50:53.319  1787  6221 I chatty  : uid=1000(system) Binder_D expire 6 lines
11-29 06:50:53.422  1787  2954 I chatty  : uid=1000(system) WifiService expire 1 line
11-29 06:50:53.866  1787  4201 I chatty  : uid=1000(system) Binder_7 expire 8 lines
11-29 06:50:54.047  1787  6215 I chatty  : uid=1000(system) Binder_A expire 6 lines
11-29 06:51:29.297   305  1751 E NetlinkEvent: NetlinkEvent::FindParam(): Parameter 'UID' not found
11-29 06:52:11.865   305  1751 E NetlinkEvent: NetlinkEvent::FindParam(): Parameter 'UID' not found
11-29 06:52:39.967   305  1751 E NetlinkEvent: NetlinkEvent::FindParam(): Parameter 'UID' not found
11-29 06:53:28.044  1787  1797 I chatty  : uid=1000(system) Binder_1 expire 2 lines
11-29 06:53:28.079   305  1751 E NetlinkEvent: NetlinkEvent::FindParam(): Parameter 'UID' not found
11-29 06:53:28.250  1787  3675 I chatty  : uid=1000(system) Binder_5 expire 5 lines
11-29 06:53:29.629  3640  3640 D MccTable: updateMccMncConfiguration mccmnc='null' fromServiceState=true
11-29 06:53:29.629  3640  3640 D MccTable: WIFI_COUNTRY_CODE set to 
11-29 06:53:29.655  3460  3460 I chatty  : uid=1000(system) com.motorola.modemservice expire 2 lines
11-29 06:53:29.809  1787  4627 I chatty  : uid=1000(system) Binder_8 expire 4 lines
11-29 06:53:31.248  1787  2914 I chatty  : uid=1000(system) AlarmManager expire 8 lines
11-29 06:53:43.274  3640  3640 D MccTable: updateMccMncConfiguration mccmnc='26207' fromServiceState=true
11-29 06:53:43.275  3640  3640 D MccTable: updateMccMncConfiguration defaultMccMnc=26207
11-29 06:53:43.275  3640  3640 D MccTable: updateMccMncConfiguration: mcc=262, mnc=7
11-29 06:53:43.275  3640  3640 D MccTable: WIFI_COUNTRY_CODE set to de
11-29 06:53:43.451  1787  3677 I chatty  : uid=1000(system) Binder_6 expire 4 lines
11-29 06:53:44.070  1787  2955 I chatty  : uid=1000(system) ConnectivitySer expire 11 lines
11-29 06:55:08.750   305  1751 E NetlinkEvent: NetlinkEvent::FindParam(): Parameter 'UID' not found
11-29 06:56:32.060  1787  1787 I chatty  : uid=1000 system_server expire 1 line
11-29 06:56:32.087  3640  3640 D MccTable: updateMccMncConfiguration mccmnc='26203' fromServiceState=true
11-29 06:56:32.089  3640  3640 D MccTable: updateMccMncConfiguration defaultMccMnc=26207
11-29 06:56:32.089  3640  3640 D MccTable: updateMccMncConfiguration: mcc=262, mnc=3
11-29 06:56:32.089  3640  3640 D MccTable: WIFI_COUNTRY_CODE set to de
11-29 06:56:32.107  1787  2955 I chatty  : uid=1000(system) ConnectivitySer expire 10 lines
11-29 06:56:32.164   305  1751 E NetlinkEvent: NetlinkEvent::FindParam(): Parameter 'UID' not found
11-29 06:56:33.415  1787  4201 I chatty  : uid=1000(system) Binder_7 expire 11 lines
11-29 06:56:33.591  1787  6219 I chatty  : uid=1000(system) Binder_B expire 13 lines
11-29 06:56:33.704  1787  6220 I chatty  : uid=1000(system) Binder_C expire 7 lines
11-29 06:56:33.923  1787  3677 I chatty  : uid=1000(system) Binder_6 expire 9 lines
11-29 06:56:34.106  1787  1798 I chatty  : uid=1000(system) Binder_2 expire 7 lines
11-29 06:56:34.375  1787  4627 I chatty  : uid=1000(system) Binder_8 expire 7 lines
11-29 06:56:34.456  1787  6221 I chatty  : uid=1000(system) Binder_D expire 8 lines
11-29 06:56:34.499  1787  4628 I chatty  : uid=1000(system) Binder_9 expire 15 lines
11-29 06:56:34.606  1787  3031 I chatty  : uid=1000(system) Binder_4 expire 11 lines
11-29 06:56:38.080  1787  2914 I chatty  : uid=1000(system) AlarmManager expire 16 lines
11-29 06:56:38.096  1787  1787 I chatty  : uid=1000 system_server expire 20 lines
11-29 06:57:00.471   305  1751 E NetlinkEvent: NetlinkEvent::FindParam(): Parameter 'UID' not found
11-29 06:57:00.478  1787  6215 I chatty  : uid=1000(system) Binder_A expire 7 lines
11-29 06:57:03.030  1787  1801 I chatty  : uid=1000(system) ActivityManager expire 7 lines
11-29 06:57:03.361  1787  1797 I chatty  : uid=1000(system) Binder_1 expire 10 lines
11-29 06:57:03.681  3640  3640 D MccTable: updateMccMncConfiguration mccmnc='26207' fromServiceState=true
11-29 06:57:03.682  3640  3640 D MccTable: updateMccMncConfiguration defaultMccMnc=26207
11-29 06:57:03.682  3640  3640 D MccTable: updateMccMncConfiguration: mcc=262, mnc=7
11-29 06:57:03.682  3640  3640 D MccTable: WIFI_COUNTRY_CODE set to de
11-29 06:57:03.689  1787  2949 I chatty  : uid=1000(system) WifiP2pService expire 10 lines
11-29 06:57:03.803   305  1751 E NetlinkEvent: NetlinkEvent::FindParam(): Parameter 'UID' not found
11-29 06:57:03.952  1787  3029 I chatty  : uid=1000(system) Binder_3 expire 3 lines
11-29 06:58:02.867   305  1751 E NetlinkEvent: NetlinkEvent::FindParam(): Parameter 'UID' not found
11-29 06:59:41.028  3640  3640 D MccTable: updateMccMncConfiguration mccmnc='26203' fromServiceState=true
11-29 06:59:41.029  3640  3640 D MccTable: updateMccMncConfiguration defaultMccMnc=26207
11-29 06:59:41.029  3640  3640 D MccTable: updateMccMncConfiguration: mcc=262, mnc=3
11-29 06:59:41.029  3640  3640 D MccTable: WIFI_COUNTRY_CODE set to de
11-29 06:59:41.109   305  1751 E NetlinkEvent: NetlinkEvent::FindParam(): Parameter 'UID' not found
11-29 07:00:01.596   305  1751 E NetlinkEvent: NetlinkEvent::FindParam(): Parameter 'UID' not found
11-29 07:00:01.602  1787  1787 I chatty  : uid=1000 system_server expire 13 lines
11-29 07:01:14.135   305  1751 E NetlinkEvent: NetlinkEvent::FindParam(): Parameter 'UID' not found
11-29 07:01:50.077   305  1751 E NetlinkEvent: NetlinkEvent::FindParam(): Parameter 'UID' not found
11-29 07:02:23.603  1787  2914 I chatty  : uid=1000(system) AlarmManager expire 12 lines
11-29 07:02:23.631   305  1751 E NetlinkEvent: NetlinkEvent::FindParam(): Parameter 'UID' not found
11-29 07:02:35.931   305  1751 E NetlinkEvent: NetlinkEvent::FindParam(): Parameter 'UID' not found
11-29 07:02:37.574   305  1751 E NetlinkEvent: NetlinkEvent::FindParam(): Parameter 'UID' not found
11-29 07:02:41.057  1787  1800 I chatty  : uid=1000(system) android.bg expire 6 lines
11-29 07:02:42.158  1787  3675 I chatty  : uid=1000(system) Binder_5 expire 5 lines
11-29 07:03:04.700   305  1751 E NetlinkEvent: NetlinkEvent::FindParam(): Parameter 'UID' not found
11-29 07:03:07.639  3640  3640 D MccTable: updateMccMncConfiguration mccmnc='26207' fromServiceState=true
11-29 07:03:07.641  3640  3640 D MccTable: updateMccMncConfiguration defaultMccMnc=26207
11-29 07:03:07.641  3640  3640 D MccTable: updateMccMncConfiguration: mcc=262, mnc=7
11-29 07:03:07.641  3640  3640 D MccTable: WIFI_COUNTRY_CODE set to de
11-29 07:04:05.608   305  1751 E NetlinkEvent: NetlinkEvent::FindParam(): Parameter 'UID' not found
11-29 07:04:05.644  1787  1787 I chatty  : uid=1000 system_server expire 5 lines
11-29 07:04:15.822   305  1751 E NetlinkEvent: NetlinkEvent::FindParam(): Parameter 'UID' not found
11-29 07:05:08.784   305  1751 E NetlinkEvent: NetlinkEvent::FindParam(): Parameter 'UID' not found
11-29 07:05:09.086  1787  2955 I chatty  : uid=1000(system) ConnectivitySer expire 11 lines
11-29 07:05:09.126  3640  3640 D MccTable: updateMccMncConfiguration mccmnc='26203' fromServiceState=true
11-29 07:05:09.127  3640  3640 D MccTable: updateMccMncConfiguration defaultMccMnc=26207
11-29 07:05:09.127  3640  3640 D MccTable: updateMccMncConfiguration: mcc=262, mnc=3
11-29 07:05:09.128  3640  3640 D MccTable: WIFI_COUNTRY_CODE set to de
11-29 07:05:20.909  3640  3640 D MccTable: updateMccMncConfiguration mccmnc='null' fromServiceState=true
11-29 07:05:20.909  3640  3640 D MccTable: WIFI_COUNTRY_CODE set to 
11-29 07:05:21.020  1787  3031 I chatty  : uid=1000(system) Binder_4 expire 7 lines
11-29 07:05:21.043  3460  3460 I chatty  : uid=1000(system) com.motorola.modemservice expire 2 lines
11-29 07:05:21.083  3627  3627 I chatty  : uid=1000(system) com.motorola.process.system expire 1 line
11-29 07:05:32.583  1787  2914 I chatty  : uid=1000(system) AlarmManager expire 3 lines
11-29 07:05:32.586   305  1751 E NetlinkEvent: NetlinkEvent::FindParam(): Parameter 'UID' not found
11-29 07:05:32.604   305  1751 E NetlinkEvent: NetlinkEvent::FindParam(): Parameter 'UID' not found
11-29 07:05:37.052  3640  3640 D MccTable: updateMccMncConfiguration mccmnc='26207' fromServiceState=true
11-29 07:05:37.061  3640  3640 D MccTable: updateMccMncConfiguration defaultMccMnc=26207
11-29 07:05:37.061  3640  3640 D MccTable: updateMccMncConfiguration: mcc=262, mnc=7
11-29 07:05:37.061  3640  3640 D MccTable: WIFI_COUNTRY_CODE set to de
11-29 07:05:37.524  1787  2955 I chatty  : uid=1000(system) ConnectivitySer expire 12 lines
11-29 07:05:37.543  3627  3627 I chatty  : uid=1000(system) com.motorola.process.system expire 1 line
11-29 07:05:37.813  1787  4627 I chatty  : uid=1000(system) Binder_8 expire 6 lines
11-29 07:05:37.966  1787  6221 I chatty  : uid=1000(system) Binder_D expire 5 lines
11-29 07:05:38.320  1787  3031 I chatty  : uid=1000(system) Binder_4 expire 5 lines
11-29 07:05:38.569  1787  4201 I chatty  : uid=1000(system) Binder_7 expire 7 lines
11-29 07:05:38.662  1787  6215 I chatty  : uid=1000(system) Binder_A expire 8 lines
11-29 07:05:38.798  1787  3029 I chatty  : uid=1000(system) Binder_3 expire 6 lines
11-29 07:05:41.928  1787  2914 I chatty  : uid=1000(system) AlarmManager expire 16 lines
11-29 07:05:41.939  1787  1787 I chatty  : uid=1000 system_server expire 16 lines
11-29 07:05:55.594   305  1751 E NetlinkEvent: NetlinkEvent::FindParam(): Parameter 'UID' not found
11-29 07:05:55.610   305  1751 E NetlinkEvent: NetlinkEvent::FindParam(): Parameter 'UID' not found
11-29 07:06:21.895   305  1751 E NetlinkEvent: NetlinkEvent::FindParam(): Parameter 'UID' not found
11-29 07:07:38.046  1787  1798 I chatty  : uid=1000(system) Binder_2 expire 9 lines
11-29 07:07:38.052  1787  1801 I chatty  : uid=1000(system) ActivityManager expire 10 lines
11-29 07:07:38.064  1787  1800 I chatty  : uid=1000(system) android.bg expire 6 lines
11-29 07:07:38.636  3640  3640 D MccTable: updateMccMncConfiguration mccmnc='26203' fromServiceState=true
11-29 07:07:38.637  3640  3640 D MccTable: updateMccMncConfiguration defaultMccMnc=26207
11-29 07:07:38.637  3640  3640 D MccTable: updateMccMncConfiguration: mcc=262, mnc=3
11-29 07:07:38.637  3640  3640 D MccTable: WIFI_COUNTRY_CODE set to de
11-29 07:07:38.638  1787  1797 I chatty  : uid=1000(system) Binder_1 expire 7 lines
11-29 07:07:38.640  1787  2949 I chatty  : uid=1000(system) WifiP2pService expire 8 lines
11-29 07:07:45.211  1787  6219 I chatty  : uid=1000(system) Binder_B expire 5 lines
11-29 07:09:41.107   305  1751 E NetlinkEvent: NetlinkEvent::FindParam(): Parameter 'UID' not found
11-29 07:10:43.909   305  1751 E NetlinkEvent: NetlinkEvent::FindParam(): Parameter 'UID' not found
11-29 07:11:37.752   305  1751 E NetlinkEvent: NetlinkEvent::FindParam(): Parameter 'UID' not found
11-29 07:11:37.758  1787  1787 I chatty  : uid=1000 system_server expire 10 lines
11-29 07:13:35.553   305  1751 E NetlinkEvent: NetlinkEvent::FindParam(): Parameter 'UID' not found
11-29 07:13:53.600  1787  2914 I chatty  : uid=1000(system) AlarmManager expire 10 lines
11-29 07:13:53.628   305  1751 E NetlinkEvent: NetlinkEvent::FindParam(): Parameter 'UID' not found
11-29 07:14:10.600   305  1751 E NetlinkEvent: NetlinkEvent::FindParam(): Parameter 'UID' not found
11-29 07:14:10.775  1787  1787 I chatty  : uid=1000 system_server expire 10 lines
11-29 07:14:11.071  1787  4628 I chatty  : uid=1000(system) Binder_9 expire 2 lines
11-29 07:14:13.040   305  1751 E NetlinkEvent: NetlinkEvent::FindParam(): Parameter 'UID' not found
11-29 07:14:27.097   305  1751 E NetlinkEvent: NetlinkEvent::FindParam(): Parameter 'UID' not found
11-29 07:14:27.887   305  1751 E NetlinkEvent: NetlinkEvent::FindParam(): Parameter 'UID' not found
11-29 07:14:51.469   305  1751 E NetlinkEvent: NetlinkEvent::FindParam(): Parameter 'UID' not found
11-29 07:15:23.257   305  1751 E NetlinkEvent: NetlinkEvent::FindParam(): Parameter 'UID' not found
11-29 07:15:25.632  3640  3640 D MccTable: updateMccMncConfiguration mccmnc='26207' fromServiceState=true
11-29 07:15:25.633  3640  3640 D MccTable: updateMccMncConfiguration defaultMccMnc=26207
11-29 07:15:25.633  3640  3640 D MccTable: updateMccMncConfiguration: mcc=262, mnc=7
11-29 07:15:25.633  3640  3640 D MccTable: WIFI_COUNTRY_CODE set to de
11-29 07:15:25.645  1787  3677 I chatty  : uid=1000(system) Binder_6 expire 5 lines
11-29 07:15:28.419  1787  6220 I chatty  : uid=1000(system) Binder_C expire 4 lines
11-29 07:15:30.555  1787  3675 I chatty  : uid=1000(system) Binder_5 expire 7 lines
11-29 07:15:52.593   305  1751 E NetlinkEvent: NetlinkEvent::FindParam(): Parameter 'UID' not found
11-29 07:15:54.084   305  1751 E NetlinkEvent: NetlinkEvent::FindParam(): Parameter 'UID' not found
11-29 07:15:54.096  3640  3640 D MccTable: updateMccMncConfiguration mccmnc='26203' fromServiceState=true
11-29 07:15:54.097  3640  3640 D MccTable: updateMccMncConfiguration defaultMccMnc=26207
11-29 07:15:54.097  3640  3640 D MccTable: updateMccMncConfiguration: mcc=262, mnc=3
11-29 07:15:54.097  3640  3640 D MccTable: WIFI_COUNTRY_CODE set to de
11-29 07:15:54.372  1787  2955 I chatty  : uid=1000(system) ConnectivitySer expire 9 lines
11-29 07:16:10.599   305  1751 E NetlinkEvent: NetlinkEvent::FindParam(): Parameter 'UID' not found
11-29 07:16:23.823  3640  3640 D MccTable: updateMccMncConfiguration mccmnc='26207' fromServiceState=true
11-29 07:16:23.823  3640  3640 D MccTable: updateMccMncConfiguration defaultMccMnc=26207
11-29 07:16:23.823  3640  3640 D MccTable: updateMccMncConfiguration: mcc=262, mnc=7
11-29 07:16:23.824  3640  3640 D MccTable: WIFI_COUNTRY_CODE set to de
11-29 07:16:23.830   305  1751 E NetlinkEvent: NetlinkEvent::FindParam(): Parameter 'UID' not found
11-29 07:16:28.469  1787  2914 I chatty  : uid=1000(system) AlarmManager expire 12 lines
11-29 07:17:02.139   305  1751 E NetlinkEvent: NetlinkEvent::FindParam(): Parameter 'UID' not found
11-29 07:17:04.186   305  1751 E NetlinkEvent: NetlinkEvent::FindParam(): Parameter 'UID' not found
11-29 07:17:29.145   305  1751 E NetlinkEvent: NetlinkEvent::FindParam(): Parameter 'UID' not found
11-29 07:17:51.791  1787  1806 I chatty  : uid=1000(system) android.display expire 7 lines
11-29 07:17:52.037   258   699 I chatty  : uid=1000(system) EventThread expire 4 lines
11-29 07:17:52.294   258   258 I chatty  : uid=1000(system) /system/bin/surfaceflinger expire 13 lines
11-29 07:17:52.751  1787  1803 I chatty  : uid=1000(system) android.fg expire 4 lines
11-29 07:17:52.776  1787  1787 I chatty  : uid=1000 system_server expire 10 lines
11-29 07:17:57.061   305  1751 E NetlinkEvent: NetlinkEvent::FindParam(): Parameter 'UID' not found
11-29 07:17:57.842 19423 19423 I chatty  : uid=1000(system) expire 2 lines
11-29 07:18:04.377  1787  2915 I chatty  : uid=1000(system) InputDispatcher expire 3 lines
11-29 07:18:05.388  1787  2954 I chatty  : uid=1000(system) WifiService expire 1 line
11-29 07:18:06.136  1787  2916 I chatty  : uid=1000(system) InputReader expire 1 line
11-29 07:18:06.829  1787  1809 I chatty  : uid=1000(system) PowerManagerSer expire 5 lines
11-29 07:18:07.243  3000  3000 D StatusBarKeyguardViewManager: showKeyguard, but hide Bouncer
11-29 07:18:07.409   258   258 I chatty  : uid=1000(system) /system/bin/surfaceflinger expire 2 lines
11-29 07:18:38.596   305  1751 E NetlinkEvent: NetlinkEvent::FindParam(): Parameter 'UID' not found
11-29 07:18:38.605   305  1751 E NetlinkEvent: NetlinkEvent::FindParam(): Parameter 'UID' not found
11-29 07:18:38.605  1787  1787 I chatty  : uid=1000 system_server expire 7 lines
11-29 07:19:06.406   305  1751 E NetlinkEvent: NetlinkEvent::FindParam(): Parameter 'UID' not found
11-29 07:19:13.822  1787  2914 I chatty  : uid=1000(system) AlarmManager expire 3 lines
11-29 07:19:19.833  1787  1801 I chatty  : uid=1000(system) ActivityManager expire 2 lines
11-29 07:20:05.293  1787  2914 I chatty  : uid=1000(system) AlarmManager expire 14 lines
11-29 07:20:05.296   305  1751 E NetlinkEvent: NetlinkEvent::FindParam(): Parameter 'UID' not found
11-29 07:20:05.297   305  1751 E NetlinkEvent: NetlinkEvent::FindParam(): Parameter 'UID' not found
11-29 07:20:05.312  1787  1803 I chatty  : uid=1000(system) android.fg expire 4 lines
11-29 07:20:05.341  1787  1787 I chatty  : uid=1000 system_server expire 12 lines
11-29 07:20:05.479  3000  3000 D StatusBarKeyguardViewManager: showKeyguard, but hide Bouncer
11-29 07:20:05.492   305  1751 E NetlinkEvent: NetlinkEvent::FindParam(): Parameter 'UID' not found
11-29 07:20:27.699   305  1751 E NetlinkEvent: NetlinkEvent::FindParam(): Parameter 'UID' not found
11-29 07:21:06.745   305  1751 E NetlinkEvent: NetlinkEvent::FindParam(): Parameter 'UID' not found
11-29 07:21:06.750   305  1751 E NetlinkEvent: NetlinkEvent::FindParam(): Parameter 'UID' not found
11-29 07:21:58.644   305  1751 E NetlinkEvent: NetlinkEvent::FindParam(): Parameter 'UID' not found
11-29 07:21:58.651   305  1751 E NetlinkEvent: NetlinkEvent::FindParam(): Parameter 'UID' not found
11-29 07:21:58.686   305  1751 E NetlinkEvent: NetlinkEvent::FindParam(): Parameter 'UID' not found
11-29 07:22:27.124   305  1751 E NetlinkEvent: NetlinkEvent::FindParam(): Parameter 'UID' not found
11-29 07:23:06.742   305  1751 E NetlinkEvent: NetlinkEvent::FindParam(): Parameter 'UID' not found
11-29 07:23:06.748   305  1751 E NetlinkEvent: NetlinkEvent::FindParam(): Parameter 'UID' not found
11-29 07:23:13.465   305  1751 E NetlinkEvent: NetlinkEvent::FindParam(): Parameter 'UID' not found
11-29 07:24:56.387   305  1751 E NetlinkEvent: NetlinkEvent::FindParam(): Parameter 'UID' not found
11-29 07:26:06.705   305  1751 E NetlinkEvent: NetlinkEvent::FindParam(): Parameter 'UID' not found
11-29 07:26:06.718  1787  1787 I chatty  : uid=1000 system_server expire 10 lines
11-29 07:26:19.281   305  1751 E NetlinkEvent: NetlinkEvent::FindParam(): Parameter 'UID' not found
11-29 07:26:28.876   305  1751 E NetlinkEvent: NetlinkEvent::FindParam(): Parameter 'UID' not found
11-29 07:26:39.003   305  1751 E NetlinkEvent: NetlinkEvent::FindParam(): Parameter 'UID' not found
11-29 07:27:01.227  1787  1806 I chatty  : uid=1000(system) android.display expire 7 lines
11-29 07:27:01.475   258   699 I chatty  : uid=1000(system) EventThread expire 6 lines
11-29 07:27:01.741   258   258 I chatty  : uid=1000(system) /system/bin/surfaceflinger expire 73 lines
11-29 07:27:02.196  1787  2914 I chatty  : uid=1000(system) AlarmManager expire 11 lines
11-29 07:27:02.477  1787  1797 I chatty  : uid=1000(system) Binder_1 expire 1 line
11-29 07:27:02.482  1787  6220 I chatty  : uid=1000(system) Binder_C expire 1 line
11-29 07:27:04.365  1787  2916 I chatty  : uid=1000(system) InputReader expire 1 line
11-29 07:27:05.075  1787  1809 I chatty  : uid=1000(system) PowerManagerSer expire 2 lines
11-29 07:27:05.165  3000  3000 D StatusBarKeyguardViewManager: showKeyguard, but hide Bouncer
11-29 07:27:17.343  1787  3031 I chatty  : uid=1000(system) Binder_4 expire 1 line
11-29 07:27:17.350  1787  4627 I chatty  : uid=1000(system) Binder_8 expire 2 lines
11-29 07:27:20.166   305  1751 E NetlinkEvent: NetlinkEvent::FindParam(): Parameter 'UID' not found
11-29 07:27:20.204  1787  6215 I chatty  : uid=1000(system) Binder_A expire 1 line
11-29 07:27:20.327 19423 19423 I chatty  : uid=1000(system) expire 1 line
11-29 07:27:21.881  1787  3675 I chatty  : uid=1000(system) Binder_5 expire 1 line
11-29 07:27:21.924  1787  4628 I chatty  : uid=1000(system) Binder_9 expire 2 lines
11-29 07:27:22.802 19973 19990 W ActivityThread: ClassLoader.loadClass: The class loader returned by Thread.getContextClassLoader() may fail for processes that host multiple applications. You should explicitly specify a context class loader. For example: Thread.setContextClassLoader(getClass().getClassLoader());
11-29 07:27:22.867 19973 19992 E ActivityThread: Failed to find provider info for com.facebook.katana.provider.AttributionIdProvider
11-29 07:27:33.563  1787  1787 I chatty  : uid=1000 system_server expire 14 lines
11-29 07:28:28.678   258   258 I chatty  : uid=1000(system) /system/bin/surfaceflinger expire 17 lines
11-29 07:28:30.478  1787  1797 I chatty  : uid=1000(system) Binder_1 expire 2 lines
11-29 07:28:30.609  1787  3675 I chatty  : uid=1000(system) Binder_5 expire 6 lines
11-29 07:28:30.655  1787  3031 I chatty  : uid=1000(system) Binder_4 expire 4 lines
11-29 07:28:30.860   258   699 I chatty  : uid=1000(system) EventThread expire 10 lines
11-29 07:28:50.243  1787  2916 I chatty  : uid=1000(system) InputReader expire 2 lines
11-29 07:28:50.842  1787  1806 I chatty  : uid=1000(system) android.display expire 11 lines
11-29 07:28:51.042  1787  1809 I chatty  : uid=1000(system) PowerManagerSer expire 8 lines
11-29 07:28:51.043  1787  1803 I chatty  : uid=1000(system) android.fg expire 7 lines
11-29 07:28:51.645 19423 19423 I chatty  : uid=1000(system) expire 1 line
11-29 07:28:52.005  3000  3000 D StatusBarKeyguardViewManager: showKeyguard, but hide Bouncer
11-29 07:28:53.307  1787  2914 I chatty  : uid=1000(system) AlarmManager expire 11 lines
11-29 07:29:08.064  1787  1801 I chatty  : uid=1000(system) ActivityManager expire 7 lines
11-29 07:29:14.011  1787  4201 I chatty  : uid=1000(system) Binder_7 expire 1 line
11-29 07:29:14.019  1787  6221 I chatty  : uid=1000(system) Binder_D expire 4 lines
11-29 07:29:14.965  1787  1802 I chatty  : uid=1000(system) android.ui expire 1 line
11-29 07:29:15.242   258   258 I chatty  : uid=1000(system) /system/bin/surfaceflinger expire 10 lines
11-29 07:29:16.751  1787  2954 I chatty  : uid=1000(system) WifiService expire 5 lines
11-29 07:29:16.825  1787  6220 I chatty  : uid=1000(system) Binder_C expire 6 lines
11-29 07:29:16.834  1787  3029 I chatty  : uid=1000(system) Binder_3 expire 4 lines
11-29 07:29:16.871  1787  1798 I chatty  : uid=1000(system) Binder_2 expire 8 lines
11-29 07:29:17.017  1787  6215 I chatty  : uid=1000(system) Binder_A expire 5 lines
11-29 07:29:17.020  1787  3677 I chatty  : uid=1000(system) Binder_6 expire 5 lines
11-29 07:29:17.032  1787  4628 I chatty  : uid=1000(system) Binder_9 expire 3 lines
11-29 07:29:36.161  3000  3000 D StatusBarKeyguardViewManager: showKeyguard, but hide Bouncer
11-29 07:29:37.610  1787  1787 I chatty  : uid=1000 system_server expire 11 lines
11-29 07:30:04.351   305  1751 E NetlinkEvent: NetlinkEvent::FindParam(): Parameter 'UID' not found
11-29 07:30:05.084   305  1751 E NetlinkEvent: NetlinkEvent::FindParam(): Parameter 'UID' not found
11-29 07:30:05.854  1787  1800 I chatty  : uid=1000(system) android.bg expire 2 lines
11-29 07:30:18.813  3000  3000 D StatusBarKeyguardViewManager: showKeyguard, but hide Bouncer
11-29 07:30:35.607  1787  2914 I chatty  : uid=1000(system) AlarmManager expire 18 lines
11-29 07:30:35.616   305  1751 E NetlinkEvent: NetlinkEvent::FindParam(): Parameter 'UID' not found
11-29 07:30:35.629  1787  1787 I chatty  : uid=1000 system_server expire 13 lines
11-29 07:30:35.640   305  1751 E NetlinkEvent: NetlinkEvent::FindParam(): Parameter 'UID' not found
11-29 07:32:12.648   305  1751 E NetlinkEvent: NetlinkEvent::FindParam(): Parameter 'UID' not found
11-29 07:32:13.495   305  1751 E NetlinkEvent: NetlinkEvent::FindParam(): Parameter 'UID' not found
11-29 07:32:39.241   305  1751 E NetlinkEvent: NetlinkEvent::FindParam(): Parameter 'UID' not found
11-29 07:32:39.387   305  1751 E NetlinkEvent: NetlinkEvent::FindParam(): Parameter 'UID' not found
11-29 07:33:36.615   305  1751 E NetlinkEvent: NetlinkEvent::FindParam(): Parameter 'UID' not found
11-29 07:33:36.636   305  1751 E NetlinkEvent: NetlinkEvent::FindParam(): Parameter 'UID' not found
11-29 07:34:08.369   305  1751 E NetlinkEvent: NetlinkEvent::FindParam(): Parameter 'UID' not found
11-29 07:36:48.664   305  1751 E NetlinkEvent: NetlinkEvent::FindParam(): Parameter 'UID' not found
11-29 07:36:48.733  1787  1787 I chatty  : uid=1000 system_server expire 11 lines
11-29 07:37:31.511   305  1751 E NetlinkEvent: NetlinkEvent::FindParam(): Parameter 'UID' not found
11-29 07:37:32.084   258   258 I chatty  : uid=1000(system) /system/bin/surfaceflinger expire 12 lines
11-29 07:37:32.516  1787  2914 I chatty  : uid=1000(system) AlarmManager expire 6 lines
11-29 07:37:32.542  1787  6219 I chatty  : uid=1000(system) Binder_B expire 2 lines
11-29 07:37:32.548  1787  4627 I chatty  : uid=1000(system) Binder_8 expire 2 lines
11-29 07:37:35.093   305  1751 E NetlinkEvent: NetlinkEvent::FindParam(): Parameter 'UID' not found
11-29 07:37:35.948   258   699 I chatty  : uid=1000(system) EventThread expire 3 lines
11-29 07:37:36.379 21129 21129 I chatty  : uid=1000(system) expire 1 line
11-29 07:37:57.432   305  1751 E NetlinkEvent: NetlinkEvent::FindParam(): Parameter 'UID' not found
11-29 07:38:07.975  1787  2915 I chatty  : uid=1000(system) InputDispatcher expire 2 lines
11-29 07:38:08.338  1787  1806 I chatty  : uid=1000(system) android.display expire 3 lines
11-29 07:38:08.886  3000  3000 V DeadZone: consuming errant click: (591.17896,4.0717773)
11-29 07:38:09.378  3000  3000 V DeadZone: consuming errant click: (609.154,21.058594)
11-29 07:38:11.886  1787  2955 I chatty  : uid=1000(system) ConnectivitySer expire 4 lines
11-29 07:38:13.617   258   258 I chatty  : uid=1000(system) /system/bin/surfaceflinger expire 27 lines
11-29 07:38:13.668  1787  1801 I chatty  : uid=1000(system) ActivityManager expire 3 lines
11-29 07:38:14.616   258   699 I chatty  : uid=1000(system) EventThread expire 11 lines
11-29 07:38:14.682  1787  3675 I chatty  : uid=1000(system) Binder_5 expire 1 line
11-29 07:38:14.734  1787  4201 I chatty  : uid=1000(system) Binder_7 expire 1 line
11-29 07:38:15.384  1787  1806 I chatty  : uid=1000(system) android.display expire 5 lines
11-29 07:38:16.536  1787  1797 I chatty  : uid=1000(system) Binder_1 expire 2 lines
11-29 07:38:17.623  1787  3029 I chatty  : uid=1000(system) Binder_3 expire 1 line
11-29 07:38:20.117  1787  2914 I chatty  : uid=1000(system) AlarmManager expire 11 lines
11-29 07:38:20.127  1787  1787 I chatty  : uid=1000 system_server expire 11 lines
11-29 07:38:32.810  1787  3031 I chatty  : uid=1000(system) Binder_4 expire 3 lines
11-29 07:38:44.091   305  1751 E NetlinkEvent: NetlinkEvent::FindParam(): Parameter 'UID' not found
11-29 07:38:44.101  1787  6215 I chatty  : uid=1000(system) Binder_A expire 1 line
11-29 07:39:21.899   305  1751 E NetlinkEvent: NetlinkEvent::FindParam(): Parameter 'UID' not found
11-29 07:39:22.303   258   699 I chatty  : uid=1000(system) EventThread expire 14 lines
11-29 07:39:22.678  1787  6219 I chatty  : uid=1000(system) Binder_B expire 1 line
11-29 07:39:23.821   258   258 I chatty  : uid=1000(system) /system/bin/surfaceflinger expire 18 lines
11-29 07:39:25.489  1787  6220 I chatty  : uid=1000(system) Binder_C expire 1 line
11-29 07:39:25.970  1787  6221 I chatty  : uid=1000(system) Binder_D expire 1 line
11-29 07:39:53.051   305  1751 E NetlinkEvent: NetlinkEvent::FindParam(): Parameter 'UID' not found
11-29 07:39:53.982   258   258 I chatty  : uid=1000(system) /system/bin/surfaceflinger expire 20 lines
11-29 07:40:03.295  1787  4627 I chatty  : uid=1000(system) Binder_8 expire 1 line
11-29 07:40:03.382   305  1751 E NetlinkEvent: NetlinkEvent::FindParam(): Parameter 'UID' not found
11-29 07:40:31.650   305  1751 E NetlinkEvent: NetlinkEvent::FindParam(): Parameter 'UID' not found
11-29 07:40:33.675  1787  2914 I chatty  : uid=1000(system) AlarmManager expire 1 line
11-29 07:40:33.679  1787  1787 I chatty  : uid=1000 system_server expire 1 line
11-29 07:40:36.021   305  1751 E NetlinkEvent: NetlinkEvent::FindParam(): Parameter 'UID' not found
11-29 07:40:36.374   258   258 I chatty  : uid=1000(system) /system/bin/surfaceflinger expire 9 lines
11-29 07:40:40.274   258   699 I chatty  : uid=1000(system) EventThread expire 22 lines
11-29 07:40:47.710   305  1751 E NetlinkEvent: NetlinkEvent::FindParam(): Parameter 'UID' not found
11-29 07:40:50.246   258   258 I chatty  : uid=1000(system) /system/bin/surfaceflinger expire 10 lines
11-29 07:40:53.285   305  1751 E NetlinkEvent: NetlinkEvent::FindParam(): Parameter 'UID' not found
11-29 07:41:00.000  1787  2914 I chatty  : uid=1000(system) AlarmManager expire 10 lines
11-29 07:41:00.058  1787  1787 I chatty  : uid=1000 system_server expire 10 lines
11-29 07:41:03.570   305  1751 E NetlinkEvent: NetlinkEvent::FindParam(): Parameter 'UID' not found
11-29 07:41:09.770   305  1751 E NetlinkEvent: NetlinkEvent::FindParam(): Parameter 'UID' not found
11-29 07:41:26.410   305  1751 E NetlinkEvent: NetlinkEvent::FindParam(): Parameter 'UID' not found
11-29 07:41:29.591   305  1751 E NetlinkEvent: NetlinkEvent::FindParam(): Parameter 'UID' not found
11-29 07:41:31.496   258   258 I chatty  : uid=1000(system) /system/bin/surfaceflinger expire 32 lines
11-29 07:41:54.524  1787  1798 I chatty  : uid=1000(system) Binder_2 expire 1 line
11-29 07:41:54.785  1787  1806 I chatty  : uid=1000(system) android.display expire 6 lines
11-29 07:42:04.527  1787  1801 I chatty  : uid=1000(system) ActivityManager expire 1 line
11-29 07:42:11.416  1787  3029 I chatty  : uid=1000(system) Binder_3 expire 1 line
11-29 07:42:54.651   305  1751 E NetlinkEvent: NetlinkEvent::FindParam(): Parameter 'UID' not found
11-29 07:43:02.499   258   699 I chatty  : uid=1000(system) EventThread expire 17 lines
11-29 07:43:03.319   258   258 I chatty  : uid=1000(system) /system/bin/surfaceflinger expire 12 lines
11-29 07:43:18.434   305  1751 E NetlinkEvent: NetlinkEvent::FindParam(): Parameter 'UID' not found
11-29 07:43:33.711  1787  2914 I chatty  : uid=1000(system) AlarmManager expire 4 lines
11-29 07:43:33.716  1787  1787 I chatty  : uid=1000 system_server expire 4 lines
11-29 07:43:51.491   305  1751 E NetlinkEvent: NetlinkEvent::FindParam(): Parameter 'UID' not found
11-29 07:43:51.771   305  1751 E NetlinkEvent: NetlinkEvent::FindParam(): Parameter 'UID' not found
11-29 07:43:53.888   258   258 I chatty  : uid=1000(system) /system/bin/surfaceflinger expire 27 lines
11-29 07:44:11.315  1787  2915 I chatty  : uid=1000(system) InputDispatcher expire 2 lines
11-29 07:44:12.445  1787  6219 I chatty  : uid=1000(system) Binder_B expire 3 lines
11-29 07:44:16.616  1787  6215 I chatty  : uid=1000(system) Binder_A expire 1 line
11-29 07:44:22.780  1787  4627 I chatty  : uid=1000(system) Binder_8 expire 2 lines
11-29 07:44:33.723  1787  2914 I chatty  : uid=1000(system) AlarmManager expire 13 lines
11-29 07:44:33.729  1787  1787 I chatty  : uid=1000 system_server expire 13 lines
11-29 07:44:33.769  1787  1801 I chatty  : uid=1000(system) ActivityManager expire 3 lines
11-29 07:44:33.865  1787  1800 I chatty  : uid=1000(system) android.bg expire 1 line
11-29 07:44:42.370   258   699 I chatty  : uid=1000(system) EventThread expire 15 lines
11-29 07:44:42.756   258   258 I chatty  : uid=1000(system) /system/bin/surfaceflinger expire 10 lines
11-29 07:44:55.950   305  1751 E NetlinkEvent: NetlinkEvent::FindParam(): Parameter 'UID' not found
11-29 07:45:18.010   305  1751 E NetlinkEvent: NetlinkEvent::FindParam(): Parameter 'UID' not found
11-29 07:45:18.875   258   258 I chatty  : uid=1000(system) /system/bin/surfaceflinger expire 12 lines
11-29 07:45:26.424  1787  3031 I chatty  : uid=1000(system) Binder_4 expire 1 line
11-29 07:45:26.690  1787  1806 I chatty  : uid=1000(system) android.display expire 10 lines
11-29 07:45:52.831   305  1751 E NetlinkEvent: NetlinkEvent::FindParam(): Parameter 'UID' not found
11-29 07:45:54.913   258   258 I chatty  : uid=1000(system) /system/bin/surfaceflinger expire 28 lines
11-29 07:45:55.049   305  1751 E NetlinkEvent: NetlinkEvent::FindParam(): Parameter 'UID' not found
11-29 07:46:14.131  1787  3677 I chatty  : uid=1000(system) Binder_6 expire 4 lines
11-29 07:46:48.743  1787  2915 I chatty  : uid=1000(system) InputDispatcher expire 6 lines
11-29 07:46:51.034  1787  6219 I chatty  : uid=1000(system) Binder_B expire 3 lines
11-29 07:46:51.076  1787  1798 I chatty  : uid=1000(system) Binder_2 expire 2 lines
11-29 07:46:51.287  1787  6220 I chatty  : uid=1000(system) Binder_C expire 1 line
11-29 07:46:51.772 22629 22645 W ActivityThread: ClassLoader.loadClass: The class loader returned by Thread.getContextClassLoader() may fail for processes that host multiple applications. You should explicitly specify a context class loader. For example: Thread.setContextClassLoader(getClass().getClassLoader());
11-29 07:46:51.845 22629 22647 E ActivityThread: Failed to find provider info for com.facebook.katana.provider.AttributionIdProvider
11-29 07:46:52.544   258   258 I chatty  : uid=1000(system) /system/bin/surfaceflinger expire 20 lines
11-29 07:46:53.443   258   699 I chatty  : uid=1000(system) EventThread expire 10 lines
11-29 07:47:13.605  1787  6221 I chatty  : uid=1000(system) Binder_D expire 1 line
11-29 07:47:16.470  1787  3675 I chatty  : uid=1000(system) Binder_5 expire 3 lines
11-29 07:47:48.651   305  1751 E NetlinkEvent: NetlinkEvent::FindParam(): Parameter 'UID' not found
11-29 07:47:53.307   258   258 I chatty  : uid=1000(system) /system/bin/surfaceflinger expire 4 lines
11-29 07:47:54.527   305  1751 E NetlinkEvent: NetlinkEvent::FindParam(): Parameter 'UID' not found
11-29 07:47:54.996   258   699 I chatty  : uid=1000(system) EventThread expire 1 line
11-29 07:47:56.215  1787  4628 I chatty  : uid=1000(system) Binder_9 expire 1 line
11-29 07:47:56.218  1787  1797 I chatty  : uid=1000(system) Binder_1 expire 1 line
11-29 07:47:56.224  1787  2955 I chatty  : uid=1000(system) ConnectivitySer expire 4 lines
11-29 07:47:56.718  1787  1798 I chatty  : uid=1000(system) Binder_2 expire 2 lines
11-29 07:47:56.791  1787  1806 I chatty  : uid=1000(system) android.display expire 11 lines
11-29 07:47:57.279   258   699 I chatty  : uid=1000(system) EventThread expire 10 lines
11-29 07:47:59.402  1787  2916 I chatty  : uid=1000(system) InputReader expire 6 lines
11-29 07:47:59.999  1787  2914 I chatty  : uid=1000(system) AlarmManager expire 12 lines
11-29 07:48:00.047  1787  1787 I chatty  : uid=1000 system_server expire 10 lines
11-29 07:48:00.145  1787  1809 I chatty  : uid=1000(system) PowerManagerSer expire 9 lines
11-29 07:48:00.145  1787  1803 I chatty  : uid=1000(system) android.fg expire 9 lines
11-29 07:48:00.550  1787  1801 I chatty  : uid=1000(system) ActivityManager expire 4 lines
11-29 07:48:01.305  3000  3000 D StatusBarKeyguardViewManager: showKeyguard, but hide Bouncer
11-29 07:48:01.328 22971 22971 I chatty  : uid=1000(system) expire 4 lines
11-29 07:48:14.628   305  1751 E NetlinkEvent: NetlinkEvent::FindParam(): Parameter 'UID' not found
11-29 07:48:16.536   305  1751 E NetlinkEvent: NetlinkEvent::FindParam(): Parameter 'UID' not found
11-29 07:48:17.788  1787  4201 I chatty  : uid=1000(system) Binder_7 expire 3 lines
11-29 07:48:31.619   305  1751 E NetlinkEvent: NetlinkEvent::FindParam(): Parameter 'UID' not found
11-29 07:48:31.663   305  1751 E NetlinkEvent: NetlinkEvent::FindParam(): Parameter 'UID' not found
11-29 07:48:38.885   258   258 I chatty  : uid=1000(system) /system/bin/surfaceflinger expire 10 lines
11-29 07:48:43.581   305  1751 E NetlinkEvent: NetlinkEvent::FindParam(): Parameter 'UID' not found
11-29 07:48:44.643  1787  3677 I chatty  : uid=1000(system) Binder_6 expire 2 lines
11-29 07:48:44.645  1787  6220 I chatty  : uid=1000(system) Binder_C expire 3 lines
11-29 07:48:44.880  1787  3029 I chatty  : uid=1000(system) Binder_3 expire 3 lines
11-29 07:48:48.759  3000  3000 D StatusBarKeyguardViewManager: showKeyguard, but hide Bouncer
11-29 07:48:52.542  3000  3000 D StatusBarKeyguardViewManager: showKeyguard, but hide Bouncer
11-29 07:48:52.791  1787  6221 I chatty  : uid=1000(system) Binder_D expire 5 lines
11-29 07:48:55.049  3000  3000 D StatusBarKeyguardViewManager: showKeyguard, but hide Bouncer
11-29 07:49:02.346   305  1751 E NetlinkEvent: NetlinkEvent::FindParam(): Parameter 'UID' not found
11-29 07:49:02.356  1787  6215 I chatty  : uid=1000(system) Binder_A expire 1 line
11-29 07:49:03.000   258   258 I chatty  : uid=1000(system) /system/bin/surfaceflinger expire 10 lines
11-29 07:49:04.153  1787  1797 I chatty  : uid=1000(system) Binder_1 expire 3 lines
11-29 07:49:09.429  1787  4627 I chatty  : uid=1000(system) Binder_8 expire 2 lines
11-29 07:49:11.343  1787  6219 I chatty  : uid=1000(system) Binder_B expire 2 lines
11-29 07:49:13.146   305  1751 E NetlinkEvent: NetlinkEvent::FindParam(): Parameter 'UID' not found
11-29 07:49:15.141  1787  2915 I chatty  : uid=1000(system) InputDispatcher expire 2 lines
11-29 07:49:15.274  1787  1806 I chatty  : uid=1000(system) android.display expire 10 lines
11-29 07:49:16.803  1787  4628 I chatty  : uid=1000(system) Binder_9 expire 4 lines
11-29 07:49:18.933  1787  1787 I chatty  : uid=1000 system_server expire 24 lines
11-29 07:49:19.041  3000  3000 D StatusBarKeyguardViewManager: showKeyguard, but hide Bouncer
11-29 07:49:50.634   305  1751 E NetlinkEvent: NetlinkEvent::FindParam(): Parameter 'UID' not found
11-29 07:51:04.262   305  1751 E NetlinkEvent: NetlinkEvent::FindParam(): Parameter 'UID' not found
11-29 07:51:39.381   305  1751 E NetlinkEvent: NetlinkEvent::FindParam(): Parameter 'UID' not found
11-29 07:51:39.388   305  1751 E NetlinkEvent: NetlinkEvent::FindParam(): Parameter 'UID' not found
11-29 07:52:21.161  1787  2914 I chatty  : uid=1000(system) AlarmManager expire 22 lines
11-29 07:52:24.162   258   258 I chatty  : uid=1000(system) /system/bin/surfaceflinger expire 21 lines
11-29 08:01:38.641   305  1751 E NetlinkEvent: NetlinkEvent::FindParam(): Parameter 'UID' not found
11-29 08:01:38.644  1787  1787 I chatty  : uid=1000 system_server expire 20 lines
11-29 08:02:08.622  1787  2914 I chatty  : uid=1000(system) AlarmManager expire 17 lines
11-29 08:02:08.626   305  1751 E NetlinkEvent: NetlinkEvent::FindParam(): Parameter 'UID' not found
11-29 08:13:12.624   258   699 I chatty  : uid=1000(system) EventThread expire 6 lines
11-29 08:13:14.794   305  1751 E NetlinkEvent: NetlinkEvent::FindParam(): Parameter 'UID' not found
11-29 08:13:14.986  1787  1787 I chatty  : uid=1000 system_server expire 4 lines
11-29 08:13:18.214 23467 23483 W ActivityThread: ClassLoader.loadClass: The class loader returned by Thread.getContextClassLoader() may fail for processes that host multiple applications. You should explicitly specify a context class loader. For example: Thread.setContextClassLoader(getClass().getClassLoader());
11-29 08:13:18.240 23467 23484 E ActivityThread: Failed to find provider info for com.facebook.katana.provider.AttributionIdProvider
11-29 08:13:28.853  1787  2914 I chatty  : uid=1000(system) AlarmManager expire 3 lines
11-29 08:13:29.740  1787  3675 I chatty  : uid=1000(system) Binder_5 expire 1 line
11-29 08:13:40.242   258   258 I chatty  : uid=1000(system) /system/bin/surfaceflinger expire 104 lines
11-29 08:13:42.873   258   699 I chatty  : uid=1000(system) EventThread expire 18 lines
11-29 08:13:45.176  1787  1801 I chatty  : uid=1000(system) ActivityManager expire 1 line
11-29 08:14:00.003  1787  2914 I chatty  : uid=1000(system) AlarmManager expire 10 lines
11-29 08:14:00.027  1787  1787 I chatty  : uid=1000 system_server expire 11 lines
11-29 08:15:48.938  1787  2916 I chatty  : uid=1000(system) InputReader expire 1 line
11-29 08:15:49.545  1787  1806 I chatty  : uid=1000(system) android.display expire 3 lines
11-29 08:15:49.732  1787  1809 I chatty  : uid=1000(system) PowerManagerSer expire 2 lines
11-29 08:15:49.732  1787  1803 I chatty  : uid=1000(system) android.fg expire 1 line
11-29 08:15:49.809 22971 22971 I chatty  : uid=1000(system) expire 1 line
11-29 08:15:49.942  3000  3000 D StatusBarKeyguardViewManager: showKeyguard, but hide Bouncer
11-29 08:15:51.218  1787  2914 I chatty  : uid=1000(system) AlarmManager expire 1 line
11-29 08:15:51.221  1787  1787 I chatty  : uid=1000 system_server expire 1 line
11-29 08:15:51.751   258   258 I chatty  : uid=1000(system) /system/bin/surfaceflinger expire 22 lines
11-29 08:15:54.999  1787  2914 I chatty  : uid=1000(system) AlarmManager expire 10 lines
11-29 08:15:55.006  1787  1787 I chatty  : uid=1000 system_server expire 21 lines
11-29 08:16:01.739   305  1751 E NetlinkEvent: NetlinkEvent::FindParam(): Parameter 'UID' not found
11-29 08:16:21.642   305  1751 E NetlinkEvent: NetlinkEvent::FindParam(): Parameter 'UID' not found
11-29 08:17:17.939   305  1751 E NetlinkEvent: NetlinkEvent::FindParam(): Parameter 'UID' not found
11-29 08:17:17.997   305  1751 E NetlinkEvent: NetlinkEvent::FindParam(): Parameter 'UID' not found
11-29 08:17:38.277   305  1751 E NetlinkEvent: NetlinkEvent::FindParam(): Parameter 'UID' not found
11-29 08:17:45.658   305  1751 E NetlinkEvent: NetlinkEvent::FindParam(): Parameter 'UID' not found
11-29 08:18:18.439   305  1751 E NetlinkEvent: NetlinkEvent::FindParam(): Parameter 'UID' not found
11-29 08:18:18.677   305  1751 E NetlinkEvent: NetlinkEvent::FindParam(): Parameter 'UID' not found
11-29 08:20:15.622   305  1751 E NetlinkEvent: NetlinkEvent::FindParam(): Parameter 'UID' not found
11-29 08:20:15.623  1787  2914 I chatty  : uid=1000(system) AlarmManager expire 11 lines
11-29 08:22:19.646   305  1751 E NetlinkEvent: NetlinkEvent::FindParam(): Parameter 'UID' not found
11-29 08:22:20.244  1787  3031 I chatty  : uid=1000(system) Binder_4 expire 2 lines
11-29 08:22:20.276  1787  1798 I chatty  : uid=1000(system) Binder_2 expire 4 lines
11-29 08:23:30.626  1787  2914 I chatty  : uid=1000(system) AlarmManager expire 14 lines
11-29 08:23:30.630   305  1751 E NetlinkEvent: NetlinkEvent::FindParam(): Parameter 'UID' not found
11-29 08:23:30.647  1787  1787 I chatty  : uid=1000 system_server expire 14 lines
11-29 08:23:30.655   305  1751 E NetlinkEvent: NetlinkEvent::FindParam(): Parameter 'UID' not found
11-29 08:23:42.788   305  1751 E NetlinkEvent: NetlinkEvent::FindParam(): Parameter 'UID' not found
11-29 08:26:22.594   305  1751 E NetlinkEvent: NetlinkEvent::FindParam(): Parameter 'UID' not found
11-29 08:26:22.601   305  1751 E NetlinkEvent: NetlinkEvent::FindParam(): Parameter 'UID' not found
11-29 08:26:22.604  1787  3029 I chatty  : uid=1000(system) Binder_3 expire 1 line
11-29 08:26:22.606   305  1751 E NetlinkEvent: NetlinkEvent::FindParam(): Parameter 'UID' not found
11-29 08:27:20.463   305  1751 E NetlinkEvent: NetlinkEvent::FindParam(): Parameter 'UID' not found
11-29 08:28:20.727   305  1751 E NetlinkEvent: NetlinkEvent::FindParam(): Parameter 'UID' not found
11-29 08:28:33.158   305  1751 E NetlinkEvent: NetlinkEvent::FindParam(): Parameter 'UID' not found
11-29 08:29:40.631  1787  2914 I chatty  : uid=1000(system) AlarmManager expire 12 lines
11-29 08:29:40.643   305  1751 E NetlinkEvent: NetlinkEvent::FindParam(): Parameter 'UID' not found
11-29 08:29:40.650  1787  1787 I chatty  : uid=1000 system_server expire 12 lines
11-29 08:30:10.991   305  1751 E NetlinkEvent: NetlinkEvent::FindParam(): Parameter 'UID' not found
11-29 08:30:19.877  1787  1797 I chatty  : uid=1000(system) Binder_1 expire 2 lines
11-29 08:32:23.857   305  1751 E NetlinkEvent: NetlinkEvent::FindParam(): Parameter 'UID' not found
11-29 08:33:35.795   305  1751 E NetlinkEvent: NetlinkEvent::FindParam(): Parameter 'UID' not found
11-29 08:33:35.817  1787  1801 I chatty  : uid=1000(system) ActivityManager expire 5 lines
11-29 08:34:02.841  1787  2914 I chatty  : uid=1000(system) AlarmManager expire 12 lines
11-29 08:34:02.858  1787  1787 I chatty  : uid=1000 system_server expire 10 lines
11-29 08:35:27.681  1787  1806 I chatty  : uid=1000(system) android.display expire 5 lines
11-29 08:35:27.924   258   699 I chatty  : uid=1000(system) EventThread expire 12 lines
11-29 08:35:28.378  1787  6221 I chatty  : uid=1000(system) Binder_D expire 3 lines
11-29 08:35:28.386  1787  6220 I chatty  : uid=1000(system) Binder_C expire 1 line
11-29 08:35:28.389  1787  1803 I chatty  : uid=1000(system) android.fg expire 1 line
11-29 08:35:31.745  1787  6215 I chatty  : uid=1000(system) Binder_A expire 3 lines
11-29 08:35:31.745  1787  2954 I chatty  : uid=1000(system) WifiService expire 2 lines
11-29 08:35:31.745  1787  2955 I chatty  : uid=1000(system) ConnectivitySer expire 2 lines
11-29 08:35:31.749   305  1751 E NetlinkEvent: NetlinkEvent::FindParam(): Parameter 'UID' not found
11-29 08:35:32.185  1787  6219 I chatty  : uid=1000(system) Binder_B expire 1 line
11-29 08:35:32.344 24653 24653 I chatty  : uid=1000(system) expire 1 line
11-29 08:35:32.371  1787  4627 I chatty  : uid=1000(system) Binder_8 expire 1 line
11-29 08:35:50.950   305  1751 E NetlinkEvent: NetlinkEvent::FindParam(): Parameter 'UID' not found
11-29 08:36:00.036  1787  1787 I chatty  : uid=1000 system_server expire 10 lines
11-29 08:36:35.027   305  1751 E NetlinkEvent: NetlinkEvent::FindParam(): Parameter 'UID' not found
11-29 08:36:59.008   305  1751 E NetlinkEvent: NetlinkEvent::FindParam(): Parameter 'UID' not found
11-29 08:37:00.002  1787  2914 I chatty  : uid=1000(system) AlarmManager expire 10 lines
11-29 08:37:05.349   305  1751 E NetlinkEvent: NetlinkEvent::FindParam(): Parameter 'UID' not found
11-29 08:37:15.367   305  1751 E NetlinkEvent: NetlinkEvent::FindParam(): Parameter 'UID' not found
11-29 08:37:30.340  1787  2915 I chatty  : uid=1000(system) InputDispatcher expire 2 lines
11-29 08:37:30.481  1787  4201 I chatty  : uid=1000(system) Binder_7 expire 1 line
