11-25 17:59:38.918   296  1753 E NetlinkEvent: NetlinkEvent::FindParam(): Parameter 'UID' not found
11-25 17:59:44.188  3010  3010 D StatusBarKeyguardViewManager: showKeyguard, but hide Bouncer
11-25 18:00:23.409   296  1753 E NetlinkEvent: NetlinkEvent::FindParam(): Parameter 'UID' not found
11-25 18:01:31.407  1789  2914 I chatty  : uid=1000(system) AlarmManager expire 25 lines
11-25 18:01:31.425  1789  1789 I chatty  : uid=1000 system_server expire 12 lines
11-25 18:15:15.333   296  1753 E NetlinkEvent: NetlinkEvent::FindParam(): Parameter 'UID' not found
11-25 18:15:15.341  1789  1789 I chatty  : uid=1000 system_server expire 13 lines
11-25 18:15:31.661   296  1753 E NetlinkEvent: NetlinkEvent::FindParam(): Parameter 'UID' not found
11-25 18:28:08.416  1789  2914 I chatty  : uid=1000(system) AlarmManager expire 22 lines
11-25 18:28:08.428  1789  1789 I chatty  : uid=1000 system_server expire 22 lines
11-25 18:28:09.384   296  1753 E NetlinkEvent: NetlinkEvent::FindParam(): Parameter 'UID' not found
11-25 18:29:24.422   296  1753 E NetlinkEvent: NetlinkEvent::FindParam(): Parameter 'UID' not found
11-25 18:30:20.422  1789  2914 I chatty  : uid=1000(system) AlarmManager expire 4 lines
11-25 18:30:20.436  1789  1789 I chatty  : uid=1000 system_server expire 11 lines
11-25 18:30:27.949  1789  1811 I chatty  : uid=1000(system) PowerManagerSer expire 12 lines
11-25 18:30:27.986  1789  1805 I chatty  : uid=1000(system) android.fg expire 11 lines
11-25 18:30:28.050  1789  6257 I chatty  : uid=1000(system) Binder_B expire 3 lines
11-25 18:30:28.057  1789  1808 I chatty  : uid=1000(system) android.display expire 12 lines
11-25 18:30:28.171  1789  3779 I chatty  : uid=1000(system) Binder_6 expire 5 lines
11-25 18:30:28.287   258   710 I chatty  : uid=1000(system) EventThread expire 10 lines
11-25 18:30:28.316  1789  3015 I chatty  : uid=1000(system) Binder_3 expire 1 line
11-25 18:30:28.393  1789 11170 I chatty  : uid=1000(system) Binder_E expire 5 lines
11-25 18:30:28.423  1789  3062 I chatty  : uid=1000(system) Binder_4 expire 5 lines
11-25 18:30:28.424  1789  1803 I chatty  : uid=1000(system) ActivityManager expire 11 lines
11-25 18:30:34.041  1789  2955 I chatty  : uid=1000(system) ConnectivitySer expire 10 lines
11-25 18:30:38.644   258   258 I chatty  : uid=1000(system) /system/bin/surfaceflinger expire 18 lines
11-25 18:30:39.469  3010  3010 D StatusBarKeyguardViewManager: showKeyguard, but hide Bouncer
11-25 18:30:40.544  1789  3443 I chatty  : uid=1000(system) Binder_5 expire 6 lines
11-25 18:30:40.556  1789  6283 I chatty  : uid=1000(system) Binder_C expire 6 lines
11-25 18:30:42.969  1789  2954 I chatty  : uid=1000(system) WifiService expire 2 lines
11-25 18:30:43.208   296  1753 E NetlinkEvent: NetlinkEvent::FindParam(): Parameter 'UID' not found
11-25 18:30:44.275 12256 12256 I chatty  : uid=1000(system) expire 1 line
11-25 18:30:44.340  1789  2970 I chatty  : uid=1000(system) backup expire 1 line
11-25 18:30:44.663  1789  4626 I chatty  : uid=1000(system) Binder_8 expire 1 line
11-25 18:30:54.445  1789 11169 I chatty  : uid=1000(system) Binder_D expire 2 lines
11-25 18:30:58.335   296  1753 E NetlinkEvent: NetlinkEvent::FindParam(): Parameter 'UID' not found
11-25 18:31:00.000  1789  2914 I chatty  : uid=1000(system) AlarmManager expire 12 lines
11-25 18:31:06.567   296  1753 E NetlinkEvent: NetlinkEvent::FindParam(): Parameter 'UID' not found
11-25 18:31:06.571  1789  3975 I chatty  : uid=1000(system) Binder_7 expire 5 lines
11-25 18:31:22.640  1789  1799 I chatty  : uid=1000(system) Binder_1 expire 1 line
11-25 18:31:37.895   296  1753 E NetlinkEvent: NetlinkEvent::FindParam(): Parameter 'UID' not found
11-25 18:31:55.148   296  1753 E NetlinkEvent: NetlinkEvent::FindParam(): Parameter 'UID' not found
11-25 18:31:56.561  1789  1800 I chatty  : uid=1000(system) Binder_2 expire 3 lines
11-25 18:32:24.617   296  1753 E NetlinkEvent: NetlinkEvent::FindParam(): Parameter 'UID' not found
11-25 18:32:25.033  1789  1789 I chatty  : uid=1000 system_server expire 17 lines
11-25 18:32:25.038   296  1753 E NetlinkEvent: NetlinkEvent::FindParam(): Parameter 'UID' not found
11-25 18:32:40.537   296  1753 E NetlinkEvent: NetlinkEvent::FindParam(): Parameter 'UID' not found
11-25 18:32:46.207 12486 12486 I chatty  : uid=1000(system) expire 2 lines
11-25 18:32:49.735  3010  3010 D StatusBarKeyguardViewManager: showKeyguard, but hide Bouncer
11-25 18:33:15.730   296  1753 E NetlinkEvent: NetlinkEvent::FindParam(): Parameter 'UID' not found
11-25 18:33:46.177   296  1753 E NetlinkEvent: NetlinkEvent::FindParam(): Parameter 'UID' not found
11-25 18:34:03.558   296  1753 E NetlinkEvent: NetlinkEvent::FindParam(): Parameter 'UID' not found
11-25 18:34:22.018   296  1753 E NetlinkEvent: NetlinkEvent::FindParam(): Parameter 'UID' not found
11-25 18:35:18.172   296  1753 E NetlinkEvent: NetlinkEvent::FindParam(): Parameter 'UID' not found
11-25 18:35:22.276  1789  2914 I chatty  : uid=1000(system) AlarmManager expire 11 lines
11-25 18:35:22.990  1789  6032 I chatty  : uid=1000(system) Binder_A expire 4 lines
11-25 18:35:38.286  1789  1806 I chatty  : uid=1000(system) FileObserver expire 4 lines
11-25 18:35:43.135   296  1753 E NetlinkEvent: NetlinkEvent::FindParam(): Parameter 'UID' not found
11-25 18:35:49.378   296  1753 E NetlinkEvent: NetlinkEvent::FindParam(): Parameter 'UID' not found
11-25 18:35:49.435  1789 21620 I chatty  : uid=1000(system) Binder_F expire 2 lines
11-25 18:35:50.905  1789  1789 I chatty  : uid=1000 system_server expire 14 lines
11-25 18:36:10.616   296  1753 E NetlinkEvent: NetlinkEvent::FindParam(): Parameter 'UID' not found
11-25 18:36:17.881   296  1753 E NetlinkEvent: NetlinkEvent::FindParam(): Parameter 'UID' not found
11-25 18:36:25.031  1789  2914 I chatty  : uid=1000(system) AlarmManager expire 10 lines
11-25 18:36:40.577   296  1753 E NetlinkEvent: NetlinkEvent::FindParam(): Parameter 'UID' not found
11-25 18:36:55.496   296  1753 E NetlinkEvent: NetlinkEvent::FindParam(): Parameter 'UID' not found
11-25 18:37:10.576   296  1753 E NetlinkEvent: NetlinkEvent::FindParam(): Parameter 'UID' not found
11-25 18:37:21.560   296  1753 E NetlinkEvent: NetlinkEvent::FindParam(): Parameter 'UID' not found
11-25 18:37:36.578   296  1753 E NetlinkEvent: NetlinkEvent::FindParam(): Parameter 'UID' not found
11-25 18:37:39.038  1789  2955 I chatty  : uid=1000(system) ConnectivitySer expire 6 lines
11-25 18:37:42.328   258   258 I chatty  : uid=1000(system) /system/bin/surfaceflinger expire 10 lines
11-25 18:37:42.341  1789  1805 I chatty  : uid=1000(system) android.fg expire 7 lines
11-25 18:37:42.521  1789  1803 I chatty  : uid=1000(system) ActivityManager expire 9 lines
11-25 18:37:42.588 12816 12816 I chatty  : uid=1000(system) expire 2 lines
11-25 18:37:46.677  3010  3010 D StatusBarKeyguardViewManager: showKeyguard, but hide Bouncer
11-25 18:38:03.518 12650 12650 E AndroidRuntime: FATAL EXCEPTION: main
11-25 18:38:03.518 12650 12650 E AndroidRuntime: Process: SeniorenApp.SeniorenApp, PID: 12650
11-25 18:38:03.518 12650 12650 E AndroidRuntime: java.lang.RuntimeException: java.lang.reflect.InvocationTargetException
11-25 18:38:03.518 12650 12650 E AndroidRuntime: 	at com.android.internal.os.ZygoteInit.main(ZygoteInit.java:618)
11-25 18:38:03.518 12650 12650 E AndroidRuntime: Caused by: java.lang.reflect.InvocationTargetException
11-25 18:38:03.518 12650 12650 E AndroidRuntime: 	at java.lang.reflect.Method.invoke(Native Method)
11-25 18:38:03.518 12650 12650 E AndroidRuntime: 	at com.android.internal.os.ZygoteInit$MethodAndArgsCaller.run(ZygoteInit.java:728)
11-25 18:38:03.518 12650 12650 E AndroidRuntime: 	... 1 more
11-25 18:38:03.518 12650 12650 E AndroidRuntime: Caused by: android.runtime.JavaProxyThrowable: System.NullReferenceException: Object reference not set to an instance of an object
11-25 18:38:03.518 12650 12650 E AndroidRuntime:   at SeniorenApp.USBCommunication.Connection.AddToDataReceivedEvent (System.Action`1[T] onDataReceived) [0x00011] in <b6c998867c934c64982cb0b605ea9b2c>:0 
11-25 18:38:03.518 12650 12650 E AndroidRuntime:   at SeniorenApp.MainActivity.OnRestart () [0x0002a] in <b6c998867c934c64982cb0b605ea9b2c>:0 
11-25 18:38:03.518 12650 12650 E AndroidRuntime:   at Android.App.Activity.n_OnRestart (System.IntPtr jnienv, System.IntPtr native__this) [0x00009] in <23a8d9bf141f4ef5b5a764e32add1f40>:0 
11-25 18:38:03.518 12650 12650 E AndroidRuntime:   at (wrapper dynamic-method) System.Object:cb8f694d-8ce8-4507-bdda-199feebf80ac (intptr,intptr)
11-25 18:38:03.518 12650 12650 E AndroidRuntime: 	at md54259e6513023dd8c68a5505c80f1ae41.MainActivity.n_onRestart(Native Method)
11-25 18:38:03.518 12650 12650 E AndroidRuntime: 	at md54259e6513023dd8c68a5505c80f1ae41.MainActivity.onRestart(MainActivity.java:67)
11-25 18:38:03.518 12650 12650 E AndroidRuntime: 	at android.app.Instrumentation.callActivityOnRestart(Instrumentation.java:1270)
11-25 18:38:03.518 12650 12650 E AndroidRuntime: 	at android.app.Activity.performRestart(Activity.java:6316)
11-25 18:38:03.518 12650 12650 E AndroidRuntime: 	at android.app.ActivityThread.handleSleeping(ActivityThread.java:3666)
11-25 18:38:03.518 12650 12650 E AndroidRuntime: 	at android.app.ActivityThread.-wrap19(ActivityThread.java)
11-25 18:38:03.518 12650 12650 E AndroidRuntime: 	at android.app.ActivityThread$H.handleMessage(ActivityThread.java:1529)
11-25 18:38:03.518 12650 12650 E AndroidRuntime: 	at android.os.Handler.dispatchMessage(Handler.java:102)
11-25 18:38:03.518 12650 12650 E AndroidRuntime: 	at android.os.Looper.loop(Looper.java:148)
11-25 18:38:03.518 12650 12650 E AndroidRuntime: 	at android.app.ActivityThread.main(ActivityThread.java:5443)
11-25 18:38:03.518 12650 12650 E AndroidRuntime: 	... 3 more
11-25 18:38:10.073   296  1753 E NetlinkEvent: NetlinkEvent::FindParam(): Parameter 'UID' not found
11-25 18:38:10.715   258   710 I chatty  : uid=1000(system) EventThread expire 1 line
11-25 18:38:13.521  1789  1789 I chatty  : uid=1000 system_server expire 3 lines
11-25 18:38:24.187  1789  4627 I chatty  : uid=1000(system) Binder_9 expire 1 line
11-25 18:38:25.495   296  1753 E NetlinkEvent: NetlinkEvent::FindParam(): Parameter 'UID' not found
11-25 18:38:38.771   296  1753 E NetlinkEvent: NetlinkEvent::FindParam(): Parameter 'UID' not found
11-25 18:38:48.031   258   258 I chatty  : uid=1000(system) /system/bin/surfaceflinger expire 23 lines
11-25 18:38:53.896   296  1753 E NetlinkEvent: NetlinkEvent::FindParam(): Parameter 'UID' not found
11-25 18:39:00.158  1789  1789 I chatty  : uid=1000 system_server expire 13 lines
11-25 18:39:00.159  1789  4626 I chatty  : uid=1000(system) Binder_8 expire 3 lines
11-25 18:39:03.088  1789  2955 I chatty  : uid=1000(system) ConnectivitySer expire 10 lines
11-25 18:39:26.591   296  1753 E NetlinkEvent: NetlinkEvent::FindParam(): Parameter 'UID' not found
11-25 18:39:41.616   296  1753 E NetlinkEvent: NetlinkEvent::FindParam(): Parameter 'UID' not found
11-25 18:40:00.000  1789  2914 I chatty  : uid=1000(system) AlarmManager expire 11 lines
11-25 18:40:14.781  1789  1811 I chatty  : uid=1000(system) PowerManagerSer expire 7 lines
11-25 18:40:15.322  1789  1808 I chatty  : uid=1000(system) android.display expire 11 lines
11-25 18:40:15.352   258   710 I chatty  : uid=1000(system) EventThread expire 12 lines
11-25 18:40:15.418  1789  1799 I chatty  : uid=1000(system) Binder_1 expire 4 lines
11-25 18:40:15.502  1789  1805 I chatty  : uid=1000(system) android.fg expire 6 lines
11-25 18:40:15.661  1789  1803 I chatty  : uid=1000(system) ActivityManager expire 2 lines
11-25 18:40:15.714 13089 13089 I chatty  : uid=1000(system) expire 1 line
11-25 18:40:15.728  1789  6283 I chatty  : uid=1000(system) Binder_C expire 2 lines
11-25 18:40:19.852  3010  3010 D StatusBarKeyguardViewManager: showKeyguard, but hide Bouncer
11-25 18:40:45.603   296  1753 E NetlinkEvent: NetlinkEvent::FindParam(): Parameter 'UID' not found
11-25 18:41:00.697   296  1753 E NetlinkEvent: NetlinkEvent::FindParam(): Parameter 'UID' not found
11-25 18:42:29.510  1789  6257 I chatty  : uid=1000(system) Binder_B expire 3 lines
11-25 18:42:29.517  1789  3779 I chatty  : uid=1000(system) Binder_6 expire 1 line
11-25 18:42:29.783  1789  6032 I chatty  : uid=1000(system) Binder_A expire 2 lines
11-25 18:42:33.275   296  1753 E NetlinkEvent: NetlinkEvent::FindParam(): Parameter 'UID' not found
11-25 18:42:34.270  1789  1800 I chatty  : uid=1000(system) Binder_2 expire 1 line
11-25 18:42:51.090  1789  2914 I chatty  : uid=1000(system) AlarmManager expire 11 lines
11-25 18:42:51.105  1789  1789 I chatty  : uid=1000 system_server expire 11 lines
11-25 18:42:55.038  3010  3010 V DeadZone: consuming errant click: (417.42026,4.0717773)
11-25 18:42:57.998   258   258 I chatty  : uid=1000(system) /system/bin/surfaceflinger expire 20 lines
11-25 18:43:00.054  1789  4627 I chatty  : uid=1000(system) Binder_9 expire 1 line
11-25 18:43:06.418   296  1753 E NetlinkEvent: NetlinkEvent::FindParam(): Parameter 'UID' not found
11-25 18:43:18.017  1789  2955 I chatty  : uid=1000(system) ConnectivitySer expire 9 lines
11-25 18:43:22.340   296  1753 E NetlinkEvent: NetlinkEvent::FindParam(): Parameter 'UID' not found
11-25 18:43:24.727  1789  2916 I chatty  : uid=1000(system) InputReader expire 1 line
11-25 18:43:25.731  3010  3010 D StatusBarKeyguardViewManager: showKeyguard, but hide Bouncer
11-25 18:43:41.434   296  1753 E NetlinkEvent: NetlinkEvent::FindParam(): Parameter 'UID' not found
11-25 18:43:41.440   296  1753 E NetlinkEvent: NetlinkEvent::FindParam(): Parameter 'UID' not found
11-25 18:43:57.435   296  1753 E NetlinkEvent: NetlinkEvent::FindParam(): Parameter 'UID' not found
11-25 18:43:57.443   296  1753 E NetlinkEvent: NetlinkEvent::FindParam(): Parameter 'UID' not found
11-25 18:44:16.435   296  1753 E NetlinkEvent: NetlinkEvent::FindParam(): Parameter 'UID' not found
11-25 18:44:16.456   296  1753 E NetlinkEvent: NetlinkEvent::FindParam(): Parameter 'UID' not found
11-25 18:45:59.432  1789  2914 I chatty  : uid=1000(system) AlarmManager expire 10 lines
11-25 18:45:59.435   296  1753 E NetlinkEvent: NetlinkEvent::FindParam(): Parameter 'UID' not found
11-25 18:45:59.453  1789  1789 I chatty  : uid=1000 system_server expire 11 lines
11-25 18:46:06.450   296  1753 E NetlinkEvent: NetlinkEvent::FindParam(): Parameter 'UID' not found
11-25 18:46:35.337   296  1753 E NetlinkEvent: NetlinkEvent::FindParam(): Parameter 'UID' not found
11-25 18:46:52.231   296  1753 E NetlinkEvent: NetlinkEvent::FindParam(): Parameter 'UID' not found
11-25 18:46:52.238   296  1753 E NetlinkEvent: NetlinkEvent::FindParam(): Parameter 'UID' not found
11-25 18:46:52.282   296  1753 E NetlinkEvent: NetlinkEvent::FindParam(): Parameter 'UID' not found
11-25 18:46:52.953   258   710 I chatty  : uid=1000(system) EventThread expire 5 lines
11-25 18:46:58.071   258   258 I chatty  : uid=1000(system) /system/bin/surfaceflinger expire 38 lines
11-25 18:46:59.695  1789  3062 I chatty  : uid=1000(system) Binder_4 expire 2 lines
11-25 18:47:02.607  1789 11170 I chatty  : uid=1000(system) Binder_E expire 2 lines
11-25 18:47:02.771 13428 13428 I chatty  : uid=1000(system) expire 1 line
11-25 18:47:29.074   296  1753 E NetlinkEvent: NetlinkEvent::FindParam(): Parameter 'UID' not found
11-25 18:47:29.082  1789  3975 I chatty  : uid=1000(system) Binder_7 expire 1 line
11-25 18:47:32.802   258   258 I chatty  : uid=1000(system) /system/bin/surfaceflinger expire 18 lines
11-25 18:47:45.315  1789  2914 I chatty  : uid=1000(system) AlarmManager expire 2 lines
11-25 18:47:45.334  1789  1789 I chatty  : uid=1000 system_server expire 10 lines
11-25 18:47:45.339   296  1753 E NetlinkEvent: NetlinkEvent::FindParam(): Parameter 'UID' not found
11-25 18:47:57.128  1789  2955 I chatty  : uid=1000(system) ConnectivitySer expire 11 lines
11-25 18:47:57.453   258   258 I chatty  : uid=1000(system) /system/bin/surfaceflinger expire 25 lines
11-25 18:48:00.000  1789  2914 I chatty  : uid=1000(system) AlarmManager expire 12 lines
11-25 18:48:01.633   296  1753 E NetlinkEvent: NetlinkEvent::FindParam(): Parameter 'UID' not found
11-25 18:48:05.402   258   710 I chatty  : uid=1000(system) EventThread expire 10 lines
11-25 18:48:17.827   296  1753 E NetlinkEvent: NetlinkEvent::FindParam(): Parameter 'UID' not found
11-25 18:48:18.698   258   258 I chatty  : uid=1000(system) /system/bin/surfaceflinger expire 26 lines
11-25 18:48:27.321  1789  2916 I chatty  : uid=1000(system) InputReader expire 3 lines
11-25 18:48:27.903  1789  1808 I chatty  : uid=1000(system) android.display expire 7 lines
11-25 18:48:28.107  1789  1811 I chatty  : uid=1000(system) PowerManagerSer expire 6 lines
11-25 18:48:28.108  1789  1805 I chatty  : uid=1000(system) android.fg expire 4 lines
11-25 18:48:43.430   296  1753 E NetlinkEvent: NetlinkEvent::FindParam(): Parameter 'UID' not found
11-25 18:48:43.440   296  1753 E NetlinkEvent: NetlinkEvent::FindParam(): Parameter 'UID' not found
11-25 18:48:43.482 13428 13428 I chatty  : uid=1000(system) expire 2 lines
11-25 18:48:43.638  3010  3010 D StatusBarKeyguardViewManager: showKeyguard, but hide Bouncer
11-25 18:49:14.437   296  1753 E NetlinkEvent: NetlinkEvent::FindParam(): Parameter 'UID' not found
11-25 18:49:14.452   296  1753 E NetlinkEvent: NetlinkEvent::FindParam(): Parameter 'UID' not found
11-25 18:50:52.426   296  1753 E NetlinkEvent: NetlinkEvent::FindParam(): Parameter 'UID' not found
11-25 18:50:52.465   296  1753 E NetlinkEvent: NetlinkEvent::FindParam(): Parameter 'UID' not found
11-25 18:50:52.492  1789  1789 I chatty  : uid=1000 system_server expire 11 lines
11-25 18:52:30.439   296  1753 E NetlinkEvent: NetlinkEvent::FindParam(): Parameter 'UID' not found
11-25 18:53:15.923  1789  2914 I chatty  : uid=1000(system) AlarmManager expire 12 lines
11-25 18:53:15.925   296  1753 E NetlinkEvent: NetlinkEvent::FindParam(): Parameter 'UID' not found
11-25 18:53:15.927   296  1753 E NetlinkEvent: NetlinkEvent::FindParam(): Parameter 'UID' not found
11-25 18:54:52.459   296  1753 E NetlinkEvent: NetlinkEvent::FindParam(): Parameter 'UID' not found
11-25 18:58:18.432   296  1753 E NetlinkEvent: NetlinkEvent::FindParam(): Parameter 'UID' not found
11-25 18:58:18.446   296  1753 E NetlinkEvent: NetlinkEvent::FindParam(): Parameter 'UID' not found
11-25 18:58:18.452  1789  1789 I chatty  : uid=1000 system_server expire 14 lines
11-25 18:58:31.172  1789 21620 I chatty  : uid=1000(system) Binder_F expire 1 line
11-25 18:58:31.517  1789 11169 I chatty  : uid=1000(system) Binder_D expire 1 line
11-25 18:58:33.625   296  1753 E NetlinkEvent: NetlinkEvent::FindParam(): Parameter 'UID' not found
11-25 19:00:16.676   296  1753 E NetlinkEvent: NetlinkEvent::FindParam(): Parameter 'UID' not found
11-25 19:00:16.681  1789  2914 I chatty  : uid=1000(system) AlarmManager expire 11 lines
11-25 19:00:16.685   296  1753 E NetlinkEvent: NetlinkEvent::FindParam(): Parameter 'UID' not found
11-25 19:00:16.754  3010  3010 D StatusBarKeyguardViewManager: showKeyguard, but hide Bouncer
11-25 19:13:17.443   296  1753 E NetlinkEvent: NetlinkEvent::FindParam(): Parameter 'UID' not found
11-25 19:13:17.444  1789  1789 I chatty  : uid=1000 system_server expire 10 lines
11-25 19:13:17.507  1789  3779 I chatty  : uid=1000(system) Binder_6 expire 1 line
11-25 19:13:18.481  1789  2954 I chatty  : uid=1000(system) WifiService expire 3 lines
11-25 19:13:18.633  1789  4626 I chatty  : uid=1000(system) Binder_8 expire 2 lines
11-25 19:15:58.664   296  1753 E NetlinkEvent: NetlinkEvent::FindParam(): Parameter 'UID' not found
11-25 19:15:58.779   296  1753 E NetlinkEvent: NetlinkEvent::FindParam(): Parameter 'UID' not found
11-25 19:16:15.435  1789  2914 I chatty  : uid=1000(system) AlarmManager expire 12 lines
11-25 19:20:00.442   296  1753 E NetlinkEvent: NetlinkEvent::FindParam(): Parameter 'UID' not found
11-25 19:20:16.472   296  1753 E NetlinkEvent: NetlinkEvent::FindParam(): Parameter 'UID' not found
11-25 19:22:30.447   296  1753 E NetlinkEvent: NetlinkEvent::FindParam(): Parameter 'UID' not found
11-25 19:23:04.756   296  1753 E NetlinkEvent: NetlinkEvent::FindParam(): Parameter 'UID' not found
11-25 19:23:04.756   296  1753 E NetlinkEvent: NetlinkEvent::FindParam(): Parameter 'UID' not found
11-25 19:23:04.786   296  1753 E NetlinkEvent: NetlinkEvent::FindParam(): Parameter 'UID' not found
11-25 19:23:08.874  1789  4627 I chatty  : uid=1000(system) Binder_9 expire 1 line
11-25 19:23:08.879  1789  3062 I chatty  : uid=1000(system) Binder_4 expire 1 line
11-25 19:23:08.897  1789  1789 I chatty  : uid=1000 system_server expire 12 lines
11-25 19:23:12.489  1789  3443 I chatty  : uid=1000(system) Binder_5 expire 1 line
11-25 19:23:19.500  1789 11170 I chatty  : uid=1000(system) Binder_E expire 1 line
11-25 19:23:47.332   296  1753 E NetlinkEvent: NetlinkEvent::FindParam(): Parameter 'UID' not found
11-25 19:23:47.338  1789  6283 I chatty  : uid=1000(system) Binder_C expire 2 lines
11-25 19:23:49.305   258   258 I chatty  : uid=1000(system) /system/bin/surfaceflinger expire 10 lines
11-25 19:23:54.326  1789  2955 I chatty  : uid=1000(system) ConnectivitySer expire 3 lines
11-25 19:24:14.696   296  1753 E NetlinkEvent: NetlinkEvent::FindParam(): Parameter 'UID' not found
11-25 19:24:41.931   296  1753 E NetlinkEvent: NetlinkEvent::FindParam(): Parameter 'UID' not found
11-25 19:25:00.000  1789  2914 I chatty  : uid=1000(system) AlarmManager expire 4 lines
11-25 19:25:00.062  1789  1789 I chatty  : uid=1000 system_server expire 4 lines
11-25 19:25:01.249   296  1753 E NetlinkEvent: NetlinkEvent::FindParam(): Parameter 'UID' not found
11-25 19:25:16.372   296  1753 E NetlinkEvent: NetlinkEvent::FindParam(): Parameter 'UID' not found
11-25 19:25:16.552   296  1753 E NetlinkEvent: NetlinkEvent::FindParam(): Parameter 'UID' not found
11-25 19:25:31.572   296  1753 E NetlinkEvent: NetlinkEvent::FindParam(): Parameter 'UID' not found
11-25 19:25:34.535   258   258 I chatty  : uid=1000(system) /system/bin/surfaceflinger expire 16 lines
11-25 19:25:54.450   258   710 I chatty  : uid=1000(system) EventThread expire 4 lines
11-25 19:25:57.382  3010  3010 V DeadZone: consuming errant click: (408.43274,15.063232)
11-25 19:25:57.704   258   258 I chatty  : uid=1000(system) /system/bin/surfaceflinger expire 22 lines
11-25 19:26:03.297   296  1753 E NetlinkEvent: NetlinkEvent::FindParam(): Parameter 'UID' not found
11-25 19:26:05.454  1789  1811 I chatty  : uid=1000(system) PowerManagerSer expire 9 lines
11-25 19:26:05.455  1789  1805 I chatty  : uid=1000(system) android.fg expire 5 lines
11-25 19:26:05.555 13428 13428 I chatty  : uid=1000(system) expire 3 lines
11-25 19:26:05.561  1789  1789 I chatty  : uid=1000 system_server expire 11 lines
11-25 19:26:05.702  3010  3010 D StatusBarKeyguardViewManager: showKeyguard, but hide Bouncer
11-25 19:26:07.124  1789  2914 I chatty  : uid=1000(system) AlarmManager expire 17 lines
11-25 19:26:07.172  1789  1808 I chatty  : uid=1000(system) android.display expire 12 lines
11-25 19:26:07.425   258   710 I chatty  : uid=1000(system) EventThread expire 8 lines
11-25 19:26:21.451   296  1753 E NetlinkEvent: NetlinkEvent::FindParam(): Parameter 'UID' not found
11-25 19:26:21.459   296  1753 E NetlinkEvent: NetlinkEvent::FindParam(): Parameter 'UID' not found
11-25 19:27:14.209   296  1753 E NetlinkEvent: NetlinkEvent::FindParam(): Parameter 'UID' not found
11-25 19:27:14.239   296  1753 E NetlinkEvent: NetlinkEvent::FindParam(): Parameter 'UID' not found
11-25 19:27:21.170  1789  3062 I chatty  : uid=1000(system) Binder_4 expire 1 line
11-25 19:27:21.173  1789 11170 I chatty  : uid=1000(system) Binder_E expire 1 line
11-25 19:27:21.251  1789  2955 I chatty  : uid=1000(system) ConnectivitySer expire 6 lines
11-25 19:27:25.087  1789  3443 I chatty  : uid=1000(system) Binder_5 expire 2 lines
11-25 19:27:30.942  1789  2916 I chatty  : uid=1000(system) InputReader expire 2 lines
11-25 19:27:32.096  3010  3010 D StatusBarKeyguardViewManager: showKeyguard, but hide Bouncer
11-25 19:27:47.460  1789  1789 I chatty  : uid=1000 system_server expire 14 lines
11-25 19:28:03.452   296  1753 E NetlinkEvent: NetlinkEvent::FindParam(): Parameter 'UID' not found
11-25 19:28:03.466   296  1753 E NetlinkEvent: NetlinkEvent::FindParam(): Parameter 'UID' not found
11-25 19:28:37.451   296  1753 E NetlinkEvent: NetlinkEvent::FindParam(): Parameter 'UID' not found
11-25 19:28:37.529  1789  2947 I chatty  : uid=1000(system) NetworkStats expire 1 line
11-25 19:28:37.779   296  1753 E NetlinkEvent: NetlinkEvent::FindParam(): Parameter 'UID' not found
11-25 19:28:38.308  1789  2954 I chatty  : uid=1000(system) WifiService expire 3 lines
11-25 19:28:45.438  1789  2914 I chatty  : uid=1000(system) AlarmManager expire 14 lines
11-25 19:30:06.451   296  1753 E NetlinkEvent: NetlinkEvent::FindParam(): Parameter 'UID' not found
11-25 19:30:06.466  1789  1789 I chatty  : uid=1000 system_server expire 10 lines
11-25 19:31:13.736   296  1753 E NetlinkEvent: NetlinkEvent::FindParam(): Parameter 'UID' not found
11-25 19:32:16.447   296  1753 E NetlinkEvent: NetlinkEvent::FindParam(): Parameter 'UID' not found
11-25 19:32:16.511   296  1753 E NetlinkEvent: NetlinkEvent::FindParam(): Parameter 'UID' not found
11-25 19:32:16.535  1789  1789 I chatty  : uid=1000 system_server expire 10 lines
11-25 19:32:16.915  1789  1803 I chatty  : uid=1000(system) ActivityManager expire 3 lines
11-25 19:32:16.922  1789  4627 I chatty  : uid=1000(system) Binder_9 expire 1 line
11-25 19:32:21.274  5273  7110 W FileUtils: Failed to chmod(/pds/public/svcs/activation_date): android.system.ErrnoException: chmod failed: EACCES (Permission denied)
11-25 19:32:38.066   296  1753 E NetlinkEvent: NetlinkEvent::FindParam(): Parameter 'UID' not found
11-25 19:32:38.074  1789 21620 I chatty  : uid=1000(system) Binder_F expire 2 lines
11-25 19:33:12.591   296  1753 E NetlinkEvent: NetlinkEvent::FindParam(): Parameter 'UID' not found
11-25 19:33:32.371   296  1753 E NetlinkEvent: NetlinkEvent::FindParam(): Parameter 'UID' not found
11-25 19:36:16.451  1789  2914 I chatty  : uid=1000(system) AlarmManager expire 14 lines
11-25 19:36:16.473   296  1753 E NetlinkEvent: NetlinkEvent::FindParam(): Parameter 'UID' not found
11-25 19:37:29.443   296  1753 E NetlinkEvent: NetlinkEvent::FindParam(): Parameter 'UID' not found
11-25 19:37:29.712   296  1753 E NetlinkEvent: NetlinkEvent::FindParam(): Parameter 'UID' not found
11-25 19:40:29.458   296  1753 E NetlinkEvent: NetlinkEvent::FindParam(): Parameter 'UID' not found
11-25 19:40:29.475  1789  1789 I chatty  : uid=1000 system_server expire 10 lines
11-25 19:45:00.453   296  1753 E NetlinkEvent: NetlinkEvent::FindParam(): Parameter 'UID' not found
11-25 19:45:00.454  1789  2914 I chatty  : uid=1000(system) AlarmManager expire 10 lines
11-25 19:46:14.454   296  1753 E NetlinkEvent: NetlinkEvent::FindParam(): Parameter 'UID' not found
11-25 20:14:01.475   296  1753 E NetlinkEvent: NetlinkEvent::FindParam(): Parameter 'UID' not found
11-25 20:14:01.477  1789  2914 I chatty  : uid=1000(system) AlarmManager expire 11 lines
11-25 20:14:01.484  1789  1789 I chatty  : uid=1000 system_server expire 20 lines
11-25 20:14:01.621  1789  3779 I chatty  : uid=1000(system) Binder_6 expire 2 lines
11-25 20:14:02.983  1789 11169 I chatty  : uid=1000(system) Binder_D expire 1 line
11-25 20:14:08.083   258   258 I chatty  : uid=1000(system) /system/bin/surfaceflinger expire 6 lines
11-25 20:14:10.783  1789  6257 I chatty  : uid=1000(system) Binder_B expire 1 line
11-25 20:15:16.669   296  1753 E NetlinkEvent: NetlinkEvent::FindParam(): Parameter 'UID' not found
11-25 20:15:16.711  1789  1789 I chatty  : uid=1000 system_server expire 12 lines
11-25 20:15:16.743  3010  3010 D StatusBarKeyguardViewManager: showKeyguard, but hide Bouncer
11-25 20:15:17.045  1789  1802 I chatty  : uid=1000(system) android.bg expire 1 line
11-25 20:16:08.900   296  1753 E NetlinkEvent: NetlinkEvent::FindParam(): Parameter 'UID' not found
11-25 20:16:08.901   296  1753 E NetlinkEvent: NetlinkEvent::FindParam(): Parameter 'UID' not found
11-25 20:16:42.457  1789  2914 I chatty  : uid=1000(system) AlarmManager expire 12 lines
11-25 20:18:02.247   296  1753 E NetlinkEvent: NetlinkEvent::FindParam(): Parameter 'UID' not found
11-25 20:18:02.253   296  1753 E NetlinkEvent: NetlinkEvent::FindParam(): Parameter 'UID' not found
11-25 20:18:02.554   296  1753 E NetlinkEvent: NetlinkEvent::FindParam(): Parameter 'UID' not found
11-25 20:22:30.472   296  1753 E NetlinkEvent: NetlinkEvent::FindParam(): Parameter 'UID' not found
11-25 20:22:30.562  1789  1799 I chatty  : uid=1000(system) Binder_1 expire 1 line
11-25 20:31:15.504   296  1753 E NetlinkEvent: NetlinkEvent::FindParam(): Parameter 'UID' not found
11-25 20:31:15.530  1789  1789 I chatty  : uid=1000 system_server expire 21 lines
11-25 20:32:30.463   296  1753 E NetlinkEvent: NetlinkEvent::FindParam(): Parameter 'UID' not found
11-25 20:36:43.238   296  1753 E NetlinkEvent: NetlinkEvent::FindParam(): Parameter 'UID' not found
11-25 20:36:43.239   296  1753 E NetlinkEvent: NetlinkEvent::FindParam(): Parameter 'UID' not found
11-25 20:43:03.475  1789  2914 I chatty  : uid=1000(system) AlarmManager expire 16 lines
11-25 20:43:03.485   296  1753 E NetlinkEvent: NetlinkEvent::FindParam(): Parameter 'UID' not found
11-25 20:44:22.472   296  1753 E NetlinkEvent: NetlinkEvent::FindParam(): Parameter 'UID' not found
11-25 20:44:22.572   296  1753 E NetlinkEvent: NetlinkEvent::FindParam(): Parameter 'UID' not found
11-25 20:44:22.606  1789  1789 I chatty  : uid=1000 system_server expire 12 lines
11-25 20:44:22.704  1789  4626 I chatty  : uid=1000(system) Binder_8 expire 1 line
11-25 20:44:40.487   296  1753 E NetlinkEvent: NetlinkEvent::FindParam(): Parameter 'UID' not found
11-25 20:45:03.462  1789  1803 I chatty  : uid=1000(system) ActivityManager expire 3 lines
11-25 20:46:15.412  1789  2914 I chatty  : uid=1000(system) AlarmManager expire 15 lines
11-25 20:46:49.200  1789 11169 I chatty  : uid=1000(system) Binder_D expire 2 lines
11-25 20:46:50.895   296  1753 E NetlinkEvent: NetlinkEvent::FindParam(): Parameter 'UID' not found
11-25 20:46:50.979  1789  4627 I chatty  : uid=1000(system) Binder_9 expire 1 line
11-25 20:46:51.010  1789  3443 I chatty  : uid=1000(system) Binder_5 expire 1 line
11-25 20:47:03.617  1789  6283 I chatty  : uid=1000(system) Binder_C expire 4 lines
11-25 20:47:03.890  1789  3062 I chatty  : uid=1000(system) Binder_4 expire 1 line
11-25 20:47:03.891  1789  2955 I chatty  : uid=1000(system) ConnectivitySer expire 3 lines
11-25 20:47:03.896  1789  2954 I chatty  : uid=1000(system) WifiService expire 1 line
11-25 20:48:22.837   296  1753 E NetlinkEvent: NetlinkEvent::FindParam(): Parameter 'UID' not found
11-25 20:48:25.399   296  1753 E NetlinkEvent: NetlinkEvent::FindParam(): Parameter 'UID' not found
11-25 20:49:15.401   296  1753 E NetlinkEvent: NetlinkEvent::FindParam(): Parameter 'UID' not found
11-25 20:49:15.581  1789  1799 I chatty  : uid=1000(system) Binder_1 expire 2 lines
11-25 21:12:04.433   296  1753 E NetlinkEvent: NetlinkEvent::FindParam(): Parameter 'UID' not found
11-25 21:12:04.441  1789  1789 I chatty  : uid=1000 system_server expire 17 lines
11-25 21:12:05.599  1789  3779 I chatty  : uid=1000(system) Binder_6 expire 1 line
11-25 21:12:29.422   296  1753 E NetlinkEvent: NetlinkEvent::FindParam(): Parameter 'UID' not found
11-25 21:13:10.434   296  1753 E NetlinkEvent: NetlinkEvent::FindParam(): Parameter 'UID' not found
11-25 21:13:10.442   296  1753 E NetlinkEvent: NetlinkEvent::FindParam(): Parameter 'UID' not found
11-25 21:14:24.419  1789  2914 I chatty  : uid=1000(system) AlarmManager expire 11 lines
11-25 21:22:30.470  1789  1802 I chatty  : uid=1000(system) android.bg expire 1 line
11-25 21:25:50.138   296  1753 E NetlinkEvent: NetlinkEvent::FindParam(): Parameter 'UID' not found
11-25 21:25:50.140   296  1753 E NetlinkEvent: NetlinkEvent::FindParam(): Parameter 'UID' not found
11-25 21:25:51.059   296  1753 E NetlinkEvent: NetlinkEvent::FindParam(): Parameter 'UID' not found
11-25 21:25:51.102  1789  1789 I chatty  : uid=1000 system_server expire 14 lines
11-25 21:28:08.416  1789  2914 I chatty  : uid=1000(system) AlarmManager expire 11 lines
11-25 21:28:08.420   296  1753 E NetlinkEvent: NetlinkEvent::FindParam(): Parameter 'UID' not found
11-25 21:31:17.304   296  1753 E NetlinkEvent: NetlinkEvent::FindParam(): Parameter 'UID' not found
11-25 21:32:29.419   296  1753 E NetlinkEvent: NetlinkEvent::FindParam(): Parameter 'UID' not found
11-25 21:41:06.439   296  1753 E NetlinkEvent: NetlinkEvent::FindParam(): Parameter 'UID' not found
11-25 21:42:30.433   296  1753 E NetlinkEvent: NetlinkEvent::FindParam(): Parameter 'UID' not found
11-25 21:52:06.274  1789 11170 I chatty  : uid=1000(system) Binder_E expire 1 line
11-25 21:52:06.280  1789  1811 I chatty  : uid=1000(system) PowerManagerSer expire 4 lines
11-25 21:52:06.281  1789  6032 I chatty  : uid=1000(system) Binder_A expire 1 line
11-25 21:52:06.285  1789  1805 I chatty  : uid=1000(system) android.fg expire 2 lines
11-25 21:52:06.448  1789  1808 I chatty  : uid=1000(system) android.display expire 10 lines
11-25 21:52:06.696   258   710 I chatty  : uid=1000(system) EventThread expire 10 lines
11-25 21:52:06.877   296  1753 E NetlinkEvent: NetlinkEvent::FindParam(): Parameter 'UID' not found
11-25 21:52:07.041  1789  1789 I chatty  : uid=1000 system_server expire 16 lines
11-25 21:52:14.005  1789  2914 I chatty  : uid=1000(system) AlarmManager expire 15 lines
11-25 21:52:16.295   258   258 I chatty  : uid=1000(system) /system/bin/surfaceflinger expire 14 lines
11-25 21:52:17.284  3010  3010 D StatusBarKeyguardViewManager: showKeyguard, but hide Bouncer
11-25 21:52:23.075   296  1753 E NetlinkEvent: NetlinkEvent::FindParam(): Parameter 'UID' not found
11-25 21:54:39.354  1789  3975 I chatty  : uid=1000(system) Binder_7 expire 2 lines
11-25 21:56:08.475   296  1753 E NetlinkEvent: NetlinkEvent::FindParam(): Parameter 'UID' not found
11-25 21:56:08.478   296  1753 E NetlinkEvent: NetlinkEvent::FindParam(): Parameter 'UID' not found
11-25 21:56:08.488   296  1753 E NetlinkEvent: NetlinkEvent::FindParam(): Parameter 'UID' not found
11-25 21:56:13.375   258   710 I chatty  : uid=1000(system) EventThread expire 2 lines
11-25 21:58:41.434  1789  2914 I chatty  : uid=1000(system) AlarmManager expire 11 lines
11-25 21:58:41.438   296  1753 E NetlinkEvent: NetlinkEvent::FindParam(): Parameter 'UID' not found
11-25 21:58:41.445  1789  1789 I chatty  : uid=1000 system_server expire 13 lines
11-25 22:05:59.213   296  1753 E NetlinkEvent: NetlinkEvent::FindParam(): Parameter 'UID' not found
11-25 22:05:59.214   296  1753 E NetlinkEvent: NetlinkEvent::FindParam(): Parameter 'UID' not found
11-25 22:10:07.439   296  1753 E NetlinkEvent: NetlinkEvent::FindParam(): Parameter 'UID' not found
11-25 22:10:07.440  1789  2914 I chatty  : uid=1000(system) AlarmManager expire 12 lines
11-25 22:11:29.759   296  1753 E NetlinkEvent: NetlinkEvent::FindParam(): Parameter 'UID' not found
11-25 22:14:04.496  1789  1789 I chatty  : uid=1000 system_server expire 14 lines
11-25 22:17:18.430   296  1753 E NetlinkEvent: NetlinkEvent::FindParam(): Parameter 'UID' not found
11-25 22:17:18.433   296  1753 E NetlinkEvent: NetlinkEvent::FindParam(): Parameter 'UID' not found
11-25 22:17:18.517  1789  2954 I chatty  : uid=1000(system) WifiService expire 2 lines
11-25 22:22:30.479  1789  3443 I chatty  : uid=1000(system) Binder_5 expire 5 lines
11-25 22:30:20.444  1789  2914 I chatty  : uid=1000(system) AlarmManager expire 21 lines
11-25 22:30:22.823  1789  1803 I chatty  : uid=1000(system) ActivityManager expire 4 lines
11-25 22:30:22.840  3422  3422 I chatty  : uid=1000(system) com.motorola.modemservice expire 4 lines
11-25 22:30:23.030  1789  3975 I chatty  : uid=1000(system) Binder_7 expire 8 lines
11-25 22:30:23.038   296  1753 E NetlinkEvent: NetlinkEvent::FindParam(): Parameter 'UID' not found
11-25 22:30:23.070  1789 21620 I chatty  : uid=1000(system) Binder_F expire 4 lines
11-25 22:30:23.117  1789  3779 I chatty  : uid=1000(system) Binder_6 expire 12 lines
11-25 22:30:23.134  1789  4626 I chatty  : uid=1000(system) Binder_8 expire 10 lines
11-25 22:30:23.353  1789 11169 I chatty  : uid=1000(system) Binder_D expire 7 lines
11-25 22:30:23.373  1789  6032 I chatty  : uid=1000(system) Binder_A expire 10 lines
11-25 22:30:24.568  3627  3627 D MccTable: updateMccMncConfiguration mccmnc='null' fromServiceState=true
11-25 22:30:24.568  3627  3627 D MccTable: WIFI_COUNTRY_CODE set to 
11-25 22:30:24.720  1789  6257 I chatty  : uid=1000(system) Binder_B expire 3 lines
11-25 22:30:34.055  1789  1789 I chatty  : uid=1000 system_server expire 16 lines
11-25 22:30:34.574  1789  6283 I chatty  : uid=1000(system) Binder_C expire 2 lines
11-25 22:30:34.584  1789  3062 I chatty  : uid=1000(system) Binder_4 expire 3 lines
11-25 22:30:34.621  1789  1799 I chatty  : uid=1000(system) Binder_1 expire 3 lines
11-25 22:30:34.622  1789  2955 I chatty  : uid=1000(system) ConnectivitySer expire 4 lines
11-25 22:30:35.046  3627  3627 D MccTable: updateMccMncConfiguration mccmnc='26207' fromServiceState=true
11-25 22:30:35.047  3627  3627 D MccTable: updateMccMncConfiguration defaultMccMnc=26207
11-25 22:30:35.047  3627  3627 D MccTable: updateMccMncConfiguration: mcc=262, mnc=7
11-25 22:30:35.047  3627  3627 D MccTable: WIFI_COUNTRY_CODE set to de
11-25 22:30:35.048  1789  4627 I chatty  : uid=1000(system) Binder_9 expire 3 lines
11-25 22:30:35.149  1789  4626 I chatty  : uid=1000(system) Binder_8 expire 2 lines
11-25 22:30:35.171  1789  1800 I chatty  : uid=1000(system) Binder_2 expire 6 lines
11-25 22:30:41.596  1789  3015 I chatty  : uid=1000(system) Binder_3 expire 2 lines
11-25 22:31:18.407   296  1753 E NetlinkEvent: NetlinkEvent::FindParam(): Parameter 'UID' not found
11-25 22:31:18.776   296  1753 E NetlinkEvent: NetlinkEvent::FindParam(): Parameter 'UID' not found
11-25 22:31:18.821  1789  3779 I chatty  : uid=1000(system) Binder_6 expire 3 lines
11-25 22:32:02.991   296  1753 E NetlinkEvent: NetlinkEvent::FindParam(): Parameter 'UID' not found
11-25 22:32:03.062   296  1753 E NetlinkEvent: NetlinkEvent::FindParam(): Parameter 'UID' not found
11-25 22:32:29.420   296  1753 E NetlinkEvent: NetlinkEvent::FindParam(): Parameter 'UID' not found
11-25 22:34:25.061   296  1753 E NetlinkEvent: NetlinkEvent::FindParam(): Parameter 'UID' not found
11-25 22:34:25.063   296  1753 E NetlinkEvent: NetlinkEvent::FindParam(): Parameter 'UID' not found
11-25 22:36:28.875   296  1753 E NetlinkEvent: NetlinkEvent::FindParam(): Parameter 'UID' not found
11-25 22:36:28.876   296  1753 E NetlinkEvent: NetlinkEvent::FindParam(): Parameter 'UID' not found
11-25 22:37:57.483   296  1753 E NetlinkEvent: NetlinkEvent::FindParam(): Parameter 'UID' not found
11-25 22:37:57.503  1789  1789 I chatty  : uid=1000 system_server expire 10 lines
11-25 22:38:17.553   296  1753 E NetlinkEvent: NetlinkEvent::FindParam(): Parameter 'UID' not found
11-25 22:39:08.347  1789  2914 I chatty  : uid=1000(system) AlarmManager expire 16 lines
11-25 22:39:08.361   296  1753 E NetlinkEvent: NetlinkEvent::FindParam(): Parameter 'UID' not found
11-25 22:41:58.191   296  1753 E NetlinkEvent: NetlinkEvent::FindParam(): Parameter 'UID' not found
11-25 22:42:02.792   296  1753 E NetlinkEvent: NetlinkEvent::FindParam(): Parameter 'UID' not found
11-25 22:42:29.418   296  1753 E NetlinkEvent: NetlinkEvent::FindParam(): Parameter 'UID' not found
11-25 22:43:09.469   296  1753 E NetlinkEvent: NetlinkEvent::FindParam(): Parameter 'UID' not found
11-25 22:43:09.470   296  1753 E NetlinkEvent: NetlinkEvent::FindParam(): Parameter 'UID' not found
11-25 22:47:49.013   296  1753 E NetlinkEvent: NetlinkEvent::FindParam(): Parameter 'UID' not found
11-25 22:47:49.022   296  1753 E NetlinkEvent: NetlinkEvent::FindParam(): Parameter 'UID' not found
11-25 22:47:49.647   296  1753 E NetlinkEvent: NetlinkEvent::FindParam(): Parameter 'UID' not found
11-25 22:47:49.787  1789  1808 I chatty  : uid=1000(system) android.display expire 7 lines
11-25 22:47:50.024   258   710 I chatty  : uid=1000(system) EventThread expire 5 lines
11-25 22:47:55.137   258   258 I chatty  : uid=1000(system) /system/bin/surfaceflinger expire 14 lines
11-25 22:48:11.127   296  1753 E NetlinkEvent: NetlinkEvent::FindParam(): Parameter 'UID' not found
11-25 22:48:11.376   296  1753 E NetlinkEvent: NetlinkEvent::FindParam(): Parameter 'UID' not found
11-25 22:49:11.953   296  1753 E NetlinkEvent: NetlinkEvent::FindParam(): Parameter 'UID' not found
11-25 22:49:11.958   296  1753 E NetlinkEvent: NetlinkEvent::FindParam(): Parameter 'UID' not found
11-25 22:49:15.069  1789  1789 I chatty  : uid=1000 system_server expire 17 lines
11-25 22:49:15.073  1789  1811 I chatty  : uid=1000(system) PowerManagerSer expire 3 lines
11-25 22:49:15.080  1789  1805 I chatty  : uid=1000(system) android.fg expire 2 lines
11-25 22:49:19.255 15310 15310 I chatty  : uid=1000(system) expire 2 lines
11-25 22:49:26.654  1789  2916 I chatty  : uid=1000(system) InputReader expire 1 line
11-25 22:49:27.694  3010  3010 D StatusBarKeyguardViewManager: showKeyguard, but hide Bouncer
11-25 22:49:28.889  1789  1789 I chatty  : uid=1000 system_server expire 10 lines
11-25 22:49:34.425   258   258 I chatty  : uid=1000(system) /system/bin/surfaceflinger expire 2 lines
11-25 22:49:36.106  1789 11170 I chatty  : uid=1000(system) Binder_E expire 1 line
11-25 22:49:42.583  1789  1814 I chatty  : uid=1000(system) PackageManager expire 1 line
11-25 22:52:03.410   296  1753 E NetlinkEvent: NetlinkEvent::FindParam(): Parameter 'UID' not found
11-25 22:52:03.411  1789  2914 I chatty  : uid=1000(system) AlarmManager expire 10 lines
11-25 22:52:03.414  1789  1789 I chatty  : uid=1000 system_server expire 11 lines
11-25 22:53:19.873   296  1753 E NetlinkEvent: NetlinkEvent::FindParam(): Parameter 'UID' not found
11-25 22:53:19.875   296  1753 E NetlinkEvent: NetlinkEvent::FindParam(): Parameter 'UID' not found
11-25 22:53:35.442   296  1753 E NetlinkEvent: NetlinkEvent::FindParam(): Parameter 'UID' not found
11-25 22:58:07.417   296  1753 E NetlinkEvent: NetlinkEvent::FindParam(): Parameter 'UID' not found
11-25 22:58:07.466   296  1753 E NetlinkEvent: NetlinkEvent::FindParam(): Parameter 'UID' not found
11-25 22:59:22.416  1789  2914 I chatty  : uid=1000(system) AlarmManager expire 12 lines
11-25 22:59:22.420   296  1753 E NetlinkEvent: NetlinkEvent::FindParam(): Parameter 'UID' not found
11-25 22:59:22.432   296  1753 E NetlinkEvent: NetlinkEvent::FindParam(): Parameter 'UID' not found
11-25 22:59:22.442  1789  1789 I chatty  : uid=1000 system_server expire 12 lines
11-25 23:00:02.426   296  1753 E NetlinkEvent: NetlinkEvent::FindParam(): Parameter 'UID' not found
11-25 23:07:20.070   296  1753 E NetlinkEvent: NetlinkEvent::FindParam(): Parameter 'UID' not found
11-25 23:07:20.071   296  1753 E NetlinkEvent: NetlinkEvent::FindParam(): Parameter 'UID' not found
11-25 23:17:12.443   296  1753 E NetlinkEvent: NetlinkEvent::FindParam(): Parameter 'UID' not found
11-25 23:19:28.418  1789  2914 I chatty  : uid=1000(system) AlarmManager expire 11 lines
11-25 23:19:28.421   296  1753 E NetlinkEvent: NetlinkEvent::FindParam(): Parameter 'UID' not found
11-25 23:19:28.434  1789  1789 I chatty  : uid=1000 system_server expire 14 lines
11-25 23:21:13.499   296  1753 E NetlinkEvent: NetlinkEvent::FindParam(): Parameter 'UID' not found
11-25 23:21:13.508   296  1753 E NetlinkEvent: NetlinkEvent::FindParam(): Parameter 'UID' not found
11-25 23:21:34.691   296  1753 E NetlinkEvent: NetlinkEvent::FindParam(): Parameter 'UID' not found
11-25 23:21:34.694   296  1753 E NetlinkEvent: NetlinkEvent::FindParam(): Parameter 'UID' not found
11-25 23:22:29.492  1789  6257 I chatty  : uid=1000(system) Binder_B expire 1 line
11-25 23:22:46.889   296  1753 E NetlinkEvent: NetlinkEvent::FindParam(): Parameter 'UID' not found
11-25 23:22:46.898  1789  1808 I chatty  : uid=1000(system) android.display expire 4 lines
11-25 23:22:47.131   258   710 I chatty  : uid=1000(system) EventThread expire 4 lines
11-25 23:22:47.514  1789  3443 I chatty  : uid=1000(system) Binder_5 expire 4 lines
11-25 23:22:50.274   258   258 I chatty  : uid=1000(system) /system/bin/surfaceflinger expire 6 lines
11-25 23:25:03.835   296  1753 E NetlinkEvent: NetlinkEvent::FindParam(): Parameter 'UID' not found
11-25 23:25:20.445  1789  1789 I chatty  : uid=1000 system_server expire 11 lines
11-25 23:26:47.428   296  1753 E NetlinkEvent: NetlinkEvent::FindParam(): Parameter 'UID' not found
11-25 23:26:47.434   296  1753 E NetlinkEvent: NetlinkEvent::FindParam(): Parameter 'UID' not found
11-25 23:30:01.426  1789  2914 I chatty  : uid=1000(system) AlarmManager expire 15 lines
11-25 23:31:20.479   296  1753 E NetlinkEvent: NetlinkEvent::FindParam(): Parameter 'UID' not found
11-25 23:32:29.432   296  1753 E NetlinkEvent: NetlinkEvent::FindParam(): Parameter 'UID' not found
11-25 23:40:30.437  1789  1789 I chatty  : uid=1000 system_server expire 13 lines
11-25 23:46:13.451   296  1753 E NetlinkEvent: NetlinkEvent::FindParam(): Parameter 'UID' not found
11-25 23:46:13.455  1789  2914 I chatty  : uid=1000(system) AlarmManager expire 11 lines
11-25 23:46:40.630   296  1753 E NetlinkEvent: NetlinkEvent::FindParam(): Parameter 'UID' not found
11-25 23:49:29.531   296  1753 E NetlinkEvent: NetlinkEvent::FindParam(): Parameter 'UID' not found
11-25 23:49:29.536  1789  1789 I chatty  : uid=1000 system_server expire 12 lines
11-25 23:49:47.259   296  1753 E NetlinkEvent: NetlinkEvent::FindParam(): Parameter 'UID' not found
11-25 23:49:47.266  1789  6032 I chatty  : uid=1000(system) Binder_A expire 2 lines
11-25 23:49:50.107   296  1753 E NetlinkEvent: NetlinkEvent::FindParam(): Parameter 'UID' not found
11-25 23:49:50.114  1789  3779 I chatty  : uid=1000(system) Binder_6 expire 3 lines
11-25 23:50:05.339   296  1753 E NetlinkEvent: NetlinkEvent::FindParam(): Parameter 'UID' not found
11-25 23:50:09.481  1789  2914 I chatty  : uid=1000(system) AlarmManager expire 11 lines
11-25 23:50:09.903   296  1753 E NetlinkEvent: NetlinkEvent::FindParam(): Parameter 'UID' not found
11-25 23:50:25.021   296  1753 E NetlinkEvent: NetlinkEvent::FindParam(): Parameter 'UID' not found
11-25 23:53:30.099   296  1753 E NetlinkEvent: NetlinkEvent::FindParam(): Parameter 'UID' not found
11-25 23:53:30.101   296  1753 E NetlinkEvent: NetlinkEvent::FindParam(): Parameter 'UID' not found
11-25 23:53:32.559   296  1753 E NetlinkEvent: NetlinkEvent::FindParam(): Parameter 'UID' not found
11-26 00:00:01.447   296  1753 E NetlinkEvent: NetlinkEvent::FindParam(): Parameter 'UID' not found
11-26 00:00:01.477  1789  1789 I chatty  : uid=1000 system_server expire 17 lines
11-26 00:02:29.484  1789  1803 I chatty  : uid=1000(system) ActivityManager expire 1 line
11-26 00:05:28.025   296  1753 E NetlinkEvent: NetlinkEvent::FindParam(): Parameter 'UID' not found
11-26 00:05:28.031   296  1753 E NetlinkEvent: NetlinkEvent::FindParam(): Parameter 'UID' not found
11-26 00:05:28.631   296  1753 E NetlinkEvent: NetlinkEvent::FindParam(): Parameter 'UID' not found
11-26 00:12:29.445   296  1753 E NetlinkEvent: NetlinkEvent::FindParam(): Parameter 'UID' not found
11-26 00:15:14.442  1789  2914 I chatty  : uid=1000(system) AlarmManager expire 10 lines
11-26 00:15:14.448   296  1753 E NetlinkEvent: NetlinkEvent::FindParam(): Parameter 'UID' not found
11-26 00:22:29.451   296  1753 E NetlinkEvent: NetlinkEvent::FindParam(): Parameter 'UID' not found
11-26 00:27:02.132  1789  3015 I chatty  : uid=1000(system) Binder_3 expire 2 lines
11-26 00:27:02.144  1789  1805 I chatty  : uid=1000(system) android.fg expire 2 lines
11-26 00:27:02.243  1789  2955 I chatty  : uid=1000(system) ConnectivitySer expire 1 line
11-26 00:27:02.390  1789  4627 I chatty  : uid=1000(system) Binder_9 expire 2 lines
11-26 00:27:02.879   296  1753 E NetlinkEvent: NetlinkEvent::FindParam(): Parameter 'UID' not found
11-26 00:27:03.043  1789  1789 I chatty  : uid=1000 system_server expire 11 lines
11-26 00:27:03.132  1789  2914 I chatty  : uid=1000(system) AlarmManager expire 10 lines
11-26 00:27:09.152   220   228 E Cryptfs : not running with encryption, aborting
11-26 00:27:09.153  1789  2932 I chatty  : uid=1000(system) CryptdConnector expire 1 line
11-26 00:27:12.134  1789  1811 I chatty  : uid=1000(system) PowerManagerSer expire 3 lines
11-26 00:27:13.097  3010  3010 D StatusBarKeyguardViewManager: showKeyguard, but hide Bouncer
11-26 00:29:34.448   296  1753 E NetlinkEvent: NetlinkEvent::FindParam(): Parameter 'UID' not found
11-26 00:31:03.716   296  1753 E NetlinkEvent: NetlinkEvent::FindParam(): Parameter 'UID' not found
11-26 00:31:03.724   296  1753 E NetlinkEvent: NetlinkEvent::FindParam(): Parameter 'UID' not found
11-26 00:31:03.830   296  1753 E NetlinkEvent: NetlinkEvent::FindParam(): Parameter 'UID' not found
11-26 00:31:21.450   296  1753 E NetlinkEvent: NetlinkEvent::FindParam(): Parameter 'UID' not found
11-26 00:31:21.499   296  1753 E NetlinkEvent: NetlinkEvent::FindParam(): Parameter 'UID' not found
11-26 00:32:30.448   296  1753 E NetlinkEvent: NetlinkEvent::FindParam(): Parameter 'UID' not found
11-26 00:44:15.461  1789  2914 I chatty  : uid=1000(system) AlarmManager expire 13 lines
