11-26 13:57:32.393   296  1753 E NetlinkEvent: NetlinkEvent::FindParam(): Parameter 'UID' not found
11-26 13:57:36.688  1789  1803 I ActivityManager: Start proc 22713:Mono.Android.DebugRuntime/u0a119 for broadcast Mono.Android.DebugRuntime/com.xamarin.mono.android.PackageVersions
11-26 13:57:36.722  1789  4627 I ActivityManager: Killing 22533:com.google.process.gapps/u0a17 (adj 13): empty #7
11-26 13:57:43.149  1789  6032 I ActivityManager: START u0 {act=android.intent.action.MAIN cat=[android.intent.category.LAUNCHER] flg=0x10000000 cmp=SeniorenApp.SeniorenApp/md54259e6513023dd8c68a5505c80f1ae41.MainActivity} from uid 2000 on display 0
11-26 13:57:43.162  1789  6032 I ActivityManager: Start proc 22799:SeniorenApp.SeniorenApp/u0a161 for activity SeniorenApp.SeniorenApp/md54259e6513023dd8c68a5505c80f1ae41.MainActivity
11-26 13:57:43.695  1789  1803 W ActivityManager: Activity pause timeout for ActivityRecord{9e6edbe u0 SeniorenApp.SeniorenApp/md54259e6513023dd8c68a5505c80f1ae41.MainActivity t97}
11-26 13:57:45.875  1789  1808 I LaunchCheckinHandler: Displayed SeniorenApp.SeniorenApp/md54259e6513023dd8c68a5505c80f1ae41.MainActivity,cp,ca,2724
11-26 13:57:49.633  1789 11170 I PowerManagerService: Waking up from dozing (uid 10031)...
11-26 13:57:49.642  1789  4626 I DreamManagerService: Leaving dreamland.
11-26 13:57:49.644  1789  1805 I DreamController: Stopping dream: name=ComponentInfo{com.motorola.motodisplay/com.motorola.motodisplay.DozeService}, isTest=false, canDoze=true, userId=0
11-26 13:57:49.650  1789  1808 I DisplayManagerService: Display device changed state: "Integriertes Display", ON
11-26 13:57:50.657  1789  2914 V AlarmManager: sending alarm {889b203 type 2 *walarm*:com.motorola.slpc.ALARM_MODALITY}
11-26 13:57:50.660  1789  1789 V AlarmManager: done {889b203, *walarm*:com.motorola.slpc.ALARM_MODALITY} [3ms]
11-26 13:57:50.866   258   710 I SFPerfTracer:      triggers: (rate: 2:81) (67763 sw vsyncs) (0 skipped) (0:148762 vsyncs) (1:231829)
11-26 13:57:51.201   258   258 I SFPerfTracer:      triggers: (rate: 27:2637) (compose: 9:434) (post: 0:583) (render: 16:874) (19:121139 frames) (20:144042)
11-26 13:57:51.202   258   258 D SFPerfTracer:        layers: (3:16) (FocusedStackFrame (0xb8efb238): 0:1521)* (DimLayer (0xb8ed9f10): 0:216)* (StatusBar (0xb8efd408): 17:20125) (com.android.systemui.ImageWallpaper (0xb8eef4b8): 0:1076) (Sprite (0xb8e66928): 19:16914) (Sprite (0xb8ebf820): 0:6182)* (Sprite (0xb8eb9ce8): 0:8405)* (Sprite (0xb8effc08): 0:26580)* (DimLayer (0xb8ee1c10): 0:4)* (NavigationBar (0xb8ea2420): 0:55)- (com.google.android.googlequicksearchbox/com.google.android.launcher.GEL (0xb8ebc3a0): 0:8)- (ColorFade (0xb8eead68): 0:32)- ( (0xb8f037d8): 0:4)- (SeniorenApp.SeniorenApp/md54259e6513023dd8c68a5505c80f1ae41.MainActivity (0xb8ea2420): 0:4)* 
11-26 13:57:53.000   258   258 I SFPerfTracer:      triggers: (rate: 27:2637) (compose: 9:434) (post: 0:583) (render: 16:874) (11:121231 frames) (12:144148)
11-26 13:57:53.000   258   258 D SFPerfTracer:        layers: (3:13) (FocusedStackFrame (0xb8efb238): 0:1521)* (DimLayer (0xb8ed9f10): 0:216)* (StatusBar (0xb8efd408): 12:20224) (com.android.systemui.ImageWallpaper (0xb8eef4b8): 0:1076) (Sprite (0xb8e66928): 0:16963)* (Sprite (0xb8ebf820): 0:6182)* (Sprite (0xb8eb9ce8): 0:8405)* (Sprite (0xb8effc08): 1:26610)* (DimLayer (0xb8ee1c10): 0:4)* (SeniorenApp.SeniorenApp/md54259e6513023dd8c68a5505c80f1ae41.MainActivity (0xb8ea2420): 0:4)* (NavigationBar (0xb8ebc3a0): 0:18) 
11-26 13:57:53.018   296  1753 E NetlinkEvent: NetlinkEvent::FindParam(): Parameter 'UID' not found
11-26 13:57:53.102 22663 22663 W ContextImpl: Calling a method in the system process without a qualified user: android.app.ContextImpl.startService:1221 android.content.ContextWrapper.startService:581 android.content.ContextWrapper.startService:581 com.motorola.settings.notification.HiddenListenerSettingsReceiver.onReceive:35 android.app.ActivityThread.handleReceiver:2743 
11-26 13:57:53.114  1789  1789 V NotificationListeners: disabling notification listener for user 0: ComponentInfo{com.motorola.motodisplay/com.motorola.motodisplay.MDNotificationListenerService}
11-26 13:57:53.417   258   710 I SFPerfTracer:      triggers: (rate: 2:81) (67763 sw vsyncs) (0 skipped) (150:148912 vsyncs) (152:231981)
11-26 13:57:53.651   258   258 I SFPerfTracer:      triggers: (rate: 27:2639) (compose: 9:435) (post: 0:583) (render: 16:876) (10:121261 frames) (11:144184)
11-26 13:57:53.651   258   258 D SFPerfTracer:        layers: (3:13) (FocusedStackFrame (0xb8efb238): 0:1523)* (DimLayer (0xb8ed9f10): 0:216)* (StatusBar (0xb8efd408): 2:20246) (com.android.systemui.ImageWallpaper (0xb8eef4b8): 1:1087)* (Sprite (0xb8e66928): 0:16963)* (Sprite (0xb8ebf820): 0:6182)* (Sprite (0xb8eb9ce8): 0:8405)* (Sprite (0xb8effc08): 0:26610)* (DimLayer (0xb8ee1c10): 0:6)* (SeniorenApp.SeniorenApp/md54259e6513023dd8c68a5505c80f1ae41.MainActivity (0xb8ea2420): 0:25) (NavigationBar (0xb8ebc3a0): 10:39) 
11-26 13:57:53.715  1789  4627 I ActivityManager: START u0 {cmp=SeniorenApp.SeniorenApp/md54259e6513023dd8c68a5505c80f1ae41.ContactList} from uid 10161 on display 0
11-26 13:58:00.000  1789  2914 V AlarmManager: sending alarm {be5e04d type 3 *alarm*:android.intent.action.TIME_TICK}
11-26 13:58:00.002  1789  2914 V AlarmManager: sending alarm {718a1b4 type 1 *alarm*:com.droid27.tcw.ACTION_TIME_TICK}
11-26 13:58:00.017   258   710 I SFPerfTracer:      triggers: (rate: 2:81) (67763 sw vsyncs) (0 skipped) (333:149245 vsyncs) (335:232316)
11-26 13:58:00.042  1789  1789 V AlarmManager: done {718a1b4, *alarm*:com.droid27.tcw.ACTION_TIME_TICK} [42ms]
11-26 13:58:00.060  1789  1789 V AlarmManager: done {be5e04d, *alarm*:android.intent.action.TIME_TICK} [60ms]
11-26 13:58:00.077  1789 11169 I ActivityManager: Killing 22608:com.motorola.context/u0a103 (adj 13): empty #7
11-26 13:58:03.722  1789  1803 W ActivityManager: Launch timeout has expired, giving up wake lock!
11-26 13:58:08.070   296  1753 E NetlinkEvent: NetlinkEvent::FindParam(): Parameter 'UID' not found
11-26 13:58:19.151  1789 11169 I WindowState: WIN DEATH: Window{b837604 u0 SeniorenApp.SeniorenApp/md54259e6513023dd8c68a5505c80f1ae41.MainActivity}
11-26 13:58:19.156  1789  4627 I ActivityManager: Process SeniorenApp.SeniorenApp (pid 22799) has died
11-26 13:58:19.157  1789  4627 W ActivityManager: Force removing ActivityRecord{9e6edbe u0 SeniorenApp.SeniorenApp/md54259e6513023dd8c68a5505c80f1ae41.MainActivity t97}: app died, no saved state
11-26 13:58:19.157  1789  4627 I LaunchCheckinHandler: cleanup(): cleared. Last call was 25422 ms ago
11-26 13:58:19.168  1789  4627 I ActivityManager: Start proc 22849:SeniorenApp.SeniorenApp/u0a161 for activity SeniorenApp.SeniorenApp/md54259e6513023dd8c68a5505c80f1ae41.ContactList
11-26 13:58:19.826  1789  4627 I ActivityManager: Force stopping SeniorenApp.SeniorenApp appid=10161 user=0: from pid 22844
11-26 13:58:19.827  1789  4627 I ActivityManager: Killing 22849:SeniorenApp.SeniorenApp/u0a161 (adj 0): stop SeniorenApp.SeniorenApp
11-26 13:58:19.906  1789  4627 I ActivityManager: Start proc 22871:SeniorenApp.SeniorenApp/u0a161 for activity SeniorenApp.SeniorenApp/md54259e6513023dd8c68a5505c80f1ae41.ContactList
11-26 13:58:19.908  1789  4627 I ActivityManager:   Force finishing activity ActivityRecord{26e665d u0 SeniorenApp.SeniorenApp/md54259e6513023dd8c68a5505c80f1ae41.ContactList t97}
11-26 13:58:19.926  1789  1800 W ActivityManager: Spurious death for ProcessRecord{6f72eef 0:SeniorenApp.SeniorenApp/u0a161}, curProc for 22849: null
11-26 13:58:19.928  1789  1803 I ActivityManager: moveHomeStack, setupComplete:true
11-26 13:58:19.958  1789  3015 I ActivityManager: Killing 19094:com.google.android.googlequicksearchbox:search/u0a46 (adj 13): empty #7
11-26 13:58:20.112  1789  2954 D WifiService: Client connection lost with reason: 4
11-26 13:58:20.112  1789  4627 D ConnectivityService: ConnectivityService NetworkRequestInfo binderDied(NetworkRequest [ id=52, legacyType=-1, [ Capabilities: INTERNET&NOT_RESTRICTED&TRUSTED] ], android.os.BinderProxy@2b81c85)
11-26 13:58:20.113  1789  2955 D ConnectivityService: releasing NetworkRequest NetworkRequest [ id=52, legacyType=-1, [ Capabilities: INTERNET&NOT_RESTRICTED&TRUSTED] ]
11-26 13:58:20.114  1789  2955 E ConnectivityService: RemoteException caught trying to send a callback msg for NetworkRequest [ id=52, legacyType=-1, [ Capabilities: INTERNET&NOT_RESTRICTED&TRUSTED] ]
11-26 13:58:20.139  1789  1803 I ActivityManager: Start proc 22886:com.motorola.context/u0a103 for broadcast com.motorola.context/.receiver.PackageReplaceReceiver
11-26 13:58:20.204  1789  3062 I ActivityManager: Start proc 22900:com.google.android.googlequicksearchbox:search/u0a46 for service com.google.android.googlequicksearchbox/com.google.android.apps.gsa.search.core.service.SearchService
11-26 13:58:20.206  1789  6032 W InputMethodManagerService: Got RemoteException sending setActive(false) notification to pid 22799 uid 10161
11-26 13:58:20.295  1789  1799 I ActivityManager: Killing 22713:Mono.Android.DebugRuntime/u0a119 (adj 13): empty #7
11-26 13:58:20.780  1789  2954 D WifiService: New client listening to asynchronous messages
11-26 13:58:20.799  1789  3443 I ActivityManager: Start proc 22922:com.google.process.gapps/u0a17 for content provider com.google.android.gsf/.gservices.GservicesProvider
11-26 13:58:20.871  1789 11169 I ActivityManager: Start proc 22935:com.google.android.partnersetup/u0a20 for content provider com.google.android.partnersetup/.RlzAppProvider
11-26 13:58:29.803  1789  1803 I ActivityManager: Start proc 22983:Mono.Android.DebugRuntime/u0a119 for broadcast Mono.Android.DebugRuntime/com.xamarin.mono.android.PackageVersions
11-26 13:58:29.856  1789 11170 I ActivityManager: Killing 22663:com.android.settings/1000 (adj 13): empty #7
11-26 13:58:31.028  1789  3443 I ActivityManager: Force stopping SeniorenApp.SeniorenApp appid=10161 user=0: from pid 22998
11-26 13:58:31.028  1789  3443 I ActivityManager: Killing 22871:SeniorenApp.SeniorenApp/u0a161 (adj 11): stop SeniorenApp.SeniorenApp
11-26 13:58:31.092  1789  3062 W ActivityManager: Spurious death for ProcessRecord{9c806bc 0:SeniorenApp.SeniorenApp/u0a161}, curProc for 22871: null
11-26 13:58:35.773  1789  3975 I ActivityManager: START u0 {act=android.intent.action.MAIN cat=[android.intent.category.LAUNCHER] flg=0x10000000 cmp=SeniorenApp.SeniorenApp/md54259e6513023dd8c68a5505c80f1ae41.MainActivity} from uid 2000 on display 0
11-26 13:58:35.793  1789  3062 I ActivityManager: Start proc 23079:SeniorenApp.SeniorenApp/u0a161 for activity SeniorenApp.SeniorenApp/md54259e6513023dd8c68a5505c80f1ae41.MainActivity
11-26 13:58:36.270   258   258 I SFPerfTracer:      triggers: (rate: 27:2639) (compose: 9:435) (post: 0:583) (render: 16:876) (24:121334 frames) (25:144295)
11-26 13:58:36.271   258   258 D SFPerfTracer:        layers: (5:17) (FocusedStackFrame (0xb8efb238): 1:1530)* (DimLayer (0xb8ed9f10): 0:216)* (StatusBar (0xb8efd408): 19:20291) (com.android.systemui.ImageWallpaper (0xb8eef4b8): 0:1089) (Sprite (0xb8e66928): 0:16963)* (Sprite (0xb8ebf820): 0:6182)* (Sprite (0xb8eb9ce8): 0:8405)* (Sprite (0xb8effc08): 0:26624)* (DimLayer (0xb8ee1c10): 1:9)* (SeniorenApp.SeniorenApp/md54259e6513023dd8c68a5505c80f1ae41.MainActivity (0xb8ea2420): 0:42)- (NavigationBar (0xb8ebc3a0): 13:67) (Starting SeniorenApp.SeniorenApp (0xb8eead68): 0:3)- (com.android.contacts/com.android.contacts.activities.PeopleActivity (0xb8ea2420): 0:4)- (com.google.android.googlequicksearchbox/com.google.android.launcher.GEL (0xb8eead68): 0:8) (Starting SeniorenApp.SeniorenApp (0xb8ea2420): 25:27) 
11-26 13:58:38.490  1789  1808 I LaunchCheckinHandler: Displayed SeniorenApp.SeniorenApp/md54259e6513023dd8c68a5505c80f1ae41.MainActivity,cp,ca,2709
11-26 13:58:39.293  1789  3975 I ActivityManager: START u0 {cmp=SeniorenApp.SeniorenApp/md54259e6513023dd8c68a5505c80f1ae41.ContactList} from uid 10161 on display 0
11-26 13:58:48.506  1789  2914 V AlarmManager: sending alarm {6729b4 type 3 *alarm*:send_events}
11-26 13:58:48.510  1789  2914 I ActivityManager: Killing 22332:com.motorola.motodisplay/u0a31 (adj 13): empty #7
11-26 13:58:48.593  1789  1789 V AlarmManager: done {6729b4, *alarm*:send_events} [87ms]
11-26 13:58:48.645  1789 11170 I ActivityManager: Killing 21959:com.google.android.gms/u0a17 (adj 13): empty #7
11-26 13:58:48.692  1789  2954 D WifiService: Client connection lost with reason: 4
11-26 13:58:48.693  1789  3062 W ActivityManager: Scheduling restart of crashed service com.google.android.gms/.measurement.service.MeasurementBrokerService in 1000ms
11-26 13:58:49.302  1789  1803 W ActivityManager: Launch timeout has expired, giving up wake lock!
11-26 13:58:49.705  1789  1803 I LaunchCheckinHandler: cleanup(): cleared. Last call was 10394 ms ago
11-26 13:58:49.705  1789  1803 I ActivityManager: Start proc 23109:com.google.android.gms/u0a17 for service com.google.android.gms/.measurement.service.MeasurementBrokerService
11-26 13:59:00.000  1789  2914 V AlarmManager: sending alarm {718a1b4 type 1 *alarm*:com.droid27.tcw.ACTION_TIME_TICK}
11-26 13:59:00.003  1789  2914 V AlarmManager: sending alarm {be5e04d type 3 *alarm*:android.intent.action.TIME_TICK}
11-26 13:59:00.020   258   710 I SFPerfTracer:      triggers: (rate: 2:81) (67763 sw vsyncs) (0 skipped) (315:149622 vsyncs) (317:232727)
11-26 13:59:00.052  1789  1789 V AlarmManager: done {718a1b4, *alarm*:com.droid27.tcw.ACTION_TIME_TICK} [53ms]
11-26 13:59:00.062  1789  1789 V AlarmManager: done {be5e04d, *alarm*:android.intent.action.TIME_TICK} [59ms]
11-26 13:59:05.881  1789  4627 I ActivityManager: Process SeniorenApp.SeniorenApp (pid 23079) has died
11-26 13:59:05.882  1789 21620 I WindowState: WIN DEATH: Window{ee17833 u0 SeniorenApp.SeniorenApp/md54259e6513023dd8c68a5505c80f1ae41.MainActivity}
11-26 13:59:05.882  1789  4627 W ActivityManager: Force removing ActivityRecord{5ebf19a u0 SeniorenApp.SeniorenApp/md54259e6513023dd8c68a5505c80f1ae41.MainActivity t98}: app died, no saved state
11-26 13:59:05.904  1789  4627 I ActivityManager: Start proc 23132:SeniorenApp.SeniorenApp/u0a161 for activity SeniorenApp.SeniorenApp/md54259e6513023dd8c68a5505c80f1ae41.ContactList
11-26 13:59:06.843  1789  3975 I ActivityManager: Force stopping SeniorenApp.SeniorenApp appid=10161 user=0: from pid 23129
11-26 13:59:06.843  1789  3975 I ActivityManager: Killing 23132:SeniorenApp.SeniorenApp/u0a161 (adj 0): stop SeniorenApp.SeniorenApp
11-26 13:59:06.901  1789  3975 I ActivityManager: Start proc 23154:SeniorenApp.SeniorenApp/u0a161 for activity SeniorenApp.SeniorenApp/md54259e6513023dd8c68a5505c80f1ae41.ContactList
11-26 13:59:06.902  1789  3975 I ActivityManager:   Force finishing activity ActivityRecord{c45931c u0 SeniorenApp.SeniorenApp/md54259e6513023dd8c68a5505c80f1ae41.ContactList t98}
11-26 13:59:06.920  1789  1803 I ActivityManager: moveHomeStack, setupComplete:true
11-26 13:59:06.958  1789  4626 W ActivityManager: Spurious death for ProcessRecord{7f2e781 0:SeniorenApp.SeniorenApp/u0a161}, curProc for 23132: null
11-26 13:59:06.977  1789  4627 I ActivityManager: Killing 22935:com.google.android.partnersetup/u0a20 (adj 15): empty #7
11-26 13:59:07.124  1789  1799 W InputMethodManagerService: Got RemoteException sending setActive(false) notification to pid 23079 uid 10161
11-26 13:59:11.151  1789  2955 D ConnectivityService: notifyType CAP_CHANGED for NetworkAgentInfo [WIFI () - 113]
11-26 13:59:20.065   258   258 I SFPerfTracer:      triggers: (rate: 27:2640) (compose: 9:435) (post: 0:583) (render: 16:876) (0:121391 frames) (1:144395)
11-26 13:59:20.066   258   258 D SFPerfTracer:        layers: (4:16) (FocusedStackFrame (0xb8efb238): 0:1537)* (DimLayer (0xb8ed9f10): 0:216)* (StatusBar (0xb8efd408): 0:20320) (com.android.systemui.ImageWallpaper (0xb8eef4b8): 0:1091) (Sprite (0xb8e66928): 0:16963)* (Sprite (0xb8ebf820): 0:6182)* (Sprite (0xb8eb9ce8): 0:8405)* (Sprite (0xb8effc08): 0:26639)* (DimLayer (0xb8ee1c10): 0:12)* (NavigationBar (0xb8ebc3a0): 0:80) (Starting SeniorenApp.SeniorenApp (0xb8ea2420): 0:39)- (SeniorenApp.SeniorenApp/md54259e6513023dd8c68a5505c80f1ae41.MainActivity (0xb8eead68): 0:21)- (Starting SeniorenApp.SeniorenApp (0xb8ea2420): 0:3)- (com.google.android.googlequicksearchbox/com.google.android.launcher.GEL (0xb8ea2420): 0:7) 
11-26 13:59:20.210  1789  2955 D ConnectivityService: notifyType CAP_CHANGED for NetworkAgentInfo [WIFI () - 113]
11-26 13:59:26.251  1789  2955 D ConnectivityService: notifyType CAP_CHANGED for NetworkAgentInfo [WIFI () - 113]
11-26 13:59:51.650   296  1753 E NetlinkEvent: NetlinkEvent::FindParam(): Parameter 'UID' not found
11-26 13:59:59.999  1789  2914 V AlarmManager: sending alarm {718a1b4 type 1 *alarm*:com.droid27.tcw.ACTION_TIME_TICK}
11-26 14:00:00.001  1789  2914 V AlarmManager: sending alarm {be5e04d type 3 *alarm*:android.intent.action.TIME_TICK}
11-26 14:00:00.035  1789  1789 V AlarmManager: done {718a1b4, *alarm*:com.droid27.tcw.ACTION_TIME_TICK} [36ms]
11-26 14:00:00.072  1789  1789 V AlarmManager: done {be5e04d, *alarm*:android.intent.action.TIME_TICK} [71ms]
11-26 14:00:06.670   296  1753 E NetlinkEvent: NetlinkEvent::FindParam(): Parameter 'UID' not found
11-26 14:00:40.180  1789  1811 I PowerManagerService: Going to sleep due to screen timeout (uid 1000)...
11-26 14:00:40.730  1789  1808 I DisplayManagerService: Display device changed state: "Integriertes Display", OFF
11-26 14:00:40.760   258   710 I SFPerfTracer:      triggers: (rate: 2:81) (67764 sw vsyncs) (0 skipped) (25:149707 vsyncs) (27:232850)
11-26 14:00:40.825  1789 11169 I ActivityManager: Killing 22983:Mono.Android.DebugRuntime/u0a119 (adj 15): empty #7
11-26 14:00:40.922  1789  1811 I DreamManagerService: Entering dreamland.
11-26 14:00:40.923  1789  1811 I PowerManagerService: Dozing...
11-26 14:00:40.925  1789  1805 I DreamController: Starting dream: name=ComponentInfo{com.motorola.motodisplay/com.motorola.motodisplay.DozeService}, isTest=false, canDoze=true, userId=0
11-26 14:00:40.942  1789  1805 I ActivityManager: Start proc 23208:com.motorola.motodisplay/u0a31 for service com.motorola.motodisplay/.DozeService
11-26 14:00:41.091  1789  1803 I ActivityManager: Start proc 23223:com.android.settings/1000 for broadcast com.android.settings/com.motorola.settings.notification.HiddenListenerSettingsReceiver
11-26 14:00:41.098  1789  1789 V NotificationListeners: enabling notification listener for user 0: ComponentInfo{com.motorola.motodisplay/com.motorola.motodisplay.MDNotificationListenerService}
11-26 14:00:41.145 23223 23223 W ContextImpl: Calling a method in the system process without a qualified user: android.app.ContextImpl.startService:1221 android.content.ContextWrapper.startService:581 android.content.ContextWrapper.startService:581 com.motorola.settings.notification.HiddenListenerSettingsReceiver.onReceive:35 android.app.ActivityThread.handleReceiver:2743 
11-26 14:00:41.157  1789  1799 I ActivityManager: Killing 23109:com.google.android.gms/u0a17 (adj 15): empty #7
11-26 14:00:41.427  1789  1803 I ProcessStatsService: Prepared write state in 18ms
11-26 14:00:41.473  1789  1802 I ProcessStatsService: Pruning old procstats: /data/system/procstats/state-2016-11-22-19-29-11.bin
11-26 14:00:45.185  1789  2914 V AlarmManager: sending alarm {599cea5 type 2 *walarm*:com.android.internal.policy.impl.PhoneWindowManager.DELAYED_KEYGUARD}
11-26 14:00:45.196  1789  2914 V AlarmManager: sending alarm {493f3d9 type 3 *alarm*:com.android.server.action.NETWORK_STATS_POLL}
11-26 14:00:45.196  1789  1789 V AlarmManager: done {599cea5, *walarm*:com.android.internal.policy.impl.PhoneWindowManager.DELAYED_KEYGUARD} [12ms]
11-26 14:00:45.234  1789  1789 V AlarmManager: done {493f3d9, *alarm*:com.android.server.action.NETWORK_STATS_POLL} [49ms]
11-26 14:00:45.266  3010  3010 D StatusBarKeyguardViewManager: showKeyguard, but hide Bouncer
11-26 14:01:11.033  1789  2914 V AlarmManager: sending alarm {be5e04d type 3 *alarm*:android.intent.action.TIME_TICK}
11-26 14:01:11.035  1789  2914 V AlarmManager: sending alarm {82fe580 type 2 *walarm*:com.google.android.intent.action.SEND_IDLE}
11-26 14:01:11.035  1789  2914 V AlarmManager: sending alarm {8c88e1e type 3 *alarm*:send_events}
11-26 14:01:11.041  1789  2914 V AlarmManager: sending alarm {718a1b4 type 1 *alarm*:com.droid27.tcw.ACTION_TIME_TICK}
11-26 14:01:11.049  1789  1789 V AlarmManager: done {8c88e1e, *alarm*:send_events} [16ms]
11-26 14:01:11.053  1789  1789 V AlarmManager: done {82fe580, *walarm*:com.google.android.intent.action.SEND_IDLE} [19ms]
11-26 14:01:11.053   296  1753 E NetlinkEvent: NetlinkEvent::FindParam(): Parameter 'UID' not found
11-26 14:01:11.100  1789  1789 V AlarmManager: done {718a1b4, *alarm*:com.droid27.tcw.ACTION_TIME_TICK} [67ms]
11-26 14:01:11.173  1789  1789 V AlarmManager: done {be5e04d, *alarm*:android.intent.action.TIME_TICK} [139ms]
11-26 14:01:26.151   296  1753 E NetlinkEvent: NetlinkEvent::FindParam(): Parameter 'UID' not found
11-26 14:01:38.062  1789  2914 V AlarmManager: sending alarm {889b203 type 2 *walarm*:com.motorola.slpc.ALARM_MODALITY}
11-26 14:01:38.066  1789  1789 V AlarmManager: done {889b203, *walarm*:com.motorola.slpc.ALARM_MODALITY} [3ms]
11-26 14:02:17.348  1789  1803 I ActivityManager: Start proc 23288:Mono.Android.DebugRuntime/u0a119 for broadcast Mono.Android.DebugRuntime/com.xamarin.mono.android.PackageVersions
11-26 14:02:17.381  1789  3779 I ActivityManager: Killing 22922:com.google.process.gapps/u0a17 (adj 15): empty #7
11-26 14:02:18.584  1789  1800 I ActivityManager: Force stopping SeniorenApp.SeniorenApp appid=10161 user=0: from pid 23303
11-26 14:02:18.584  1789  1800 I ActivityManager: Killing 23154:SeniorenApp.SeniorenApp/u0a161 (adj 13): stop SeniorenApp.SeniorenApp
11-26 14:02:18.719  1789  4626 W ActivityManager: Spurious death for ProcessRecord{2eb6e2a 0:SeniorenApp.SeniorenApp/u0a161}, curProc for 23154: null
11-26 14:02:21.581  1789  1808 I DisplayManagerService: Display device changed state: "Integriertes Display", DOZE
11-26 14:02:21.773  1789  2916 I PowerManagerService: Waking up from dozing (uid 1000)...
11-26 14:02:21.777  1789  1789 V AlarmManager: sending alarm {be5e04d type 3 *alarm*:android.intent.action.TIME_TICK}
11-26 14:02:21.779  1789  1789 V AlarmManager: sending alarm {718a1b4 type 1 *alarm*:com.droid27.tcw.ACTION_TIME_TICK}
11-26 14:02:21.801  1789  1789 V AlarmManager: done {718a1b4, *alarm*:com.droid27.tcw.ACTION_TIME_TICK} [24ms]
11-26 14:02:21.804  1789  1811 I DreamManagerService: Gently waking up from dream.
11-26 14:02:21.809  1789  1808 I DisplayManagerService: Display device changed state: "Integriertes Display", ON
11-26 14:02:21.810  1789  4627 I DreamManagerService: Leaving dreamland.
11-26 14:02:21.814  1789  1805 I DreamController: Stopping dream: name=ComponentInfo{com.motorola.motodisplay/com.motorola.motodisplay.DozeService}, isTest=false, canDoze=true, userId=0
11-26 14:02:22.015  1789  1789 V AlarmManager: done {be5e04d, *alarm*:android.intent.action.TIME_TICK} [238ms]
11-26 14:02:22.551  1789  2914 V AlarmManager: sending alarm {889b203 type 2 *walarm*:com.motorola.slpc.ALARM_MODALITY}
11-26 14:02:22.554  1789  1789 V AlarmManager: done {889b203, *walarm*:com.motorola.slpc.ALARM_MODALITY} [3ms]
11-26 14:02:23.390   258   258 I SFPerfTracer:      triggers: (rate: 27:2644) (compose: 9:435) (post: 0:583) (render: 16:876) (19:121454 frames) (20:144504)
11-26 14:02:23.390   258   258 D SFPerfTracer:        layers: (3:15) (FocusedStackFrame (0xb8efb238): 0:1538)* (DimLayer (0xb8ed9f10): 0:216)* (StatusBar (0xb8efd408): 16:20369) (com.android.systemui.ImageWallpaper (0xb8eef4b8): 0:1093) (Sprite (0xb8e66928): 0:16963)* (Sprite (0xb8ebf820): 0:6182)* (Sprite (0xb8eb9ce8): 0:8405)* (Sprite (0xb8effc08): 19:26658) (DimLayer (0xb8ee1c10): 0:12)* (NavigationBar (0xb8ebc3a0): 0:80)- (com.google.android.googlequicksearchbox/com.google.android.launcher.GEL (0xb8ea2420): 0:9)* (ColorFade (0xb8eead68): 0:31)- ( (0xb8f037d8): 0:6)- 
11-26 14:02:23.516  1789  6257 I ActivityManager: START u0 {act=android.intent.action.MAIN cat=[android.intent.category.LAUNCHER] flg=0x10000000 cmp=SeniorenApp.SeniorenApp/md54259e6513023dd8c68a5505c80f1ae41.MainActivity} from uid 2000 on display 0
11-26 14:02:23.537  1789  6257 I ActivityManager: Start proc 23389:SeniorenApp.SeniorenApp/u0a161 for activity SeniorenApp.SeniorenApp/md54259e6513023dd8c68a5505c80f1ae41.MainActivity
11-26 14:02:23.821   258   710 I SFPerfTracer:      triggers: (rate: 2:81) (67800 sw vsyncs) (0 skipped) (38:149772 vsyncs) (40:232957)
11-26 14:02:23.877  1789  4627 I WindowManager: Screenshot max retries 4 of Token{6e1e391 ActivityRecord{14589b8 u0 SeniorenApp.SeniorenApp/md54259e6513023dd8c68a5505c80f1ae41.MainActivity t99}} appWin=Window{176a0fc u0 Starting SeniorenApp.SeniorenApp} drawState=4
11-26 14:02:24.378  1789  1803 W ActivityManager: Activity pause timeout for ActivityRecord{14589b8 u0 SeniorenApp.SeniorenApp/md54259e6513023dd8c68a5505c80f1ae41.MainActivity t99}
11-26 14:02:25.059   296  1753 E NetlinkEvent: NetlinkEvent::FindParam(): Parameter 'UID' not found
11-26 14:02:25.081  1789  4627 I ActivityManager: Start proc 23411:com.google.android.gms/u0a17 for service com.google.android.gms/.chimera.GmsIntentOperationService
11-26 14:02:25.231 23223 23223 W ContextImpl: Calling a method in the system process without a qualified user: android.app.ContextImpl.startService:1221 android.content.ContextWrapper.startService:581 android.content.ContextWrapper.startService:581 com.motorola.settings.notification.HiddenListenerSettingsReceiver.onReceive:35 android.app.ActivityThread.handleReceiver:2743 
11-26 14:02:25.261  1789  1789 V NotificationListeners: disabling notification listener for user 0: ComponentInfo{com.motorola.motodisplay/com.motorola.motodisplay.MDNotificationListenerService}
11-26 14:02:25.303  1789 11169 I ActivityManager: Start proc 23428:com.google.process.gapps/u0a17 for content provider com.google.android.gsf/.gservices.GservicesProvider
11-26 14:02:25.340   258   258 I SFPerfTracer:      triggers: (rate: 27:2649) (compose: 9:436) (post: 0:584) (render: 16:879) (6:121539 frames) (7:144609)
11-26 14:02:25.340   258   258 D SFPerfTracer:        layers: (5:14) (FocusedStackFrame (0xb8efb238): 0:1540)* (DimLayer (0xb8ed9f10): 0:216)* (StatusBar (0xb8efd408): 2:20467) (com.android.systemui.ImageWallpaper (0xb8eef4b8): 7:1102) (Sprite (0xb8e66928): 0:16992)* (Sprite (0xb8ebf820): 0:6182)* (Sprite (0xb8eb9ce8): 0:8405)* (Sprite (0xb8effc08): 0:26699)* (DimLayer (0xb8ee1c10): 0:13) (com.google.android.googlequicksearchbox/com.google.android.launcher.GEL (0xb8ea2420): 0:9)- (NavigationBar (0xb8ebc3a0): 3:10) (Starting SeniorenApp.SeniorenApp (0xb8eead68): 7:12) 
11-26 14:02:25.832   258   258 I SFPerfTracer:      triggers: (rate: 27:2650) (compose: 9:436) (post: 0:585) (render: 16:881) (14:121561 frames) (15:144634)
11-26 14:02:25.832   258   258 D SFPerfTracer:        layers: (3:13) (FocusedStackFrame (0xb8efb238): 0:1540)* (DimLayer (0xb8ed9f10): 0:216)* (StatusBar (0xb8efd408): 2:20476) (com.android.systemui.ImageWallpaper (0xb8eef4b8): 1:1105)* (Sprite (0xb8e66928): 0:16992)* (Sprite (0xb8ebf820): 0:6182)* (Sprite (0xb8eb9ce8): 0:8405)* (Sprite (0xb8effc08): 0:26699)* (DimLayer (0xb8ee1c10): 0:14)* (NavigationBar (0xb8ebc3a0): 13:26) (Starting SeniorenApp.SeniorenApp (0xb8eead68): 0:22) 
11-26 14:02:26.178  1789  2954 D WifiService: New client listening to asynchronous messages
11-26 14:02:26.622   258   710 I SFPerfTracer:      triggers: (rate: 2:81) (67800 sw vsyncs) (0 skipped) (31:149895 vsyncs) (33:233088)
11-26 14:02:26.644  1789  3443 I ActivityManager: Activity reported stop, but no longer stopping: ActivityRecord{14589b8 u0 SeniorenApp.SeniorenApp/md54259e6513023dd8c68a5505c80f1ae41.MainActivity t99}
11-26 14:02:26.693  1789  1808 I LaunchCheckinHandler: Displayed SeniorenApp.SeniorenApp/md54259e6513023dd8c68a5505c80f1ae41.MainActivity,cp,ca,3175
11-26 14:02:27.341  1789  6032 I ActivityManager: START u0 {cmp=SeniorenApp.SeniorenApp/md54259e6513023dd8c68a5505c80f1ae41.ContactList} from uid 10161 on display 0
11-26 14:02:30.931  1789  2955 D ConnectivityService: notifyType CAP_CHANGED for NetworkAgentInfo [WIFI () - 113]
11-26 14:02:32.788  1789 11169 I ActivityManager: Killing 22900:com.google.android.googlequicksearchbox:search/u0a46 (adj 15): empty #7
11-26 14:02:32.852  1789  2954 D WifiService: Client connection lost with reason: 4
11-26 14:02:37.351  1789  1803 W ActivityManager: Launch timeout has expired, giving up wake lock!
11-26 14:02:37.622   258   710 I SFPerfTracer:      triggers: (rate: 2:81) (67800 sw vsyncs) (0 skipped) (315:150224 vsyncs) (317:233425)
11-26 14:02:40.150   296  1753 E NetlinkEvent: NetlinkEvent::FindParam(): Parameter 'UID' not found
11-26 14:02:48.665  1789  1808 I LaunchCheckinHandler: cleanup(): cleared. Last call was 21304 ms ago
11-26 14:02:48.669  1789  1803 I ActivityManager: Killing 22886:com.motorola.context/u0a103 (adj 15): empty #7
11-26 14:02:52.877   258   258 I SFPerfTracer:      triggers: (rate: 27:2655) (compose: 9:436) (post: 0:585) (render: 16:881) (27:121638 frames) (28:144742)
11-26 14:02:52.877   258   258 D SFPerfTracer:        layers: (4:15) (FocusedStackFrame (0xb8efb238): 0:1544)* (DimLayer (0xb8ed9f10): 0:216)* (StatusBar (0xb8efd408): 0:20482) (com.android.systemui.ImageWallpaper (0xb8eef4b8): 0:1106)* (Sprite (0xb8e66928): 0:16992)* (Sprite (0xb8ebf820): 0:6182)* (Sprite (0xb8eb9ce8): 0:8405)* (Sprite (0xb8effc08): 27:26740) (DimLayer (0xb8ee1c10): 0:16)* (NavigationBar (0xb8ebc3a0): 0:26) (Starting SeniorenApp.SeniorenApp (0xb8eead68): 0:34)- (SeniorenApp.SeniorenApp/md54259e6513023dd8c68a5505c80f1ae41.MainActivity (0xb8ea2420): 0:22)- (SeniorenApp.SeniorenApp/md54259e6513023dd8c68a5505c80f1ae41.ContactList (0xb8eead68): 23:41) 
11-26 14:02:54.856   258   710 I SFPerfTracer:      triggers: (rate: 2:81) (67800 sw vsyncs) (0 skipped) (79:150365 vsyncs) (81:233586)
11-26 14:02:54.913   258   258 I SFPerfTracer:      triggers: (rate: 27:2656) (compose: 9:436) (post: 0:585) (render: 16:881) (62:121754 frames) (63:144861)
11-26 14:02:54.913   258   258 D SFPerfTracer:        layers: (3:13) (FocusedStackFrame (0xb8efb238): 0:1544)* (DimLayer (0xb8ed9f10): 0:216)* (StatusBar (0xb8efd408): 0:20482) (com.android.systemui.ImageWallpaper (0xb8eef4b8): 0:1106)* (Sprite (0xb8e66928): 0:16992)* (Sprite (0xb8ebf820): 0:6182)* (Sprite (0xb8eb9ce8): 0:8405)* (Sprite (0xb8effc08): 1:26761)* (DimLayer (0xb8ee1c10): 0:16)* (NavigationBar (0xb8ebc3a0): 0:26) (SeniorenApp.SeniorenApp/md54259e6513023dd8c68a5505c80f1ae41.ContactList (0xb8eead68): 63:159) 
11-26 14:02:57.027   258   258 I SFPerfTracer:      triggers: (rate: 27:2656) (compose: 9:436) (post: 0:585) (render: 16:881) (28:121851 frames) (29:144964)
11-26 14:02:57.028   258   258 D SFPerfTracer:        layers: (4:13) (FocusedStackFrame (0xb8efb238): 0:1544)* (DimLayer (0xb8ed9f10): 0:216)* (StatusBar (0xb8efd408): 1:20483) (com.android.systemui.ImageWallpaper (0xb8eef4b8): 0:1106)* (Sprite (0xb8e66928): 0:16992)* (Sprite (0xb8ebf820): 0:6182)* (Sprite (0xb8eb9ce8): 0:8405)* (Sprite (0xb8effc08): 19:26814) (DimLayer (0xb8ee1c10): 0:16)* (NavigationBar (0xb8ebc3a0): 0:26) (SeniorenApp.SeniorenApp/md54259e6513023dd8c68a5505c80f1ae41.ContactList (0xb8eead68): 28:257) 
11-26 14:02:57.307   258   710 I SFPerfTracer:      triggers: (rate: 2:81) (67800 sw vsyncs) (0 skipped) (15:150469 vsyncs) (17:233701)
11-26 14:02:59.748   258   258 I SFPerfTracer:      triggers: (rate: 27:2658) (compose: 9:436) (post: 0:585) (render: 16:881) (28:121940 frames) (29:145065)
11-26 14:02:59.748   258   258 D SFPerfTracer:        layers: (3:13) (FocusedStackFrame (0xb8efb238): 0:1544)* (DimLayer (0xb8ed9f10): 0:216)* (StatusBar (0xb8efd408): 0:20483) (com.android.systemui.ImageWallpaper (0xb8eef4b8): 0:1106)* (Sprite (0xb8e66928): 0:16992)* (Sprite (0xb8ebf820): 0:6182)* (Sprite (0xb8eb9ce8): 0:8405)* (Sprite (0xb8effc08): 1:26875)* (DimLayer (0xb8ee1c10): 0:16)* (NavigationBar (0xb8ebc3a0): 0:26) (SeniorenApp.SeniorenApp/md54259e6513023dd8c68a5505c80f1ae41.ContactList (0xb8eead68): 28:317) 
11-26 14:03:00.000  1789  2914 V AlarmManager: sending alarm {be5e04d type 3 *alarm*:android.intent.action.TIME_TICK}
11-26 14:03:00.002  1789  2914 V AlarmManager: sending alarm {718a1b4 type 1 *alarm*:com.droid27.tcw.ACTION_TIME_TICK}
11-26 14:03:00.040  1789  1789 V AlarmManager: done {718a1b4, *alarm*:com.droid27.tcw.ACTION_TIME_TICK} [40ms]
11-26 14:03:00.066  1789  1789 V AlarmManager: done {be5e04d, *alarm*:android.intent.action.TIME_TICK} [66ms]
11-26 14:03:02.759   258   710 I SFPerfTracer:      triggers: (rate: 2:81) (67800 sw vsyncs) (0 skipped) (96:150565 vsyncs) (98:233805)
11-26 14:03:04.914   258   258 I SFPerfTracer:      triggers: (rate: 27:2658) (compose: 9:436) (post: 0:585) (render: 16:881) (63:122067 frames) (64:145199)
11-26 14:03:04.915   258   258 D SFPerfTracer:        layers: (3:13) (FocusedStackFrame (0xb8efb238): 0:1544)* (DimLayer (0xb8ed9f10): 0:216)* (StatusBar (0xb8efd408): 0:20488) (com.android.systemui.ImageWallpaper (0xb8eef4b8): 0:1106)* (Sprite (0xb8e66928): 0:16992)* (Sprite (0xb8ebf820): 0:6182)* (Sprite (0xb8eb9ce8): 0:8405)* (Sprite (0xb8effc08): 1:26908)* (DimLayer (0xb8ee1c10): 0:16)* (NavigationBar (0xb8ebc3a0): 0:26) (SeniorenApp.SeniorenApp/md54259e6513023dd8c68a5505c80f1ae41.ContactList (0xb8eead68): 64:444) 
11-26 14:03:08.757   258   710 I SFPerfTracer:      triggers: (rate: 2:81) (67800 sw vsyncs) (0 skipped) (53:150683 vsyncs) (55:233936)
11-26 14:03:09.632   258   258 I SFPerfTracer:      triggers: (rate: 27:2658) (compose: 9:436) (post: 0:585) (render: 16:881) (49:122172 frames) (50:145308)
11-26 14:03:09.632   258   258 D SFPerfTracer:        layers: (4:13) (FocusedStackFrame (0xb8efb238): 0:1544)* (DimLayer (0xb8ed9f10): 0:216)* (StatusBar (0xb8efd408): 0:20488) (com.android.systemui.ImageWallpaper (0xb8eef4b8): 0:1106)* (Sprite (0xb8e66928): 0:16992)* (Sprite (0xb8ebf820): 0:6182)* (Sprite (0xb8eb9ce8): 0:8405)* (Sprite (0xb8effc08): 49:26979) (DimLayer (0xb8ee1c10): 0:16)* (NavigationBar (0xb8ebc3a0): 0:26) (SeniorenApp.SeniorenApp/md54259e6513023dd8c68a5505c80f1ae41.ContactList (0xb8eead68): 49:546) 
11-26 14:03:10.774   258   710 I SFPerfTracer:      triggers: (rate: 2:81) (67800 sw vsyncs) (0 skipped) (28:150792 vsyncs) (30:234053)
11-26 14:03:11.658   258   258 I SFPerfTracer:      triggers: (rate: 27:2658) (compose: 9:436) (post: 0:585) (render: 16:881) (25:122285 frames) (26:145426)
11-26 14:03:11.658   258   258 D SFPerfTracer:        layers: (3:13) (FocusedStackFrame (0xb8efb238): 0:1544)* (DimLayer (0xb8ed9f10): 0:216)* (StatusBar (0xb8efd408): 0:20488) (com.android.systemui.ImageWallpaper (0xb8eef4b8): 0:1106)* (Sprite (0xb8e66928): 0:16992)* (Sprite (0xb8ebf820): 0:6182)* (Sprite (0xb8eb9ce8): 0:8405)* (Sprite (0xb8effc08): 1:27020)* (DimLayer (0xb8ee1c10): 0:16)* (NavigationBar (0xb8ebc3a0): 0:26) (SeniorenApp.SeniorenApp/md54259e6513023dd8c68a5505c80f1ae41.ContactList (0xb8eead68): 26:663) 
11-26 14:03:11.687  1789  2915 I ActivityManager: START u0 {act=android.intent.action.MAIN cat=[android.intent.category.HOME] flg=0x10200000 cmp=com.google.android.googlequicksearchbox/com.google.android.launcher.GEL (has extras)} from uid 1000 on display 0
11-26 14:03:11.687  1789  2915 I ActivityManager: moveHomeStack, setupComplete:true
11-26 14:03:11.828  1789  3015 I ActivityManager: Start proc 23477:com.google.android.googlequicksearchbox:search/u0a46 for service com.google.android.googlequicksearchbox/com.google.android.apps.gsa.search.core.service.SearchService
11-26 14:03:11.868  1789  1808 I LaunchCheckinHandler: Displayed com.google.android.googlequicksearchbox/com.google.android.launcher.GEL,wp,wa,180
11-26 14:03:12.108   258   258 I SFPerfTracer:      triggers: (rate: 27:2658) (compose: 9:436) (post: 0:586) (render: 16:881) (11:122305 frames) (12:145453)
11-26 14:03:12.108   258   258 D SFPerfTracer:        layers: (5:14) (FocusedStackFrame (0xb8efb238): 0:1546)* (DimLayer (0xb8ed9f10): 0:216)* (StatusBar (0xb8efd408): 11:20500) (com.android.systemui.ImageWallpaper (0xb8eef4b8): 0:1107) (Sprite (0xb8e66928): 0:16992)* (Sprite (0xb8ebf820): 0:6182)* (Sprite (0xb8eb9ce8): 0:8405)* (Sprite (0xb8effc08): 1:27033)* (DimLayer (0xb8ee1c10): 0:16)* (NavigationBar (0xb8ebc3a0): 12:51) (SeniorenApp.SeniorenApp/md54259e6513023dd8c68a5505c80f1ae41.ContactList (0xb8eead68): 12:683) (com.google.android.googlequicksearchbox/com.google.android.launcher.GEL (0xb8f037d8): 0:4) 
11-26 14:03:12.342  1789  2954 D WifiService: New client listening to asynchronous messages
11-26 14:03:12.425  1789  4627 I ActivityManager: Start proc 23498:com.google.android.partnersetup/u0a20 for content provider com.google.android.partnersetup/.RlzAppProvider
11-26 14:03:15.311  1789  1799 I ActivityManager: Force stopping SeniorenApp.SeniorenApp appid=10161 user=0: from pid 23524
11-26 14:03:15.312  1789  1799 I ActivityManager: Killing 23389:SeniorenApp.SeniorenApp/u0a161 (adj 7): stop SeniorenApp.SeniorenApp
11-26 14:03:15.471  1789  3975 I WindowState: WIN DEATH: Window{84888de u0 SeniorenApp.SeniorenApp/md54259e6513023dd8c68a5505c80f1ae41.MainActivity}
11-26 14:03:15.477  1789 21620 I WindowState: WIN DEATH: Window{29dd490 u0 SeniorenApp.SeniorenApp/md54259e6513023dd8c68a5505c80f1ae41.ContactList}
11-26 14:03:15.482  1789  1799 I ActivityManager:   Force finishing activity ActivityRecord{14589b8 u0 SeniorenApp.SeniorenApp/md54259e6513023dd8c68a5505c80f1ae41.MainActivity t99}
11-26 14:03:15.483  1789  1799 I ActivityManager:   Force finishing activity ActivityRecord{b0fa3db u0 SeniorenApp.SeniorenApp/md54259e6513023dd8c68a5505c80f1ae41.ContactList t99}
11-26 14:03:15.507  1789  1803 I ActivityManager: Start proc 23535:com.motorola.context/u0a103 for broadcast com.motorola.context/.receiver.PackageReplaceReceiver
11-26 14:03:15.507  1789  4627 W ActivityManager: Spurious death for ProcessRecord{9d83452 0:SeniorenApp.SeniorenApp/u0a161}, curProc for 23389: null
11-26 14:03:33.154  1789  1803 I ActivityManager: Killing 23223:com.android.settings/1000 (adj 13): empty #7
11-26 14:03:33.213  1789  1803 I ActivityManager: Killing 23411:com.google.android.gms/u0a17 (adj 15): empty #8
11-26 14:03:33.352  1789  2954 D WifiService: Client connection lost with reason: 4
11-26 14:03:33.364  1789  4627 I ActivityManager: Killing 23208:com.motorola.motodisplay/u0a31 (adj 13): empty #7
11-26 14:03:38.143  1789  6283 I ActivityManager: START u0 {act=android.intent.action.MAIN cat=[android.intent.category.LAUNCHER] flg=0x10000000 cmp=SeniorenApp.SeniorenApp/md54259e6513023dd8c68a5505c80f1ae41.MainActivity} from uid 2000 on display 0
11-26 14:03:38.180  1789 11169 I ActivityManager: Start proc 23645:SeniorenApp.SeniorenApp/u0a161 for activity SeniorenApp.SeniorenApp/md54259e6513023dd8c68a5505c80f1ae41.MainActivity
11-26 14:03:40.709   258   710 I SFPerfTracer:      triggers: (rate: 2:81) (67800 sw vsyncs) (0 skipped) (27:150908 vsyncs) (29:234182)
11-26 14:03:40.777  1789  1808 I LaunchCheckinHandler: Displayed SeniorenApp.SeniorenApp/md54259e6513023dd8c68a5505c80f1ae41.MainActivity,cp,ca,2626
11-26 14:03:40.866  1789  4626 I ActivityManager: Killing 21729:android.process.acore/u0a8 (adj 9): empty #7
11-26 14:03:40.935  1789  1800 I ActivityManager: Killing 22263:com.android.contacts/u0a8 (adj 9): depends on provider com.android.providers.contacts/.ContactsProvider2 in dying proc android.process.acore
11-26 14:03:41.001  1789 21620 I WindowState: WIN DEATH: Window{3c2e65b u0 com.android.contacts/com.android.contacts.activities.PeopleActivity}
11-26 14:03:41.632  1789  6257 I ActivityManager: START u0 {cmp=SeniorenApp.SeniorenApp/md54259e6513023dd8c68a5505c80f1ae41.ContactList} from uid 10161 on display 0
11-26 14:03:41.783  1789  6283 I ActivityManager: Start proc 23668:android.process.acore/u0a8 for content provider com.android.providers.contacts/.ContactsProvider2
11-26 14:03:44.016  1789  1808 I LaunchCheckinHandler: Displayed SeniorenApp.SeniorenApp/md54259e6513023dd8c68a5505c80f1ae41.ContactList,wp,ca,2374
11-26 14:03:44.260   258   258 I SFPerfTracer:      triggers: (rate: 27:2658) (compose: 9:436) (post: 0:586) (render: 16:881) (12:122373 frames) (13:145555)
11-26 14:03:44.260   258   258 D SFPerfTracer:        layers: (5:17) (FocusedStackFrame (0xb8efb238): 1:1557)* (DimLayer (0xb8ed9f10): 0:216)* (StatusBar (0xb8efd408): 1:20530) (com.android.systemui.ImageWallpaper (0xb8eef4b8): 0:1108)* (Sprite (0xb8e66928): 0:16992)* (Sprite (0xb8ebf820): 0:6182)* (Sprite (0xb8eb9ce8): 0:8405)* (Sprite (0xb8effc08): 0:27046)* (DimLayer (0xb8ee1c10): 1:19) (NavigationBar (0xb8ebc3a0): 0:68) (SeniorenApp.SeniorenApp/md54259e6513023dd8c68a5505c80f1ae41.ContactList (0xb8eead68): 0:695)- (com.google.android.googlequicksearchbox/com.google.android.launcher.GEL (0xb8f037d8): 0:9)- (Starting SeniorenApp.SeniorenApp (0xb8ea2420): 0:39)- (SeniorenApp.SeniorenApp/md54259e6513023dd8c68a5505c80f1ae41.MainActivity (0xb8f037d8): 13:20) (SeniorenApp.SeniorenApp/md54259e6513023dd8c68a5505c80f1ae41.ContactList (0xb8ea2420): 13:16) 
11-26 14:03:45.176   258   710 I SFPerfTracer:      triggers: (rate: 2:81) (67800 sw vsyncs) (0 skipped) (164:151085 vsyncs) (166:234367)
11-26 14:03:46.901   258   258 I SFPerfTracer:      triggers: (rate: 27:2658) (compose: 9:436) (post: 0:586) (render: 16:881) (16:122469 frames) (17:145659)
11-26 14:03:46.902   258   258 D SFPerfTracer:        layers: (3:14) (FocusedStackFrame (0xb8efb238): 0:1558)* (DimLayer (0xb8ed9f10): 0:216)* (StatusBar (0xb8efd408): 0:20530) (com.android.systemui.ImageWallpaper (0xb8eef4b8): 0:1108)* (Sprite (0xb8e66928): 0:16992)* (Sprite (0xb8ebf820): 0:6182)* (Sprite (0xb8eb9ce8): 0:8405)* (Sprite (0xb8effc08): 1:27105)* (DimLayer (0xb8ee1c10): 0:20)* (NavigationBar (0xb8ebc3a0): 0:68) (SeniorenApp.SeniorenApp/md54259e6513023dd8c68a5505c80f1ae41.MainActivity (0xb8f037d8): 0:21)- (SeniorenApp.SeniorenApp/md54259e6513023dd8c68a5505c80f1ae41.ContactList (0xb8ea2420): 17:109) 
11-26 14:03:48.026   258   710 I SFPerfTracer:      triggers: (rate: 2:81) (67800 sw vsyncs) (0 skipped) (67:151235 vsyncs) (69:234525)
11-26 14:03:48.661   258   258 I SFPerfTracer:      triggers: (rate: 27:2658) (compose: 9:436) (post: 0:586) (render: 16:881) (29:122572 frames) (30:145765)
11-26 14:03:48.661   258   258 D SFPerfTracer:        layers: (4:13) (FocusedStackFrame (0xb8efb238): 0:1558)* (DimLayer (0xb8ed9f10): 0:216)* (StatusBar (0xb8efd408): 0:20530) (com.android.systemui.ImageWallpaper (0xb8eef4b8): 0:1108)* (Sprite (0xb8e66928): 0:16992)* (Sprite (0xb8ebf820): 0:6182)* (Sprite (0xb8eb9ce8): 0:8405)* (Sprite (0xb8effc08): 29:27192) (DimLayer (0xb8ee1c10): 0:20)* (NavigationBar (0xb8ebc3a0): 0:68) (SeniorenApp.SeniorenApp/md54259e6513023dd8c68a5505c80f1ae41.ContactList (0xb8ea2420): 29:213) 
11-26 14:03:50.143   258   710 I SFPerfTracer:      triggers: (rate: 2:81) (67800 sw vsyncs) (0 skipped) (32:151344 vsyncs) (34:234646)
11-26 14:03:50.799  1789  2914 V AlarmManager: sending alarm {62cd6ba type 3 *alarm*:send_events}
11-26 14:03:50.806  1789  1789 V AlarmManager: done {62cd6ba, *alarm*:send_events} [7ms]
11-26 14:03:50.851   258   258 I SFPerfTracer:      triggers: (rate: 27:2659) (compose: 9:436) (post: 0:586) (render: 16:881) (43:122690 frames) (44:145890)
11-26 14:03:50.851   258   258 D SFPerfTracer:        layers: (3:13) (FocusedStackFrame (0xb8efb238): 0:1558)* (DimLayer (0xb8ed9f10): 0:216)* (StatusBar (0xb8efd408): 0:20530) (com.android.systemui.ImageWallpaper (0xb8eef4b8): 0:1108)* (Sprite (0xb8e66928): 0:16992)* (Sprite (0xb8ebf820): 0:6182)* (Sprite (0xb8eb9ce8): 0:8405)* (Sprite (0xb8effc08): 1:27254)* (DimLayer (0xb8ee1c10): 0:20)* (NavigationBar (0xb8ebc3a0): 0:68) (SeniorenApp.SeniorenApp/md54259e6513023dd8c68a5505c80f1ae41.ContactList (0xb8ea2420): 44:334) 
11-26 14:03:50.941  1789  2915 I ActivityManager: START u0 {act=android.intent.action.MAIN cat=[android.intent.category.HOME] flg=0x10200000 cmp=com.google.android.googlequicksearchbox/com.google.android.launcher.GEL (has extras)} from uid 1000 on display 0
11-26 14:03:50.942  1789  2915 I ActivityManager: moveHomeStack, setupComplete:true
11-26 14:03:51.103  1789  1808 I LaunchCheckinHandler: Displayed com.google.android.googlequicksearchbox/com.google.android.launcher.GEL,wp,wa,162
11-26 14:03:51.709  1789  2916 I PowerManagerService: Going to sleep due to power button (uid 1000)...
11-26 14:03:52.216  1789  1808 I DisplayManagerService: Display device changed state: "Integriertes Display", OFF
11-26 14:03:52.249   258   710 I SFPerfTracer:      triggers: (rate: 2:81) (67801 sw vsyncs) (0 skipped) (24:151440 vsyncs) (26:234751)
11-26 14:03:52.401  1789  1811 I DreamManagerService: Entering dreamland.
11-26 14:03:52.402  1789  1811 I PowerManagerService: Dozing...
11-26 14:03:52.402  1789  1805 I DreamController: Starting dream: name=ComponentInfo{com.motorola.motodisplay/com.motorola.motodisplay.DozeService}, isTest=false, canDoze=true, userId=0
11-26 14:03:52.414  1789  1805 I ActivityManager: Start proc 23699:com.motorola.motodisplay/u0a31 for service com.motorola.motodisplay/.DozeService
11-26 14:03:52.541  1789  1803 I ActivityManager: Start proc 23714:com.android.settings/1000 for broadcast com.android.settings/com.motorola.settings.notification.HiddenListenerSettingsReceiver
11-26 14:03:52.549  1789  1789 V NotificationListeners: enabling notification listener for user 0: ComponentInfo{com.motorola.motodisplay/com.motorola.motodisplay.MDNotificationListenerService}
11-26 14:03:52.595 23714 23714 W ContextImpl: Calling a method in the system process without a qualified user: android.app.ContextImpl.startService:1221 android.content.ContextWrapper.startService:581 android.content.ContextWrapper.startService:581 com.motorola.settings.notification.HiddenListenerSettingsReceiver.onReceive:35 android.app.ActivityThread.handleReceiver:2743 
11-26 14:03:52.607  1789 11169 I ActivityManager: Killing 21925:com.droid27.transparentclockweather/u0a113 (adj 15): empty #7
11-26 14:03:52.875  3010  3010 D StatusBarKeyguardViewManager: showKeyguard, but hide Bouncer
11-26 14:03:54.743  1789  3443 I ActivityManager: Force stopping SeniorenApp.SeniorenApp appid=10161 user=0: from pid 23740
11-26 14:03:54.744  1789  3443 I ActivityManager: Killing 23645:SeniorenApp.SeniorenApp/u0a161 (adj 7): stop SeniorenApp.SeniorenApp
11-26 14:03:54.791  1789 11170 I WindowState: WIN DEATH: Window{d30f7b0 u0 SeniorenApp.SeniorenApp/md54259e6513023dd8c68a5505c80f1ae41.ContactList}
11-26 14:03:54.795  1789  4627 I WindowState: WIN DEATH: Window{fca72ac u0 SeniorenApp.SeniorenApp/md54259e6513023dd8c68a5505c80f1ae41.MainActivity}
11-26 14:03:54.802  1789  3443 I ActivityManager:   Force finishing activity ActivityRecord{2b25602 u0 SeniorenApp.SeniorenApp/md54259e6513023dd8c68a5505c80f1ae41.MainActivity t100}
11-26 14:03:54.803  1789  3443 I ActivityManager:   Force finishing activity ActivityRecord{35449f1 u0 SeniorenApp.SeniorenApp/md54259e6513023dd8c68a5505c80f1ae41.ContactList t100}
11-26 14:03:54.810  1789  6283 W ActivityManager: Spurious death for ProcessRecord{b47e5ce 0:SeniorenApp.SeniorenApp/u0a161}, curProc for 23645: null
11-26 14:04:15.950  1789  1803 I ActivityManager: Killing 23498:com.google.android.partnersetup/u0a20 (adj 15): empty #7
11-26 14:04:22.486  1789  2914 V AlarmManager: sending alarm {be5e04d type 3 *alarm*:android.intent.action.TIME_TICK}
11-26 14:04:22.487  1789  2914 V AlarmManager: sending alarm {82fe580 type 2 *walarm*:com.google.android.intent.action.SEND_IDLE}
11-26 14:04:22.490  1789  2914 V AlarmManager: sending alarm {718a1b4 type 1 *alarm*:com.droid27.tcw.ACTION_TIME_TICK}
11-26 14:04:22.491  1789  2914 V AlarmManager: sending alarm {332ea85 type 3 *alarm*:send_events}
11-26 14:04:22.498   296  1753 E NetlinkEvent: NetlinkEvent::FindParam(): Parameter 'UID' not found
11-26 14:04:22.499  1789  1789 V AlarmManager: done {332ea85, *alarm*:send_events} [13ms]
11-26 14:04:22.499  1789  1789 V AlarmManager: done {82fe580, *walarm*:com.google.android.intent.action.SEND_IDLE} [13ms]
11-26 14:04:22.518  1789 11170 I ActivityManager: Start proc 23761:com.droid27.transparentclockweather/u0a113 for broadcast com.droid27.transparentclockweather/.Widget_2x1
11-26 14:04:22.650  1789  1789 V AlarmManager: done {be5e04d, *alarm*:android.intent.action.TIME_TICK} [165ms]
11-26 14:04:22.714  1789  3779 I ActivityManager: Start proc 23776:com.google.android.gms/u0a17 for service com.google.android.gms/.measurement.service.MeasurementBrokerService
11-26 14:04:22.714  1789  1789 V AlarmManager: done {718a1b4, *alarm*:com.droid27.tcw.ACTION_TIME_TICK} [228ms]
11-26 14:04:22.715  1789  1800 I ActivityManager: Killing 23428:com.google.process.gapps/u0a17 (adj 15): empty #7
11-26 14:04:22.923  1789 11169 I ActivityManager: Start proc 23788:com.google.process.gapps/u0a17 for content provider com.google.android.gsf/.gservices.GservicesProvider
11-26 14:04:23.162  1789  3015 I ActivityManager: Killing 23288:Mono.Android.DebugRuntime/u0a119 (adj 15): empty #7
11-26 14:04:30.618  1789  2914 V AlarmManager: sending alarm {5357d1 type 2 *walarm*:com.motorola.slpc.ALARM_ORIENTATION}
11-26 14:04:30.623  1789  1789 V AlarmManager: done {5357d1, *walarm*:com.motorola.slpc.ALARM_ORIENTATION} [5ms]
11-26 14:04:30.651  1789  3779 I PowerManagerService: Waking up from dozing (uid 10031)...
11-26 14:04:30.659  1789  6257 I DreamManagerService: Leaving dreamland.
