12-01 12:10:29.186 20752 20764 D QcrilMsgTunnelSocket: Response ID 525295 is not served in this process.
12-01 12:10:29.186 20752 20764 D QcrilMsgTunnelSocket: To broadcast an Intent via the notifier to external apps
12-01 12:10:29.187 20752 20752 D QcrilMsgTunnelIfaceManager: handleMessage what = 0
12-01 12:10:30.067 10623 10623 E NEW_BHD : Battery Power Supply logging Daemon start!!!!!
12-01 12:10:30.068 10623 10623 E NEW_BHD : Cannot run on production devices!
12-01 12:10:31.903 10350 10573 I Icing   : Scored 2757 usage reports, missing_corpora 0 update_failed 269
12-01 12:10:32.385 10350 10573 I Icing   : Indexing done 87EB4DCA54582247C9A3A3CCF7D62FEEDB22A663
12-01 12:10:32.651 20752 20764 D QcrilMsgTunnelSocket: readRilMessage: Buffer = [B@f82b213 HexData = [010000000404000011000000514f454d484f4f4bef0308000100000003]
12-01 12:10:32.652 20752 20764 D QcrilMsgTunnelSocket: Rcvd UNSOL response with 28 bytes data for SUB0
12-01 12:10:32.652 20752 20764 D QcrilMsgTunnelSocket: Response ID 525295 is not served in this process.
12-01 12:10:32.652 20752 20764 D QcrilMsgTunnelSocket: To broadcast an Intent via the notifier to external apps
12-01 12:10:32.653 20752 20752 D QcrilMsgTunnelIfaceManager: handleMessage what = 0
12-01 12:10:32.842 10350 10573 I art     : Starting a blocking GC Alloc
12-01 12:10:32.842 10350 10573 I art     : Starting a blocking GC Alloc
12-01 12:10:33.681 10350 10573 I art     : Starting a blocking GC Alloc
12-01 12:10:33.681 10350 10573 I art     : Starting a blocking GC Alloc
12-01 12:10:34.122 20752 20764 D QcrilMsgTunnelSocket: readRilMessage: Buffer = [B@f82b213 HexData = [010000000404000011000000514f454d484f4f4bef0308000100000003]
12-01 12:10:34.122 20752 20764 D QcrilMsgTunnelSocket: Rcvd UNSOL response with 28 bytes data for SUB0
12-01 12:10:34.122 20752 20764 D QcrilMsgTunnelSocket: Response ID 525295 is not served in this process.
12-01 12:10:34.122 20752 20764 D QcrilMsgTunnelSocket: To broadcast an Intent via the notifier to external apps
12-01 12:10:34.122 20752 20752 D QcrilMsgTunnelIfaceManager: handleMessage what = 0
12-01 12:10:34.549 10350 10573 I art     : Starting a blocking GC Alloc
12-01 12:10:34.549 10350 10573 I art     : Starting a blocking GC Alloc
12-01 12:10:35.087 10639 10639 E NEW_BHD : Battery Power Supply logging Daemon start!!!!!
12-01 12:10:35.087 10639 10639 E NEW_BHD : Cannot run on production devices!
12-01 12:10:35.402 10350 10573 I art     : Starting a blocking GC Alloc
12-01 12:10:35.402 10350 10573 I art     : Starting a blocking GC Alloc
12-01 12:10:36.277 10350 10573 I art     : Starting a blocking GC Alloc
12-01 12:10:36.277 10350 10573 I art     : Starting a blocking GC Alloc
12-01 12:10:36.703  1787  1796 I art     : Background partial concurrent mark sweep GC freed 21829(2MB) AllocSpace objects, 0(0B) LOS objects, 19% free, 27MB/34MB, paused 1.795ms total 115.609ms
12-01 12:10:37.200 10350 10573 I art     : Starting a blocking GC Alloc
12-01 12:10:37.200 10350 10573 I art     : Starting a blocking GC Alloc
12-01 12:10:37.983 10350 10573 I Icing   : Indexing done F60AA1C8723FA14F31FFC64CAE4C2C0177F51810
12-01 12:10:38.794 10350 10573 I art     : Starting a blocking GC Alloc
12-01 12:10:38.794 10350 10573 I art     : Starting a blocking GC Alloc
12-01 12:10:39.176 10479 10599 I art     : Waiting for a blocking GC DisableMovingGc
12-01 12:10:39.178 10479 10599 I art     : Starting a blocking GC DisableMovingGc
12-01 12:10:39.355   305  1751 E NetlinkEvent: NetlinkEvent::FindParam(): Parameter 'UID' not found
12-01 12:10:40.106 10641 10641 E NEW_BHD : Battery Power Supply logging Daemon start!!!!!
12-01 12:10:40.107 10641 10641 E NEW_BHD : Cannot run on production devices!
12-01 12:10:43.015 10350 10573 I Icing   : Indexing done 09FD47E01453E13615E5F6A1FC1C8D6338DEDAF7
12-01 12:10:43.015 10350 10573 I Icing   : Removing corpus key 796ADFDD20FFB17FBA9553997E8D714143DD57F3 for package com.google.android.gms
12-01 12:10:43.162 10350 10573 I Icing   : Flash index sort hb 6208 prefix-hits 30050 -> 29836 at 133.945ms
12-01 12:10:45.126 10643 10643 E NEW_BHD : Battery Power Supply logging Daemon start!!!!!
12-01 12:10:45.126 10643 10643 E NEW_BHD : Cannot run on production devices!
12-01 12:10:48.031 10350 10573 I Icing   : Scored 2757 usage reports, missing_corpora 0 update_failed 269
12-01 12:10:48.325 10350 10573 I Icing   : Usage reports 0 indexed 0 rejected 0 imm upload false
12-01 12:10:48.329 10350 10573 I Icing   : Indexing 4E21FEDBDDCC9DA96DD815E1AD395CC4D734894B from com.google.android.gms
12-01 12:10:48.335 10350 10573 I Icing   : Indexing done 4E21FEDBDDCC9DA96DD815E1AD395CC4D734894B
12-01 12:10:50.147 10644 10644 E NEW_BHD : Battery Power Supply logging Daemon start!!!!!
12-01 12:10:50.147 10644 10644 E NEW_BHD : Cannot run on production devices!
12-01 12:10:53.245 10479 10599 I art     : Waiting for a blocking GC DisableMovingGc
12-01 12:10:53.245 10479 10599 I art     : Starting a blocking GC DisableMovingGc
12-01 12:10:53.759 10350 10573 I Icing   : Indexing 796ADFDD20FFB17FBA9553997E8D714143DD57F3 from com.google.android.gms
12-01 12:10:53.763 10350 10573 I Icing   : Indexing done 796ADFDD20FFB17FBA9553997E8D714143DD57F3
12-01 12:10:53.767 10350 10573 I Icing   : Indexing done 1783CA4D0AA1B5D9AB5F923A238B0AEC99DB73FB
12-01 12:10:53.771 10350 10573 I Icing   : Indexing done B1894D72D5B376ED54F78A95DC850C79CC750C92
12-01 12:10:54.535 10479 10489 I art     : Waiting for a blocking GC DisableMovingGc
12-01 12:10:54.536 10479 10489 I art     : Starting a blocking GC DisableMovingGc
12-01 12:10:55.165 10646 10646 E NEW_BHD : Battery Power Supply logging Daemon start!!!!!
12-01 12:10:55.167 10646 10646 E NEW_BHD : Cannot run on production devices!
12-01 12:10:55.516  1787  1796 I art     : Background partial concurrent mark sweep GC freed 55047(8MB) AllocSpace objects, 0(0B) LOS objects, 19% free, 23MB/29MB, paused 1.991ms total 101.210ms
12-01 12:10:57.062 10479 10597 I art     : Waiting for a blocking GC DisableMovingGc
12-01 12:10:57.066 10479 10597 I art     : Starting a blocking GC DisableMovingGc
12-01 12:10:58.542 10479 10642 I art     : Waiting for a blocking GC DisableMovingGc
12-01 12:10:58.545 10479 10642 I art     : Starting a blocking GC DisableMovingGc
12-01 12:10:58.783 10350 10573 I Icing   : Indexing 1783CA4D0AA1B5D9AB5F923A238B0AEC99DB73FB from com.google.android.gms
12-01 12:10:58.791 10350 10573 I Icing   : Indexing done 1783CA4D0AA1B5D9AB5F923A238B0AEC99DB73FB
12-01 12:10:59.738 10479 10489 I art     : Waiting for a blocking GC DisableMovingGc
12-01 12:10:59.738 10479 10489 I art     : Starting a blocking GC DisableMovingGc
12-01 12:10:59.785  3566  3566 I DownloadManagerWrapper: onReceive() : Charging = false
12-01 12:11:00.186 10647 10647 E NEW_BHD : Battery Power Supply logging Daemon start!!!!!
12-01 12:11:00.186 10647 10647 E NEW_BHD : Cannot run on production devices!
12-01 12:11:02.409 10479 10599 I art     : Waiting for a blocking GC DisableMovingGc
12-01 12:11:02.415 10479 10599 I art     : WaitForGcToComplete blocked for 6.307ms for cause DisableMovingGc
12-01 12:11:02.415 10479 10599 I art     : Starting a blocking GC DisableMovingGc
12-01 12:11:05.207 10648 10648 E NEW_BHD : Battery Power Supply logging Daemon start!!!!!
12-01 12:11:05.208 10648 10648 E NEW_BHD : Cannot run on production devices!
12-01 12:11:05.226 10479 10489 I art     : Waiting for a blocking GC DisableMovingGc
12-01 12:11:05.228 10479 10489 I art     : Starting a blocking GC DisableMovingGc
12-01 12:11:05.648 10350 10573 I Icing   : Indexing done 0ADA44C7855E4E0C04CE22CE2E677F161881CE0F
12-01 12:11:11.266   258   748 I qdhwcomposer: handle_blank_event: dpy:0 panel power state: 0
12-01 12:11:11.266   258   748 E qdutils : int qdutils::getHDMINode(): Failed to open fb node 2
12-01 12:11:11.266   258   748 E qdutils : int qdutils::getHDMINode(): Failed to open fb node 3
12-01 12:11:11.266   258   748 E qdutils : int qdutils::getHDMINode(): Failed to find HDMI node
12-01 12:11:11.267  1787  2914 V AlarmManager: sending alarm {59149cf type 3 *alarm*:android.intent.action.TIME_TICK}
12-01 12:11:11.269  1787  2914 V AlarmManager: sending alarm {cabad7e type 3 *alarm*:com.android.server.action.NETWORK_STATS_POLL}
12-01 12:11:11.269  1787  2914 V AlarmManager: sending alarm {5378bd7 type 2 *walarm*:com.whatsapp.messaging.h.CLIENT_PINGER_ACTION}
12-01 12:11:11.270  1787  2914 V AlarmManager: sending alarm {a9429d1 type 3 *alarm*:com.whatsapp.action.HOURLY_CRON}
12-01 12:11:11.270  1787  2914 V AlarmManager: sending alarm {9fb17df type 1 *alarm*:com.droid27.tcw.ACTION_TIME_TICK}
12-01 12:11:11.318  1787  1787 V AlarmManager: done {cabad7e, *alarm*:com.android.server.action.NETWORK_STATS_POLL} [51ms]
12-01 12:11:11.322  1787  1787 V AlarmManager: done {5378bd7, *walarm*:com.whatsapp.messaging.h.CLIENT_PINGER_ACTION} [55ms]
12-01 12:11:11.325   305  1751 E NetlinkEvent: NetlinkEvent::FindParam(): Parameter 'UID' not found
12-01 12:11:11.346  1787  1787 V AlarmManager: done {a9429d1, *alarm*:com.whatsapp.action.HOURLY_CRON} [80ms]
12-01 12:11:11.372  1787  1787 V AlarmManager: done {9fb17df, *alarm*:com.droid27.tcw.ACTION_TIME_TICK} [106ms]
12-01 12:11:11.410  1787  1787 V AlarmManager: done {59149cf, *alarm*:android.intent.action.TIME_TICK} [143ms]
12-01 12:11:11.472 10660 10660 W IntentService[A: type=1400 audit(0.0:25799): avc: denied { read } for uid=10114 name="mem" dev="debugfs" ino=1142659 scontext=u:r:untrusted_app:s0:c512,c768 tcontext=u:object_r:debugfs:s0 tclass=file permissive=0
12-01 12:11:11.472 10660 10660 W IntentService[A: type=1400 audit(0.0:25800): avc: denied { read } for uid=10114 name="mem" dev="debugfs" ino=1142659 scontext=u:r:untrusted_app:s0:c512,c768 tcontext=u:object_r:debugfs:s0 tclass=file permissive=0
12-01 12:11:12.333 20752 20764 D QcrilMsgTunnelSocket: readRilMessage: Buffer = [B@f82b213 HexData = [010000000404000011000000514f454d484f4f4bef0308000100000003]
12-01 12:11:12.335 20752 20764 D QcrilMsgTunnelSocket: Rcvd UNSOL response with 28 bytes data for SUB0
12-01 12:11:12.335 20752 20764 D QcrilMsgTunnelSocket: Response ID 525295 is not served in this process.
12-01 12:11:12.335 20752 20764 D QcrilMsgTunnelSocket: To broadcast an Intent via the notifier to external apps
12-01 12:11:12.336 20752 20752 D QcrilMsgTunnelIfaceManager: handleMessage what = 0
12-01 12:11:13.134 20752 20764 D QcrilMsgTunnelSocket: readRilMessage: Buffer = [B@f82b213 HexData = [010000000404000011000000514f454d484f4f4bef0308000100000003]
12-01 12:11:13.135 20752 20764 D QcrilMsgTunnelSocket: Rcvd UNSOL response with 28 bytes data for SUB0
12-01 12:11:13.135 20752 20764 D QcrilMsgTunnelSocket: Response ID 525295 is not served in this process.
12-01 12:11:13.135 20752 20764 D QcrilMsgTunnelSocket: To broadcast an Intent via the notifier to external apps
12-01 12:11:13.135 20752 20752 D QcrilMsgTunnelIfaceManager: handleMessage what = 0
12-01 12:11:17.865   258   748 I qdhwcomposer: handle_blank_event: dpy:0 panel power state: 0
12-01 12:11:17.866   258   748 E qdutils : int qdutils::getHDMINode(): Failed to open fb node 2
12-01 12:11:17.866   258   748 E qdutils : int qdutils::getHDMINode(): Failed to open fb node 3
12-01 12:11:17.866   258   748 E qdutils : int qdutils::getHDMINode(): Failed to find HDMI node
12-01 12:11:17.894 20752 20764 I art     : Starting a blocking GC Alloc
12-01 12:11:17.894 20752 20764 I art     : Starting a blocking GC Alloc
12-01 12:11:17.930 20752 20764 D QcrilMsgTunnelSocket: readRilMessage: Buffer = [B@f82b213 HexData = [010000000404000011000000514f454d484f4f4bef0308000100000003]
12-01 12:11:17.930 20752 20764 D QcrilMsgTunnelSocket: Rcvd UNSOL response with 28 bytes data for SUB0
12-01 12:11:17.930 20752 20764 D QcrilMsgTunnelSocket: Response ID 525295 is not served in this process.
12-01 12:11:17.930 20752 20764 D QcrilMsgTunnelSocket: To broadcast an Intent via the notifier to external apps
12-01 12:11:17.931 20752 20764 D QcrilMsgTunnelSocket: readRilMessage: Buffer = [B@f82b213 HexData = [010000000404000011000000514f454d484f4f4bef0308000100000003]
12-01 12:11:17.931 20752 20752 D QcrilMsgTunnelIfaceManager: handleMessage what = 0
12-01 12:11:17.931 20752 20764 D QcrilMsgTunnelSocket: Rcvd UNSOL response with 28 bytes data for SUB0
12-01 12:11:17.931 20752 20764 D QcrilMsgTunnelSocket: Response ID 525295 is not served in this process.
12-01 12:11:17.931 20752 20764 D QcrilMsgTunnelSocket: To broadcast an Intent via the notifier to external apps
12-01 12:11:17.932 20752 20752 D QcrilMsgTunnelIfaceManager: handleMessage what = 0
12-01 12:12:29.005   258   748 I qdhwcomposer: handle_blank_event: dpy:0 panel power state: 0
12-01 12:12:29.006   258   748 E qdutils : int qdutils::getHDMINode(): Failed to open fb node 2
12-01 12:12:29.006   258   748 E qdutils : int qdutils::getHDMINode(): Failed to open fb node 3
12-01 12:12:29.006   258   748 E qdutils : int qdutils::getHDMINode(): Failed to find HDMI node
12-01 12:12:29.012   305  1751 E NetlinkEvent: NetlinkEvent::FindParam(): Parameter 'UID' not found
12-01 12:12:29.021 20752 20764 D QcrilMsgTunnelSocket: readRilMessage: Buffer = [B@f82b213 HexData = [010000000404000011000000514f454d484f4f4bef0308000100000003]
12-01 12:12:29.022 20752 20764 D QcrilMsgTunnelSocket: Rcvd UNSOL response with 28 bytes data for SUB0
12-01 12:12:29.022 20752 20764 D QcrilMsgTunnelSocket: Response ID 525295 is not served in this process.
12-01 12:12:29.022 20752 20764 D QcrilMsgTunnelSocket: To broadcast an Intent via the notifier to external apps
12-01 12:12:29.022 20752 20752 D QcrilMsgTunnelIfaceManager: handleMessage what = 0
12-01 12:12:32.327   258   748 I qdhwcomposer: handle_blank_event: dpy:0 panel power state: 0
12-01 12:12:32.327   258   748 E qdutils : int qdutils::getHDMINode(): Failed to open fb node 2
12-01 12:12:32.327   258   748 E qdutils : int qdutils::getHDMINode(): Failed to open fb node 3
12-01 12:12:32.327   258   748 E qdutils : int qdutils::getHDMINode(): Failed to find HDMI node
12-01 12:12:32.331  3055  3103 D SLPC    : slpc_poll_loop(): handled 1
12-01 12:12:32.331  3055  3103 D SLPC    : slpc_poll_handle_event(): transition
12-01 12:12:32.331  3055  3103 D SLPC    : slpc_poll_loop(): about to poll...
12-01 12:12:32.331  3055  3103 D sensorhub: sensorhub_poll() polling...
12-01 12:12:32.334  3055  3055 D ModalityService: ModalityListener(): callback onModalityChange() -> 2
12-01 12:12:32.334 10263 10384 D ModalityManager: onEndMovement(), package: com.motorola.motodisplay
12-01 12:12:37.249   258   748 I qdhwcomposer: handle_blank_event: dpy:0 panel power state: 0
12-01 12:12:37.249   258   748 E qdutils : int qdutils::getHDMINode(): Failed to open fb node 2
12-01 12:12:37.250   258   748 E qdutils : int qdutils::getHDMINode(): Failed to open fb node 3
12-01 12:12:37.250   258   748 E qdutils : int qdutils::getHDMINode(): Failed to find HDMI node
12-01 12:12:37.255  3055  3103 D SLPC    : slpc_poll_loop(): handled 1
12-01 12:12:37.255  3055  3103 D SLPC    : slpc_poll_handle_event(): transition
12-01 12:12:37.255  3055  3103 D SLPC    : slpc_poll_loop(): about to poll...
12-01 12:12:37.255  3055  3103 D sensorhub: sensorhub_poll() polling...
12-01 12:12:37.258  3055  3055 D ModalityService: ModalityListener(): callback onModalityChange() -> 1
12-01 12:12:37.258 10263 10273 D ModalityManager: onStartMovement(), package: com.motorola.motodisplay
12-01 12:12:37.262  3055 20278 D sensorhub: sensorhub_algo_query(): algo: 1
12-01 12:12:37.272  3055  3072 D sensorhub: sensorhub_algo_query(): algo: 2
12-01 12:12:43.912   258   748 I qdhwcomposer: handle_blank_event: dpy:0 panel power state: 0
12-01 12:12:43.912   258   748 E qdutils : int qdutils::getHDMINode(): Failed to open fb node 2
12-01 12:12:43.912   258   748 E qdutils : int qdutils::getHDMINode(): Failed to open fb node 3
12-01 12:12:43.912   258   748 E qdutils : int qdutils::getHDMINode(): Failed to find HDMI node
12-01 12:12:43.929 20752 20764 D QcrilMsgTunnelSocket: readRilMessage: Buffer = [B@f82b213 HexData = [010000000404000011000000514f454d484f4f4bef0308000100000003]
12-01 12:12:43.929 20752 20764 D QcrilMsgTunnelSocket: Rcvd UNSOL response with 28 bytes data for SUB0
12-01 12:12:43.929 20752 20764 D QcrilMsgTunnelSocket: Response ID 525295 is not served in this process.
12-01 12:12:43.929 20752 20764 D QcrilMsgTunnelSocket: To broadcast an Intent via the notifier to external apps
12-01 12:12:43.930 20752 20752 D QcrilMsgTunnelIfaceManager: handleMessage what = 0
12-01 12:13:04.785   258   748 I qdhwcomposer: handle_blank_event: dpy:0 panel power state: 0
12-01 12:13:04.786   258   748 E qdutils : int qdutils::getHDMINode(): Failed to open fb node 2
12-01 12:13:04.786   258   748 E qdutils : int qdutils::getHDMINode(): Failed to open fb node 3
12-01 12:13:04.786   258   748 E qdutils : int qdutils::getHDMINode(): Failed to find HDMI node
12-01 12:13:04.802 20752 20764 D QcrilMsgTunnelSocket: readRilMessage: Buffer = [B@f82b213 HexData = [010000000404000011000000514f454d484f4f4bef0308000100000003]
12-01 12:13:04.802 20752 20764 D QcrilMsgTunnelSocket: Rcvd UNSOL response with 28 bytes data for SUB0
12-01 12:13:04.802 20752 20764 D QcrilMsgTunnelSocket: Response ID 525295 is not served in this process.
12-01 12:13:04.802 20752 20764 D QcrilMsgTunnelSocket: To broadcast an Intent via the notifier to external apps
12-01 12:13:04.804 20752 20752 D QcrilMsgTunnelIfaceManager: handleMessage what = 0
12-01 12:13:08.358   258   748 I qdhwcomposer: handle_blank_event: dpy:0 panel power state: 0
12-01 12:13:08.359   258   748 E qdutils : int qdutils::getHDMINode(): Failed to open fb node 2
12-01 12:13:08.359   258   748 E qdutils : int qdutils::getHDMINode(): Failed to open fb node 3
12-01 12:13:08.359   258   748 E qdutils : int qdutils::getHDMINode(): Failed to find HDMI node
12-01 12:13:08.376 20752 20764 D QcrilMsgTunnelSocket: readRilMessage: Buffer = [B@f82b213 HexData = [010000000404000011000000514f454d484f4f4bef0308000100000003]
12-01 12:13:08.377 20752 20764 D QcrilMsgTunnelSocket: Rcvd UNSOL response with 28 bytes data for SUB0
12-01 12:13:08.377 20752 20764 D QcrilMsgTunnelSocket: Response ID 525295 is not served in this process.
12-01 12:13:08.377 20752 20764 D QcrilMsgTunnelSocket: To broadcast an Intent via the notifier to external apps
12-01 12:13:08.378 20752 20752 D QcrilMsgTunnelIfaceManager: handleMessage what = 0
12-01 12:13:21.510  3055  3103 D SLPC    : slpc_poll_loop(): handled 1
12-01 12:13:21.510  3055  3103 D SLPC    : slpc_poll_handle_event(): transition
12-01 12:13:21.511  3055  3103 D SLPC    : slpc_poll_loop(): about to poll...
12-01 12:13:21.513  3055  3103 D sensorhub: sensorhub_poll() polling...
12-01 12:13:21.513   258   748 I qdhwcomposer: handle_blank_event: dpy:0 panel power state: 0
12-01 12:13:21.514   258   748 E qdutils : int qdutils::getHDMINode(): Failed to open fb node 2
12-01 12:13:21.514   258   748 E qdutils : int qdutils::getHDMINode(): Failed to open fb node 3
12-01 12:13:21.514   258   748 E qdutils : int qdutils::getHDMINode(): Failed to find HDMI node
12-01 12:13:21.515  3055  3055 D ModalityService: ModalityListener(): callback onModalityChange() -> 2
12-01 12:13:21.516 10263 10274 D ModalityManager: onEndMovement(), package: com.motorola.motodisplay
12-01 12:13:33.320   258   748 I qdhwcomposer: handle_blank_event: dpy:0 panel power state: 0
12-01 12:13:33.321   258   748 E qdutils : int qdutils::getHDMINode(): Failed to open fb node 2
12-01 12:13:33.321   258   748 E qdutils : int qdutils::getHDMINode(): Failed to open fb node 3
12-01 12:13:33.321   258   748 E qdutils : int qdutils::getHDMINode(): Failed to find HDMI node
12-01 12:13:33.323  3055  3103 D SLPC    : slpc_poll_loop(): handled 1
12-01 12:13:33.323  3055  3103 D SLPC    : slpc_poll_handle_event(): transition
12-01 12:13:33.323  3055  3103 D SLPC    : slpc_poll_loop(): about to poll...
12-01 12:13:33.323  3055  3103 D sensorhub: sensorhub_poll() polling...
12-01 12:13:33.328  3055  3055 D ModalityService: ModalityListener(): callback onModalityChange() -> 1
12-01 12:13:33.329 10263 10384 D ModalityManager: onStartMovement(), package: com.motorola.motodisplay
12-01 12:13:33.332  3055 26477 D sensorhub: sensorhub_algo_query(): algo: 1
12-01 12:13:33.342  3055  8476 D sensorhub: sensorhub_algo_query(): algo: 2
12-01 12:14:28.843   258   748 I qdhwcomposer: handle_blank_event: dpy:0 panel power state: 0
12-01 12:14:28.843   258   748 E qdutils : int qdutils::getHDMINode(): Failed to open fb node 2
12-01 12:14:28.843   258   748 E qdutils : int qdutils::getHDMINode(): Failed to open fb node 3
12-01 12:14:28.843   258   748 E qdutils : int qdutils::getHDMINode(): Failed to find HDMI node
12-01 12:14:28.846  1787  2914 V AlarmManager: sending alarm {59149cf type 3 *alarm*:android.intent.action.TIME_TICK}
12-01 12:14:28.850  1787  2914 V AlarmManager: sending alarm {9fb17df type 1 *alarm*:com.droid27.tcw.ACTION_TIME_TICK}
12-01 12:14:28.851  1787  2914 V AlarmManager: sending alarm {9fb17df type 1 *alarm*:com.droid27.tcw.ACTION_TIME_TICK}
12-01 12:14:28.857  1787  2914 V AlarmManager: sending alarm {9fb17df type 1 *alarm*:com.droid27.tcw.ACTION_TIME_TICK}
12-01 12:14:28.863 20752 20764 D QcrilMsgTunnelSocket: readRilMessage: Buffer = [B@f82b213 HexData = [010000000404000011000000514f454d484f4f4bef0308000100000003]
12-01 12:14:28.863 20752 20764 D QcrilMsgTunnelSocket: Rcvd UNSOL response with 28 bytes data for SUB0
12-01 12:14:28.867 20752 20764 D QcrilMsgTunnelSocket: Response ID 525295 is not served in this process.
12-01 12:14:28.867 20752 20764 D QcrilMsgTunnelSocket: To broadcast an Intent via the notifier to external apps
12-01 12:14:28.867 20752 20752 D QcrilMsgTunnelIfaceManager: handleMessage what = 0
12-01 12:14:28.895  1787  1787 V AlarmManager: done {9fb17df, *alarm*:com.droid27.tcw.ACTION_TIME_TICK} [51ms]
12-01 12:14:28.926  1787  1787 V AlarmManager: done {9fb17df, *alarm*:com.droid27.tcw.ACTION_TIME_TICK} [82ms]
12-01 12:14:28.948  1787  1787 V AlarmManager: done {9fb17df, *alarm*:com.droid27.tcw.ACTION_TIME_TICK} [104ms]
12-01 12:14:28.991  1787  1787 V AlarmManager: done {59149cf, *alarm*:android.intent.action.TIME_TICK} [147ms]
12-01 12:14:34.383   258   748 I qdhwcomposer: handle_blank_event: dpy:0 panel power state: 0
12-01 12:14:34.384   258   748 E qdutils : int qdutils::getHDMINode(): Failed to open fb node 2
12-01 12:14:34.384   258   748 E qdutils : int qdutils::getHDMINode(): Failed to open fb node 3
12-01 12:14:34.384   258   748 E qdutils : int qdutils::getHDMINode(): Failed to find HDMI node
12-01 12:14:34.397 20752 20764 D QcrilMsgTunnelSocket: readRilMessage: Buffer = [B@f82b213 HexData = [010000000404000011000000514f454d484f4f4bef0308000100000003]
12-01 12:14:34.397 20752 20764 D QcrilMsgTunnelSocket: Rcvd UNSOL response with 28 bytes data for SUB0
12-01 12:14:34.397 20752 20764 D QcrilMsgTunnelSocket: Response ID 525295 is not served in this process.
12-01 12:14:34.397 20752 20764 D QcrilMsgTunnelSocket: To broadcast an Intent via the notifier to external apps
12-01 12:14:34.397 20752 20752 D QcrilMsgTunnelIfaceManager: handleMessage what = 0
12-01 12:14:43.556   258   748 I qdhwcomposer: handle_blank_event: dpy:0 panel power state: 0
12-01 12:14:43.557   258   748 E qdutils : int qdutils::getHDMINode(): Failed to open fb node 2
12-01 12:14:43.557   258   748 E qdutils : int qdutils::getHDMINode(): Failed to open fb node 3
12-01 12:14:43.557   258   748 E qdutils : int qdutils::getHDMINode(): Failed to find HDMI node
12-01 12:14:43.575 20752 20764 D QcrilMsgTunnelSocket: readRilMessage: Buffer = [B@f82b213 HexData = [010000000404000011000000514f454d484f4f4bef0308000100000003]
12-01 12:14:43.575 20752 20764 D QcrilMsgTunnelSocket: Rcvd UNSOL response with 28 bytes data for SUB0
12-01 12:14:43.575 20752 20764 D QcrilMsgTunnelSocket: Response ID 525295 is not served in this process.
12-01 12:14:43.575 20752 20764 D QcrilMsgTunnelSocket: To broadcast an Intent via the notifier to external apps
12-01 12:14:43.576 20752 20752 D QcrilMsgTunnelIfaceManager: handleMessage what = 0
12-01 12:14:43.587  3460  3460 D ConnectivityManager: getMobileDataEnabled()+ subId=1
12-01 12:14:43.588  3640  3802 D PhoneInterfaceManager: [PhoneIntfMgr] getDataEnabled: subId=1 phoneId=0
12-01 12:14:43.588  3640  3802 D PhoneInterfaceManager: [PhoneIntfMgr] getDataEnabled: subId=1 retVal=true
12-01 12:14:43.589  3460  3460 D ConnectivityManager: getMobileDataEnabled()- subId=1 retVal=true
12-01 12:14:59.000   258   748 I qdhwcomposer: handle_blank_event: dpy:0 panel power state: 0
12-01 12:14:59.001   258   748 E qdutils : int qdutils::getHDMINode(): Failed to open fb node 2
12-01 12:14:59.001   258   748 E qdutils : int qdutils::getHDMINode(): Failed to open fb node 3
12-01 12:14:59.001   258   748 E qdutils : int qdutils::getHDMINode(): Failed to find HDMI node
12-01 12:14:59.016 20752 20764 D QcrilMsgTunnelSocket: readRilMessage: Buffer = [B@f82b213 HexData = [010000000404000011000000514f454d484f4f4bef0308000100000003]
12-01 12:14:59.016 20752 20764 D QcrilMsgTunnelSocket: Rcvd UNSOL response with 28 bytes data for SUB0
12-01 12:14:59.016 20752 20764 D QcrilMsgTunnelSocket: Response ID 525295 is not served in this process.
12-01 12:14:59.016 20752 20764 D QcrilMsgTunnelSocket: To broadcast an Intent via the notifier to external apps
12-01 12:14:59.023 20752 20752 D QcrilMsgTunnelIfaceManager: handleMessage what = 0
12-01 12:14:59.031  3460  3460 D ConnectivityManager: getMobileDataEnabled()+ subId=1
12-01 12:14:59.032  3640  3653 D PhoneInterfaceManager: [PhoneIntfMgr] getDataEnabled: subId=1 phoneId=0
12-01 12:14:59.032  3640  3653 D PhoneInterfaceManager: [PhoneIntfMgr] getDataEnabled: subId=1 retVal=true
12-01 12:14:59.032  3460  3460 D ConnectivityManager: getMobileDataEnabled()- subId=1 retVal=true
12-01 12:15:05.914   258   748 I qdhwcomposer: handle_blank_event: dpy:0 panel power state: 0
12-01 12:15:05.918   258   748 E qdutils : int qdutils::getHDMINode(): Failed to open fb node 2
12-01 12:15:05.918   258   748 E qdutils : int qdutils::getHDMINode(): Failed to open fb node 3
12-01 12:15:05.918   258   748 E qdutils : int qdutils::getHDMINode(): Failed to find HDMI node
12-01 12:15:05.919  1787  2914 V AlarmManager: sending alarm {59149cf type 3 *alarm*:android.intent.action.TIME_TICK}
12-01 12:15:05.922  1787  2914 V AlarmManager: sending alarm {9fb17df type 1 *alarm*:com.droid27.tcw.ACTION_TIME_TICK}
12-01 12:15:05.927  1787  2914 V AlarmManager: sending alarm {c0faab0 type 0 *walarm*:com.droid27.transparentclockweather/.receivers.WeatherUpdateReceiver}
12-01 12:15:05.933 20752 20764 D QcrilMsgTunnelSocket: readRilMessage: Buffer = [B@f82b213 HexData = [010000000404000011000000514f454d484f4f4bef0308000100000003]
12-01 12:15:05.933 20752 20764 D QcrilMsgTunnelSocket: Rcvd UNSOL response with 28 bytes data for SUB0
12-01 12:15:05.933 20752 20764 D QcrilMsgTunnelSocket: Response ID 525295 is not served in this process.
12-01 12:15:05.933 20752 20764 D QcrilMsgTunnelSocket: To broadcast an Intent via the notifier to external apps
12-01 12:15:05.938 20752 20752 D QcrilMsgTunnelIfaceManager: handleMessage what = 0
12-01 12:15:05.973  1787  1787 V AlarmManager: done {9fb17df, *alarm*:com.droid27.tcw.ACTION_TIME_TICK} [54ms]
12-01 12:15:06.030 10457 10457 D transwclock: WeatherInterface created from WidgetUtils
12-01 12:15:06.061  1787  1787 V AlarmManager: done {59149cf, *alarm*:android.intent.action.TIME_TICK} [143ms]
12-01 12:15:06.245 10457 10457 I art     : Starting a blocking GC Alloc
12-01 12:15:06.245 10457 10457 I art     : Starting a blocking GC Alloc
12-01 12:15:06.299 10457 10787 I GAv4    : Google Analytics 9.4.52 is starting up. To enable debug logging on a device run:
12-01 12:15:06.299 10457 10787 I GAv4    :   adb shell setprop log.tag.GAv4 DEBUG
12-01 12:15:06.299 10457 10787 I GAv4    :   adb logcat -s GAv4
12-01 12:15:06.301  1787  1787 V AlarmManager: done {c0faab0, *walarm*:com.droid27.transparentclockweather/.receivers.WeatherUpdateReceiver} [383ms]
12-01 12:15:06.306 10457 10787 W GAv4    : String xml configuration name not recognized: com.droid27.weatherinterface.WeatherForecastActivity
12-01 12:15:06.307 10457 10787 W GAv4    : String xml configuration name not recognized: com.droid27.weatherinterface.WeatherFutureForecastActivity
12-01 12:15:06.308 10457 10787 W GAv4    : String xml configuration name not recognized: com.droid27.weatherinterface.MapActivity
12-01 12:15:06.308 10457 10787 W GAv4    : String xml configuration name not recognized: com.droid27.weatherinterface.MyLocationActivity
12-01 12:15:06.308 10457 10787 W GAv4    : String xml configuration name not recognized: com.droid27.weatherinterface.AddLocationActivity
12-01 12:15:08.706   258   748 I qdhwcomposer: handle_blank_event: dpy:0 panel power state: 0
12-01 12:15:08.706   258   748 E qdutils : int qdutils::getHDMINode(): Failed to open fb node 2
12-01 12:15:08.706   258   748 E qdutils : int qdutils::getHDMINode(): Failed to open fb node 3
12-01 12:15:08.706   258   748 E qdutils : int qdutils::getHDMINode(): Failed to find HDMI node
12-01 12:15:08.728 20752 20764 D QcrilMsgTunnelSocket: readRilMessage: Buffer = [B@f82b213 HexData = [010000000404000011000000514f454d484f4f4bef0308000100000003]
12-01 12:15:08.728 20752 20764 D QcrilMsgTunnelSocket: Rcvd UNSOL response with 28 bytes data for SUB0
12-01 12:15:08.728 20752 20764 D QcrilMsgTunnelSocket: Response ID 525295 is not served in this process.
12-01 12:15:08.728 20752 20764 D QcrilMsgTunnelSocket: To broadcast an Intent via the notifier to external apps
12-01 12:15:08.728 20752 20752 D QcrilMsgTunnelIfaceManager: handleMessage what = 0
12-01 12:15:08.734 10457 10793 W GAv4    : AnalyticsReceiver is not registered or is disabled. Register the receiver for reliable dispatching on non-Google Play devices. See http://goo.gl/8Rd3yj for instructions.
12-01 12:15:08.740 10457 10799 I FA      : Tag Manager is not found and thus will not be used
12-01 12:15:08.747 10457 10793 W GAv4    : CampaignTrackingReceiver is not registered, not exported or is disabled. Installation campaign tracking is not possible. See http://goo.gl/8Rd3yj for instructions.
12-01 12:15:08.751  3460  3460 D ConnectivityManager: getMobileDataEnabled()+ subId=1
12-01 12:15:08.752  3640  3661 D PhoneInterfaceManager: [PhoneIntfMgr] getDataEnabled: subId=1 phoneId=0
12-01 12:15:08.752  3640  3661 D PhoneInterfaceManager: [PhoneIntfMgr] getDataEnabled: subId=1 retVal=true
12-01 12:15:08.752  3460  3460 D ConnectivityManager: getMobileDataEnabled()- subId=1 retVal=true
12-01 12:15:08.760  3000  3012 I art     : Background partial concurrent mark sweep GC freed 16056(738KB) AllocSpace objects, 3(56KB) LOS objects, 24% free, 12MB/17MB, paused 1.024ms total 191.549ms
12-01 12:15:08.764 10457 10793 W GAv4    : AnalyticsService not registered in the app manifest. Hits might not be delivered reliably. See http://goo.gl/8Rd3yj for instructions.
12-01 12:15:08.771   305  1751 E NetlinkEvent: NetlinkEvent::FindParam(): Parameter 'UID' not found
12-01 12:15:08.808  1787  1796 I art     : Background partial concurrent mark sweep GC freed 24082(3MB) AllocSpace objects, 6(120KB) LOS objects, 19% free, 23MB/29MB, paused 2.143ms total 262.394ms
12-01 12:15:08.912 10350 10350 I GAv4-SVC: Google Analytics 10.0.84 is starting up.
12-01 12:15:09.868 20752 20764 D QcrilMsgTunnelSocket: readRilMessage: Buffer = [B@f82b213 HexData = [010000000404000011000000514f454d484f4f4bef0308000100000003]
12-01 12:15:09.868 20752 20764 D QcrilMsgTunnelSocket: Rcvd UNSOL response with 28 bytes data for SUB0
12-01 12:15:09.868 20752 20764 D QcrilMsgTunnelSocket: Response ID 525295 is not served in this process.
12-01 12:15:09.868 20752 20764 D QcrilMsgTunnelSocket: To broadcast an Intent via the notifier to external apps
12-01 12:15:09.869 20752 20752 D QcrilMsgTunnelIfaceManager: handleMessage what = 0
12-01 12:15:10.698 20752 20764 D QcrilMsgTunnelSocket: readRilMessage: Buffer = [B@f82b213 HexData = [010000000404000011000000514f454d484f4f4bef0308000100000003]
12-01 12:15:10.698 20752 20764 D QcrilMsgTunnelSocket: Rcvd UNSOL response with 28 bytes data for SUB0
12-01 12:15:10.698 20752 20764 D QcrilMsgTunnelSocket: Response ID 525295 is not served in this process.
12-01 12:15:10.698 20752 20764 D QcrilMsgTunnelSocket: To broadcast an Intent via the notifier to external apps
12-01 12:15:10.698 20752 20752 D QcrilMsgTunnelIfaceManager: handleMessage what = 0
12-01 12:15:11.611 10457 10787 I art     : Starting a blocking GC Alloc
12-01 12:15:11.611 10457 10787 I art     : Starting a blocking GC Alloc
12-01 12:15:14.859   258   748 I qdhwcomposer: handle_blank_event: dpy:0 panel power state: 0
12-01 12:15:14.860   258   748 E qdutils : int qdutils::getHDMINode(): Failed to open fb node 2
12-01 12:15:14.860   258   748 E qdutils : int qdutils::getHDMINode(): Failed to open fb node 3
12-01 12:15:14.860   258   748 E qdutils : int qdutils::getHDMINode(): Failed to find HDMI node
12-01 12:15:14.877 20752 20764 D QcrilMsgTunnelSocket: readRilMessage: Buffer = [B@f82b213 HexData = [010000000404000011000000514f454d484f4f4bef0308000100000003]
12-01 12:15:14.877 20752 20764 D QcrilMsgTunnelSocket: Rcvd UNSOL response with 28 bytes data for SUB0
12-01 12:15:14.877 20752 20764 D QcrilMsgTunnelSocket: Response ID 525295 is not served in this process.
12-01 12:15:14.877 20752 20764 D QcrilMsgTunnelSocket: To broadcast an Intent via the notifier to external apps
12-01 12:15:14.878 20752 20752 D QcrilMsgTunnelIfaceManager: handleMessage what = 0
12-01 12:15:14.891 20752 20764 D QcrilMsgTunnelSocket: readRilMessage: Buffer = [B@f82b213 HexData = [010000000404000011000000514f454d484f4f4bef0308000100000003]
12-01 12:15:14.891 20752 20764 D QcrilMsgTunnelSocket: Rcvd UNSOL response with 28 bytes data for SUB0
12-01 12:15:14.891 20752 20764 D QcrilMsgTunnelSocket: Response ID 525295 is not served in this process.
12-01 12:15:14.891 20752 20764 D QcrilMsgTunnelSocket: To broadcast an Intent via the notifier to external apps
12-01 12:15:14.891 20752 20752 D QcrilMsgTunnelIfaceManager: handleMessage what = 0
12-01 12:15:22.971   258   748 I qdhwcomposer: handle_blank_event: dpy:0 panel power state: 0
12-01 12:15:22.972   258   748 E qdutils : int qdutils::getHDMINode(): Failed to open fb node 2
12-01 12:15:22.972   258   748 E qdutils : int qdutils::getHDMINode(): Failed to open fb node 3
12-01 12:15:22.972   258   748 E qdutils : int qdutils::getHDMINode(): Failed to find HDMI node
12-01 12:15:22.980   305  1751 E NetlinkEvent: NetlinkEvent::FindParam(): Parameter 'UID' not found
12-01 12:15:22.987 20752 20764 D QcrilMsgTunnelSocket: readRilMessage: Buffer = [B@f82b213 HexData = [010000000404000011000000514f454d484f4f4bef0308000100000003]
12-01 12:15:22.987 20752 20764 D QcrilMsgTunnelSocket: Rcvd UNSOL response with 28 bytes data for SUB0
12-01 12:15:22.987 20752 20764 D QcrilMsgTunnelSocket: Response ID 525295 is not served in this process.
12-01 12:15:22.987 20752 20764 D QcrilMsgTunnelSocket: To broadcast an Intent via the notifier to external apps
12-01 12:15:22.988 20752 20752 D QcrilMsgTunnelIfaceManager: handleMessage what = 0
12-01 12:15:23.762   258   748 I qdhwcomposer: handle_blank_event: dpy:0 panel power state: 0
12-01 12:15:23.763   258   748 E qdutils : int qdutils::getHDMINode(): Failed to open fb node 2
12-01 12:15:23.763   258   748 E qdutils : int qdutils::getHDMINode(): Failed to open fb node 3
12-01 12:15:23.763   258   748 E qdutils : int qdutils::getHDMINode(): Failed to find HDMI node
12-01 12:15:23.779 20752 20764 D QcrilMsgTunnelSocket: readRilMessage: Buffer = [B@f82b213 HexData = [010000000404000011000000514f454d484f4f4bef0308000100000003]
12-01 12:15:23.779 20752 20764 D QcrilMsgTunnelSocket: Rcvd UNSOL response with 28 bytes data for SUB0
12-01 12:15:23.779 20752 20764 D QcrilMsgTunnelSocket: Response ID 525295 is not served in this process.
12-01 12:15:23.779 20752 20764 D QcrilMsgTunnelSocket: To broadcast an Intent via the notifier to external apps
12-01 12:15:23.780 20752 20752 D QcrilMsgTunnelIfaceManager: handleMessage what = 0
12-01 12:15:23.941   305  1751 E NetlinkEvent: NetlinkEvent::FindParam(): Parameter 'UID' not found
12-01 12:15:27.361   258   748 I qdhwcomposer: handle_blank_event: dpy:0 panel power state: 0
12-01 12:15:27.362   258   748 E qdutils : int qdutils::getHDMINode(): Failed to open fb node 2
12-01 12:15:27.362   258   748 E qdutils : int qdutils::getHDMINode(): Failed to open fb node 3
12-01 12:15:27.362   258   748 E qdutils : int qdutils::getHDMINode(): Failed to find HDMI node
12-01 12:15:27.378 20752 20764 D QcrilMsgTunnelSocket: readRilMessage: Buffer = [B@f82b213 HexData = [010000000404000011000000514f454d484f4f4bef0308000100000003]
12-01 12:15:27.378 20752 20764 D QcrilMsgTunnelSocket: Rcvd UNSOL response with 28 bytes data for SUB0
12-01 12:15:27.378 20752 20764 D QcrilMsgTunnelSocket: Response ID 525295 is not served in this process.
12-01 12:15:27.378 20752 20764 D QcrilMsgTunnelSocket: To broadcast an Intent via the notifier to external apps
12-01 12:15:27.378 20752 20752 D QcrilMsgTunnelIfaceManager: handleMessage what = 0
12-01 12:15:29.018   258   748 I qdhwcomposer: handle_blank_event: dpy:0 panel power state: 0
12-01 12:15:29.019   258   748 E qdutils : int qdutils::getHDMINode(): Failed to open fb node 2
12-01 12:15:29.019   258   748 E qdutils : int qdutils::getHDMINode(): Failed to open fb node 3
12-01 12:15:29.019   258   748 E qdutils : int qdutils::getHDMINode(): Failed to find HDMI node
12-01 12:15:29.033 20752 20764 D QcrilMsgTunnelSocket: readRilMessage: Buffer = [B@f82b213 HexData = [010000000404000011000000514f454d484f4f4bef0308000100000003]
12-01 12:15:29.034 20752 20764 D QcrilMsgTunnelSocket: Rcvd UNSOL response with 28 bytes data for SUB0
12-01 12:15:29.034 20752 20764 D QcrilMsgTunnelSocket: Response ID 525295 is not served in this process.
12-01 12:15:29.034 20752 20764 D QcrilMsgTunnelSocket: To broadcast an Intent via the notifier to external apps
12-01 12:15:29.034 20752 20752 D QcrilMsgTunnelIfaceManager: handleMessage what = 0
12-01 12:15:30.749   258   748 I qdhwcomposer: handle_blank_event: dpy:0 panel power state: 0
12-01 12:15:30.750   258   748 E qdutils : int qdutils::getHDMINode(): Failed to open fb node 2
12-01 12:15:30.750   258   748 E qdutils : int qdutils::getHDMINode(): Failed to open fb node 3
12-01 12:15:30.750   258   748 E qdutils : int qdutils::getHDMINode(): Failed to find HDMI node
12-01 12:15:30.764 20752 20764 D QcrilMsgTunnelSocket: readRilMessage: Buffer = [B@f82b213 HexData = [010000000404000011000000514f454d484f4f4bef0308000100000003]
12-01 12:15:30.764 20752 20764 D QcrilMsgTunnelSocket: Rcvd UNSOL response with 28 bytes data for SUB0
12-01 12:15:30.764 20752 20764 D QcrilMsgTunnelSocket: Response ID 525295 is not served in this process.
12-01 12:15:30.764 20752 20764 D QcrilMsgTunnelSocket: To broadcast an Intent via the notifier to external apps
12-01 12:15:30.764 20752 20752 D QcrilMsgTunnelIfaceManager: handleMessage what = 0
12-01 12:15:33.437   258   748 I qdhwcomposer: handle_blank_event: dpy:0 panel power state: 0
12-01 12:15:33.438   258   748 E qdutils : int qdutils::getHDMINode(): Failed to open fb node 2
12-01 12:15:33.438   258   748 E qdutils : int qdutils::getHDMINode(): Failed to open fb node 3
12-01 12:15:33.438   258   748 E qdutils : int qdutils::getHDMINode(): Failed to find HDMI node
12-01 12:15:33.454 20752 20764 D QcrilMsgTunnelSocket: readRilMessage: Buffer = [B@f82b213 HexData = [010000000404000011000000514f454d484f4f4bef0308000100000003]
12-01 12:15:33.454 20752 20764 D QcrilMsgTunnelSocket: Rcvd UNSOL response with 28 bytes data for SUB0
12-01 12:15:33.454 20752 20764 D QcrilMsgTunnelSocket: Response ID 525295 is not served in this process.
12-01 12:15:33.454 20752 20764 D QcrilMsgTunnelSocket: To broadcast an Intent via the notifier to external apps
12-01 12:15:33.458 20752 20752 D QcrilMsgTunnelIfaceManager: handleMessage what = 0
12-01 12:15:43.193   258   748 I qdhwcomposer: handle_blank_event: dpy:0 panel power state: 0
12-01 12:15:43.196   258   748 E qdutils : int qdutils::getHDMINode(): Failed to open fb node 2
12-01 12:15:43.196   258   748 E qdutils : int qdutils::getHDMINode(): Failed to open fb node 3
12-01 12:15:43.196   258   748 E qdutils : int qdutils::getHDMINode(): Failed to find HDMI node
12-01 12:15:43.200   305  1751 E NetlinkEvent: NetlinkEvent::FindParam(): Parameter 'UID' not found
12-01 12:15:43.216 20752 20764 D QcrilMsgTunnelSocket: readRilMessage: Buffer = [B@f82b213 HexData = [010000000404000011000000514f454d484f4f4bef0308000100000003]
12-01 12:15:43.216 20752 20764 D QcrilMsgTunnelSocket: Rcvd UNSOL response with 28 bytes data for SUB0
12-01 12:15:43.216 20752 20764 D QcrilMsgTunnelSocket: Response ID 525295 is not served in this process.
12-01 12:15:43.216 20752 20764 D QcrilMsgTunnelSocket: To broadcast an Intent via the notifier to external apps
12-01 12:15:43.217 20752 20752 D QcrilMsgTunnelIfaceManager: handleMessage what = 0
12-01 12:15:43.225  3460  3460 D ConnectivityManager: getMobileDataEnabled()+ subId=1
12-01 12:15:43.226  3640  3661 D PhoneInterfaceManager: [PhoneIntfMgr] getDataEnabled: subId=1 phoneId=0
12-01 12:15:43.226  3640  3661 D PhoneInterfaceManager: [PhoneIntfMgr] getDataEnabled: subId=1 retVal=true
12-01 12:15:43.226  3460  3460 D ConnectivityManager: getMobileDataEnabled()- subId=1 retVal=true
12-01 12:15:48.363   258   748 I qdhwcomposer: handle_blank_event: dpy:0 panel power state: 0
12-01 12:15:48.364   258   748 E qdutils : int qdutils::getHDMINode(): Failed to open fb node 2
12-01 12:15:48.369   258   748 E qdutils : int qdutils::getHDMINode(): Failed to open fb node 3
12-01 12:15:48.369   258   748 E qdutils : int qdutils::getHDMINode(): Failed to find HDMI node
12-01 12:15:48.379 20752 20764 D QcrilMsgTunnelSocket: readRilMessage: Buffer = [B@f82b213 HexData = [010000000404000011000000514f454d484f4f4bef0308000100000003]
12-01 12:15:48.379 20752 20764 D QcrilMsgTunnelSocket: Rcvd UNSOL response with 28 bytes data for SUB0
12-01 12:15:48.379 20752 20764 D QcrilMsgTunnelSocket: Response ID 525295 is not served in this process.
12-01 12:15:48.379 20752 20764 D QcrilMsgTunnelSocket: To broadcast an Intent via the notifier to external apps
12-01 12:15:48.380 20752 20752 D QcrilMsgTunnelIfaceManager: handleMessage what = 0
12-01 12:15:48.395  3460  3460 D ConnectivityManager: getMobileDataEnabled()+ subId=1
12-01 12:15:48.396  3640 23491 D PhoneInterfaceManager: [PhoneIntfMgr] getDataEnabled: subId=1 phoneId=0
12-01 12:15:48.396  3640 23491 D PhoneInterfaceManager: [PhoneIntfMgr] getDataEnabled: subId=1 retVal=true
12-01 12:15:48.396  3460  3460 D ConnectivityManager: getMobileDataEnabled()- subId=1 retVal=true
12-01 12:16:11.276   258   748 I qdhwcomposer: handle_blank_event: dpy:0 panel power state: 0
12-01 12:16:11.277   258   748 E qdutils : int qdutils::getHDMINode(): Failed to open fb node 2
12-01 12:16:11.278   258   748 E qdutils : int qdutils::getHDMINode(): Failed to open fb node 3
12-01 12:16:11.278   258   748 E qdutils : int qdutils::getHDMINode(): Failed to find HDMI node
12-01 12:16:11.282  1787  2914 V AlarmManager: sending alarm {59149cf type 3 *alarm*:android.intent.action.TIME_TICK}
12-01 12:16:11.286  1787  2914 V AlarmManager: sending alarm {5378bd7 type 2 *walarm*:com.whatsapp.messaging.h.CLIENT_PINGER_ACTION}
12-01 12:16:11.288  1787  2914 V AlarmManager: sending alarm {a017b6f type 2 *walarm*:com.android.internal.telephony.data-stall}
12-01 12:16:11.298  1787  2914 V AlarmManager: sending alarm {9fb17df type 1 *alarm*:com.droid27.tcw.ACTION_TIME_TICK}
12-01 12:16:11.310  1787  1787 V AlarmManager: done {5378bd7, *walarm*:com.whatsapp.messaging.h.CLIENT_PINGER_ACTION} [33ms]
12-01 12:16:11.311   305  1751 E NetlinkEvent: NetlinkEvent::FindParam(): Parameter 'UID' not found
12-01 12:16:11.312  1787  1787 V AlarmManager: done {a017b6f, *walarm*:com.android.internal.telephony.data-stall} [35ms]
12-01 12:16:11.342  1787  1787 V AlarmManager: done {9fb17df, *alarm*:com.droid27.tcw.ACTION_TIME_TICK} [64ms]
12-01 12:16:11.445  1787  1787 V AlarmManager: done {59149cf, *alarm*:android.intent.action.TIME_TICK} [168ms]
12-01 12:16:12.343 20752 20764 D QcrilMsgTunnelSocket: readRilMessage: Buffer = [B@f82b213 HexData = [010000000404000011000000514f454d484f4f4bef0308000100000003]
12-01 12:16:12.343 20752 20764 D QcrilMsgTunnelSocket: Rcvd UNSOL response with 28 bytes data for SUB0
12-01 12:16:12.343 20752 20764 D QcrilMsgTunnelSocket: Response ID 525295 is not served in this process.
12-01 12:16:12.343 20752 20764 D QcrilMsgTunnelSocket: To broadcast an Intent via the notifier to external apps
12-01 12:16:12.344 20752 20752 D QcrilMsgTunnelIfaceManager: handleMessage what = 0
12-01 12:16:13.088 20752 20764 D QcrilMsgTunnelSocket: readRilMessage: Buffer = [B@f82b213 HexData = [010000000404000011000000514f454d484f4f4bef0308000100000003]
12-01 12:16:13.089 20752 20764 D QcrilMsgTunnelSocket: Rcvd UNSOL response with 28 bytes data for SUB0
12-01 12:16:13.089 20752 20764 D QcrilMsgTunnelSocket: Response ID 525295 is not served in this process.
12-01 12:16:13.089 20752 20764 D QcrilMsgTunnelSocket: To broadcast an Intent via the notifier to external apps
12-01 12:16:13.091 20752 20752 D QcrilMsgTunnelIfaceManager: handleMessage what = 0
12-01 12:16:16.654   258   748 I qdhwcomposer: handle_blank_event: dpy:0 panel power state: 0
12-01 12:16:16.655   258   748 E qdutils : int qdutils::getHDMINode(): Failed to open fb node 2
12-01 12:16:16.656   258   748 E qdutils : int qdutils::getHDMINode(): Failed to open fb node 3
12-01 12:16:16.656   258   748 E qdutils : int qdutils::getHDMINode(): Failed to find HDMI node
12-01 12:16:16.672 20752 20764 D QcrilMsgTunnelSocket: readRilMessage: Buffer = [B@f82b213 HexData = [010000000404000011000000514f454d484f4f4bef0308000100000003]
12-01 12:16:16.672 20752 20764 D QcrilMsgTunnelSocket: Rcvd UNSOL response with 28 bytes data for SUB0
12-01 12:16:16.672 20752 20764 D QcrilMsgTunnelSocket: Response ID 525295 is not served in this process.
12-01 12:16:16.672 20752 20764 D QcrilMsgTunnelSocket: To broadcast an Intent via the notifier to external apps
12-01 12:16:16.673 20752 20752 D QcrilMsgTunnelIfaceManager: handleMessage what = 0
12-01 12:16:16.694 20752 20764 D QcrilMsgTunnelSocket: readRilMessage: Buffer = [B@f82b213 HexData = [010000000404000011000000514f454d484f4f4bef0308000100000003]
12-01 12:16:16.694 20752 20764 D QcrilMsgTunnelSocket: Rcvd UNSOL response with 28 bytes data for SUB0
12-01 12:16:16.695 20752 20764 D QcrilMsgTunnelSocket: Response ID 525295 is not served in this process.
12-01 12:16:16.695 20752 20764 D QcrilMsgTunnelSocket: To broadcast an Intent via the notifier to external apps
12-01 12:16:16.695 20752 20752 D QcrilMsgTunnelIfaceManager: handleMessage what = 0
12-01 12:16:22.275   258   748 I qdhwcomposer: handle_blank_event: dpy:0 panel power state: 0
12-01 12:16:22.276   258   748 E qdutils : int qdutils::getHDMINode(): Failed to open fb node 2
12-01 12:16:22.276   258   748 E qdutils : int qdutils::getHDMINode(): Failed to open fb node 3
12-01 12:16:22.276   258   748 E qdutils : int qdutils::getHDMINode(): Failed to find HDMI node
12-01 12:16:22.282  1787  2914 V AlarmManager: sending alarm {7c749bf type 2 *walarm*:com.whatsapp.messaging.h.LOGOUT_ACTION}
12-01 12:16:22.291  1787  1787 V AlarmManager: done {7c749bf, *walarm*:com.whatsapp.messaging.h.LOGOUT_ACTION} [10ms]
12-01 12:16:23.415 20752 20764 D QcrilMsgTunnelSocket: readRilMessage: Buffer = [B@f82b213 HexData = [010000000404000011000000514f454d484f4f4bef0308000100000003]
12-01 12:16:23.415 20752 20764 D QcrilMsgTunnelSocket: Rcvd UNSOL response with 28 bytes data for SUB0
12-01 12:16:23.415 20752 20764 D QcrilMsgTunnelSocket: Response ID 525295 is not served in this process.
12-01 12:16:23.415 20752 20764 D QcrilMsgTunnelSocket: To broadcast an Intent via the notifier to external apps
12-01 12:16:23.417 20752 20752 D QcrilMsgTunnelIfaceManager: handleMessage what = 0
12-01 12:16:24.216 20752 20764 D QcrilMsgTunnelSocket: readRilMessage: Buffer = [B@f82b213 HexData = [010000000404000011000000514f454d484f4f4bef0308000100000003]
12-01 12:16:24.216 20752 20764 D QcrilMsgTunnelSocket: Rcvd UNSOL response with 28 bytes data for SUB0
12-01 12:16:24.216 20752 20764 D QcrilMsgTunnelSocket: Response ID 525295 is not served in this process.
12-01 12:16:24.216 20752 20764 D QcrilMsgTunnelSocket: To broadcast an Intent via the notifier to external apps
12-01 12:16:24.216 20752 20752 D QcrilMsgTunnelIfaceManager: handleMessage what = 0
12-01 12:16:28.108   258   748 I qdhwcomposer: handle_blank_event: dpy:0 panel power state: 0
12-01 12:16:28.109   258   748 E qdutils : int qdutils::getHDMINode(): Failed to open fb node 2
12-01 12:16:28.109   258   748 E qdutils : int qdutils::getHDMINode(): Failed to open fb node 3
12-01 12:16:28.109   258   748 E qdutils : int qdutils::getHDMINode(): Failed to find HDMI node
12-01 12:16:28.131 20752 20764 D QcrilMsgTunnelSocket: readRilMessage: Buffer = [B@f82b213 HexData = [010000000404000011000000514f454d484f4f4bef0308000100000003]
12-01 12:16:28.131 20752 20764 D QcrilMsgTunnelSocket: Rcvd UNSOL response with 28 bytes data for SUB0
12-01 12:16:28.132 20752 20764 D QcrilMsgTunnelSocket: Response ID 525295 is not served in this process.
12-01 12:16:28.132 20752 20764 D QcrilMsgTunnelSocket: To broadcast an Intent via the notifier to external apps
