11-29 12:41:30.312  8278  8278 E AndroidRuntime: 	at android.app.ActivityThread.main(ActivityThread.java:5443)
11-29 12:41:30.312  8278  8278 E AndroidRuntime: 	... 3 more
11-29 12:41:30.314  1787  2217 I chatty  : uid=1000(system) Binder_E expire 8 lines
11-29 12:41:31.118  1787  1801 I chatty  : uid=1000(system) ActivityManager expire 15 lines
11-29 12:41:31.700   258   699 I chatty  : uid=1000(system) EventThread expire 11 lines
11-29 12:41:32.822  1787  1798 I chatty  : uid=1000(system) Binder_2 expire 5 lines
11-29 12:41:32.871  1787  3675 I chatty  : uid=1000(system) Binder_5 expire 5 lines
11-29 12:41:49.455   305  1751 E NetlinkEvent: NetlinkEvent::FindParam(): Parameter 'UID' not found
11-29 12:41:50.286  1787  2914 I chatty  : uid=1000(system) AlarmManager expire 10 lines
11-29 12:42:00.781   305  1751 E NetlinkEvent: NetlinkEvent::FindParam(): Parameter 'UID' not found
11-29 12:44:20.928   305  1751 E NetlinkEvent: NetlinkEvent::FindParam(): Parameter 'UID' not found
11-29 12:44:33.020   305  1751 E NetlinkEvent: NetlinkEvent::FindParam(): Parameter 'UID' not found
11-29 12:44:50.313  1787  2914 I chatty  : uid=1000(system) AlarmManager expire 10 lines
11-29 12:44:50.319  1787  1787 I chatty  : uid=1000 system_server expire 12 lines
11-29 12:44:52.390   305  1751 E NetlinkEvent: NetlinkEvent::FindParam(): Parameter 'UID' not found
11-29 12:45:02.500   305  1751 E NetlinkEvent: NetlinkEvent::FindParam(): Parameter 'UID' not found
11-29 12:45:51.544   305  1751 E NetlinkEvent: NetlinkEvent::FindParam(): Parameter 'UID' not found
11-29 12:46:02.660   305  1751 E NetlinkEvent: NetlinkEvent::FindParam(): Parameter 'UID' not found
11-29 12:46:14.618   258   258 I chatty  : uid=1000(system) /system/bin/surfaceflinger expire 10 lines
11-29 12:46:49.987  1787  4628 I chatty  : uid=1000(system) Binder_9 expire 5 lines
11-29 12:46:50.047  1787  1797 I chatty  : uid=1000(system) Binder_1 expire 6 lines
11-29 12:46:51.306  1787  1812 I chatty  : uid=1000(system) PackageManager expire 10 lines
11-29 12:46:51.388  1787  3031 I chatty  : uid=1000(system) Binder_4 expire 4 lines
11-29 12:46:51.526  8621  8621 I chatty  : uid=1000(system) expire 1 line
11-29 12:46:51.584  1787  3677 I chatty  : uid=1000(system) Binder_6 expire 1 line
11-29 12:46:52.264   305  1751 E NetlinkEvent: NetlinkEvent::FindParam(): Parameter 'UID' not found
11-29 12:46:52.785  1787  6219 I chatty  : uid=1000(system) Binder_B expire 8 lines
11-29 12:46:53.305  1787  6215 I chatty  : uid=1000(system) Binder_A expire 1 line
11-29 12:46:54.882  1787  6220 I chatty  : uid=1000(system) Binder_C expire 3 lines
11-29 12:46:55.419   258   258 I chatty  : uid=1000(system) /system/bin/surfaceflinger expire 20 lines
11-29 12:47:02.980   305  1751 E NetlinkEvent: NetlinkEvent::FindParam(): Parameter 'UID' not found
11-29 12:47:06.447   305  1751 E NetlinkEvent: NetlinkEvent::FindParam(): Parameter 'UID' not found
11-29 12:47:07.784  1787  1787 I chatty  : uid=1000 system_server expire 12 lines
11-29 12:47:08.478  8875  8886 D DefContainer: Copying /data/local/tmp/SeniorenApp.SeniorenApp-Signed.apk to base.apk
11-29 12:47:09.648  1787  6221 I chatty  : uid=1000(system) Binder_D expire 6 lines
11-29 12:47:18.540   305  1751 E NetlinkEvent: NetlinkEvent::FindParam(): Parameter 'UID' not found
11-29 12:47:25.538  1787  2914 I chatty  : uid=1000(system) AlarmManager expire 11 lines
11-29 12:47:50.345  1787  3029 I chatty  : uid=1000(system) Binder_3 expire 5 lines
11-29 12:48:04.181  9211  9211 I chatty  : uid=1000(system) expire 1 line
11-29 12:49:15.996  1787  2915 I chatty  : uid=1000(system) InputDispatcher expire 1 line
11-29 12:49:47.476   305  1751 E NetlinkEvent: NetlinkEvent::FindParam(): Parameter 'UID' not found
11-29 12:49:49.475  9498  9508 D DefContainer: Copying /data/local/tmp/SeniorenApp.SeniorenApp-Signed.apk to base.apk
11-29 12:49:50.570  1787  1812 I chatty  : uid=1000(system) PackageManager expire 2 lines
11-29 12:49:50.647  1787  1787 I chatty  : uid=1000 system_server expire 3 lines
11-29 12:49:50.713  1787  1801 I chatty  : uid=1000(system) ActivityManager expire 3 lines
11-29 12:49:51.725   258   699 I chatty  : uid=1000(system) EventThread expire 10 lines
11-29 12:49:59.500   305  1751 E NetlinkEvent: NetlinkEvent::FindParam(): Parameter 'UID' not found
11-29 12:50:06.511   258   258 I chatty  : uid=1000(system) /system/bin/surfaceflinger expire 14 lines
11-29 12:50:06.645  1787  2914 I chatty  : uid=1000(system) AlarmManager expire 11 lines
11-29 12:50:06.655  1787  1787 I chatty  : uid=1000 system_server expire 21 lines
11-29 12:50:07.248  1787  1801 I chatty  : uid=1000(system) ActivityManager expire 9 lines
11-29 12:50:11.227  1787  1803 I chatty  : uid=1000(system) android.fg expire 15 lines
11-29 12:50:11.237  1787  1797 I chatty  : uid=1000(system) Binder_1 expire 5 lines
11-29 12:50:11.244  1787  6215 I chatty  : uid=1000(system) Binder_A expire 5 lines
11-29 12:50:11.474  1787  4201 I chatty  : uid=1000(system) Binder_7 expire 1 line
11-29 12:50:11.528  1787  3031 I chatty  : uid=1000(system) Binder_4 expire 2 lines
11-29 12:50:56.909  1787  1804 I chatty  : uid=1000(system) FileObserver expire 4 lines
11-29 12:50:57.001  1787  3677 I chatty  : uid=1000(system) Binder_6 expire 6 lines
11-29 12:50:57.487  1787  1806 I chatty  : uid=1000(system) android.display expire 10 lines
11-29 12:50:58.282  1787  6220 I chatty  : uid=1000(system) Binder_C expire 1 line
11-29 12:50:58.329  1787  3029 I chatty  : uid=1000(system) Binder_3 expire 2 lines
11-29 12:51:15.434  1787  6221 I chatty  : uid=1000(system) Binder_D expire 1 line
11-29 12:51:18.646  1787  2915 I chatty  : uid=1000(system) InputDispatcher expire 2 lines
11-29 12:51:20.450  1787  3675 I chatty  : uid=1000(system) Binder_5 expire 2 lines
11-29 12:53:05.486   305  1751 E NetlinkEvent: NetlinkEvent::FindParam(): Parameter 'UID' not found
11-29 12:53:23.182   305  1751 E NetlinkEvent: NetlinkEvent::FindParam(): Parameter 'UID' not found
11-29 12:53:50.673  1787  2914 I chatty  : uid=1000(system) AlarmManager expire 12 lines
11-29 12:53:50.676  1787  1787 I chatty  : uid=1000 system_server expire 12 lines
11-29 12:54:05.890  1787  1800 I chatty  : uid=1000(system) android.bg expire 1 line
11-29 12:55:07.394   258   258 I chatty  : uid=1000(system) /system/bin/surfaceflinger expire 10 lines
11-29 12:57:14.111   305  1751 E NetlinkEvent: NetlinkEvent::FindParam(): Parameter 'UID' not found
11-29 12:57:24.320   305  1751 E NetlinkEvent: NetlinkEvent::FindParam(): Parameter 'UID' not found
11-29 12:57:41.400   258   699 I chatty  : uid=1000(system) EventThread expire 10 lines
11-29 12:57:50.709  1787  2914 I chatty  : uid=1000(system) AlarmManager expire 14 lines
11-29 12:57:50.713  1787  1787 I chatty  : uid=1000 system_server expire 10 lines
11-29 12:58:13.161   305  1751 E NetlinkEvent: NetlinkEvent::FindParam(): Parameter 'UID' not found
11-29 12:58:23.940   305  1751 E NetlinkEvent: NetlinkEvent::FindParam(): Parameter 'UID' not found
11-29 12:58:54.140  1787  1803 I chatty  : uid=1000(system) android.fg expire 7 lines
11-29 12:59:19.717  1787  2916 I chatty  : uid=1000(system) InputReader expire 2 lines
11-29 12:59:20.411  1787  1809 I chatty  : uid=1000(system) PowerManagerSer expire 4 lines
11-29 12:59:20.803 10456 10456 I chatty  : uid=1000(system) expire 3 lines
11-29 12:59:20.936  3000  3000 D StatusBarKeyguardViewManager: showKeyguard, but hide Bouncer
11-29 12:59:22.724  1787  1787 I chatty  : uid=1000 system_server expire 11 lines
11-29 12:59:22.780  1787  1806 I chatty  : uid=1000(system) android.display expire 10 lines
11-29 12:59:50.738   305  1751 E NetlinkEvent: NetlinkEvent::FindParam(): Parameter 'UID' not found
11-29 13:00:00.724  1787  2914 I chatty  : uid=1000(system) AlarmManager expire 4 lines
11-29 13:00:00.767  1787  2217 I chatty  : uid=1000(system) Binder_E expire 1 line
11-29 13:00:02.425   305  1751 E NetlinkEvent: NetlinkEvent::FindParam(): Parameter 'UID' not found
11-29 13:00:03.981   258   699 I chatty  : uid=1000(system) EventThread expire 4 lines
11-29 13:00:48.511   258   258 I chatty  : uid=1000(system) /system/bin/surfaceflinger expire 12 lines
11-29 13:01:31.208  1787  1787 I chatty  : uid=1000 system_server expire 7 lines
11-29 13:01:31.326  1787  4627 I chatty  : uid=1000(system) Binder_8 expire 4 lines
11-29 13:01:36.992   305  1751 E NetlinkEvent: NetlinkEvent::FindParam(): Parameter 'UID' not found
11-29 13:01:49.657   305  1751 E NetlinkEvent: NetlinkEvent::FindParam(): Parameter 'UID' not found
11-29 13:01:49.856  3000  3000 D StatusBarKeyguardViewManager: showKeyguard, but hide Bouncer
11-29 13:01:51.994  1787  2914 I chatty  : uid=1000(system) AlarmManager expire 10 lines
11-29 13:01:52.005  1787  1787 I chatty  : uid=1000 system_server expire 16 lines
11-29 13:02:20.740   305  1751 E NetlinkEvent: NetlinkEvent::FindParam(): Parameter 'UID' not found
11-29 13:03:05.102   305  1751 E NetlinkEvent: NetlinkEvent::FindParam(): Parameter 'UID' not found
11-29 13:03:11.012  1787  1801 I chatty  : uid=1000(system) ActivityManager expire 9 lines
11-29 13:04:23.523  1787  1806 I chatty  : uid=1000(system) android.display expire 5 lines
11-29 13:04:23.606  1787  6215 I chatty  : uid=1000(system) Binder_A expire 7 lines
11-29 13:04:23.610  1787  3677 I chatty  : uid=1000(system) Binder_6 expire 1 line
11-29 13:04:23.613  1787  1803 I chatty  : uid=1000(system) android.fg expire 2 lines
11-29 13:04:23.753   258   699 I chatty  : uid=1000(system) EventThread expire 4 lines
11-29 13:04:33.608  1787  1809 I chatty  : uid=1000(system) PowerManagerSer expire 3 lines
11-29 13:04:34.333   258   258 I chatty  : uid=1000(system) /system/bin/surfaceflinger expire 4 lines
11-29 13:04:48.761   305  1751 E NetlinkEvent: NetlinkEvent::FindParam(): Parameter 'UID' not found
11-29 13:04:48.804  3000  3000 D StatusBarKeyguardViewManager: showKeyguard, but hide Bouncer
11-29 13:05:03.343   305  1751 E NetlinkEvent: NetlinkEvent::FindParam(): Parameter 'UID' not found
11-29 13:06:56.210  1787  2914 I chatty  : uid=1000(system) AlarmManager expire 16 lines
11-29 13:06:56.257  1787  1787 I chatty  : uid=1000 system_server expire 15 lines
11-29 13:11:34.864  1787  6221 I chatty  : uid=1000(system) Binder_D expire 2 lines
11-29 13:11:34.935  1787  4628 I chatty  : uid=1000(system) Binder_9 expire 5 lines
11-29 13:11:35.523   305  1751 E NetlinkEvent: NetlinkEvent::FindParam(): Parameter 'UID' not found
11-29 13:11:37.070  1787  4201 I chatty  : uid=1000(system) Binder_7 expire 7 lines
11-29 13:11:37.404  2976 10927 W ActivityThread: ClassLoader.loadClass: The class loader returned by Thread.getContextClassLoader() may fail for processes that host multiple applications. You should explicitly specify a context class loader. For example: Thread.setContextClassLoader(getClass().getClassLoader());
11-29 13:11:38.077  1787  2914 I chatty  : uid=1000(system) AlarmManager expire 10 lines
11-29 13:11:38.093  1787  1787 I chatty  : uid=1000 system_server expire 11 lines
11-29 13:11:43.088  1787  1798 I chatty  : uid=1000(system) Binder_2 expire 1 line
11-29 13:12:23.233   305  1751 E NetlinkEvent: NetlinkEvent::FindParam(): Parameter 'UID' not found
11-29 13:14:07.229  1787  1812 I chatty  : uid=1000(system) PackageManager expire 12 lines
11-29 13:14:07.331 10999 11010 D DefContainer: Copying /data/user/0/com.android.providers.downloads/cache/downloadfile.apk to base.apk
11-29 13:14:14.222  1787  2955 I chatty  : uid=1000(system) ConnectivitySer expire 2 lines
11-29 13:14:14.222  1787  2954 I chatty  : uid=1000(system) WifiService expire 3 lines
11-29 13:14:14.224   305  1751 E NetlinkEvent: NetlinkEvent::FindParam(): Parameter 'UID' not found
11-29 13:14:14.235  1787  1787 I chatty  : uid=1000 system_server expire 12 lines
11-29 13:14:32.938  1787  6219 I chatty  : uid=1000(system) Binder_B expire 4 lines
11-29 13:14:33.131 11096 11096 I chatty  : uid=1000(system) expire 1 line
11-29 13:14:33.155  1787  3675 I chatty  : uid=1000(system) Binder_5 expire 3 lines
11-29 13:14:34.008  1787  1797 I chatty  : uid=1000(system) Binder_1 expire 1 line
11-29 13:17:07.404   305  1751 E NetlinkEvent: NetlinkEvent::FindParam(): Parameter 'UID' not found
11-29 13:17:12.851  1787  6220 I chatty  : uid=1000(system) Binder_C expire 1 line
11-29 13:17:13.072   305  1751 E NetlinkEvent: NetlinkEvent::FindParam(): Parameter 'UID' not found
11-29 13:17:24.483   305  1751 E NetlinkEvent: NetlinkEvent::FindParam(): Parameter 'UID' not found
11-29 13:17:24.502  1787  2949 I chatty  : uid=1000(system) WifiP2pService expire 3 lines
11-29 13:17:35.740  1787  2914 I chatty  : uid=1000(system) AlarmManager expire 14 lines
11-29 13:17:35.835   305  1751 E NetlinkEvent: NetlinkEvent::FindParam(): Parameter 'UID' not found
11-29 13:17:38.667  1787  2217 I chatty  : uid=1000(system) Binder_E expire 3 lines
11-29 13:18:20.680   305  1751 E NetlinkEvent: NetlinkEvent::FindParam(): Parameter 'UID' not found
11-29 13:18:20.778   305  1751 E NetlinkEvent: NetlinkEvent::FindParam(): Parameter 'UID' not found
11-29 13:19:03.740   305  1751 E NetlinkEvent: NetlinkEvent::FindParam(): Parameter 'UID' not found
11-29 13:21:37.753   305  1751 E NetlinkEvent: NetlinkEvent::FindParam(): Parameter 'UID' not found
11-29 13:21:37.759  1787  1787 I chatty  : uid=1000 system_server expire 21 lines
11-29 13:21:38.939  1787  3029 I chatty  : uid=1000(system) Binder_3 expire 2 lines
11-29 13:22:09.734  1787  2914 I chatty  : uid=1000(system) AlarmManager expire 16 lines
11-29 13:22:09.741   305  1751 E NetlinkEvent: NetlinkEvent::FindParam(): Parameter 'UID' not found
11-29 13:30:21.431   305  1751 E NetlinkEvent: NetlinkEvent::FindParam(): Parameter 'UID' not found
11-29 13:30:24.786  1787  1800 I chatty  : uid=1000(system) android.bg expire 4 lines
11-29 13:30:30.273 11546 11563 D ActivityThread: Loading provider com.google.android.gmail.provider;com.android.mail.notifier;com.google.android.gm.email.provider;com.google.android.gm.email.notifier: com.android.email.provider.EmailProvider
11-29 13:30:30.495  1787  3031 I chatty  : uid=1000(system) Binder_4 expire 3 lines
11-29 13:30:43.954  1787  2914 I chatty  : uid=1000(system) AlarmManager expire 10 lines
11-29 13:30:43.977  1787  1787 I chatty  : uid=1000 system_server expire 23 lines
11-29 13:32:05.881   305  1751 E NetlinkEvent: NetlinkEvent::FindParam(): Parameter 'UID' not found
11-29 13:32:50.754   305  1751 E NetlinkEvent: NetlinkEvent::FindParam(): Parameter 'UID' not found
11-29 13:34:25.436   305  1751 E NetlinkEvent: NetlinkEvent::FindParam(): Parameter 'UID' not found
11-29 13:34:30.678   305  1751 E NetlinkEvent: NetlinkEvent::FindParam(): Parameter 'UID' not found
11-29 13:35:03.903   305  1751 E NetlinkEvent: NetlinkEvent::FindParam(): Parameter 'UID' not found
11-29 13:35:38.741  1787  2914 I chatty  : uid=1000(system) AlarmManager expire 13 lines
11-29 13:35:38.750  1787  4201 I chatty  : uid=1000(system) Binder_7 expire 3 lines
11-29 13:35:38.845   305  1751 E NetlinkEvent: NetlinkEvent::FindParam(): Parameter 'UID' not found
11-29 13:35:53.805   305  1751 E NetlinkEvent: NetlinkEvent::FindParam(): Parameter 'UID' not found
11-29 13:39:44.578   305  1751 E NetlinkEvent: NetlinkEvent::FindParam(): Parameter 'UID' not found
11-29 13:39:44.586  1787  1798 I chatty  : uid=1000(system) Binder_2 expire 2 lines
11-29 13:39:51.386   305  1751 E NetlinkEvent: NetlinkEvent::FindParam(): Parameter 'UID' not found
11-29 13:40:38.755   305  1751 E NetlinkEvent: NetlinkEvent::FindParam(): Parameter 'UID' not found
11-29 13:40:38.757  1787  1787 I chatty  : uid=1000 system_server expire 10 lines
11-29 13:40:41.183  1787  1797 I chatty  : uid=1000(system) Binder_1 expire 2 lines
11-29 13:40:54.194   305  1751 E NetlinkEvent: NetlinkEvent::FindParam(): Parameter 'UID' not found
11-29 13:40:54.237  1787  1806 I chatty  : uid=1000(system) android.display expire 10 lines
11-29 13:40:54.459   258   699 I chatty  : uid=1000(system) EventThread expire 12 lines
11-29 13:40:54.739   258   258 I chatty  : uid=1000(system) /system/bin/surfaceflinger expire 16 lines
11-29 13:40:55.192  1787  2914 I chatty  : uid=1000(system) AlarmManager expire 10 lines
11-29 13:40:55.598  1787  6215 I chatty  : uid=1000(system) Binder_A expire 6 lines
11-29 13:40:55.609  1787  1803 I chatty  : uid=1000(system) android.fg expire 1 line
11-29 13:41:00.845   305  1751 E NetlinkEvent: NetlinkEvent::FindParam(): Parameter 'UID' not found
11-29 13:41:00.856  1787  3675 I chatty  : uid=1000(system) Binder_5 expire 6 lines
11-29 13:41:01.265 12034 12034 I chatty  : uid=1000(system) expire 1 line
11-29 13:41:01.310  1787  1787 I chatty  : uid=1000 system_server expire 11 lines
11-29 13:41:01.317  1787  3677 I chatty  : uid=1000(system) Binder_6 expire 2 lines
11-29 13:41:01.524  1787  2954 I chatty  : uid=1000(system) WifiService expire 1 line
11-29 13:41:01.542  1787  3031 I chatty  : uid=1000(system) Binder_4 expire 2 lines
11-29 13:41:01.688  1787  6221 I chatty  : uid=1000(system) Binder_D expire 4 lines
11-29 13:41:18.357  1787  4628 I chatty  : uid=1000(system) Binder_9 expire 1 line
11-29 13:41:29.827   305  1751 E NetlinkEvent: NetlinkEvent::FindParam(): Parameter 'UID' not found
11-29 13:41:41.195   258   258 I chatty  : uid=1000(system) /system/bin/surfaceflinger expire 10 lines
11-29 13:41:46.995   305  1751 E NetlinkEvent: NetlinkEvent::FindParam(): Parameter 'UID' not found
11-29 13:41:57.127   305  1751 E NetlinkEvent: NetlinkEvent::FindParam(): Parameter 'UID' not found
11-29 13:42:00.018  1787  1801 I chatty  : uid=1000(system) ActivityManager expire 5 lines
11-29 13:42:22.585   305  1751 E NetlinkEvent: NetlinkEvent::FindParam(): Parameter 'UID' not found
11-29 13:42:22.589  1787  2217 I chatty  : uid=1000(system) Binder_E expire 1 line
11-29 13:42:33.986   305  1751 E NetlinkEvent: NetlinkEvent::FindParam(): Parameter 'UID' not found
11-29 13:42:38.689   305  1751 E NetlinkEvent: NetlinkEvent::FindParam(): Parameter 'UID' not found
11-29 13:42:42.462   258   258 I chatty  : uid=1000(system) /system/bin/surfaceflinger expire 16 lines
11-29 13:42:57.747   305  1751 E NetlinkEvent: NetlinkEvent::FindParam(): Parameter 'UID' not found
11-29 13:42:59.999  1787  2914 I chatty  : uid=1000(system) AlarmManager expire 11 lines
11-29 13:43:05.157   305  1751 E NetlinkEvent: NetlinkEvent::FindParam(): Parameter 'UID' not found
11-29 13:43:21.470   305  1751 E NetlinkEvent: NetlinkEvent::FindParam(): Parameter 'UID' not found
11-29 13:43:55.747  1787  1787 I chatty  : uid=1000 system_server expire 13 lines
11-29 13:44:10.936   305  1751 E NetlinkEvent: NetlinkEvent::FindParam(): Parameter 'UID' not found
11-29 13:44:21.905   305  1751 E NetlinkEvent: NetlinkEvent::FindParam(): Parameter 'UID' not found
11-29 13:44:22.593   305  1751 E NetlinkEvent: NetlinkEvent::FindParam(): Parameter 'UID' not found
11-29 13:44:24.191   258   258 I chatty  : uid=1000(system) /system/bin/surfaceflinger expire 12 lines
11-29 13:44:45.067   305  1751 E NetlinkEvent: NetlinkEvent::FindParam(): Parameter 'UID' not found
11-29 13:44:57.940   258   258 I chatty  : uid=1000(system) /system/bin/surfaceflinger expire 16 lines
11-29 13:45:04.079   305  1751 E NetlinkEvent: NetlinkEvent::FindParam(): Parameter 'UID' not found
11-29 13:45:14.926   305  1751 E NetlinkEvent: NetlinkEvent::FindParam(): Parameter 'UID' not found
11-29 13:45:48.080   305  1751 E NetlinkEvent: NetlinkEvent::FindParam(): Parameter 'UID' not found
11-29 13:45:58.087   258   699 I chatty  : uid=1000(system) EventThread expire 3 lines
11-29 13:45:59.365   305  1751 E NetlinkEvent: NetlinkEvent::FindParam(): Parameter 'UID' not found
11-29 13:46:00.908   258   258 I chatty  : uid=1000(system) /system/bin/surfaceflinger expire 35 lines
11-29 13:46:02.757   305  1751 E NetlinkEvent: NetlinkEvent::FindParam(): Parameter 'UID' not found
11-29 13:46:07.333  1787  2915 I chatty  : uid=1000(system) InputDispatcher expire 2 lines
11-29 13:46:19.596  1787  2914 I chatty  : uid=1000(system) AlarmManager expire 13 lines
11-29 13:47:11.961   258   258 I chatty  : uid=1000(system) /system/bin/surfaceflinger expire 15 lines
11-29 13:47:14.786   305  1751 E NetlinkEvent: NetlinkEvent::FindParam(): Parameter 'UID' not found
11-29 13:47:33.525   305  1751 E NetlinkEvent: NetlinkEvent::FindParam(): Parameter 'UID' not found
11-29 13:47:34.258   258   699 I chatty  : uid=1000(system) EventThread expire 12 lines
11-29 13:47:51.805   305  1751 E NetlinkEvent: NetlinkEvent::FindParam(): Parameter 'UID' not found
11-29 13:47:55.789  1787  1787 I chatty  : uid=1000 system_server expire 10 lines
11-29 13:48:24.608   305  1751 E NetlinkEvent: NetlinkEvent::FindParam(): Parameter 'UID' not found
11-29 13:48:26.117   258   258 I chatty  : uid=1000(system) /system/bin/surfaceflinger expire 13 lines
11-29 13:48:41.108  1787  2915 I chatty  : uid=1000(system) InputDispatcher expire 4 lines
11-29 13:48:41.276  1787  1806 I chatty  : uid=1000(system) android.display expire 10 lines
11-29 13:48:43.857  1787  6219 I chatty  : uid=1000(system) Binder_B expire 1 line
11-29 13:48:44.733  1787  4627 I chatty  : uid=1000(system) Binder_8 expire 6 lines
11-29 13:48:45.018  1787  1797 I chatty  : uid=1000(system) Binder_1 expire 2 lines
11-29 13:48:45.018  1787  1798 I chatty  : uid=1000(system) Binder_2 expire 2 lines
11-29 13:48:45.019  1787  2955 I chatty  : uid=1000(system) ConnectivitySer expire 4 lines
11-29 13:48:45.360  1787  4628 I chatty  : uid=1000(system) Binder_9 expire 3 lines
11-29 13:48:48.429  1787  2916 I chatty  : uid=1000(system) InputReader expire 1 line
11-29 13:48:49.168  1787  1809 I chatty  : uid=1000(system) PowerManagerSer expire 2 lines
11-29 13:48:49.169  1787  1803 I chatty  : uid=1000(system) android.fg expire 3 lines
11-29 13:48:49.834  1787  1801 I chatty  : uid=1000(system) ActivityManager expire 4 lines
11-29 13:48:50.130 13327 13327 I chatty  : uid=1000(system) expire 2 lines
11-29 13:48:50.145  3000  3000 D StatusBarKeyguardViewManager: showKeyguard, but hide Bouncer
11-29 13:49:03.748   305  1751 E NetlinkEvent: NetlinkEvent::FindParam(): Parameter 'UID' not found
11-29 13:49:19.775   305  1751 E NetlinkEvent: NetlinkEvent::FindParam(): Parameter 'UID' not found
11-29 13:49:42.131   305  1751 E NetlinkEvent: NetlinkEvent::FindParam(): Parameter 'UID' not found
11-29 13:52:00.259  1787  2914 I chatty  : uid=1000(system) AlarmManager expire 17 lines
11-29 13:52:00.306  1787  1787 I chatty  : uid=1000 system_server expire 17 lines
11-29 13:52:26.704   305  1751 E NetlinkEvent: NetlinkEvent::FindParam(): Parameter 'UID' not found
11-29 13:52:26.711   305  1751 E NetlinkEvent: NetlinkEvent::FindParam(): Parameter 'UID' not found
11-29 13:52:26.939   305  1751 E NetlinkEvent: NetlinkEvent::FindParam(): Parameter 'UID' not found
11-29 13:52:37.050   305  1751 E NetlinkEvent: NetlinkEvent::FindParam(): Parameter 'UID' not found
11-29 13:59:08.297   258   258 I chatty  : uid=1000(system) /system/bin/surfaceflinger expire 26 lines
11-29 13:59:08.723  1787  6215 I chatty  : uid=1000(system) Binder_A expire 1 line
11-29 13:59:08.731  1787  6220 I chatty  : uid=1000(system) Binder_C expire 2 lines
11-29 13:59:08.909  1787  3031 I chatty  : uid=1000(system) Binder_4 expire 1 line
11-29 13:59:18.689   305  1751 E NetlinkEvent: NetlinkEvent::FindParam(): Parameter 'UID' not found
11-29 13:59:18.886  1787  1787 I chatty  : uid=1000 system_server expire 12 lines
11-29 13:59:22.673  1787  3675 I chatty  : uid=1000(system) Binder_5 expire 1 line
11-29 13:59:22.746  1787  6221 I chatty  : uid=1000(system) Binder_D expire 1 line
11-29 13:59:33.170  1787  2217 I chatty  : uid=1000(system) Binder_E expire 2 lines
11-29 13:59:43.203  1787  2914 I chatty  : uid=1000(system) AlarmManager expire 10 lines
11-29 13:59:56.411   305  1751 E NetlinkEvent: NetlinkEvent::FindParam(): Parameter 'UID' not found
11-29 13:59:58.015   258   258 I chatty  : uid=1000(system) /system/bin/surfaceflinger expire 22 lines
11-29 14:00:02.200   305  1751 E NetlinkEvent: NetlinkEvent::FindParam(): Parameter 'UID' not found
11-29 14:00:02.345  1787  1806 I chatty  : uid=1000(system) android.display expire 2 lines
11-29 14:00:19.266   258   699 I chatty  : uid=1000(system) EventThread expire 4 lines
11-29 14:00:43.132   305  1751 E NetlinkEvent: NetlinkEvent::FindParam(): Parameter 'UID' not found
11-29 14:00:44.219   258   258 I chatty  : uid=1000(system) /system/bin/surfaceflinger expire 30 lines
11-29 14:00:44.931   305  1751 E NetlinkEvent: NetlinkEvent::FindParam(): Parameter 'UID' not found
11-29 14:01:04.910   305  1751 E NetlinkEvent: NetlinkEvent::FindParam(): Parameter 'UID' not found
11-29 14:01:05.299   305  1751 E NetlinkEvent: NetlinkEvent::FindParam(): Parameter 'UID' not found
11-29 14:02:04.573   305  1751 E NetlinkEvent: NetlinkEvent::FindParam(): Parameter 'UID' not found
11-29 14:02:08.841  1787  2914 I chatty  : uid=1000(system) AlarmManager expire 1 line
11-29 14:02:08.847  1787  1787 I chatty  : uid=1000 system_server expire 1 line
11-29 14:02:09.859   305  1751 E NetlinkEvent: NetlinkEvent::FindParam(): Parameter 'UID' not found
11-29 14:02:18.511   258   258 I chatty  : uid=1000(system) /system/bin/surfaceflinger expire 18 lines
11-29 14:02:21.555   258   699 I chatty  : uid=1000(system) EventThread expire 11 lines
11-29 14:02:55.166  1787  1787 I chatty  : uid=1000 system_server expire 13 lines
11-29 14:02:59.810   305  1751 E NetlinkEvent: NetlinkEvent::FindParam(): Parameter 'UID' not found
11-29 14:02:59.999  1787  2914 I chatty  : uid=1000(system) AlarmManager expire 12 lines
11-29 14:03:01.169   258   258 I chatty  : uid=1000(system) /system/bin/surfaceflinger expire 10 lines
11-29 14:03:17.561   305  1751 E NetlinkEvent: NetlinkEvent::FindParam(): Parameter 'UID' not found
11-29 14:03:48.073   305  1751 E NetlinkEvent: NetlinkEvent::FindParam(): Parameter 'UID' not found
11-29 14:03:48.895   258   258 I chatty  : uid=1000(system) /system/bin/surfaceflinger expire 64 lines
11-29 14:04:02.518   305  1751 E NetlinkEvent: NetlinkEvent::FindParam(): Parameter 'UID' not found
11-29 14:04:21.713  1787  1800 I chatty  : uid=1000(system) android.bg expire 1 line
11-29 14:05:18.885  1787  2217 I chatty  : uid=1000(system) Binder_E expire 1 line
11-29 14:05:19.143  1787  1806 I chatty  : uid=1000(system) android.display expire 6 lines
11-29 14:06:40.791   305  1751 E NetlinkEvent: NetlinkEvent::FindParam(): Parameter 'UID' not found
11-29 14:06:43.891   305  1751 E NetlinkEvent: NetlinkEvent::FindParam(): Parameter 'UID' not found
11-29 14:06:47.907  1787  3677 I chatty  : uid=1000(system) Binder_6 expire 1 line
11-29 14:06:55.687   258   258 I chatty  : uid=1000(system) /system/bin/surfaceflinger expire 14 lines
11-29 14:06:55.785   258   699 I chatty  : uid=1000(system) EventThread expire 11 lines
11-29 14:07:00.000  1787  2914 I chatty  : uid=1000(system) AlarmManager expire 13 lines
11-29 14:07:00.039  1787  1787 I chatty  : uid=1000 system_server expire 13 lines
11-29 14:07:55.911   305  1751 E NetlinkEvent: NetlinkEvent::FindParam(): Parameter 'UID' not found
11-29 14:08:05.773   258   258 I chatty  : uid=1000(system) /system/bin/surfaceflinger expire 10 lines
11-29 14:08:06.931   305  1751 E NetlinkEvent: NetlinkEvent::FindParam(): Parameter 'UID' not found
11-29 14:08:16.951   305  1751 E NetlinkEvent: NetlinkEvent::FindParam(): Parameter 'UID' not found
11-29 14:08:25.290   305  1751 E NetlinkEvent: NetlinkEvent::FindParam(): Parameter 'UID' not found
11-29 14:08:45.051   305  1751 E NetlinkEvent: NetlinkEvent::FindParam(): Parameter 'UID' not found
11-29 14:08:46.310   258   258 I chatty  : uid=1000(system) /system/bin/surfaceflinger expire 10 lines
11-29 14:08:54.401   305  1751 E NetlinkEvent: NetlinkEvent::FindParam(): Parameter 'UID' not found
11-29 14:09:13.472   305  1751 E NetlinkEvent: NetlinkEvent::FindParam(): Parameter 'UID' not found
11-29 14:09:24.542   305  1751 E NetlinkEvent: NetlinkEvent::FindParam(): Parameter 'UID' not found
11-29 14:09:35.331   305  1751 E NetlinkEvent: NetlinkEvent::FindParam(): Parameter 'UID' not found
11-29 14:09:43.941   305  1751 E NetlinkEvent: NetlinkEvent::FindParam(): Parameter 'UID' not found
11-29 14:09:45.295   258   258 I chatty  : uid=1000(system) /system/bin/surfaceflinger expire 14 lines
11-29 14:09:57.728  1787  2915 I chatty  : uid=1000(system) InputDispatcher expire 2 lines
11-29 14:09:58.788  1787  3675 I chatty  : uid=1000(system) Binder_5 expire 1 line
11-29 14:09:58.838  1787  4628 I chatty  : uid=1000(system) Binder_9 expire 1 line
11-29 14:10:00.301  1787  3031 I chatty  : uid=1000(system) Binder_4 expire 1 line
11-29 14:10:04.317  1787  3029 I chatty  : uid=1000(system) Binder_3 expire 1 line
11-29 14:10:26.030   305  1751 E NetlinkEvent: NetlinkEvent::FindParam(): Parameter 'UID' not found
11-29 14:10:26.365   258   258 I chatty  : uid=1000(system) /system/bin/surfaceflinger expire 14 lines
11-29 14:10:30.188  1787  1787 I chatty  : uid=1000 system_server expire 8 lines
11-29 14:10:50.946   305  1751 E NetlinkEvent: NetlinkEvent::FindParam(): Parameter 'UID' not found
11-29 14:11:00.001  1787  2914 I chatty  : uid=1000(system) AlarmManager expire 6 lines
11-29 14:11:04.392   305  1751 E NetlinkEvent: NetlinkEvent::FindParam(): Parameter 'UID' not found
11-29 14:12:09.418  1787  1801 I chatty  : uid=1000(system) ActivityManager expire 8 lines
11-29 14:12:12.392   258   258 I chatty  : uid=1000(system) /system/bin/surfaceflinger expire 14 lines
11-29 14:12:12.819   305  1751 E NetlinkEvent: NetlinkEvent::FindParam(): Parameter 'UID' not found
11-29 14:12:13.085   258   699 I chatty  : uid=1000(system) EventThread expire 10 lines
11-29 14:12:19.832  1787  6221 I chatty  : uid=1000(system) Binder_D expire 9 lines
11-29 14:12:19.943  1787  1806 I chatty  : uid=1000(system) android.display expire 6 lines
11-29 14:12:31.493   305  1751 E NetlinkEvent: NetlinkEvent::FindParam(): Parameter 'UID' not found
11-29 14:13:00.001  1787  2914 I chatty  : uid=1000(system) AlarmManager expire 15 lines
11-29 14:13:00.062  1787  1787 I chatty  : uid=1000 system_server expire 10 lines
11-29 14:13:03.307   258   258 I chatty  : uid=1000(system) /system/bin/surfaceflinger expire 22 lines
11-29 14:13:14.540   305  1751 E NetlinkEvent: NetlinkEvent::FindParam(): Parameter 'UID' not found
11-29 14:13:27.172   305  1751 E NetlinkEvent: NetlinkEvent::FindParam(): Parameter 'UID' not found
11-29 14:13:58.854   305  1751 E NetlinkEvent: NetlinkEvent::FindParam(): Parameter 'UID' not found
11-29 14:14:36.914   305  1751 E NetlinkEvent: NetlinkEvent::FindParam(): Parameter 'UID' not found
11-29 14:14:37.953   258   258 I chatty  : uid=1000(system) /system/bin/surfaceflinger expire 10 lines
11-29 14:14:38.286  1787  1798 I chatty  : uid=1000(system) Binder_2 expire 2 lines
11-29 14:14:38.339   305  1751 E NetlinkEvent: NetlinkEvent::FindParam(): Parameter 'UID' not found
11-29 14:14:50.342   305  1751 E NetlinkEvent: NetlinkEvent::FindParam(): Parameter 'UID' not found
11-29 14:14:58.313   305  1751 E NetlinkEvent: NetlinkEvent::FindParam(): Parameter 'UID' not found
11-29 14:15:00.044  1787  1787 I chatty  : uid=1000 system_server expire 12 lines
11-29 14:15:08.331   305  1751 E NetlinkEvent: NetlinkEvent::FindParam(): Parameter 'UID' not found
11-29 14:15:09.480  1787  3029 I chatty  : uid=1000(system) Binder_3 expire 3 lines
11-29 14:15:09.586  1787  2217 I chatty  : uid=1000(system) Binder_E expire 2 lines
11-29 14:15:09.982   305  1751 E NetlinkEvent: NetlinkEvent::FindParam(): Parameter 'UID' not found
11-29 14:15:10.340  1787  3031 I chatty  : uid=1000(system) Binder_4 expire 6 lines
11-29 14:15:11.209  1787  4201 I chatty  : uid=1000(system) Binder_7 expire 5 lines
11-29 14:15:26.092   305  1751 E NetlinkEvent: NetlinkEvent::FindParam(): Parameter 'UID' not found
11-29 14:15:34.116   258   258 I chatty  : uid=1000(system) /system/bin/surfaceflinger expire 8 lines
11-29 14:16:00.001  1787  2914 I chatty  : uid=1000(system) AlarmManager expire 10 lines
11-29 14:16:00.340   305  1751 E NetlinkEvent: NetlinkEvent::FindParam(): Parameter 'UID' not found
11-29 14:16:02.808  1787  2915 I chatty  : uid=1000(system) InputDispatcher expire 2 lines
11-29 14:16:04.304  1787  2916 I chatty  : uid=1000(system) InputReader expire 1 line
11-29 14:16:04.996  1787  1809 I chatty  : uid=1000(system) PowerManagerSer expire 2 lines
11-29 14:16:05.002  1787  1803 I chatty  : uid=1000(system) android.fg expire 1 line
11-29 14:16:05.088  1787  1787 I chatty  : uid=1000 system_server expire 10 lines
11-29 14:16:05.153 15964 15964 I chatty  : uid=1000(system) expire 1 line
11-29 14:16:05.243  3000  3000 D StatusBarKeyguardViewManager: showKeyguard, but hide Bouncer
11-29 14:16:07.611   258   699 I chatty  : uid=1000(system) EventThread expire 2 lines
11-29 14:16:35.160   305  1751 E NetlinkEvent: NetlinkEvent::FindParam(): Parameter 'UID' not found
11-29 14:16:35.170   305  1751 E NetlinkEvent: NetlinkEvent::FindParam(): Parameter 'UID' not found
11-29 14:16:53.792   305  1751 E NetlinkEvent: NetlinkEvent::FindParam(): Parameter 'UID' not found
11-29 14:17:16.403  1787  2914 I chatty  : uid=1000(system) AlarmManager expire 10 lines
11-29 14:17:34.042  3640  3640 D MccTable: updateMccMncConfiguration mccmnc='null' fromServiceState=true
11-29 14:17:34.043  3640  3640 D MccTable: WIFI_COUNTRY_CODE set to 
11-29 14:17:34.419   305  1751 E NetlinkEvent: NetlinkEvent::FindParam(): Parameter 'UID' not found
11-29 14:17:34.529  1787  3675 I chatty  : uid=1000(system) Binder_5 expire 3 lines
11-29 14:17:34.577  1787  6219 I chatty  : uid=1000(system) Binder_B expire 6 lines
11-29 14:17:34.621  3460  3460 I chatty  : uid=1000(system) com.motorola.modemservice expire 2 lines
11-29 14:17:34.667  1787  2955 I chatty  : uid=1000(system) ConnectivitySer expire 17 lines
11-29 14:17:34.670  1787  4628 I chatty  : uid=1000(system) Binder_9 expire 6 lines
11-29 14:17:34.745  1787  6215 I chatty  : uid=1000(system) Binder_A expire 10 lines
11-29 14:17:34.931  3627  3627 I chatty  : uid=1000(system) com.motorola.process.system expire 3 lines
11-29 14:17:35.109  1787  1797 I chatty  : uid=1000(system) Binder_1 expire 5 lines
11-29 14:17:39.411  1787  1787 I chatty  : uid=1000 system_server expire 8 lines
11-29 14:18:13.545   305  1751 E NetlinkEvent: NetlinkEvent::FindParam(): Parameter 'UID' not found
11-29 14:18:13.645   305  1751 E NetlinkEvent: NetlinkEvent::FindParam(): Parameter 'UID' not found
11-29 14:18:13.697  1787  4627 I chatty  : uid=1000(system) Binder_8 expire 1 line
11-29 14:18:16.663  3640  3640 D MccTable: updateMccMncConfiguration mccmnc='26203' fromServiceState=true
11-29 14:18:16.663  3640  3640 D MccTable: updateMccMncConfiguration defaultMccMnc=26207
11-29 14:18:16.664  3640  3640 D MccTable: updateMccMncConfiguration: mcc=262, mnc=3
11-29 14:18:16.664  3640  3640 D MccTable: WIFI_COUNTRY_CODE set to de
11-29 14:18:16.667  1787  2949 I chatty  : uid=1000(system) WifiP2pService expire 2 lines
11-29 14:18:16.757  1787  3677 I chatty  : uid=1000(system) Binder_6 expire 6 lines
11-29 14:18:16.937  1787  2954 I chatty  : uid=1000(system) WifiService expire 1 line
11-29 14:18:17.052  1787  6220 I chatty  : uid=1000(system) Binder_C expire 10 lines
11-29 14:18:30.879  1787  2955 I chatty  : uid=1000(system) ConnectivitySer expire 12 lines
11-29 14:18:51.696  1787  3031 I chatty  : uid=1000(system) Binder_4 expire 10 lines
11-29 14:18:52.698  1787  2914 I chatty  : uid=1000(system) AlarmManager expire 10 lines
11-29 14:18:52.705  1787  3029 I chatty  : uid=1000(system) Binder_3 expire 7 lines
11-29 14:18:52.706  1787  1787 I chatty  : uid=1000 system_server expire 10 lines
11-29 14:19:38.074   305  1751 E NetlinkEvent: NetlinkEvent::FindParam(): Parameter 'UID' not found
11-29 14:21:14.042  1787  1801 I chatty  : uid=1000(system) ActivityManager expire 4 lines
11-29 14:21:14.056  1787  1800 I chatty  : uid=1000(system) android.bg expire 3 lines
11-29 14:21:14.124  1787  1798 I chatty  : uid=1000(system) Binder_2 expire 9 lines
11-29 14:21:14.488  3640  3640 D MccTable: updateMccMncConfiguration mccmnc='26207' fromServiceState=true
11-29 14:21:14.490  3640  3640 D MccTable: updateMccMncConfiguration defaultMccMnc=26207
11-29 14:21:14.490  3640  3640 D MccTable: updateMccMncConfiguration: mcc=262, mnc=7
11-29 14:21:14.490  3640  3640 D MccTable: WIFI_COUNTRY_CODE set to de
11-29 14:21:14.490  1787  2217 I chatty  : uid=1000(system) Binder_E expire 5 lines
11-29 14:21:14.493  1787  2949 I chatty  : uid=1000(system) WifiP2pService expire 6 lines
11-29 14:21:15.601  1787  3677 I chatty  : uid=1000(system) Binder_6 expire 14 lines
11-29 14:21:15.622  1787  4627 I chatty  : uid=1000(system) Binder_8 expire 5 lines
11-29 14:21:15.739  1787  3675 I chatty  : uid=1000(system) Binder_5 expire 7 lines
11-29 14:21:20.586  1787  2914 I chatty  : uid=1000(system) AlarmManager expire 10 lines
11-29 14:21:20.713  1787  1787 I chatty  : uid=1000 system_server expire 10 lines
11-29 14:21:21.163  1787  6219 I chatty  : uid=1000(system) Binder_B expire 4 lines
11-29 14:21:21.555  1787  6215 I chatty  : uid=1000(system) Binder_A expire 10 lines
11-29 14:21:27.479  3460  3460 I chatty  : uid=1000(system) com.motorola.modemservice expire 8 lines
11-29 14:21:27.517  3627  3627 I chatty  : uid=1000(system) com.motorola.process.system expire 8 lines
11-29 14:21:27.631  1787  6221 I chatty  : uid=1000(system) Binder_D expire 3 lines
11-29 14:21:28.039   305  1751 E NetlinkEvent: NetlinkEvent::FindParam(): Parameter 'UID' not found
11-29 14:21:30.094  1787  2955 I chatty  : uid=1000(system) ConnectivitySer expire 24 lines
11-29 14:21:30.847  1787  2943 I chatty  : uid=1000(system) NetworkPolicy expire 1 line
11-29 14:22:06.922   305  1751 E NetlinkEvent: NetlinkEvent::FindParam(): Parameter 'UID' not found
11-29 14:22:06.934  1787  1797 I chatty  : uid=1000(system) Binder_1 expire 10 lines
11-29 14:22:30.508   305  1751 E NetlinkEvent: NetlinkEvent::FindParam(): Parameter 'UID' not found
11-29 14:22:43.083   305  1751 E NetlinkEvent: NetlinkEvent::FindParam(): Parameter 'UID' not found
11-29 14:22:47.086  3640  3640 D MccTable: updateMccMncConfiguration mccmnc='null' fromServiceState=true
11-29 14:22:47.086  3640  3640 D MccTable: WIFI_COUNTRY_CODE set to 
11-29 14:22:47.130  1787  2955 I chatty  : uid=1000(system) ConnectivitySer expire 15 lines
11-29 14:22:47.252  1787  4628 I chatty  : uid=1000(system) Binder_9 expire 4 lines
11-29 14:22:47.322   305  1751 E NetlinkEvent: NetlinkEvent::FindParam(): Parameter 'UID' not found
11-29 14:23:12.076   305  1751 E NetlinkEvent: NetlinkEvent::FindParam(): Parameter 'UID' not found
11-29 14:23:12.206  1787  6220 I chatty  : uid=1000(system) Binder_C expire 10 lines
11-29 14:23:12.230  1787  4201 I chatty  : uid=1000(system) Binder_7 expire 2 lines
11-29 14:23:14.813  3640  3640 D MccTable: updateMccMncConfiguration mccmnc='26207' fromServiceState=true
11-29 14:23:14.814  3640  3640 D MccTable: updateMccMncConfiguration defaultMccMnc=26207
11-29 14:23:14.814  3640  3640 D MccTable: updateMccMncConfiguration: mcc=262, mnc=7
11-29 14:23:14.814  3640  3640 D MccTable: WIFI_COUNTRY_CODE set to de
11-29 14:23:15.773   305  1751 E NetlinkEvent: NetlinkEvent::FindParam(): Parameter 'UID' not found
11-29 14:23:18.845  1787  2955 I chatty  : uid=1000(system) ConnectivitySer expire 10 lines
11-29 14:23:36.120  3640  3640 D MccTable: updateMccMncConfiguration mccmnc='null' fromServiceState=true
11-29 14:23:36.120  3640  3640 D MccTable: WIFI_COUNTRY_CODE set to 
11-29 14:23:42.400  1787  2914 I chatty  : uid=1000(system) AlarmManager expire 4 lines
11-29 14:23:42.417  1787  1787 I chatty  : uid=1000 system_server expire 4 lines
11-29 14:23:52.079  3640  3640 D MccTable: updateMccMncConfiguration mccmnc='26203' fromServiceState=true
11-29 14:23:52.086  3640  3640 D MccTable: updateMccMncConfiguration defaultMccMnc=26207
11-29 14:23:52.086  3640  3640 D MccTable: updateMccMncConfiguration: mcc=262, mnc=3
11-29 14:23:52.086  3640  3640 D MccTable: WIFI_COUNTRY_CODE set to de
11-29 14:23:52.267  1787  2955 I chatty  : uid=1000(system) ConnectivitySer expire 10 lines
11-29 14:23:52.560  1787  6220 I chatty  : uid=1000(system) Binder_C expire 4 lines
11-29 14:23:53.719  1787  2955 I chatty  : uid=1000(system) ConnectivitySer expire 18 lines
11-29 14:23:53.733  1787  6219 I chatty  : uid=1000(system) Binder_B expire 3 lines
11-29 14:23:53.831  1787  4628 I chatty  : uid=1000(system) Binder_9 expire 4 lines
11-29 14:23:56.371  1787  2914 I chatty  : uid=1000(system) AlarmManager expire 12 lines
11-29 14:23:56.380  1787  1787 I chatty  : uid=1000 system_server expire 10 lines
11-29 14:24:25.722   305  1751 E NetlinkEvent: NetlinkEvent::FindParam(): Parameter 'UID' not found
11-29 14:24:39.622   305  1751 E NetlinkEvent: NetlinkEvent::FindParam(): Parameter 'UID' not found
11-29 14:26:15.290   305  1751 E NetlinkEvent: NetlinkEvent::FindParam(): Parameter 'UID' not found
11-29 14:26:16.307   305  1751 E NetlinkEvent: NetlinkEvent::FindParam(): Parameter 'UID' not found
11-29 14:26:16.528  1787  1797 I chatty  : uid=1000(system) Binder_1 expire 7 lines
11-29 14:26:32.591   305  1751 E NetlinkEvent: NetlinkEvent::FindParam(): Parameter 'UID' not found
11-29 14:26:33.595  1787  1787 I chatty  : uid=1000 system_server expire 16 lines
11-29 14:27:56.288   305  1751 E NetlinkEvent: NetlinkEvent::FindParam(): Parameter 'UID' not found
11-29 14:28:56.600   305  1751 E NetlinkEvent: NetlinkEvent::FindParam(): Parameter 'UID' not found
11-29 14:28:57.747   305  1751 E NetlinkEvent: NetlinkEvent::FindParam(): Parameter 'UID' not found
11-29 14:29:20.075   305  1751 E NetlinkEvent: NetlinkEvent::FindParam(): Parameter 'UID' not found
11-29 14:29:20.124   305  1751 E NetlinkEvent: NetlinkEvent::FindParam(): Parameter 'UID' not found
11-29 14:29:32.872   305  1751 E NetlinkEvent: NetlinkEvent::FindParam(): Parameter 'UID' not found
11-29 14:29:33.913  1787  2914 I chatty  : uid=1000(system) AlarmManager expire 13 lines
11-29 14:29:50.133   305  1751 E NetlinkEvent: NetlinkEvent::FindParam(): Parameter 'UID' not found
11-29 14:30:20.593   305  1751 E NetlinkEvent: NetlinkEvent::FindParam(): Parameter 'UID' not found
11-29 14:31:08.621   305  1751 E NetlinkEvent: NetlinkEvent::FindParam(): Parameter 'UID' not found
11-29 14:32:13.043   305  1751 E NetlinkEvent: NetlinkEvent::FindParam(): Parameter 'UID' not found
11-29 14:32:23.121  1787  2914 I chatty  : uid=1000(system) AlarmManager expire 14 lines
11-29 14:32:23.136  1787  1787 I chatty  : uid=1000 system_server expire 14 lines
11-29 14:32:35.681   305  1751 E NetlinkEvent: NetlinkEvent::FindParam(): Parameter 'UID' not found
11-29 14:32:58.126   305  1751 E NetlinkEvent: NetlinkEvent::FindParam(): Parameter 'UID' not found
11-29 14:33:14.961   305  1751 E NetlinkEvent: NetlinkEvent::FindParam(): Parameter 'UID' not found
11-29 14:33:29.509   305  1751 E NetlinkEvent: NetlinkEvent::FindParam(): Parameter 'UID' not found
11-29 14:33:33.913  3640  3640 D MccTable: updateMccMncConfiguration mccmnc='null' fromServiceState=true
11-29 14:33:33.913  3640  3640 D MccTable: WIFI_COUNTRY_CODE set to 
11-29 14:33:33.914  1787  6215 I chatty  : uid=1000(system) Binder_A expire 7 lines
11-29 14:33:33.949  3460  3460 I chatty  : uid=1000(system) com.motorola.modemservice expire 2 lines
11-29 14:33:33.977  3627  3627 I chatty  : uid=1000(system) com.motorola.process.system expire 2 lines
11-29 14:33:34.074  1787  3029 I chatty  : uid=1000(system) Binder_3 expire 6 lines
11-29 14:33:34.090  1787  2217 I chatty  : uid=1000(system) Binder_E expire 6 lines
11-29 14:33:50.157   305  1751 E NetlinkEvent: NetlinkEvent::FindParam(): Parameter 'UID' not found
11-29 14:33:50.183  1787  2943 I chatty  : uid=1000(system) NetworkPolicy expire 1 line
11-29 14:33:50.282  1787  4201 I chatty  : uid=1000(system) Binder_7 expire 6 lines
11-29 14:33:50.302  1787  6221 I chatty  : uid=1000(system) Binder_D expire 5 lines
11-29 14:33:53.565  3640  3640 D MccTable: updateMccMncConfiguration mccmnc='26207' fromServiceState=true
11-29 14:33:53.566  3640  3640 D MccTable: updateMccMncConfiguration defaultMccMnc=26207
11-29 14:33:53.566  3640  3640 D MccTable: updateMccMncConfiguration: mcc=262, mnc=7
11-29 14:33:53.566  3640  3640 D MccTable: WIFI_COUNTRY_CODE set to de
11-29 14:33:53.570  1787  2949 I chatty  : uid=1000(system) WifiP2pService expire 6 lines
11-29 14:33:53.657  1787  3031 I chatty  : uid=1000(system) Binder_4 expire 10 lines
11-29 14:33:53.717  1787  3677 I chatty  : uid=1000(system) Binder_6 expire 8 lines
11-29 14:33:54.392  1787  1800 I chatty  : uid=1000(system) android.bg expire 4 lines
11-29 14:34:41.947   305  1751 E NetlinkEvent: NetlinkEvent::FindParam(): Parameter 'UID' not found
11-29 14:34:43.233   305  1751 E NetlinkEvent: NetlinkEvent::FindParam(): Parameter 'UID' not found
11-29 14:35:12.595   305  1751 E NetlinkEvent: NetlinkEvent::FindParam(): Parameter 'UID' not found
11-29 14:35:41.591  1787  2914 I chatty  : uid=1000(system) AlarmManager expire 11 lines
11-29 14:35:41.601  1787  1787 I chatty  : uid=1000 system_server expire 11 lines
11-29 14:35:41.616   305  1751 E NetlinkEvent: NetlinkEvent::FindParam(): Parameter 'UID' not found
11-29 14:35:49.533  1787  1801 I chatty  : uid=1000(system) ActivityManager expire 7 lines
11-29 14:35:58.292   305  1751 E NetlinkEvent: NetlinkEvent::FindParam(): Parameter 'UID' not found
11-29 14:35:59.553   305  1751 E NetlinkEvent: NetlinkEvent::FindParam(): Parameter 'UID' not found
11-29 14:36:11.972   305  1751 E NetlinkEvent: NetlinkEvent::FindParam(): Parameter 'UID' not found
11-29 14:36:14.752   305  1751 E NetlinkEvent: NetlinkEvent::FindParam(): Parameter 'UID' not found
11-29 14:36:24.772   305  1751 E NetlinkEvent: NetlinkEvent::FindParam(): Parameter 'UID' not found
11-29 14:38:00.573   305  1751 E NetlinkEvent: NetlinkEvent::FindParam(): Parameter 'UID' not found
11-29 14:38:45.342   305  1751 E NetlinkEvent: NetlinkEvent::FindParam(): Parameter 'UID' not found
11-29 14:38:46.343  1787  2914 I chatty  : uid=1000(system) AlarmManager expire 10 lines
11-29 14:38:46.347  1787  1787 I chatty  : uid=1000 system_server expire 10 lines
11-29 14:39:17.082  3640  3640 D MccTable: updateMccMncConfiguration mccmnc='26203' fromServiceState=true
11-29 14:39:17.083  3640  3640 D MccTable: updateMccMncConfiguration defaultMccMnc=26207
11-29 14:39:17.084  3640  3640 D MccTable: updateMccMncConfiguration: mcc=262, mnc=3
11-29 14:39:17.084  3640  3640 D MccTable: WIFI_COUNTRY_CODE set to de
11-29 14:39:17.154  1787  2955 I chatty  : uid=1000(system) ConnectivitySer expire 6 lines
11-29 14:39:17.200   305  1751 E NetlinkEvent: NetlinkEvent::FindParam(): Parameter 'UID' not found
11-29 14:39:19.211  1787  1798 I chatty  : uid=1000(system) Binder_2 expire 1 line
11-29 14:39:19.358  1787  3675 I chatty  : uid=1000(system) Binder_5 expire 2 lines
11-29 14:39:37.491   305  1751 E NetlinkEvent: NetlinkEvent::FindParam(): Parameter 'UID' not found
11-29 14:39:45.058   305  1751 E NetlinkEvent: NetlinkEvent::FindParam(): Parameter 'UID' not found
11-29 14:39:48.352  1787  4627 I chatty  : uid=1000(system) Binder_8 expire 1 line
11-29 14:40:06.981   305  1751 E NetlinkEvent: NetlinkEvent::FindParam(): Parameter 'UID' not found
11-29 14:40:07.039  1787  2914 I chatty  : uid=1000(system) AlarmManager expire 10 lines
11-29 14:40:07.188  1787  1787 I chatty  : uid=1000 system_server expire 19 lines
11-29 14:40:07.981  3640  3640 D MccTable: updateMccMncConfiguration mccmnc='26207' fromServiceState=true
11-29 14:40:07.982  3640  3640 D MccTable: updateMccMncConfiguration defaultMccMnc=26207
11-29 14:40:07.982  3640  3640 D MccTable: updateMccMncConfiguration: mcc=262, mnc=7
11-29 14:40:07.982  3640  3640 D MccTable: WIFI_COUNTRY_CODE set to de
11-29 14:42:41.829  1787  2914 I chatty  : uid=1000(system) AlarmManager expire 15 lines
11-29 14:43:14.695  1787  3031 I chatty  : uid=1000(system) Binder_4 expire 3 lines
11-29 14:43:59.602   305  1751 E NetlinkEvent: NetlinkEvent::FindParam(): Parameter 'UID' not found
11-29 14:44:04.808  1787  1801 I chatty  : uid=1000(system) ActivityManager expire 6 lines
11-29 14:44:04.904  1787  2955 I chatty  : uid=1000(system) ConnectivitySer expire 14 lines
11-29 14:44:05.025  1787  4201 I chatty  : uid=1000(system) Binder_7 expire 2 lines
11-29 14:44:05.049  1787  3029 I chatty  : uid=1000(system) Binder_3 expire 5 lines
11-29 14:44:05.068  1787  3675 I chatty  : uid=1000(system) Binder_5 expire 4 lines
11-29 14:44:05.238  1787  3677 I chatty  : uid=1000(system) Binder_6 expire 3 lines
11-29 14:44:06.388  1787  2217 I chatty  : uid=1000(system) Binder_E expire 4 lines
11-29 14:44:25.587   305  1751 E NetlinkEvent: NetlinkEvent::FindParam(): Parameter 'UID' not found
11-29 14:44:26.640  1787  1787 I chatty  : uid=1000 system_server expire 23 lines
11-29 14:45:19.113  1787  4627 I chatty  : uid=1000(system) Binder_8 expire 7 lines
11-29 14:45:19.195  1787  6219 I chatty  : uid=1000(system) Binder_B expire 6 lines
11-29 14:45:20.041   305  1751 E NetlinkEvent: NetlinkEvent::FindParam(): Parameter 'UID' not found
11-29 14:45:20.051  3640  3640 D MccTable: updateMccMncConfiguration mccmnc='26203' fromServiceState=true
11-29 14:45:20.052  3640  3640 D MccTable: updateMccMncConfiguration defaultMccMnc=26207
11-29 14:45:20.052  3640  3640 D MccTable: updateMccMncConfiguration: mcc=262, mnc=3
