12-01 11:52:24.991  1787  1800 I chatty  : uid=1000(system) android.bg expire 1 line
12-01 11:52:30.613   258   699 I chatty  : uid=1000(system) EventThread expire 2 lines
12-01 11:52:52.894  1787  2914 I chatty  : uid=1000(system) AlarmManager expire 18 lines
12-01 11:53:54.869   258   258 I chatty  : uid=1000(system) /system/bin/surfaceflinger expire 64 lines
12-01 11:53:56.185   258   699 I chatty  : uid=1000(system) EventThread expire 9 lines
12-01 11:54:00.048  1787  1787 I chatty  : uid=1000 system_server expire 14 lines
12-01 11:54:57.324   305  1751 E NetlinkEvent: NetlinkEvent::FindParam(): Parameter 'UID' not found
12-01 11:54:58.391   258   258 I chatty  : uid=1000(system) /system/bin/surfaceflinger expire 44 lines
12-01 11:54:58.420   305  1751 E NetlinkEvent: NetlinkEvent::FindParam(): Parameter 'UID' not found
12-01 11:57:22.764   305  1751 E NetlinkEvent: NetlinkEvent::FindParam(): Parameter 'UID' not found
12-01 11:57:23.239  1787  2914 I chatty  : uid=1000(system) AlarmManager expire 6 lines
12-01 11:57:23.250  1787  1787 I chatty  : uid=1000 system_server expire 3 lines
12-01 11:57:36.947   258   258 I chatty  : uid=1000(system) /system/bin/surfaceflinger expire 228 lines
12-01 11:57:43.183   305  1751 E NetlinkEvent: NetlinkEvent::FindParam(): Parameter 'UID' not found
12-01 11:58:13.558  1787  2914 I chatty  : uid=1000(system) AlarmManager expire 9 lines
12-01 11:58:13.572  1787  1787 I chatty  : uid=1000 system_server expire 13 lines
12-01 11:58:13.666  3627  3627 I chatty  : uid=1000(system) com.motorola.process.system expire 2 lines
12-01 11:58:40.816   258   699 I chatty  : uid=1000(system) EventThread expire 4 lines
12-01 11:59:58.524  1787  1801 I chatty  : uid=1000(system) ActivityManager expire 2 lines
12-01 12:00:00.601  1787  6221 I chatty  : uid=1000(system) Binder_D expire 1 line
12-01 12:00:00.680  1787  3675 I chatty  : uid=1000(system) Binder_5 expire 2 lines
12-01 12:00:01.266  1787  6220 I chatty  : uid=1000(system) Binder_C expire 2 lines
12-01 12:00:01.785  1787  6215 I chatty  : uid=1000(system) Binder_A expire 1 line
12-01 12:00:01.870  1787  3677 I chatty  : uid=1000(system) Binder_6 expire 1 line
12-01 12:00:02.425  1787  4627 I chatty  : uid=1000(system) Binder_8 expire 1 line
12-01 12:00:02.507  1787  2954 I chatty  : uid=1000(system) WifiService expire 1 line
12-01 12:00:16.191   258   258 I chatty  : uid=1000(system) /system/bin/surfaceflinger expire 103 lines
12-01 12:00:32.373   258   699 I chatty  : uid=1000(system) EventThread expire 5 lines
12-01 12:01:00.001  1787  2914 I chatty  : uid=1000(system) AlarmManager expire 11 lines
12-01 12:01:00.053  1787  1787 I chatty  : uid=1000 system_server expire 11 lines
12-01 12:01:00.054  1787  6215 I chatty  : uid=1000(system) Binder_A expire 2 lines
12-01 12:03:20.505   305  1751 E NetlinkEvent: NetlinkEvent::FindParam(): Parameter 'UID' not found
12-01 12:03:27.839   258   258 I chatty  : uid=1000(system) /system/bin/surfaceflinger expire 19 lines
12-01 12:04:08.577   305  1751 E NetlinkEvent: NetlinkEvent::FindParam(): Parameter 'UID' not found
12-01 12:04:09.310   258   258 I chatty  : uid=1000(system) /system/bin/surfaceflinger expire 43 lines
12-01 12:04:13.633  1787  2914 I chatty  : uid=1000(system) AlarmManager expire 1 line
12-01 12:04:13.638  1787  1787 I chatty  : uid=1000 system_server expire 1 line
12-01 12:04:52.052   258   258 D SFPerfTracer:        layers: (5:16) (FocusedStackFrame (0xb76faf08): 0:2423)* (DimLayer (0xb765c9f8): 0:71)* (StatusBar (0xb7700af0): 1:40404) (com.android.systemui.ImageWallpaper (0xb7652330): 0:2091)* (Sprite (0xb76bc5c0): 0:49340)* (Sprite (0xb76d2e78): 0:6474)* (Sprite (0xb76e0498): 0:45920)* (Sprite (0xb769c898): 0:27)* (DimLayer (0xb7709288): 0:44)* (Sprite (0xb76d7f10): 21:244) (Sprite (0xb7711490): 0:9083)* (NavigationBar (0xb76d5a50): 0:340) (org.mozilla.firefox/org.mozilla.gecko.BrowserApp (0xb7713258): 23:8832) (SurfaceView (0xb7714520): 22:10200) 
12-01 12:04:53.251   258   258 I SFPerfTracer:      triggers: (rate: 309:11483) (compose: 26:1203) (post: 3:4421) (render: 126:3204) (23:475162 frames) (24:536208)
12-01 12:04:53.251   258   258 D SFPerfTracer:        layers: (4:16) (FocusedStackFrame (0xb76faf08): 0:2423)* (DimLayer (0xb765c9f8): 0:71)* (StatusBar (0xb7700af0): 1:40405) (com.android.systemui.ImageWallpaper (0xb7652330): 0:2091)* (Sprite (0xb76bc5c0): 0:49340)* (Sprite (0xb76d2e78): 0:6474)* (Sprite (0xb76e0498): 0:45920)* (Sprite (0xb769c898): 0:27)* (DimLayer (0xb7709288): 0:44)* (Sprite (0xb76d7f10): 1:263)* (Sprite (0xb7711490): 0:9083)* (NavigationBar (0xb76d5a50): 0:340) (org.mozilla.firefox/org.mozilla.gecko.BrowserApp (0xb7713258): 24:8904) (SurfaceView (0xb7714520): 24:10251) 
12-01 12:04:58.993   258   258 I SFPerfTracer:      triggers: (rate: 309:11484) (compose: 26:1203) (post: 3:4421) (render: 126:3204) (1:475252 frames) (2:536308)
12-01 12:04:58.993   258   258 D SFPerfTracer:        layers: (4:16) (FocusedStackFrame (0xb76faf08): 0:2423)* (DimLayer (0xb765c9f8): 0:71)* (StatusBar (0xb7700af0): 2:40413) (com.android.systemui.ImageWallpaper (0xb7652330): 0:2091)* (Sprite (0xb76bc5c0): 0:49340)* (Sprite (0xb76d2e78): 0:6474)* (Sprite (0xb76e0498): 0:45920)* (Sprite (0xb769c898): 0:27)* (DimLayer (0xb7709288): 0:44)* (Sprite (0xb76d7f10): 0:320)* (Sprite (0xb7711490): 0:9083)* (NavigationBar (0xb76d5a50): 0:340) (org.mozilla.firefox/org.mozilla.gecko.BrowserApp (0xb7713258): 0:8970) (SurfaceView (0xb7714520): 0:10291) 
12-01 12:05:00.001  1787  2914 V AlarmManager: sending alarm {59149cf type 3 *alarm*:android.intent.action.TIME_TICK}
12-01 12:05:00.003  1787  2914 V AlarmManager: sending alarm {9fb17df type 1 *alarm*:com.droid27.tcw.ACTION_TIME_TICK}
12-01 12:05:00.051  1787  1787 V AlarmManager: done {9fb17df, *alarm*:com.droid27.tcw.ACTION_TIME_TICK} [51ms]
12-01 12:05:00.071  1787  1787 V AlarmManager: done {59149cf, *alarm*:android.intent.action.TIME_TICK} [71ms]
12-01 12:05:03.085   258   699 I SFPerfTracer:      triggers: (rate: 17:837) (799049 sw vsyncs) (0 skipped) (904:1409257 vsyncs) (906:2224744)
12-01 12:05:06.752   258   258 I SFPerfTracer:      triggers: (rate: 309:11486) (compose: 26:1203) (post: 3:4421) (render: 126:3205) (20:475280 frames) (21:536355)
12-01 12:05:06.752   258   258 D SFPerfTracer:        layers: (5:16) (FocusedStackFrame (0xb76faf08): 0:2423)* (DimLayer (0xb765c9f8): 0:71)* (StatusBar (0xb7700af0): 0:40429) (com.android.systemui.ImageWallpaper (0xb7652330): 0:2091)* (Sprite (0xb76bc5c0): 0:49340)* (Sprite (0xb76d2e78): 0:6474)* (Sprite (0xb76e0498): 0:45920)* (Sprite (0xb769c898): 0:27)* (DimLayer (0xb7709288): 0:44)* (Sprite (0xb76d7f10): 20:340) (Sprite (0xb7711490): 0:9083)* (NavigationBar (0xb76d5a50): 0:340) (org.mozilla.firefox/org.mozilla.gecko.BrowserApp (0xb7713258): 3:8973) (SurfaceView (0xb7714520): 17:10308) 
12-01 12:05:07.585   258   258 I SFPerfTracer:       trigger: frame rate (-40.987%)	(35.408 fps)	(28.242 ms) 	(6 drops)	(13 frames)
12-01 12:05:07.586   258   258 I SFPerfTracer:       trigger: render     (34.230 ms)	(9.230 ms off for 7 triggers)	(9 triggers)	(14 renders)
12-01 12:05:07.586   258   258 I SFPerfTracer:      triggers: (rate: 310:11492) (compose: 26:1206) (post: 3:4422) (render: 127:3214) (13:475317 frames) (14:536394)
12-01 12:05:07.586   258   258 D SFPerfTracer:        layers: (5:16) (FocusedStackFrame (0xb76faf08): 0:2423)* (DimLayer (0xb765c9f8): 0:71)* (StatusBar (0xb7700af0): 1:40430) (com.android.systemui.ImageWallpaper (0xb7652330): 0:2091)* (Sprite (0xb76bc5c0): 0:49340)* (Sprite (0xb76d2e78): 0:6474)* (Sprite (0xb76e0498): 0:45920)* (Sprite (0xb769c898): 0:27)* (DimLayer (0xb7709288): 0:44)* (Sprite (0xb76d7f10): 14:355) (Sprite (0xb7711490): 0:9083)* (NavigationBar (0xb76d5a50): 0:340) (org.mozilla.firefox/org.mozilla.gecko.BrowserApp (0xb7713258): 6:8979) (SurfaceView (0xb7714520): 12:10345) 
12-01 12:05:08.270   258   258 I SFPerfTracer:      triggers: (rate: 310:11493) (compose: 26:1206) (post: 3:4423) (render: 127:3215) (40:475357 frames) (41:536435)
12-01 12:05:08.270   258   258 D SFPerfTracer:        layers: (4:16) (FocusedStackFrame (0xb76faf08): 0:2423)* (DimLayer (0xb765c9f8): 0:71)* (StatusBar (0xb7700af0): 2:40432) (com.android.systemui.ImageWallpaper (0xb7652330): 0:2091)* (Sprite (0xb76bc5c0): 0:49340)* (Sprite (0xb76d2e78): 0:6474)* (Sprite (0xb76e0498): 0:45920)* (Sprite (0xb769c898): 0:27)* (DimLayer (0xb7709288): 0:44)* (Sprite (0xb76d7f10): 1:356)* (Sprite (0xb7711490): 0:9083)* (NavigationBar (0xb76d5a50): 0:340) (org.mozilla.firefox/org.mozilla.gecko.BrowserApp (0xb7713258): 40:9019) (SurfaceView (0xb7714520): 13:10358) 
12-01 12:05:10.936   258   258 I SFPerfTracer:      triggers: (rate: 310:11493) (compose: 26:1206) (post: 3:4425) (render: 127:3215) (64:475497 frames) (65:536580)
12-01 12:05:10.936   258   258 D SFPerfTracer:        layers: (4:16) (FocusedStackFrame (0xb76faf08): 0:2423)* (DimLayer (0xb765c9f8): 0:71)* (StatusBar (0xb7700af0): 1:40437) (com.android.systemui.ImageWallpaper (0xb7652330): 0:2091)* (Sprite (0xb76bc5c0): 0:49340)* (Sprite (0xb76d2e78): 0:6474)* (Sprite (0xb76e0498): 0:45920)* (Sprite (0xb769c898): 0:27)* (DimLayer (0xb7709288): 0:44)* (Sprite (0xb76d7f10): 1:402)* (Sprite (0xb7711490): 0:9083)* (NavigationBar (0xb76d5a50): 0:340) (org.mozilla.firefox/org.mozilla.gecko.BrowserApp (0xb7713258): 65:9153) (SurfaceView (0xb7714520): 35:10429) 
12-01 12:05:12.837   258   258 I SFPerfTracer:      triggers: (rate: 310:11493) (compose: 26:1206) (post: 3:4425) (render: 127:3215) (23:475607 frames) (24:536693)
12-01 12:05:12.837   258   258 D SFPerfTracer:        layers: (5:16) (FocusedStackFrame (0xb76faf08): 0:2423)* (DimLayer (0xb765c9f8): 0:71)* (StatusBar (0xb7700af0): 0:40438) (com.android.systemui.ImageWallpaper (0xb7652330): 0:2091)* (Sprite (0xb76bc5c0): 0:49340)* (Sprite (0xb76d2e78): 0:6474)* (Sprite (0xb76e0498): 0:45920)* (Sprite (0xb769c898): 0:27)* (DimLayer (0xb7709288): 0:44)* (Sprite (0xb76d7f10): 22:445) (Sprite (0xb7711490): 0:9083)* (NavigationBar (0xb76d5a50): 0:340) (org.mozilla.firefox/org.mozilla.gecko.BrowserApp (0xb7713258): 9:9191) (SurfaceView (0xb7714520): 20:10509) 
12-01 12:05:13.647  1787  2914 V AlarmManager: sending alarm {a017b6f type 2 *walarm*:com.android.internal.telephony.data-stall}
12-01 12:05:13.657  1787  1787 V AlarmManager: done {a017b6f, *walarm*:com.android.internal.telephony.data-stall} [10ms]
12-01 12:05:18.338   258   258 I SFPerfTracer:      triggers: (rate: 310:11494) (compose: 26:1206) (post: 3:4425) (render: 127:3215) (39:475699 frames) (40:536796)
12-01 12:05:18.338   258   258 D SFPerfTracer:        layers: (5:16) (FocusedStackFrame (0xb76faf08): 0:2423)* (DimLayer (0xb765c9f8): 0:71)* (StatusBar (0xb7700af0): 0:40445) (com.android.systemui.ImageWallpaper (0xb7652330): 0:2091)* (Sprite (0xb76bc5c0): 0:49340)* (Sprite (0xb76d2e78): 0:6474)* (Sprite (0xb76e0498): 0:45920)* (Sprite (0xb769c898): 0:27)* (DimLayer (0xb7709288): 0:44)* (Sprite (0xb76d7f10): 39:485) (Sprite (0xb7711490): 0:9083)* (NavigationBar (0xb76d5a50): 0:340) (org.mozilla.firefox/org.mozilla.gecko.BrowserApp (0xb7713258): 0:9230) (SurfaceView (0xb7714520): 27:10558) 
12-01 12:05:21.320   258   258 I SFPerfTracer:      triggers: (rate: 310:11494) (compose: 26:1206) (post: 3:4427) (render: 127:3217) (51:475837 frames) (52:536943)
12-01 12:05:21.320   258   258 D SFPerfTracer:        layers: (5:16) (FocusedStackFrame (0xb76faf08): 0:2423)* (DimLayer (0xb765c9f8): 0:71)* (StatusBar (0xb7700af0): 0:40447) (com.android.systemui.ImageWallpaper (0xb7652330): 0:2091)* (Sprite (0xb76bc5c0): 0:49340)* (Sprite (0xb76d2e78): 0:6474)* (Sprite (0xb76e0498): 0:45920)* (Sprite (0xb769c898): 0:27)* (DimLayer (0xb7709288): 0:44)* (Sprite (0xb76d7f10): 49:626) (Sprite (0xb7711490): 0:9083)* (NavigationBar (0xb76d5a50): 0:340) (org.mozilla.firefox/org.mozilla.gecko.BrowserApp (0xb7713258): 31:9261) (SurfaceView (0xb7714520): 13:10632) 
12-01 12:05:23.345   258   258 I SFPerfTracer:      triggers: (rate: 310:11494) (compose: 26:1206) (post: 3:4427) (render: 127:3217) (116:475953 frames) (117:537060)
12-01 12:05:23.345   258   258 D SFPerfTracer:        layers: (4:16) (FocusedStackFrame (0xb76faf08): 0:2423)* (DimLayer (0xb765c9f8): 0:71)* (StatusBar (0xb7700af0): 4:40451) (com.android.systemui.ImageWallpaper (0xb7652330): 0:2091)* (Sprite (0xb76bc5c0): 0:49340)* (Sprite (0xb76d2e78): 0:6474)* (Sprite (0xb76e0498): 0:45920)* (Sprite (0xb769c898): 0:27)* (DimLayer (0xb7709288): 0:44)* (Sprite (0xb76d7f10): 1:627)* (Sprite (0xb7711490): 0:9083)* (NavigationBar (0xb76d5a50): 0:340) (org.mozilla.firefox/org.mozilla.gecko.BrowserApp (0xb7713258): 117:9378) (SurfaceView (0xb7714520): 1:10633) 
12-01 12:05:25.704   258   258 I SFPerfTracer:      triggers: (rate: 310:11495) (compose: 26:1206) (post: 3:4427) (render: 127:3218) (29:476045 frames) (30:537159)
12-01 12:05:25.704   258   258 D SFPerfTracer:        layers: (5:16) (FocusedStackFrame (0xb76faf08): 0:2423)* (DimLayer (0xb765c9f8): 0:71)* (StatusBar (0xb7700af0): 1:40454) (com.android.systemui.ImageWallpaper (0xb7652330): 0:2091)* (Sprite (0xb76bc5c0): 0:49340)* (Sprite (0xb76d2e78): 0:6474)* (Sprite (0xb76e0498): 0:45920)* (Sprite (0xb769c898): 0:27)* (DimLayer (0xb7709288): 0:44)* (Sprite (0xb76d7f10): 28:679) (Sprite (0xb7711490): 0:9083)* (NavigationBar (0xb76d5a50): 0:340) (org.mozilla.firefox/org.mozilla.gecko.BrowserApp (0xb7713258): 14:9430) (SurfaceView (0xb7714520): 23:10683) 
12-01 12:05:26.478   258   258 I SFPerfTracer:      triggers: (rate: 310:11495) (compose: 26:1206) (post: 3:4428) (render: 127:3218) (41:476086 frames) (42:537201)
12-01 12:05:26.479   258   258 D SFPerfTracer:        layers: (4:16) (FocusedStackFrame (0xb76faf08): 0:2423)* (DimLayer (0xb765c9f8): 0:71)* (StatusBar (0xb7700af0): 1:40455) (com.android.systemui.ImageWallpaper (0xb7652330): 0:2091)* (Sprite (0xb76bc5c0): 0:49340)* (Sprite (0xb76d2e78): 0:6474)* (Sprite (0xb76e0498): 0:45920)* (Sprite (0xb769c898): 0:27)* (DimLayer (0xb7709288): 0:44)* (Sprite (0xb76d7f10): 1:680)* (Sprite (0xb7711490): 0:9083)* (NavigationBar (0xb76d5a50): 0:340) (org.mozilla.firefox/org.mozilla.gecko.BrowserApp (0xb7713258): 40:9470) (SurfaceView (0xb7714520): 8:10691) 
12-01 12:05:56.371   258   699 I SFPerfTracer:      triggers: (rate: 17:839) (799049 sw vsyncs) (0 skipped) (3190:1412447 vsyncs) (3192:2227936)
12-01 12:06:00.000  1787  2914 V AlarmManager: sending alarm {59149cf type 3 *alarm*:android.intent.action.TIME_TICK}
12-01 12:06:00.002  1787  2914 V AlarmManager: sending alarm {9fb17df type 1 *alarm*:com.droid27.tcw.ACTION_TIME_TICK}
12-01 12:06:00.045  1787  1787 V AlarmManager: done {9fb17df, *alarm*:com.droid27.tcw.ACTION_TIME_TICK} [45ms]
12-01 12:06:00.076  1787  1787 V AlarmManager: done {59149cf, *alarm*:android.intent.action.TIME_TICK} [76ms]
12-01 12:06:08.573   258   699 I SFPerfTracer:      triggers: (rate: 17:839) (799049 sw vsyncs) (0 skipped) (728:1413175 vsyncs) (730:2228666)
12-01 12:06:13.663  1787  2914 V AlarmManager: sending alarm {a017b6f type 2 *walarm*:com.android.internal.telephony.data-stall}
12-01 12:06:13.667  1787  1787 V AlarmManager: done {a017b6f, *walarm*:com.android.internal.telephony.data-stall} [3ms]
12-01 12:06:16.938  1787  2915 I ActivityManager: START u0 {act=android.intent.action.MAIN cat=[android.intent.category.HOME] flg=0x10200000 cmp=com.google.android.googlequicksearchbox/com.google.android.launcher.GEL (has extras)} from uid 1000 on display 0
12-01 12:06:16.940  1787  2915 I ActivityManager: moveHomeStack, setupComplete:true
12-01 12:06:17.058   258   258 I SFPerfTracer:      triggers: (rate: 310:11496) (compose: 26:1206) (post: 3:4428) (render: 127:3218) (4:476122 frames) (5:537304)
12-01 12:06:17.058   258   258 D SFPerfTracer:        layers: (5:16) (FocusedStackFrame (0xb76faf08): 0:2424)* (DimLayer (0xb765c9f8): 0:71)* (StatusBar (0xb7700af0): 1:40512) (com.android.systemui.ImageWallpaper (0xb7652330): 0:2091)* (Sprite (0xb76bc5c0): 0:49340)* (Sprite (0xb76d2e78): 0:6474)* (Sprite (0xb76e0498): 0:45920)* (Sprite (0xb769c898): 0:27)* (DimLayer (0xb7709288): 0:44)* (Sprite (0xb76d7f10): 5:693) (Sprite (0xb7711490): 0:9083)* (NavigationBar (0xb76d5a50): 5:353) (org.mozilla.firefox/org.mozilla.gecko.BrowserApp (0xb7713258): 1:9471) (SurfaceView (0xb7714520): 1:10692) 
12-01 12:06:17.215  1787  6215 I ActivityManager: Start proc 8468:com.google.android.googlequicksearchbox:search/u0a46 for service com.google.android.googlequicksearchbox/com.google.android.apps.gsa.search.core.service.SearchService
12-01 12:06:17.267  1787  1806 I LaunchCheckinHandler: Displayed com.google.android.googlequicksearchbox/com.google.android.launcher.GEL,wp,wa,327
12-01 12:06:18.015  1787  2217 I ActivityManager: START u0 {act=com.android.systemui.recents.SHOW_RECENTS flg=0x10804000 cmp=com.android.systemui/.recents.RecentsActivity} from uid 10045 on display 0
12-01 12:06:18.235  1787  1806 I LaunchCheckinHandler: Displayed com.android.systemui/.recents.RecentsActivity,wp,wa,220
12-01 12:06:18.332  1787  2954 D WifiService: New client listening to asynchronous messages
12-01 12:06:18.514  1787  6215 I ActivityManager: Start proc 8493:com.google.android.partnersetup/u0a20 for content provider com.google.android.partnersetup/.RlzAppProvider
12-01 12:06:19.210  1787  4627 I ActivityManager: Killing 7878:com.android.providers.calendar/u0a6 (adj 15): empty #7
12-01 12:06:19.268  1787  4627 I ActivityManager: Killing 6983:org.mozilla.firefox/u0a100 (adj 9): remove task
12-01 12:06:19.322   258   258 I SFPerfTracer:      triggers: (rate: 310:11499) (compose: 26:1206) (post: 3:4428) (render: 127:3220) (18:476219 frames) (19:537420)
12-01 12:06:19.323   258   258 D SFPerfTracer:        layers: (5:18) (FocusedStackFrame (0xb76faf08): 0:2427)* (DimLayer (0xb765c9f8): 0:71)* (StatusBar (0xb7700af0): 0:40514) (com.android.systemui.ImageWallpaper (0xb7652330): 0:2092) (Sprite (0xb76bc5c0): 0:49340)* (Sprite (0xb76d2e78): 0:6474)* (Sprite (0xb76e0498): 0:45920)* (Sprite (0xb769c898): 0:27)* (DimLayer (0xb7709288): 0:44)* (Sprite (0xb76d7f10): 19:728) (Sprite (0xb7711490): 0:9083)* (NavigationBar (0xb76d5a50): 0:413) (org.mozilla.firefox/org.mozilla.gecko.BrowserApp (0xb7713258): 0:9496)- (SurfaceView (0xb7714520): 0:10717)- (com.google.android.googlequicksearchbox/com.google.android.launcher.GEL (0xb7716a78): 0:17)- (com.android.systemui/com.android.systemui.recents.RecentsActivity (0xb7713258): 14:47) 
12-01 12:06:19.386  1787  3675 I WindowState: WIN DEATH: Window{fb26fe4 u0 org.mozilla.firefox/org.mozilla.gecko.BrowserApp}
12-01 12:06:19.392  1787  3675 W WindowManager: Force-removing child win Window{f54af4f u0 SurfaceView} from container Window{fb26fe4 u0 org.mozilla.firefox/org.mozilla.gecko.BrowserApp}
12-01 12:06:19.444  1787  6220 W WindowManager: Failed looking up window
12-01 12:06:19.444  1787  6220 W WindowManager: java.lang.IllegalArgumentException: Requested window android.os.BinderProxy@da47e6f does not exist
12-01 12:06:19.444  1787  6220 W WindowManager: 	at com.android.server.wm.WindowManagerService.windowForClientLocked(WindowManagerService.java:8804)
12-01 12:06:19.444  1787  6220 W WindowManager: 	at com.android.server.wm.WindowManagerService.windowForClientLocked(WindowManagerService.java:8795)
12-01 12:06:19.444  1787  6220 W WindowManager: 	at com.android.server.wm.WindowState$DeathRecipient.binderDied(WindowState.java:1219)
12-01 12:06:19.444  1787  6220 W WindowManager: 	at android.os.BinderProxy.sendDeathNotice(Binder.java:558)
12-01 12:06:19.444  1787  6220 I WindowState: WIN DEATH: null
12-01 12:06:20.161  1787  1798 I ActivityManager: Killing 1215:de.cellular.tagesschau/u0a111 (adj 11): remove task
12-01 12:06:20.215  1787  4201 I WindowState: WIN DEATH: Window{ee038fb u0 de.cellular.tagesschau/de.cellular.tagesschau.Home}
12-01 12:06:21.241   258   258 I SFPerfTracer:      triggers: (rate: 310:11499) (compose: 26:1206) (post: 3:4428) (render: 127:3221) (11:476285 frames) (12:537502)
12-01 12:06:21.241   258   258 D SFPerfTracer:        layers: (6:18) (FocusedStackFrame (0xb76faf08): 0:2431)* (DimLayer (0xb765c9f8): 0:71)* (StatusBar (0xb7700af0): 0:40514) (com.android.systemui.ImageWallpaper (0xb7652330): 0:2092) (Sprite (0xb76bc5c0): 0:49340)* (Sprite (0xb76d2e78): 0:6474)* (Sprite (0xb76e0498): 0:45920)* (Sprite (0xb769c898): 0:27)* (DimLayer (0xb7709288): 0:44)* (Sprite (0xb76d7f10): 0:761)* (Sprite (0xb7711490): 0:9083)* (NavigationBar (0xb76d5a50): 0:414) (com.android.systemui/com.android.systemui.recents.RecentsActivity (0xb7713258): 0:93) (com.whatsapp/com.whatsapp.Conversation (0xb7714520): 12:28) (thumbnail anim (0xb76992c8): 12:20)* (InputMethod (0xb7717930): 12:16) 
12-01 12:06:21.870  1787  2916 I PowerManagerService: Going to sleep due to power button (uid 1000)...
12-01 12:06:22.499  1787  1806 I DisplayManagerService: Display device changed state: "Integriertes Display", OFF
12-01 12:06:22.505   258   699 I SFPerfTracer:      triggers: (rate: 17:839) (799049 sw vsyncs) (0 skipped) (834:1414009 vsyncs) (836:2229502)
12-01 12:06:22.697  1787  1809 I DreamManagerService: Entering dreamland.
12-01 12:06:22.697  1787  1809 I PowerManagerService: Dozing...
12-01 12:06:22.698  1787  1803 I DreamController: Starting dream: name=ComponentInfo{com.motorola.motodisplay/com.motorola.motodisplay.DozeService}, isTest=false, canDoze=true, userId=0
12-01 12:06:22.714  1787  1803 I ActivityManager: Start proc 8531:com.motorola.motodisplay/u0a31 for service com.motorola.motodisplay/.DozeService
12-01 12:06:23.001  1787  1801 I ActivityManager: Start proc 8546:com.android.settings/1000 for broadcast com.android.settings/com.motorola.settings.notification.HiddenListenerSettingsReceiver
12-01 12:06:23.008  1787  1787 V NotificationListeners: enabling notification listener for user 0: ComponentInfo{com.motorola.motodisplay/com.motorola.motodisplay.MDNotificationListenerService}
12-01 12:06:23.332  3000  3000 D StatusBarKeyguardViewManager: showKeyguard, but hide Bouncer
12-01 12:06:23.370  8546  8546 W ContextImpl: Calling a method in the system process without a qualified user: android.app.ContextImpl.startService:1221 android.content.ContextWrapper.startService:581 android.content.ContextWrapper.startService:581 com.motorola.settings.notification.HiddenListenerSettingsReceiver.onReceive:35 android.app.ActivityThread.handleReceiver:2743 
12-01 12:06:25.570  1787  2914 V AlarmManager: sending alarm {f4d8308 type 2 *walarm*:com.motorola.slpc.ALARM_STOWED}
12-01 12:06:25.576  1787  1787 V AlarmManager: done {f4d8308, *walarm*:com.motorola.slpc.ALARM_STOWED} [6ms]
12-01 12:06:26.584  1787  2914 V AlarmManager: sending alarm {f4d8308 type 2 *walarm*:com.motorola.slpc.ALARM_STOWED}
12-01 12:06:26.588  1787  1787 V AlarmManager: done {f4d8308, *walarm*:com.motorola.slpc.ALARM_STOWED} [5ms]
12-01 12:06:34.709   305  1751 E NetlinkEvent: NetlinkEvent::FindParam(): Parameter 'UID' not found
12-01 12:06:36.427  1787  2914 V AlarmManager: sending alarm {5378bd7 type 2 *walarm*:com.whatsapp.messaging.h.CLIENT_PINGER_ACTION}
12-01 12:06:36.432  1787  1787 V AlarmManager: done {5378bd7, *walarm*:com.whatsapp.messaging.h.CLIENT_PINGER_ACTION} [4ms]
12-01 12:06:36.435   305  1751 E NetlinkEvent: NetlinkEvent::FindParam(): Parameter 'UID' not found
12-01 12:06:40.550  1787  2914 V AlarmManager: sending alarm {9984555 type 2 *walarm*:com.motorola.slpc.ALARM_ORIENTATION}
12-01 12:06:40.553  1787  1787 V AlarmManager: done {9984555, *walarm*:com.motorola.slpc.ALARM_ORIENTATION} [3ms]
12-01 12:06:41.567  1787  1806 I DisplayManagerService: Display device changed state: "Integriertes Display", DOZE
12-01 12:06:41.814   258   699 I SFPerfTracer:      triggers: (rate: 17:839) (799694 sw vsyncs) (0 skipped) (0:1414021 vsyncs) (644:2230161)
12-01 12:06:42.533  1787  2217 I PowerManagerService: Waking up from dozing (uid 10031)...
12-01 12:06:42.537  1787  1809 I DreamManagerService: Gently waking up from dream.
12-01 12:06:42.538  1787  2914 V AlarmManager: sending alarm {f4d8308 type 2 *walarm*:com.motorola.slpc.ALARM_STOWED}
12-01 12:06:42.543  1787  1797 I DreamManagerService: Leaving dreamland.
12-01 12:06:42.554  1787  1803 I DreamController: Stopping dream: name=ComponentInfo{com.motorola.motodisplay/com.motorola.motodisplay.DozeService}, isTest=false, canDoze=true, userId=0
12-01 12:06:42.557  1787  1806 I DisplayManagerService: Display device changed state: "Integriertes Display", ON
12-01 12:06:42.571  1787  1787 V AlarmManager: done {f4d8308, *walarm*:com.motorola.slpc.ALARM_STOWED} [33ms]
12-01 12:06:42.587   258   258 I SFPerfTracer:      triggers: (rate: 310:11499) (compose: 26:1206) (post: 3:4430) (render: 127:3221) (45:476385 frames) (46:537617)
12-01 12:06:42.588   258   258 D SFPerfTracer:        layers: (1:18) (FocusedStackFrame (0xb76faf08): 0:2432)* (DimLayer (0xb765c9f8): 0:71)* (StatusBar (0xb7700af0): 3:40521)* (com.android.systemui.ImageWallpaper (0xb7652330): 0:2093)* (Sprite (0xb76bc5c0): 0:49340)* (Sprite (0xb76d2e78): 0:6474)* (Sprite (0xb76e0498): 0:45920)* (Sprite (0xb769c898): 0:27)* (DimLayer (0xb7709288): 0:44)* (Sprite (0xb76d7f10): 0:761)* (Sprite (0xb7711490): 0:9083)* (NavigationBar (0xb76d5a50): 0:416)- (com.whatsapp/com.whatsapp.Conversation (0xb7714520): 46:113)* (InputMethod (0xb7717930): 1:20)* (ColorFade (0xb7713258): 0:30)- ( (0xb771e698): 12:16) 
12-01 12:06:44.402   258   258 I SFPerfTracer:      triggers: (rate: 310:11499) (compose: 26:1206) (post: 3:4430) (render: 127:3221) (13:476483 frames) (14:537725)
12-01 12:06:44.402   258   258 D SFPerfTracer:        layers: (4:16) (FocusedStackFrame (0xb76faf08): 0:2432)* (DimLayer (0xb765c9f8): 0:71)* (StatusBar (0xb7700af0): 14:40614) (com.android.systemui.ImageWallpaper (0xb7652330): 0:2094) (Sprite (0xb76bc5c0): 0:49340)* (Sprite (0xb76d2e78): 0:6474)* (Sprite (0xb76e0498): 0:45920)* (Sprite (0xb769c898): 0:27)* (DimLayer (0xb7709288): 0:44)* (Sprite (0xb76d7f10): 1:796)* (Sprite (0xb7711490): 11:9094) (com.whatsapp/com.whatsapp.Conversation (0xb7714520): 14:220)* (InputMethod (0xb7717930): 0:20)* (NavigationBar (0xb7713258): 0:18) 
12-01 12:06:44.636   258   258 I SFPerfTracer:      triggers: (rate: 310:11499) (compose: 26:1206) (post: 3:4431) (render: 127:3221) (10:476495 frames) (11:537739)
12-01 12:06:44.636   258   258 D SFPerfTracer:        layers: (4:16) (FocusedStackFrame (0xb76faf08): 0:2432)* (DimLayer (0xb765c9f8): 0:71)* (StatusBar (0xb7700af0): 11:40628) (com.android.systemui.ImageWallpaper (0xb7652330): 0:2094) (Sprite (0xb76bc5c0): 0:49340)* (Sprite (0xb76d2e78): 0:6474)* (Sprite (0xb76e0498): 0:45920)* (Sprite (0xb769c898): 0:27)* (DimLayer (0xb7709288): 0:44)* (Sprite (0xb76d7f10): 9:806) (Sprite (0xb7711490): 1:9098)* (com.whatsapp/com.whatsapp.Conversation (0xb7714520): 11:234)* (InputMethod (0xb7717930): 0:20)* (NavigationBar (0xb7713258): 0:18) 
12-01 12:06:45.135   258   258 I SFPerfTracer:      triggers: (rate: 310:11499) (compose: 26:1206) (post: 3:4432) (render: 127:3221) (12:476521 frames) (13:537769)
12-01 12:06:45.136   258   258 D SFPerfTracer:        layers: (4:16) (FocusedStackFrame (0xb76faf08): 0:2432)* (DimLayer (0xb765c9f8): 0:71)* (StatusBar (0xb7700af0): 13:40658) (com.android.systemui.ImageWallpaper (0xb7652330): 0:2094) (Sprite (0xb76bc5c0): 0:49340)* (Sprite (0xb76d2e78): 0:6474)* (Sprite (0xb76e0498): 0:45920)* (Sprite (0xb769c898): 0:27)* (DimLayer (0xb7709288): 0:44)* (Sprite (0xb76d7f10): 11:822) (Sprite (0xb7711490): 1:9114)* (com.whatsapp/com.whatsapp.Conversation (0xb7714520): 13:264)* (InputMethod (0xb7717930): 0:20)* (NavigationBar (0xb7713258): 0:18) 
12-01 12:06:45.214  1787  6221 I ActivityManager: Killing 26176:com.google.android.gms/u0a17 (adj 13): empty #7
12-01 12:06:45.329  1787  2954 D WifiService: Client connection lost with reason: 4
12-01 12:06:45.335  1787  6221 I ActivityManager: Killing 7864:com.google.android.calendar/u0a54 (adj 15): empty #8
12-01 12:06:45.431  1787  3031 W ActivityManager: Scheduling restart of crashed service com.google.android.gms/.measurement.service.MeasurementBrokerService in 1000ms
12-01 12:06:45.527  1787  3675 I ActivityManager: Start proc 8687:com.google.android.gms/u0a17 for service com.google.android.gms/.chimera.GmsIntentOperationService
12-01 12:06:45.595  8546  8546 W ContextImpl: Calling a method in the system process without a qualified user: android.app.ContextImpl.startService:1221 android.content.ContextWrapper.startService:581 android.content.ContextWrapper.startService:581 com.motorola.settings.notification.HiddenListenerSettingsReceiver.onReceive:35 android.app.ActivityThread.handleReceiver:2743 
12-01 12:06:45.662  1787  1787 V NotificationListeners: disabling notification listener for user 0: ComponentInfo{com.motorola.motodisplay/com.motorola.motodisplay.MDNotificationListenerService}
12-01 12:06:45.666  1787  3031 I ActivityManager: Killing 8468:com.google.android.googlequicksearchbox:search/u0a46 (adj 15): empty #7
12-01 12:06:45.713  1787  1797 W InputMethodManagerService: Window already focused, ignoring focus gain of: com.android.internal.view.IInputMethodClient$Stub$Proxy@5c6ba15 attribute=android.view.inputmethod.EditorInfo@38dd12a, token = android.os.BinderProxy@3f2aa80
12-01 12:06:45.764  1787  2954 D WifiService: Client connection lost with reason: 4
12-01 12:06:46.339   258   258 I SFPerfTracer:      triggers: (rate: 310:11502) (compose: 26:1209) (post: 3:4432) (render: 127:3229) (17:476571 frames) (18:537827)
12-01 12:06:46.339   258   258 D SFPerfTracer:        layers: (4:16) (FocusedStackFrame (0xb76faf08): 0:2433)* (DimLayer (0xb765c9f8): 0:71)* (StatusBar (0xb7700af0): 0:40693) (com.android.systemui.ImageWallpaper (0xb7652330): 0:2104)* (Sprite (0xb76bc5c0): 0:49340)* (Sprite (0xb76d2e78): 0:6474)* (Sprite (0xb76e0498): 0:45920)* (Sprite (0xb769c898): 0:27)* (DimLayer (0xb7709288): 0:46)* (Sprite (0xb76d7f10): 0:823)* (Sprite (0xb7711490): 0:9114)* (com.whatsapp/com.whatsapp.Conversation (0xb7714520): 1:289) (InputMethod (0xb7717930): 0:37) (NavigationBar (0xb7713258): 18:38) 
12-01 12:06:46.544  1787  2915 I ActivityManager: START u0 {act=android.intent.action.MAIN cat=[android.intent.category.HOME] flg=0x10200000 cmp=com.google.android.googlequicksearchbox/com.google.android.launcher.GEL (has extras)} from uid 1000 on display 0
12-01 12:06:46.545  1787  2915 I ActivityManager: moveHomeStack, setupComplete:true
12-01 12:06:46.681  1787  6219 I ActivityManager: Start proc 8724:com.google.android.googlequicksearchbox:search/u0a46 for service com.google.android.googlequicksearchbox/com.google.android.apps.gsa.search.core.service.SearchService
12-01 12:06:46.757  1787  1806 I LaunchCheckinHandler: Displayed com.google.android.googlequicksearchbox/com.google.android.launcher.GEL,wp,wa,212
12-01 12:06:47.065  1787  2954 D WifiService: New client listening to asynchronous messages
12-01 12:06:47.233  1787  2954 D WifiService: New client listening to asynchronous messages
12-01 12:06:48.552   305  1751 E NetlinkEvent: NetlinkEvent::FindParam(): Parameter 'UID' not found
12-01 12:06:48.607  1787  6220 I ActivityManager: START u0 {act=android.intent.action.MAIN cat=[android.intent.category.LAUNCHER] flg=0x10200000 cmp=SeniorenApp.SeniorenApp/md54259e6513023dd8c68a5505c80f1ae41.MainActivity (has extras)} from uid 10046 on display 0
12-01 12:06:48.637  1787  3675 I ActivityManager: Start proc 8770:SeniorenApp.SeniorenApp/u0a170 for activity SeniorenApp.SeniorenApp/md54259e6513023dd8c68a5505c80f1ae41.MainActivity
12-01 12:06:48.824   258   258 I SFPerfTracer:      triggers: (rate: 310:11505) (compose: 26:1209) (post: 3:4432) (render: 127:3229) (2:476647 frames) (3:537927)
12-01 12:06:48.824   258   258 D SFPerfTracer:        layers: (6:18) (FocusedStackFrame (0xb76faf08): 1:2439)* (DimLayer (0xb765c9f8): 0:71)* (StatusBar (0xb7700af0): 3:40699) (com.android.systemui.ImageWallpaper (0xb7652330): 0:2105) (Sprite (0xb76bc5c0): 0:49340)* (Sprite (0xb76d2e78): 0:6474)* (Sprite (0xb76e0498): 0:45920)* (Sprite (0xb769c898): 0:27)* (DimLayer (0xb7709288): 0:46)* (Sprite (0xb76d7f10): 3:862) (Sprite (0xb7711490): 0:9114)* (com.whatsapp/com.whatsapp.Conversation (0xb7714520): 0:316)- (InputMethod (0xb7717930): 0:51)- (NavigationBar (0xb7713258): 2:72) (com.google.android.googlequicksearchbox/com.google.android.launcher.GEL (0xb76d5a50): 0:37) (Starting SeniorenApp.SeniorenApp (0xb771b710): 3:7) 
12-01 12:06:50.579  1787  1806 I LaunchCheckinHandler: Displayed SeniorenApp.SeniorenApp/md54259e6513023dd8c68a5505c80f1ae41.MainActivity,cp,ca,1953
12-01 12:06:55.244  1787  2915 I ActivityManager: START u0 {act=android.intent.action.MAIN cat=[android.intent.category.HOME] flg=0x10200000 cmp=com.google.android.googlequicksearchbox/com.google.android.launcher.GEL (has extras)} from uid 1000 on display 0
12-01 12:06:55.245  1787  2915 I ActivityManager: moveHomeStack, setupComplete:true
12-01 12:06:55.435  1787  1806 I LaunchCheckinHandler: Displayed com.google.android.googlequicksearchbox/com.google.android.launcher.GEL,wp,wa,191
12-01 12:06:56.117  1787  3031 I ActivityManager: START u0 {act=com.android.systemui.recents.SHOW_RECENTS flg=0x10804000 cmp=com.android.systemui/.recents.RecentsActivity} from uid 10045 on display 0
12-01 12:06:56.231  1787  1806 I LaunchCheckinHandler: Displayed com.android.systemui/.recents.RecentsActivity,wp,wa,113
12-01 12:06:56.339   258   258 I SFPerfTracer:      triggers: (rate: 310:11506) (compose: 26:1209) (post: 3:4432) (render: 127:3229) (3:476717 frames) (4:538028)
12-01 12:06:56.339   258   258 D SFPerfTracer:        layers: (6:19) (FocusedStackFrame (0xb76faf08): 0:2446)* (DimLayer (0xb765c9f8): 0:71)* (StatusBar (0xb7700af0): 0:40737) (com.android.systemui.ImageWallpaper (0xb7652330): 0:2108) (Sprite (0xb76bc5c0): 0:49340)* (Sprite (0xb76d2e78): 0:6474)* (Sprite (0xb76e0498): 0:45920)* (Sprite (0xb769c898): 0:27)* (DimLayer (0xb7709288): 0:46)* (Sprite (0xb76d7f10): 3:885) (Sprite (0xb7711490): 0:9114)* (NavigationBar (0xb7713258): 4:134) (com.google.android.googlequicksearchbox/com.google.android.launcher.GEL (0xb76d5a50): 0:37)- (Starting SeniorenApp.SeniorenApp (0xb771b710): 0:38)- (SeniorenApp.SeniorenApp/md54259e6513023dd8c68a5505c80f1ae41.MainActivity (0xb76d5a50): 0:29)- (com.google.android.googlequicksearchbox/com.google.android.launcher.GEL (0xb77194b8): 4:28) (com.android.systemui/com.android.systemui.recents.RecentsActivity (0xb7699b08): 4:9) 
12-01 12:06:57.424  1787  1797 I ActivityManager: Killing 7818:com.motorola.context/u0a103 (adj 15): empty #7
12-01 12:06:57.524  1787  1797 I ActivityManager: Killing 8770:SeniorenApp.SeniorenApp/u0a170 (adj 9): remove task
12-01 12:06:57.586  1787  3029 I WindowState: WIN DEATH: Window{aff734a u0 SeniorenApp.SeniorenApp/md54259e6513023dd8c68a5505c80f1ae41.MainActivity}
12-01 12:06:58.487  1787  1797 I ActivityManager: START u0 {act=android.intent.action.MAIN cat=[android.intent.category.HOME] flg=0x10200000 cmp=com.google.android.googlequicksearchbox/com.google.android.launcher.GEL} from uid 10045 on display 0
12-01 12:06:58.572  1787  1806 I LaunchCheckinHandler: Displayed com.google.android.googlequicksearchbox/com.google.android.launcher.GEL,wp,wa,86
12-01 12:07:00.000  1787  2914 V AlarmManager: sending alarm {59149cf type 3 *alarm*:android.intent.action.TIME_TICK}
12-01 12:07:00.001  1787  2914 V AlarmManager: sending alarm {9fb17df type 1 *alarm*:com.droid27.tcw.ACTION_TIME_TICK}
12-01 12:07:00.034  1787  1787 V AlarmManager: done {9fb17df, *alarm*:com.droid27.tcw.ACTION_TIME_TICK} [33ms]
12-01 12:07:00.073  1787  1787 V AlarmManager: done {59149cf, *alarm*:android.intent.action.TIME_TICK} [73ms]
12-01 12:07:01.274  1787  2914 V AlarmManager: sending alarm {7f4b874 type 2 *walarm*:CONTEXT_MANAGER_ALARM_WAKEUP_53705}
12-01 12:07:01.277  1787  1787 V AlarmManager: done {7f4b874, *walarm*:CONTEXT_MANAGER_ALARM_WAKEUP_53705} [3ms]
12-01 12:07:06.757   258   258 I SFPerfTracer:      triggers: (rate: 310:11507) (compose: 26:1209) (post: 3:4432) (render: 127:3229) (0:476788 frames) (1:538128)
12-01 12:07:06.757   258   258 D SFPerfTracer:        layers: (4:17) (FocusedStackFrame (0xb76faf08): 0:2449)* (DimLayer (0xb765c9f8): 0:71)* (StatusBar (0xb7700af0): 1:40743) (com.android.systemui.ImageWallpaper (0xb7652330): 0:2108) (Sprite (0xb76bc5c0): 0:49340)* (Sprite (0xb76d2e78): 0:6474)* (Sprite (0xb76e0498): 0:45920)* (Sprite (0xb769c898): 0:27)* (DimLayer (0xb7709288): 0:46)* (Sprite (0xb76d7f10): 0:916)* (Sprite (0xb7711490): 0:9114)* (NavigationBar (0xb7713258): 0:152) (com.google.android.googlequicksearchbox/com.google.android.launcher.GEL (0xb77194b8): 0:33)- (com.android.systemui/com.android.systemui.recents.RecentsActivity (0xb7699b08): 0:81)- (com.google.android.googlequicksearchbox/com.google.android.launcher.GEL (0xb77194b8): 0:16) 
12-01 12:07:06.933  1787  1787 I EntropyMixer: Writing entropy...
12-01 12:07:07.003  1787  6215 I ActivityManager: Start proc 8811:com.motorola.groundloopnoisepreventer/u0a73 for broadcast com.motorola.groundloopnoisepreventer/.ServiceStarter
12-01 12:07:07.106  1787  3031 I ActivityManager: Start proc 8823:com.motorola.genie/u0a21 for broadcast com.motorola.genie/.prefetch.PowerStatusReceiver
12-01 12:07:07.161  1787  1801 I ActivityManager: Start proc 8835:android.process.media/u0a14 for broadcast com.android.providers.media/.MtpReceiver
12-01 12:07:07.579  1787  3675 W BroadcastQueue: Permission Denial: broadcasting Intent { act=com.motorola.cce.Actions.CCE_SEND_SETTINGS flg=0x10 (has extras) } from com.motorola.genie (pid=8823, uid=10021) is not exported from uid 10000 due to receiver com.motorola.ccc.checkin/com.motorola.blur.service.blur.SharedSettingsReceiver
12-01 12:07:07.630  1787  4627 W BroadcastQueue: Permission Denial: broadcasting Intent { act=com.motorola.cce.Actions.CCE_SEND_SETTINGS flg=0x10 (has extras) } from com.motorola.genie (pid=8823, uid=10021) is not exported from uid 10000 due to receiver com.motorola.ccc.notification/com.motorola.blur.service.blur.SharedSettingsReceiver
12-01 12:07:07.631  1787  1801 W BroadcastQueue: Permission Denial: broadcasting Intent { act=com.motorola.cce.Actions.CCE_SEND_SETTINGS flg=0x10 (has extras) } from com.motorola.genie (pid=8823, uid=10021) is not exported from uid 10027 due to receiver com.motorola.MotGallery2/com.motorola.blur.service.blur.SharedSettingsReceiver
12-01 12:07:17.557  1787  1801 I ActivityManager: Start proc 8882:android.process.acore/u0a8 for broadcast com.android.providers.contacts/.PackageIntentReceiver
12-01 12:07:17.775  1787  3031 I ActivityManager: Killing 8546:com.android.settings/1000 (adj 15): empty #7
12-01 12:07:17.944  1787  4628 I ActivityManager: Start proc 8904:com.android.vending/u0a36 for broadcast com.android.vending/com.google.android.finsky.receivers.PackageMonitorReceiver$RegisteredReceiver
12-01 12:07:22.094  1787  1801 I ActivityManager: Waited long enough for: ServiceRecord{11e119d u0 com.motorola.groundloopnoisepreventer/.SilenceService}
12-01 12:07:42.633  1787  2914 V AlarmManager: sending alarm {a017b6f type 2 *walarm*:com.android.internal.telephony.data-stall}
12-01 12:07:42.637  1787  2217 I ActivityManager: Killing 8531:com.motorola.motodisplay/u0a31 (adj 15): empty #7
12-01 12:07:42.638  1787  1787 V AlarmManager: done {a017b6f, *walarm*:com.android.internal.telephony.data-stall} [4ms]
12-01 12:07:43.293  1787  1803 I UsbDeviceManager: Setting USB config to accessory,audio_source,adb
12-01 12:07:43.413  1787  1804 D UsbAlsaManager: Adding ALSA device AlsaDevice: [card: 1, device: 0, type: 1]
12-01 12:07:43.517  1787  6219 I ActivityManager: Killing 8493:com.google.android.partnersetup/u0a20 (adj 15): empty #7
12-01 12:07:43.582  1787  1787 I EntropyMixer: Writing entropy...
12-01 12:07:43.843  1787  1803 D UsbDeviceManager: entering USB accessory mode: UsbAccessory[mManufacturer=h-ab.de, mModel=SeniorenApp, mDescription=SeniorenApp, mVersion=1.0, mUri=https://github.com/SeniorenApp/, mSerial=0000000012345678]
12-01 12:07:43.864  1787  1803 I ActivityManager: START u0 {flg=0x10000000 cmp=com.android.systemui/.usb.UsbConfirmActivity (has extras)} from uid 1000 on display 0
12-01 12:07:44.039  1787  1806 I LaunchCheckinHandler: Displayed com.android.systemui/.usb.UsbConfirmActivity,wp,ca,158
12-01 12:07:45.991   258   258 I SFPerfTracer:      triggers: (rate: 310:11510) (compose: 26:1209) (post: 3:4432) (render: 127:3229) (26:476857 frames) (27:538236)
12-01 12:07:45.991   258   258 D SFPerfTracer:        layers: (6:16) (FocusedStackFrame (0xb76faf08): 0:2451)* (DimLayer (0xb765c9f8): 0:71)* (StatusBar (0xb7700af0): 0:40762) (com.android.systemui.ImageWallpaper (0xb7652330): 0:2108) (Sprite (0xb76bc5c0): 0:49340)* (Sprite (0xb76d2e78): 0:6474)* (Sprite (0xb76e0498): 0:45920)* (Sprite (0xb769c898): 0:27)* (DimLayer (0xb7707410): 0:10) (DimLayer (0xb7709288): 0:46)* (Sprite (0xb76d7f10): 1:945)* (Sprite (0xb7711490): 0:9114)* (NavigationBar (0xb7713258): 0:152) (com.google.android.googlequicksearchbox/com.google.android.launcher.GEL (0xb77194b8): 0:17) (com.android.systemui/com.android.systemui.usb.UsbConfirmActivity (0xb7699b08): 27:56) 
12-01 12:07:46.099  1787  4201 I ActivityManager: START u0 {act=android.hardware.usb.action.USB_ACCESSORY_ATTACHED flg=0x10000000 cmp=SeniorenApp.SeniorenApp/md54259e6513023dd8c68a5505c80f1ae41.MainActivity (has extras)} from uid 10045 on display 0
12-01 12:07:46.138  1787  3677 I ActivityManager: Start proc 8996:SeniorenApp.SeniorenApp/u0a170 for activity SeniorenApp.SeniorenApp/md54259e6513023dd8c68a5505c80f1ae41.MainActivity
12-01 12:07:47.646  1787  1806 I LaunchCheckinHandler: Displayed SeniorenApp.SeniorenApp/md54259e6513023dd8c68a5505c80f1ae41.MainActivity,cp,ca,1520
12-01 12:07:56.212  1787  2914 V AlarmManager: sending alarm {a322761 type 3 *alarm*:send_events}
12-01 12:07:56.219  1787  1787 V AlarmManager: done {a322761, *alarm*:send_events} [7ms]
12-01 12:07:58.598  1787  1801 I ActivityManager: Waited long enough for: ServiceRecord{3451148 u0 com.motorola.groundloopnoisepreventer/.SilenceService}
12-01 12:07:59.999  1787  2914 V AlarmManager: sending alarm {59149cf type 3 *alarm*:android.intent.action.TIME_TICK}
12-01 12:08:00.001  1787  2914 V AlarmManager: sending alarm {9fb17df type 1 *alarm*:com.droid27.tcw.ACTION_TIME_TICK}
12-01 12:08:00.049  1787  1787 V AlarmManager: done {9fb17df, *alarm*:com.droid27.tcw.ACTION_TIME_TICK} [47ms]
12-01 12:08:00.061  1787  1787 V AlarmManager: done {59149cf, *alarm*:android.intent.action.TIME_TICK} [62ms]
12-01 12:08:24.703  1787  2915 I ActivityManager: START u0 {act=android.intent.action.MAIN cat=[android.intent.category.HOME] flg=0x10200000 cmp=com.google.android.googlequicksearchbox/com.google.android.launcher.GEL (has extras)} from uid 1000 on display 0
12-01 12:08:24.703  1787  2915 I ActivityManager: moveHomeStack, setupComplete:true
12-01 12:08:24.726  1787  2915 I ActivityManager: Killing 7892:com.google.process.gapps/u0a17 (adj 15): empty #7
12-01 12:08:24.841   258   258 I SFPerfTracer:      triggers: (rate: 310:11511) (compose: 26:1209) (post: 3:4432) (render: 127:3229) (6:476922 frames) (7:538337)
12-01 12:08:24.841   258   258 D SFPerfTracer:        layers: (4:18) (FocusedStackFrame (0xb76faf08): 0:2457)* (DimLayer (0xb765c9f8): 0:71)* (StatusBar (0xb7700af0): 0:40795) (com.android.systemui.ImageWallpaper (0xb7652330): 0:2109)* (Sprite (0xb76bc5c0): 0:49340)* (Sprite (0xb76d2e78): 0:6474)* (Sprite (0xb76e0498): 0:45920)* (Sprite (0xb769c898): 0:27)* (DimLayer (0xb7707410): 0:23)* (DimLayer (0xb7709288): 0:48)* (Sprite (0xb76d7f10): 7:983) (Sprite (0xb7711490): 0:9114)* (NavigationBar (0xb7713258): 7:174) (com.google.android.googlequicksearchbox/com.google.android.launcher.GEL (0xb77194b8): 0:17)- (com.android.systemui/com.android.systemui.usb.UsbConfirmActivity (0xb7699b08): 0:76)- (Starting SeniorenApp.SeniorenApp (0xb7714520): 0:41)- (SeniorenApp.SeniorenApp/md54259e6513023dd8c68a5505c80f1ae41.MainActivity (0xb77194b8): 2:8) 
12-01 12:08:24.892  1787  1806 I LaunchCheckinHandler: Displayed com.google.android.googlequicksearchbox/com.google.android.launcher.GEL,wp,wa,189
12-01 12:08:27.968  1787  1798 I ActivityManager: START u0 {act=android.intent.action.MAIN cat=[android.intent.category.LAUNCHER] flg=0x10200000 cmp=com.android.settings/.Settings (has extras)} from uid 10046 on display 0
12-01 12:08:28.007  1787  6221 I ActivityManager: Start proc 9080:com.android.settings/1000 for activity com.android.settings/.Settings
12-01 12:08:28.195  1787  4628 I ActivityManager: Start proc 9093:com.android.cellbroadcastreceiver/u0a7 for content provider com.android.cellbroadcastreceiver/.CellBroadcastSearchIndexableProvider
12-01 12:08:28.423   258   258 I SFPerfTracer:      triggers: (rate: 310:11511) (compose: 26:1209) (post: 3:4432) (render: 127:3229) (14:477002 frames) (15:538438)
12-01 12:08:28.423   258   258 D SFPerfTracer:        layers: (5:17) (FocusedStackFrame (0xb76faf08): 0:2460)* (DimLayer (0xb765c9f8): 0:71)* (StatusBar (0xb7700af0): 0:40817) (com.android.systemui.ImageWallpaper (0xb7652330): 0:2111) (Sprite (0xb76bc5c0): 0:49340)* (Sprite (0xb76d2e78): 0:6474)* (Sprite (0xb76e0498): 0:45920)* (Sprite (0xb769c898): 0:27)* (DimLayer (0xb7707410): 0:23)* (DimLayer (0xb7709288): 0:48)* (Sprite (0xb76d7f10): 1:1017)* (Sprite (0xb7711490): 0:9114)* (NavigationBar (0xb7713258): 0:200) (SeniorenApp.SeniorenApp/md54259e6513023dd8c68a5505c80f1ae41.MainActivity (0xb77194b8): 0:32)- (com.google.android.googlequicksearchbox/com.google.android.launcher.GEL (0xb7699b08): 0:37) (Starting com.android.settings (0xb77194b8): 15:21) 
12-01 12:08:28.456  1787  2954 D WifiService: New client listening to asynchronous messages
12-01 12:08:28.801  1787  1806 I LaunchCheckinHandler: Displayed com.android.settings/.Settings,cp,ca,809
12-01 12:08:30.955  1787  4201 I ActivityManager: START u0 {act=android.intent.action.MAIN cmp=com.android.settings/.SubSettings (has extras)} from uid 1000 on display 0
12-01 12:08:30.960   258   258 I SFPerfTracer:      triggers: (rate: 310:11513) (compose: 26:1209) (post: 3:4432) (render: 127:3229) (1:477086 frames) (2:538539)
12-01 12:08:30.960   258   258 D SFPerfTracer:        layers: (4:17) (FocusedStackFrame (0xb76faf08): 0:2463)* (DimLayer (0xb765c9f8): 0:71)* (StatusBar (0xb7700af0): 0:40818) (com.android.systemui.ImageWallpaper (0xb7652330): 0:2112)* (Sprite (0xb76bc5c0): 0:49340)* (Sprite (0xb76d2e78): 0:6474)* (Sprite (0xb76e0498): 0:45920)* (Sprite (0xb769c898): 0:27)* (DimLayer (0xb7707410): 0:23)* (DimLayer (0xb7709288): 0:48)* (Sprite (0xb76d7f10): 2:1079) (Sprite (0xb7711490): 0:9114)* (NavigationBar (0xb7713258): 0:200) (com.google.android.googlequicksearchbox/com.google.android.launcher.GEL (0xb7699b08): 0:37)- (Starting com.android.settings (0xb77194b8): 0:35)- (com.android.settings/com.android.settings.Settings (0xb7699b08): 0:67) 
12-01 12:08:31.210  1787  1806 I LaunchCheckinHandler: Displayed com.android.settings/.SubSettings,wp,ca,238
12-01 12:08:31.473   258   258 I SFPerfTracer:      triggers: (rate: 310:11513) (compose: 26:1210) (post: 3:4432) (render: 127:3230) (12:477110 frames) (13:538568)
12-01 12:08:31.474   258   258 D SFPerfTracer:        layers: (5:16) (FocusedStackFrame (0xb76faf08): 1:2466)* (DimLayer (0xb765c9f8): 0:71)* (StatusBar (0xb7700af0): 0:40818) (com.android.systemui.ImageWallpaper (0xb7652330): 0:2112)* (Sprite (0xb76bc5c0): 0:49340)* (Sprite (0xb76d2e78): 0:6474)* (Sprite (0xb76e0498): 0:45920)* (Sprite (0xb769c898): 0:27)* (DimLayer (0xb7707410): 0:23)* (DimLayer (0xb7709288): 1:49) (Sprite (0xb76d7f10): 0:1091)* (Sprite (0xb7711490): 0:9114)* (NavigationBar (0xb7713258): 0:200) (com.android.settings/com.android.settings.Settings (0xb7699b08): 13:95) (com.android.settings/com.android.settings.SubSettings (0xb77194b8): 13:18) 
12-01 12:08:32.610   258   258 I SFPerfTracer:      triggers: (rate: 310:11513) (compose: 26:1210) (post: 3:4434) (render: 127:3230) (55:477171 frames) (56:538632)
12-01 12:08:32.610   258   258 D SFPerfTracer:        layers: (3:16) (FocusedStackFrame (0xb76faf08): 1:2467)* (DimLayer (0xb765c9f8): 0:71)* (StatusBar (0xb7700af0): 0:40818) (com.android.systemui.ImageWallpaper (0xb7652330): 0:2112)* (Sprite (0xb76bc5c0): 0:49340)* (Sprite (0xb76d2e78): 0:6474)* (Sprite (0xb76e0498): 0:45920)* (Sprite (0xb769c898): 0:27)* (DimLayer (0xb7707410): 0:23)* (DimLayer (0xb7709288): 0:50)* (Sprite (0xb76d7f10): 0:1091)* (Sprite (0xb7711490): 0:9114)* (NavigationBar (0xb7713258): 0:200) (com.android.settings/com.android.settings.Settings (0xb7699b08): 0:97)- (com.android.settings/com.android.settings.SubSettings (0xb77194b8): 56:82) 
12-01 12:08:33.096  1787  1812 I ActivityManager: Start proc 9122:com.android.defcontainer/u0a10 for service com.android.defcontainer/.DefaultContainerService
12-01 12:08:35.575   258   258 I SFPerfTracer:      triggers: (rate: 310:11514) (compose: 26:1210) (post: 3:4434) (render: 127:3230) (32:477289 frames) (33:538759)
12-01 12:08:35.575   258   258 D SFPerfTracer:        layers: (4:15) (FocusedStackFrame (0xb76faf08): 0:2467)* (DimLayer (0xb765c9f8): 0:71)* (StatusBar (0xb7700af0): 0:40819) (com.android.systemui.ImageWallpaper (0xb7652330): 0:2112)* (Sprite (0xb76bc5c0): 0:49340)* (Sprite (0xb76d2e78): 0:6474)* (Sprite (0xb76e0498): 0:45920)* (Sprite (0xb769c898): 0:27)* (DimLayer (0xb7707410): 0:23)* (DimLayer (0xb7709288): 0:50)* (Sprite (0xb76d7f10): 32:1171) (Sprite (0xb7711490): 0:9114)* (NavigationBar (0xb7713258): 0:200) (com.android.settings/com.android.settings.SubSettings (0xb77194b8): 31:187) 
