11-22 19:40:02.008  1789  5333 D NetlinkSocketObserver: NeighborEvent{elapsedMs=659682, 192.168.178.1, [5C4979705309], RTM_NEWNEIGH, NUD_STALE}
11-22 19:40:05.288   296  1753 E NetlinkEvent: NetlinkEvent::FindParam(): Parameter 'UID' not found
11-22 19:40:06.519  9150  9150 E NEW_BHD : Battery Power Supply logging Daemon start!!!!!
11-22 19:40:06.520  9150  9150 E NEW_BHD : Cannot run on production devices!
11-22 19:40:11.547  9151  9151 E NEW_BHD : Battery Power Supply logging Daemon start!!!!!
11-22 19:40:11.548  9151  9151 E NEW_BHD : Cannot run on production devices!
11-22 19:40:13.848  1789  5333 D NetlinkSocketObserver: NeighborEvent{elapsedMs=671522, 192.168.178.1, [5C4979705309], RTM_NEWNEIGH, NUD_STALE}
11-22 19:40:16.574  9152  9152 E NEW_BHD : Battery Power Supply logging Daemon start!!!!!
11-22 19:40:16.574  9152  9152 E NEW_BHD : Cannot run on production devices!
11-22 19:40:21.599  9153  9153 E NEW_BHD : Battery Power Supply logging Daemon start!!!!!
11-22 19:40:21.600  9153  9153 E NEW_BHD : Cannot run on production devices!
11-22 19:40:25.687  1789  5333 D NetlinkSocketObserver: NeighborEvent{elapsedMs=683361, 192.168.178.1, [5C4979705309], RTM_NEWNEIGH, NUD_STALE}
11-22 19:40:26.627  9154  9154 E NEW_BHD : Battery Power Supply logging Daemon start!!!!!
11-22 19:40:26.628  9154  9154 E NEW_BHD : Cannot run on production devices!
11-22 19:40:31.654  9155  9155 E NEW_BHD : Battery Power Supply logging Daemon start!!!!!
11-22 19:40:31.654  9155  9155 E NEW_BHD : Cannot run on production devices!
11-22 19:40:36.679  9156  9156 E NEW_BHD : Battery Power Supply logging Daemon start!!!!!
11-22 19:40:36.680  9156  9156 E NEW_BHD : Cannot run on production devices!
11-22 19:40:37.528  1789  5333 D NetlinkSocketObserver: NeighborEvent{elapsedMs=695202, 192.168.178.1, [5C4979705309], RTM_NEWNEIGH, NUD_STALE}
11-22 19:40:41.706  9157  9157 E NEW_BHD : Battery Power Supply logging Daemon start!!!!!
11-22 19:40:41.708  9157  9157 E NEW_BHD : Cannot run on production devices!
11-22 19:40:46.733  9158  9158 E NEW_BHD : Battery Power Supply logging Daemon start!!!!!
11-22 19:40:46.734  9158  9158 E NEW_BHD : Cannot run on production devices!
11-22 19:40:49.368  1789  5333 D NetlinkSocketObserver: NeighborEvent{elapsedMs=707042, 192.168.178.1, [5C4979705309], RTM_NEWNEIGH, NUD_STALE}
11-22 19:40:51.759  9159  9159 E NEW_BHD : Battery Power Supply logging Daemon start!!!!!
11-22 19:40:51.759  9159  9159 E NEW_BHD : Cannot run on production devices!
11-22 19:40:56.787  9160  9160 E NEW_BHD : Battery Power Supply logging Daemon start!!!!!
11-22 19:40:56.788  9160  9160 E NEW_BHD : Cannot run on production devices!
11-22 19:41:01.208  1789  5333 D NetlinkSocketObserver: NeighborEvent{elapsedMs=718882, 192.168.178.1, [5C4979705309], RTM_NEWNEIGH, NUD_STALE}
11-22 19:41:01.813  9161  9161 E NEW_BHD : Battery Power Supply logging Daemon start!!!!!
11-22 19:41:01.814  9161  9161 E NEW_BHD : Cannot run on production devices!
11-22 19:41:05.456  3010  3294 I NetworkController.MotorolaMobileSignalController(1): MotorolaMobilePhoneStateListener.onSignalStrengthsChanged: Entered: signalStrength=SignalStrength: 17 0 -120 -160 -120 -1 -1 99 2147483647 2147483647 2147483647 2147483647 2147483647 gsm|lte level=4
11-22 19:41:06.839  9163  9163 E NEW_BHD : Battery Power Supply logging Daemon start!!!!!
11-22 19:41:06.840  9163  9163 E NEW_BHD : Cannot run on production devices!
11-22 19:41:10.581  3010  3294 I NetworkController.MotorolaMobileSignalController(1): MotorolaMobilePhoneStateListener.onSignalStrengthsChanged: Entered: signalStrength=SignalStrength: 17 0 -120 -160 -120 -1 -1 99 2147483647 2147483647 2147483647 2147483647 2147483647 gsm|lte level=4
11-22 19:41:11.867  9165  9165 E NEW_BHD : Battery Power Supply logging Daemon start!!!!!
11-22 19:41:11.868  9165  9165 E NEW_BHD : Cannot run on production devices!
11-22 19:41:13.048  1789  5333 D NetlinkSocketObserver: NeighborEvent{elapsedMs=730722, 192.168.178.1, [5C4979705309], RTM_NEWNEIGH, NUD_STALE}
11-22 19:41:16.894  9166  9166 E NEW_BHD : Battery Power Supply logging Daemon start!!!!!
11-22 19:41:16.894  9166  9166 E NEW_BHD : Cannot run on production devices!
11-22 19:41:21.919  9167  9167 E NEW_BHD : Battery Power Supply logging Daemon start!!!!!
11-22 19:41:21.920  9167  9167 E NEW_BHD : Cannot run on production devices!
11-22 19:41:24.888  1789  5333 D NetlinkSocketObserver: NeighborEvent{elapsedMs=742562, 192.168.178.1, [5C4979705309], RTM_NEWNEIGH, NUD_STALE}
11-22 19:41:26.947  9168  9168 E NEW_BHD : Battery Power Supply logging Daemon start!!!!!
11-22 19:41:26.948  9168  9168 E NEW_BHD : Cannot run on production devices!
11-22 19:41:31.974  9169  9169 E NEW_BHD : Battery Power Supply logging Daemon start!!!!!
11-22 19:41:31.974  9169  9169 E NEW_BHD : Cannot run on production devices!
11-22 19:41:36.727  1789  5333 D NetlinkSocketObserver: NeighborEvent{elapsedMs=754401, 192.168.178.1, [5C4979705309], RTM_NEWNEIGH, NUD_STALE}
11-22 19:41:36.999  9170  9170 E NEW_BHD : Battery Power Supply logging Daemon start!!!!!
11-22 19:41:37.000  9170  9170 E NEW_BHD : Cannot run on production devices!
11-22 19:41:42.027  9171  9171 E NEW_BHD : Battery Power Supply logging Daemon start!!!!!
11-22 19:41:42.028  9171  9171 E NEW_BHD : Cannot run on production devices!
11-22 19:41:47.054  9172  9172 E NEW_BHD : Battery Power Supply logging Daemon start!!!!!
11-22 19:41:47.054  9172  9172 E NEW_BHD : Cannot run on production devices!
11-22 19:41:48.568  1789  5333 D NetlinkSocketObserver: NeighborEvent{elapsedMs=766242, 192.168.178.1, [5C4979705309], RTM_NEWNEIGH, NUD_STALE}
11-22 19:41:52.079  9173  9173 E NEW_BHD : Battery Power Supply logging Daemon start!!!!!
11-22 19:41:52.080  9173  9173 E NEW_BHD : Cannot run on production devices!
11-22 19:41:52.860  1789  2914 V AlarmManager: sending alarm {be5e04d type 3 *alarm*:android.intent.action.TIME_TICK}
11-22 19:41:52.862  1789  2914 V AlarmManager: sending alarm {77192bd type 3 *alarm*:com.google.android.gms/.lockbox.LockboxAlarmReceiver}
11-22 19:41:52.866  1789  2914 V AlarmManager: sending alarm {c1f6d06 type 1 *alarm*:com.google.android.gms.tron.ALARM}
11-22 19:41:52.876  1789  2914 V AlarmManager: sending alarm {a9037fe type 2 *walarm*:com.google.android.gms.gcm.HEARTBEAT_ALARM}
11-22 19:41:52.881  1789  2914 V AlarmManager: sending alarm {718a1b4 type 1 *alarm*:com.droid27.tcw.ACTION_TIME_TICK}
11-22 19:41:52.882  1789  2914 V AlarmManager: sending alarm {718a1b4 type 1 *alarm*:com.droid27.tcw.ACTION_TIME_TICK}
11-22 19:41:52.883  1789  1789 V AlarmManager: done {77192bd, *alarm*:com.google.android.gms/.lockbox.LockboxAlarmReceiver} [23ms]
11-22 19:41:52.893  1789  1789 V AlarmManager: done {c1f6d06, *alarm*:com.google.android.gms.tron.ALARM} [33ms]
11-22 19:41:52.905   296  1753 E NetlinkEvent: NetlinkEvent::FindParam(): Parameter 'UID' not found
11-22 19:41:52.911  1789  1789 V AlarmManager: done {a9037fe, *walarm*:com.google.android.gms.gcm.HEARTBEAT_ALARM} [51ms]
11-22 19:41:52.955  1789  1789 V AlarmManager: done {718a1b4, *alarm*:com.droid27.tcw.ACTION_TIME_TICK} [95ms]
11-22 19:41:52.982  1789  1789 V AlarmManager: done {718a1b4, *alarm*:com.droid27.tcw.ACTION_TIME_TICK} [122ms]
11-22 19:41:53.013  1789  1789 V AlarmManager: done {be5e04d, *alarm*:android.intent.action.TIME_TICK} [153ms]
11-22 19:41:53.050  5963  5963 I GCM     : Message from null
11-22 19:41:53.050  5963  5963 E GCM     : Dropping message to GMS from null as no component is set
11-22 19:41:57.107  9177  9177 E NEW_BHD : Battery Power Supply logging Daemon start!!!!!
11-22 19:41:57.108  9177  9177 E NEW_BHD : Cannot run on production devices!
11-22 19:42:02.134  9178  9178 E NEW_BHD : Battery Power Supply logging Daemon start!!!!!
11-22 19:42:02.134  9178  9178 E NEW_BHD : Cannot run on production devices!
11-22 19:42:04.768  1789  5333 D NetlinkSocketObserver: NeighborEvent{elapsedMs=782442, 192.168.178.1, [5C4979705309], RTM_NEWNEIGH, NUD_STALE}
11-22 19:42:07.159  9179  9179 E NEW_BHD : Battery Power Supply logging Daemon start!!!!!
11-22 19:42:07.160  9179  9179 E NEW_BHD : Cannot run on production devices!
11-22 19:42:08.008   296  1753 E NetlinkEvent: NetlinkEvent::FindParam(): Parameter 'UID' not found
11-22 19:42:12.187  9180  9180 E NEW_BHD : Battery Power Supply logging Daemon start!!!!!
11-22 19:42:12.188  9180  9180 E NEW_BHD : Cannot run on production devices!
11-22 19:42:16.608  1789  5333 D NetlinkSocketObserver: NeighborEvent{elapsedMs=794282, 192.168.178.1, [5C4979705309], RTM_NEWNEIGH, NUD_STALE}
11-22 19:42:17.214  9181  9181 E NEW_BHD : Battery Power Supply logging Daemon start!!!!!
11-22 19:42:17.214  9181  9181 E NEW_BHD : Cannot run on production devices!
11-22 19:42:22.234  9182  9182 E NEW_BHD : Battery Power Supply logging Daemon start!!!!!
11-22 19:42:22.235  9182  9182 E NEW_BHD : Cannot run on production devices!
11-22 19:42:22.249  3010  3294 I NetworkController.MotorolaMobileSignalController(1): MotorolaMobilePhoneStateListener.onSignalStrengthsChanged: Entered: signalStrength=SignalStrength: 17 0 -120 -160 -120 -1 -1 99 2147483647 2147483647 2147483647 2147483647 2147483647 gsm|lte level=4
11-22 19:42:24.821  3010  3294 I NetworkController.MotorolaMobileSignalController(1): MotorolaMobilePhoneStateListener.onSignalStrengthsChanged: Entered: signalStrength=SignalStrength: 17 0 -120 -160 -120 -1 -1 99 2147483647 2147483647 2147483647 2147483647 2147483647 gsm|lte level=4
11-22 19:42:27.262  9185  9185 E NEW_BHD : Battery Power Supply logging Daemon start!!!!!
11-22 19:42:27.263  9185  9185 E NEW_BHD : Cannot run on production devices!
11-22 19:42:28.448  1789  5333 D NetlinkSocketObserver: NeighborEvent{elapsedMs=806122, 192.168.178.1, [5C4979705309], RTM_NEWNEIGH, NUD_STALE}
11-22 19:42:28.785  8998  9035 I PlayCommon: [673] com.google.android.play.a.g.e(862): Preparing logs for uploading
11-22 19:42:28.835  8998  9035 I PlayCommon: [673] com.google.android.play.a.g.a(1002): Connecting to server: https://play.googleapis.com/play/log?format=raw&proto_v2=true
11-22 19:42:28.841   296  1753 E NetlinkEvent: NetlinkEvent::FindParam(): Parameter 'UID' not found
11-22 19:42:29.147  8998  9035 I PlayCommon: [673] com.google.android.play.a.g.a(1077): Successfully uploaded logs.
11-22 19:42:29.200  1789  2916 I PowerManagerService: Waking up from dozing (uid 1000)...
11-22 19:42:29.201  1789  1789 V KeyguardServiceDelegate: onStartedWakingUp()
11-22 19:42:29.206  1789  1789 V AlarmManager: sending alarm {be5e04d type 3 *alarm*:android.intent.action.TIME_TICK}
11-22 19:42:29.208  1789  1811 V KeyguardServiceDelegate: onScreenTurnedOn(showListener = com.android.server.policy.PhoneWindowManager$2@ee9060d)
11-22 19:42:29.210  1789  1789 V AlarmManager: sending alarm {718a1b4 type 1 *alarm*:com.droid27.tcw.ACTION_TIME_TICK}
11-22 19:42:29.211  1789  1808 I DisplayManagerService: Display device changed state: "Integriertes Display", ON
11-22 19:42:29.212   258   258 D SurfaceFlinger: Set power mode=2, type=0 flinger=0xb8d7edf8
11-22 19:42:29.212   258   258 D qdhwcomposer: hwc_setPowerMode: Setting mode 2 on display: 0
11-22 19:42:29.212   258   258 E qdutils : int qdutils::getHDMINode(): Failed to open fb node 2
11-22 19:42:29.212   258   258 E qdutils : int qdutils::getHDMINode(): Failed to open fb node 3
11-22 19:42:29.212   258   258 E qdutils : int qdutils::getHDMINode(): Failed to find HDMI node
11-22 19:42:29.219  1789  6257 I DreamManagerService: Leaving dreamland.
11-22 19:42:29.220  1789  1805 I DreamController: Stopping dream: name=ComponentInfo{com.motorola.motodisplay/com.motorola.motodisplay.DozeService}, isTest=false, canDoze=true, userId=0
11-22 19:42:29.234  1789  3779 V KeyguardServiceDelegate: **** SHOWN CALLED ****
11-22 19:42:29.255  9096  9109 D ModalityManager: 
11-22 19:42:29.255  9096  9109 D ModalityManager: removeMovementListener(), package: com.motorola.motodisplay
11-22 19:42:29.256  3063  3078 D SLPC    : reg_modalities(): 2, 150000, 1000
11-22 19:42:29.256  3063  3078 D SLPC    : reg_modalities(): 2
11-22 19:42:29.256  3063  3078 D sensorhub: sensorhub_algo_req(): algo: 0, active_parts: 2, num_parts: 6, req_len: 28, bytes: 31
11-22 19:42:29.256  3063  3078 D sensorhub: sensorhub_algo_req(): algos: 56
11-22 19:42:29.257  9096  9109 D ModalityManager: 
11-22 19:42:29.257  9096  9109 D ModalityManager: removeOrientationListener(), package: com.motorola.motodisplay
11-22 19:42:29.257  3063  3077 D SLPC    : unreg_orientations(): 65535
11-22 19:42:29.257  3063  3077 D sensorhub: sensorhub_algo_req(): algo: 1, active_parts: 0, num_parts: 4, req_len: 20, bytes: 23
11-22 19:42:29.257  3063  3077 D sensorhub: sensorhub_algo_req(): algos: 40
11-22 19:42:29.258  9096  9109 D ModalityManager: 
11-22 19:42:29.258  9096  9109 D ModalityManager: removeStowedListener(), package: com.motorola.motodisplay
11-22 19:42:29.259  3063  3078 D SLPC    : unreg_stowed(): 5
11-22 19:42:29.259  3063  3078 D sensorhub: sensorhub_algo_req(): algo: 2, active_parts: 2, num_parts: 3, req_len: 16, bytes: 19
11-22 19:42:29.259  3063  3078 D sensorhub: sensorhub_algo_req(): algos: 40
11-22 19:42:29.262   301   301 I chatty  : uid=1013(media) /system/bin/mediaserver expire 7 lines
11-22 19:42:29.269  1789  1789 V AlarmManager: done {718a1b4, *alarm*:com.droid27.tcw.ACTION_TIME_TICK} [64ms]
11-22 19:42:29.271  1789  2950 E native  : do suspend false
11-22 19:42:29.278  3010  3010 V QSTileView: setDual true
11-22 19:42:29.278  3010  3010 V QSTileView: setDual true
11-22 19:42:29.279  3010  3010 V QSTileView: setDual false
11-22 19:42:29.279  3010  3010 V QSTileView: setDual false
11-22 19:42:29.279  3010  3010 V QSTileView: setDual false
11-22 19:42:29.279  3010  3010 V QSTileView: setDual false
11-22 19:42:29.279  3010  3010 V QSTileView: setDual false
11-22 19:42:29.279  3010  3010 V QSTileView: setDual false
11-22 19:42:29.279  3010  3010 V QSTileView: setDual false
11-22 19:42:29.279  3010  3010 V QSTileView: setDual false
11-22 19:42:29.279  3010  3010 V QSTileView: setDual false
11-22 19:42:29.279  3010  3010 V QSTileView: setDual true
11-22 19:42:29.280  3010  3010 V QSTileView: setDual true
11-22 19:42:29.280  3010  3010 V QSTileView: setDual false
11-22 19:42:29.280  3010  3010 V QSTileView: setDual false
11-22 19:42:29.280  3010  3010 V QSTileView: setDual false
11-22 19:42:29.280  3010  3010 V QSTileView: setDual false
11-22 19:42:29.280  3010  3010 V QSTileView: setDual false
11-22 19:42:29.280  3010  3010 V QSTileView: setDual false
11-22 19:42:29.280  3010  3010 V QSTileView: setDual false
11-22 19:42:29.280  3010  3010 V QSTileView: setDual false
11-22 19:42:29.280  3010  3010 V QSTileView: setDual false
11-22 19:42:29.297  1789  2950 D WifiConfigStore: No blacklist allowed without epno enabled
11-22 19:42:29.435   258   774 I qdhwcomposer: handle_blank_event: dpy:0 panel power state: 1
11-22 19:42:29.435   258   774 E qdutils : int qdutils::getHDMINode(): Failed to open fb node 2
11-22 19:42:29.435   258   774 E qdutils : int qdutils::getHDMINode(): Failed to open fb node 3
11-22 19:42:29.435   258   774 E qdutils : int qdutils::getHDMINode(): Failed to find HDMI node
11-22 19:42:29.436   258   772 I qdhwcomposer: dcabc_loop: OFF -> UI
11-22 19:42:29.436   258   772 I qdhwcomposer: dcabc_loop: Done updating UI mode
11-22 19:42:29.436   258   258 D qdhwcomposer: hwc_setPowerMode: Done setting mode 2 on display 0
11-22 19:42:29.437  1789  2971 D SurfaceControl: Excessive delay in setPowerMode(): 226ms
11-22 19:42:29.455  1789  1811 V KeyguardServiceDelegate: onScreenTurnedOn()
11-22 19:42:29.472  3010  3294 I NetworkController.MotorolaMobileSignalController(1): MotorolaMobilePhoneStateListener.onDataActivity: Entered: direction=3
11-22 19:42:29.478  3010  3294 I NetworkController.MotorolaMobileSignalController(1): MotorolaMobilePhoneStateListener.onDataActivity: Entered: direction=3
11-22 19:42:29.494  3611  3611 D MD.FrameworkProxyServic: should disconnect Application ? true
11-22 19:42:29.646  1789  1789 V AlarmManager: done {be5e04d, *alarm*:android.intent.action.TIME_TICK} [440ms]
11-22 19:42:30.586  3063  3110 D SLPC    : slpc_poll_loop(): handled 1
11-22 19:42:30.586  3063  3110 D SLPC    : slpc_poll_handle_event(): transition
11-22 19:42:30.586  3063  3110 D SLPC    : slpc_poll_loop(): about to poll...
11-22 19:42:30.586  3063  3110 D sensorhub: sensorhub_poll() polling...
11-22 19:42:30.587  3063  3063 D ModalityService: ModalityListener(): callback onModalityChange() -> 1
11-22 19:42:30.587  1789  3062 D ModalityManager: onStartMovement(), package: android
11-22 19:42:30.588  1789  1789 D MotWifiScanMovementListener: MovementListener onStartMovement
11-22 19:42:31.268  3010  3010 D PhoneStatusBar: disable: < expand ICONS alerts SYSTEM_INFO back HOME RECENT clock SEARCH quick_settings >
11-22 19:42:31.326  3010  3010 D PhoneStatusBar: disable: < expand ICONS alerts SYSTEM_INFO back HOME RECENT clock SEARCH quick_settings >
11-22 19:42:31.488   258   258 I SFPerfTracer:      triggers: (rate: 5:379) (compose: 1:16) (post: 0:7) (render: 1:26) (20:2267 frames) (21:2953)
11-22 19:42:31.488   258   258 D SFPerfTracer:        layers: (3:11) (FocusedStackFrame (0xb8efb238): 0:90)* (StatusBar (0xb8efd408): 18:401) (com.android.systemui.ImageWallpaper (0xb8eef4b8): 0:20) (Sprite (0xb8e66928): 19:637) (NavigationBar (0xb8ea2420): 0:220)- (Sprite (0xb8ebf820): 0:408)* (com.google.android.googlequicksearchbox/com.google.android.launcher.GEL (0xb8eb6d28): 0:160)* (ColorFade (0xb8ea4610): 0:32)- ( (0xb8eead68): 0:4)- 
11-22 19:42:31.563  5639  5750 E MC_LineReader: Error opening /sys/class/power_supply/bms/resistance
11-22 19:42:31.563  5639  5750 E MC_LineReader: java.io.FileNotFoundException: /sys/class/power_supply/bms/resistance: open failed: ENOENT (No such file or directory)
11-22 19:42:31.563  5639  5750 E MC_LineReader: 	at libcore.io.IoBridge.open(IoBridge.java:452)
11-22 19:42:31.563  5639  5750 E MC_LineReader: 	at java.io.FileInputStream.<init>(FileInputStream.java:76)
11-22 19:42:31.563  5639  5750 E MC_LineReader: 	at java.io.FileInputStream.<init>(FileInputStream.java:103)
11-22 19:42:31.563  5639  5750 E MC_LineReader: 	at java.io.FileReader.<init>(FileReader.java:66)
11-22 19:42:31.563  5639  5750 E MC_LineReader: 	at com.motorola.motocare.util.LineReader.<init>(LineReader.java:20)
11-22 19:42:31.563  5639  5750 E MC_LineReader: 	at com.motorola.motocare.util.LineReader$1.<init>(LineReader.java:53)
11-22 19:42:31.563  5639  5750 E MC_LineReader: 	at com.motorola.motocare.util.LineReader.firstLineReader(LineReader.java:53)
11-22 19:42:31.563  5639  5750 E MC_LineReader: 	at com.motorola.motocare.util.BatteryUtils.getBatteryResistance(BatteryUtils.java:130)
11-22 19:42:31.563  5639  5750 E MC_LineReader: 	at com.motorola.motocare.action.BatteryLevelAction.onReceiveImpl(BatteryLevelAction.java:42)
11-22 19:42:31.563  5639  5750 E MC_LineReader: 	at com.motorola.motocare.util.BackgroundReceiver$1.run(BackgroundReceiver.java:14)
11-22 19:42:31.563  5639  5750 E MC_LineReader: 	at android.os.Handler.handleCallback(Handler.java:746)
11-22 19:42:31.563  5639  5750 E MC_LineReader: 	at android.os.Handler.dispatchMessage(Handler.java:95)
11-22 19:42:31.563  5639  5750 E MC_LineReader: 	at android.os.Looper.loop(Looper.java:148)
11-22 19:42:31.563  5639  5750 E MC_LineReader: 	at android.os.HandlerThread.run(HandlerThread.java:61)
11-22 19:42:31.563  5639  5750 E MC_LineReader: Caused by: android.system.ErrnoException: open failed: ENOENT (No such file or directory)
11-22 19:42:31.563  5639  5750 E MC_LineReader: 	at libcore.io.Posix.open(Native Method)
11-22 19:42:31.563  5639  5750 E MC_LineReader: 	at libcore.io.BlockGuardOs.open(BlockGuardOs.java:186)
11-22 19:42:31.563  5639  5750 E MC_LineReader: 	at libcore.io.IoBridge.open(IoBridge.java:438)
11-22 19:42:31.563  5639  5750 E MC_LineReader: 	... 13 more
11-22 19:42:31.915  1789  2960 W AudioTrack: dead IAudioTrack, PCM, creating a new one from start()
11-22 19:42:31.924   301   750 I chatty  : uid=1013(media) ApmOutput expire 4 lines
11-22 19:42:31.927   301   791 I chatty  : uid=1013(media) AudioOut_2 expire 65 lines
11-22 19:42:32.285  1789  2955 D ConnectivityService: notifyType CAP_CHANGED for NetworkAgentInfo [WIFI () - 101]
11-22 19:42:32.287  3010  3294 D MotoNetwCtrlr: onReceive: intent=Intent { act=android.net.wifi.RSSI_CHANGED flg=0x4000010 (has extras) }
11-22 19:42:32.287  3010  3294 I MotoNetwCtrlr.MotoWifiSignalCtrlr: handleBroadcast: Entered: Intent=Intent { act=android.net.wifi.RSSI_CHANGED flg=0x4000010 (has extras) } Action=android.net.wifi.RSSI_CHANGED
11-22 19:42:32.292  9195  9195 E NEW_BHD : Battery Power Supply logging Daemon start!!!!!
11-22 19:42:32.292  9195  9195 E NEW_BHD : Cannot run on production devices!
11-22 19:42:32.735   258   712 I SFPerfTracer:      triggers: (rate: 0:0) (0 sw vsyncs) (0 skipped) (93:2371 vsyncs) (95:3376)
11-22 19:42:32.937   258   258 I SFPerfTracer:      triggers: (rate: 5:379) (compose: 1:17) (post: 0:8) (render: 1:28) (10:2340 frames) (11:3037)
11-22 19:42:32.937   258   258 D SFPerfTracer:        layers: (4:9) (FocusedStackFrame (0xb8efb238): 0:90)* (StatusBar (0xb8efd408): 11:481) (com.android.systemui.ImageWallpaper (0xb8eef4b8): 0:20) (Sprite (0xb8e66928): 1:684)* (Sprite (0xb8ebf820): 10:420) (com.google.android.googlequicksearchbox/com.google.android.launcher.GEL (0xb8eb6d28): 0:160)* (NavigationBar (0xb8ea45d0): 0:19) 
11-22 19:42:33.004   304   304 I keystore: calling unlock when already unlocked, ignoring.
11-22 19:42:33.054  3010  3010 D KeyguardViewMediator: in handleHide(), mShowing = true mOccluded = false  mHideAnimationRun = false
11-22 19:42:33.054  3010  3010 D KeyguardSecurityView: startPreHideAnimation(com.android.systemui.keyguard.KeyguardViewMediator$5@e05a33b);  mCurrentSecuritySelection = PIN
11-22 19:42:33.203   258   258 I SFPerfTracer:      triggers: (rate: 5:379) (compose: 1:17) (post: 0:9) (render: 1:28) (14:2354 frames) (15:3053)
11-22 19:42:33.204   258   258 D SFPerfTracer:        layers: (4:9) (FocusedStackFrame (0xb8efb238): 0:90)* (StatusBar (0xb8efd408): 15:497) (com.android.systemui.ImageWallpaper (0xb8eef4b8): 0:20) (Sprite (0xb8e66928): 0:684)* (Sprite (0xb8ebf820): 11:432) (com.google.android.googlequicksearchbox/com.google.android.launcher.GEL (0xb8eb6d28): 0:160)* (NavigationBar (0xb8ea45d0): 0:19) 
11-22 19:42:33.351  3010  3010 D KeyguardViewMediator: Call PhoneWindowManager's keyguardGoingAway, expect PhoneWindowManager to call startKeyguardExitAnimation
11-22 19:42:33.374  3010  3010 D KeyguardViewMediator: handleStartKeyguardExitAnimation(811142, 400)
11-22 19:42:33.394  3010  3010 D PhoneStatusBar: disable: < expand icons* alerts system_info* back HOME RECENT clock SEARCH quick_settings >
11-22 19:42:33.413  3010  3010 E ScrimController: Why scrim in front is set to transparency for keyguard bouncing mode?, status: ScrimController {mKeyguardShowing: false mBouncerShowing: true mDarkenWhileDragging: true mExpanding: false mAnimateChange: true mAnimateKeyguardFadingOut: true mDozing: false}
11-22 19:42:33.413  3010  3010 E ScrimController: java.lang.Exception
11-22 19:42:33.413  3010  3010 E ScrimController: 	at com.android.systemui.statusbar.phone.ScrimController.setScrimColor(ScrimController.java:289)
11-22 19:42:33.413  3010  3010 E ScrimController: 	at com.android.systemui.statusbar.phone.ScrimController.setScrimInFrontColor(ScrimController.java:263)
11-22 19:42:33.413  3010  3010 E ScrimController: 	at com.android.systemui.statusbar.phone.ScrimController.updateScrims(ScrimController.java:203)
11-22 19:42:33.413  3010  3010 E ScrimController: 	at com.android.systemui.statusbar.phone.ScrimController.onPreDraw(ScrimController.java:385)
11-22 19:42:33.413  3010  3010 E ScrimController: 	at com.android.systemui.statusbar.phone.ScrimController.animateKeyguardFadingOut(ScrimController.java:151)
11-22 19:42:33.413  3010  3010 E ScrimController: 	at com.android.systemui.statusbar.phone.StatusBarKeyguardViewManager.animateScrimControllerKeyguardFadingOut(StatusBarKeyguardViewManager.java:367)
11-22 19:42:33.413  3010  3010 E ScrimController: 	at com.android.systemui.statusbar.phone.StatusBarKeyguardViewManager.animateScrimControllerKeyguardFadingOut(StatusBarKeyguardViewManager.java:360)
11-22 19:42:33.413  3010  3010 E ScrimController: 	at com.android.systemui.statusbar.phone.StatusBarKeyguardViewManager.hide(StatusBarKeyguardViewManager.java:342)
11-22 19:42:33.413  3010  3010 E ScrimController: 	at com.android.systemui.keyguard.KeyguardViewMediator.handleStartKeyguardExitAnimation(KeyguardViewMediator.java:1615)
11-22 19:42:33.413  3010  3010 E ScrimController: 	at com.android.systemui.keyguard.KeyguardViewMediator.-wrap17(KeyguardViewMediator.java)
11-22 19:42:33.413  3010  3010 E ScrimController: 	at com.android.systemui.keyguard.KeyguardViewMediator$4.handleMessage(KeyguardViewMediator.java:1355)
11-22 19:42:33.413  3010  3010 E ScrimController: 	at android.os.Handler.dispatchMessage(Handler.java:102)
11-22 19:42:33.413  3010  3010 E ScrimController: 	at android.os.Looper.loop(Looper.java:148)
11-22 19:42:33.413  3010  3010 E ScrimController: 	at android.app.ActivityThread.main(ActivityThread.java:5443)
11-22 19:42:33.413  3010  3010 E ScrimController: 	at java.lang.reflect.Method.invoke(Native Method)
11-22 19:42:33.413  3010  3010 E ScrimController: 	at com.android.internal.os.ZygoteInit$MethodAndArgsCaller.run(ZygoteInit.java:728)
11-22 19:42:33.413  3010  3010 E ScrimController: 	at com.android.internal.os.ZygoteInit.main(ZygoteInit.java:618)
11-22 19:42:33.424  3010  3010 D PhoneStatusBar: disable: < expand icons alerts system_info back HOME RECENT clock SEARCH quick_settings >
11-22 19:42:33.487  1789  3975 W InputMethodManagerService: Window already focused, ignoring focus gain of: com.android.internal.view.IInputMethodClient$Stub$Proxy@9587809 attribute=android.view.inputmethod.EditorInfo@f340a0e, token = android.os.BinderProxy@53a17fc
11-22 19:42:33.494  3010  3010 V QSTileView: setDual true
11-22 19:42:33.495  3010  3010 V QSTileView: setDual true
11-22 19:42:33.495  3010  3010 V QSTileView: setDual false
11-22 19:42:33.495  3010  3010 V QSTileView: setDual false
11-22 19:42:33.495  3010  3010 V QSTileView: setDual false
11-22 19:42:33.495  3010  3010 V QSTileView: setDual false
11-22 19:42:33.495  3010  3010 V QSTileView: setDual false
11-22 19:42:33.495  3010  3010 V QSTileView: setDual false
11-22 19:42:33.496  3010  3010 V QSTileView: setDual false
11-22 19:42:33.499  3010  3010 V QSTileView: setDual false
11-22 19:42:33.499  3010  3010 V QSTileView: setDual false
11-22 19:42:33.502  3010  3010 D PhoneStatusBar: disable: < expand icons alerts system_info back home* recent* clock search* quick_settings >
11-22 19:42:33.512  5963  9199 I CryptAuthSync: [DeviceStateSyncManager] The server is in sync with current state. Nothing to do
11-22 19:42:33.529  5963  5963 I DeviceCache: Unable to convert the the network interface's MAC Address to string. MAC address cannot be null.
11-22 19:42:33.529  5963  5963 I DeviceCache: Unable to convert the the network interface's MAC Address to string. MAC address cannot be null.
11-22 19:42:33.530  5963  5963 I DeviceCache: Unable to convert the the network interface's MAC Address to string. MAC address cannot be null.
11-22 19:42:33.530  5963  5963 I DeviceCache: Unable to convert the the network interface's MAC Address to string. MAC address cannot be null.
11-22 19:42:33.530  5963  5963 I DeviceCache: Unable to convert the the network interface's MAC Address to string. MAC address cannot be null.
11-22 19:42:33.531  5963  5963 I DeviceCache: Unable to convert the the network interface's MAC Address to string. MAC address cannot be null.
11-22 19:42:33.531  5963  5963 I DeviceCache: Unable to convert the the network interface's MAC Address to string. MAC address cannot be null.
11-22 19:42:33.531  5963  5963 I DeviceCache: Unable to convert the the network interface's MAC Address to string. MAC address cannot be null.
11-22 19:42:33.531  5963  5963 I DeviceCache: Unable to convert the the network interface's MAC Address to string. MAC address cannot be null.
11-22 19:42:33.532  5963  5963 I DeviceCache: Unable to convert the the network interface's MAC Address to string. MAC address cannot be null.
11-22 19:42:33.532  5963  5963 I DeviceCache: Unable to convert the the network interface's MAC Address to string. MAC address cannot be null.
11-22 19:42:33.532  5963  5963 I DeviceCache: Unable to convert the the network interface's MAC Address to string. MAC address cannot be null.
11-22 19:42:33.533  5963  5963 I DeviceCache: Unable to convert the the network interface's MAC Address to string. MAC address cannot be null.
11-22 19:42:33.533  5963  5963 I DeviceCache: Unable to convert the the network interface's MAC Address to string. MAC address cannot be null.
11-22 19:42:33.533  5963  5963 I DeviceCache: Unable to convert the the network interface's MAC Address to string. MAC address cannot be null.
11-22 19:42:33.533  5963  5963 I DeviceCache: Unable to convert the the network interface's MAC Address to string. MAC address cannot be null.
11-22 19:42:33.534  5963  5963 I DeviceCache: Unable to convert the the network interface's MAC Address to string. MAC address cannot be null.
11-22 19:42:33.534  5963  5963 I DeviceCache: Unable to convert the the network interface's MAC Address to string. MAC address cannot be null.
11-22 19:42:33.534  5963  5963 I DeviceCache: Unable to convert the the network interface's MAC Address to string. MAC address cannot be null.
11-22 19:42:33.534  5963  5963 I DeviceCache: Unable to convert the the network interface's MAC Address to string. MAC address cannot be null.
11-22 19:42:33.549  6081  6091 I art     : CollectorTransition marksweep + semispace GC freed 4386(-40KB) AllocSpace objects, 3(92KB) LOS objects, 25% free, 12MB/16MB, paused 67.792ms total 67.792ms
11-22 19:42:33.580  6081  6092 I AttachedClient: Adding client event 2 to pending list.
11-22 19:42:33.580  6081  6092 I AttachedClient: Adding client event 2 to pending list.
11-22 19:42:33.607  6081  6081 I OptInState: There is a new client and it does not support opt-in. Dropping request.
11-22 19:42:33.609  6081  6081 I MicroDetectionWorker: Micro detection mode: [mDetectionMode: [1]].
11-22 19:42:33.611  9112  9112 W ContextImpl: Calling a method in the system process without a qualified user: android.app.ContextImpl.startService:1221 android.content.ContextWrapper.startService:581 android.content.ContextWrapper.startService:581 com.motorola.settings.notification.HiddenListenerSettingsReceiver.onReceive:35 android.app.ActivityThread.handleReceiver:2743 
11-22 19:42:33.616  6081  6166 I MicroRecognitionRunner: Starting detection.
11-22 19:42:33.621  6081  6186 I MicrophoneInputStream: mic_starting com.google.android.apps.gsa.speech.audio.ae@877cb46
11-22 19:42:33.623   301  2631 I chatty  : uid=1013(media) Binder_1 expire 5 lines
11-22 19:42:33.623  6081  6081 V ConnectivityManager: isActiveNetworkMetered() returns:false
11-22 19:42:33.625   301  9204 I chatty  : uid=1013(media) /system/bin/mediaserver expire 37 lines
11-22 19:42:33.634  6081  6186 I MicrophoneInputStream: mic_started com.google.android.apps.gsa.speech.audio.ae@877cb46
11-22 19:42:33.635  1789  1789 V NotificationListeners: disabling notification listener for user 0: ComponentInfo{com.motorola.motodisplay/com.motorola.motodisplay.MDNotificationListenerService}
11-22 19:42:33.735  6081  6081 I MicroDetectionWorker: onReady
11-22 19:42:33.854  3010  3010 V QSTileView: setDual true
11-22 19:42:33.854  3010  3010 V QSTileView: setDual true
11-22 19:42:33.854  3010  3010 V QSTileView: setDual false
11-22 19:42:33.854  3010  3010 V QSTileView: setDual false
11-22 19:42:33.854  3010  3010 V QSTileView: setDual false
11-22 19:42:33.854  3010  3010 V QSTileView: setDual false
11-22 19:42:33.854  3010  3010 V QSTileView: setDual false
11-22 19:42:33.854  3010  3010 V QSTileView: setDual false
11-22 19:42:33.854  3010  3010 V QSTileView: setDual false
11-22 19:42:33.854  3010  3010 V QSTileView: setDual false
11-22 19:42:33.854  3010  3010 V QSTileView: setDual false
11-22 19:42:34.060  6081  6081 I MicroDetector: Keeping mic open: false
11-22 19:42:34.062  6081  6243 I MicroRecognitionRunner: Stopping hotword detection.
11-22 19:42:34.063  6081  6259 I DeviceStateChecker: DeviceStateChecker cancelled
11-22 19:42:34.063  6081  6166 I MicroRecognitionRunner: Detection finished
11-22 19:42:34.063  6081  6182 I AudioController: internalShutdown
11-22 19:42:34.063  6081  6182 I MicrophoneInputStream: mic_close com.google.android.apps.gsa.speech.audio.ae@877cb46
11-22 19:42:34.063  6081  6186 E AudioRecord-JNI: Error -4 during AudioRecord native read
11-22 19:42:34.269   258   258 I SFPerfTracer:      triggers: (rate: 5:380) (compose: 1:18) (post: 0:9) (render: 1:29) (12:2410 frames) (13:3115)
11-22 19:42:34.269   258   258 D SFPerfTracer:        layers: (5:9) (FocusedStackFrame (0xb8efb238): 0:92)* (StatusBar (0xb8efd408): 0:539) (com.android.systemui.ImageWallpaper (0xb8eef4b8): 0:21) (Sprite (0xb8e66928): 0:684)* (Sprite (0xb8ebf820): 12:445) (com.google.android.googlequicksearchbox/com.google.android.launcher.GEL (0xb8eb6d28): 5:193) (NavigationBar (0xb8ea45d0): 7:36) 
11-22 19:42:34.653   258   712 I SFPerfTracer:      triggers: (rate: 0:0) (0 sw vsyncs) (0 skipped) (23:2471 vsyncs) (25:3483)
11-22 19:42:36.654  9206  9206 E NEW_BHD : Battery Power Supply logging Daemon start!!!!!
11-22 19:42:36.655  9206  9206 E NEW_BHD : Cannot run on production devices!
11-22 19:42:38.735  3721  4127 W GeofencerStateMachine: Ignoring removeGeofence because network location is disabled.
11-22 19:42:38.735  3721  4127 W GeofencerStateMachine: Ignoring removeGeofence because network location is disabled.
11-22 19:42:41.342  1789  2955 D ConnectivityService: notifyType CAP_CHANGED for NetworkAgentInfo [WIFI () - 101]
11-22 19:42:41.347  3010  3294 D MotoNetwCtrlr: onReceive: intent=Intent { act=android.net.wifi.RSSI_CHANGED flg=0x4000010 (has extras) }
11-22 19:42:41.348  3010  3294 I MotoNetwCtrlr.MotoWifiSignalCtrlr: handleBroadcast: Entered: Intent=Intent { act=android.net.wifi.RSSI_CHANGED flg=0x4000010 (has extras) } Action=android.net.wifi.RSSI_CHANGED
11-22 19:42:41.446  1789  5333 D NetlinkSocketObserver: NeighborEvent{elapsedMs=819120, 192.168.178.1, [5C4979705309], RTM_NEWNEIGH, NUD_STALE}
11-22 19:42:41.677  9215  9215 E NEW_BHD : Battery Power Supply logging Daemon start!!!!!
11-22 19:42:41.678  9215  9215 E NEW_BHD : Cannot run on production devices!
11-22 19:42:44.366  1789  2955 D ConnectivityService: notifyType CAP_CHANGED for NetworkAgentInfo [WIFI () - 101]
11-22 19:42:44.375  3010  3294 D MotoNetwCtrlr: onReceive: intent=Intent { act=android.net.wifi.RSSI_CHANGED flg=0x4000010 (has extras) }
11-22 19:42:44.375  3010  3294 I MotoNetwCtrlr.MotoWifiSignalCtrlr: handleBroadcast: Entered: Intent=Intent { act=android.net.wifi.RSSI_CHANGED flg=0x4000010 (has extras) } Action=android.net.wifi.RSSI_CHANGED
11-22 19:42:46.577  3010  3294 I NetworkController.MotorolaMobileSignalController(1): MotorolaMobilePhoneStateListener.onSignalStrengthsChanged: Entered: signalStrength=SignalStrength: 17 0 -120 -160 -120 -1 -1 99 2147483647 2147483647 2147483647 2147483647 2147483647 gsm|lte level=4
11-22 19:42:46.703  9223  9223 E NEW_BHD : Battery Power Supply logging Daemon start!!!!!
11-22 19:42:46.704  9223  9223 E NEW_BHD : Cannot run on production devices!
11-22 19:42:48.566   296  1753 E NetlinkEvent: NetlinkEvent::FindParam(): Parameter 'UID' not found
11-22 19:42:51.730  9230  9230 E NEW_BHD : Battery Power Supply logging Daemon start!!!!!
11-22 19:42:51.730  9230  9230 E NEW_BHD : Cannot run on production devices!
11-22 19:42:52.939  1789  2914 V AlarmManager: sending alarm {77192bd type 3 *alarm*:com.google.android.gms/.lockbox.LockboxAlarmReceiver}
11-22 19:42:52.948  1789  1789 V AlarmManager: done {77192bd, *alarm*:com.google.android.gms/.lockbox.LockboxAlarmReceiver} [10ms]
11-22 19:42:53.286  1789  5333 D NetlinkSocketObserver: NeighborEvent{elapsedMs=830960, 192.168.178.1, [5C4979705309], RTM_NEWNEIGH, NUD_STALE}
11-22 19:42:54.254  3010  3294 I NetworkController.MotorolaMobileSignalController(1): MotorolaMobilePhoneStateListener.onSignalStrengthsChanged: Entered: signalStrength=SignalStrength: 17 0 -120 -160 -120 -1 -1 99 2147483647 2147483647 2147483647 2147483647 2147483647 gsm|lte level=4
11-22 19:42:56.433  1789  2955 D ConnectivityService: notifyType CAP_CHANGED for NetworkAgentInfo [WIFI () - 101]
11-22 19:42:56.438  3010  3294 D MotoNetwCtrlr: onReceive: intent=Intent { act=android.net.wifi.RSSI_CHANGED flg=0x4000010 (has extras) }
11-22 19:42:56.438  3010  3294 I MotoNetwCtrlr.MotoWifiSignalCtrlr: handleBroadcast: Entered: Intent=Intent { act=android.net.wifi.RSSI_CHANGED flg=0x4000010 (has extras) } Action=android.net.wifi.RSSI_CHANGED
11-22 19:42:56.755  9245  9245 E NEW_BHD : Battery Power Supply logging Daemon start!!!!!
11-22 19:42:56.757  9245  9245 E NEW_BHD : Cannot run on production devices!
11-22 19:43:00.000  1789  2914 V AlarmManager: sending alarm {718a1b4 type 1 *alarm*:com.droid27.tcw.ACTION_TIME_TICK}
11-22 19:43:00.004  1789  2914 V AlarmManager: sending alarm {be5e04d type 3 *alarm*:android.intent.action.TIME_TICK}
11-22 19:43:00.035  1789  1789 V AlarmManager: done {718a1b4, *alarm*:com.droid27.tcw.ACTION_TIME_TICK} [36ms]
11-22 19:43:00.068  1789  1789 V AlarmManager: done {be5e04d, *alarm*:android.intent.action.TIME_TICK} [64ms]
11-22 19:43:01.774  9251  9251 E NEW_BHD : Battery Power Supply logging Daemon start!!!!!
11-22 19:43:01.775  9251  9251 E NEW_BHD : Cannot run on production devices!
11-22 19:43:02.227  9250  9250 I chatty  : uid=2000(shell) expire 256 lines
11-22 19:43:02.370  1789  1803 I ActivityManager: Start proc 9259:Mono.Android.DebugRuntime/u0a119 for broadcast Mono.Android.DebugRuntime/com.xamarin.mono.android.PackageVersions
11-22 19:43:02.399  1789  4627 I ActivityManager: Killing 8998:com.android.vending/u0a36 (adj 15): empty #7
11-22 19:43:02.414   296  1753 E NetlinkEvent: NetlinkEvent::FindParam(): Parameter 'UID' not found
11-22 19:43:02.460  1789  2955 D ConnectivityService: notifyType CAP_CHANGED for NetworkAgentInfo [WIFI () - 101]
11-22 19:43:02.485  3010  3294 D MotoNetwCtrlr: onReceive: intent=Intent { act=android.net.wifi.RSSI_CHANGED flg=0x4000010 (has extras) }
11-22 19:43:02.485  3010  3294 I MotoNetwCtrlr.MotoWifiSignalCtrlr: handleBroadcast: Entered: Intent=Intent { act=android.net.wifi.RSSI_CHANGED flg=0x4000010 (has extras) } Action=android.net.wifi.RSSI_CHANGED
11-22 19:43:04.494  3010  3294 I NetworkController.MotorolaMobileSignalController(1): MotorolaMobilePhoneStateListener.onSignalStrengthsChanged: Entered: signalStrength=SignalStrength: 15 0 -120 -160 -120 -1 -1 99 2147483647 2147483647 2147483647 2147483647 2147483647 gsm|lte level=4
11-22 19:43:04.563  9274  9274 I chatty  : uid=2000(shell) expire 359 lines
11-22 19:43:04.709  1789  1814 I ActivityManager: Start proc 9283:com.android.defcontainer/u0a10 for service com.android.defcontainer/.DefaultContainerService
11-22 19:43:04.755  1789  1803 I ActivityManager: Start proc 9296:com.android.vending/u0a36 for broadcast com.android.vending/com.google.android.vending.verifier.PackageVerificationReceiver
11-22 19:43:04.791  9296  9296 W System  : ClassLoader referenced unknown path: /data/app/com.android.vending-1/lib/arm
11-22 19:43:04.931  9296  9296 I Finsky  : [1] com.google.android.finsky.services.DailyHygiene.a(238): No need to run daily hygiene.
11-22 19:43:04.941  9296  9296 W Settings: Setting download_manager_max_bytes_over_mobile has moved from android.provider.Settings.Secure to android.provider.Settings.Global.
11-22 19:43:04.942  9296  9296 W Settings: Setting download_manager_recommended_max_bytes_over_mobile has moved from android.provider.Settings.Secure to android.provider.Settings.Global.
11-22 19:43:04.962  9296  9296 I Finsky  : [1] com.google.android.finsky.utils.bm.a(175): Enabling bucket experiment: factor=2.000, zeroDelta=0ms, forceNetwork=false
11-22 19:43:04.983  9296  9296 I Finsky  : [1] com.google.android.vending.verifier.PackageVerificationReceiver.onReceive(40): Verification requested, id = 2
11-22 19:43:04.989  9296  9296 V ConnectivityManager: isActiveNetworkMetered() returns:false
11-22 19:43:04.989  9296  9296 I Finsky  : [1] com.google.android.finsky.installer.z.a(1287): Installer kick - no action, not running yet
11-22 19:43:05.000  9296  9333 V GoogleSignatureVerifier: com.google.android.gms signature not valid.  Found: 
11-22 19:43:05.000  9296  9333 V GoogleSignatureVerifier: MIIEQzCCAyugAwIBAgIJAMLgh0ZkSjCNMA0GCSqGSIb3DQEBBAUAMHQxCzAJBgNVBAYTAlVTMRMw
11-22 19:43:05.000  9296  9333 V GoogleSignatureVerifier: EQYDVQQIEwpDYWxpZm9ybmlhMRYwFAYDVQQHEw1Nb3VudGFpbiBWaWV3MRQwEgYDVQQKEwtHb29n
11-22 19:43:05.000  9296  9333 V GoogleSignatureVerifier: bGUgSW5jLjEQMA4GA1UECxMHQW5kcm9pZDEQMA4GA1UEAxMHQW5kcm9pZDAeFw0wODA4MjEyMzEz
11-22 19:43:05.000  9296  9333 V GoogleSignatureVerifier: MzRaFw0zNjAxMDcyMzEzMzRaMHQxCzAJBgNVBAYTAlVTMRMwEQYDVQQIEwpDYWxpZm9ybmlhMRYw
11-22 19:43:05.000  9296  9333 V GoogleSignatureVerifier: FAYDVQQHEw1Nb3VudGFpbiBWaWV3MRQwEgYDVQQKEwtHb29nbGUgSW5jLjEQMA4GA1UECxMHQW5k
11-22 19:43:05.000  9296  9333 V GoogleSignatureVerifier: cm9pZDEQMA4GA1UEAxMHQW5kcm9pZDCCASAwDQYJKoZIhvcNAQEBBQADggENADCCAQgCggEBAKtW
11-22 19:43:05.000  9296  9333 V GoogleSignatureVerifier: LgDYO6IIrgqWbxJOKdoR8qtW0I9Y4sypEwPpt1TTcvZApxsdyxMJZ2JORland2qSGT2y5b+3JKke
11-22 19:43:05.000  9296  9333 V GoogleSignatureVerifier: dxiLDmpHpDsz2WCbdxgxRczfey5YZnTJ4VZbH0xqWVW/8lGmPav5xVwnIiJS6HXk+BVKZF+JcWjA
11-22 19:43:05.000  9296  9333 V GoogleSignatureVerifier: sb/GEuq/eFdpuzSqeYTcfi6idkyugwfYwXFU1+5fZKUaRKYCwkkFQVfcAs1fXA5V+++FGfvjJ/Cx
11-22 19:43:05.000  9296  9333 V GoogleSignatureVerifier: URaSxaBvGdGDhfXE28LWuT9ozCl5xw4Yq5OGazvV24mZVSoOO0yZ31j7kYvtwYK6NeADwbSxDdJE
11-22 19:43:05.000  9296  9333 V GoogleSignatureVerifier: qO4k//0zOHKrUiGYXtqw/A0LFFtqoZKFjnkCAQOjgdkwgdYwHQYDVR0OBBYEFMd9jMIhF1Ylmn/T
11-22 19:43:05.000  9296  9333 V GoogleSignatureVerifier: gt9r45jk14alMIGmBgNVHSMEgZ4wgZuAFMd9jMIhF1Ylmn/Tgt9r45jk14aloXikdjB0MQswCQYD
11-22 19:43:05.000  9296  9333 V GoogleSignatureVerifier: VQQGEwJVUzETMBEGA1UECBMKQ2FsaWZvcm5pYTEWMBQGA1UEBxMNTW91bnRhaW4gVmlldzEUMBIG
11-22 19:43:05.000  9296  9333 V GoogleSignatureVerifier: A1UEChMLR29vZ2xlIEluYy4xEDAOBgNVBAsTB0FuZHJvaWQxEDAOBgNVBAMTB0FuZHJvaWSCCQDC
11-22 19:43:05.000  9296  9333 V GoogleSignatureVerifier: 4IdGZEowjTAMBgNVHRMEBTADAQH/MA0GCSqGSIb3DQEBBAUAA4IBAQBt0lLO74UwLDYKqs6Tm8/y
11-22 19:43:05.000  9296  9333 V GoogleSignatureVerifier: zKkEu116FmH4rkaymUIE0P9KaMftGlMexFlaYjzmB2OxZyl6euNXEsQH8gjwyxCUKRJNexBiGcCE
11-22 19:43:05.000  9296  9333 V GoogleSignatureVerifier: yj6z+a1fuHHvkiaai+KL8W1EyNmgjmyy8AW7P+LLlkR+ho5zEHatRbM/YAnqGcFh5iZBqpknHf1S
11-22 19:43:05.000  9296  9333 V GoogleSignatureVerifier: KMXFh4dd239FJ1jWYfbMDMy3NS5CTMQ2XFI1MvcyUTdZPErjQfTbQe3aDQsQcafEQPD+nqActifK
11-22 19:43:05.000  9296  9333 V GoogleSignatureVerifier: Z0Np0IS9L9kR/wbNvyz6ENwPiTrjV2KRkEjH78ZMcUQXg0L3BYHJ3lc69Vs5Ddf9uUGGMYldX3Wf
11-22 19:43:05.000  9296  9333 V GoogleSignatureVerifier: MBEmh/9iFBDAaTCK
11-22 19:43:05.005  9296  9296 I Finsky  : [1] com.google.android.finsky.l.j.run(206): Loaded library for account: [O5b93iWPRJWMt5XSH4CsYLB7_D8]
11-22 19:43:05.005  9296  9296 I Finsky  : [1] com.google.android.finsky.l.j.run(212): Finished loading 1 libraries.
11-22 19:43:05.021  3721  3721 I WearableService: Wear is not allowed to run on this device. Not starting Wear service.
11-22 19:43:05.038  9296  9296 I Finsky  : [1] com.google.android.finsky.c.l.a(250): result=false type=4
11-22 19:43:05.073  9296  9296 I Finsky  : [1] com.google.android.finsky.services.bd.a(1069): Restore complete with 0 success and 0 failed.
11-22 19:43:05.081  9296  9296 E Finsky  : [1] com.google.android.finsky.wear.bp.a(843): onConnectionFailed: ConnectionResult{statusCode=API_UNAVAILABLE, resolution=null, message=null}
11-22 19:43:05.082  9296  9296 I Finsky  : [1] com.google.android.finsky.wear.an.run(2399): Dropping command=send_installed_apps due to Gms not connected
11-22 19:43:05.489  9296  9336 I Finsky  : [706] com.google.android.finsky.services.ForegroundCoordinator.a(102): Task 7 requested foreground
11-22 19:43:05.491  9296  9336 I Finsky  : [706] com.google.android.finsky.services.ForegroundCoordinator.a(114): Not entering foreground
11-22 19:43:05.861  9296  9296 I Finsky  : [1] com.google.android.vending.verifier.ak.a_(1747): Verification id=2 response=0
11-22 19:43:05.864  9296  9296 I Finsky  : [1] com.google.android.vending.verifier.ae.c(192): Verification complete: id=2, package_name=SeniorenApp.SeniorenApp
11-22 19:43:05.865  9296  9296 I Finsky  : [1] com.google.android.vending.verifier.ae.f(13974): Verifying id=2, result=1
11-22 19:43:05.874  9283  9294 D DefContainer: Copying /data/local/tmp/SeniorenApp.SeniorenApp-Signed.apk to base.apk
11-22 19:43:06.165  1789  1814 I PackageManager.DexOptimizer: Running dexopt (dex2oat) on: /data/app/vmdl766294818.tmp/base.apk pkg=SeniorenApp.SeniorenApp isa=arm vmSafeMode=false debuggable=false oatDir = /data/app/vmdl766294818.tmp/oat bootComplete=true
11-22 19:43:06.222  9343  9343 I dex2oat : Starting dex2oat.
11-22 19:43:06.558  9343  9343 I dex2oat : dex2oat took 336.697ms (threads: 4) arena alloc=51KB java alloc=571KB native alloc=2MB free=200KB
11-22 19:43:06.793  9348  9348 E NEW_BHD : Battery Power Supply logging Daemon start!!!!!
11-22 19:43:06.794  9348  9348 E NEW_BHD : Cannot run on production devices!
11-22 19:43:06.874  1789  1814 V BackupManagerService: restoreAtInstall pkg=SeniorenApp.SeniorenApp token=3 restoreSet=0
11-22 19:43:06.874  1789  1814 V BackupManagerService: Finishing install immediately
11-22 19:43:06.877  1789  1814 W Settings: Setting install_non_market_apps has moved from android.provider.Settings.Global to android.provider.Settings.Secure, returning read-only value.
11-22 19:43:06.877  1789  3062 I ActivityManager: Killing 9112:com.android.settings/1000 (adj 15): empty #7
11-22 19:43:06.877  1789  1814 I art     : Starting a blocking GC Explicit
11-22 19:43:06.965  1789  1814 I art     : Explicit concurrent mark sweep GC freed 56408(3MB) AllocSpace objects, 7(140KB) LOS objects, 19% free, 19MB/23MB, paused 1.554ms total 87.825ms
11-22 19:43:06.984  1789  1803 I ActivityManager: Start proc 9350:android.process.acore/u0a8 for broadcast com.android.providers.contacts/.PackageIntentReceiver
11-22 19:43:06.989  1789  2916 I InputReader: Reconfiguring input devices.  changes=0x00000010
11-22 19:43:06.998  3627  3627 D CarrierServiceBindHelper: Receive action: android.intent.action.PACKAGE_ADDED
11-22 19:43:07.001  3627  3627 D CarrierServiceBindHelper: mHandler: 3
11-22 19:43:07.001  3627  3627 D CarrierConfigLoader: mHandler: 9 phoneId: 0
11-22 19:43:07.028  9350  9350 W System  : ClassLoader referenced unknown path: /system/priv-app/ContactsProvider/lib/arm
11-22 19:43:07.101  9350  9350 W System  : ClassLoader referenced unknown path: /system/app/UserDictionaryProvider/lib/arm
11-22 19:43:07.118  1789  4626 I ActivityManager: Start proc 9368:com.google.android.partnersetup/u0a20 for broadcast com.google.android.partnersetup/.RlzPingBroadcastReceiver
11-22 19:43:07.119  1789  4626 I ActivityManager: Killing 9096:com.motorola.motodisplay/u0a31 (adj 15): empty #7
11-22 19:43:07.147  9350  9366 I ContactLocale: AddressBook Labels [de-DE;et-EE]: [, A, B, C, D, E, F, G, H, I, J, K, L, M, N, O, P, Q, R, S, T, U, V, W, X, Y, Z, , , , , , , , , , , , , , , , , , , , , , , , , , , , , , , , , , , , , , , , , , , , , , , , , , , , , , , , , , , , , , , , , , , , , , , , , , , , , , , , , , , , , , , , , , , , , , , , , , , , , , , , , , , , , , , , , , , , , , , , , , , , , , , , , , , , , , , , , , , , , , , , , , , , , , , , , , , , , , , , , , , , , , , , , , , , , , , , , , , , , , , , , , , #, ]
11-22 19:43:07.267  1789  3015 D GraphicsStats: Buffer count: 3
11-22 19:43:07.268  3611  5289 W MD.FrameworkProxyServic: Not to bind to MD because screen is on
11-22 19:43:07.299  9368  9368 W System  : ClassLoader referenced unknown path: /system/priv-app/GooglePartnerSetup/lib/arm
11-22 19:43:07.334  1789  3779 I ActivityManager: Start proc 9383:com.google.android.apps.docs/u0a63 for broadcast com.google.android.apps.docs/.receivers.AppPackageAddRemoveReceiver
11-22 19:43:07.337  1789  3015 I ActivityManager: Killing 9056:com.droid27.transparentclockweather/u0a113 (adj 15): empty #7
11-22 19:43:07.672  9383  9400 I GAv4    : Google Analytics 8.4.87 is starting up. To enable debug logging on a device run:
11-22 19:43:07.672  9383  9400 I GAv4    :   adb shell setprop log.tag.GAv4 DEBUG
11-22 19:43:07.672  9383  9400 I GAv4    :   adb logcat -s GAv4
11-22 19:43:07.686  9383  9400 W GAv4    : AnalyticsReceiver is not registered or is disabled. Register the receiver for reliable dispatching on non-Google Play devices. See http://goo.gl/8Rd3yj for instructions.
11-22 19:43:07.692  9383  9400 W GAv4    : CampaignTrackingReceiver is not registered, not exported or is disabled. Installation campaign tracking is not possible. See http://goo.gl/8Rd3yj for instructions.
11-22 19:43:07.706  9383  9403 W GAv4    : AnalyticsService not registered in the app manifest. Hits might not be delivered reliably. See http://goo.gl/8Rd3yj for instructions.
