12-01 12:16:28.132 20752 20764 D QcrilMsgTunnelSocket: readRilMessage: Buffer = [B@f82b213 HexData = [010000000404000011000000514f454d484f4f4bef0308000100000003]
12-01 12:16:28.132 20752 20752 D QcrilMsgTunnelIfaceManager: handleMessage what = 0
12-01 12:16:28.133 20752 20764 D QcrilMsgTunnelSocket: Rcvd UNSOL response with 28 bytes data for SUB0
12-01 12:16:28.133 20752 20764 D QcrilMsgTunnelSocket: Response ID 525295 is not served in this process.
12-01 12:16:28.133 20752 20764 D QcrilMsgTunnelSocket: To broadcast an Intent via the notifier to external apps
12-01 12:16:28.134 20752 20752 D QcrilMsgTunnelIfaceManager: handleMessage what = 0
12-01 12:17:27.160   258   748 I qdhwcomposer: handle_blank_event: dpy:0 panel power state: 0
12-01 12:17:27.161   258   748 E qdutils : int qdutils::getHDMINode(): Failed to open fb node 2
12-01 12:17:27.161   258   748 E qdutils : int qdutils::getHDMINode(): Failed to open fb node 3
12-01 12:17:27.161   258   748 E qdutils : int qdutils::getHDMINode(): Failed to find HDMI node
12-01 12:17:27.169   305  1751 E NetlinkEvent: NetlinkEvent::FindParam(): Parameter 'UID' not found
12-01 12:17:27.182 20752 20764 D QcrilMsgTunnelSocket: readRilMessage: Buffer = [B@f82b213 HexData = [010000000404000011000000514f454d484f4f4bef0308000100000003]
12-01 12:17:27.182 20752 20764 D QcrilMsgTunnelSocket: Rcvd UNSOL response with 28 bytes data for SUB0
12-01 12:17:27.182 20752 20764 D QcrilMsgTunnelSocket: Response ID 525295 is not served in this process.
12-01 12:17:27.182 20752 20764 D QcrilMsgTunnelSocket: To broadcast an Intent via the notifier to external apps
12-01 12:17:27.183 20752 20752 D QcrilMsgTunnelIfaceManager: handleMessage what = 0
12-01 12:17:27.195  3460  3460 D ConnectivityManager: getMobileDataEnabled()+ subId=1
12-01 12:17:27.196  3640  7008 D PhoneInterfaceManager: [PhoneIntfMgr] getDataEnabled: subId=1 phoneId=0
12-01 12:17:27.196  3640  7008 D PhoneInterfaceManager: [PhoneIntfMgr] getDataEnabled: subId=1 retVal=true
12-01 12:17:27.196  3460  3460 D ConnectivityManager: getMobileDataEnabled()- subId=1 retVal=true
12-01 12:18:11.983   258   748 I qdhwcomposer: handle_blank_event: dpy:0 panel power state: 0
12-01 12:18:11.984   258   748 E qdutils : int qdutils::getHDMINode(): Failed to open fb node 2
12-01 12:18:11.984   258   748 E qdutils : int qdutils::getHDMINode(): Failed to open fb node 3
12-01 12:18:11.984   258   748 E qdutils : int qdutils::getHDMINode(): Failed to find HDMI node
12-01 12:18:12.001 20752 20764 D QcrilMsgTunnelSocket: readRilMessage: Buffer = [B@f82b213 HexData = [010000000404000011000000514f454d484f4f4bef0308000100000003]
12-01 12:18:12.001 20752 20764 D QcrilMsgTunnelSocket: Rcvd UNSOL response with 28 bytes data for SUB0
12-01 12:18:12.001 20752 20764 D QcrilMsgTunnelSocket: Response ID 525295 is not served in this process.
12-01 12:18:12.001 20752 20764 D QcrilMsgTunnelSocket: To broadcast an Intent via the notifier to external apps
12-01 12:18:12.006 20752 20752 D QcrilMsgTunnelIfaceManager: handleMessage what = 0
12-01 12:18:19.748   258   748 I qdhwcomposer: handle_blank_event: dpy:0 panel power state: 0
12-01 12:18:19.749   258   748 E qdutils : int qdutils::getHDMINode(): Failed to open fb node 2
12-01 12:18:19.749   258   748 E qdutils : int qdutils::getHDMINode(): Failed to open fb node 3
12-01 12:18:19.749   258   748 E qdutils : int qdutils::getHDMINode(): Failed to find HDMI node
12-01 12:18:19.751  3055  3103 D SLPC    : slpc_poll_loop(): handled 1
12-01 12:18:19.751  3055  3103 D SLPC    : slpc_poll_handle_event(): transition
12-01 12:18:19.751  3055  3103 D SLPC    : slpc_poll_loop(): about to poll...
12-01 12:18:19.751  3055  3103 D sensorhub: sensorhub_poll() polling...
12-01 12:18:19.755  3055  3055 D ModalityService: ModalityListener(): callback onModalityChange() -> 2
12-01 12:18:19.756 10263 10274 D ModalityManager: onEndMovement(), package: com.motorola.motodisplay
12-01 12:18:34.535   258   748 I qdhwcomposer: handle_blank_event: dpy:0 panel power state: 0
12-01 12:18:34.536  3055  3103 D SLPC    : slpc_poll_loop(): handled 1
12-01 12:18:34.536  3055  3103 D SLPC    : slpc_poll_handle_event(): transition
12-01 12:18:34.536  3055  3103 D SLPC    : slpc_poll_loop(): about to poll...
12-01 12:18:34.536  3055  3103 D sensorhub: sensorhub_poll() polling...
12-01 12:18:34.538   258   748 E qdutils : int qdutils::getHDMINode(): Failed to open fb node 2
12-01 12:18:34.538   258   748 E qdutils : int qdutils::getHDMINode(): Failed to open fb node 3
12-01 12:18:34.539   258   748 E qdutils : int qdutils::getHDMINode(): Failed to find HDMI node
12-01 12:18:34.542  3055  3055 D ModalityService: ModalityListener(): callback onModalityChange() -> 1
12-01 12:18:34.542 10263 10384 D ModalityManager: onStartMovement(), package: com.motorola.motodisplay
12-01 12:18:34.546  3055  3073 D sensorhub: sensorhub_algo_query(): algo: 1
12-01 12:18:34.557  3055 26473 D sensorhub: sensorhub_algo_query(): algo: 2
12-01 12:19:13.952   258   748 I qdhwcomposer: handle_blank_event: dpy:0 panel power state: 0
12-01 12:19:13.953   258   748 E qdutils : int qdutils::getHDMINode(): Failed to open fb node 2
12-01 12:19:13.957   258   748 E qdutils : int qdutils::getHDMINode(): Failed to open fb node 3
12-01 12:19:13.957   258   748 E qdutils : int qdutils::getHDMINode(): Failed to find HDMI node
12-01 12:19:13.958  3055  3103 D SLPC    : slpc_poll_loop(): handled 1
12-01 12:19:13.958  3055  3103 D SLPC    : slpc_poll_handle_event(): transition
12-01 12:19:13.958  3055  3103 D SLPC    : slpc_poll_loop(): about to poll...
12-01 12:19:13.958  3055  3103 D sensorhub: sensorhub_poll() polling...
12-01 12:19:13.960  3055  3055 D ModalityService: ModalityListener(): callback onModalityChange() -> 2
12-01 12:19:13.961 10263 10273 D ModalityManager: onEndMovement(), package: com.motorola.motodisplay
12-01 12:19:15.935   258   748 I qdhwcomposer: handle_blank_event: dpy:0 panel power state: 0
12-01 12:19:15.935   258   748 E qdutils : int qdutils::getHDMINode(): Failed to open fb node 2
12-01 12:19:15.935   258   748 E qdutils : int qdutils::getHDMINode(): Failed to open fb node 3
12-01 12:19:15.935   258   748 E qdutils : int qdutils::getHDMINode(): Failed to find HDMI node
12-01 12:19:15.941  3055  3103 D SLPC    : slpc_poll_loop(): handled 1
12-01 12:19:15.941  3055  3103 D SLPC    : slpc_poll_handle_event(): transition
12-01 12:19:15.942  3055  3103 D SLPC    : slpc_poll_loop(): about to poll...
12-01 12:19:15.942  3055  3103 D sensorhub: sensorhub_poll() polling...
12-01 12:19:15.944  3055  3055 D ModalityService: ModalityListener(): callback onModalityChange() -> 1
12-01 12:19:15.944 10263 10274 D ModalityManager: onStartMovement(), package: com.motorola.motodisplay
12-01 12:19:15.948  3055 26476 D sensorhub: sensorhub_algo_query(): algo: 1
12-01 12:19:15.958  3055  7194 D sensorhub: sensorhub_algo_query(): algo: 2
12-01 12:19:27.407   258   748 I qdhwcomposer: handle_blank_event: dpy:0 panel power state: 0
12-01 12:19:27.408   258   748 E qdutils : int qdutils::getHDMINode(): Failed to open fb node 2
12-01 12:19:27.408   258   748 E qdutils : int qdutils::getHDMINode(): Failed to open fb node 3
12-01 12:19:27.408   258   748 E qdutils : int qdutils::getHDMINode(): Failed to find HDMI node
12-01 12:19:27.424 20752 20764 D QcrilMsgTunnelSocket: readRilMessage: Buffer = [B@f82b213 HexData = [010000000404000011000000514f454d484f4f4bef0308000100000003]
12-01 12:19:27.424 20752 20764 D QcrilMsgTunnelSocket: Rcvd UNSOL response with 28 bytes data for SUB0
12-01 12:19:27.424 20752 20764 D QcrilMsgTunnelSocket: Response ID 525295 is not served in this process.
12-01 12:19:27.424 20752 20764 D QcrilMsgTunnelSocket: To broadcast an Intent via the notifier to external apps
12-01 12:19:27.424 20752 20752 D QcrilMsgTunnelIfaceManager: handleMessage what = 0
12-01 12:19:28.210   258   748 I qdhwcomposer: handle_blank_event: dpy:0 panel power state: 0
12-01 12:19:28.210   258   748 E qdutils : int qdutils::getHDMINode(): Failed to open fb node 2
12-01 12:19:28.210   258   748 E qdutils : int qdutils::getHDMINode(): Failed to open fb node 3
12-01 12:19:28.210   258   748 E qdutils : int qdutils::getHDMINode(): Failed to find HDMI node
12-01 12:19:28.227 20752 20764 D QcrilMsgTunnelSocket: readRilMessage: Buffer = [B@f82b213 HexData = [010000000404000011000000514f454d484f4f4bef0308000100000003]
12-01 12:19:28.227 20752 20764 D QcrilMsgTunnelSocket: Rcvd UNSOL response with 28 bytes data for SUB0
12-01 12:19:28.227 20752 20764 D QcrilMsgTunnelSocket: Response ID 525295 is not served in this process.
12-01 12:19:28.227 20752 20764 D QcrilMsgTunnelSocket: To broadcast an Intent via the notifier to external apps
12-01 12:19:28.228 20752 20752 D QcrilMsgTunnelIfaceManager: handleMessage what = 0
12-01 12:19:28.232   305  1751 E NetlinkEvent: NetlinkEvent::FindParam(): Parameter 'UID' not found
12-01 12:19:28.238  1787  6219 I ActivityManager: Killing 10443:com.motorola.context/u0a103 (adj 13): empty #7
12-01 12:19:31.650   258   748 I qdhwcomposer: handle_blank_event: dpy:0 panel power state: 0
12-01 12:19:31.651   258   748 E qdutils : int qdutils::getHDMINode(): Failed to open fb node 2
12-01 12:19:31.651   258   748 E qdutils : int qdutils::getHDMINode(): Failed to open fb node 3
12-01 12:19:31.651   258   748 E qdutils : int qdutils::getHDMINode(): Failed to find HDMI node
12-01 12:19:31.667 20752 20764 D QcrilMsgTunnelSocket: readRilMessage: Buffer = [B@f82b213 HexData = [010000000404000011000000514f454d484f4f4bef0308000100000003]
12-01 12:19:31.668 20752 20764 D QcrilMsgTunnelSocket: Rcvd UNSOL response with 28 bytes data for SUB0
12-01 12:19:31.668 20752 20764 D QcrilMsgTunnelSocket: Response ID 525295 is not served in this process.
12-01 12:19:31.668 20752 20764 D QcrilMsgTunnelSocket: To broadcast an Intent via the notifier to external apps
12-01 12:19:31.668 20752 20752 D QcrilMsgTunnelIfaceManager: handleMessage what = 0
12-01 12:19:31.676 20752 20764 D QcrilMsgTunnelSocket: readRilMessage: Buffer = [B@f82b213 HexData = [010000000404000011000000514f454d484f4f4bef0308000100000003]
12-01 12:19:31.677 20752 20764 D QcrilMsgTunnelSocket: Rcvd UNSOL response with 28 bytes data for SUB0
12-01 12:19:31.677 20752 20764 D QcrilMsgTunnelSocket: Response ID 525295 is not served in this process.
12-01 12:19:31.677 20752 20764 D QcrilMsgTunnelSocket: To broadcast an Intent via the notifier to external apps
12-01 12:19:31.677 20752 20752 D QcrilMsgTunnelIfaceManager: handleMessage what = 0
12-01 12:19:35.496   258   748 I qdhwcomposer: handle_blank_event: dpy:0 panel power state: 0
12-01 12:19:35.497   258   748 E qdutils : int qdutils::getHDMINode(): Failed to open fb node 2
12-01 12:19:35.497   258   748 E qdutils : int qdutils::getHDMINode(): Failed to open fb node 3
12-01 12:19:35.497   258   748 E qdutils : int qdutils::getHDMINode(): Failed to find HDMI node
12-01 12:19:35.511 20752 20764 D QcrilMsgTunnelSocket: readRilMessage: Buffer = [B@f82b213 HexData = [010000000404000011000000514f454d484f4f4bef0308000100000003]
12-01 12:19:35.511 20752 20764 D QcrilMsgTunnelSocket: Rcvd UNSOL response with 28 bytes data for SUB0
12-01 12:19:35.512 20752 20764 D QcrilMsgTunnelSocket: Response ID 525295 is not served in this process.
12-01 12:19:35.512 20752 20764 D QcrilMsgTunnelSocket: To broadcast an Intent via the notifier to external apps
12-01 12:19:35.512 20752 20752 D QcrilMsgTunnelIfaceManager: handleMessage what = 0
12-01 12:19:58.278   258   748 I qdhwcomposer: handle_blank_event: dpy:0 panel power state: 0
12-01 12:19:58.278   258   748 E qdutils : int qdutils::getHDMINode(): Failed to open fb node 2
12-01 12:19:58.279   258   748 E qdutils : int qdutils::getHDMINode(): Failed to open fb node 3
12-01 12:19:58.279   258   748 E qdutils : int qdutils::getHDMINode(): Failed to find HDMI node
12-01 12:19:58.285   305  1751 E NetlinkEvent: NetlinkEvent::FindParam(): Parameter 'UID' not found
12-01 12:19:58.295  3566  3566 I DownloadManagerWrapper: onReceive() : Charging = false
12-01 12:19:58.381  5646  5696 E MC_LineReader: Error opening /sys/class/power_supply/bms/resistance
12-01 12:19:58.381  5646  5696 E MC_LineReader: java.io.FileNotFoundException: /sys/class/power_supply/bms/resistance: open failed: ENOENT (No such file or directory)
12-01 12:19:58.381  5646  5696 E MC_LineReader: 	at libcore.io.IoBridge.open(IoBridge.java:452)
12-01 12:19:58.381  5646  5696 E MC_LineReader: 	at java.io.FileInputStream.<init>(FileInputStream.java:76)
12-01 12:19:58.381  5646  5696 E MC_LineReader: 	at java.io.FileInputStream.<init>(FileInputStream.java:103)
12-01 12:19:58.381  5646  5696 E MC_LineReader: 	at java.io.FileReader.<init>(FileReader.java:66)
12-01 12:19:58.381  5646  5696 E MC_LineReader: 	at com.motorola.motocare.util.LineReader.<init>(LineReader.java:20)
12-01 12:19:58.381  5646  5696 E MC_LineReader: 	at com.motorola.motocare.util.LineReader$1.<init>(LineReader.java:53)
12-01 12:19:58.381  5646  5696 E MC_LineReader: 	at com.motorola.motocare.util.LineReader.firstLineReader(LineReader.java:53)
12-01 12:19:58.381  5646  5696 E MC_LineReader: 	at com.motorola.motocare.util.BatteryUtils.getBatteryResistance(BatteryUtils.java:130)
12-01 12:19:58.381  5646  5696 E MC_LineReader: 	at com.motorola.motocare.action.BatteryLevelAction.onReceiveImpl(BatteryLevelAction.java:42)
12-01 12:19:58.381  5646  5696 E MC_LineReader: 	at com.motorola.motocare.util.BackgroundReceiver$1.run(BackgroundReceiver.java:14)
12-01 12:19:58.381  5646  5696 E MC_LineReader: 	at android.os.Handler.handleCallback(Handler.java:746)
12-01 12:19:58.381  5646  5696 E MC_LineReader: 	at android.os.Handler.dispatchMessage(Handler.java:95)
12-01 12:19:58.381  5646  5696 E MC_LineReader: 	at android.os.Looper.loop(Looper.java:148)
12-01 12:19:58.381  5646  5696 E MC_LineReader: 	at android.os.HandlerThread.run(HandlerThread.java:61)
12-01 12:19:58.381  5646  5696 E MC_LineReader: Caused by: android.system.ErrnoException: open failed: ENOENT (No such file or directory)
12-01 12:19:58.381  5646  5696 E MC_LineReader: 	at libcore.io.Posix.open(Native Method)
12-01 12:19:58.381  5646  5696 E MC_LineReader: 	at libcore.io.BlockGuardOs.open(BlockGuardOs.java:186)
12-01 12:19:58.381  5646  5696 E MC_LineReader: 	at libcore.io.IoBridge.open(IoBridge.java:438)
12-01 12:19:58.381  5646  5696 E MC_LineReader: 	... 13 more
12-01 12:22:09.477   258   748 I qdhwcomposer: handle_blank_event: dpy:0 panel power state: 0
12-01 12:22:09.483   258   748 E qdutils : int qdutils::getHDMINode(): Failed to open fb node 2
12-01 12:22:09.483   258   748 E qdutils : int qdutils::getHDMINode(): Failed to open fb node 3
12-01 12:22:09.483   258   748 E qdutils : int qdutils::getHDMINode(): Failed to find HDMI node
12-01 12:22:09.494 20752 20764 D QcrilMsgTunnelSocket: readRilMessage: Buffer = [B@f82b213 HexData = [010000000404000011000000514f454d484f4f4bef0308000100000003]
12-01 12:22:09.494 20752 20764 D QcrilMsgTunnelSocket: Rcvd UNSOL response with 28 bytes data for SUB0
12-01 12:22:09.494 20752 20764 D QcrilMsgTunnelSocket: Response ID 525295 is not served in this process.
12-01 12:22:09.494 20752 20764 D QcrilMsgTunnelSocket: To broadcast an Intent via the notifier to external apps
12-01 12:22:09.495 20752 20752 D QcrilMsgTunnelIfaceManager: handleMessage what = 0
12-01 12:22:09.504  3460  3460 D ConnectivityManager: getMobileDataEnabled()+ subId=1
12-01 12:22:09.505  3640 28980 D PhoneInterfaceManager: [PhoneIntfMgr] getDataEnabled: subId=1 phoneId=0
12-01 12:22:09.505  3640 28980 D PhoneInterfaceManager: [PhoneIntfMgr] getDataEnabled: subId=1 retVal=true
12-01 12:22:09.506  3460  3460 D ConnectivityManager: getMobileDataEnabled()- subId=1 retVal=true
12-01 12:22:12.413   258   748 I qdhwcomposer: handle_blank_event: dpy:0 panel power state: 0
12-01 12:22:12.415  3055  3103 D SLPC    : slpc_poll_loop(): handled 1
12-01 12:22:12.415  3055  3103 D SLPC    : slpc_poll_handle_event(): transition
12-01 12:22:12.415  3055  3103 D SLPC    : slpc_poll_loop(): about to poll...
12-01 12:22:12.415  3055  3103 D sensorhub: sensorhub_poll() polling...
12-01 12:22:12.415   258   748 E qdutils : int qdutils::getHDMINode(): Failed to open fb node 2
12-01 12:22:12.415   258   748 E qdutils : int qdutils::getHDMINode(): Failed to open fb node 3
12-01 12:22:12.415   258   748 E qdutils : int qdutils::getHDMINode(): Failed to find HDMI node
12-01 12:22:12.419  3055  3055 D ModalityService: ModalityListener(): callback onModalityChange() -> 2
12-01 12:22:12.420 10263 10273 D ModalityManager: onEndMovement(), package: com.motorola.motodisplay
12-01 12:22:15.386   258   748 I qdhwcomposer: handle_blank_event: dpy:0 panel power state: 0
12-01 12:22:15.388   258   748 E qdutils : int qdutils::getHDMINode(): Failed to open fb node 2
12-01 12:22:15.389   258   748 E qdutils : int qdutils::getHDMINode(): Failed to open fb node 3
12-01 12:22:15.389   258   748 E qdutils : int qdutils::getHDMINode(): Failed to find HDMI node
12-01 12:22:15.390  3055  3103 D SLPC    : slpc_poll_loop(): handled 1
12-01 12:22:15.390  3055  3103 D SLPC    : slpc_poll_handle_event(): transition
12-01 12:22:15.391  3055  3103 D SLPC    : slpc_poll_loop(): about to poll...
12-01 12:22:15.391  3055  3103 D sensorhub: sensorhub_poll() polling...
12-01 12:22:15.395  3055  3055 D ModalityService: ModalityListener(): callback onModalityChange() -> 1
12-01 12:22:15.395 10263 10274 D ModalityManager: onStartMovement(), package: com.motorola.motodisplay
12-01 12:22:15.399  3055 26474 D sensorhub: sensorhub_algo_query(): algo: 1
12-01 12:22:15.409  3055 30935 D sensorhub: sensorhub_algo_query(): algo: 2
12-01 12:22:21.124   258   748 I qdhwcomposer: handle_blank_event: dpy:0 panel power state: 0
12-01 12:22:21.126  1787  2914 V AlarmManager: sending alarm {59149cf type 3 *alarm*:android.intent.action.TIME_TICK}
12-01 12:22:21.129  3055  3103 D SLPC    : slpc_poll_loop(): handled 1
12-01 12:22:21.129  3055  3103 D SLPC    : slpc_poll_handle_event(): transition
12-01 12:22:21.130  3055  3103 D SLPC    : slpc_poll_loop(): about to poll...
12-01 12:22:21.130  3055  3103 D sensorhub: sensorhub_poll() polling...
12-01 12:22:21.130   258   748 E qdutils : int qdutils::getHDMINode(): Failed to open fb node 2
12-01 12:22:21.130   258   748 E qdutils : int qdutils::getHDMINode(): Failed to open fb node 3
12-01 12:22:21.130   258   748 E qdutils : int qdutils::getHDMINode(): Failed to find HDMI node
12-01 12:22:21.131  1787  2914 V AlarmManager: sending alarm {10cc88c type 1 *alarm*:com.google.android.googlequicksearchbox/com.google.android.apps.gsa.speech.grammar.GrammarCompilationService}
12-01 12:22:21.139  1787  2914 V AlarmManager: sending alarm {a017b6f type 2 *walarm*:com.android.internal.telephony.data-stall}
12-01 12:22:21.140  1787  2914 V AlarmManager: sending alarm {b964cf0 type 0 *walarm*:com.google.android.googlequicksearchbox/com.google.android.apps.gsa.tasks.VelvetBackgroundTasksIntentService}
12-01 12:22:21.157  1787  2914 V AlarmManager: sending alarm {4b0c2db type 2 *walarm*:com.google.android.gms.measurement.UPLOAD}
12-01 12:22:21.158  1787  2914 V AlarmManager: sending alarm {9fb17df type 1 *alarm*:com.droid27.tcw.ACTION_TIME_TICK}
12-01 12:22:21.161  1787  2914 V AlarmManager: sending alarm {9fb17df type 1 *alarm*:com.droid27.tcw.ACTION_TIME_TICK}
12-01 12:22:21.161  1787  2914 V AlarmManager: sending alarm {9fb17df type 1 *alarm*:com.droid27.tcw.ACTION_TIME_TICK}
12-01 12:22:21.161  1787  2914 V AlarmManager: sending alarm {9fb17df type 1 *alarm*:com.droid27.tcw.ACTION_TIME_TICK}
12-01 12:22:21.162  1787  2914 V AlarmManager: sending alarm {9d92d9f type 1 *alarm*:com.motorola.motocare.trigger.AlarmTrigger.HourlyAlarmTrigger}
12-01 12:22:21.166  1787  1787 V AlarmManager: done {10cc88c, *alarm*:com.google.android.googlequicksearchbox/com.google.android.apps.gsa.speech.grammar.GrammarCompilationService} [41ms]
12-01 12:22:21.166  1787  1787 V AlarmManager: done {b964cf0, *walarm*:com.google.android.googlequicksearchbox/com.google.android.apps.gsa.tasks.VelvetBackgroundTasksIntentService} [41ms]
12-01 12:22:21.166  1787  1787 V AlarmManager: done {a017b6f, *walarm*:com.android.internal.telephony.data-stall} [41ms]
12-01 12:22:21.168  3055  3055 D ModalityService: update(): added pE, size: 1
12-01 12:22:21.169  3055  3055 D ModalityService: StowedListener(): callback onStowedChange() -> 4
12-01 12:22:21.169 10263 10384 D ModalityManager: onStowedChange() -> 4, package: com.motorola.motodisplay
12-01 12:22:21.174  3055 31042 D sensorhub: sensorhub_algo_query(): algo: 1
12-01 12:22:21.193  1787  1787 V AlarmManager: done {4b0c2db, *walarm*:com.google.android.gms.measurement.UPLOAD} [68ms]
12-01 12:22:21.203  1787  1809 V KeyguardServiceDelegate: onScreenTurnedOn(showListener = com.android.server.policy.PhoneWindowManager$2@7731b9)
12-01 12:22:21.205  1787  1806 I DisplayManagerService: Display device changed state: "Integriertes Display", DOZE
12-01 12:22:21.206   258   258 D SurfaceFlinger: Set power mode=1, type=0 flinger=0xb7584df8
12-01 12:22:21.206   258   258 D qdhwcomposer: hwc_setPowerMode: Setting mode 1 on display: 0
12-01 12:22:21.207   258   258 E qdutils : int qdutils::getHDMINode(): Failed to open fb node 2
12-01 12:22:21.207   258   258 E qdutils : int qdutils::getHDMINode(): Failed to open fb node 3
12-01 12:22:21.207   258   258 E qdutils : int qdutils::getHDMINode(): Failed to find HDMI node
12-01 12:22:21.220  1787  6221 V KeyguardServiceDelegate: **** SHOWN CALLED ****
12-01 12:22:21.228  1787  1806 I WindowManager: window type TYPE_AOD_DREAM:
12-01 12:22:21.254  1787  1787 V AlarmManager: done {9fb17df, *alarm*:com.droid27.tcw.ACTION_TIME_TICK} [129ms]
12-01 12:22:21.259  1787  1806 I WindowManager: window type TYPE_AOD_DREAM:
12-01 12:22:21.271 10479 11089 I LegacySearchBackgroundT: refreshing internal icing corpora
12-01 12:22:21.279   305  1751 E NetlinkEvent: NetlinkEvent::FindParam(): Parameter 'UID' not found
12-01 12:22:21.284  3000  3000 V QSTileView: setDual true
12-01 12:22:21.285  3000  3000 V QSTileView: setDual true
12-01 12:22:21.285  3000  3000 V QSTileView: setDual false
12-01 12:22:21.285  3000  3000 V QSTileView: setDual false
12-01 12:22:21.285  3000  3000 V QSTileView: setDual false
12-01 12:22:21.285  3000  3000 V QSTileView: setDual false
12-01 12:22:21.285  3000  3000 V QSTileView: setDual false
12-01 12:22:21.285  3000  3000 V QSTileView: setDual false
12-01 12:22:21.285  3000  3000 V QSTileView: setDual false
12-01 12:22:21.285  3000  3000 V QSTileView: setDual false
12-01 12:22:21.285  3000  3000 V QSTileView: setDual false
12-01 12:22:21.286  3000  3000 V QSTileView: setDual true
12-01 12:22:21.286  3000  3000 V QSTileView: setDual true
12-01 12:22:21.287  3000  3000 V QSTileView: setDual false
12-01 12:22:21.287  3000  3000 V QSTileView: setDual false
12-01 12:22:21.287  3000  3000 V QSTileView: setDual false
12-01 12:22:21.287  3000  3000 V QSTileView: setDual false
12-01 12:22:21.287  3000  3000 V QSTileView: setDual false
12-01 12:22:21.287  3000  3000 V QSTileView: setDual false
12-01 12:22:21.287  3000  3000 V QSTileView: setDual false
12-01 12:22:21.287  3000  3000 V QSTileView: setDual false
12-01 12:22:21.287  3000  3000 V QSTileView: setDual false
12-01 12:22:21.302 10479 11088 I ContextCompilationHandl: Compiling grammar for: de-DE, type=CONTACT_DIALING
12-01 12:22:21.304  1787  1787 V AlarmManager: done {9fb17df, *alarm*:com.droid27.tcw.ACTION_TIME_TICK} [179ms]
12-01 12:22:21.312 10479 11088 I ContextCompilationHandl: No grammar compilation resources for COMPILER, aborting. 
12-01 12:22:21.313 10479 11088 I ContextCompilationHandl: Compiling grammar for: de-DE, type=HANDS_FREE_COMMANDS
12-01 12:22:21.318 10479 11088 I ContextCompilationHandl: No grammar compilation resources for COMPILER, aborting. 
12-01 12:22:21.327  1787  1809 V KeyguardServiceDelegate: onScreenTurnedOn()
12-01 12:22:21.332  1787  1787 V AlarmManager: done {9fb17df, *alarm*:com.droid27.tcw.ACTION_TIME_TICK} [207ms]
12-01 12:22:21.333  1787  1806 I WindowManager: window type TYPE_AOD_DREAM:
12-01 12:22:21.356  1787  1787 V AlarmManager: done {9fb17df, *alarm*:com.droid27.tcw.ACTION_TIME_TICK} [231ms]
12-01 12:22:21.357  1787  1806 I WindowManager: window type TYPE_AOD_DREAM:
12-01 12:22:21.359  1787  1787 V AlarmManager: done {9d92d9f, *alarm*:com.motorola.motocare.trigger.AlarmTrigger.HourlyAlarmTrigger} [234ms]
12-01 12:22:21.363 10479 11102 I UpdateIcingCorporaServi: Updating corpora: APPS=MAYBE, CONTACTS=MAYBE
12-01 12:22:21.429 10479 11102 I UpdateIcingCorporaServi: UpdateCorporaTask done [took 66 ms] updated apps [took 66 ms] 
12-01 12:22:21.433   258   258 D qdhwcomposer: hwc_setPowerMode: Done setting mode 1 on display 0
12-01 12:22:21.433   258   748 I qdhwcomposer: handle_blank_event: dpy:0 panel power state: 1
12-01 12:22:21.434   258   748 E qdutils : int qdutils::getHDMINode(): Failed to open fb node 2
12-01 12:22:21.434   258   748 E qdutils : int qdutils::getHDMINode(): Failed to open fb node 3
12-01 12:22:21.434   258   748 E qdutils : int qdutils::getHDMINode(): Failed to find HDMI node
12-01 12:22:21.434   258   745 I qdhwcomposer: dcabc_loop: OFF -> UI
12-01 12:22:21.434   258   745 I qdhwcomposer: dcabc_loop: Done updating UI mode
12-01 12:22:21.436  1787  2972 D SurfaceControl: Excessive delay in setPowerMode(): 231ms
12-01 12:22:21.448   258   699 I SFPerfTracer:      triggers: (rate: 17:840) (805004 sw vsyncs) (0 skipped) (0:1426316 vsyncs) (5272:2247774)
12-01 12:22:21.483  1787  1787 V AlarmManager: done {59149cf, *alarm*:android.intent.action.TIME_TICK} [357ms]
12-01 12:22:21.596 10479 11100 I WebViewFactory: Loading com.google.android.webview version 54.0.2840.85 (code 284008500)
12-01 12:22:21.718   258   258 I SFPerfTracer:      triggers: (rate: 310:11534) (compose: 26:1216) (post: 3:4438) (render: 127:3239) (10:479929 frames) (11:541726)
12-01 12:22:21.718   258   258 D SFPerfTracer:        layers: (1:17) (FocusedStackFrame (0xb76faf08): 0:2514)* (DimLayer (0xb765c9f8): 0:71)* (StatusBar (0xb7700af0): 4:40932)* (com.android.systemui.ImageWallpaper (0xb7652330): 0:2119)* (Sprite (0xb76bc5c0): 0:49340)* (Sprite (0xb76d2e78): 0:6474)* (Sprite (0xb76e0498): 0:45920)* (Sprite (0xb769c898): 0:27)* (DimLayer (0xb7707410): 0:23)* (DimLayer (0xb7709288): 0:60)* (Sprite (0xb76d7f10): 0:2675)* (Sprite (0xb7711490): 0:9114)* (com.whatsapp/com.whatsapp.Conversation (0xb77194b8): 1:73)* (InputMethod (0xb7716140): 1:23)* (ColorFade (0xb771ac50): 0:31)- ( (0xb7699980): 11:15) 
12-01 12:22:21.809  1787  3029 I PowerManagerService: Waking up from dozing (uid 10031)...
12-01 12:22:21.809  1787  1787 V KeyguardServiceDelegate: onStartedWakingUp()
12-01 12:22:21.813  1787  3677 I DreamManagerService: Leaving dreamland.
12-01 12:22:21.814  1787  1803 I DreamController: Stopping dream: name=ComponentInfo{com.motorola.motodisplay/com.motorola.motodisplay.DozeService}, isTest=false, canDoze=true, userId=0
12-01 12:22:21.821  1787  1806 I DisplayManagerService: Display device changed state: "Integriertes Display", ON
12-01 12:22:21.823   258   258 D SurfaceFlinger: Set power mode=2, type=0 flinger=0xb7584df8
12-01 12:22:21.823   258   258 D qdhwcomposer: hwc_setPowerMode: Setting mode 2 on display: 0
12-01 12:22:21.823   258   258 E qdutils : int qdutils::getHDMINode(): Failed to open fb node 2
12-01 12:22:21.823   258   258 E qdutils : int qdutils::getHDMINode(): Failed to open fb node 3
12-01 12:22:21.823   258   258 E qdutils : int qdutils::getHDMINode(): Failed to find HDMI node
12-01 12:22:21.824   258   258 D qdhwcomposer: hwc_setPowerMode: Done setting mode 2 on display 0
12-01 12:22:21.825   258   748 I qdhwcomposer: handle_blank_event: dpy:0 panel power state: 1
12-01 12:22:21.825   258   748 E qdutils : int qdutils::getHDMINode(): Failed to open fb node 2
12-01 12:22:21.825   258   748 E qdutils : int qdutils::getHDMINode(): Failed to open fb node 3
12-01 12:22:21.825   258   748 E qdutils : int qdutils::getHDMINode(): Failed to find HDMI node
12-01 12:22:21.827  1787  2914 V AlarmManager: sending alarm {f4d8308 type 2 *walarm*:com.motorola.slpc.ALARM_STOWED}
12-01 12:22:21.831  3055  3055 D ModalityService: update(): removed pE (old), size: 0
12-01 12:22:21.831  3055  3055 D ModalityService: StowedListener(): callback onStowedChange() -> 1
12-01 12:22:21.832 20519 20530 D ModalityManager: onStowedChange() -> 1, package: com.motorola.actions
12-01 12:22:21.834  1787  1787 V AlarmManager: done {f4d8308, *walarm*:com.motorola.slpc.ALARM_STOWED} [8ms]
12-01 12:22:21.861 10263 10276 D ModalityManager: 
12-01 12:22:21.861 10263 10276 D ModalityManager: removeMovementListener(), package: com.motorola.motodisplay
12-01 12:22:21.861  3055 20278 D SLPC    : reg_modalities(): 2, 150000, 1000
12-01 12:22:21.861  3055 20278 D SLPC    : reg_modalities(): 2
12-01 12:22:21.862  3055 20278 D sensorhub: sensorhub_algo_req(): algo: 0, active_parts: 2, num_parts: 6, req_len: 28, bytes: 31
12-01 12:22:21.862  3055 20278 D sensorhub: sensorhub_algo_req(): algos: 56
12-01 12:22:21.862 10263 10276 D ModalityManager: 
12-01 12:22:21.862 10263 10276 D ModalityManager: removeOrientationListener(), package: com.motorola.motodisplay
12-01 12:22:21.867  3055  3072 D SLPC    : unreg_orientations(): 65535
12-01 12:22:21.867  3055  3072 D sensorhub: sensorhub_algo_req(): algo: 1, active_parts: 0, num_parts: 4, req_len: 20, bytes: 23
12-01 12:22:21.867  3055  3072 D sensorhub: sensorhub_algo_req(): algos: 40
12-01 12:22:21.867 10263 10276 D ModalityManager: 
12-01 12:22:21.867 10263 10276 D ModalityManager: removeStowedListener(), package: com.motorola.motodisplay
12-01 12:22:21.868  3055 26477 D SLPC    : unreg_stowed(): 5
12-01 12:22:21.868  3055 26477 D sensorhub: sensorhub_algo_req(): algo: 2, active_parts: 2, num_parts: 3, req_len: 16, bytes: 19
12-01 12:22:21.868  3055 26477 D sensorhub: sensorhub_algo_req(): algos: 40
12-01 12:22:21.872   312  7643 D audio_hw_primary: adev_set_parameters: enter: screen_state=on
12-01 12:22:21.872   312  7643 V msm8916_platform: platform_set_parameters: enter: - screen_state=on
12-01 12:22:21.872   312  7643 V msm8916_platform: platform_set_parameters: exit with code(0)
12-01 12:22:21.872   312  7643 D audio_hw_extn: audio_extn_set_anc_parameters: anc_enabled:0
12-01 12:22:21.872   312  7643 E soundtrigger: audio_extn_sound_trigger_set_parameters: str_params NULL
12-01 12:22:21.872   312  7643 E bt_a2dp_hw: adev_set_parameters: ERROR: set param called even when stream out is null
12-01 12:22:21.878  1787  2950 E native  : do suspend false
12-01 12:22:21.883 10479 11098 I GrammarCompilationSvcCt: Grammar compilation alarm set for interval 604800000
12-01 12:22:21.890  3000  3293 D MotoNetwCtrlr: onReceive: intent=Intent { act=android.net.wifi.STATE_CHANGE flg=0x4000010 (has extras) }
12-01 12:22:21.891  3000  3293 I MotoNetwCtrlr.MotoWifiSignalCtrlr: handleBroadcast: Entered: Intent=Intent { act=android.net.wifi.STATE_CHANGE flg=0x4000010 (has extras) } Action=android.net.wifi.STATE_CHANGE
12-01 12:22:21.891  3000  3293 I NetworkController.MotorolaMobileSignalController(1): MotorolaMobilePhoneStateListener.onDataActivity: Entered: direction=0
12-01 12:22:21.902  3000  3293 I NetworkController.MotorolaMobileSignalController(1): MotorolaMobilePhoneStateListener.onDataActivity: Entered: direction=0
12-01 12:22:21.908  1787  1801 I ActivityManager: Start proc 11133:com.motorola.context/u0a103 for broadcast com.motorola.context/.publisher.location.LocationReceiver
12-01 12:22:21.911  1787  2950 D WifiConfigStore: No blacklist allowed without epno enabled
12-01 12:22:21.913  3000  3293 D MotoNetwCtrlr: onReceive: intent=Intent { act=android.net.wifi.STATE_CHANGE flg=0x4000010 (has extras) }
12-01 12:22:21.913  3000  3293 I MotoNetwCtrlr.MotoWifiSignalCtrlr: handleBroadcast: Entered: Intent=Intent { act=android.net.wifi.STATE_CHANGE flg=0x4000010 (has extras) } Action=android.net.wifi.STATE_CHANGE
12-01 12:22:21.946  3627  3627 D MD.FrameworkProxyServic: should disconnect Application ? true
12-01 12:22:21.960  3000  3293 I NetworkController.MotorolaMobileSignalController(1): MotorolaMobilePhoneStateListener.onSignalStrengthsChanged: Entered: signalStrength=SignalStrength: 11 0 -120 -160 -120 -1 -1 99 2147483647 2147483647 2147483647 2147483647 2147483647 gsm|lte level=3
12-01 12:22:21.964 11135 11135 E NEW_BHD : Battery Power Supply logging Daemon start!!!!!
12-01 12:22:21.965 11135 11135 E NEW_BHD : Cannot run on production devices!
12-01 12:22:22.024  3000  3000 V QSTileView: setDual true
12-01 12:22:22.024  3000  3000 V QSTileView: setDual true
12-01 12:22:22.024  3000  3000 V QSTileView: setDual false
12-01 12:22:22.024  3000  3000 V QSTileView: setDual false
12-01 12:22:22.024  3000  3000 V QSTileView: setDual false
12-01 12:22:22.024  3000  3000 V QSTileView: setDual false
12-01 12:22:22.024  3000  3000 V QSTileView: setDual false
12-01 12:22:22.024  3000  3000 V QSTileView: setDual false
12-01 12:22:22.024  3000  3000 V QSTileView: setDual false
12-01 12:22:22.025  3000  3000 V QSTileView: setDual false
12-01 12:22:22.025  3000  3000 V QSTileView: setDual false
12-01 12:22:22.025  3000  3000 V QSTileView: setDual true
12-01 12:22:22.025  3000  3000 V QSTileView: setDual true
12-01 12:22:22.025  3000  3000 V QSTileView: setDual false
12-01 12:22:22.025  3000  3000 V QSTileView: setDual false
12-01 12:22:22.025  3000  3000 V QSTileView: setDual false
12-01 12:22:22.025  3000  3000 V QSTileView: setDual false
12-01 12:22:22.025  3000  3000 V QSTileView: setDual false
12-01 12:22:22.025  3000  3000 V QSTileView: setDual false
12-01 12:22:22.025  3000  3000 V QSTileView: setDual false
12-01 12:22:22.025  3000  3000 V QSTileView: setDual false
12-01 12:22:22.025  3000  3000 V QSTileView: setDual false
12-01 12:22:22.035 11133 11133 W System  : ClassLoader referenced unknown path: /system/priv-app/ContextEngineClient/lib/arm
12-01 12:22:22.150 10479 11100 I art     : Rejecting re-init on previously-failed class java.lang.Class<com.android.webview.chromium.TokenBindingManagerAdapter>
12-01 12:22:22.150 10479 11100 I art     : Rejecting re-init on previously-failed class java.lang.Class<com.android.webview.chromium.TokenBindingManagerAdapter>
12-01 12:22:22.162 10479 11100 I art     : Rejecting re-init on previously-failed class java.lang.Class<com.android.webview.chromium.ServiceWorkerControllerAdapter>
12-01 12:22:22.162 10479 11100 I art     : Rejecting re-init on previously-failed class java.lang.Class<com.android.webview.chromium.ServiceWorkerControllerAdapter>
12-01 12:22:22.210 10479 11099 I cr_CronetLibraryLoader: Cronet version: 55.0.2883.22, arch: armv7l
12-01 12:22:22.212 10479 11101 I art     : Starting a blocking GC Alloc
12-01 12:22:22.212 10479 10479 I art     : Starting a blocking GC Alloc
12-01 12:22:22.212 10479 10479 I art     : Starting a blocking GC Alloc
12-01 12:22:22.214 10479 11099 I art     : Waiting for a blocking GC Alloc
12-01 12:22:22.308 10479 11101 I art     : Waiting for a blocking GC Alloc
12-01 12:22:22.310 10479 11099 I art     : WaitForGcToComplete blocked for 95.930ms for cause Alloc
12-01 12:22:22.310 10479 11099 I art     : Starting a blocking GC Alloc
12-01 12:22:22.310 10479 11101 I art     : Starting a blocking GC Alloc
12-01 12:22:22.362 10479 11099 I UrlRequestFactory: Using network stack: Cronet/55.0.2883.22@12bce5a8
12-01 12:22:22.368 10479 11100 I cr_LibraryLoader: Time to load native libraries: 191 ms (timestamps 6146-6337)
12-01 12:22:22.369 10479 11100 I cr_LibraryLoader: Expected native library version number "54.0.2840.85", actual native library version number "54.0.2840.85"
12-01 12:22:22.380  3000  3293 D MotoNetwCtrlr: onReceive: intent=Intent { act=android.net.wifi.STATE_CHANGE flg=0x4000010 (has extras) }
12-01 12:22:22.380  3000  3293 I MotoNetwCtrlr.MotoWifiSignalCtrlr: handleBroadcast: Entered: Intent=Intent { act=android.net.wifi.STATE_CHANGE flg=0x4000010 (has extras) } Action=android.net.wifi.STATE_CHANGE
12-01 12:22:22.380  3000  3293 D MotoNetwCtrlr: onReceive: intent=Intent { act=android.net.wifi.STATE_CHANGE flg=0x4000010 (has extras) }
12-01 12:22:22.380  3000  3293 I MotoNetwCtrlr.MotoWifiSignalCtrlr: handleBroadcast: Entered: Intent=Intent { act=android.net.wifi.STATE_CHANGE flg=0x4000010 (has extras) } Action=android.net.wifi.STATE_CHANGE
12-01 12:22:22.381  1787  6221 D ConnectivityService: listenForNetwork for Listen from uid/pid:10046/10479 for NetworkRequest [ id=68, legacyType=-1, [ Capabilities: INTERNET&NOT_RESTRICTED&TRUSTED] ]
12-01 12:22:22.408 10479 11099 V ConnectivityManager: isActiveNetworkMetered() returns:true
12-01 12:22:22.456 20752 20764 D QcrilMsgTunnelSocket: readRilMessage: Buffer = [B@f82b213 HexData = [010000000404000011000000514f454d484f4f4bef0308000100000003]
12-01 12:22:22.456 20752 20764 D QcrilMsgTunnelSocket: Rcvd UNSOL response with 28 bytes data for SUB0
12-01 12:22:22.456 20752 20764 D QcrilMsgTunnelSocket: Response ID 525295 is not served in this process.
12-01 12:22:22.456 20752 20764 D QcrilMsgTunnelSocket: To broadcast an Intent via the notifier to external apps
12-01 12:22:22.456 20752 20752 D QcrilMsgTunnelIfaceManager: handleMessage what = 0
12-01 12:22:22.496 10479 11101 V ConnectivityManager: isActiveNetworkMetered() returns:true
12-01 12:22:22.656 10479 10494 V ConnectivityManager: isActiveNetworkMetered() returns:true
12-01 12:22:22.658 10479 11100 V ConnectivityManager: isActiveNetworkMetered() returns:true
12-01 12:22:22.661 10479 10498 V ConnectivityManager: isActiveNetworkMetered() returns:true
12-01 12:22:23.217 20752 20764 D QcrilMsgTunnelSocket: readRilMessage: Buffer = [B@f82b213 HexData = [010000000404000011000000514f454d484f4f4bef0308000100000003]
12-01 12:22:23.217 20752 20764 D QcrilMsgTunnelSocket: Rcvd UNSOL response with 28 bytes data for SUB0
12-01 12:22:23.217 20752 20764 D QcrilMsgTunnelSocket: Response ID 525295 is not served in this process.
12-01 12:22:23.217 20752 20764 D QcrilMsgTunnelSocket: To broadcast an Intent via the notifier to external apps
12-01 12:22:23.217 20752 20752 D QcrilMsgTunnelIfaceManager: handleMessage what = 0
12-01 12:22:23.900  3000  3293 I NetworkController.MotorolaMobileSignalController(1): MotorolaMobilePhoneStateListener.onDataActivity: Entered: direction=3
12-01 12:22:23.934  3000  3000 V QSTileView: setDual true
12-01 12:22:23.934  3000  3000 V QSTileView: setDual true
12-01 12:22:23.934  3000  3000 V QSTileView: setDual false
12-01 12:22:23.934  3000  3000 V QSTileView: setDual false
12-01 12:22:23.934  3000  3000 V QSTileView: setDual false
12-01 12:22:23.935  3000  3000 V QSTileView: setDual false
12-01 12:22:23.935  3000  3000 V QSTileView: setDual false
12-01 12:22:23.935  3000  3000 V QSTileView: setDual false
12-01 12:22:23.935  3000  3000 V QSTileView: setDual false
12-01 12:22:23.935  3000  3000 V QSTileView: setDual false
12-01 12:22:23.935  3000  3000 V QSTileView: setDual false
12-01 12:22:23.935  3000  3000 V QSTileView: setDual true
12-01 12:22:23.935  3000  3000 V QSTileView: setDual true
12-01 12:22:23.935  3000  3000 V QSTileView: setDual false
12-01 12:22:23.935  3000  3000 V QSTileView: setDual false
12-01 12:22:23.935  3000  3000 V QSTileView: setDual false
12-01 12:22:23.935  3000  3000 V QSTileView: setDual false
12-01 12:22:23.935  3000  3000 V QSTileView: setDual false
12-01 12:22:23.935  3000  3000 V QSTileView: setDual false
12-01 12:22:23.935  3000  3000 V QSTileView: setDual false
12-01 12:22:23.935  3000  3000 V QSTileView: setDual false
12-01 12:22:23.935  3000  3000 V QSTileView: setDual false
12-01 12:22:24.109 10479 11099 V ConnectivityManager: isActiveNetworkMetered() returns:true
12-01 12:22:24.144  5646  5696 E MC_LineReader: Error opening /sys/class/power_supply/bms/resistance
12-01 12:22:24.144  5646  5696 E MC_LineReader: java.io.FileNotFoundException: /sys/class/power_supply/bms/resistance: open failed: ENOENT (No such file or directory)
12-01 12:22:24.144  5646  5696 E MC_LineReader: 	at libcore.io.IoBridge.open(IoBridge.java:452)
12-01 12:22:24.144  5646  5696 E MC_LineReader: 	at java.io.FileInputStream.<init>(FileInputStream.java:76)
12-01 12:22:24.144  5646  5696 E MC_LineReader: 	at java.io.FileInputStream.<init>(FileInputStream.java:103)
12-01 12:22:24.144  5646  5696 E MC_LineReader: 	at java.io.FileReader.<init>(FileReader.java:66)
12-01 12:22:24.144  5646  5696 E MC_LineReader: 	at com.motorola.motocare.util.LineReader.<init>(LineReader.java:20)
12-01 12:22:24.144  5646  5696 E MC_LineReader: 	at com.motorola.motocare.util.LineReader$1.<init>(LineReader.java:53)
12-01 12:22:24.144  5646  5696 E MC_LineReader: 	at com.motorola.motocare.util.LineReader.firstLineReader(LineReader.java:53)
12-01 12:22:24.144  5646  5696 E MC_LineReader: 	at com.motorola.motocare.util.BatteryUtils.getBatteryResistance(BatteryUtils.java:130)
12-01 12:22:24.144  5646  5696 E MC_LineReader: 	at com.motorola.motocare.action.BatteryLevelAction.onReceiveImpl(BatteryLevelAction.java:42)
12-01 12:22:24.144  5646  5696 E MC_LineReader: 	at com.motorola.motocare.util.BackgroundReceiver$1.run(BackgroundReceiver.java:14)
12-01 12:22:24.144  5646  5696 E MC_LineReader: 	at android.os.Handler.handleCallback(Handler.java:746)
12-01 12:22:24.144  5646  5696 E MC_LineReader: 	at android.os.Handler.dispatchMessage(Handler.java:95)
12-01 12:22:24.144  5646  5696 E MC_LineReader: 	at android.os.Looper.loop(Looper.java:148)
12-01 12:22:24.144  5646  5696 E MC_LineReader: 	at android.os.HandlerThread.run(HandlerThread.java:61)
12-01 12:22:24.144  5646  5696 E MC_LineReader: Caused by: android.system.ErrnoException: open failed: ENOENT (No such file or directory)
12-01 12:22:24.144  5646  5696 E MC_LineReader: 	at libcore.io.Posix.open(Native Method)
12-01 12:22:24.144  5646  5696 E MC_LineReader: 	at libcore.io.BlockGuardOs.open(BlockGuardOs.java:186)
12-01 12:22:24.144  5646  5696 E MC_LineReader: 	at libcore.io.IoBridge.open(IoBridge.java:438)
12-01 12:22:24.144  5646  5696 E MC_LineReader: 	... 13 more
12-01 12:22:24.393 10479 11099 I FetchOptInStatusTask: AudioHistoryDisabled : Deleting model
12-01 12:22:25.723 10479 11101 I BlobLobber: Received new velour config
12-01 12:22:25.735 10479 11210 I art     : Starting a blocking GC Alloc
12-01 12:22:25.735 10479 11210 I art     : Starting a blocking GC Alloc
12-01 12:22:25.805 10479 11101 I BlobLobber: Canceling downloads: [JW8WI0qvKfnNY2rASb8HgGw, J33pFd4gqvBiJjGe6c5hK0Q, JdZW1LXORySfhQbH32rSYPA, J692Q3ANMtY27RADjlAE1Og]
12-01 12:22:25.806 10479 11101 I BlobLobber: Failed to cancel [JW8WI0qvKfnNY2rASb8HgGw, J33pFd4gqvBiJjGe6c5hK0Q, JdZW1LXORySfhQbH32rSYPA, J692Q3ANMtY27RADjlAE1Og]
12-01 12:22:26.911  3000  3293 I NetworkController.MotorolaMobileSignalController(1): MotorolaMobilePhoneStateListener.onDataActivity: Entered: direction=0
12-01 12:22:26.936  3000  3000 V QSTileView: setDual true
12-01 12:22:26.936  3000  3000 V QSTileView: setDual true
12-01 12:22:26.936  3000  3000 V QSTileView: setDual false
12-01 12:22:26.936  3000  3000 V QSTileView: setDual false
12-01 12:22:26.937  3000  3000 V QSTileView: setDual false
12-01 12:22:26.937  3000  3000 V QSTileView: setDual false
12-01 12:22:26.937  3000  3000 V QSTileView: setDual false
12-01 12:22:26.937  3000  3000 V QSTileView: setDual false
12-01 12:22:26.937  3000  3000 V QSTileView: setDual false
12-01 12:22:26.937  3000  3000 V QSTileView: setDual false
12-01 12:22:26.937  3000  3000 V QSTileView: setDual false
12-01 12:22:26.937  3000  3000 V QSTileView: setDual true
12-01 12:22:26.937  3000  3000 V QSTileView: setDual true
12-01 12:22:26.937  3000  3000 V QSTileView: setDual false
12-01 12:22:26.937  3000  3000 V QSTileView: setDual false
12-01 12:22:26.937  3000  3000 V QSTileView: setDual false
12-01 12:22:26.938  3000  3000 V QSTileView: setDual false
12-01 12:22:26.938  3000  3000 V QSTileView: setDual false
12-01 12:22:26.938  3000  3000 V QSTileView: setDual false
12-01 12:22:26.938  3000  3000 V QSTileView: setDual false
12-01 12:22:26.938  3000  3000 V QSTileView: setDual false
12-01 12:22:26.938  3000  3000 V QSTileView: setDual false
12-01 12:22:26.991 11213 11213 E NEW_BHD : Battery Power Supply logging Daemon start!!!!!
12-01 12:22:26.992 11213 11213 E NEW_BHD : Cannot run on production devices!
12-01 12:22:28.959 20752 20764 D QcrilMsgTunnelSocket: readRilMessage: Buffer = [B@f82b213 HexData = [010000000404000011000000514f454d484f4f4bef0308000100000003]
12-01 12:22:28.959 20752 20764 D QcrilMsgTunnelSocket: Rcvd UNSOL response with 28 bytes data for SUB0
12-01 12:22:28.959 20752 20764 D QcrilMsgTunnelSocket: Response ID 525295 is not served in this process.
12-01 12:22:28.960 20752 20764 D QcrilMsgTunnelSocket: To broadcast an Intent via the notifier to external apps
12-01 12:22:28.960 20752 20752 D QcrilMsgTunnelIfaceManager: handleMessage what = 0
12-01 12:22:29.696 20752 20764 D QcrilMsgTunnelSocket: readRilMessage: Buffer = [B@f82b213 HexData = [010000000404000011000000514f454d484f4f4bef0308000100000003]
12-01 12:22:29.696 20752 20764 D QcrilMsgTunnelSocket: Rcvd UNSOL response with 28 bytes data for SUB0
12-01 12:22:29.696 20752 20764 D QcrilMsgTunnelSocket: Response ID 525295 is not served in this process.
12-01 12:22:29.696 20752 20764 D QcrilMsgTunnelSocket: To broadcast an Intent via the notifier to external apps
12-01 12:22