11-22 19:43:49.700  6081  6081 V ConnectivityManager: isActiveNetworkMetered() returns:false
11-22 19:43:49.703  6081  6186 I MicrophoneInputStream: mic_started com.google.android.apps.gsa.speech.audio.ae@84c3364
11-22 19:43:49.803  6081  6081 I MicroDetectionWorker: onReady
11-22 19:43:49.934  3010  3294 I NetworkController.MotorolaMobileSignalController(1): MotorolaMobilePhoneStateListener.onSignalStrengthsChanged: Entered: signalStrength=SignalStrength: 13 0 -120 -160 -120 -1 -1 99 2147483647 2147483647 2147483647 2147483647 2147483647 gsm|lte level=4
11-22 19:43:50.175  3647  3960 W OpenGLRenderer: Incorrectly called buildLayer on View: ShortcutAndWidgetContainer, destroying layer...
11-22 19:43:50.175  3647  3960 W OpenGLRenderer: Incorrectly called buildLayer on View: ShortcutAndWidgetContainer, destroying layer...
11-22 19:43:51.811  9589  9589 E NEW_BHD : Battery Power Supply logging Daemon start!!!!!
11-22 19:43:51.812  9589  9589 E NEW_BHD : Cannot run on production devices!
11-22 19:43:52.986  1789  2914 V AlarmManager: sending alarm {77192bd type 3 *alarm*:com.google.android.gms/.lockbox.LockboxAlarmReceiver}
11-22 19:43:52.995  1789  1789 V AlarmManager: done {77192bd, *alarm*:com.google.android.gms/.lockbox.LockboxAlarmReceiver} [9ms]
11-22 19:43:53.166  1789  5333 D NetlinkSocketObserver: NeighborEvent{elapsedMs=890840, 192.168.178.1, [5C4979705309], RTM_NEWNEIGH, NUD_STALE}
11-22 19:43:53.789  1789  2955 D ConnectivityService: notifyType CAP_CHANGED for NetworkAgentInfo [WIFI () - 101]
11-22 19:43:53.794  3010  3294 D MotoNetwCtrlr: onReceive: intent=Intent { act=android.net.wifi.RSSI_CHANGED flg=0x4000010 (has extras) }
11-22 19:43:53.794  3010  3294 I MotoNetwCtrlr.MotoWifiSignalCtrlr: handleBroadcast: Entered: Intent=Intent { act=android.net.wifi.RSSI_CHANGED flg=0x4000010 (has extras) } Action=android.net.wifi.RSSI_CHANGED
11-22 19:43:54.246  1789  1806 D UsbAlsaManager: ALSA device removed: AlsaDevice: [card: 1, device: 0, type: 1]
11-22 19:43:54.257  1789  1806 D UsbAlsaManager: Adding ALSA device AlsaDevice: [card: 1, device: 0, type: 1]
11-22 19:43:54.271   301  9478 I chatty  : uid=1013(media) /system/bin/mediaserver expire 1 line
11-22 19:43:54.326  1789  1805 D UsbDeviceManager: exited USB accessory mode
11-22 19:43:54.326  1789  1805 I UsbDeviceManager: Setting USB config to mtp,adb
11-22 19:43:54.328  1789  1806 D UsbAlsaManager: ALSA device removed: AlsaDevice: [card: 1, device: 0, type: 1]
11-22 19:43:54.405  1789  5744 D LBSSystemMonitorService: handleMessage what - 11
11-22 19:43:54.405  1789  5744 D DeviceContext: handleMessage what - 1
11-22 19:43:54.417  3010  3294 I NetworkController.MotorolaMobileSignalController(1): MotorolaMobilePhoneStateListener.onSignalStrengthsChanged: Entered: signalStrength=SignalStrength: 15 0 -120 -160 -120 -1 -1 99 2147483647 2147483647 2147483647 2147483647 2147483647 gsm|lte level=4
11-22 19:43:54.431  5963  5963 I iu.Environment: update battery state; isPlugged? false*
11-22 19:43:54.434  5963  6639 I iu.UploadsManager: num queued entries: 0
11-22 19:43:54.434  5963  6639 I iu.UploadsManager: num updated entries: 0
11-22 19:43:54.437  5963  6639 I iu.SyncManager: NEXT; no task
11-22 19:43:54.448  1789  1805 I BatteryStatsImpl: Resetting battery stats: level=100 status=5 dischargeLevel=100 lowAmount=0 highAmount=0
11-22 19:43:54.475  5639  5750 E MC_LineReader: Error opening /sys/class/power_supply/bms/resistance
11-22 19:43:54.475  5639  5750 E MC_LineReader: java.io.FileNotFoundException: /sys/class/power_supply/bms/resistance: open failed: ENOENT (No such file or directory)
11-22 19:43:54.475  5639  5750 E MC_LineReader: 	at libcore.io.IoBridge.open(IoBridge.java:452)
11-22 19:43:54.475  5639  5750 E MC_LineReader: 	at java.io.FileInputStream.<init>(FileInputStream.java:76)
11-22 19:43:54.475  5639  5750 E MC_LineReader: 	at java.io.FileInputStream.<init>(FileInputStream.java:103)
11-22 19:43:54.475  5639  5750 E MC_LineReader: 	at java.io.FileReader.<init>(FileReader.java:66)
11-22 19:43:54.475  5639  5750 E MC_LineReader: 	at com.motorola.motocare.util.LineReader.<init>(LineReader.java:20)
11-22 19:43:54.475  5639  5750 E MC_LineReader: 	at com.motorola.motocare.util.LineReader$1.<init>(LineReader.java:53)
11-22 19:43:54.475  5639  5750 E MC_LineReader: 	at com.motorola.motocare.util.LineReader.firstLineReader(LineReader.java:53)
11-22 19:43:54.475  5639  5750 E MC_LineReader: 	at com.motorola.motocare.util.BatteryUtils.getBatteryResistance(BatteryUtils.java:130)
11-22 19:43:54.475  5639  5750 E MC_LineReader: 	at com.motorola.motocare.action.BatteryLevelAction.onReceiveImpl(BatteryLevelAction.java:42)
11-22 19:43:54.475  5639  5750 E MC_LineReader: 	at com.motorola.motocare.util.BackgroundReceiver$1.run(BackgroundReceiver.java:14)
11-22 19:43:54.475  5639  5750 E MC_LineReader: 	at android.os.Handler.handleCallback(Handler.java:746)
11-22 19:43:54.475  5639  5750 E MC_LineReader: 	at android.os.Handler.dispatchMessage(Handler.java:95)
11-22 19:43:54.475  5639  5750 E MC_LineReader: 	at android.os.Looper.loop(Looper.java:148)
11-22 19:43:54.475  5639  5750 E MC_LineReader: 	at android.os.HandlerThread.run(HandlerThread.java:61)
11-22 19:43:54.475  5639  5750 E MC_LineReader: Caused by: android.system.ErrnoException: open failed: ENOENT (No such file or directory)
11-22 19:43:54.475  5639  5750 E MC_LineReader: 	at libcore.io.Posix.open(Native Method)
11-22 19:43:54.475  5639  5750 E MC_LineReader: 	at libcore.io.BlockGuardOs.open(BlockGuardOs.java:186)
11-22 19:43:54.475  5639  5750 E MC_LineReader: 	at libcore.io.IoBridge.open(IoBridge.java:438)
11-22 19:43:54.475  5639  5750 E MC_LineReader: 	... 13 more
11-22 19:43:54.501  1789  1789 I EntropyMixer: Writing entropy...
11-22 19:43:54.515  1789  5744 D LBSSystemMonitorService: handleMessage what - 11
11-22 19:43:54.515  1789  5744 D DeviceContext: handleMessage what - 1
11-22 19:43:54.543  5963  5963 I iu.Environment: update battery state; isPlugged? true*
11-22 19:43:54.546  3721  4075 E NetworkScheduler.SR: Invalid parameter app
11-22 19:43:54.546  3721  4075 E NetworkScheduler.SR: Invalid package name : Perhaps you didn't include a PendingIntent in the extras?
11-22 19:43:54.547  5963  6639 I iu.UploadsManager: num queued entries: 0
11-22 19:43:54.548  5963  6639 I iu.UploadsManager: num updated entries: 0
11-22 19:43:54.548  5963  6639 I iu.SyncManager: NEXT; no task
11-22 19:43:54.586  5963  9614 I iu.FingerprintManager: Start processing all media
11-22 19:43:54.587  5963  9614 I iu.FingerprintManager: Start processing media store URI: content://media/external/images/media
11-22 19:43:54.599  5963  9614 I iu.FingerprintManager: Start processing media store URI: content://media/external/video/media
11-22 19:43:54.609  5963  9614 I iu.FingerprintManager: Start processing media store URI: content://media/phoneStorage/images/media
11-22 19:43:54.610  5963  9614 I iu.FingerprintManager: Start processing media store URI: content://media/phoneStorage/video/media
11-22 19:43:54.611  5963  9614 I iu.FingerprintManager: Finished generating fingerprints; 0,024 seconds
11-22 19:43:54.611  5963  9614 I iu.FingerprintManager:   numSeen=25 numGenerated=0 numDeleted=0 numFailed=0
11-22 19:43:54.662  2975  2975 D MtpService: mUsbDriverRestricted=false
11-22 19:43:54.691  2975  2975 D MtpService: starting MTP server in MTP mode
11-22 19:43:54.998  5639  5750 E MC_LineReader: Error opening /sys/class/power_supply/bms/resistance
11-22 19:43:54.998  5639  5750 E MC_LineReader: java.io.FileNotFoundException: /sys/class/power_supply/bms/resistance: open failed: ENOENT (No such file or directory)
11-22 19:43:54.998  5639  5750 E MC_LineReader: 	at libcore.io.IoBridge.open(IoBridge.java:452)
11-22 19:43:54.998  5639  5750 E MC_LineReader: 	at java.io.FileInputStream.<init>(FileInputStream.java:76)
11-22 19:43:54.998  5639  5750 E MC_LineReader: 	at java.io.FileInputStream.<init>(FileInputStream.java:103)
11-22 19:43:54.998  5639  5750 E MC_LineReader: 	at java.io.FileReader.<init>(FileReader.java:66)
11-22 19:43:54.998  5639  5750 E MC_LineReader: 	at com.motorola.motocare.util.LineReader.<init>(LineReader.java:20)
11-22 19:43:54.998  5639  5750 E MC_LineReader: 	at com.motorola.motocare.util.LineReader$1.<init>(LineReader.java:53)
11-22 19:43:54.998  5639  5750 E MC_LineReader: 	at com.motorola.motocare.util.LineReader.firstLineReader(LineReader.java:53)
11-22 19:43:54.998  5639  5750 E MC_LineReader: 	at com.motorola.motocare.util.BatteryUtils.getBatteryResistance(BatteryUtils.java:130)
11-22 19:43:54.998  5639  5750 E MC_LineReader: 	at com.motorola.motocare.action.BatteryLevelAction.onReceiveImpl(BatteryLevelAction.java:42)
11-22 19:43:54.998  5639  5750 E MC_LineReader: 	at com.motorola.motocare.util.BackgroundReceiver$1.run(BackgroundReceiver.java:14)
11-22 19:43:54.998  5639  5750 E MC_LineReader: 	at android.os.Handler.handleCallback(Handler.java:746)
11-22 19:43:54.998  5639  5750 E MC_LineReader: 	at android.os.Handler.dispatchMessage(Handler.java:95)
11-22 19:43:54.998  5639  5750 E MC_LineReader: 	at android.os.Looper.loop(Looper.java:148)
11-22 19:43:54.998  5639  5750 E MC_LineReader: 	at android.os.HandlerThread.run(HandlerThread.java:61)
11-22 19:43:54.998  5639  5750 E MC_LineReader: Caused by: android.system.ErrnoException: open failed: ENOENT (No such file or directory)
11-22 19:43:54.998  5639  5750 E MC_LineReader: 	at libcore.io.Posix.open(Native Method)
11-22 19:43:54.998  5639  5750 E MC_LineReader: 	at libcore.io.BlockGuardOs.open(BlockGuardOs.java:186)
11-22 19:43:54.998  5639  5750 E MC_LineReader: 	at libcore.io.IoBridge.open(IoBridge.java:438)
11-22 19:43:54.998  5639  5750 E MC_LineReader: 	... 13 more
11-22 19:43:55.435   301   749 I chatty  : uid=1013(media) ApmAudio expire 6 lines
11-22 19:43:56.510  9638  9638 E NEW_BHD : Battery Power Supply logging Daemon start!!!!!
11-22 19:43:56.510  9638  9638 E NEW_BHD : Cannot run on production devices!
11-22 19:44:00.000  1789  2914 V AlarmManager: sending alarm {be5e04d type 3 *alarm*:android.intent.action.TIME_TICK}
11-22 19:44:00.001  1789  2914 V AlarmManager: sending alarm {718a1b4 type 1 *alarm*:com.droid27.tcw.ACTION_TIME_TICK}
11-22 19:44:00.013  1789  1803 I ActivityManager: Start proc 9642:com.droid27.transparentclockweather/u0a113 for broadcast com.droid27.transparentclockweather/.Widget_2x1
11-22 19:44:00.061  9642  9642 W System  : ClassLoader referenced unknown path: /data/app/com.droid27.transparentclockweather-1/lib/arm
11-22 19:44:00.064  1789  1789 V AlarmManager: done {be5e04d, *alarm*:android.intent.action.TIME_TICK} [64ms]
11-22 19:44:00.072  9642  9642 D FirebaseApp: com.google.firebase.auth.FirebaseAuth is not linked. Skipping initialization.
11-22 19:44:00.078  9642  9642 D FirebaseApp: com.google.firebase.crash.FirebaseCrash is not linked. Skipping initialization.
11-22 19:44:00.087  9642  9642 I FA      : App measurement is starting up, version: 9452
11-22 19:44:00.087  9642  9642 I FA      : To enable debug logging run: adb shell setprop log.tag.FA VERBOSE
11-22 19:44:00.109  9642  9642 I FirebaseInitProvider: FirebaseApp initialization successful
11-22 19:44:00.137  1789  1789 V AlarmManager: done {718a1b4, *alarm*:com.droid27.tcw.ACTION_TIME_TICK} [136ms]
11-22 19:44:01.534  9658  9658 E NEW_BHD : Battery Power Supply logging Daemon start!!!!!
11-22 19:44:01.534  9658  9658 E NEW_BHD : Cannot run on production devices!
11-22 19:44:02.845  1789  2955 D ConnectivityService: updateNetworkScore for NetworkAgentInfo [WIFI () - 101] to 56
11-22 19:44:03.377  3010  3294 I NetworkController.MotorolaMobileSignalController(1): MotorolaMobilePhoneStateListener.onSignalStrengthsChanged: Entered: signalStrength=SignalStrength: 18 0 -120 -160 -120 -1 -1 99 2147483647 2147483647 2147483647 2147483647 2147483647 gsm|lte level=4
11-22 19:44:04.613  1789  2916 I InputReader: Reconfiguring input devices.  changes=0x00000010
11-22 19:44:04.667  6081  9666 I UpdateIcingCorporaServi: Updating corpora: APPS=com.motorola.genie, CONTACTS=MAYBE
11-22 19:44:04.720  6081  9666 I UpdateIcingCorporaServi: UpdateCorporaTask done [took 53 ms] updated apps [took 53 ms] 
11-22 19:44:04.782  5963  6042 I Icing   : Usage reports 0 indexed 0 rejected 0 imm upload false
11-22 19:44:04.790  5963  6042 I Icing   : Usage reports 0 indexed 0 rejected 0 imm upload false
11-22 19:44:04.792  5963  9669 W IcingInternalCorpora: getNumBytesRead when not calculated.
11-22 19:44:05.006  1789  5333 D NetlinkSocketObserver: NeighborEvent{elapsedMs=902680, 192.168.178.1, [5C4979705309], RTM_NEWNEIGH, NUD_STALE}
11-22 19:44:05.795  5963  6042 I Icing   : Indexing B1894D72D5B376ED54F78A95DC850C79CC750C92 from com.google.android.gms
11-22 19:44:05.857  5963  6042 I Icing   : Indexing done B1894D72D5B376ED54F78A95DC850C79CC750C92
11-22 19:44:06.559  9670  9670 E NEW_BHD : Battery Power Supply logging Daemon start!!!!!
11-22 19:44:06.560  9670  9670 E NEW_BHD : Cannot run on production devices!
11-22 19:44:08.128  6081  6081 I GrammarCompilationSvcCt: #startService for null, APP_NAMES.
11-22 19:44:09.523  1789  1803 I ActivityManager: Waited long enough for: ServiceRecord{46ad812 u0 com.motorola.groundloopnoisepreventer/.SilenceService}
11-22 19:44:11.586  9672  9672 E NEW_BHD : Battery Power Supply logging Daemon start!!!!!
11-22 19:44:11.587  9672  9672 E NEW_BHD : Cannot run on production devices!
11-22 19:44:16.614  9673  9673 E NEW_BHD : Battery Power Supply logging Daemon start!!!!!
11-22 19:44:16.615  9673  9673 E NEW_BHD : Cannot run on production devices!
11-22 19:44:16.846  1789  5333 D NetlinkSocketObserver: NeighborEvent{elapsedMs=914520, 192.168.178.1, [5C4979705309], RTM_NEWNEIGH, NUD_STALE}
11-22 19:44:21.643  9674  9674 E NEW_BHD : Battery Power Supply logging Daemon start!!!!!
11-22 19:44:21.644  9674  9674 E NEW_BHD : Cannot run on production devices!
11-22 19:44:26.671  9675  9675 E NEW_BHD : Battery Power Supply logging Daemon start!!!!!
11-22 19:44:26.672  9675  9675 E NEW_BHD : Cannot run on production devices!
11-22 19:44:28.686  1789  5333 D NetlinkSocketObserver: NeighborEvent{elapsedMs=926360, 192.168.178.1, [5C4979705309], RTM_NEWNEIGH, NUD_STALE}
11-22 19:44:29.805  3721  4127 W GeofencerStateMachine: Ignoring removeGeofence because network location is disabled.
11-22 19:44:29.809  3721  3721 W MessageQueue: Handler (alhb) {a00189} sending message to a Handler on a dead thread
11-22 19:44:29.809  3721  3721 W MessageQueue: java.lang.IllegalStateException: Handler (alhb) {a00189} sending message to a Handler on a dead thread
11-22 19:44:29.809  3721  3721 W MessageQueue: 	at android.os.MessageQueue.enqueueMessage(MessageQueue.java:543)
11-22 19:44:29.809  3721  3721 W MessageQueue: 	at android.os.Handler.enqueueMessage(Handler.java:631)
11-22 19:44:29.809  3721  3721 W MessageQueue: 	at android.os.Handler.sendMessageAtTime(Handler.java:600)
11-22 19:44:29.809  3721  3721 W MessageQueue: 	at android.os.Handler.sendMessageDelayed(Handler.java:570)
11-22 19:44:29.809  3721  3721 W MessageQueue: 	at android.os.Handler.post(Handler.java:326)
11-22 19:44:29.809  3721  3721 W MessageQueue: 	at alhb.a(:com.google.android.gms:29)
11-22 19:44:29.809  3721  3721 W MessageQueue: 	at algt.a(:com.google.android.gms:3625)
11-22 19:44:29.809  3721  3721 W MessageQueue: 	at kbh.handleMessage(:com.google.android.gms:1540)
11-22 19:44:29.809  3721  3721 W MessageQueue: 	at android.os.Handler.dispatchMessage(Handler.java:102)
11-22 19:44:29.809  3721  3721 W MessageQueue: 	at android.os.Looper.loop(Looper.java:148)
11-22 19:44:29.809  3721  3721 W MessageQueue: 	at android.app.ActivityThread.main(ActivityThread.java:5443)
11-22 19:44:29.809  3721  3721 W MessageQueue: 	at java.lang.reflect.Method.invoke(Native Method)
11-22 19:44:29.809  3721  3721 W MessageQueue: 	at com.android.internal.os.ZygoteInit$MethodAndArgsCaller.run(ZygoteInit.java:728)
11-22 19:44:29.809  3721  3721 W MessageQueue: 	at com.android.internal.os.ZygoteInit.main(ZygoteInit.java:618)
11-22 19:44:29.809  3721  4127 W GeofencerStateMachine: Ignoring removeGeofence because network location is disabled.
11-22 19:44:31.697  9676  9676 E NEW_BHD : Battery Power Supply logging Daemon start!!!!!
11-22 19:44:31.698  9676  9676 E NEW_BHD : Cannot run on production devices!
11-22 19:44:36.720  9677  9677 E NEW_BHD : Battery Power Supply logging Daemon start!!!!!
11-22 19:44:36.721  9677  9677 E NEW_BHD : Cannot run on production devices!
11-22 19:44:40.526  1789  5333 D NetlinkSocketObserver: NeighborEvent{elapsedMs=938200, 192.168.178.1, [5C4979705309], RTM_NEWNEIGH, NUD_STALE}
11-22 19:44:41.746  9678  9678 E NEW_BHD : Battery Power Supply logging Daemon start!!!!!
11-22 19:44:41.747  9678  9678 E NEW_BHD : Cannot run on production devices!
11-22 19:44:46.772  9680  9680 E NEW_BHD : Battery Power Supply logging Daemon start!!!!!
11-22 19:44:46.773  9680  9680 E NEW_BHD : Cannot run on production devices!
11-22 19:44:48.177  3010  3294 I NetworkController.MotorolaMobileSignalController(1): MotorolaMobilePhoneStateListener.onSignalStrengthsChanged: Entered: signalStrength=SignalStrength: 18 0 -120 -160 -120 -1 -1 99 2147483647 2147483647 2147483647 2147483647 2147483647 gsm|lte level=4
11-22 19:44:50.418  3010  3294 I NetworkController.MotorolaMobileSignalController(1): MotorolaMobilePhoneStateListener.onSignalStrengthsChanged: Entered: signalStrength=SignalStrength: 18 0 -120 -160 -120 -1 -1 99 2147483647 2147483647 2147483647 2147483647 2147483647 gsm|lte level=4
11-22 19:44:51.797  9683  9683 E NEW_BHD : Battery Power Supply logging Daemon start!!!!!
11-22 19:44:51.798  9683  9683 E NEW_BHD : Cannot run on production devices!
11-22 19:44:52.366  1789  5333 D NetlinkSocketObserver: NeighborEvent{elapsedMs=950040, 192.168.178.1, [5C4979705309], RTM_NEWNEIGH, NUD_STALE}
11-22 19:44:53.040  1789  2914 V AlarmManager: sending alarm {77192bd type 3 *alarm*:com.google.android.gms/.lockbox.LockboxAlarmReceiver}
11-22 19:44:53.051  1789  1789 V AlarmManager: done {77192bd, *alarm*:com.google.android.gms/.lockbox.LockboxAlarmReceiver} [12ms]
11-22 19:44:54.198  1789  2955 D ConnectivityService: updateNetworkScore for NetworkAgentInfo [WIFI () - 101] to 60
11-22 19:44:56.820  9685  9685 E NEW_BHD : Battery Power Supply logging Daemon start!!!!!
11-22 19:44:56.821  9685  9685 E NEW_BHD : Cannot run on production devices!
11-22 19:45:00.001  1789  2914 V AlarmManager: sending alarm {be5e04d type 3 *alarm*:android.intent.action.TIME_TICK}
11-22 19:45:00.003  1789  2914 V AlarmManager: sending alarm {718a1b4 type 1 *alarm*:com.droid27.tcw.ACTION_TIME_TICK}
11-22 19:45:00.049  1789  1789 V AlarmManager: done {718a1b4, *alarm*:com.droid27.tcw.ACTION_TIME_TICK} [48ms]
11-22 19:45:00.058  1789  1789 V AlarmManager: done {be5e04d, *alarm*:android.intent.action.TIME_TICK} [57ms]
11-22 19:45:01.845  9686  9686 E NEW_BHD : Battery Power Supply logging Daemon start!!!!!
11-22 19:45:01.847  9686  9686 E NEW_BHD : Cannot run on production devices!
11-22 19:45:04.206  1789  5333 D NetlinkSocketObserver: NeighborEvent{elapsedMs=961880, 192.168.178.1, [5C4979705309], RTM_NEWNEIGH, NUD_STALE}
11-22 19:45:04.694  6081  6081 I MicroDetector: Keeping mic open: false
11-22 19:45:04.695  6081  6259 I DeviceStateChecker: DeviceStateChecker cancelled
11-22 19:45:04.695  6081  6182 I AudioController: internalShutdown
11-22 19:45:04.695  6081  6182 I MicrophoneInputStream: mic_close com.google.android.apps.gsa.speech.audio.ae@84c3364
11-22 19:45:04.696  6081  6186 E AudioRecord-JNI: Error -4 during AudioRecord native read
11-22 19:45:04.696  6081  6243 I MicroRecognitionRunner: Stopping hotword detection.
11-22 19:45:04.698  1789  2960 W AudioTrack: dead IAudioTrack, PCM, creating a new one from start()
11-22 19:45:04.708   301  9587 I chatty  : uid=1013(media) /system/bin/mediaserver expire 3 lines
11-22 19:45:04.757   301   301 I chatty  : uid=1013(media) /system/bin/mediaserver expire 3 lines
11-22 19:45:04.760  6081  6166 I MicroRecognitionRunner: Detection finished
11-22 19:45:04.763   301   750 I chatty  : uid=1013(media) ApmOutput expire 1 line
11-22 19:45:04.764   301   791 I chatty  : uid=1013(media) AudioOut_2 expire 37 lines
11-22 19:45:04.944   258   258 I SFPerfTracer:      triggers: (rate: 6:398) (compose: 1:20) (post: 0:9) (render: 1:31) (17:2893 frames) (18:3804)
11-22 19:45:04.944   258   258 D SFPerfTracer:        layers: (5:12) (FocusedStackFrame (0xb8efb238): 0:117)* (StatusBar (0xb8efd408): 0:605) (com.android.systemui.ImageWallpaper (0xb8eef4b8): 0:23) (Sprite (0xb8e66928): 18:1029) (Sprite (0xb8ebf820): 0:475)* (NavigationBar (0xb8ea45d0): 0:113) (DimLayer (0xb8ea2420): 0:43)- (DimLayer (0xb8e64d60): 0:6)- (com.android.systemui/com.android.systemui.recents.RecentsActivity (0xb8eb6d28): 0:59)- (com.google.android.googlequicksearchbox/com.google.android.launcher.GEL (0xb8eead68): 8:22) 
11-22 19:45:05.232   258   258 I SFPerfTracer:      triggers: (rate: 6:399) (compose: 1:20) (post: 0:10) (render: 1:32) (13:2906 frames) (14:3818)
11-22 19:45:05.232   258   258 D SFPerfTracer:        layers: (4:9) (FocusedStackFrame (0xb8efb238): 0:117)* (StatusBar (0xb8efd408): 0:605) (com.android.systemui.ImageWallpaper (0xb8eef4b8): 0:23) (Sprite (0xb8e66928): 1:1030)* (Sprite (0xb8ebf820): 0:475)* (NavigationBar (0xb8ea45d0): 0:113) (com.google.android.googlequicksearchbox/com.google.android.launcher.GEL (0xb8eead68): 14:36) 
11-22 19:45:06.226   258   712 I SFPerfTracer:      triggers: (rate: 0:0) (0 sw vsyncs) (0 skipped) (15:2958 vsyncs) (17:4187)
11-22 19:45:06.280  1789  2955 D ConnectivityService: updateNetworkScore for NetworkAgentInfo [WIFI () - 101] to 56
11-22 19:45:06.872  9693  9693 E NEW_BHD : Battery Power Supply logging Daemon start!!!!!
11-22 19:45:06.872  9693  9693 E NEW_BHD : Cannot run on production devices!
11-22 19:45:09.933   258   258 I SFPerfTracer:      triggers: (rate: 6:402) (compose: 1:20) (post: 0:10) (render: 1:32) (77:3054 frames) (78:3977)
11-22 19:45:09.933   258   258 D SFPerfTracer:        layers: (5:9) (FocusedStackFrame (0xb8efb238): 0:117)* (StatusBar (0xb8efd408): 0:605) (com.android.systemui.ImageWallpaper (0xb8eef4b8): 0:23) (Sprite (0xb8e66928): 66:1160) (Sprite (0xb8ebf820): 0:475)* (NavigationBar (0xb8ea45d0): 0:113) (com.google.android.googlequicksearchbox/com.google.android.launcher.GEL (0xb8eead68): 78:160) 
11-22 19:45:10.015  6081  6081 I MicroDetectionWorker: Micro detection mode: [mDetectionMode: [1]].
11-22 19:45:10.019  1789  1800 I ActivityManager: START u0 {act=android.intent.action.DELETE dat=package:SeniorenApp.SeniorenApp flg=0x10800000 cmp=com.android.packageinstaller/.UninstallerActivity (has extras)} from uid 10046 on display 0
11-22 19:45:10.036  6081  9590 I MicroRecognitionRunner: Starting detection.
11-22 19:45:10.037  6081  6182 I MicrophoneInputStream: mic_starting com.google.android.apps.gsa.speech.audio.ae@7bab266
11-22 19:45:10.044   301  9703 I chatty  : uid=1013(media) /system/bin/mediaserver expire 33 lines
11-22 19:45:10.049  6081  6182 I MicrophoneInputStream: mic_started com.google.android.apps.gsa.speech.audio.ae@7bab266
11-22 19:45:10.082  1789  3015 I ActivityManager: Start proc 9704:com.android.packageinstaller/u0a87 for activity com.android.packageinstaller/.UninstallerActivity
11-22 19:45:10.093   258   712 I SFPerfTracer:      triggers: (rate: 0:0) (0 sw vsyncs) (0 skipped) (81:3084 vsyncs) (83:4335)
11-22 19:45:10.129  9704  9704 W System  : ClassLoader referenced unknown path: /system/priv-app/GooglePackageInstaller/lib/arm
11-22 19:45:10.146  6081  6081 I MicroDetectionWorker: onReady
11-22 19:45:10.172  9704  9716 D OpenGLRenderer: Use EGL_SWAP_BEHAVIOR_PRESERVED: true
11-22 19:45:10.217  9704  9716 I Adreno-EGL: <qeglDrvAPI_eglInitialize:379>: EGL 1.4 QUALCOMM build:  (Ifd751822f5)
11-22 19:45:10.217  9704  9716 I Adreno-EGL: OpenGL ES Shader Compiler Version: XE031.06.00.05
11-22 19:45:10.217  9704  9716 I Adreno-EGL: Build Date: 01/26/16 Tue
11-22 19:45:10.217  9704  9716 I Adreno-EGL: Local Branch: AU12_SBA
11-22 19:45:10.217  9704  9716 I Adreno-EGL: Remote Branch: 
11-22 19:45:10.217  9704  9716 I Adreno-EGL: Local Patches: 
11-22 19:45:10.217  9704  9716 I Adreno-EGL: Reconstruct Branch: 
11-22 19:45:10.218  9704  9716 I OpenGLRenderer: Initialized EGL, version 1.4
11-22 19:45:10.288  1789  1808 I LaunchCheckinHandler: Displayed com.android.packageinstaller/.UninstallerActivity,cp,ca,217
11-22 19:45:10.288  1789  1808 I ActivityManager: Displayed com.android.packageinstaller/.UninstallerActivity: +217ms
11-22 19:45:10.943  1789  3062 V MotorolaSettingsProvider: getSecureSetting(aov_google_now_component_name, 0)
11-22 19:45:10.945  1789  6283 I ActivityManager: START u0 {act=android.intent.action.VIEW cmp=com.android.packageinstaller/.UninstallAppProgress (has extras)} from uid 10087 on display 0
11-22 19:45:10.948   301   791 E soundtrigger: audio_extn_sound_trigger_set_parameters: str_params NULL
11-22 19:45:10.966  6081  6092 W SearchService: Abort, client detached.
11-22 19:45:10.969   301   791 D audio_hw_primary: start_output_stream: enter: stream(0xb79817f8)usecase(0: deep-buffer-playback) devices(0x2)
11-22 19:45:10.969   301   791 V msm8916_platform: platform_get_output_snd_device: enter: output devices(0x2)
11-22 19:45:10.969   301   791 V msm8916_platform: platform_get_output_snd_device: exit: snd_device(speaker)
11-22 19:45:10.969   301   791 V msm8916_platform: platform_get_input_snd_device: enter: out_device(0) in_device(0x4)
11-22 19:45:10.969   301   791 V msm8916_platform: platform_get_input_snd_device: exit: in_snd_device(voice-rec-mic)
11-22 19:45:10.969   301   791 D audio_hw_primary: select_devices: out_snd_device(2: speaker) in_snd_device(0: )
11-22 19:45:10.969   301   791 D hardware_info: hw_info_append_hw_type : device_name = speaker
11-22 19:45:10.971   301   791 W audio_hw_utils: audio_extn_utils_update_stream_app_type_cfg: App type could not be selected. Falling back to default
11-22 19:45:10.971   301   791 I audio_hw_primary: select_devices Selected apptype: 69936
11-22 19:45:10.971   301   791 E audio_hw_dolby: audio_extn_dolby_ds2_set_endpoint: Dolby set endpint :0x2
11-22 19:45:10.971   301   791 V msm8916_platform: platform_get_output_snd_device: enter: output devices(0x2)
11-22 19:45:10.971   301   791 V msm8916_platform: platform_get_output_snd_device: exit: snd_device(speaker)
11-22 19:45:10.971   301   791 V msm8916_platform: platform_send_audio_calibration: sending audio calibration for snd_device(2) acdb_id(15)
11-22 19:45:10.971   301   791 D ACDB-LOADER: ACDB -> send_audio_cal, acdb_id = 15, path =  0
11-22 19:45:10.971   301   791 D ACDB-LOADER: ACDB -> send_asm_topology
11-22 19:45:10.971   301   791 D ACDB-LOADER: ACDB -> ACDB_CMD_GET_AUDPROC_STREAM_TOPOLOGY_ID
11-22 19:45:10.971   301   791 D ACDB-LOADER: ACDB -> send_adm_topology
11-22 19:45:10.971   301   791 D ACDB-LOADER: ACDB -> ACDB_CMD_GET_AUDPROC_COMMON_TOPOLOGY_ID
11-22 19:45:10.971   301   791 D ACDB-LOADER: ACDB -> send_audtable
11-22 19:45:10.971   301   791 D ACDB-LOADER: ACDB -> ACDB_CMD_GET_AUDPROC_COMMON_TABLE
11-22 19:45:10.972   301   791 D ACDB-LOADER: ACDB -> AUDIO_SET_AUDPROC_CAL
11-22 19:45:10.972   301   791 D ACDB-LOADER: ACDB -> send_audvoltable
11-22 19:45:10.972   301   791 D ACDB-LOADER: ACDB -> ACDB_CMD_GET_AUDPROC_GAIN_DEP_STEP_TABLE
11-22 19:45:10.972   301   791 D ACDB-LOADER: ACDB -> AUDIO_SET_AUDPROC_VOL_CAL
11-22 19:45:10.972   301   791 D ACDB-LOADER: ACDB -> send_afe_cal
11-22 19:45:10.972   301   791 D ACDB-LOADER: ACDB -> ACDB_CMD_GET_AFE_COMMON_TABLE
11-22 19:45:10.972   301   791 D         : Failed to fetch the lookup information of the device 0000000F 
11-22 19:45:10.972   301   791 D ACDB-LOADER: ACDB -> AUDIO_SET_AFE_CAL
11-22 19:45:10.972   301   791 D ACDB-LOADER: ACDB -> send_hw_delay : acdb_id = 15 path = 0
11-22 19:45:10.972   301   791 D ACDB-LOADER: ACDB -> ACDB_AVSYNC_INFO: ACDB_CMD_GET_DEVICE_PROPERTY
11-22 19:45:10.972   301   791 I audio_hw_utils: audio_extn_utils_send_app_type_cfg app_type 69936, acdb_dev_id 15, sample_rate 48000
11-22 19:45:10.974   301   791 D audio_hw_primary: select_devices: done
11-22 19:45:10.980  6081  6081 I MicroDetector: Keeping mic open: false
11-22 19:45:10.980  6081  6259 I DeviceStateChecker: DeviceStateChecker cancelled
11-22 19:45:10.981  6081  6186 I AudioController: internalShutdown
11-22 19:45:10.981  6081  6186 I MicrophoneInputStream: mic_close com.google.android.apps.gsa.speech.audio.ae@7bab266
11-22 19:45:10.981  6081  6243 I MicroRecognitionRunner: Stopping hotword detection.
11-22 19:45:10.981  6081  6182 E AudioRecord-JNI: Error -4 during AudioRecord native read
11-22 19:45:10.991   301  9703 D audio_hw_primary: in_set_parameters: enter: kvpairs=routing=0
11-22 19:45:10.991   301  9703 D audio_hw_primary: in_standby: enter: stream (0xb7af0910) usecase(7: audio-record)
11-22 19:45:10.998   301   791 D AudioFlinger: mixer(0xb4301008) throttle end: throttle time(40)
11-22 19:45:11.009  1789  1803 I ActivityManager: Force stopping SeniorenApp.SeniorenApp appid=10142 user=-1: uninstall pkg
11-22 19:45:11.019  3647  3647 I MemoryTrimmer: Trimming objects from memory, since app is in the background.
11-22 19:45:11.037   301  9703 D hardware_info: hw_info_append_hw_type : device_name = voice-rec-mic
11-22 19:45:11.040   301  2632 D audio_hw_primary: adev_close_input_stream: enter:stream_handle(0xb7af0910)
11-22 19:45:11.040   301  2632 D audio_hw_primary: in_standby: enter: stream (0xb7af0910) usecase(7: audio-record)
11-22 19:45:11.041  6081  9590 I MicroRecognitionRunner: Detection finished
11-22 19:45:11.163  1789  1814 I art     : Starting a blocking GC Explicit
11-22 19:45:11.236  1789  1808 I LaunchCheckinHandler: Displayed com.android.packageinstaller/.UninstallAppProgress,wp,ca,272
11-22 19:45:11.236  1789  1808 I ActivityManager: Displayed com.android.packageinstaller/.UninstallAppProgress: +272ms
11-22 19:45:11.254  3721  4127 W GeofencerStateMachine: Ignoring removeGeofence because network location is disabled.
11-22 19:45:11.259  1789  1814 I art     : Explicit concurrent mark sweep GC freed 57091(3MB) AllocSpace objects, 9(324KB) LOS objects, 19% free, 19MB/24MB, paused 2.330ms total 95.824ms
11-22 19:45:11.264  1789  1814 W PackageManager: Couldn't remove dex file for package:  at location /data/app/SeniorenApp.SeniorenApp-1/base.apk, retcode=-1
11-22 19:45:11.267  3721  4127 W GeofencerStateMachine: Ignoring removeGeofence because network location is disabled.
11-22 19:45:11.283  1789  1814 I ActivityManager: Start proc 9724:com.android.defcontainer/u0a10 for service com.android.defcontainer/.DefaultContainerService
11-22 19:45:11.304  1789  1814 I ActivityManager: Force stopping SeniorenApp.SeniorenApp appid=10142 user=0: pkg removed
11-22 19:45:11.306  1789  1814 I ActivityManager: moveHomeStack, setupComplete:true
11-22 19:45:11.342  3721  4127 W GeofencerStateMachine: Ignoring removeGeofence because network location is disabled.
11-22 19:45:11.371  9350  9738 D VoicemailCleanupService: Cleaning up data for package: SeniorenApp.SeniorenApp
11-22 19:45:11.375  9704  9716 V RenderScript: 0xb934cd90 Launching thread(s), CPUs 4
11-22 19:45:11.377  1789  2916 I InputReader: Reconfiguring input devices.  changes=0x00000010
11-22 19:45:11.383  3627  3627 D CarrierServiceBindHelper: Receive action: android.intent.action.PACKAGE_REMOVED
11-22 19:45:11.410  1789  3062 I ActivityManager: Start proc 9743:com.android.keychain/1000 for broadcast com.android.keychain/.KeyChainBroadcastReceiver
11-22 19:45:11.443  9743  9743 W System  : ClassLoader referenced unknown path: /system/app/KeyChain/lib/arm
11-22 19:45:11.447  9743  9743 W ContextImpl: Calling a method in the system process without a qualified user: android.app.ContextImpl.startService:1221 android.content.ContextWrapper.startService:581 android.content.ContextWrapper.startService:581 com.android.keychain.KeyChainBroadcastReceiver.onReceive:12 android.app.ActivityThread.handleReceiver:2743 
11-22 19:45:11.451  1789  1789 D JobSchedulerService: Receieved: android.intent.action.PACKAGE_REMOVED
11-22 19:45:11.468  1789  3015 I ActivityManager: Start proc 9758:com.google.android.apps.docs/u0a63 for broadcast com.google.android.apps.docs/.receivers.AppPackageAddRemoveReceiver
11-22 19:45:11.509  6081  6092 I AttachedClient: Adding client event 2 to pending list.
11-22 19:45:11.516  6081  6091 I art     : Background sticky concurrent mark sweep GC freed 14982(834KB) AllocSpace objects, 4(1392KB) LOS objects, 17% free, 13MB/16MB, paused 5.119ms total 42.149ms
11-22 19:45:11.531  1789  1799 I ActivityManager: Killing 9462:com.motorola.genie/u0a21 (adj 15): empty #7
11-22 19:45:11.596  6081  6081 I OptInState: There is a new client and it does not support opt-in. Dropping request.
11-22 19:45:11.597  6081  6081 I MicroDetectionWorker: Micro detection mode: [mDetectionMode: [1]].
11-22 19:45:11.605  6081  6166 I MicroRecognitionRunner: Starting detection.
11-22 19:45:11.606  6081  9721 I MicrophoneInputStream: mic_starting com.google.android.apps.gsa.speech.audio.ae@c9cb43f
11-22 19:45:11.607   301   301 D audio_hw_primary: adev_open_input_stream: enter: sample_rate(16000) channel_mask(0x10) devices(0x80000004)        stream_handle(0xb7af0910) io_handle(102)
11-22 19:45:11.608   301  9771 I AudioFlinger: AudioFlinger's thread 0xb7a38e20 ready to run
11-22 19:45:11.608   301  9771 D audio_hw_primary: in_standby: enter: stream (0xb7af0910) usecase(7: audio-record)
11-22 19:45:11.612   301  9771 D audio_hw_primary: in_standby: enter: stream (0xb7af0910) usecase(7: audio-record)
11-22 19:45:11.614  6081  6081 V ConnectivityManager: isActiveNetworkMetered() returns:false
11-22 19:45:11.618   301  9771 D audio_hw_primary: in_set_parameters: enter: kvpairs=input_source=6;routing=-2147483644
11-22 19:45:11.620  6081  9721 I MicrophoneInputStream: mic_started com.google.android.apps.gsa.speech.audio.ae@c9cb43f
11-22 19:45:11.628   301  9771 V msm8916_platform: platform_update_usecase_from_source: input source :6
11-22 19:45:11.628   301  9771 D audio_hw_primary: start_input_stream: enter: stream(0xb7af0910)usecase(7: audio-record)
11-22 19:45:11.629   301  9771 V msm8916_platform: platform_get_input_snd_device: enter: out_device(0) in_device(0x4)
11-22 19:45:11.629   301  9771 V msm8916_platform: platform_get_input_snd_device: exit: in_snd_device(voice-rec-mic)
11-22 19:45:11.629   301  9771 D audio_hw_primary: select_devices: out_snd_device(0: ) in_snd_device(64: voice-rec-mic)
11-22 19:45:11.629   301  9771 D hardware_info: hw_info_append_hw_type : device_name = voice-rec-mic
11-22 19:45:11.630   301  9771 E audio_hw_dolby: audio_extn_dolby_ds2_set_endpoint: Dolby set endpint :0x2
11-22 19:45:11.630   301  9771 V msm8916_platform: platform_get_input_snd_device: enter: out_device(0x2) in_device(0x4)
11-22 19:45:11.630   301  9771 V msm8916_platform: platform_get_input_snd_device: exit: in_snd_device(voice-rec-mic)
11-22 19:45:11.630   301  9771 V msm8916_platform: platform_send_audio_calibration: sending audio calibration for snd_device(64) acdb_id(4)
11-22 19:45:11.630   301  9771 D ACDB-LOADER: ACDB -> send_audio_cal, acdb_id = 4, path =  1
11-22 19:45:11.630   301  9771 D ACDB-LOADER: ACDB -> send_asm_topology
11-22 19:45:11.630   301  9771 D ACDB-LOADER: ACDB -> ACDB_CMD_GET_AUDPROC_STREAM_TOPOLOGY_ID
11-22 19:45:11.630   301  9771 D ACDB-LOADER: ACDB -> send_adm_topology
11-22 19:45:11.630   301  9771 D ACDB-LOADER: ACDB -> ACDB_CMD_GET_AUDPROC_COMMON_TOPOLOGY_ID
11-22 19:45:11.630   301  9771 D ACDB-LOADER: ACDB -> send_audtable
11-22 19:45:11.630   301  9771 D ACDB-LOADER: ACDB -> ACDB_CMD_GET_AUDPROC_COMMON_TABLE
11-22 19:45:11.630   301  9771 D ACDB-LOADER: ACDB -> AUDIO_SET_AUDPROC_CAL
11-22 19:45:11.630   301  9771 D ACDB-LOADER: ACDB -> send_audvoltable
11-22 19:45:11.630   301  9771 D ACDB-LOADER: ACDB -> ACDB_CMD_GET_AUDPROC_GAIN_DEP_STEP_TABLE
11-22 19:45:11.630   301  9771 D         : Failed to fetch the lookup information of the device 00000004 
11-22 19:45:11.631   301  9771 E ACDB-LOADER: Error: ACDB AudProc vol returned = -19
11-22 19:45:11.631   301  9771 D ACDB-LOADER: ACDB -> AUDIO_SET_AUDPROC_VOL_CAL
11-22 19:45:11.631   301  9771 D ACDB-LOADER: ACDB -> send_afe_cal
11-22 19:45:11.631   301  9771 D ACDB-LOADER: ACDB -> ACDB_CMD_GET_AFE_COMMON_TABLE
11-22 19:45:11.631   301  9771 D         : Failed to fetch the lookup information of the device 00000004 
11-22 19:45:11.631   301  9771 D ACDB-LOADER: ACDB -> AUDIO_SET_AFE_CAL
11-22 19:45:11.631   301  9771 D ACDB-LOADER: ACDB -> send_hw_delay : acdb_id = 4 path = 1
11-22 19:45:11.631   301  9771 D ACDB-LOADER: ACDB -> ACDB_AVSYNC_INFO: ACDB_CMD_GET_DEVICE_PROPERTY
11-22 19:45:11.631   301  9771 D audio_hw_primary: select_devices: done
11-22 19:45:11.718  6081  6081 I MicroDetectionWorker: onReady
11-22 19:45:11.824  9758  9777 I GAv4    : Google Analytics 8.4.87 is starting up. To enable debug logging on a device run:
11-22 19:45:11.824  9758  9777 I GAv4    :   adb shell setprop log.tag.GAv4 DEBUG
11-22 19:45:11.824  9758  9777 I GAv4    :   adb logcat -s GAv4
11-22 19:45:11.846  9758  9777 W GAv4    : AnalyticsReceiver is not registered or is disabled. Register the receiver for reliable dispatching on non-Google Play devices. See http://goo.gl/8Rd3yj for instructions.
11-22 19:45:11.852  9758  9777 W GAv4    : CampaignTrackingReceiver is not registered, not exported or is disabled. Installation campaign tracking is not possible. See http://goo.gl/8Rd3yj for instructions.
11-22 19:45:11.868  9758  9780 W GAv4    : AnalyticsService not registered in the app manifest. Hits might not be delivered reliably. See http://goo.gl/8Rd3yj for instructions.
11-22 19:45:11.891  9781  9781 E NEW_BHD : Battery Power Supply logging Daemon start!!!!!
11-22 19:45:11.892  9781  9781 E NEW_BHD : Cannot run on production devices!
11-22 19:45:11.916   258   258 I SFPerfTracer:      triggers: (rate: 6:404) (compose: 1:20) (post: 0:10) (render: 1:32) (11:3134 frames) (12:4082)
11-22 19:45:11.916   258   258 D SFPerfTracer:        layers: (5:15) (FocusedStackFrame (0xb8efb238): 0:125)* (StatusBar (0xb8efd408): 1:606) (com.android.systemui.ImageWallpaper (0xb8eef4b8): 0:23) (Sprite (0xb8e66928): 0:1177)* (Sprite (0xb8ebf820): 0:475)* (NavigationBar (0xb8ea45d0): 0:113) (com.google.android.googlequicksearchbox/com.google.android.launcher.GEL (0xb8eead68): 1:211) (DimLayer (0xb8e64d40): 0:22)* (DimLayer (0xb8ea2420): 0:2)* (com.android.packageinstaller/com.android.packageinstaller.UninstallerActivity (0xb8eb9238): 0:27)- (com.android.packageinstaller/com.android.packageinstaller.UninstallerActivity (0xb8eb7418): 0:5)- (com.android.packageinstaller/com.android.packageinstaller.UninstallAppProgress (0xb8effe98): 11:33)* (Toast (0xb8f03d18): 12:31) 
11-22 19:45:12.015  3647  3960 W OpenGLRenderer: Incorrectly called buildLayer on View: ShortcutAndWidgetContainer, destroying layer...
11-22 19:45:12.015  3647  3960 W OpenGLRenderer: Incorrectly called buildLayer on View: ShortcutAndWidgetContainer, destroying layer...
11-22 19:45:12.075  1789  3062 I ActivityManager: Killing 9296:com.android.vending/u0a36 (adj 15): empty #7
11-22 19:45:12.126   258   712 I SFPerfTracer:      triggers: (rate: 0:0) (0 sw vsyncs) (0 skipped) (0:3171 vsyncs) (2:4436)
11-22 19:45:12.168  5963  9795 I LocationSettingsChecker: Removing dialog suppression flag for package SeniorenApp.SeniorenApp
11-22 19:45:12.174  3721  4075 E NetworkScheduler.SR: Invalid parameter app
11-22 19:45:12.174  3721  4075 E NetworkScheduler.SR: Invalid package name : Perhaps you didn't include a PendingIntent in the extras?
11-22 19:45:12.188  5963  5963 E ChimeraRcvrProxy: Can't find Chimera receiver impl class com.google.android.gms.games.GamesBroadcastReceiverStub
11-22 19:45:12.188  5963  5963 E ChimeraRcvrProxy: com.google.android.gms.games.chimera.GamesSystemBroadcastReceiverProxy dropping broadcast android.intent.action.PACKAGE_REMOVED
11-22 19:45:12.194  3721  4612 V ConnectivityManager: isActiveNetworkMetered() returns:false
11-22 19:45:12.217  1789  1800 I ActivityManager: Start proc 9804:com.android.vending/u0a36 for broadcast com.android.vending/com.google.android.finsky.receivers.PackageMonitorReceiver$RegisteredReceiver
11-22 19:45:12.242  5963  6042 I Icing   : doRemovePackageData SeniorenApp.SeniorenApp
11-22 19:45:12.277  9804  9804 W System  : ClassLoader referenced unknown path: /data/app/com.android.vending-1/lib/arm
11-22 19:45:12.324  1789  3779 I ActivityManager: Start proc 9822:com.google.process.gapps/u0a17 for content provider com.google.android.gsf/.gservices.GservicesProvider
11-22 19:45:12.350  5963  9819 W IcingInternalCorpora: getNumBytesRead when not calculated.
11-22 19:45:12.353  5963  6062 I Icing   : Usage reports 0 indexed 0 rejected 0 imm upload false
11-22 19:45:12.356  9822  9822 W System  : ClassLoader referenced unknown path: /system/priv-app/GoogleServicesFramework/lib/arm
11-22 19:45:12.362  9822  9822 I GservicesProvider: Gservices pushing to system: true; secure/global: true
11-22 19:45:12.368  5963  6062 I Icing   : Usage reports 0 indexed 0 rejected 0 imm upload false
11-22 19:45:12.417  9822  9822 I GoogleHttpClient: GMS http client unavailable, use old client
11-22 19:45:12.537  9804  9804 I Finsky  : [1] com.google.android.finsky.services.DailyHygiene.a(238): No need to run daily hygiene.
11-22 19:45:12.547  9804  9804 W Settings: Setting download_manager_max_bytes_over_mobile has moved from android.provider.Settings.Secure to android.provider.Settings.Global.
11-22 19:45:12.548  9804  9804 W Settings: Setting download_manager_recommended_max_bytes_over_mobile has moved from android.provider.Settings.Secure to android.provider.Settings.Global.
11-22 19:45:12.566  9804  9804 I Finsky  : [1] com.google.android.finsky.utils.bm.a(175): Enabling bucket experiment: factor=2.000, zeroDelta=0ms, forceNetwork=false
11-22 19:45:12.592  9804  9804 I Finsky  : [1] com.google.android.finsky.wear.WearSupportService.a(307): Wear auto uninstall disabled for package SeniorenApp.SeniorenApp
11-22 19:45:12.613  1789  4627 I ActivityManager: Start proc 9860:com.motorola.motodisplay/u0a31 for broadcast com.motorola.motodisplay/.events.EventReceiver
11-22 19:45:12.617  9804  9804 V ConnectivityManager: isActiveNetworkMetered() returns:false
11-22 19:45:12.618  9804  9804 I Finsky  : [1] com.google.android.finsky.installer.z.a(1287): Installer kick - no action, not running yet
11-22 19:45:12.623  9804  9859 V GoogleSignatureVerifier: com.google.android.gms signature not valid.  Found: 
11-22 19:45:12.623  9804  9859 V GoogleSignatureVerifier: MIIEQzCCAyugAwIBAgIJAMLgh0ZkSjCNMA0GCSqGSIb3DQEBBAUAMHQxCzAJBgNVBAYTAlVTMRMw
11-22 19:45:12.623  9804  9859 V GoogleSignatureVerifier: EQYDVQQIEwpDYWxpZm9ybmlhMRYwFAYDVQQHEw1Nb3VudGFpbiBWaWV3MRQwEgYDVQQKEwtHb29n
11-22 19:45:12.623  9804  9859 V GoogleSignatureVerifier: bGUgSW5jLjEQMA4GA1UECxMHQW5kcm9pZDEQMA4GA1UEAxMHQW5kcm9pZDAeFw0wODA4MjEyMzEz
11-22 19:45:12.623  9804  9859 V GoogleSignatureVerifier: MzRaFw0zNjAxMDcyMzEzMzRaMHQxCzAJBgNVBAYTAlVTMRMwEQYDVQQIEwpDYWxpZm9ybmlhMRYw
11-22 19:45:12.623  9804  9859 V GoogleSignatureVerifier: FAYDVQQHEw1Nb3VudGFpbiBWaWV3MRQwEgYDVQQKEwtHb29nbGUgSW5jLjEQMA4GA1UECxMHQW5k
11-22 19:45:12.623  9804  9859 V GoogleSignatureVerifier: cm9pZDEQMA4GA1UEAxMHQW5kcm9pZDCCASAwDQYJKoZIhvcNAQEBBQADggENADCCAQgCggEBAKtW
11-22 19:45:12.623  9804  9859 V GoogleSignatureVerifier: LgDYO6IIrgqWbxJOKdoR8qtW0I9Y4sypEwPpt1TTcvZApxsdyxMJZ2JORland2qSGT2y5b+3JKke
11-22 19:45:12.623  9804  9859 V GoogleSignatureVerifier: dxiLDmpHpDsz2WCbdxgxRczfey5YZnTJ4VZbH0xqWVW/8lGmPav5xVwnIiJS6HXk+BVKZF+JcWjA
11-22 19:45:12.623  9804  9859 V GoogleSignatureVerifier: sb/GEuq/eFdpuzSqeYTcfi6idkyugwfYwXFU1+5fZKUaRKYCwkkFQVfcAs1fXA5V+++FGfvjJ/Cx
11-22 19:45:12.623  9804  9859 V GoogleSignatureVerifier: URaSxaBvGdGDhfXE28LWuT9ozCl5xw4Yq5OGazvV24mZVSoOO0yZ31j7kYvtwYK6NeADwbSxDdJE
11-22 19:45:12.623  9804  9859 V GoogleSignatureVerifier: qO4k//0zOHKrUiGYXtqw/A0LFFtqoZKFjnkCAQOjgdkwgdYwHQYDVR0OBBYEFMd9jMIhF1Ylmn/T
11-22 19:45:12.623  9804  9859 V GoogleSignatureVerifier: gt9r45jk14alMIGmBgNVHSMEgZ4wgZuAFMd9jMIhF1Ylmn/Tgt9r45jk14aloXikdjB0MQswCQYD
11-22 19:45:12.623  9804  9859 V GoogleSignatureVerifier: VQQGEwJVUzETMBEGA1UECBMKQ2FsaWZvcm5pYTEWMBQGA1UEBxMNTW91bnRhaW4gVmlldzEUMBIG
11-22 19:45:12.623  9804  9859 V GoogleSignatureVerifier: A1UEChMLR29vZ2xlIEluYy4xEDAOBgNVBAsTB0FuZHJvaWQxEDAOBgNVBAMTB0FuZHJvaWSCCQDC
11-22 19:45:12.623  9804  9859 V GoogleSignatureVerifier: 4IdGZEowjTAMBgNVHRMEBTADAQH/MA0GCSqGSIb3DQEBBAUAA4IBAQBt0lLO74UwLDYKqs6Tm8/y
11-22 19:45:12.623  9804  9859 V GoogleSignatureVerifier: zKkEu116FmH4rkaymUIE0P9KaMftGlMexFlaYjzmB2OxZyl6euNXEsQH8gjwyxCUKRJNexBiGcCE
11-22 19:45:12.623  9804  9859 V GoogleSignatureVerifier: yj6z+a1fuHHvkiaai+KL8W1EyNmgjmyy8AW7P+LLlkR+ho5zEHatRbM/YAnqGcFh5iZBqpknHf1S
11-22 19:45:12.623  9804  9859 V GoogleSignatureVerifier: KMXFh4dd239FJ1jWYfbMDMy3NS5CTMQ2XFI1MvcyUTdZPErjQfTbQe3aDQsQcafEQPD+nqActifK
11-22 19:45:12.623  9804  9859 V GoogleSignatureVerifier: Z0Np0IS9L9kR/wbNvyz6ENwPiTrjV2KRkEjH78ZMcUQXg0L3BYHJ3lc69Vs5Ddf9uUGGMYldX3Wf
11-22 19:45:12.623  9804  9859 V GoogleSignatureVerifier: MBEmh/9iFBDAaTCK
11-22 19:45:12.641  9804  9804 I Finsky  : [1] com.google.android.finsky.l.j.run(206): Loaded library for account: [O5b93iWPRJWMt5XSH4CsYLB7_D8]
11-22 19:45:12.641  9804  9804 I Finsky  : [1] com.google.android.finsky.l.j.run(212): Finished loading 1 libraries.
11-22 19:45:12.661  3721  3721 I WearableService: Wear is not allowed to run on this device. Not starting Wear service.
11-22 19:45:12.665  9804  9804 I Finsky  : [1] com.google.android.finsky.c.l.a(250): result=false type=4
11-22 19:45:12.673  9860  9860 D MD.MDApplication: Proxy Initialization check Successful
11-22 19:45:12.676  9860  9860 E MD.DeviceInfo: Unable to determine sensor hub type
11-22 19:45:12.687  9804  9804 I Finsky  : [1] com.google.android.finsky.services.bd.a(1069): Restore complete with 0 success and 0 failed.
11-22 19:45:12.707  9804  9804 E Finsky  : [1] com.google.android.finsky.wear.bp.a(843): onConnectionFailed: ConnectionResult{statusCode=API_UNAVAILABLE, resolution=null, message=null}
11-22 19:45:12.707  9804  9804 I Finsky  : [1] com.google.android.finsky.wear.an.run(2399): Dropping command=send_installed_apps due to Gms not connected
11-22 19:45:12.716  9804  9804 I Finsky  : [1] com.google.android.finsky.wear.an.run(2399): Dropping command=send_installed_apps due to Gms not connected
11-22 19:45:12.732  1789  1789 I ActivityManager: Start proc 9879:com.android.documentsui/u0a62 for broadcast com.android.documentsui/.PackageReceiver
11-22 19:45:12.739  6081  9878 I AppIncrementalLogger: logEvent(): Logged 93 bytes in 30 ms
11-22 19:45:12.741  6081  9878 I UpdateIcingCorporaServi: Updating corpora: APPS=SeniorenApp.SeniorenApp, CONTACTS=MAYBE
11-22 19:45:12.794  9879  9879 W System 