12-03 13:09:51.331  1789  2956 I chatty  : uid=1000(system) ConnectivitySer expire 7 lines
12-03 13:09:51.902   259   706 I chatty  : uid=1000(system) EventThread expire 44 lines
12-03 13:10:00.001  1789  2902 I chatty  : uid=1000(system) AlarmManager expire 14 lines
12-03 13:10:00.008  1789  1803 I chatty  : uid=1000(system) ActivityManager expire 2 lines
12-03 13:10:00.130  1789  4628 I chatty  : uid=1000(system) Binder_9 expire 2 lines
12-03 13:10:00.130  1789  1789 I chatty  : uid=1000 system_server expire 14 lines
12-03 13:11:30.408  1789  3018 I chatty  : uid=1000(system) Binder_3 expire 1 line
12-03 13:11:30.671  1789  1808 I chatty  : uid=1000(system) android.display expire 2 lines
12-03 13:13:54.878  1789  2955 I chatty  : uid=1000(system) WifiService expire 1 line
12-03 13:13:54.888  1789  3510 I chatty  : uid=1000(system) Binder_5 expire 2 lines
12-03 13:13:54.894  1789  3692 I chatty  : uid=1000(system) Binder_6 expire 1 line
12-03 13:13:54.912  1789  3724 I chatty  : uid=1000(system) Binder_8 expire 1 line
12-03 13:13:54.920  5564  5564 I ActivityThread: Removing dead content provider:android.content.ContentProviderProxy@3edea3b
12-03 13:13:55.679   259   706 I chatty  : uid=1000(system) EventThread expire 14 lines
12-03 13:14:07.789   259   259 I chatty  : uid=1000(system) /system/bin/surfaceflinger expire 60 lines
12-03 13:16:18.687   259   706 I chatty  : uid=1000(system) EventThread expire 10 lines
12-03 13:16:32.997  1789  2916 I chatty  : uid=1000(system) InputDispatcher expire 4 lines
12-03 13:16:33.245  1789  1808 I chatty  : uid=1000(system) android.display expire 11 lines
12-03 13:16:33.800  1789  3019 I chatty  : uid=1000(system) Binder_4 expire 1 line
12-03 13:16:34.759  1789  5592 I chatty  : uid=1000(system) Binder_B expire 10 lines
12-03 13:16:35.057  1789  1800 I chatty  : uid=1000(system) Binder_2 expire 7 lines
12-03 13:16:35.058  1789  3510 I chatty  : uid=1000(system) Binder_5 expire 7 lines
12-03 13:16:35.058  1789  2956 I chatty  : uid=1000(system) ConnectivitySer expire 11 lines
12-03 13:16:35.559  1789  4628 I chatty  : uid=1000(system) Binder_9 expire 5 lines
12-03 13:16:37.663  1789  8867 I chatty  : uid=1000(system) Binder_D expire 3 lines
12-03 13:16:40.995  1789  8868 I chatty  : uid=1000(system) Binder_E expire 5 lines
12-03 13:16:43.843  1789  2902 I chatty  : uid=1000(system) AlarmManager expire 11 lines
12-03 13:16:43.847  1789  1789 I chatty  : uid=1000 system_server expire 12 lines
12-03 13:16:55.585  1789  3693 I chatty  : uid=1000(system) Binder_7 expire 1 line
12-03 13:16:56.957  1789  5593 I chatty  : uid=1000(system) Binder_C expire 4 lines
12-03 13:16:57.028  1789  3692 I chatty  : uid=1000(system) Binder_6 expire 6 lines
12-03 13:17:03.756   309  1753 E NetlinkEvent: NetlinkEvent::FindParam(): Parameter 'UID' not found
12-03 13:17:04.912   259   259 I chatty  : uid=1000(system) /system/bin/surfaceflinger expire 10 lines
12-03 13:17:23.717   309  1753 E NetlinkEvent: NetlinkEvent::FindParam(): Parameter 'UID' not found
12-03 13:17:38.757   309  1753 E NetlinkEvent: NetlinkEvent::FindParam(): Parameter 'UID' not found
12-03 13:18:45.711  1789  2917 I chatty  : uid=1000(system) InputReader expire 1 line
12-03 13:18:46.341   259   706 I chatty  : uid=1000(system) EventThread expire 7 lines
12-03 13:18:46.502  1789  1811 I chatty  : uid=1000(system) PowerManagerSer expire 9 lines
12-03 13:18:46.502  1789  1805 I chatty  : uid=1000(system) android.fg expire 7 lines
12-03 13:18:47.359  3011  3011 D StatusBarKeyguardViewManager: showKeyguard, but hide Bouncer
12-03 13:19:17.887   309  1753 E NetlinkEvent: NetlinkEvent::FindParam(): Parameter 'UID' not found
12-03 13:19:25.200  1789  2902 I chatty  : uid=1000(system) AlarmManager expire 13 lines
12-03 13:19:26.378  1789  1799 I chatty  : uid=1000(system) Binder_1 expire 2 lines
12-03 13:19:37.219  3011  3011 D StatusBarKeyguardViewManager: showKeyguard, but hide Bouncer
12-03 13:19:37.234  1789  1789 I chatty  : uid=1000 system_server expire 10 lines
12-03 13:19:37.329  1789  1808 I chatty  : uid=1000(system) android.display expire 4 lines
12-03 13:19:38.436  1789  3018 I chatty  : uid=1000(system) Binder_3 expire 1 line
12-03 13:19:41.322  1789  1803 I chatty  : uid=1000(system) ActivityManager expire 8 lines
12-03 13:19:41.507  1789  2956 I chatty  : uid=1000(system) ConnectivitySer expire 4 lines
12-03 13:19:41.634 21855 21855 I chatty  : uid=1000(system) expire 1 line
12-03 13:19:56.175   309  1753 E NetlinkEvent: NetlinkEvent::FindParam(): Parameter 'UID' not found
12-03 13:20:05.509   309  1753 E NetlinkEvent: NetlinkEvent::FindParam(): Parameter 'UID' not found
12-03 13:20:20.576   309  1753 E NetlinkEvent: NetlinkEvent::FindParam(): Parameter 'UID' not found
12-03 13:21:33.675   309  1753 E NetlinkEvent: NetlinkEvent::FindParam(): Parameter 'UID' not found
12-03 13:21:43.333 22068 22068 I chatty  : uid=1000(system) expire 2 lines
12-03 13:21:47.403  3011  3011 D StatusBarKeyguardViewManager: showKeyguard, but hide Bouncer
12-03 13:21:54.536   309  1753 E NetlinkEvent: NetlinkEvent::FindParam(): Parameter 'UID' not found
12-03 13:22:12.541  1789  1789 I chatty  : uid=1000 system_server expire 13 lines
12-03 13:22:13.201   309  1753 E NetlinkEvent: NetlinkEvent::FindParam(): Parameter 'UID' not found
12-03 13:22:28.297   309  1753 E NetlinkEvent: NetlinkEvent::FindParam(): Parameter 'UID' not found
12-03 13:23:47.919  1789  1802 I chatty  : uid=1000(system) android.bg expire 1 line
12-03 13:25:00.002  1789  2902 I chatty  : uid=1000(system) AlarmManager expire 6 lines
12-03 13:26:34.736   259   259 I chatty  : uid=1000(system) /system/bin/surfaceflinger expire 4 lines
12-03 13:26:35.769   309  1753 E NetlinkEvent: NetlinkEvent::FindParam(): Parameter 'UID' not found
12-03 13:26:35.907  1789  1789 I chatty  : uid=1000 system_server expire 6 lines
12-03 13:26:50.855   309  1753 E NetlinkEvent: NetlinkEvent::FindParam(): Parameter 'UID' not found
12-03 13:27:01.197  1789  1814 I chatty  : uid=1000(system) PackageManager expire 6 lines
12-03 13:27:01.629 22308 22308 I chatty  : uid=1000(system) expire 2 lines
12-03 13:27:02.628  1789  5399 I chatty  : uid=1000(system) Binder_A expire 1 line
12-03 13:27:03.840  1789  3724 I chatty  : uid=1000(system) Binder_8 expire 4 lines
12-03 13:27:04.033   309  1753 E NetlinkEvent: NetlinkEvent::FindParam(): Parameter 'UID' not found
12-03 13:27:04.439 22388 22399 D DefContainer: Copying /data/local/tmp/SeniorenApp.SeniorenApp-Signed.apk to base.apk
12-03 13:27:05.645  1789  1800 I chatty  : uid=1000(system) Binder_2 expire 8 lines
12-03 13:27:05.940  1789  3693 I chatty  : uid=1000(system) Binder_7 expire 5 lines
12-03 13:27:06.472  1789  8867 I chatty  : uid=1000(system) Binder_D expire 8 lines
12-03 13:27:06.612  1789  5592 I chatty  : uid=1000(system) Binder_B expire 9 lines
12-03 13:27:07.677  1789  1803 I chatty  : uid=1000(system) ActivityManager expire 10 lines
12-03 13:27:12.469  1789  3692 I chatty  : uid=1000(system) Binder_6 expire 5 lines
12-03 13:27:12.494  1789  3018 I chatty  : uid=1000(system) Binder_3 expire 8 lines
12-03 13:27:15.133  1789  1808 I chatty  : uid=1000(system) android.display expire 10 lines
12-03 13:27:16.029   259   259 I chatty  : uid=1000(system) /system/bin/surfaceflinger expire 15 lines
12-03 13:27:16.171  1789  3019 I chatty  : uid=1000(system) Binder_4 expire 5 lines
12-03 13:27:17.611   259   706 I chatty  : uid=1000(system) EventThread expire 10 lines
12-03 13:27:17.970  1789  2956 I chatty  : uid=1000(system) ConnectivitySer expire 10 lines
12-03 13:27:24.455   309  1753 E NetlinkEvent: NetlinkEvent::FindParam(): Parameter 'UID' not found
12-03 13:27:24.458  1789  1799 I chatty  : uid=1000(system) Binder_1 expire 4 lines
12-03 13:27:25.178  1789  2902 I chatty  : uid=1000(system) AlarmManager expire 10 lines
12-03 13:27:25.190  1789  1789 I chatty  : uid=1000 system_server expire 10 lines
12-03 13:27:38.363  1789  2916 I chatty  : uid=1000(system) InputDispatcher expire 8 lines
12-03 13:27:40.151  1789  3510 I chatty  : uid=1000(system) Binder_5 expire 6 lines
12-03 13:27:41.462  1789  5593 I chatty  : uid=1000(system) Binder_C expire 7 lines
12-03 13:27:48.764   309  1753 E NetlinkEvent: NetlinkEvent::FindParam(): Parameter 'UID' not found
12-03 13:28:03.775   309  1753 E NetlinkEvent: NetlinkEvent::FindParam(): Parameter 'UID' not found
12-03 13:28:09.696  1789  4628 I chatty  : uid=1000(system) Binder_9 expire 4 lines
12-03 13:28:12.098   259   259 I chatty  : uid=1000(system) /system/bin/surfaceflinger expire 10 lines
12-03 13:28:21.306  1789  5399 I chatty  : uid=1000(system) Binder_A expire 5 lines
12-03 13:28:51.132   309  1753 E NetlinkEvent: NetlinkEvent::FindParam(): Parameter 'UID' not found
12-03 13:29:06.216   309  1753 E NetlinkEvent: NetlinkEvent::FindParam(): Parameter 'UID' not found
12-03 13:29:53.694   309  1753 E NetlinkEvent: NetlinkEvent::FindParam(): Parameter 'UID' not found
12-03 13:30:08.697   309  1753 E NetlinkEvent: NetlinkEvent::FindParam(): Parameter 'UID' not found
12-03 13:30:19.211  1789  1802 I chatty  : uid=1000(system) android.bg expire 2 lines
12-03 13:30:20.077   309  1753 E NetlinkEvent: NetlinkEvent::FindParam(): Parameter 'UID' not found
12-03 13:30:20.348  1789  2955 I chatty  : uid=1000(system) WifiService expire 1 line
12-03 13:30:22.550  1789  1811 I chatty  : uid=1000(system) PowerManagerSer expire 4 lines
12-03 13:30:23.247  1789  1805 I chatty  : uid=1000(system) android.fg expire 3 lines
12-03 13:30:23.435  1789  1789 I chatty  : uid=1000 system_server expire 10 lines
12-03 13:30:23.486 23336 23336 I chatty  : uid=1000(system) expire 2 lines
12-03 13:30:27.554  1789  2902 I chatty  : uid=1000(system) AlarmManager expire 13 lines
12-03 13:30:27.645  3011  3011 D StatusBarKeyguardViewManager: showKeyguard, but hide Bouncer
12-03 13:30:51.137   309  1753 E NetlinkEvent: NetlinkEvent::FindParam(): Parameter 'UID' not found
12-03 13:30:53.346   309  1753 E NetlinkEvent: NetlinkEvent::FindParam(): Parameter 'UID' not found
12-03 13:31:08.458   309  1753 E NetlinkEvent: NetlinkEvent::FindParam(): Parameter 'UID' not found
12-03 13:33:00.043  1789  1789 I chatty  : uid=1000 system_server expire 11 lines
12-03 13:33:02.677  1789  1808 I chatty  : uid=1000(system) android.display expire 9 lines
12-03 13:33:04.943   259   259 I chatty  : uid=1000(system) /system/bin/surfaceflinger expire 10 lines
12-03 13:33:06.511   309  1753 E NetlinkEvent: NetlinkEvent::FindParam(): Parameter 'UID' not found
12-03 13:33:08.727  1789  1814 I chatty  : uid=1000(system) PackageManager expire 6 lines
12-03 13:33:09.031  1789  8868 I chatty  : uid=1000(system) Binder_E expire 1 line
12-03 13:33:09.084 23480 23480 I chatty  : uid=1000(system) expire 2 lines
12-03 13:33:11.688 23618 23630 D DefContainer: Copying /data/local/tmp/SeniorenApp.SeniorenApp-Signed.apk to base.apk
12-03 13:33:14.857  1789  1803 I chatty  : uid=1000(system) ActivityManager expire 3 lines
12-03 13:33:26.735   309  1753 E NetlinkEvent: NetlinkEvent::FindParam(): Parameter 'UID' not found
12-03 13:33:28.896  1789  2902 I chatty  : uid=1000(system) AlarmManager expire 3 lines
12-03 13:33:29.906   259   706 I chatty  : uid=1000(system) EventThread expire 2 lines
12-03 13:34:03.754   309  1753 E NetlinkEvent: NetlinkEvent::FindParam(): Parameter 'UID' not found
12-03 13:34:09.803   259   259 I chatty  : uid=1000(system) /system/bin/surfaceflinger expire 2 lines
12-03 13:34:12.134  1789  2956 I chatty  : uid=1000(system) ConnectivitySer expire 12 lines
12-03 13:34:15.476   259   259 I chatty  : uid=1000(system) /system/bin/surfaceflinger expire 12 lines
12-03 13:34:15.779  1789  5593 I chatty  : uid=1000(system) Binder_C expire 6 lines
12-03 13:34:15.853  1789  1808 I chatty  : uid=1000(system) android.display expire 10 lines
12-03 13:34:16.425   259   706 I chatty  : uid=1000(system) EventThread expire 10 lines
12-03 13:34:16.611  1789  5399 I chatty  : uid=1000(system) Binder_A expire 4 lines
12-03 13:34:16.633  1789  3724 I chatty  : uid=1000(system) Binder_8 expire 8 lines
12-03 13:34:17.730  1789  1800 I chatty  : uid=1000(system) Binder_2 expire 10 lines
12-03 13:34:18.775   309  1753 E NetlinkEvent: NetlinkEvent::FindParam(): Parameter 'UID' not found
12-03 13:34:20.859   309  1753 E NetlinkEvent: NetlinkEvent::FindParam(): Parameter 'UID' not found
12-03 13:34:48.815   309  1753 E NetlinkEvent: NetlinkEvent::FindParam(): Parameter 'UID' not found
12-03 13:35:00.001  1789  2902 I chatty  : uid=1000(system) AlarmManager expire 10 lines
12-03 13:35:00.041  1789  1789 I chatty  : uid=1000 system_server expire 10 lines
12-03 13:35:20.762   309  1753 E NetlinkEvent: NetlinkEvent::FindParam(): Parameter 'UID' not found
12-03 13:35:48.775   309  1753 E NetlinkEvent: NetlinkEvent::FindParam(): Parameter 'UID' not found
12-03 13:36:08.685   309  1753 E NetlinkEvent: NetlinkEvent::FindParam(): Parameter 'UID' not found
12-03 13:36:17.422  1789  1811 I chatty  : uid=1000(system) PowerManagerSer expire 7 lines
12-03 13:36:18.138  1789  1805 I chatty  : uid=1000(system) android.fg expire 6 lines
12-03 13:36:18.294  1789  1803 I chatty  : uid=1000(system) ActivityManager expire 11 lines
12-03 13:36:18.348 24267 24267 I chatty  : uid=1000(system) expire 2 lines
12-03 13:36:22.494  3011  3011 D StatusBarKeyguardViewManager: showKeyguard, but hide Bouncer
12-03 13:36:37.738   309  1753 E NetlinkEvent: NetlinkEvent::FindParam(): Parameter 'UID' not found
12-03 13:36:48.255   309  1753 E NetlinkEvent: NetlinkEvent::FindParam(): Parameter 'UID' not found
12-03 13:37:03.337   309  1753 E NetlinkEvent: NetlinkEvent::FindParam(): Parameter 'UID' not found
12-03 13:37:10.744   309  1753 E NetlinkEvent: NetlinkEvent::FindParam(): Parameter 'UID' not found
12-03 13:37:25.778   309  1753 E NetlinkEvent: NetlinkEvent::FindParam(): Parameter 'UID' not found
12-03 13:38:11.407  1789  8868 I chatty  : uid=1000(system) Binder_E expire 4 lines
12-03 13:38:11.409  1789  3018 I chatty  : uid=1000(system) Binder_3 expire 8 lines
12-03 13:38:11.411  1789  1789 I chatty  : uid=1000 system_server expire 10 lines
12-03 13:38:13.713   309  1753 E NetlinkEvent: NetlinkEvent::FindParam(): Parameter 'UID' not found
12-03 13:38:29.735   309  1753 E NetlinkEvent: NetlinkEvent::FindParam(): Parameter 'UID' not found
12-03 13:38:35.750  1789  2902 I chatty  : uid=1000(system) AlarmManager expire 10 lines
12-03 13:38:35.856   309  1753 E NetlinkEvent: NetlinkEvent::FindParam(): Parameter 'UID' not found
12-03 13:38:35.959  1789  3693 I chatty  : uid=1000(system) Binder_7 expire 3 lines
12-03 13:38:38.666  1789  2956 I chatty  : uid=1000(system) ConnectivitySer expire 14 lines
12-03 13:38:51.176   309  1753 E NetlinkEvent: NetlinkEvent::FindParam(): Parameter 'UID' not found
12-03 13:39:00.057  1789  1789 I chatty  : uid=1000 system_server expire 11 lines
12-03 13:39:00.059  1789  3510 I chatty  : uid=1000(system) Binder_5 expire 3 lines
12-03 13:39:18.609  1789  3019 I chatty  : uid=1000(system) Binder_4 expire 3 lines
12-03 13:39:26.631  1789  5592 I chatty  : uid=1000(system) Binder_B expire 3 lines
12-03 13:39:29.937  1789  4628 I chatty  : uid=1000(system) Binder_9 expire 3 lines
12-03 13:39:29.978  1789  8867 I chatty  : uid=1000(system) Binder_D expire 7 lines
12-03 13:40:18.745   309  1753 E NetlinkEvent: NetlinkEvent::FindParam(): Parameter 'UID' not found
12-03 13:40:36.176   309  1753 E NetlinkEvent: NetlinkEvent::FindParam(): Parameter 'UID' not found
12-03 13:41:28.017  1789  2955 I chatty  : uid=1000(system) WifiService expire 1 line
12-03 13:41:28.017   309  1753 E NetlinkEvent: NetlinkEvent::FindParam(): Parameter 'UID' not found
12-03 13:41:28.055   259   259 I chatty  : uid=1000(system) /system/bin/surfaceflinger expire 10 lines
12-03 13:41:28.256 24703 24703 I chatty  : uid=1000(system) expire 2 lines
12-03 13:41:32.392  3011  3011 D StatusBarKeyguardViewManager: showKeyguard, but hide Bouncer
12-03 13:41:43.106   309  1753 E NetlinkEvent: NetlinkEvent::FindParam(): Parameter 'UID' not found
12-03 13:41:45.514  1789  2956 I chatty  : uid=1000(system) ConnectivitySer expire 6 lines
12-03 13:41:46.382  1789  1799 I chatty  : uid=1000(system) Binder_1 expire 2 lines
12-03 13:41:46.482  1789  1789 I chatty  : uid=1000 system_server expire 7 lines
12-03 13:41:50.607  1789  1814 I chatty  : uid=1000(system) PackageManager expire 6 lines
12-03 13:41:50.897  1789  3692 I chatty  : uid=1000(system) Binder_6 expire 6 lines
12-03 13:41:50.976 24812 24812 I chatty  : uid=1000(system) expire 2 lines
12-03 13:41:53.327   309  1753 E NetlinkEvent: NetlinkEvent::FindParam(): Parameter 'UID' not found
12-03 13:41:53.695 24974 24984 D DefContainer: Copying /data/local/tmp/SeniorenApp.SeniorenApp-Signed.apk to base.apk
12-03 13:42:00.000  1789  2902 I chatty  : uid=1000(system) AlarmManager expire 3 lines
12-03 13:42:02.282  1789  1808 I chatty  : uid=1000(system) android.display expire 7 lines
12-03 13:42:08.735   309  1753 E NetlinkEvent: NetlinkEvent::FindParam(): Parameter 'UID' not found
12-03 13:42:10.094   259   259 I chatty  : uid=1000(system) /system/bin/surfaceflinger expire 4 lines
12-03 13:42:10.874  1789  2916 I chatty  : uid=1000(system) InputDispatcher expire 2 lines
12-03 13:42:14.544  1789  1803 I chatty  : uid=1000(system) ActivityManager expire 10 lines
12-03 13:42:19.475   309  1753 E NetlinkEvent: NetlinkEvent::FindParam(): Parameter 'UID' not found
12-03 13:42:38.696   309  1753 E NetlinkEvent: NetlinkEvent::FindParam(): Parameter 'UID' not found
12-03 13:43:00.000  1789  2902 I chatty  : uid=1000(system) AlarmManager expire 10 lines
12-03 13:43:00.054  1789  1789 I chatty  : uid=1000 system_server expire 16 lines
12-03 13:44:10.779   259   706 I chatty  : uid=1000(system) EventThread expire 12 lines
12-03 13:44:13.947  1789  1811 I chatty  : uid=1000(system) PowerManagerSer expire 10 lines
12-03 13:44:14.507  1789  1808 I chatty  : uid=1000(system) android.display expire 10 lines
12-03 13:44:14.677   259   259 I chatty  : uid=1000(system) /system/bin/surfaceflinger expire 14 lines
12-03 13:44:14.680  1789  1805 I chatty  : uid=1000(system) android.fg expire 8 lines
12-03 13:44:14.891 25510 25510 I chatty  : uid=1000(system) expire 2 lines
12-03 13:44:14.908  1789  3018 I chatty  : uid=1000(system) Binder_3 expire 3 lines
12-03 13:44:19.015  3011  3011 D StatusBarKeyguardViewManager: showKeyguard, but hide Bouncer
12-03 13:44:44.782   309  1753 E NetlinkEvent: NetlinkEvent::FindParam(): Parameter 'UID' not found
12-03 13:44:59.857   309  1753 E NetlinkEvent: NetlinkEvent::FindParam(): Parameter 'UID' not found
12-03 13:46:11.008  1789  2917 I chatty  : uid=1000(system) InputReader expire 1 line
12-03 13:46:11.022  1789  5592 I chatty  : uid=1000(system) Binder_B expire 7 lines
12-03 13:46:14.227   309  1753 E NetlinkEvent: NetlinkEvent::FindParam(): Parameter 'UID' not found
12-03 13:46:14.246  1789  3693 I chatty  : uid=1000(system) Binder_7 expire 4 lines
12-03 13:46:14.338  1789  1789 I chatty  : uid=1000 system_server expire 11 lines
12-03 13:46:17.126  1789  2956 I chatty  : uid=1000(system) ConnectivitySer expire 8 lines
12-03 13:46:17.253  1789  1814 I chatty  : uid=1000(system) PackageManager expire 6 lines
12-03 13:46:17.587  1789  3692 I chatty  : uid=1000(system) Binder_6 expire 4 lines
12-03 13:46:17.646 25664 25664 I chatty  : uid=1000(system) expire 2 lines
12-03 13:46:17.662  1789  8868 I chatty  : uid=1000(system) Binder_E expire 3 lines
12-03 13:46:17.678  1789  1799 I chatty  : uid=1000(system) Binder_1 expire 6 lines
12-03 13:46:18.281  1789  3019 I chatty  : uid=1000(system) Binder_4 expire 4 lines
12-03 13:46:19.036  1789  3724 I chatty  : uid=1000(system) Binder_8 expire 5 lines
12-03 13:46:19.253  1789  3510 I chatty  : uid=1000(system) Binder_5 expire 4 lines
12-03 13:46:20.081 25798 25810 D DefContainer: Copying /data/local/tmp/SeniorenApp.SeniorenApp-Signed.apk to base.apk
12-03 13:46:21.308  1789  5399 I chatty  : uid=1000(system) Binder_A expire 5 lines
12-03 13:46:28.538  1789  1800 I chatty  : uid=1000(system) Binder_2 expire 5 lines
12-03 13:46:28.652  1789  4628 I chatty  : uid=1000(system) Binder_9 expire 3 lines
12-03 13:46:32.663  1789  1802 I chatty  : uid=1000(system) android.bg expire 1 line
12-03 13:46:38.194  1789  2916 I chatty  : uid=1000(system) InputDispatcher expire 4 lines
12-03 13:46:39.926  1789  8867 I chatty  : uid=1000(system) Binder_D expire 3 lines
12-03 13:46:48.775   309  1753 E NetlinkEvent: NetlinkEvent::FindParam(): Parameter 'UID' not found
12-03 13:47:00.001  1789  2902 I chatty  : uid=1000(system) AlarmManager expire 10 lines
12-03 13:48:38.768   309  1753 E NetlinkEvent: NetlinkEvent::FindParam(): Parameter 'UID' not found
12-03 13:48:41.185  1789  5593 I chatty  : uid=1000(system) Binder_C expire 1 line
12-03 13:48:41.263   259   259 I chatty  : uid=1000(system) /system/bin/surfaceflinger expire 14 lines
12-03 13:48:41.419  1789  1803 I chatty  : uid=1000(system) ActivityManager expire 5 lines
12-03 13:48:41.474 26182 26182 I chatty  : uid=1000(system) expire 2 lines
12-03 13:48:45.614  3011  3011 D StatusBarKeyguardViewManager: showKeyguard, but hide Bouncer
12-03 13:48:53.817   309  1753 E NetlinkEvent: NetlinkEvent::FindParam(): Parameter 'UID' not found
12-03 13:49:11.379   309  1753 E NetlinkEvent: NetlinkEvent::FindParam(): Parameter 'UID' not found
12-03 13:49:11.388  1789  1789 I chatty  : uid=1000 system_server expire 17 lines
12-03 13:49:26.457   309  1753 E NetlinkEvent: NetlinkEvent::FindParam(): Parameter 'UID' not found
12-03 13:51:19.028   309  1753 E NetlinkEvent: NetlinkEvent::FindParam(): Parameter 'UID' not found
12-03 13:51:34.337   309  1753 E NetlinkEvent: NetlinkEvent::FindParam(): Parameter 'UID' not found
12-03 13:52:00.001  1789  2902 I chatty  : uid=1000(system) AlarmManager expire 10 lines
12-03 13:52:41.251   309  1753 E NetlinkEvent: NetlinkEvent::FindParam(): Parameter 'UID' not found
12-03 13:52:56.295   309  1753 E NetlinkEvent: NetlinkEvent::FindParam(): Parameter 'UID' not found
12-03 13:55:19.472   309  1753 E NetlinkEvent: NetlinkEvent::FindParam(): Parameter 'UID' not found
12-03 13:55:34.538   309  1753 E NetlinkEvent: NetlinkEvent::FindParam(): Parameter 'UID' not found
12-03 13:55:56.418   309  1753 E NetlinkEvent: NetlinkEvent::FindParam(): Parameter 'UID' not found
12-03 13:55:56.463  1789  1789 I chatty  : uid=1000 system_server expire 5 lines
12-03 13:56:05.410  1789  1808 I chatty  : uid=1000(system) android.display expire 10 lines
12-03 13:56:05.708  3011  3011 D StatusBarKeyguardViewManager: showKeyguard, but hide Bouncer
12-03 13:56:29.657  1789  2955 I chatty  : uid=1000(system) WifiService expire 2 lines
12-03 13:56:44.735   309  1753 E NetlinkEvent: NetlinkEvent::FindParam(): Parameter 'UID' not found
12-03 13:56:58.696   309  1753 E NetlinkEvent: NetlinkEvent::FindParam(): Parameter 'UID' not found
12-03 13:57:00.084  1789  1789 I chatty  : uid=1000 system_server expire 17 lines
12-03 13:57:00.259  1789  3018 I chatty  : uid=1000(system) Binder_3 expire 5 lines
12-03 13:57:14.016   309  1753 E NetlinkEvent: NetlinkEvent::FindParam(): Parameter 'UID' not found
12-03 13:57:36.374  1789  2956 I chatty  : uid=1000(system) ConnectivitySer expire 10 lines
12-03 13:57:51.198  1789  2902 I chatty  : uid=1000(system) AlarmManager expire 14 lines
12-03 13:57:51.207   309  1753 E NetlinkEvent: NetlinkEvent::FindParam(): Parameter 'UID' not found
12-03 13:58:06.298   309  1753 E NetlinkEvent: NetlinkEvent::FindParam(): Parameter 'UID' not found
12-03 13:58:30.373  1789  1811 I chatty  : uid=1000(system) PowerManagerSer expire 3 lines
12-03 13:58:30.929  1789  1808 I chatty  : uid=1000(system) android.display expire 10 lines
12-03 13:58:31.019  1789  3692 I chatty  : uid=1000(system) Binder_6 expire 6 lines
12-03 13:58:31.096   259   259 I chatty  : uid=1000(system) /system/bin/surfaceflinger expire 18 lines
12-03 13:58:31.109  1789  1805 I chatty  : uid=1000(system) android.fg expire 3 lines
12-03 13:58:31.251  1789  1803 I chatty  : uid=1000(system) ActivityManager expire 10 lines
12-03 13:58:31.311 26812 26812 I chatty  : uid=1000(system) expire 2 lines
12-03 13:58:31.324  1789  5592 I chatty  : uid=1000(system) Binder_B expire 2 lines
12-03 13:58:35.416  1789  3693 I chatty  : uid=1000(system) Binder_7 expire 3 lines
12-03 13:58:35.472  3011  3011 D StatusBarKeyguardViewManager: showKeyguard, but hide Bouncer
12-03 13:58:35.957   309  1753 E NetlinkEvent: NetlinkEvent::FindParam(): Parameter 'UID' not found
12-03 13:58:36.216  1789  4628 I chatty  : uid=1000(system) Binder_9 expire 5 lines
12-03 13:58:36.606  1789  8868 I chatty  : uid=1000(system) Binder_E expire 6 lines
12-03 13:59:16.297   309  1753 E NetlinkEvent: NetlinkEvent::FindParam(): Parameter 'UID' not found
12-03 13:59:29.930  3495  3495 I chatty  : uid=1000(system) com.motorola.modemservice expire 2 lines
12-03 14:00:43.820   309  1753 E NetlinkEvent: NetlinkEvent::FindParam(): Parameter 'UID' not found
12-03 14:00:58.867   309  1753 E NetlinkEvent: NetlinkEvent::FindParam(): Parameter 'UID' not found
12-03 14:02:00.001  1789  2902 I chatty  : uid=1000(system) AlarmManager expire 10 lines
12-03 14:02:00.035  1789  1789 I chatty  : uid=1000 system_server expire 10 lines
12-03 14:02:36.563   309  1753 E NetlinkEvent: NetlinkEvent::FindParam(): Parameter 'UID' not found
12-03 14:02:51.586   309  1753 E NetlinkEvent: NetlinkEvent::FindParam(): Parameter 'UID' not found
12-03 14:02:51.825   309  1753 E NetlinkEvent: NetlinkEvent::FindParam(): Parameter 'UID' not found
12-03 14:03:07.146   309  1753 E NetlinkEvent: NetlinkEvent::FindParam(): Parameter 'UID' not found
12-03 14:03:36.313   309  1753 E NetlinkEvent: NetlinkEvent::FindParam(): Parameter 'UID' not found
12-03 14:03:51.387   309  1753 E NetlinkEvent: NetlinkEvent::FindParam(): Parameter 'UID' not found
12-03 14:05:52.557   309  1753 E NetlinkEvent: NetlinkEvent::FindParam(): Parameter 'UID' not found
12-03 14:06:07.586   309  1753 E NetlinkEvent: NetlinkEvent::FindParam(): Parameter 'UID' not found
12-03 14:06:34.915  1789  2902 I chatty  : uid=1000(system) AlarmManager expire 10 lines
12-03 14:06:34.923  1789  1789 I chatty  : uid=1000 system_server expire 15 lines
12-03 14:06:37.837  1789  1802 I chatty  : uid=1000(system) android.bg expire 1 line
12-03 14:07:22.455   259   706 I chatty  : uid=1000(system) EventThread expire 8 lines
12-03 14:07:23.995   309  1753 E NetlinkEvent: NetlinkEvent::FindParam(): Parameter 'UID' not found
12-03 14:07:28.650  1789  3510 I chatty  : uid=1000(system) Binder_5 expire 3 lines
12-03 14:07:30.657  1789  1814 I chatty  : uid=1000(system) PackageManager expire 6 lines
12-03 14:07:31.021 27298 27298 I chatty  : uid=1000(system) expire 2 lines
12-03 14:07:31.660  1789  1799 I chatty  : uid=1000(system) Binder_1 expire 5 lines
12-03 14:07:32.488  1789  5399 I chatty  : uid=1000(system) Binder_A expire 3 lines
12-03 14:07:32.499  1789  3724 I chatty  : uid=1000(system) Binder_8 expire 6 lines
12-03 14:07:32.507  1789  1800 I chatty  : uid=1000(system) Binder_2 expire 4 lines
12-03 14:07:33.695 27471 27483 D DefContainer: Copying /data/local/tmp/SeniorenApp.SeniorenApp-Signed.apk to base.apk
12-03 14:07:34.925  1789  5593 I chatty  : uid=1000(system) Binder_C expire 2 lines
12-03 14:07:35.729  1789  8867 I chatty  : uid=1000(system) Binder_D expire 2 lines
12-03 14:07:42.721  1789  3019 I chatty  : uid=1000(system) Binder_4 expire 2 lines
12-03 14:07:43.406  1789  2956 I chatty  : uid=1000(system) ConnectivitySer expire 7 lines
12-03 14:07:48.747   309  1753 E NetlinkEvent: NetlinkEvent::FindParam(): Parameter 'UID' not found
12-03 14:07:49.028   259   259 I chatty  : uid=1000(system) /system/bin/surfaceflinger expire 33 lines
12-03 14:07:59.949  1789  2916 I chatty  : uid=1000(system) InputDispatcher expire 3 lines
12-03 14:08:36.100   309  1753 E NetlinkEvent: NetlinkEvent::FindParam(): Parameter 'UID' not found
12-03 14:08:36.570  1789  1789 I chatty  : uid=1000 system_server expire 3 lines
12-03 14:08:51.392   259   259 I chatty  : uid=1000(system) /system/bin/surfaceflinger expire 44 lines
12-03 14:08:53.464   309  1753 E NetlinkEvent: NetlinkEvent::FindParam(): Parameter 'UID' not found
12-03 14:08:55.841  1789  2956 I chatty  : uid=1000(system) ConnectivitySer expire 14 lines
12-03 14:08:59.999  1789  2902 I chatty  : uid=1000(system) AlarmManager expire 12 lines
12-03 14:09:00.040  1789  1789 I chatty  : uid=1000 system_server expire 10 lines
12-03 14:09:13.622  1789  5593 I chatty  : uid=1000(system) Binder_C expire 6 lines
12-03 14:09:13.912  1789  1808 I chatty  : uid=1000(system) android.display expire 21 lines
12-03 14:09:15.241  1789  2916 I chatty  : uid=1000(system) InputDispatcher expire 6 lines
12-03 14:09:15.871   259   706 I chatty  : uid=1000(system) EventThread expire 7 lines
12-03 14:09:16.069  1789  3692 I chatty  : uid=1000(system) Binder_6 expire 5 lines
12-03 14:09:16.941  1789  1800 I chatty  : uid=1000(system) Binder_2 expire 6 lines
12-03 14:09:16.958  1789  1799 I chatty  : uid=1000(system) Binder_1 expire 2 lines
12-03 14:09:17.088  1789  5399 I chatty  : uid=1000(system) Binder_A expire 2 lines
12-03 14:09:18.015  1789  3018 I chatty  : uid=1000(system) Binder_3 expire 5 lines
12-03 14:09:18.028  1789  1803 I chatty  : uid=1000(system) ActivityManager expire 3 lines
12-03 14:09:28.923   309  1753 E NetlinkEvent: NetlinkEvent::FindParam(): Parameter 'UID' not found
12-03 14:09:43.945   309  1753 E NetlinkEvent: NetlinkEvent::FindParam(): Parameter 'UID' not found
12-03 14:10:11.508  1789  3019 I chatty  : uid=1000(system) Binder_4 expire 2 lines
12-03 14:10:14.752   259   259 I chatty  : uid=1000(system) /system/bin/surfaceflinger expire 41 lines
12-03 14:10:14.891  1789  8868 I chatty  : uid=1000(system) Binder_E expire 2 lines
12-03 14:10:36.292  1789  5592 I chatty  : uid=1000(system) Binder_B expire 2 lines
12-03 14:10:37.221  1789  4628 I chatty  : uid=1000(system) Binder_9 expire 1 line
12-03 14:10:47.683  1789  3510 I chatty  : uid=1000(system) Binder_5 expire 1 line
12-03 14:11:06.936  1789  3693 I chatty  : uid=1000(system) Binder_7 expire 5 lines
12-03 14:11:07.701  1789  3724 I chatty  : uid=1000(system) Binder_8 expire 1 line
12-03 14:11:16.687  1789  2917 I chatty  : uid=1000(system) InputReader expire 1 line
12-03 14:11:17.421  1789  1811 I chatty  : uid=1000(system) PowerManagerSer expire 2 lines
12-03 14:11:17.423  1789  1805 I chatty  : uid=1000(system) android.fg expire 2 lines
12-03 14:11:17.812 29077 29077 I chatty  : uid=1000(system) expire 1 line
12-03 14:11:17.947  3011  3011 D StatusBarKeyguardViewManager: showKeyguard, but hide Bouncer
12-03 14:11:18.177  1789  1789 I chatty  : uid=1000 system_server expire 11 lines
12-03 14:11:18.206  1789  1808 I chatty  : uid=1000(system) android.display expire 2 lines
12-03 14:11:18.752   259   259 I chatty  : uid=1000(system) /system/bin/surfaceflinger expire 2 lines
12-03 14:11:47.611   309  1753 E NetlinkEvent: NetlinkEvent::FindParam(): Parameter 'UID' not found
12-03 14:12:02.665   309  1753 E NetlinkEvent: NetlinkEvent::FindParam(): Parameter 'UID' not found
12-03 14:12:37.140   309  1753 E NetlinkEvent: NetlinkEvent::FindParam(): Parameter 'UID' not found
12-03 14:12:53.427   309  1753 E NetlinkEvent: NetlinkEvent::FindParam(): Parameter 'UID' not found
12-03 14:13:37.118   309  1753 E NetlinkEvent: NetlinkEvent::FindParam(): Parameter 'UID' not found
12-03 14:13:50.500  1789  2902 I chatty  : uid=1000(system) AlarmManager expire 20 lines
12-03 14:13:53.546   309  1753 E NetlinkEvent: NetlinkEvent::FindParam(): Parameter 'UID' not found
12-03 14:18:11.376   309  1753 E NetlinkEvent: NetlinkEvent::FindParam(): Parameter 'UID' not found
12-03 14:18:26.386   309  1753 E NetlinkEvent: NetlinkEvent::FindParam(): Parameter 'UID' not found
12-03 14:26:51.528   309  1753 E NetlinkEvent: NetlinkEvent::FindParam(): Parameter 'UID' not found
12-03 14:26:51.530  1789  1789 I chatty  : uid=1000 system_server expire 12 lines
12-03 14:27:06.626   309  1753 E NetlinkEvent: NetlinkEvent::FindParam(): Parameter 'UID' not found
12-03 14:27:28.654  1789  1802 I chatty  : uid=1000(system) android.bg expire 1 line
12-03 14:28:12.875   309  1753 E NetlinkEvent: NetlinkEvent::FindParam(): Parameter 'UID' not found
12-03 14:28:27.906   309  1753 E NetlinkEvent: NetlinkEvent::FindParam(): Parameter 'UID' not found
12-03 14:30:19.252  1789  2902 I chatty  : uid=1000(system) AlarmManager expire 12 lines
12-03 14:30:19.273  1789  1789 I chatty  : uid=1000 system_server expire 12 lines
12-03 14:30:19.502  1789  1802 I chatty  : uid=1000(system) android.bg expire 5 lines
12-03 14:30:20.029   309  1753 E NetlinkEvent: NetlinkEvent::FindParam(): Parameter 'UID' not found
12-03 14:30:20.160  1789  5593 I chatty  : uid=1000(system) Binder_C expire 11 lines
12-03 14:30:21.655  1789  3693 I chatty  : uid=1000(system) Binder_7 expire 5 lines
12-03 14:30:25.551 29556 29571 D ActivityThread: Loading provider com.google.android.gmail.provider;com.android.mail.notifier;com.google.android.gm.email.provider;com.google.android.gm.email.notifier: com.android.email.provider.EmailProvider
12-03 14:30:25.753  1789  1799 I chatty  : uid=1000(system) Binder_1 expire 13 lines
12-03 14:30:25.840  1789  5399 I chatty  : uid=1000(system) Binder_A expire 4 lines
12-03 14:30:29.575  1789  3692 I chatty  : uid=1000(system) Binder_6 expire 9 lines
12-03 14:30:29.647  1789  2955 I chatty  : uid=1000(system) WifiService expire 2 lines
12-03 14:30:29.647  1789  3018 I chatty  : uid=1000(system) Binder_3 expire 6 lines
12-03 14:30:29.648  1789  2956 I chatty  : uid=1000(system) ConnectivitySer expire 8 lines
12-03 14:30:35.608  1789  1803 I chatty  : uid=1000(system) ActivityManager expire 10 lines
12-03 14:30:50.947   309  1753 E NetlinkEvent: NetlinkEvent::FindParam(): Parameter 'UID' not found
12-03 14:30:50.952  1789  3724 I chatty  : uid=1000(system) Binder_8 expire 9 lines
12-03 14:33:21.617   309  1753 E NetlinkEvent: NetlinkEvent::FindParam(): Parameter 'UID' not found
12-03 14:33:36.867   309  1753 E NetlinkEvent: NetlinkEvent::FindParam(): Parameter 'UID' not found
12-03 14:33:48.230  1789  1789 I chatty  : uid=1000 system_server expire 16 lines
12-03 14:34:20.288   309  1753 E NetlinkEvent: NetlinkEvent::FindParam(): Parameter 'UID' not found
12-03 14:34:35.610  1789  2902 I chatty  : uid=1000(system) AlarmManager expire 12 lines
12-03 14:34:35.959  1789  5592 I chatty  : uid=1000(system) Binder_B expire 6 lines
12-03 14:34:50.947   309  1753 E NetlinkEvent: NetlinkEvent::FindParam(): Parameter 'UID' not found
12-03 14:35:20.140   309  1753 E NetlinkEvent: NetlinkEvent::FindParam(): Parameter 'UID' not found
12-03 14:35:48.906   309  1753 E NetlinkEvent: NetlinkEvent::FindParam(): Parameter 'UID' not found
12-03 14:37:55.211  1789  1808 I chatty  : uid=1000(system) android.display expire 17 lines
12-03 14:37:55.455   259   706 I chatty  : uid=1000(system) EventThread expire 6 lines
12-03 14:37:55.646  1789  2917 I chatty  : uid=1000(system) InputReader expire 1 line
12-03 14:37:55.660  1789  1811 I chatty  : uid=1000(system) PowerManagerSer expire 1 line
12-03 14:37:55.663  1789  1805 I chatty  : uid=1000(system) android.fg expire 1 line
12-03 14:37:57.446   259   259 I chatty  : uid=1000(system) /system/bin/surfaceflinger expire 10 lines
12-03 14:37:58.799   309  1753 E NetlinkEvent: NetlinkEvent::FindParam(): Parameter 'UID' not found
12-03 14:37:58.843  1789  3510 I chatty  : uid=1000(system) Binder_5 expire 4 lines
12-03 14:37:58.989 29836 29836 I chatty  : uid=1000(system) expire 1 line
12-03 14:37:59.010  1789  1789 I chatty  : uid=1000 system_server expire 12 lines
12-03 14:37:59.018  1789  1800 I chatty  : uid=1000(system) Binder_2 expire 4 lines
12-03 14:37:59.772  1789  4628 I chatty  : uid=1000(system) Binder_9 expire 7 lines
12-03 14:38:08.515  1789  1814 I chatty  : uid=1000(system) PackageManager expire 6 lines
12-03 14:38:08.920  1789  8867 I chatty  : uid=1000(system) Binder_D expire 3 lines
12-03 14:38:08.980 29976 29976 I chatty  : uid=1000(system) expire 2 lines
12-03 14:38:08.997  1789  8868 I chatty  : uid=1000(system) Binder_E expire 5 lines
12-03 14:38:11.316 30081 30097 D DefContainer: Copying /data/local/tmp/SeniorenApp.SeniorenApp-Signed.apk to base.apk
12-03 14:38:20.263  1789  3019 I chatty  : uid=1000(system) Binder_4 expire 5 lines
12-03 14:38:26.344   309  1753 E NetlinkEvent: NetlinkEvent::FindParam(): Parameter 'UID' not found
12-03 14:38:28.496   259   259 I chatty  : uid=1000(system) /system/bin/surfaceflinger expire 10 lines
12-03 14:38:33.520   309  1753 E NetlinkEvent: NetlinkEvent::FindParam(): Parameter 'UID' not found
12-03 14:38:53.985   309  1753 E NetlinkEvent: NetlinkEvent::FindParam(): Parameter 'UID' not found
12-03 14:39:00.001  1789  2902 I chatty  : uid=1000(system) AlarmManager expire 2 lines
12-03 14:39:00.022  1789  1803 I chatty  : uid=1000(system) ActivityManager expire 3 lines
12-03 14:39:17.685  1789  5593 I chatty  : uid=1000(system) Binder_C expire 2 lines
12-03 14:39:18.180   259   259 I chatty  : uid=1000(system) /system/bin/surfaceflinger expire 36 lines
12-03 14:39:59.732  1789  1808 I chatty  : uid=1000(system) android.display expire 13 lines
12-03 14:40:00.000  1789  2902 I chatty  : uid=1000(system) AlarmManager expire 11 lines
12-03 14:40:00.029  1789  1789 I chatty  : uid=1000 system_server expire 10 lines
12-03 14:40:07.672  1789  1803 I chatty  : uid=1000(system) ActivityManager expire 8 lines
12-03 14:40:08.528  1789  2956 I chatty  : uid=1000(system) ConnectivitySer expire 12 lines
12-03 14:40:20.623   309  1753 E NetlinkEvent: NetlinkEvent::FindParam(): Parameter 'UID' not found
12-03 14:40:20.954   259   259 I chatty  : uid=1000(system) /system/bin/surfaceflinger expire 11 lines
12-03 14:40:20.968  1789  5592 I chatty  : uid=1000(system) Binder_B expire 7 lines
12-03 14:40:21.940  1789  2916 I chatty  : uid=1000(system) InputDispatcher expire 6 lines
12-03 14:40:22.065   259   706 I chatty  : uid=1000(system) EventThread expire 9 lines
12-03 14:40:22.400  1789  3692 I chatty  : uid=1000(system) Binder_6 expire 2 lines
12-03 14:40:25.675  1789  3018 I chatty  : uid=1000(system) Binder_3 expire 1 line
12-03 14:40:26.851  1789  1799 I chatty  : uid=1000(system) Binder_1 expire 2 lines
12-03 14:40:26.975  1789  3693 I chatty  : uid=1000(system) Binder_7 expire 12 lines
12-03 14:40:26.980  1789  3724 I chatty  : uid=1000(system) Binder_8 expire 6 lines
12-03 14:40:27.859  1789  5399 I chatty  : uid=1000(system) Binder_A expire 7 lines
12-03 14:40:36.065   309  1753 E NetlinkEvent: NetlinkEvent::FindParam(): Parameter 'UID' not found
12-03 14:40:41.569   259   259 I chatty  : uid=1000(system) /system/bin/surfaceflinger expire 10 lines
12-03 14:40:43.980   309  1753 E NetlinkEvent: NetlinkEvent::FindParam(): Parameter 'UID' not found
12-03 14:40:59.025   309  1753 E NetlinkEvent: NetlinkEvent::FindParam(): Parameter 'UID' not found
12-03 14:42:27.574  1789  1811 I chatty  : uid=1000(system) PowerManagerSer expire 3 lines
12-03 14:42:28.311  1789  1805 I chatty  : uid=1000(system) android.fg expire 3 lines
12-03 14:42:28.587 31413 31413 I chatty  : uid=1000(system) expire 2 lines
12-03 14:42:32.643  3011  3011 D StatusBarKeyguardViewManager: showKeyguard, but hide Bouncer
12-03 14:42:58.460  1789  1789 I chatty  : uid=1000 system_server expire 13 lines
12-03 14:42:58.465   309  1753 E NetlinkEvent: NetlinkEvent::FindParam(): Parameter 'UID' not found
12-03 14:42:58.683  1789  2902 I chatty  : uid=1000(system) AlarmManager expire 6 lines
12-03 14:43:02.505  1789  8867 I chatty  : uid=1000(system) Binder_D expire 3 lines
12-03 14:43:04.207  1789  2917 I chatty  : uid=1000(system) InputReader expire 1 line
12-03 14:43:07.545  1789  3510 I chatty  : uid=1000(system) Binder_5 expire 4 lines
12-03 14:43:13.847  1789  4628 I chatty  : uid=1000(system) Binder_9 expire 4 lines
12-03 14:43:14.563  1789  1800 I chatty  : uid=1000(system) Binder_2 expire 2 lines
12-03 14:43:22.584   309  1753 E NetlinkEvent: NetlinkEvent::FindParam(): Parameter 'UID' not found
12-03 14:43:33.279   259   259 I chatty  : uid=1000(system) /system/bin/surfaceflinger expire 51 lines
12-03 14:43:39.076  1789  1808 I chatty  : uid=1000(system) android.display expire 13 lines
12-03 14:43:39.230  1789  2955 I chatty  : uid=1000(system) WifiService expire 1 line
12-03 14:43:40.596  1789  5593 I chatty  : uid=1000(system) Binder_C expire 3 lines
12-03 14:44:15.030  1789  3019 I chatty  : uid=1000(system) Binder_4 expire 5 lines
12-03 14:44:21.164   259   259 I chatty  : uid=1000(system) /system/bin/surfaceflinger expire 15 lines
12-03 14:44:22.179  1789  1808 I chatty  : uid=1000(system) android.display expire 15 lines
12-03 14:44:22.747   259   706 I chatty  : uid=1000(system) EventThread expire 10 lines
12-03 14:44:23.033  1789  5399 I chatty  : uid=1000(system) Binder_A expire 6 lines
12-03 14:44:23.065  1789  3693 I chatty  : uid=1000(system) Binder_7 expire 5 lines
12-03 14:44:24.149  1789  4628 I chatty  : uid=1000(system) Binder_9 expire 3 lines
12-03 14:44:25.798  1789  2956 I chatty  : uid=1000(system) ConnectivitySer expire 17 lines
12-03 14:44:53.936   309  1753 E NetlinkEvent: NetlinkEvent::FindParam(): Parameter 'UID' not found
12-03 14:45:00.000  1789  2902 I chatty  : uid=1000(system) AlarmManager expire 21 lines
12-03 14:45:00.046  1789  1789 I chatty  : uid=1000 system_server expire 21 lines
12-03 14:45:08.946   309  1753 E NetlinkEvent: NetlinkEvent::FindParam(): Parameter 'UID' not found
12-03 14:45:41.596  1789  8868 I chatty  : uid=1000(system) Binder_E expire 2 lines
12-03 14:45:41.627  1789  3692 I chatty  : uid=1000(system) Binder_6 expire 2 lines
12-03 14:45:45.148  1789  3510 I chatty  : uid=1000(system) Binder_5 expire 3 lines
12-03 14:45:45.219  1789  3018 I chatty  : uid=1000(system) Binder_3 expire 1 line
12-03 14:45:55.160  1789  1803 I chatty  : uid=1000(system) ActivityManager expire 6 lines
12-03 14:46:11.483  1789  2916 I chatty  : uid=1000(system) InputDispatcher expire 8 lines
12-03 14:46:14.190  1789  8867 I chatty  : uid=1000(system) Binder_D expire 3 lines
12-03 14:46:58.970   309  1753 E NetlinkEvent: NetlinkEvent::FindParam(): Parameter 'UID' not found
12-03 14:47:13.986   309  1753 E NetlinkEvent: NetlinkEvent::FindParam(): Parameter 'UID' not found
12-03 14:47:20.781   309  1753 E NetlinkEvent: NetlinkEvent::FindParam(): Parameter 'UID' not found
12-03 14:47:23.546   259   259 I chatty  : uid=1000(system) /system/bin/surfaceflinger expire 28 lines
12-03 14:47:40.907  1789  3724 I chatty  : uid=1000(system) Binder_8 expire 3 lines
12-03 14:47:41.855  1789  1808 I chatty  : uid=1000(system) android.display expire 18 lines
12-03 14:48:10.987  1789  1799 I chatty  : uid=1000(system) Binder_1 expire 3 lines
12-03 14:48:16.166  1789  5592 I chatty  : uid=1000(system) Binder_B expire 2 lines
12-03 14:48:24.660   259   708 I chatty  : uid=1000(system) EventThread expire 3 lines
12-03 14:48:27.881  1789  1800 I chatty  : uid=1000(system) Binder_2 expire 2 lines
12-03 14:48:29.080  1789  5593 I chatty  : uid=1000(system) Binder_C expire 1 line
12-03 14:49:00.826   309  1753 E NetlinkEvent: NetlinkEvent::FindParam(): Parameter 'UID' not found
12-03 14:49:04.000   309  1753 E NetlinkEvent: NetlinkEvent::FindParam(): Parameter 'UID' not found
12-03 14:49:19.025   309  1753 E NetlinkEvent: NetlinkEvent::FindParam(): Parameter 'UID' not found
12-03 14:49:40.005  1789  2956 I chatty  : uid=1000(system) ConnectivitySer expire 6 lines
12-03 14:50:00.001  1789  2902 I chatty  : uid=1000(system) AlarmManager expire 16 lines
12-03 14:50:00.031  1789  1789 I chatty  : uid=1000 system_server expire 16 lines
12-03 14:50:29.072  1789  1811 I chatty  : uid=1000(system) PowerManagerSer expire 3 lines
12-03 14:50:29.628  1789  1808 I chatty  : uid=1000(system) android.display expire 1 line
12-03 14:50:29.809  1789  1805 I chatty  : uid=1000(system) android.fg expire 2 lines
12-03 14:50:30.042  1306  1306 I chatty  : uid=1000(system) expire 1 line
12-03 14:50:34.142  3011  3011 D StatusBarKeyguardViewManager: showKeyguard, but hide Bouncer
12-03 14:50:34.694  1789  1802 I chatty  : uid=1000(system) android.bg expire 1 line
12-03 14:50:59.943   309  1753 E NetlinkEvent: NetlinkEvent::FindParam(): Parameter 'UID' not found
12-03 14:51:15.025   309  1753 E NetlinkEvent: NetlinkEvent::FindParam(): Parameter 'UID' not found
12-03 14:52:30.238   309  1753 E NetlinkEvent: NetlinkEvent::FindParam(): Parameter 'UID' not found
12-03 14:52:45.266   309  1753 E NetlinkEvent: NetlinkEvent::FindParam(): Parameter 'UID' not found
12-03 14:53:29.996   309  1753 E NetlinkEvent: NetlinkEvent::FindParam(): Parameter 'UID' not found
12-03 14:53:45.067   309  1753 E NetlinkEvent: NetlinkEvent::FindParam(): Parameter 'UID' not found
12-03 14:54:25.639   309  1753 E NetlinkEvent: NetlinkEvent::FindParam(): Parameter 'UID' not found
12-03 14:54:25.697  1789  1789 I chatty  : uid=1000 system_server expire 4 lines
12-03 14:54:40.946   309  1753 E NetlinkEvent: NetlinkEvent::FindParam(): Parameter 'UID' not found
12-03 14:55:56.411  1789  2902 I chatty  : uid=1000(system) AlarmManager expire 10 lines
12-03 14:55:56.943   309  1753 E NetlinkEvent: NetlinkEvent::FindParam(): Parameter 'UID' not found
12-03 14:56:29.706   309  1753 E NetlinkEvent: NetlinkEvent::FindParam(): Parameter 'UID' not found
12-03 14:56:45.465  1789  1789 I chatty  : uid=1000 system_server expire 14 lines
12-03 14:56:45.475   309  1753 E NetlinkEvent: NetlinkEvent::FindParam(): Parameter 'UID' not found
12-03 14:57:00.787   309  1753 E NetlinkEvent: NetlinkEvent::FindParam(): Parameter 'UID' not found
12-03 14:58:30.472   309  1753 E NetlinkEvent: NetlinkEvent::FindParam(): Parameter 'UID' not found
12-03 14:58:30.775  1789  3693 I chatty  : uid=1000(system) Binder_7 expire 8 lines
12-03 14:58:45.906   309  1753 E NetlinkEvent: NetlinkEvent::FindParam(): Parameter 'UID' not found
12-03 15:00:03.052   309  1753 E NetlinkEvent: NetlinkEvent::FindParam(): Parameter 'UID' not found
12-03 15:00:29.787   309  1753 E NetlinkEvent: NetlinkEvent::FindParam(): Parameter 'UID' not found
12-03 15:00:37.027  1789  1808 I chatty  : uid=1000(system) android.display expire 10 lines
12-03 15:00:37.272   259   706 I chatty  : uid=1000(system) EventThread expire 9 lines
12-03 15:00:37.276  1789  4628 I chatty  : uid=1000(system) Binder_9 expire 5 lines
12-03 15:00:37.280  1789  1805 I chatty  : uid=1000(system) android.fg expire 4 lines
12-03 15:00:37.909  1789  2902 I chatty  : uid=1000(system) AlarmManager expire 11 lines
12-03 15:00:38.963   259   259 I chatty  : uid=1000(system) /system/bin/surfaceflinger expire 24 lines
12-03 15:00:40.383  1789  2956 I chatty  : uid=1000(system) ConnectivitySer expire 10 lines
12-03 15:00:40.648   309  1753 E NetlinkEvent: NetlinkEvent::FindParam(): Parameter 'UID' not found
12-03 15:00:40.791  1789  8868 I chatty  : uid=1000(system) Binder_E expire 2 lines
12-03 15:00:40.987  1560  1560 I chatty  : uid=1000(system) expire 1 line
12-03 15:00:41.008  1789  1789 I chatty  : uid=1000 system_server expire 10 lines
12-03 15:00:41.478   259   708 I chatty  : uid=1000(system) EventThread expire 7 lines
12-03 15:00:41.604  1789  2955 I chatty  : uid=1000(system) WifiService expire 4 lines
12-03 15:00:43.289  1789  5593 I chatty  : uid=1000(system) Binder_C expire 5 lines
12-03 15:00:47.253  1789  1803 I chatty  : uid=1000(system) ActivityManager expire 10 lines
12-03 15:00:48.149  1789  3724 I chatty  : uid=1000(system) Binder_8 expire 4 lines
12-03 15:00:51.992  1789  1800 I chatty  : uid=1000(system) Binder_2 expire 3 lines
12-03 15:00:52.014  1789  3019 I chatty  : uid=1000(system) Binder_4 expire 4 lines
12-03 15:00:54.810  1789  5592 I chatty  : uid=1000(system) Binder_B expire 1 line
12-03 15:00:54.909  1789  8867 I chatty  : uid=1000(system) Binder_D expire 7 lines
12-03 15:00:55.556  1789  3510 I chatty  : uid=1000(system) Binder_5 expire 5 lines
12-03 15:00:55.662  1789  3692 I chatty  : uid=1000(system) Binder_6 expire 7 lines
12-03 15:00:56.259  1789  1799 I chatty  : uid=1000(system) Binder_1 expire 7 lines
12-03 15:01:05.715  1789  2916 I chatty  : uid=1000(system) InputDispatcher expire 2 lines
12-03 15:01:11.544   309  1753 E NetlinkEvent: NetlinkEvent::FindParam(): Parameter 'UID' not found
12-03 15:01:33.980   309  1753 E NetlinkEvent: NetlinkEvent::FindParam(): Parameter 'UID' not found
12-03 15:01:40.774  1789  2956 I chatty  : uid=1000(system) ConnectivitySer expire 6 lines
12-03 15:01:49.025   309  1753 E NetlinkEvent: NetlinkEvent::FindParam(): Parameter 'UID' not found
12-03 15:03:07.919  1789  1811 I chatty  : uid=1000(system) PowerManagerSer expire 3 lines
12-03 15:03:08.452  1789  1808 I chatty  : uid=1000(system) android.display expire 11 lines
12-03 15:03:08.635   259   259 I chatty  : uid=1000(system) /system/bin/surfaceflinger expire 18 lines
12-03 15:03:08.971  2146  2146 I chatty  : uid=1000(system) expire 2 lines
12-03 15:03:13.093  3011  3011 D StatusBarKeyguardViewManager: showKeyguard, but hide Bouncer
12-03 15:03:13.140  1789  3018 I chatty  : uid=1000(system) Binder_3 expire 2 lines
12-03 15:03:16.750  1789  1789 I chatty  : uid=1000 system_server expire 8 lines
12-03 15:03:30.464  1789  1814 I chatty  : uid=1000(system) PackageManager expire 6 lines
