11-26 14:26:57.356  1789 11169 I ActivityManager: START u0 {cmp=SeniorenApp.SeniorenApp/md54259e6513023dd8c68a5505c80f1ae41.ContactList} from uid 10161 on display 0
11-26 14:26:57.554   258   258 I SFPerfTracer:      triggers: (rate: 27:2702) (compose: 9:441) (post: 0:594) (render: 16:889) (9:125141 frames) (10:149021)
11-26 14:26:57.554   258   258 D SFPerfTracer:        layers: (4:15) (FocusedStackFrame (0xb8efb238): 1:1650)* (DimLayer (0xb8ed9f10): 0:216)* (StatusBar (0xb8efd408): 0:21668) (com.android.systemui.ImageWallpaper (0xb8eef4b8): 0:1156)* (Sprite (0xb8e66928): 0:17946)* (Sprite (0xb8ebf820): 0:6182)* (Sprite (0xb8eb9ce8): 0:8405)* (Sprite (0xb8effc08): 10:27457) (DimLayer (0xb8ee1c10): 0:48)* (com.google.android.googlequicksearchbox/com.google.android.launcher.GEL (0xb8f084f0): 0:42)- (NavigationBar (0xb8f037d8): 0:46) (Starting SeniorenApp.SeniorenApp (0xb8ebc3a0): 0:39)- (SeniorenApp.SeniorenApp/md54259e6513023dd8c68a5505c80f1ae41.MainActivity (0xb8f084f0): 1:6) 
11-26 14:26:57.795  1789  1808 I LaunchCheckinHandler: Displayed SeniorenApp.SeniorenApp/md54259e6513023dd8c68a5505c80f1ae41.ContactList,wp,ca,428
11-26 14:26:58.519   258   710 I SFPerfTracer:      triggers: (rate: 2:81) (68061 sw vsyncs) (0 skipped) (0:154571 vsyncs) (2:238516)
11-26 14:26:59.999  1789  2914 V AlarmManager: sending alarm {718a1b4 type 1 *alarm*:com.droid27.tcw.ACTION_TIME_TICK}
11-26 14:27:00.002  1789  2914 V AlarmManager: sending alarm {be5e04d type 3 *alarm*:android.intent.action.TIME_TICK}
11-26 14:27:00.035  1789  1789 V AlarmManager: done {718a1b4, *alarm*:com.droid27.tcw.ACTION_TIME_TICK} [35ms]
11-26 14:27:00.061  1789  1789 V AlarmManager: done {be5e04d, *alarm*:android.intent.action.TIME_TICK} [59ms]
11-26 14:27:06.758  1789  2914 V AlarmManager: sending alarm {84cce87 type 3 *alarm*:send_events}
11-26 14:27:06.765  1789  1789 V AlarmManager: done {84cce87, *alarm*:send_events} [6ms]
11-26 14:27:11.670   296  1753 E NetlinkEvent: NetlinkEvent::FindParam(): Parameter 'UID' not found
11-26 14:27:11.676  1789 21620 I ActivityManager: Killing 26285:com.google.android.gms/u0a17 (adj 15): empty #7
11-26 14:27:11.721  1789  2954 D WifiService: Client connection lost with reason: 4
11-26 14:27:14.871  1789  6257 I ActivityManager: Process SeniorenApp.SeniorenApp (pid 26392) has died
11-26 14:27:14.871  1789  3443 I WindowState: WIN DEATH: Window{9caef84 u0 SeniorenApp.SeniorenApp/md54259e6513023dd8c68a5505c80f1ae41.MainActivity}
11-26 14:27:14.872  1789  6257 W ActivityManager: Force removing ActivityRecord{466c969 u0 SeniorenApp.SeniorenApp/md54259e6513023dd8c68a5505c80f1ae41.ContactList t107}: app died, no saved state
11-26 14:27:14.875  1789  3015 I WindowState: WIN DEATH: Window{5999325 u0 SeniorenApp.SeniorenApp/md54259e6513023dd8c68a5505c80f1ae41.ContactList}
11-26 14:27:14.891  1789  6257 I ActivityManager: Start proc 26430:SeniorenApp.SeniorenApp/u0a161 for activity SeniorenApp.SeniorenApp/md54259e6513023dd8c68a5505c80f1ae41.MainActivity
11-26 14:27:15.076  1789 11170 I ActivityManager: Process SeniorenApp.SeniorenApp (pid 26430) has died
11-26 14:27:15.087  1789 11170 I ActivityManager: Start proc 26443:SeniorenApp.SeniorenApp/u0a161 for activity SeniorenApp.SeniorenApp/md54259e6513023dd8c68a5505c80f1ae41.MainActivity
11-26 14:27:15.236  1789  6283 I ActivityManager: Process SeniorenApp.SeniorenApp (pid 26443) has died
11-26 14:27:15.247  1789  6283 I ActivityManager: Start proc 26457:SeniorenApp.SeniorenApp/u0a161 for activity SeniorenApp.SeniorenApp/md54259e6513023dd8c68a5505c80f1ae41.MainActivity
11-26 14:27:15.457  1789  6032 I ActivityManager: Process SeniorenApp.SeniorenApp (pid 26457) has died
11-26 14:27:15.458  1789  6032 W ActivityManager: Force removing ActivityRecord{12211ea u0 SeniorenApp.SeniorenApp/md54259e6513023dd8c68a5505c80f1ae41.MainActivity t107}: app died, no saved state
11-26 14:27:15.460  1789  6032 I ActivityManager: moveHomeStack, setupComplete:true
11-26 14:27:15.464  1789  1808 W WindowManager: Failed looking up window
11-26 14:27:15.464  1789  1808 W WindowManager: java.lang.IllegalArgumentException: Requested window android.view.ViewRootImpl$W@58e8f95 does not exist
11-26 14:27:15.464  1789  1808 W WindowManager: 	at com.android.server.wm.WindowManagerService.windowForClientLocked(WindowManagerService.java:8804)
11-26 14:27:15.464  1789  1808 W WindowManager: 	at com.android.server.wm.WindowManagerService.windowForClientLocked(WindowManagerService.java:8795)
11-26 14:27:15.464  1789  1808 W WindowManager: 	at com.android.server.wm.WindowManagerService.removeWindow(WindowManagerService.java:2740)
11-26 14:27:15.464  1789  1808 W WindowManager: 	at com.android.server.wm.Session.remove(Session.java:187)
11-26 14:27:15.464  1789  1808 W WindowManager: 	at android.view.ViewRootImpl.dispatchDetachedFromWindow(ViewRootImpl.java:3111)
11-26 14:27:15.464  1789  1808 W WindowManager: 	at android.view.ViewRootImpl.doDie(ViewRootImpl.java:5618)
11-26 14:27:15.464  1789  1808 W WindowManager: 	at android.view.ViewRootImpl$ViewRootHandler.handleMessage(ViewRootImpl.java:3421)
11-26 14:27:15.464  1789  1808 W WindowManager: 	at android.os.Handler.dispatchMessage(Handler.java:102)
11-26 14:27:15.464  1789  1808 W WindowManager: 	at android.os.Looper.loop(Looper.java:148)
11-26 14:27:15.464  1789  1808 W WindowManager: 	at android.os.HandlerThread.run(HandlerThread.java:61)
11-26 14:27:15.464  1789  1808 W WindowManager: 	at com.android.server.ServiceThread.run(ServiceThread.java:46)
11-26 14:27:15.548  1789  4627 W InputMethodManagerService: Got RemoteException sending setActive(false) notification to pid 26392 uid 10161
11-26 14:27:15.601  1789 11169 I ActivityManager: Force stopping SeniorenApp.SeniorenApp appid=10161 user=0: from pid 26427
11-26 14:27:15.617  1789  1803 I ActivityManager: Start proc 26478:com.motorola.context/u0a103 for broadcast com.motorola.context/.receiver.PackageReplaceReceiver
11-26 14:27:24.922  1789 21620 I ActivityManager: START u0 {act=android.intent.action.MAIN cat=[android.intent.category.LAUNCHER] flg=0x10000000 cmp=SeniorenApp.SeniorenApp/md54259e6513023dd8c68a5505c80f1ae41.MainActivity} from uid 2000 on display 0
11-26 14:27:24.951  1789  3062 I ActivityManager: Start proc 26587:SeniorenApp.SeniorenApp/u0a161 for activity SeniorenApp.SeniorenApp/md54259e6513023dd8c68a5505c80f1ae41.MainActivity
11-26 14:27:25.456   258   258 I SFPerfTracer:      triggers: (rate: 27:2703) (compose: 9:441) (post: 0:594) (render: 16:889) (24:125230 frames) (25:149144)
11-26 14:27:25.456   258   258 D SFPerfTracer:        layers: (5:17) (FocusedStackFrame (0xb8efb238): 1:1658)* (DimLayer (0xb8ed9f10): 0:216)* (StatusBar (0xb8efd408): 19:21712) (com.android.systemui.ImageWallpaper (0xb8eef4b8): 0:1158) (Sprite (0xb8e66928): 0:17946)* (Sprite (0xb8ebf820): 0:6182)* (Sprite (0xb8eb9ce8): 0:8405)* (Sprite (0xb8effc08): 0:27472)* (DimLayer (0xb8ee1c10): 1:51)* (NavigationBar (0xb8f037d8): 13:72) (SeniorenApp.SeniorenApp/md54259e6513023dd8c68a5505c80f1ae41.MainActivity (0xb8f084f0): 0:21)- (SeniorenApp.SeniorenApp/md54259e6513023dd8c68a5505c80f1ae41.ContactList (0xb8ebc3a0): 0:26)- (Starting SeniorenApp.SeniorenApp (0xb8ebc3a0): 0:13)- (com.google.android.googlequicksearchbox/com.google.android.launcher.GEL (0xb8eead68): 0:8) (Starting SeniorenApp.SeniorenApp (0xb8ebc3a0): 25:27) 
11-26 14:27:27.490  1789  1808 I LaunchCheckinHandler: Displayed SeniorenApp.SeniorenApp/md54259e6513023dd8c68a5505c80f1ae41.MainActivity,cp,ca,2557
11-26 14:27:27.565  1789  3443 I ActivityManager: Killing 26133:com.android.settings/1000 (adj 15): empty #7
11-26 14:27:28.138  1789 11170 I ActivityManager: START u0 {cmp=SeniorenApp.SeniorenApp/md54259e6513023dd8c68a5505c80f1ae41.ContactList} from uid 10161 on display 0
11-26 14:27:28.544  1789  1808 I LaunchCheckinHandler: Displayed SeniorenApp.SeniorenApp/md54259e6513023dd8c68a5505c80f1ae41.ContactList,wp,ca,391
11-26 14:27:29.288   258   710 I SFPerfTracer:      triggers: (rate: 2:81) (68061 sw vsyncs) (0 skipped) (46:154696 vsyncs) (48:238664)
11-26 14:27:30.855   258   258 I SFPerfTracer:      triggers: (rate: 27:2703) (compose: 9:441) (post: 0:594) (render: 16:889) (93:125364 frames) (94:149300)
11-26 14:27:30.855   258   258 D SFPerfTracer:        layers: (4:15) (FocusedStackFrame (0xb8efb238): 0:1665)* (DimLayer (0xb8ed9f10): 0:216)* (StatusBar (0xb8efd408): 0:21712) (com.android.systemui.ImageWallpaper (0xb8eef4b8): 0:1159)* (Sprite (0xb8e66928): 0:17946)* (Sprite (0xb8ebf820): 0:6182)* (Sprite (0xb8eb9ce8): 0:8405)* (Sprite (0xb8effc08): 93:27581) (DimLayer (0xb8ee1c10): 0:54)* (NavigationBar (0xb8f037d8): 0:72) (Starting SeniorenApp.SeniorenApp (0xb8ebc3a0): 0:39)- (SeniorenApp.SeniorenApp/md54259e6513023dd8c68a5505c80f1ae41.MainActivity (0xb8eead68): 0:21)- (SeniorenApp.SeniorenApp/md54259e6513023dd8c68a5505c80f1ae41.ContactList (0xb8ebc3a0): 84:109) 
11-26 14:27:32.138   258   710 I SFPerfTracer:      triggers: (rate: 2:81) (68061 sw vsyncs) (0 skipped) (56:154839 vsyncs) (58:238811)
11-26 14:27:32.956   258   258 I SFPerfTracer:      triggers: (rate: 27:2703) (compose: 9:441) (post: 0:594) (render: 16:889) (49:125475 frames) (50:149417)
11-26 14:27:32.957   258   258 D SFPerfTracer:        layers: (4:13) (FocusedStackFrame (0xb8efb238): 0:1665)* (DimLayer (0xb8ed9f10): 0:216)* (StatusBar (0xb8efd408): 0:21712) (com.android.systemui.ImageWallpaper (0xb8eef4b8): 0:1159)* (Sprite (0xb8e66928): 0:17946)* (Sprite (0xb8ebf820): 0:6182)* (Sprite (0xb8eb9ce8): 0:8405)* (Sprite (0xb8effc08): 49:27694) (DimLayer (0xb8ee1c10): 0:54)* (NavigationBar (0xb8f037d8): 0:72) (SeniorenApp.SeniorenApp/md54259e6513023dd8c68a5505c80f1ae41.ContactList (0xb8ebc3a0): 41:205) 
11-26 14:27:37.514  1789  2914 V AlarmManager: sending alarm {118a80e type 3 *alarm*:send_events}
11-26 14:27:37.523  1789  1789 V AlarmManager: done {118a80e, *alarm*:send_events} [9ms]
11-26 14:27:39.476  1789  3975 I ActivityManager: START u0 {act=android.intent.action.CALL dat=tel:xxxxxxxxxxxxxxxx cmp=com.android.server.telecom/.components.UserCallActivity} from uid 10161 on display 0
11-26 14:27:39.511  1789  6283 I ActivityManager: Start proc 26616:com.android.server.telecom:ui/1000 for activity com.android.server.telecom/.components.UserCallActivity
11-26 14:27:39.598  1789  1789 I Telecom : CallIntentProcessor: onReceive - isUnknownCall: false
11-26 14:27:39.601  1789  4626 W InputMethodManagerService: Window already focused, ignoring focus gain of: com.android.internal.view.IInputMethodClient$Stub$Proxy@78b3541 attribute=null, token = android.os.BinderProxy@d45e337
11-26 14:27:39.617  1789  1789 I Telecom : Event: Call 7: CREATED, null
11-26 14:27:39.618  1789  1789 I Telecom : Event: Call 7: SET_CONNECTING, ComponentInfo{com.android.phone/com.android.services.telephony.TelephonyConnectionService}, [1b73f5e505aa22a4fe0bac2e7d1c7ccfb790aeb4], UserHandle{0}
11-26 14:27:39.620  1789  1789 I Telecom : InCallController: Found default-dialer's In-Call UI: ComponentInfo{com.android.dialer/com.android.incallui.InCallServiceImpl}
11-26 14:27:39.620  1789  1789 I Telecom : InCallController: Attempting to bind to [def-dialer] InCall ComponentInfo{com.android.dialer/com.android.incallui.InCallServiceImpl}, with Intent { act=android.telecom.InCallService cmp=com.android.dialer/com.android.incallui.InCallServiceImpl (has extras) }
11-26 14:27:39.634  1789  1789 I ActivityManager: Start proc 26628:com.android.dialer/u0a12 for service com.android.dialer/com.android.incallui.InCallServiceImpl
11-26 14:27:39.636  1789  6257 I ActivityManager: Killing 26118:com.motorola.motodisplay/u0a31 (adj 15): empty #7
11-26 14:27:39.639  1789  1789 I Telecom : CallAudioManager: updateAudioStreamAndMode :  mIsRinging: false, mIsTonePlaying: false, call: [29731558, CONNECTING, null, tel:*** **** *******, A, ComponentInfo{com.android.phone/com.android.services.telephony.TelephonyConnectionService}, [1b73f5e505aa22a4fe0bac2e7d1c7ccfb790aeb4], UserHandle{0}, childs(0), has_parent(false), [[Capabilities:]]]
11-26 14:27:39.641  1789  1789 I Telecom : CallAudioManager: updateAudioStreamAndMode :  mIsRinging: false, mIsTonePlaying: false, call: [29731558, CONNECTING, null, tel:*** **** *******, A, ComponentInfo{com.android.phone/com.android.services.telephony.TelephonyConnectionService}, [1b73f5e505aa22a4fe0bac2e7d1c7ccfb790aeb4], UserHandle{0}, childs(0), has_parent(false), [[Capabilities:]]]
11-26 14:27:39.641  1789  1789 I Telecom : CallAudioManager: requestAudioFocusAndSetMode : requesting stream: STEAM_NONE -> STREAM_VOICE_CALL
11-26 14:27:39.642  1789  1789 I Telecom : CallAudioManager: setSystemAudioState: changing from [AudioState isMuted: false, route: EARPIECE, supportedRouteMask: EARPIECE, SPEAKER] to [AudioState isMuted: false, route: EARPIECE, supportedRouteMask: EARPIECE, SPEAKER]
11-26 14:27:39.642  1789  1789 I Telecom : Event: Call 7: AUDIO_ROUTE, EARPIECE
11-26 14:27:39.649  1789  1789 I Telecom : NewOutgoingCallIntentBroadcaster: Sending NewOutgoingCallBroadcast for [29731558, CONNECTING, null, tel:*** **** *******, A, ComponentInfo{com.android.phone/com.android.services.telephony.TelephonyConnectionService}, [1b73f5e505aa22a4fe0bac2e7d1c7ccfb790aeb4], UserHandle{0}, childs(0), has_parent(false), [[Capabilities:]]]
11-26 14:27:39.768  1789  1789 I Telecom : TelecomSystem: CallerInfoAsyncQuery.startQuery number=[e565f4755da8f6fcb1151957d729f8a2a765407d] cookie=[29731558, CONNECTING, null, tel:*** **** *******, A, ComponentInfo{com.android.phone/com.android.services.telephony.TelephonyConnectionService}, [1b73f5e505aa22a4fe0bac2e7d1c7ccfb790aeb4], UserHandle{0}, childs(0), has_parent(false), [[Capabilities:]]]
11-26 14:27:39.940  1789  1789 I Telecom : Call: CallerInfo received for tel:*** **** *******: com.android.internal.telephony.CallerInfo@1904b79 { name non-null, phoneNumber non-null }
11-26 14:27:39.995  1789  3015 I ActivityManager: START u0 {act=android.intent.action.MAIN flg=0x10040000 cmp=com.android.dialer/com.android.incallui.InCallActivity (has extras)} from uid 10012 on display 0
11-26 14:27:40.025  1789  1789 I Telecom : InCallController: Adding 1 calls to InCallService after onConnected: ComponentInfo{com.android.dialer/com.android.incallui.InCallServiceImpl}
11-26 14:27:40.025  1789  1789 I Telecom : InCallController: Calling onAudioStateChanged, audioState: null -> [AudioState isMuted: false, route: EARPIECE, supportedRouteMask: EARPIECE, SPEAKER]
11-26 14:27:40.026  1789  1789 I Telecom : InCallController: onCanAddCallChanged : false
11-26 14:27:40.086  1789  3975 I ActivityManager: Start proc 26643:com.google.android.gms/u0a17 for service com.google.android.gms/.chimera.GmsIntentOperationService
11-26 14:27:40.091  1789  1789 I Telecom : NewOutgoingCallBroadcastIntentReceiver: Received new-outgoing-call-broadcast for [29731558, CONNECTING, null, tel:*** **** *******, A, ComponentInfo{com.android.phone/com.android.services.telephony.TelephonyConnectionService}, [1b73f5e505aa22a4fe0bac2e7d1c7ccfb790aeb4], UserHandle{0}, childs(0), has_parent(false), [[Capabilities:]]] with data [c8867b3c7dc2c9469096179c56b64f674703216f]
11-26 14:27:40.096  1789  1789 I Telecom : CallsManager: Creating a new outgoing call with handle: tel:**************
11-26 14:27:40.103  1789  1789 I Telecom : InCallController: Sending updateCall [29731558, CONNECTING, null, tel:**************, A, ComponentInfo{com.android.phone/com.android.services.telephony.TelephonyConnectionService}, [1b73f5e505aa22a4fe0bac2e7d1c7ccfb790aeb4], UserHandle{0}, childs(0), has_parent(false), [[Capabilities:]]] ==> [InCall@11, parent:null, children:[]]
11-26 14:27:40.104  1789  1789 I Telecom : InCallController: Components updated: [ComponentInfo{com.android.dialer/com.android.incallui.InCallServiceImpl}]
11-26 14:27:40.105  1789  1789 I Telecom : InCallController: Sending updateCall [29731558, CONNECTING, null, tel:**************, A, ComponentInfo{com.android.phone/com.android.services.telephony.TelephonyConnectionService}, [1b73f5e505aa22a4fe0bac2e7d1c7ccfb790aeb4], UserHandle{0}, childs(0), has_parent(false), [[Capabilities:]]] ==> [InCall@11, parent:null, children:[]]
11-26 14:27:40.106  1789  1789 I Telecom : InCallController: Components updated: [ComponentInfo{com.android.dialer/com.android.incallui.InCallServiceImpl}]
11-26 14:27:40.106  1789  1789 I Telecom : CallsManager: [29731558, CONNECTING, null, tel:**************, A, ComponentInfo{com.android.phone/com.android.services.telephony.TelephonyConnectionService}, [1b73f5e505aa22a4fe0bac2e7d1c7ccfb790aeb4], UserHandle{0}, childs(0), has_parent(false), [[Capabilities:]]] Starting with speakerphone because car is docked.
11-26 14:27:40.121  1789  1789 I Telecom : PhoneAccountRegistrar: SimCallManager queried, returning: null
11-26 14:27:40.122  1789  1789 I Telecom : CreateConnectionProcessor: Trying attempt CallAttemptRecord(ComponentInfo{com.android.phone/com.android.services.telephony.TelephonyConnectionService}, [1b73f5e505aa22a4fe0bac2e7d1c7ccfb790aeb4], UserHandle{0},ComponentInfo{com.android.phone/com.android.services.telephony.TelephonyConnectionService}, [1b73f5e505aa22a4fe0bac2e7d1c7ccfb790aeb4], UserHandle{0})
11-26 14:27:40.122  1789  1789 I Telecom : Event: Call 7: BIND_CS, ComponentInfo{com.android.phone/com.android.services.telephony.TelephonyConnectionService}
11-26 14:27:40.125  1789  1789 I Telecom : TelecomSystem: CallerInfoAsyncQuery.startQuery number=[c8867b3c7dc2c9469096179c56b64f674703216f] cookie=[29731558, CONNECTING, com.android.phone/com.android.services.telephony.TelephonyConnectionService, tel:**************, A, ComponentInfo{com.android.phone/com.android.services.telephony.TelephonyConnectionService}, [1b73f5e505aa22a4fe0bac2e7d1c7ccfb790aeb4], UserHandle{0}, childs(0), has_parent(false), [[Capabilities:]]]
11-26 14:27:40.146  1789  1789 I Telecom : Call: CallerInfo received for tel:**************: com.android.internal.telephony.CallerInfo@58ce6ed { name non-null, phoneNumber non-null }
11-26 14:27:40.160  1789  1789 I Telecom : ServiceBinderConnection: Service bound ComponentInfo{com.android.phone/com.android.services.telephony.TelephonyConnectionService}
11-26 14:27:40.161  1789  1789 I Telecom : Event: Call 7: CS_BOUND, ComponentInfo{com.android.phone/com.android.services.telephony.TelephonyConnectionService}
11-26 14:27:40.161  1789  1789 I Telecom : Event: Call 7: START_CONNECTION, tel:**************
11-26 14:27:40.171  1789  3443 I Telecom : PhoneAccountRegistrar: SimCallManager queried, returning: null
11-26 14:27:40.236  1789  3062 I Telecom : InCallController: Sending updateCall [29731558, CONNECTING, com.android.phone/com.android.services.telephony.TelephonyConnectionService, tel:**************, A, ComponentInfo{com.android.phone/com.android.services.telephony.TelephonyConnectionService}, [1b73f5e505aa22a4fe0bac2e7d1c7ccfb790aeb4], UserHandle{0}, childs(0), has_parent(false), [[Capabilities: CAPABILITY_SUPPORT_HOLD CAPABILITY_MUTE]]] ==> [InCall@11, parent:null, children:[]]
11-26 14:27:40.237  1789  3062 I Telecom : InCallController: Components updated: [ComponentInfo{com.android.dialer/com.android.incallui.InCallServiceImpl}]
11-26 14:27:40.237  1789  3062 I Telecom : InCallController: Sending updateCall [29731558, CONNECTING, com.android.phone/com.android.services.telephony.TelephonyConnectionService, tel:**************, A, ComponentInfo{com.android.phone/com.android.services.telephony.TelephonyConnectionService}, [1b73f5e505aa22a4fe0bac2e7d1c7ccfb790aeb4], UserHandle{0}, childs(0), has_parent(false), [[Capabilities: CAPABILITY_SUPPORT_HOLD CAPABILITY_MUTE]]] ==> [InCall@11, parent:null, children:[]]
11-26 14:27:40.238  1789  3062 I Telecom : InCallController: Components updated: [ComponentInfo{com.android.dialer/com.android.incallui.InCallServiceImpl}]
11-26 14:27:40.239  1789  3062 I Telecom : CallsManager: setCallState CONNECTING -> DIALING, call: [29731558, CONNECTING, com.android.phone/com.android.services.telephony.TelephonyConnectionService, tel:**************, A, ComponentInfo{com.android.phone/com.android.services.telephony.TelephonyConnectionService}, [1b73f5e505aa22a4fe0bac2e7d1c7ccfb790aeb4], UserHandle{0}, childs(0), has_parent(false), [[Capabilities: CAPABILITY_SUPPORT_HOLD CAPABILITY_MUTE]]]
11-26 14:27:40.239  1789  3062 I Telecom : Event: Call 7: SET_DIALING, successful outgoing call
11-26 14:27:40.240  1789  3062 I Telecom : InCallController: Sending updateCall [29731558, DIALING, com.android.phone/com.android.services.telephony.TelephonyConnectionService, tel:**************, A, ComponentInfo{com.android.phone/com.android.services.telephony.TelephonyConnectionService}, [1b73f5e505aa22a4fe0bac2e7d1c7ccfb790aeb4], UserHandle{0}, childs(0), has_parent(false), [[Capabilities: CAPABILITY_SUPPORT_HOLD CAPABILITY_MUTE]]] ==> [InCall@11, parent:null, children:[]]
11-26 14:27:40.241  1789  3062 I Telecom : InCallController: Components updated: [ComponentInfo{com.android.dialer/com.android.incallui.InCallServiceImpl}]
11-26 14:27:40.241  1789  3062 I Telecom : CallAudioManager: updateAudioStreamAndMode :  mIsRinging: false, mIsTonePlaying: false, call: [29731558, DIALING, com.android.phone/com.android.services.telephony.TelephonyConnectionService, tel:**************, A, ComponentInfo{com.android.phone/com.android.services.telephony.TelephonyConnectionService}, [1b73f5e505aa22a4fe0bac2e7d1c7ccfb790aeb4], UserHandle{0}, childs(0), has_parent(false), [[Capabilities: CAPABILITY_SUPPORT_HOLD CAPABILITY_MUTE]]]
11-26 14:27:40.272  1789  3062 I Telecom : PhoneStateBroadcaster: Broadcasted state change: 2
11-26 14:27:40.273  1789  3062 I Telecom : InCallController: Sending updateCall [29731558, DIALING, com.android.phone/com.android.services.telephony.TelephonyConnectionService, tel:**************, A, ComponentInfo{com.android.phone/com.android.services.telephony.TelephonyConnectionService}, [1b73f5e505aa22a4fe0bac2e7d1c7ccfb790aeb4], UserHandle{0}, childs(0), has_parent(false), [[Capabilities: CAPABILITY_SUPPORT_HOLD CAPABILITY_MUTE]]] ==> [InCall@11, parent:null, children:[]]
11-26 14:27:40.273  1789  3062 I Telecom : InCallController: Components updated: [ComponentInfo{com.android.dialer/com.android.incallui.InCallServiceImpl}]
11-26 14:27:40.274  1789  3062 I Telecom : CallsManager: setCallState DIALING -> DIALING, call: [29731558, DIALING, com.android.phone/com.android.services.telephony.TelephonyConnectionService, tel:**************, A, ComponentInfo{com.android.phone/com.android.services.telephony.TelephonyConnectionService}, [1b73f5e505aa22a4fe0bac2e7d1c7ccfb790aeb4], UserHandle{0}, childs(0), has_parent(false), [[Capabilities: CAPABILITY_SUPPORT_HOLD CAPABILITY_MUTE]]]
11-26 14:27:40.275  1789  1799 I ActivityManager: START u0 {act=android.intent.action.MAIN flg=0x10040000 cmp=com.android.dialer/com.android.incallui.InCallActivity (has extras)} from uid 10012 on display 0
11-26 14:27:40.290  1789  1808 I LaunchCheckinHandler: Displayed com.android.dialer/com.android.incallui.InCallActivity,wp,ca,278
11-26 14:27:40.496  1789 11170 I Telecom : InCallController: Sending updateCall [29731558, DIALING, com.android.phone/com.android.services.telephony.TelephonyConnectionService, tel:**************, A, ComponentInfo{com.android.phone/com.android.services.telephony.TelephonyConnectionService}, [1b73f5e505aa22a4fe0bac2e7d1c7ccfb790aeb4], UserHandle{0}, childs(0), has_parent(false), [[Capabilities: CAPABILITY_SUPPORT_HOLD CAPABILITY_MUTE]]] ==> [InCall@11, parent:null, children:[]]
11-26 14:27:40.497  1789 11170 I Telecom : InCallController: Components updated: [ComponentInfo{com.android.dialer/com.android.incallui.InCallServiceImpl}]
11-26 14:27:40.498  1789 11170 I Telecom : InCallController: Sending updateCall [29731558, DIALING, com.android.phone/com.android.services.telephony.TelephonyConnectionService, tel:**************, A, ComponentInfo{com.android.phone/com.android.services.telephony.TelephonyConnectionService}, [1b73f5e505aa22a4fe0bac2e7d1c7ccfb790aeb4], UserHandle{0}, childs(0), has_parent(false), [[Capabilities: CAPABILITY_SUPPORT_HOLD CAPABILITY_MUTE]]] ==> [InCall@11, parent:null, children:[]]
11-26 14:27:40.498  1789 11170 I Telecom : InCallController: Components updated: [ComponentInfo{com.android.dialer/com.android.incallui.InCallServiceImpl}]
11-26 14:27:41.272   258   710 I SFPerfTracer:      triggers: (rate: 2:81) (68061 sw vsyncs) (0 skipped) (26:154943 vsyncs) (28:238935)
11-26 14:27:42.009   258   258 I SFPerfTracer:      triggers: (rate: 27:2704) (compose: 9:441) (post: 0:594) (render: 16:889) (73:125592 frames) (74:149550)
11-26 14:27:42.009   258   258 D SFPerfTracer:        layers: (4:14) (FocusedStackFrame (0xb8efb238): 0:1669)* (DimLayer (0xb8ed9f10): 0:216)* (StatusBar (0xb8efd408): 1:21729) (com.android.systemui.ImageWallpaper (0xb8eef4b8): 0:1159)* (Sprite (0xb8e66928): 0:17946)* (Sprite (0xb8ebf820): 0:6182)* (Sprite (0xb8eb9ce8): 0:8405)* (Sprite (0xb8effc08): 0:27709)* (DimLayer (0xb8ee1c10): 0:54)* (NavigationBar (0xb8f037d8): 0:84) (SeniorenApp.SeniorenApp/md54259e6513023dd8c68a5505c80f1ae41.ContactList (0xb8ebc3a0): 0:220) (com.android.dialer/com.android.incallui.InCallActivity (0xb8eead68): 73:96) 
11-26 14:27:42.092  1789 11170 I Telecom : Event: Call 7: REQUEST_DISCONNECT, null
11-26 14:27:42.093  1789 11170 I Telecom : Call: Send disconnect to connection service for call: [29731558, DIALING, com.android.phone/com.android.services.telephony.TelephonyConnectionService, tel:**************, A, ComponentInfo{com.android.phone/com.android.services.telephony.TelephonyConnectionService}, [1b73f5e505aa22a4fe0bac2e7d1c7ccfb790aeb4], UserHandle{0}, childs(0), has_parent(false), [[Capabilities: CAPABILITY_SUPPORT_HOLD CAPABILITY_MUTE]]]
11-26 14:27:42.644  1789  1799 I Telecom : InCallController: Sending updateCall [29731558, DIALING, com.android.phone/com.android.services.telephony.TelephonyConnectionService, tel:**************, A, ComponentInfo{com.android.phone/com.android.services.telephony.TelephonyConnectionService}, [1b73f5e505aa22a4fe0bac2e7d1c7ccfb790aeb4], UserHandle{0}, childs(0), has_parent(false), [[Capabilities: CAPABILITY_SUPPORT_HOLD CAPABILITY_MUTE]]] ==> [InCall@11, parent:null, children:[]]
11-26 14:27:42.645  1789  1799 I Telecom : InCallController: Components updated: [ComponentInfo{com.android.dialer/com.android.incallui.InCallServiceImpl}]
11-26 14:27:42.646  1789  3975 I Telecom : InCallController: Sending updateCall [29731558, DIALING, com.android.phone/com.android.services.telephony.TelephonyConnectionService, tel:**************, A, ComponentInfo{com.android.phone/com.android.services.telephony.TelephonyConnectionService}, [1b73f5e505aa22a4fe0bac2e7d1c7ccfb790aeb4], UserHandle{0}, childs(0), has_parent(false), [[Capabilities: CAPABILITY_SUPPORT_HOLD CAPABILITY_MUTE]]] ==> [InCall@11, parent:null, children:[]]
11-26 14:27:42.647  1789  3975 I Telecom : InCallController: Components updated: [ComponentInfo{com.android.dialer/com.android.incallui.InCallServiceImpl}]
11-26 14:27:42.648  1789  3975 I Telecom : CallsManager: setCallState DIALING -> DISCONNECTED, call: [29731558, DIALING, com.android.phone/com.android.services.telephony.TelephonyConnectionService, tel:**************, A, ComponentInfo{com.android.phone/com.android.services.telephony.TelephonyConnectionService}, [1b73f5e505aa22a4fe0bac2e7d1c7ccfb790aeb4], UserHandle{0}, childs(0), has_parent(false), [[Capabilities: CAPABILITY_SUPPORT_HOLD CAPABILITY_MUTE]]]
11-26 14:27:42.648  1789  3975 I Telecom : Event: Call 7: SET_DISCONNECTED, disconnected set explicitly> DisconnectCause [ Code: (LOCAL) Label: () Description: () Reason: (LOCAL) Tone: (27) ]
11-26 14:27:42.648  1789  3975 I Telecom : CallAudioManager: updateAudioStreamAndMode :  mIsRinging: false, mIsTonePlaying: true, call: null
11-26 14:27:42.649  1789  3975 I Telecom : InCallController: Sending updateCall [29731558, DISCONNECTED, com.android.phone/com.android.services.telephony.TelephonyConnectionService, tel:**************, A, ComponentInfo{com.android.phone/com.android.services.telephony.TelephonyConnectionService}, [1b73f5e505aa22a4fe0bac2e7d1c7ccfb790aeb4], UserHandle{0}, childs(0), has_parent(false), [[Capabilities: CAPABILITY_SUPPORT_HOLD CAPABILITY_MUTE]]] ==> [InCall@11, parent:null, children:[]]
11-26 14:27:42.650  1789  3975 I Telecom : InCallController: Components updated: [ComponentInfo{com.android.dialer/com.android.incallui.InCallServiceImpl}]
11-26 14:27:42.650  1789  3975 I Telecom : CallAudioManager: updateAudioStreamAndMode :  mIsRinging: false, mIsTonePlaying: true, call: [29731558, DISCONNECTED, com.android.phone/com.android.services.telephony.TelephonyConnectionService, tel:**************, A, ComponentInfo{com.android.phone/com.android.services.telephony.TelephonyConnectionService}, [1b73f5e505aa22a4fe0bac2e7d1c7ccfb790aeb4], UserHandle{0}, childs(0), has_parent(false), [[Capabilities: CAPABILITY_SUPPORT_HOLD CAPABILITY_MUTE]]]
11-26 14:27:42.656  1789  3975 W ContextImpl: Calling a method in the system process without a qualified user: android.app.ContextImpl.sendBroadcast:778 android.content.ContextWrapper.sendBroadcast:401 com.android.server.telecom.CallLogManager.sendAddCallBroadcast:318 com.android.server.telecom.CallLogManager.logCall:194 com.android.server.telecom.CallLogManager.logCall:155 
11-26 14:27:42.657  1789  3975 I Telecom : CallAudioManager: updateAudioStreamAndMode :  mIsRinging: false, mIsTonePlaying: true, call: null
11-26 14:27:42.658  1789  3975 I Telecom : InCallController: onCanAddCallChanged : true
11-26 14:27:42.661  1789  3975 I Telecom : InCallController: Sending updateCall [29731558, DISCONNECTED, com.android.phone/com.android.services.telephony.TelephonyConnectionService, tel:**************, A, ComponentInfo{com.android.phone/com.android.services.telephony.TelephonyConnectionService}, [1b73f5e505aa22a4fe0bac2e7d1c7ccfb790aeb4], UserHandle{0}, childs(0), has_parent(false), [[Capabilities: CAPABILITY_SUPPORT_HOLD CAPABILITY_MUTE]]] ==> [InCall@11, parent:null, children:[]]
11-26 14:27:42.661  1789  3975 I Telecom : InCallController: Components updated: [ComponentInfo{com.android.dialer/com.android.incallui.InCallServiceImpl}]
11-26 14:27:42.662  1789  3975 I Telecom : ConnectionServiceWrapper: Service unbound ComponentInfo{com.android.phone/com.android.services.telephony.TelephonyConnectionService}, from unbind.
11-26 14:27:42.663  1789  3975 I Telecom : Event: Call 7: DESTROYED, null
11-26 14:27:42.663  1789  3975 I Telecom : InCallController: onCallRemoved: [29731558, DISCONNECTED, null, tel:**************, A, ComponentInfo{com.android.phone/com.android.services.telephony.TelephonyConnectionService}, [1b73f5e505aa22a4fe0bac2e7d1c7ccfb790aeb4], UserHandle{0}, childs(0), has_parent(false), [[Capabilities: CAPABILITY_SUPPORT_HOLD CAPABILITY_MUTE]]]
11-26 14:27:42.665  1789  3975 I Telecom : CallAudioManager: updateAudioStreamAndMode :  mIsRinging: false, mIsTonePlaying: true, call: [29731558, DISCONNECTED, null, tel:**************, A, ComponentInfo{com.android.phone/com.android.services.telephony.TelephonyConnectionService}, [1b73f5e505aa22a4fe0bac2e7d1c7ccfb790aeb4], UserHandle{0}, childs(0), has_parent(false), [[Capabilities: CAPABILITY_SUPPORT_HOLD CAPABILITY_MUTE]]]
11-26 14:27:42.666  1789  3975 I Telecom : PhoneStateBroadcaster: Broadcasted state change: 0
11-26 14:27:42.666  1789  3975 I Telecom : ProximitySensorManager: All calls removed, resetting proximity sensor to default state
11-26 14:27:42.666  1789  3975 I Telecom : ProximitySensorManager: Proximity wake lock already released
11-26 14:27:42.716   296  1753 E NetlinkEvent: NetlinkEvent::FindParam(): Parameter 'UID' not found
11-26 14:27:42.773   258   258 I SFPerfTracer:      triggers: (rate: 27:2709) (compose: 9:445) (post: 0:595) (render: 16:894) (26:125627 frames) (27:149587)
11-26 14:27:42.773   258   258 D SFPerfTracer:        layers: (4:14) (FocusedStackFrame (0xb8efb238): 0:1669)* (DimLayer (0xb8ed9f10): 0:216)* (StatusBar (0xb8efd408): 1:21731) (com.android.systemui.ImageWallpaper (0xb8eef4b8): 0:1159)* (Sprite (0xb8e66928): 0:17946)* (Sprite (0xb8ebf820): 0:6182)* (Sprite (0xb8eb9ce8): 0:8405)* (Sprite (0xb8effc08): 1:27719)* (DimLayer (0xb8ee1c10): 0:54)* (NavigationBar (0xb8f037d8): 0:84) (SeniorenApp.SeniorenApp/md54259e6513023dd8c68a5505c80f1ae41.ContactList (0xb8ebc3a0): 0:220) (com.android.dialer/com.android.incallui.InCallActivity (0xb8eead68): 27:132) 
11-26 14:27:42.857  1789  1803 I ActivityManager: Start proc 26695:com.android.calllogbackup/u0a8 for broadcast com.android.calllogbackup/.CallLogChangeReceiver
11-26 14:27:42.897  1789  1789 I Telecom : CallAudioManager: updateAudioStreamAndMode :  mIsRinging: false, mIsTonePlaying: false, call: null
11-26 14:27:43.988   258   710 I SFPerfTracer:      triggers: (rate: 2:81) (68061 sw vsyncs) (0 skipped) (45:155072 vsyncs) (47:239074)
11-26 14:27:44.081  1789  2915 I ActivityManager: START u0 {act=android.intent.action.MAIN cat=[android.intent.category.HOME] flg=0x10200000 cmp=com.google.android.googlequicksearchbox/com.google.android.launcher.GEL (has extras)} from uid 1000 on display 0
11-26 14:27:44.081  1789  2915 I ActivityManager: moveHomeStack, setupComplete:true
11-26 14:27:44.258  1789  1808 I LaunchCheckinHandler: Displayed com.google.android.googlequicksearchbox/com.google.android.launcher.GEL,wp,wa,178
11-26 14:27:44.665  1789  1789 I Telecom : InCallController: Unbinding from InCallService ComponentInfo{com.android.dialer/com.android.incallui.InCallServiceImpl}
11-26 14:27:47.590  1789  6283 I ActivityManager: Killing 25037:com.droid27.transparentclockweather/u0a113 (adj 15): empty #7
11-26 14:27:50.086  1789  2955 D ConnectivityService: notifyType CAP_CHANGED for NetworkAgentInfo [WIFI () - 113]
11-26 14:27:53.099  1789  2955 D ConnectivityService: notifyType CAP_CHANGED for NetworkAgentInfo [WIFI () - 113]
11-26 14:27:58.191   296  1753 E NetlinkEvent: NetlinkEvent::FindParam(): Parameter 'UID' not found
11-26 14:28:00.000  1789  2914 V AlarmManager: sending alarm {718a1b4 type 1 *alarm*:com.droid27.tcw.ACTION_TIME_TICK}
11-26 14:28:00.002  1789  2914 V AlarmManager: sending alarm {be5e04d type 3 *alarm*:android.intent.action.TIME_TICK}
11-26 14:28:00.015  1789  1803 I LaunchCheckinHandler: cleanup(): cleared. Last call was 15756 ms ago
11-26 14:28:00.015  1789  1803 I ActivityManager: Start proc 26728:com.droid27.transparentclockweather/u0a113 for broadcast com.droid27.transparentclockweather/.Widget_2x1
11-26 14:28:00.101  1789  1789 V AlarmManager: done {be5e04d, *alarm*:android.intent.action.TIME_TICK} [100ms]
11-26 14:28:00.173  1789  3975 I ActivityManager: Killing 26478:com.motorola.context/u0a103 (adj 15): empty #7
11-26 14:28:00.174  1789  1789 V AlarmManager: done {718a1b4, *alarm*:com.droid27.tcw.ACTION_TIME_TICK} [174ms]
11-26 14:28:00.227   258   258 I SFPerfTracer:      triggers: (rate: 27:2711) (compose: 9:445) (post: 0:595) (render: 16:894) (3:125696 frames) (4:149689)
11-26 14:28:00.227   258   258 D SFPerfTracer:        layers: (4:15) (FocusedStackFrame (0xb8efb238): 0:1672)* (DimLayer (0xb8ed9f10): 0:216)* (StatusBar (0xb8efd408): 4:21781) (com.android.systemui.ImageWallpaper (0xb8eef4b8): 0:1161) (Sprite (0xb8e66928): 0:17946)* (Sprite (0xb8ebf820): 0:6182)* (Sprite (0xb8eb9ce8): 0:8405)* (Sprite (0xb8effc08): 0:27734)* (DimLayer (0xb8ee1c10): 0:54)* (NavigationBar (0xb8f037d8): 0:130) (SeniorenApp.SeniorenApp/md54259e6513023dd8c68a5505c80f1ae41.ContactList (0xb8ebc3a0): 0:246)- (com.android.dialer/com.android.incallui.InCallActivity (0xb8eead68): 0:167)- (com.google.android.googlequicksearchbox/com.google.android.launcher.GEL (0xb8eead68): 0:7) 
11-26 14:28:00.278  1789  3975 I ActivityManager: Killing 26252:Mono.Android.DebugRuntime/u0a119 (adj 15): empty #7
11-26 14:28:05.160  1789  2955 D ConnectivityService: notifyType CAP_CHANGED for NetworkAgentInfo [WIFI () - 113]
11-26 14:28:08.375  1789  3015 I ActivityManager: Force stopping SeniorenApp.SeniorenApp appid=10161 user=0: from pid 26752
11-26 14:28:08.375  1789  3015 I ActivityManager: Killing 26587:SeniorenApp.SeniorenApp/u0a161 (adj 7): stop SeniorenApp.SeniorenApp
11-26 14:28:08.431  1789  4627 I WindowState: WIN DEATH: Window{fbfcb3f u0 SeniorenApp.SeniorenApp/md54259e6513023dd8c68a5505c80f1ae41.MainActivity}
11-26 14:28:08.435  1789  6257 I WindowState: WIN DEATH: Window{586b0a4 u0 SeniorenApp.SeniorenApp/md54259e6513023dd8c68a5505c80f1ae41.ContactList}
11-26 14:28:08.442  1789  3015 I ActivityManager: Killing 26616:com.android.server.telecom:ui/1000 (adj 15): empty #7
11-26 14:28:08.547  1789  3015 I ActivityManager:   Force finishing activity ActivityRecord{1307f3 u0 SeniorenApp.SeniorenApp/md54259e6513023dd8c68a5505c80f1ae41.MainActivity t108}
11-26 14:28:08.549  1789  3015 I ActivityManager:   Force finishing activity ActivityRecord{726bcf8 u0 SeniorenApp.SeniorenApp/md54259e6513023dd8c68a5505c80f1ae41.ContactList t108}
11-26 14:28:08.556  1789  3975 W ActivityManager: Spurious death for ProcessRecord{f017773 0:SeniorenApp.SeniorenApp/u0a161}, curProc for 26587: null
11-26 14:28:08.580  1789  1803 I ActivityManager: Start proc 26762:com.motorola.context/u0a103 for broadcast com.motorola.context/.receiver.PackageReplaceReceiver
11-26 14:28:08.640  1789  1800 I ActivityManager: Killing 26304:com.google.process.gapps/u0a17 (adj 15): empty #7
11-26 14:28:17.229  1789  2955 D ConnectivityService: notifyType CAP_CHANGED for NetworkAgentInfo [WIFI () - 113]
11-26 14:28:44.407  1789  2955 D ConnectivityService: notifyType CAP_CHANGED for NetworkAgentInfo [WIFI () - 113]
11-26 14:28:50.449  1789  2955 D ConnectivityService: notifyType CAP_CHANGED for NetworkAgentInfo [WIFI () - 113]
11-26 14:28:53.475  1789  2955 D ConnectivityService: notifyType CAP_CHANGED for NetworkAgentInfo [WIFI () - 113]
11-26 14:28:56.502  1789  2955 D ConnectivityService: notifyType CAP_CHANGED for NetworkAgentInfo [WIFI () - 113]
11-26 14:29:00.001  1789  2914 V AlarmManager: sending alarm {be5e04d type 3 *alarm*:android.intent.action.TIME_TICK}
11-26 14:29:00.002  1789  2914 V AlarmManager: sending alarm {718a1b4 type 1 *alarm*:com.droid27.tcw.ACTION_TIME_TICK}
11-26 14:29:00.037  1789  1789 V AlarmManager: done {718a1b4, *alarm*:com.droid27.tcw.ACTION_TIME_TICK} [36ms]
11-26 14:29:00.077  1789  1789 V AlarmManager: done {be5e04d, *alarm*:android.intent.action.TIME_TICK} [77ms]
11-26 14:29:01.567   296  1753 E NetlinkEvent: NetlinkEvent::FindParam(): Parameter 'UID' not found
11-26 14:29:16.590   296  1753 E NetlinkEvent: NetlinkEvent::FindParam(): Parameter 'UID' not found
11-26 14:29:41.007   258   710 I SFPerfTracer:      triggers: (rate: 2:81) (68061 sw vsyncs) (0 skipped) (34:155150 vsyncs) (36:239203)
11-26 14:29:45.082  1789  1811 I PowerManagerService: Going to sleep due to screen timeout (uid 1000)...
11-26 14:29:45.619  1789  1808 I DisplayManagerService: Display device changed state: "Integriertes Display", OFF
11-26 14:29:45.713  1789  3062 I ActivityManager: Killing 26695:com.android.calllogbackup/u0a8 (adj 13): empty #7
11-26 14:29:45.816  1789  1811 I DreamManagerService: Entering dreamland.
11-26 14:29:45.817  1789  1805 I DreamController: Starting dream: name=ComponentInfo{com.motorola.motodisplay/com.motorola.motodisplay.DozeService}, isTest=false, canDoze=true, userId=0
11-26 14:29:45.818  1789  1811 I PowerManagerService: Dozing...
11-26 14:29:45.855  1789  1805 I ActivityManager: Start proc 26821:com.motorola.motodisplay/u0a31 for service com.motorola.motodisplay/.DozeService
11-26 14:29:46.019  1789  1803 I ActivityManager: Start proc 26836:com.android.settings/1000 for broadcast com.android.settings/com.motorola.settings.notification.HiddenListenerSettingsReceiver
11-26 14:29:46.028  1789  1789 V NotificationListeners: enabling notification listener for user 0: ComponentInfo{com.motorola.motodisplay/com.motorola.motodisplay.MDNotificationListenerService}
11-26 14:29:46.112 26836 26836 W ContextImpl: Calling a method in the system process without a qualified user: android.app.ContextImpl.startService:1221 android.content.ContextWrapper.startService:581 android.content.ContextWrapper.startService:581 com.motorola.settings.notification.HiddenListenerSettingsReceiver.onReceive:35 android.app.ActivityThread.handleReceiver:2743 
11-26 14:29:46.133  1789  6257 I ActivityManager: Killing 26628:com.android.dialer/u0a12 (adj 13): empty #7
11-26 14:29:46.178   258   258 I SFPerfTracer:      triggers: (rate: 27:2711) (compose: 9:445) (post: 0:595) (render: 16:894) (0:125730 frames) (1:149789)
11-26 14:29:46.178   258   258 D SFPerfTracer:        layers: (0:14) (FocusedStackFrame (0xb8efb238): 0:1673)* (DimLayer (0xb8ed9f10): 0:216)* (StatusBar (0xb8efd408): 0:21818)* (com.android.systemui.ImageWallpaper (0xb8eef4b8): 0:1161)* (Sprite (0xb8e66928): 0:17946)* (Sprite (0xb8ebf820): 0:6182)* (Sprite (0xb8eb9ce8): 0:8405)* (Sprite (0xb8effc08): 0:27734)* (DimLayer (0xb8ee1c10): 0:54)* (NavigationBar (0xb8f037d8): 0:130)* (com.google.android.googlequicksearchbox/com.google.android.launcher.GEL (0xb8eead68): 0:8)* (ColorFade (0xb8ebc3a0): 1:30)* 
11-26 14:29:50.090  1789  2914 V AlarmManager: sending alarm {c7dbf16 type 2 *walarm*:com.android.internal.policy.impl.PhoneWindowManager.DELAYED_KEYGUARD}
11-26 14:29:50.092  1789  2914 V AlarmManager: sending alarm {778d27c type 3 *alarm*:com.whatsapp.action.HOURLY_CRON}
11-26 14:29:50.092  1789  2914 V AlarmManager: sending alarm {493f3d9 type 3 *alarm*:com.android.server.action.NETWORK_STATS_POLL}
11-26 14:29:50.099  1789  1789 V AlarmManager: done {c7dbf16, *walarm*:com.android.internal.policy.impl.PhoneWindowManager.DELAYED_KEYGUARD} [10ms]
11-26 14:29:50.109  1789  4626 I ActivityManager: Start proc 26861:com.whatsapp/u0a114 for broadcast com.whatsapp/.AlarmBroadcastReceiver
11-26 14:29:50.180  3010  3010 D StatusBarKeyguardViewManager: showKeyguard, but hide Bouncer
11-26 14:29:50.872  1789  1789 V AlarmManager: done {778d27c, *alarm*:com.whatsapp.action.HOURLY_CRON} [783ms]
11-26 14:29:50.888  1789  1789 V AlarmManager: done {493f3d9, *alarm*:com.android.server.action.NETWORK_STATS_POLL} [798ms]
11-26 14:29:50.901   296  1753 E NetlinkEvent: NetlinkEvent::FindParam(): Parameter 'UID' not found
11-26 14:29:51.132  1789  3015 I ActivityManager: Killing 25996:android.process.acore/u0a8 (adj 13): empty #7
11-26 14:29:51.541  1789  6032 I ActivityManager: Start proc 26934:android.process.acore/u0a8 for content provider com.android.providers.contacts/.ContactsProvider2
11-26 14:30:06.507  1789  2914 V AlarmManager: sending alarm {be5e04d type 3 *alarm*:android.intent.action.TIME_TICK}
11-26 14:30:06.509  1789  2914 V AlarmManager: sending alarm {778d27c type 3 *alarm*:com.whatsapp.action.HOURLY_CRON}
11-26 14:30:06.509  1789  2914 V AlarmManager: sending alarm {bf6856f type 3 *alarm*:com.whatsapp.action.UPDATE_NTP}
11-26 14:30:06.509  1789  2914 V AlarmManager: sending alarm {c86e5ae type 2 *walarm*:com.whatsapp.messaging.h.CLIENT_PINGER_ACTION}
11-26 14:30:06.510  1789  2914 V AlarmManager: sending alarm {1feff4f type 3 *alarm*:send_events}
11-26 14:30:06.515  1789  2914 V AlarmManager: sending alarm {718a1b4 type 1 *alarm*:com.droid27.tcw.ACTION_TIME_TICK}
11-26 14:30:06.516  1789  1803 I ActivityManager: Waited long enough for: ServiceRecord{2dacc2d u0 com.whatsapp/.messaging.MessageService}
11-26 14:30:06.521  1789  1789 V AlarmManager: done {1feff4f, *alarm*:send_events} [14ms]
11-26 14:30:06.523  1789  1789 V AlarmManager: done {778d27c, *alarm*:com.whatsapp.action.HOURLY_CRON} [16ms]
11-26 14:30:06.531  1789  1789 V AlarmManager: done {bf6856f, *alarm*:com.whatsapp.action.UPDATE_NTP} [24ms]
11-26 14:30:06.543  1789  1789 V AlarmManager: done {c86e5ae, *walarm*:com.whatsapp.messaging.h.CLIENT_PINGER_ACTION} [36ms]
11-26 14:30:06.584  1789  1789 V AlarmManager: done {718a1b4, *alarm*:com.droid27.tcw.ACTION_TIME_TICK} [77ms]
11-26 14:30:06.647  1789  1789 V AlarmManager: done {be5e04d, *alarm*:android.intent.action.TIME_TICK} [141ms]
11-26 14:30:15.950  1789  2914 V AlarmManager: sending alarm {82fe580 type 2 *walarm*:com.google.android.intent.action.SEND_IDLE}
11-26 14:30:15.954  1789  1789 V AlarmManager: done {82fe580, *walarm*:com.google.android.intent.action.SEND_IDLE} [3ms]
11-26 14:30:19.125  1789  2914 V AlarmManager: sending alarm {4b8ff87 type 2 *walarm*:android.content.syncmanager.SYNC_ALARM}
11-26 14:30:19.128  1789  1789 V AlarmManager: done {4b8ff87, *walarm*:android.content.syncmanager.SYNC_ALARM} [3ms]
11-26 14:30:31.033   296  1753 E NetlinkEvent: NetlinkEvent::FindParam(): Parameter 'UID' not found
11-26 14:31:31.895   296  1753 E NetlinkEvent: NetlinkEvent::FindParam(): Parameter 'UID' not found
11-26 14:31:31.905  1789  1803 I ProcessStatsService: Prepared write state in 5ms
11-26 14:31:31.911  1789  1803 I ProcessStatsService: Prepared write state in 5ms
11-26 14:31:36.592  1789  2914 V AlarmManager: sending alarm {be5e04d type 3 *alarm*:android.intent.action.TIME_TICK}
11-26 14:31:36.593  1789  2914 V AlarmManager: sending alarm {718a1b4 type 1 *alarm*:com.droid27.tcw.ACTION_TIME_TICK}
11-26 14:31:36.594  1789  2914 V AlarmManager: sending alarm {e021572 type 0 *walarm*:com.droid27.transparentclockweather/.receivers.WeatherUpdateReceiver}
11-26 14:31:36.634  1789  1789 V AlarmManager: done {718a1b4, *alarm*:com.droid27.tcw.ACTION_TIME_TICK} [42ms]
11-26 14:31:36.722  1789  1789 V AlarmManager: done {be5e04d, *alarm*:android.intent.action.TIME_TICK} [131ms]
11-26 14:31:36.953  1789  1789 V AlarmManager: done {e021572, *walarm*:com.droid27.transparentclockweather/.receivers.WeatherUpdateReceiver} [362ms]
11-26 14:31:37.109  1789  1799 I ActivityManager: Start proc 26993:com.google.process.gapps/u0a17 for content provider com.google.android.gsf/.gservices.GservicesProvider
11-26 14:31:37.133  1789  3015 I ActivityManager: Killing 26762:com.motorola.context/u0a103 (adj 15): empty #7
11-26 14:32:00.789  1789  2914 V AlarmManager: sending alarm {be5e04d type 3 *alarm*:android.intent.action.TIME_TICK}
11-26 14:32:00.791  1789  2914 V AlarmManager: sending alarm {889b203 type 2 *walarm*:com.motorola.slpc.ALARM_MODALITY}
11-26 14:32:00.791  1789  2914 V AlarmManager: sending alarm {718a1b4 type 1 *alarm*:com.droid27.tcw.ACTION_TIME_TICK}
11-26 14:32:00.802  1789  1789 V AlarmManager: done {889b203, *walarm*:com.motorola.slpc.ALARM_MODALITY} [12ms]
11-26 14:32:00.830  1789  1789 V AlarmManager: done {718a1b4, *alarm*:com.droid27.tcw.ACTION_TIME_TICK} [41ms]
11-26 14:32:00.929  1789  1789 V AlarmManager: done {be5e04d, *alarm*:android.intent.action.TIME_TICK} [139ms]
11-26 14:32:02.631   296  1753 E NetlinkEvent: NetlinkEvent::FindParam(): Parameter 'UID' not found
11-26 14:32:37.727  1789  1802 I UsageStatsService: User[0] Flushing usage stats to disk
11-26 14:32:43.167   296  1753 E NetlinkEvent: NetlinkEvent::FindParam(): Parameter 'UID' not found
11-26 14:32:58.273   296  1753 E NetlinkEvent: NetlinkEvent::FindParam(): Parameter 'UID' not found
11-26 14:33:19.473  1789  1808 I DisplayManagerService: Display device changed state: "Integriertes Display", DOZE
11-26 14:33:20.442  1789  2914 V AlarmManager: sending alarm {be5e04d type 3 *alarm*:android.intent.action.TIME_TICK}
11-26 14:33:20.444  1789  2914 V AlarmManager: sending alarm {889b203 type 2 *walarm*:com.motorola.slpc.ALARM_MODALITY}
11-26 14:33:20.445  1789  2914 V AlarmManager: sending alarm {718a1b4 type 1 *alarm*:com.droid27.tcw.ACTION_TIME_TICK}
11-26 14:33:20.455  1789  1789 V AlarmManager: done {889b203, *walarm*:com.motorola.slpc.ALARM_MODALITY} [12ms]
11-26 14:33:20.472   258   710 I SFPerfTracer:      triggers: (rate: 2:81) (68125 sw vsyncs) (0 skipped) (10:155184 vsyncs) (12:239306)
11-26 14:33:20.481  1789  1789 V AlarmManager: done {718a1b4, *alarm*:com.droid27.tcw.ACTION_TIME_TICK} [39ms]
11-26 14:33:20.567  1789  1789 V AlarmManager: done {be5e04d, *alarm*:android.intent.action.TIME_TICK} [124ms]
11-26 14:33:21.106  1789  1800 I PowerManagerService: Waking up from dozing (uid 10031)...
11-26 14:33:21.109  1789  6032 I DreamManagerService: Leaving dreamland.
11-26 14:33:21.113  1789  1805 I DreamController: Stopping dream: name=ComponentInfo{com.motorola.motodisplay/com.motorola.motodisplay.DozeService}, isTest=false, canDoze=true, userId=0
11-26 14:33:21.113  1789  1808 I DisplayManagerService: Display device changed state: "Integriertes Display", ON
11-26 14:33:31.109  1789  1811 I PowerManagerService: Going to sleep due to screen timeout (uid 1000)...
11-26 14:33:31.621  1789  1808 I DisplayManagerService: Display device changed state: "Integriertes Display", OFF
11-26 14:33:31.622   258   710 I SFPerfTracer:      triggers: (rate: 2:81) (68125 sw vsyncs) (0 skipped) (24:155275 vsyncs) (26:239407)
--------- beginning of main
11-26 14:33:31.795   258   772 I qdhwcomposer: dcabc_loop: UI -> OFF
11-26 14:33:31.795   258   772 I qdhwcomposer: dcabc_loop: Done updating OFF mode
11-26 14:33:31.796  1789  2971 D SurfaceControl: Excessive delay in setPowerMode(): 176ms
11-26 14:33:31.810  1789  1811 I DreamManagerService: Entering dreamland.
11-26 14:33:31.818  1789  1805 I DreamController: Starting dream: name=ComponentInfo{com.motorola.motodisplay/com.motorola.motodisplay.DozeService}, isTest=false, canDoze=true, userId=0
11-26 14:33:31.820  1789  1811 I PowerManagerService: Dozing...
11-26 14:33:31.825  1789  3443 I WindowManager: window type TYPE_AOD_DREAM:
11-26 14:33:31.897 26821 26821 D MD.DozeService: Got Doze host, start dreaming
11-26 14:33:31.897  1789  1808 I WindowManager: window type TYPE_AOD_DREAM:
11-26 14:33:31.898 26821 26834 D ModalityManager: 
