--------- beginning of crash
11-26 21:28:33.405 24459 24459 F libc    : Fatal signal 6 (SIGABRT), code -6 in tid 24459 (App.SeniorenApp)
11-26 21:28:33.460   307   307 F DEBUG   : *** *** *** *** *** *** *** *** *** *** *** *** *** *** *** ***
11-26 21:28:33.460   307   307 F DEBUG   : Build fingerprint: 'motorola/osprey_oraes/osprey_umts:6.0.1/MPI24.107-55-2/2:user/release-keys'
11-26 21:28:33.460   307   307 F DEBUG   : Revision: 'p2b0'
11-26 21:28:33.460   307   307 F DEBUG   : ABI: 'arm'
11-26 21:28:33.461   307   307 F DEBUG   : pid: 24459, tid: 24459, name: App.SeniorenApp  >>> SeniorenApp.SeniorenApp <<<
11-26 21:28:33.461   307   307 F DEBUG   : signal 6 (SIGABRT), code -6 (SI_TKILL), fault addr --------
11-26 21:28:33.474   307   307 F DEBUG   : Abort message: 'art/runtime/java_vm_ext.cc:410] JNI DETECTED ERROR IN APPLICATION: JNI NewWeakGlobalRef called with pending exception android.runtime.JavaProxyThrowable: System.InvalidCastException: Unable to convert instance of type 'Android.Widget.ImageButton' to type 'Android.Widget.Button'.'
11-26 21:28:33.474   307   307 F DEBUG   :     r0 00000000  r1 00005f8b  r2 00000006  r3 b6f6ab7c
11-26 21:28:33.474   307   307 F DEBUG   :     r4 b6f6ab84  r5 b6f6ab34  r6 0000000b  r7 0000010c
11-26 21:28:33.474   307   307 F DEBUG   :     r8 b759eff8  r9 b4d7d378  sl 00000000  fp 00000000
11-26 21:28:33.474   307   307 F DEBUG   :     ip 00000006  sp be9ae870  lr b6cf51cd  pc b6cf75c8  cpsr 40070010
11-26 21:28:33.486   307   307 F DEBUG   : 
11-26 21:28:33.486   307   307 F DEBUG   : backtrace:
11-26 21:28:33.486   307   307 F DEBUG   :     #00 pc 000445c8  /system/lib/libc.so (tgkill+12)
11-26 21:28:33.486   307   307 F DEBUG   :     #01 pc 000421c9  /system/lib/libc.so (pthread_kill+32)
11-26 21:28:33.486   307   307 F DEBUG   :     #02 pc 0001bb1f  /system/lib/libc.so (raise+10)
11-26 21:28:33.486   307   307 F DEBUG   :     #03 pc 00018cc1  /system/lib/libc.so (__libc_android_abort+34)
11-26 21:28:33.486   307   307 F DEBUG   :     #04 pc 00016880  /system/lib/libc.so (abort+4)
11-26 21:28:33.486   307   307 F DEBUG   :     #05 pc 00321a89  /system/lib/libart.so (_ZN3art7Runtime5AbortEv+212)
11-26 21:28:33.486   307   307 F DEBUG   :     #06 pc 000f3d0d  /system/lib/libart.so (_ZN3art10LogMessageD2Ev+2212)
11-26 21:28:33.486   307   307 F DEBUG   :     #07 pc 0024fa15  /system/lib/libart.so (_ZN3art9JavaVMExt8JniAbortEPKcS2_+1524)
11-26 21:28:33.486   307   307 F DEBUG   :     #08 pc 0024fdb7  /system/lib/libart.so (_ZN3art9JavaVMExt9JniAbortVEPKcS2_St9__va_list+54)
11-26 21:28:33.486   307   307 F DEBUG   :     #09 pc 000fc0b3  /system/lib/libart.so (_ZN3art11ScopedCheck6AbortFEPKcz+30)
11-26 21:28:33.486   307   307 F DEBUG   :     #10 pc 00100f8f  /system/lib/libart.so (_ZN3art11ScopedCheck5CheckERNS_18ScopedObjectAccessEbPKcPNS_12JniValueTypeE.constprop.95+5054)
11-26 21:28:33.486   307   307 F DEBUG   :     #11 pc 001123bd  /system/lib/libart.so (_ZN3art8CheckJNI16NewWeakGlobalRefEP7_JNIEnvP8_jobject+376)
11-26 21:28:33.486   307   307 F DEBUG   :     #12 pc 0000dae4  /data/app/SeniorenApp.SeniorenApp-1/lib/arm/libmonodroid.so
11-26 21:28:33.746   307   307 F DEBUG   : 
11-26 21:28:33.746   307   307 F DEBUG   : Tombstone written to: /data/tombstones/tombstone_01
11-29 12:41:12.621  8146  8146 E AndroidRuntime: FATAL EXCEPTION: main
11-29 12:41:12.621  8146  8146 E AndroidRuntime: Process: SeniorenApp.SeniorenApp, PID: 8146
11-29 12:41:12.621  8146  8146 E AndroidRuntime: java.lang.RuntimeException: java.lang.reflect.InvocationTargetException
11-29 12:41:12.621  8146  8146 E AndroidRuntime: 	at com.android.internal.os.ZygoteInit.main(ZygoteInit.java:618)
11-29 12:41:12.621  8146  8146 E AndroidRuntime: Caused by: java.lang.reflect.InvocationTargetException
11-29 12:41:12.621  8146  8146 E AndroidRuntime: 	at java.lang.reflect.Method.invoke(Native Method)
11-29 12:41:12.621  8146  8146 E AndroidRuntime: 	at com.android.internal.os.ZygoteInit$MethodAndArgsCaller.run(ZygoteInit.java:728)
11-29 12:41:12.621  8146  8146 E AndroidRuntime: 	... 1 more
11-29 12:41:12.621  8146  8146 E AndroidRuntime: Caused by: android.runtime.JavaProxyThrowable: System.NullReferenceException: Object reference not set to an instance of an object
11-29 12:41:12.621  8146  8146 E AndroidRuntime:   at SeniorenApp.USBCommunication.Connection..ctor (Android.Hardware.Usb.UsbAccessory accessory, Android.Hardware.Usb.UsbManager manager, System.Action`1[T] onDataReceived) [0x00049] in <fa7ec98d5c3f49b1990665e70c6ff9e0>:0 
11-29 12:41:12.621  8146  8146 E AndroidRuntime:   at SeniorenApp.Helper.USBHelper.CreateUSBConnection (Android.App.Activity activity, System.Action`1[T] onDataReceived) [0x0005f] in <fa7ec98d5c3f49b1990665e70c6ff9e0>:0 
11-29 12:41:12.621  8146  8146 E AndroidRuntime:   at SeniorenApp.MainActivity.OnStart () [0x00031] in <fa7ec98d5c3f49b1990665e70c6ff9e0>:0 
11-29 12:41:12.621  8146  8146 E AndroidRuntime:   at Android.App.Activity.n_OnStart (System.IntPtr jnienv, System.IntPtr native__this) [0x00009] in <23a8d9bf141f4ef5b5a764e32add1f40>:0 
11-29 12:41:12.621  8146  8146 E AndroidRuntime:   at (wrapper dynamic-method) System.Object:f1d44fc6-d4ac-4819-8cf7-4b31748a84ef (intptr,intptr)
11-29 12:41:12.621  8146  8146 E AndroidRuntime: 	at md54259e6513023dd8c68a5505c80f1ae41.MainActivity.n_onStart(Native Method)
11-29 12:41:12.621  8146  8146 E AndroidRuntime: 	at md54259e6513023dd8c68a5505c80f1ae41.MainActivity.onStart(MainActivity.java:41)
11-29 12:41:12.621  8146  8146 E AndroidRuntime: 	at android.app.Instrumentation.callActivityOnStart(Instrumentation.java:1260)
11-29 12:41:12.621  8146  8146 E AndroidRuntime: 	at android.app.Activity.performStart(Activity.java:6276)
11-29 12:41:12.621  8146  8146 E AndroidRuntime: 	at android.app.ActivityThread.performLaunchActivity(ActivityThread.java:2389)
11-29 12:41:12.621  8146  8146 E AndroidRuntime: 	at android.app.ActivityThread.handleLaunchActivity(ActivityThread.java:2490)
11-29 12:41:12.621  8146  8146 E AndroidRuntime: 	at android.app.ActivityThread.-wrap11(ActivityThread.java)
11-29 12:41:12.621  8146  8146 E AndroidRuntime: 	at android.app.ActivityThread$H.handleMessage(ActivityThread.java:1354)
11-29 12:41:12.621  8146  8146 E AndroidRuntime: 	at android.os.Handler.dispatchMessage(Handler.java:102)
11-29 12:41:12.621  8146  8146 E AndroidRuntime: 	at android.os.Looper.loop(Looper.java:148)
11-29 12:41:12.621  8146  8146 E AndroidRuntime: 	at android.app.ActivityThread.main(ActivityThread.java:5443)
11-29 12:41:12.621  8146  8146 E AndroidRuntime: 	... 3 more
11-29 12:41:30.312  8278  8278 E AndroidRuntime: FATAL EXCEPTION: main
11-29 12:41:30.312  8278  8278 E AndroidRuntime: Process: SeniorenApp.SeniorenApp, PID: 8278
11-29 12:41:30.312  8278  8278 E AndroidRuntime: java.lang.RuntimeException: java.lang.reflect.InvocationTargetException
11-29 12:41:30.312  8278  8278 E AndroidRuntime: 	at com.android.internal.os.ZygoteInit.main(ZygoteInit.java:618)
11-29 12:41:30.312  8278  8278 E AndroidRuntime: Caused by: java.lang.reflect.InvocationTargetException
11-29 12:41:30.312  8278  8278 E AndroidRuntime: 	at java.lang.reflect.Method.invoke(Native Method)
11-29 12:41:30.312  8278  8278 E AndroidRuntime: 	at com.android.internal.os.ZygoteInit$MethodAndArgsCaller.run(ZygoteInit.java:728)
11-29 12:41:30.312  8278  8278 E AndroidRuntime: 	... 1 more
11-29 12:41:30.312  8278  8278 E AndroidRuntime: Caused by: android.runtime.JavaProxyThrowable: System.NullReferenceException: Object reference not set to an instance of an object
11-29 12:41:30.312  8278  8278 E AndroidRuntime:   at SeniorenApp.USBCommunication.Connection..ctor (Android.Hardware.Usb.UsbAccessory accessory, Android.Hardware.Usb.UsbManager manager, System.Action`1[T] onDataReceived) [0x00049] in <fa7ec98d5c3f49b1990665e70c6ff9e0>:0 
11-29 12:41:30.312  8278  8278 E AndroidRuntime:   at SeniorenApp.Helper.USBHelper.CreateUSBConnection (Android.App.Activity activity, System.Action`1[T] onDataReceived) [0x0005f] in <fa7ec98d5c3f49b1990665e70c6ff9e0>:0 
11-29 12:41:30.312  8278  8278 E AndroidRuntime:   at SeniorenApp.MainActivity.OnStart () [0x00031] in <fa7ec98d5c3f49b1990665e70c6ff9e0>:0 
11-29 12:41:30.312  8278  8278 E AndroidRuntime:   at Android.App.Activity.n_OnStart (System.IntPtr jnienv, System.IntPtr native__this) [0x00009] in <23a8d9bf141f4ef5b5a764e32add1f40>:0 
11-29 12:41:30.312  8278  8278 E AndroidRuntime:   at (wrapper dynamic-method) System.Object:1bc80d8a-4e2d-49e7-8899-348477778236 (intptr,intptr)
11-29 12:41:30.312  8278  8278 E AndroidRuntime: 	at md54259e6513023dd8c68a5505c80f1ae41.MainActivity.n_onStart(Native Method)
11-29 12:41:30.312  8278  8278 E AndroidRuntime: 	at md54259e6513023dd8c68a5505c80f1ae41.MainActivity.onStart(MainActivity.java:41)
11-29 12:41:30.312  8278  8278 E AndroidRuntime: 	at android.app.Instrumentation.callActivityOnStart(Instrumentation.java:1260)
11-29 12:41:30.312  8278  8278 E AndroidRuntime: 	at android.app.Activity.performStart(Activity.java:6276)
11-29 12:41:30.312  8278  8278 E AndroidRuntime: 	at android.app.ActivityThread.performLaunchActivity(ActivityThread.java:2389)
11-29 12:41:30.312  8278  8278 E AndroidRuntime: 	at android.app.ActivityThread.handleLaunchActivity(ActivityThread.java:2490)
11-29 12:41:30.312  8278  8278 E AndroidRuntime: 	at android.app.ActivityThread.-wrap11(ActivityThread.java)
11-29 12:41:30.312  8278  8278 E AndroidRuntime: 	at android.app.ActivityThread$H.handleMessage(ActivityThread.java:1354)
11-29 12:41:30.312  8278  8278 E AndroidRuntime: 	at android.os.Handler.dispatchMessage(Handler.java:102)
11-29 12:41:30.312  8278  8278 E AndroidRuntime: 	at android.os.Looper.loop(Looper.java:148)
11-29 12:41:30.312  8278  8278 E AndroidRuntime: 	at android.app.ActivityThread.main(ActivityThread.java:5443)
11-29 12:41:30.312  8278  8278 E AndroidRuntime: 	... 3 more
--------- beginning of system
11-29 20:05:17.952  1787  2955 I chatty  : uid=1000(system) ConnectivitySer expire 18 lines
11-29 20:05:28.535   258   258 I chatty  : uid=1000(system) /system/bin/surfaceflinger expire 10 lines
11-29 20:05:31.627   305  1751 E NetlinkEvent: NetlinkEvent::FindParam(): Parameter 'UID' not found
11-29 20:07:21.619   305  1751 E NetlinkEvent: NetlinkEvent::FindParam(): Parameter 'UID' not found
11-29 20:07:22.857   258   258 I chatty  : uid=1000(system) /system/bin/surfaceflinger expire 14 lines
11-29 20:07:36.627   305  1751 E NetlinkEvent: NetlinkEvent::FindParam(): Parameter 'UID' not found
11-29 20:07:48.899  1787  2914 I chatty  : uid=1000(system) AlarmManager expire 11 lines
11-29 20:07:48.903  1787  1787 I chatty  : uid=1000 system_server expire 11 lines
11-29 20:07:48.908   305  1751 E NetlinkEvent: NetlinkEvent::FindParam(): Parameter 'UID' not found
11-29 20:08:04.266   305  1751 E NetlinkEvent: NetlinkEvent::FindParam(): Parameter 'UID' not found
11-29 20:08:20.788   258   699 I chatty  : uid=1000(system) EventThread expire 8 lines
11-29 20:08:34.307  1787  2955 I chatty  : uid=1000(system) ConnectivitySer expire 7 lines
11-29 20:09:58.789   305  1751 E NetlinkEvent: NetlinkEvent::FindParam(): Parameter 'UID' not found
11-29 20:10:07.516   258   258 I chatty  : uid=1000(system) /system/bin/surfaceflinger expire 22 lines
11-29 20:10:14.986   305  1751 E NetlinkEvent: NetlinkEvent::FindParam(): Parameter 'UID' not found
11-29 20:11:13.758  3000  3000 V DeadZone: consuming errant click: (463.35645,2.0733643)
11-29 20:11:16.036   258   258 I chatty  : uid=1000(system) /system/bin/surfaceflinger expire 10 lines
11-29 20:11:26.919  1787  2914 I chatty  : uid=1000(system) AlarmManager expire 3 lines
11-29 20:11:26.942  1787  1787 I chatty  : uid=1000 system_server expire 15 lines
11-29 20:11:26.947   305  1751 E NetlinkEvent: NetlinkEvent::FindParam(): Parameter 'UID' not found
11-29 20:11:39.681   258   258 I chatty  : uid=1000(system) /system/bin/surfaceflinger expire 35 lines
11-29 20:11:42.386   305  1751 E NetlinkEvent: NetlinkEvent::FindParam(): Parameter 'UID' not found
11-29 20:12:00.000  1787  2914 I chatty  : uid=1000(system) AlarmManager expire 10 lines
11-29 20:12:08.616   258   699 I chatty  : uid=1000(system) EventThread expire 10 lines
11-29 20:12:20.896  1787  2955 I chatty  : uid=1000(system) ConnectivitySer expire 10 lines
11-29 20:13:18.678   305  1751 E NetlinkEvent: NetlinkEvent::FindParam(): Parameter 'UID' not found
11-29 20:13:23.274   258   258 I chatty  : uid=1000(system) /system/bin/surfaceflinger expire 43 lines
11-29 20:14:03.839  1787  1800 I chatty  : uid=1000(system) android.bg expire 1 line
11-29 20:15:02.067   305  1751 E NetlinkEvent: NetlinkEvent::FindParam(): Parameter 'UID' not found
11-29 20:15:03.408   305  1751 E NetlinkEvent: NetlinkEvent::FindParam(): Parameter 'UID' not found
11-29 20:15:04.924   258   699 I chatty  : uid=1000(system) EventThread expire 3 lines
11-29 20:15:18.426   305  1751 E NetlinkEvent: NetlinkEvent::FindParam(): Parameter 'UID' not found
11-29 20:15:18.899   258   258 I chatty  : uid=1000(system) /system/bin/surfaceflinger expire 14 lines
11-29 20:15:40.264  1787  2955 I chatty  : uid=1000(system) ConnectivitySer expire 8 lines
11-29 20:15:59.999  1787  2914 I chatty  : uid=1000(system) AlarmManager expire 9 lines
11-29 20:16:00.056  1787  1787 I chatty  : uid=1000 system_server expire 9 lines
11-29 20:17:18.665  3000  3000 V DeadZone: consuming errant click: (411.4286,1.0742188)
11-29 20:17:19.666   258   258 I chatty  : uid=1000(system) /system/bin/surfaceflinger expire 53 lines
11-29 20:17:26.296   305  1751 E NetlinkEvent: NetlinkEvent::FindParam(): Parameter 'UID' not found
11-29 20:18:00.011  1787  1801 I chatty  : uid=1000(system) ActivityManager expire 1 line
11-29 20:18:11.454  1787  6220 I chatty  : uid=1000(system) Binder_C expire 1 line
11-29 20:18:11.715  1787  1806 I chatty  : uid=1000(system) android.display expire 2 lines
11-29 20:18:50.147   305  1751 E NetlinkEvent: NetlinkEvent::FindParam(): Parameter 'UID' not found
11-29 20:18:52.220   258   258 I chatty  : uid=1000(system) /system/bin/surfaceflinger expire 17 lines
11-29 20:18:56.559   305  1751 E NetlinkEvent: NetlinkEvent::FindParam(): Parameter 'UID' not found
11-29 20:19:00.126  1787  3029 I chatty  : uid=1000(system) Binder_3 expire 1 line
11-29 20:19:30.373   258   258 I chatty  : uid=1000(system) /system/bin/surfaceflinger expire 13 lines
11-29 20:19:35.199  1787  4201 I chatty  : uid=1000(system) Binder_7 expire 2 lines
11-29 20:19:50.826   305  1751 E NetlinkEvent: NetlinkEvent::FindParam(): Parameter 'UID' not found
11-29 20:19:50.831  1787  6219 I chatty  : uid=1000(system) Binder_B expire 1 line
11-29 20:19:50.941  1787  2954 I chatty  : uid=1000(system) WifiService expire 2 lines
11-29 20:19:51.294   305  1751 E NetlinkEvent: NetlinkEvent::FindParam(): Parameter 'UID' not found
11-29 20:19:51.891   258   258 I chatty  : uid=1000(system) /system/bin/surfaceflinger expire 10 lines
11-29 20:19:59.208  1787  2916 I chatty  : uid=1000(system) InputReader expire 4 lines
11-29 20:19:59.823  1787  1806 I chatty  : uid=1000(system) android.display expire 8 lines
11-29 20:19:59.839   258   699 I chatty  : uid=1000(system) EventThread expire 6 lines
11-29 20:19:59.999  1787  1809 I chatty  : uid=1000(system) PowerManagerSer expire 8 lines
11-29 20:19:59.999  1787  1803 I chatty  : uid=1000(system) android.fg expire 11 lines
11-29 20:20:00.013  1787  2914 I chatty  : uid=1000(system) AlarmManager expire 10 lines
11-29 20:20:00.065  1787  1787 I chatty  : uid=1000 system_server expire 10 lines
11-29 20:20:00.285  1787  1801 I chatty  : uid=1000(system) ActivityManager expire 4 lines
11-29 20:20:00.357 31861 31861 I chatty  : uid=1000(system) expire 1 line
11-29 20:20:00.537  3000  3000 D StatusBarKeyguardViewManager: showKeyguard, but hide Bouncer
11-29 20:20:30.147   305  1751 E NetlinkEvent: NetlinkEvent::FindParam(): Parameter 'UID' not found
11-29 20:20:30.211   305  1751 E NetlinkEvent: NetlinkEvent::FindParam(): Parameter 'UID' not found
11-29 20:20:46.186   305  1751 E NetlinkEvent: NetlinkEvent::FindParam(): Parameter 'UID' not found
11-29 20:22:14.655   305  1751 E NetlinkEvent: NetlinkEvent::FindParam(): Parameter 'UID' not found
11-29 20:22:29.987   305  1751 E NetlinkEvent: NetlinkEvent::FindParam(): Parameter 'UID' not found
11-29 20:22:31.969  1787  1787 I chatty  : uid=1000 system_server expire 13 lines
11-29 20:23:05.488   305  1751 E NetlinkEvent: NetlinkEvent::FindParam(): Parameter 'UID' not found
11-29 20:23:20.626   305  1751 E NetlinkEvent: NetlinkEvent::FindParam(): Parameter 'UID' not found
11-29 20:24:31.677   305  1751 E NetlinkEvent: NetlinkEvent::FindParam(): Parameter 'UID' not found
11-29 20:24:46.707   305  1751 E NetlinkEvent: NetlinkEvent::FindParam(): Parameter 'UID' not found
11-29 20:25:00.000  1787  2914 I chatty  : uid=1000(system) AlarmManager expire 13 lines
11-29 20:25:31.163   305  1751 E NetlinkEvent: NetlinkEvent::FindParam(): Parameter 'UID' not found
11-29 20:25:48.427   305  1751 E NetlinkEvent: NetlinkEvent::FindParam(): Parameter 'UID' not found
11-29 20:27:49.500   305  1751 E NetlinkEvent: NetlinkEvent::FindParam(): Parameter 'UID' not found
11-29 20:27:50.099  1787  4628 I chatty  : uid=1000(system) Binder_9 expire 2 lines
11-29 20:27:50.711  1787  2217 I chatty  : uid=1000(system) Binder_E expire 4 lines
11-29 20:28:06.267   305  1751 E NetlinkEvent: NetlinkEvent::FindParam(): Parameter 'UID' not found
11-29 20:29:57.401  1787  2914 I chatty  : uid=1000(system) AlarmManager expire 12 lines
11-29 20:29:57.407  1787  1797 I chatty  : uid=1000(system) Binder_1 expire 2 lines
11-29 20:29:57.410   305  1751 E NetlinkEvent: NetlinkEvent::FindParam(): Parameter 'UID' not found
11-29 20:29:57.485  1787  1787 I chatty  : uid=1000 system_server expire 29 lines
11-29 20:30:12.867   305  1751 E NetlinkEvent: NetlinkEvent::FindParam(): Parameter 'UID' not found
11-29 20:31:52.195   305  1751 E NetlinkEvent: NetlinkEvent::FindParam(): Parameter 'UID' not found
11-29 20:32:07.267   305  1751 E NetlinkEvent: NetlinkEvent::FindParam(): Parameter 'UID' not found
11-29 20:38:09.944  1787  1800 I chatty  : uid=1000(system) android.bg expire 1 line
11-29 20:40:05.752  1787  6215 I chatty  : uid=1000(system) Binder_A expire 3 lines
11-29 20:40:05.816  1787  2955 I chatty  : uid=1000(system) ConnectivitySer expire 5 lines
11-29 20:40:21.110  1787  1804 I chatty  : uid=1000(system) FileObserver expire 3 lines
11-29 20:40:25.032  3000  3000 D StatusBarKeyguardViewManager: showKeyguard, but hide Bouncer
11-29 20:42:57.653  1787  1787 I chatty  : uid=1000 system_server expire 14 lines
11-29 20:54:34.663   305  1751 E NetlinkEvent: NetlinkEvent::FindParam(): Parameter 'UID' not found
11-29 20:54:34.664  1787  2914 I chatty  : uid=1000(system) AlarmManager expire 10 lines
11-29 20:54:34.889  1787  3031 I chatty  : uid=1000(system) Binder_4 expire 1 line
11-29 20:57:50.640   305  1751 E NetlinkEvent: NetlinkEvent::FindParam(): Parameter 'UID' not found
11-29 20:57:50.789   305  1751 E NetlinkEvent: NetlinkEvent::FindParam(): Parameter 'UID' not found
11-29 20:57:50.812  1787  1787 I chatty  : uid=1000 system_server expire 11 lines
11-29 20:58:06.366   305  1751 E NetlinkEvent: NetlinkEvent::FindParam(): Parameter 'UID' not found
11-29 20:58:36.708   305  1751 E NetlinkEvent: NetlinkEvent::FindParam(): Parameter 'UID' not found
11-29 20:58:36.718  1787  6220 I chatty  : uid=1000(system) Binder_C expire 2 lines
11-29 21:00:13.968   305  1751 E NetlinkEvent: NetlinkEvent::FindParam(): Parameter 'UID' not found
11-29 21:00:14.972  1787  2914 I chatty  : uid=1000(system) AlarmManager expire 11 lines
11-29 21:01:31.603   305  1751 E NetlinkEvent: NetlinkEvent::FindParam(): Parameter 'UID' not found
11-29 21:01:46.638   305  1751 E NetlinkEvent: NetlinkEvent::FindParam(): Parameter 'UID' not found
11-29 21:01:51.778   305  1751 E NetlinkEvent: NetlinkEvent::FindParam(): Parameter 'UID' not found
11-29 21:02:06.798   305  1751 E NetlinkEvent: NetlinkEvent::FindParam(): Parameter 'UID' not found
11-29 21:03:00.071  1787  1787 I chatty  : uid=1000 system_server expire 3 lines
11-29 21:03:26.587   258   258 I chatty  : uid=1000(system) /system/bin/surfaceflinger expire 18 lines
11-29 21:03:27.446  3000  3000 D StatusBarKeyguardViewManager: showKeyguard, but hide Bouncer
11-29 21:03:29.240  1787  3675 I chatty  : uid=1000(system) Binder_5 expire 2 lines
11-29 21:03:31.461  1787  4627 I chatty  : uid=1000(system) Binder_8 expire 1 line
11-29 21:03:35.674   305  1751 E NetlinkEvent: NetlinkEvent::FindParam(): Parameter 'UID' not found
11-29 21:03:35.770  1787  6221 I chatty  : uid=1000(system) Binder_D expire 1 line
11-29 21:03:35.882  1787  1798 I chatty  : uid=1000(system) Binder_2 expire 1 line
11-29 21:03:35.982 32614 32614 I chatty  : uid=1000(system) expire 1 line
11-29 21:03:37.553  1787  2915 I chatty  : uid=1000(system) InputDispatcher expire 4 lines
11-29 21:03:40.087  1787  3031 I chatty  : uid=1000(system) Binder_4 expire 1 line
11-29 21:03:40.390  1787  2954 I chatty  : uid=1000(system) WifiService expire 2 lines
11-29 21:03:40.737  1787  1806 I chatty  : uid=1000(system) android.display expire 10 lines
11-29 21:03:42.139   258   258 I chatty  : uid=1000(system) /system/bin/surfaceflinger expire 10 lines
11-29 21:03:42.187  1787  2217 I chatty  : uid=1000(system) Binder_E expire 2 lines
11-29 21:03:44.408  1787  2955 I chatty  : uid=1000(system) ConnectivitySer expire 5 lines
11-29 21:03:46.072  1787  6220 I chatty  : uid=1000(system) Binder_C expire 2 lines
11-29 21:03:47.284  1787  4628 I chatty  : uid=1000(system) Binder_9 expire 3 lines
11-29 21:03:47.475  1787  4201 I chatty  : uid=1000(system) Binder_7 expire 1 line
11-29 21:03:47.863  1787  6215 I chatty  : uid=1000(system) Binder_A expire 1 line
11-29 21:03:47.952  1787  3675 I chatty  : uid=1000(system) Binder_5 expire 3 lines
11-29 21:03:47.976  1787  3677 I chatty  : uid=1000(system) Binder_6 expire 1 line
11-29 21:03:48.631   258   699 I chatty  : uid=1000(system) EventThread expire 16 lines
11-29 21:03:48.881  1787  1801 I chatty  : uid=1000(system) ActivityManager expire 3 lines
11-29 21:03:49.561  1787  2916 I chatty  : uid=1000(system) InputReader expire 2 lines
11-29 21:03:50.257  1787  1809 I chatty  : uid=1000(system) PowerManagerSer expire 5 lines
11-29 21:03:50.258  1787  1803 I chatty  : uid=1000(system) android.fg expire 3 lines
11-29 21:03:50.355  1787  1787 I chatty  : uid=1000 system_server expire 11 lines
11-29 21:03:50.425   333   333 I chatty  : uid=1000(system) expire 3 lines
11-29 21:03:50.498  3000  3000 D StatusBarKeyguardViewManager: showKeyguard, but hide Bouncer
11-29 21:04:06.653   305  1751 E NetlinkEvent: NetlinkEvent::FindParam(): Parameter 'UID' not found
11-29 21:04:06.653  1787  2914 I chatty  : uid=1000(system) AlarmManager expire 10 lines
11-29 21:04:06.728   305  1751 E NetlinkEvent: NetlinkEvent::FindParam(): Parameter 'UID' not found
11-29 21:06:25.657   305  1751 E NetlinkEvent: NetlinkEvent::FindParam(): Parameter 'UID' not found
11-29 21:07:36.849   305  1751 E NetlinkEvent: NetlinkEvent::FindParam(): Parameter 'UID' not found
11-29 21:07:36.853   305  1751 E NetlinkEvent: NetlinkEvent::FindParam(): Parameter 'UID' not found
11-29 21:07:50.981   305  1751 E NetlinkEvent: NetlinkEvent::FindParam(): Parameter 'UID' not found
11-29 21:11:05.650   305  1751 E NetlinkEvent: NetlinkEvent::FindParam(): Parameter 'UID' not found
11-29 21:11:05.651  1787  2914 I chatty  : uid=1000(system) AlarmManager expire 12 lines
11-29 21:11:05.678  1787  1787 I chatty  : uid=1000 system_server expire 12 lines
11-29 21:11:05.689   305  1751 E NetlinkEvent: NetlinkEvent::FindParam(): Parameter 'UID' not found
11-29 21:12:06.647   305  1751 E NetlinkEvent: NetlinkEvent::FindParam(): Parameter 'UID' not found
11-29 21:12:06.678   305  1751 E NetlinkEvent: NetlinkEvent::FindParam(): Parameter 'UID' not found
11-29 21:12:43.440   305  1751 E NetlinkEvent: NetlinkEvent::FindParam(): Parameter 'UID' not found
11-29 21:12:43.451   305  1751 E NetlinkEvent: NetlinkEvent::FindParam(): Parameter 'UID' not found
11-29 21:13:32.648   305  1751 E NetlinkEvent: NetlinkEvent::FindParam(): Parameter 'UID' not found
11-29 21:13:51.664   305  1751 E NetlinkEvent: NetlinkEvent::FindParam(): Parameter 'UID' not found
11-29 21:14:19.655  1787  2914 I chatty  : uid=1000(system) AlarmManager expire 11 lines
11-29 21:14:19.658   305  1751 E NetlinkEvent: NetlinkEvent::FindParam(): Parameter 'UID' not found
11-29 21:14:19.704  1787  1787 I chatty  : uid=1000 system_server expire 12 lines
11-29 21:14:19.730   305  1751 E NetlinkEvent: NetlinkEvent::FindParam(): Parameter 'UID' not found
11-29 21:20:59.373   305  1751 E NetlinkEvent: NetlinkEvent::FindParam(): Parameter 'UID' not found
11-29 21:23:34.551   305  1751 E NetlinkEvent: NetlinkEvent::FindParam(): Parameter 'UID' not found
11-29 21:23:34.567  1787  1787 I chatty  : uid=1000 system_server expire 12 lines
11-29 21:26:46.945   305  1751 E NetlinkEvent: NetlinkEvent::FindParam(): Parameter 'UID' not found
11-29 21:26:46.986   305  1751 E NetlinkEvent: NetlinkEvent::FindParam(): Parameter 'UID' not found
11-29 21:26:48.375   258   258 I chatty  : uid=1000(system) /system/bin/surfaceflinger expire 10 lines
11-29 21:26:51.731  1787  1798 I chatty  : uid=1000(system) Binder_2 expire 1 line
11-29 21:26:58.118  1787  1797 I chatty  : uid=1000(system) Binder_1 expire 1 line
11-29 21:27:00.000  1787  2914 I chatty  : uid=1000(system) AlarmManager expire 10 lines
11-29 21:27:07.116  3000  3000 D StatusBarKeyguardViewManager: showKeyguard, but hide Bouncer
11-29 21:27:09.005  1787  1787 I chatty  : uid=1000 system_server expire 15 lines
11-29 21:27:32.162  1787  1806 I chatty  : uid=1000(system) android.display expire 10 lines
11-29 21:27:32.690   258   258 I chatty  : uid=1000(system) /system/bin/surfaceflinger expire 10 lines
11-29 21:28:06.592   305  1751 E NetlinkEvent: NetlinkEvent::FindParam(): Parameter 'UID' not found
11-29 21:28:43.083   305  1751 E NetlinkEvent: NetlinkEvent::FindParam(): Parameter 'UID' not found
11-29 21:28:43.084   305  1751 E NetlinkEvent: NetlinkEvent::FindParam(): Parameter 'UID' not found
11-29 21:28:43.104   305  1751 E NetlinkEvent: NetlinkEvent::FindParam(): Parameter 'UID' not found
11-29 21:29:39.602   305  1751 E NetlinkEvent: NetlinkEvent::FindParam(): Parameter 'UID' not found
11-29 21:29:39.625  1787  1787 I chatty  : uid=1000 system_server expire 13 lines
11-29 21:29:52.802   305  1751 E NetlinkEvent: NetlinkEvent::FindParam(): Parameter 'UID' not found
11-29 21:29:53.116  1787  1806 I chatty  : uid=1000(system) android.display expire 2 lines
11-29 21:29:53.608   258   258 I chatty  : uid=1000(system) /system/bin/surfaceflinger expire 2 lines
11-29 21:29:58.307   258   699 I chatty  : uid=1000(system) EventThread expire 3 lines
11-29 21:30:20.593  1787  2914 I chatty  : uid=1000(system) AlarmManager expire 13 lines
11-29 21:30:20.598   305  1751 E NetlinkEvent: NetlinkEvent::FindParam(): Parameter 'UID' not found
11-29 21:30:48.099   305  1751 E NetlinkEvent: NetlinkEvent::FindParam(): Parameter 'UID' not found
11-29 21:30:48.102   305  1751 E NetlinkEvent: NetlinkEvent::FindParam(): Parameter 'UID' not found
11-29 21:31:25.624   305  1751 E NetlinkEvent: NetlinkEvent::FindParam(): Parameter 'UID' not found
11-29 21:31:25.670  1787  1787 I chatty  : uid=1000 system_server expire 7 lines
11-29 21:33:31.591   305  1751 E NetlinkEvent: NetlinkEvent::FindParam(): Parameter 'UID' not found
11-29 21:35:03.601   305  1751 E NetlinkEvent: NetlinkEvent::FindParam(): Parameter 'UID' not found
11-29 21:37:02.597  1787  2914 I chatty  : uid=1000(system) AlarmManager expire 12 lines
11-29 21:37:02.600   305  1751 E NetlinkEvent: NetlinkEvent::FindParam(): Parameter 'UID' not found
11-29 21:37:02.613   305  1751 E NetlinkEvent: NetlinkEvent::FindParam(): Parameter 'UID' not found
11-29 21:37:02.653  1787  1787 I chatty  : uid=1000 system_server expire 10 lines
11-29 21:40:32.820   305  1751 E NetlinkEvent: NetlinkEvent::FindParam(): Parameter 'UID' not found
11-29 21:46:00.291   305  1751 E NetlinkEvent: NetlinkEvent::FindParam(): Parameter 'UID' not found
11-29 21:46:00.298   305  1751 E NetlinkEvent: NetlinkEvent::FindParam(): Parameter 'UID' not found
11-29 21:46:16.857  1787  6220 I chatty  : uid=1000(system) Binder_C expire 1 line
11-29 21:46:16.859  1787  1798 I chatty  : uid=1000(system) Binder_2 expire 1 line
11-29 21:46:16.862  1787  1803 I chatty  : uid=1000(system) android.fg expire 6 lines
11-29 21:46:16.874  1787  1806 I chatty  : uid=1000(system) android.display expire 10 lines
11-29 21:46:16.944  1787  2955 I chatty  : uid=1000(system) ConnectivitySer expire 4 lines
11-29 21:46:17.102   258   699 I chatty  : uid=1000(system) EventThread expire 10 lines
11-29 21:46:18.616   258   258 I chatty  : uid=1000(system) /system/bin/surfaceflinger expire 14 lines
11-29 21:46:20.550   305  1751 E NetlinkEvent: NetlinkEvent::FindParam(): Parameter 'UID' not found
11-29 21:46:20.590  1787  3677 I chatty  : uid=1000(system) Binder_6 expire 1 line
11-29 21:46:20.635   333   333 I chatty  : uid=1000(system) expire 2 lines
11-29 21:46:20.645  1787  1787 I chatty  : uid=1000 system_server expire 12 lines
11-29 21:46:33.164  1787  4201 I chatty  : uid=1000(system) Binder_7 expire 2 lines
11-29 21:46:35.021  1787  6219 I chatty  : uid=1000(system) Binder_B expire 2 lines
11-29 21:46:36.350  1787  2916 I chatty  : uid=1000(system) InputReader expire 1 line
11-29 21:46:37.068  1787  1809 I chatty  : uid=1000(system) PowerManagerSer expire 8 lines
11-29 21:46:37.286  3000  3000 D StatusBarKeyguardViewManager: showKeyguard, but hide Bouncer
11-29 21:47:08.606   305  1751 E NetlinkEvent: NetlinkEvent::FindParam(): Parameter 'UID' not found
11-29 21:47:08.619   305  1751 E NetlinkEvent: NetlinkEvent::FindParam(): Parameter 'UID' not found
11-29 21:49:11.599   305  1751 E NetlinkEvent: NetlinkEvent::FindParam(): Parameter 'UID' not found
11-29 21:50:40.604  1787  2914 I chatty  : uid=1000(system) AlarmManager expire 12 lines
11-29 21:50:40.624   305  1751 E NetlinkEvent: NetlinkEvent::FindParam(): Parameter 'UID' not found
11-29 21:50:40.659  1787  1787 I chatty  : uid=1000 system_server expire 11 lines
11-29 21:51:36.705   305  1751 E NetlinkEvent: NetlinkEvent::FindParam(): Parameter 'UID' not found
11-29 21:52:20.613  1787  3029 I chatty  : uid=1000(system) Binder_3 expire 1 line
11-29 21:52:23.192   258   258 I chatty  : uid=1000(system) /system/bin/surfaceflinger expire 6 lines
11-29 21:53:31.706  3000  3000 D StatusBarKeyguardViewManager: showKeyguard, but hide Bouncer
11-29 21:54:40.624   305  1751 E NetlinkEvent: NetlinkEvent::FindParam(): Parameter 'UID' not found
11-29 21:54:40.656  1787  1787 I chatty  : uid=1000 system_server expire 18 lines
11-29 21:55:44.940   305  1751 E NetlinkEvent: NetlinkEvent::FindParam(): Parameter 'UID' not found
11-29 21:55:46.973   305  1751 E NetlinkEvent: NetlinkEvent::FindParam(): Parameter 'UID' not found
11-29 21:56:36.600  1787  2914 I chatty  : uid=1000(system) AlarmManager expire 14 lines
11-29 21:56:36.606   305  1751 E NetlinkEvent: NetlinkEvent::FindParam(): Parameter 'UID' not found
11-29 21:56:36.614   305  1751 E NetlinkEvent: NetlinkEvent::FindParam(): Parameter 'UID' not found
11-29 21:58:16.606   305  1751 E NetlinkEvent: NetlinkEvent::FindParam(): Parameter 'UID' not found
11-29 22:14:20.722   305  1751 E NetlinkEvent: NetlinkEvent::FindParam(): Parameter 'UID' not found
11-29 22:14:20.765  1787  1787 I chatty  : uid=1000 system_server expire 12 lines
11-29 22:14:48.654   305  1751 E NetlinkEvent: NetlinkEvent::FindParam(): Parameter 'UID' not found
11-29 22:22:06.612  1787  2914 I chatty  : uid=1000(system) AlarmManager expire 10 lines
11-29 22:22:32.684   305  1751 E NetlinkEvent: NetlinkEvent::FindParam(): Parameter 'UID' not found
11-29 22:22:32.686  1787  1787 I chatty  : uid=1000 system_server expire 11 lines
11-29 22:22:50.913   305  1751 E NetlinkEvent: NetlinkEvent::FindParam(): Parameter 'UID' not found
11-29 22:24:48.611  1787  2914 I chatty  : uid=1000(system) AlarmManager expire 10 lines
11-29 22:24:48.625   305  1751 E NetlinkEvent: NetlinkEvent::FindParam(): Parameter 'UID' not found
11-29 22:24:48.651  1787  1801 I chatty  : uid=1000(system) ActivityManager expire 1 line
11-29 22:24:48.726  1787  1800 I chatty  : uid=1000(system) android.bg expire 1 line
11-29 22:26:33.442   305  1751 E NetlinkEvent: NetlinkEvent::FindParam(): Parameter 'UID' not found
11-29 22:26:36.513   305  1751 E NetlinkEvent: NetlinkEvent::FindParam(): Parameter 'UID' not found
11-29 22:28:49.545   305  1751 E NetlinkEvent: NetlinkEvent::FindParam(): Parameter 'UID' not found
11-29 22:28:50.464   305  1751 E NetlinkEvent: NetlinkEvent::FindParam(): Parameter 'UID' not found
11-29 22:30:20.619   305  1751 E NetlinkEvent: NetlinkEvent::FindParam(): Parameter 'UID' not found
11-29 22:30:20.635  1787  1787 I chatty  : uid=1000 system_server expire 13 lines
11-29 22:37:11.689  1787  3675 I chatty  : uid=1000(system) Binder_5 expire 1 line
11-29 22:37:21.548   305  1751 E NetlinkEvent: NetlinkEvent::FindParam(): Parameter 'UID' not found
11-29 22:37:22.211   258   699 I chatty  : uid=1000(system) EventThread expire 1 line
11-29 22:38:07.323   305  1751 E NetlinkEvent: NetlinkEvent::FindParam(): Parameter 'UID' not found
11-29 22:38:07.328  1787  2914 I chatty  : uid=1000(system) AlarmManager expire 13 lines
11-29 22:38:07.378  1787  1787 I chatty  : uid=1000 system_server expire 13 lines
11-29 22:38:07.408  3000  3000 D StatusBarKeyguardViewManager: showKeyguard, but hide Bouncer
11-29 22:52:34.683   305  1751 E NetlinkEvent: NetlinkEvent::FindParam(): Parameter 'UID' not found
11-29 22:53:31.620   305  1751 E NetlinkEvent: NetlinkEvent::FindParam(): Parameter 'UID' not found
11-29 22:53:49.616  1787  2914 I chatty  : uid=1000(system) AlarmManager expire 8 lines
11-29 22:53:49.624   305  1751 E NetlinkEvent: NetlinkEvent::FindParam(): Parameter 'UID' not found
11-29 22:53:49.624  1787  1787 I chatty  : uid=1000 system_server expire 11 lines
11-29 22:56:35.178   305  1751 E NetlinkEvent: NetlinkEvent::FindParam(): Parameter 'UID' not found
11-29 22:56:35.179   305  1751 E NetlinkEvent: NetlinkEvent::FindParam(): Parameter 'UID' not found
11-29 22:59:22.811   305  1751 E NetlinkEvent: NetlinkEvent::FindParam(): Parameter 'UID' not found
11-29 23:14:21.632  1787  2914 I chatty  : uid=1000(system) AlarmManager expire 13 lines
11-29 23:14:21.739   305  1751 E NetlinkEvent: NetlinkEvent::FindParam(): Parameter 'UID' not found
11-29 23:14:21.761  1787  1787 I chatty  : uid=1000 system_server expire 17 lines
11-29 23:22:07.628   305  1751 E NetlinkEvent: NetlinkEvent::FindParam(): Parameter 'UID' not found
11-29 23:22:36.716   305  1751 E NetlinkEvent: NetlinkEvent::FindParam(): Parameter 'UID' not found
11-29 23:22:49.691  1787  2914 I chatty  : uid=1000(system) AlarmManager expire 14 lines
11-29 23:22:49.704  1787  1787 I chatty  : uid=1000 system_server expire 14 lines
11-29 23:23:05.722   305  1751 E NetlinkEvent: NetlinkEvent::FindParam(): Parameter 'UID' not found
11-29 23:26:32.147   305  1751 E NetlinkEvent: NetlinkEvent::FindParam(): Parameter 'UID' not found
11-29 23:26:32.149   305  1751 E NetlinkEvent: NetlinkEvent::FindParam(): Parameter 'UID' not found
11-29 23:26:37.356   305  1751 E NetlinkEvent: NetlinkEvent::FindParam(): Parameter 'UID' not found
11-29 23:30:01.578   305  1751 E NetlinkEvent: NetlinkEvent::FindParam(): Parameter 'UID' not found
11-29 23:34:39.981   305  1751 E NetlinkEvent: NetlinkEvent::FindParam(): Parameter 'UID' not found
11-29 23:34:39.988   305  1751 E NetlinkEvent: NetlinkEvent::FindParam(): Parameter 'UID' not found
11-29 23:43:07.169   305  1751 E NetlinkEvent: NetlinkEvent::FindParam(): Parameter 'UID' not found
11-29 23:43:07.173   305  1751 E NetlinkEvent: NetlinkEvent::FindParam(): Parameter 'UID' not found
11-29 23:48:37.408   305  1751 E NetlinkEvent: NetlinkEvent::FindParam(): Parameter 'UID' not found
11-29 23:48:37.416   305  1751 E NetlinkEvent: NetlinkEvent::FindParam(): Parameter 'UID' not found
11-29 23:51:50.594   305  1751 E NetlinkEvent: NetlinkEvent::FindParam(): Parameter 'UID' not found
11-29 23:52:37.644  1787  2914 I chatty  : uid=1000(system) AlarmManager expire 10 lines
11-29 23:52:37.650   305  1751 E NetlinkEvent: NetlinkEvent::FindParam(): Parameter 'UID' not found
11-29 23:52:37.683  1787  1787 I chatty  : uid=1000 system_server expire 16 lines
11-29 23:56:16.611  1787  4628 I chatty  : uid=1000(system) Binder_9 expire 1 line
11-29 23:56:16.615  1787  6221 I chatty  : uid=1000(system) Binder_D expire 2 lines
11-29 23:56:16.617  1787  1803 I chatty  : uid=1000(system) android.fg expire 2 lines
11-29 23:56:16.642  1787  1806 I chatty  : uid=1000(system) android.display expire 2 lines
11-29 23:56:16.890   258   699 I chatty  : uid=1000(system) EventThread expire 2 lines
11-29 23:56:21.924   305  1751 E NetlinkEvent: NetlinkEvent::FindParam(): Parameter 'UID' not found
11-29 23:56:26.613  1787  1809 I chatty  : uid=1000(system) PowerManagerSer expire 3 lines
11-29 23:56:26.676   258   258 I chatty  : uid=1000(system) /system/bin/surfaceflinger expire 2 lines
11-29 23:56:31.748  3000  3000 D StatusBarKeyguardViewManager: showKeyguard, but hide Bouncer
11-29 23:58:49.650   305  1751 E NetlinkEvent: NetlinkEvent::FindParam(): Parameter 'UID' not found
11-29 23:58:49.652  1787  2914 I chatty  : uid=1000(system) AlarmManager expire 19 lines
11-29 23:58:49.669  1787  1787 I chatty  : uid=1000 system_server expire 22 lines
11-30 00:02:51.188   305  1751 E NetlinkEvent: NetlinkEvent::FindParam(): Parameter 'UID' not found
11-30 00:02:51.189   305  1751 E NetlinkEvent: NetlinkEvent::FindParam(): Parameter 'UID' not found
11-30 00:02:51.220   305  1751 E NetlinkEvent: NetlinkEvent::FindParam(): Parameter 'UID' not found
11-30 00:03:08.027  1787  2217 I chatty  : uid=1000(system) Binder_E expire 1 line
11-30 00:03:08.431  1787  1798 I chatty  : uid=1000(system) Binder_2 expire 1 line
11-30 00:03:09.187  1787  1812 I chatty  : uid=1000(system) PackageManager expire 1 line
11-30 00:03:31.651   305  1751 E NetlinkEvent: NetlinkEvent::FindParam(): Parameter 'UID' not found
11-30 00:03:31.673   305  1751 E NetlinkEvent: NetlinkEvent::FindParam(): Parameter 'UID' not found
11-30 00:03:32.227  1787  1787 I chatty  : uid=1000 system_server expire 13 lines
11-30 00:05:02.056   305  1751 E NetlinkEvent: NetlinkEvent::FindParam(): Parameter 'UID' not found
11-30 00:06:52.032   305  1751 E NetlinkEvent: NetlinkEvent::FindParam(): Parameter 'UID' not found
11-30 00:06:52.033   305  1751 E NetlinkEvent: NetlinkEvent::FindParam(): Parameter 'UID' not found
11-30 00:07:07.645  1787  2914 I chatty  : uid=1000(system) AlarmManager expire 13 lines
11-30 00:07:07.668   305  1751 E NetlinkEvent: NetlinkEvent::FindParam(): Parameter 'UID' not found
11-30 00:10:51.646   305  1751 E NetlinkEvent: NetlinkEvent::FindParam(): Parameter 'UID' not found
11-30 00:11:27.685   305  1751 E NetlinkEvent: NetlinkEvent::FindParam(): Parameter 'UID' not found
11-30 00:11:27.708  1787  1787 I chatty  : uid=1000 system_server expire 11 lines
11-30 00:12:52.647  1787  2914 I chatty  : uid=1000(system) AlarmManager expire 10 lines
11-30 00:12:52.651   305  1751 E NetlinkEvent: NetlinkEvent::FindParam(): Parameter 'UID' not found
11-30 00:12:52.656   305  1751 E NetlinkEvent: NetlinkEvent::FindParam(): Parameter 'UID' not found
11-30 00:13:31.648   305  1751 E NetlinkEvent: NetlinkEvent::FindParam(): Parameter 'UID' not found
11-30 00:14:22.722   305  1751 E NetlinkEvent: NetlinkEvent::FindParam(): Parameter 'UID' not found
11-30 00:21:02.027   305  1751 E NetlinkEvent: NetlinkEvent::FindParam(): Parameter 'UID' not found
11-30 00:21:02.152  1787  1801 I chatty  : uid=1000(system) ActivityManager expire 2 lines
11-30 00:21:02.218  3460  3460 I chatty  : uid=1000(system) com.motorola.modemservice expire 2 lines
11-30 00:21:04.182  1787  1797 I chatty  : uid=1000(system) Binder_1 expire 4 lines
11-30 00:21:09.657  1787  6219 I chatty  : uid=1000(system) Binder_B expire 3 lines
11-30 00:21:09.727  1787  3675 I chatty  : uid=1000(system) Binder_5 expire 2 lines
11-30 00:21:09.727  1787  2954 I chatty  : uid=1000(system) WifiService expire 2 lines
11-30 00:21:09.727  1787  2955 I chatty  : uid=1000(system) ConnectivitySer expire 2 lines
11-30 00:21:09.878  1787  1787 I chatty  : uid=1000 system_server expire 12 lines
11-30 00:21:10.148  1787  3677 I chatty  : uid=1000(system) Binder_6 expire 2 lines
11-30 00:21:10.152   221   228 E Cryptfs : not running with encryption, aborting
11-30 00:21:10.153  1787  2919 I chatty  : uid=1000(system) CryptdConnector expire 1 line
11-30 00:21:10.287   305  1751 E NetlinkEvent: NetlinkEvent::FindParam(): Parameter 'UID' not found
11-30 00:21:10.302  1787  6215 I chatty  : uid=1000(system) Binder_A expire 2 lines
11-30 00:21:11.894  1787  4201 I chatty  : uid=1000(system) Binder_7 expire 1 line
11-30 00:22:08.598  1787  2914 I chatty  : uid=1000(system) AlarmManager expire 12 lines
11-30 00:22:08.599   305  1751 E NetlinkEvent: NetlinkEvent::FindParam(): Parameter 'UID' not found
11-30 00:28:11.207   305  1751 E NetlinkEvent: NetlinkEvent::FindParam(): Parameter 'UID' not found
11-30 00:28:11.211   305  1751 E NetlinkEvent: NetlinkEvent::FindParam(): Parameter 'UID' not found
11-30 00:31:52.611   305  1751 E NetlinkEvent: NetlinkEvent::FindParam(): Parameter 'UID' not found
11-30 00:31:52.614  1787  1787 I chatty  : uid=1000 system_server expire 8 lines
11-30 00:33:32.602   305  1751 E NetlinkEvent: NetlinkEvent::FindParam(): Parameter 'UID' not found
11-30 00:41:27.602  1787  2914 I chatty  : uid=1000(system) AlarmManager expire 11 lines
11-30 00:41:27.637  1787  1787 I chatty  : uid=1000 system_server expire 11 lines
11-30 01:00:53.620   305  1751 E NetlinkEvent: NetlinkEvent::FindParam(): Parameter 'UID' not found
11-30 01:03:32.616   305  1751 E NetlinkEvent: NetlinkEvent::FindParam(): Parameter 'UID' not found
11-30 01:04:54.259   305  1751 E NetlinkEvent: NetlinkEvent::FindParam(): Parameter 'UID' not found
11-30 01:04:54.263   305  1751 E NetlinkEvent: NetlinkEvent::FindParam(): Parameter 'UID' not found
11-30 01:04:54.282   305  1751 E NetlinkEvent: NetlinkEvent::FindParam(): Parameter 'UID' not found
11-30 01:11:28.614  1787  2914 I chatty  : uid=1000(system) AlarmManager expire 12 lines
11-30 01:11:28.616   305  1751 E NetlinkEvent: NetlinkEvent::FindParam(): Parameter 'UID' not found
11-30 01:11:28.645  1787  1787 I chatty  : uid=1000 system_server expire 11 lines
11-30 01:11:28.989  1787  6215 I chatty  : uid=1000(system) Binder_A expire 5 lines
11-30 01:11:29.129  1787  2954 I chatty  : uid=1000(system) WifiService expire 2 lines
11-30 01:11:29.190  1787  6221 I chatty  : uid=1000(system) Binder_D expire 2 lines
11-30 01:11:29.688   305  1751 E NetlinkEvent: NetlinkEvent::FindParam(): Parameter 'UID' not found
11-30 01:11:30.169  1787  3029 I chatty  : uid=1000(system) Binder_3 expire 1 line
11-30 01:11:30.692  1787  2217 I chatty  : uid=1000(system) Binder_E expire 1 line
11-30 01:13:32.618   305  1751 E NetlinkEvent: NetlinkEvent::FindParam(): Parameter 'UID' not found
11-30 01:14:23.616  1787  2914 I chatty  : uid=1000(system) AlarmManager expire 10 lines
11-30 01:14:23.667  1787  1787 I chatty  : uid=1000 system_server expire 10 lines
11-30 01:14:23.921   305  1751 E NetlinkEvent: NetlinkEvent::FindParam(): Parameter 'UID' not found
11-30 01:15:29.624   305  1751 E NetlinkEvent: NetlinkEvent::FindParam(): Parameter 'UID' not found
11-30 01:15:29.708   305  1751 E NetlinkEvent: NetlinkEvent::FindParam(): Parameter 'UID' not found
11-30 01:15:29.749  1787  1787 I chatty  : uid=1000 system_server expire 11 lines
11-30 01:15:40.484  1787  6220 I chatty  : uid=1000(system) Binder_C expire 3 lines
11-30 01:15:50.806   305  1751 E NetlinkEvent: NetlinkEvent::FindParam(): Parameter 'UID' not found
11-30 01:16:00.040   305  1751 E NetlinkEvent: NetlinkEvent::FindParam(): Parameter 'UID' not found
11-30 01:16:15.167   305  1751 E NetlinkEvent: NetlinkEvent::FindParam(): Parameter 'UID' not found
11-30 01:19:30.712   305  1751 E NetlinkEvent: NetlinkEvent::FindParam(): Parameter 'UID' not found
11-30 01:19:30.714   305  1751 E NetlinkEvent: NetlinkEvent::FindParam(): Parameter 'UID' not found
11-30 01:19:35.927   305  1751 E NetlinkEvent: NetlinkEvent::FindParam(): Parameter 'UID' not found
11-30 01:23:31.621   305  1751 E NetlinkEvent: NetlinkEvent::FindParam(): Parameter 'UID' not found
11-30 01:29:54.626  1787  2914 I chatty  : uid=1000(system) AlarmManager expire 11 lines
11-30 01:29:54.637   305  1751 E NetlinkEvent: NetlinkEvent::FindParam(): Parameter 'UID' not found
11-30 01:30:20.634   305  1751 E NetlinkEvent: NetlinkEvent::FindParam(): Parameter 'UID' not found
11-30 01:36:14.135   305  1751 E NetlinkEvent: NetlinkEvent::FindParam(): Parameter 'UID' not found
11-30 01:36:14.142   305  1751 E NetlinkEvent: NetlinkEvent::FindParam(): Parameter 'UID' not found
11-30 01:36:15.059   305  1751 E NetlinkEvent: NetlinkEvent::FindParam(): Parameter 'UID' not found
11-30 01:43:31.638   305  1751 E NetlinkEvent: NetlinkEvent::FindParam(): Parameter 'UID' not found
11-30 01:58:55.648   305  1751 E NetlinkEvent: NetlinkEvent::FindParam(): Parameter 'UID' not found
11-30 02:00:01.644   305  1751 E NetlinkEvent: NetlinkEvent::FindParam(): Parameter 'UID' not found
11-30 02:00:01.663  1787  1787 I chatty  : uid=1000 system_server expire 11 lines
11-30 02:08:51.409   305  1751 E NetlinkEvent: NetlinkEvent::FindParam(): Parameter 'UID' not found
11-30 02:12:34.172   305  1751 E NetlinkEvent: NetlinkEvent::FindParam(): Parameter 'UID' not found
11-30 02:12:52.275   305  1751 E NetlinkEvent: NetlinkEvent::FindParam(): Parameter 'UID' not found
11-30 02:12:52.281   305  1751 E NetlinkEvent: NetlinkEvent::FindParam(): Parameter 'UID' not found
11-30 02:14:25.646  1787  2914 I chatty  : uid=1000(system) AlarmManager expire 15 lines
11-30 02:14:25.766   305  1751 E NetlinkEvent: NetlinkEvent::FindParam(): Parameter 'UID' not found
11-30 02:14:25.792  1787  1787 I chatty  : uid=1000 system_server expire 10 lines
11-30 02:15:33.642   305  1751 E NetlinkEvent: NetlinkEvent::FindParam(): Parameter 'UID' not found
11-30 02:15:33.747   305  1751 E NetlinkEvent: NetlinkEvent::FindParam(): Parameter 'UID' not found
11-30 02:15:33.765  1787  1787 I chatty  : uid=1000 system_server expire 12 lines
11-30 02:15:53.391   305  1751 E NetlinkEvent: NetlinkEvent::FindParam(): Parameter 'UID' not found
11-30 02:19:34.336   305  1751 E NetlinkEvent: NetlinkEvent::FindParam(): Parameter 'UID' not found
11-30 02:19:34.345   305  1751 E NetlinkEvent: NetlinkEvent::FindParam(): Parameter 'UID' not found
11-30 02:19:34.362   305  1751 E NetlinkEvent: NetlinkEvent::FindParam(): Parameter 'UID' not found
11-30 02:23:31.589   305  1751 E NetlinkEvent: NetlinkEvent::FindParam(): Parameter 'UID' not found
11-30 02:27:57.584  1787  2914 I chatty  : uid=1000(system) AlarmManager expire 10 lines
11-30 02:27:57.596   305  1751 E NetlinkEvent: NetlinkEvent::FindParam(): Parameter 'UID' not found
11-30 02:30:20.581   305  1751 E NetlinkEvent: NetlinkEvent::FindParam(): Parameter 'UID' not found
11-30 02:56:58.609   305  1751 E NetlinkEvent: NetlinkEvent::FindParam(): Parameter 'UID' not found
11-30 03:03:32.603   305  1751 E NetlinkEvent: NetlinkEvent::FindParam(): Parameter 'UID' not found
11-30 03:25:59.754   305  1751 E NetlinkEvent: NetlinkEvent::FindParam(): Parameter 'UID' not found
11-30 03:25:59.758  1787  1787 I chatty  : uid=1000 system_server expire 15 lines
11-30 03:27:21.766   305  1751 E NetlinkEvent: NetlinkEvent::FindParam(): Parameter 'UID' not found
11-30 03:27:22.682   305  1751 E NetlinkEvent: NetlinkEvent::FindParam(): Parameter 'UID' not found
11-30 03:32:48.935   305  1751 E NetlinkEvent: NetlinkEvent::FindParam(): Parameter 'UID' not found
11-30 03:32:49.853   305  1751 E NetlinkEvent: NetlinkEvent::FindParam(): Parameter 'UID' not found
11-30 03:33:32.756   305  1751 E NetlinkEvent: NetlinkEvent::FindParam(): Parameter 'UID' not found
11-30 03:55:01.775   305  1751 E NetlinkEvent: NetlinkEvent::FindParam(): Parameter 'UID' not found
11-30 04:03:32.775   305  1751 E NetlinkEvent: NetlinkEvent::FindParam(): Parameter 'UID' not found
11-30 04:08:28.779  1787  2914 I chatty  : uid=1000(system) AlarmManager expire 10 lines
11-30 04:08:29.145   305  1751 E NetlinkEvent: NetlinkEvent::FindParam(): Parameter 'UID' not found
11-30 04:10:52.767   305  1751 E NetlinkEvent: NetlinkEvent::FindParam(): Parameter 'UID' not found
11-30 04:10:52.768  1787  2914 I chatty  : uid=1000(system) AlarmManager expire 10 lines
11-30 04:10:52.775  1787  1787 I chatty  : uid=1000 system_server expire 10 lines
11-30 04:12:30.157   305  1751 E NetlinkEvent: NetlinkEvent::FindParam(): Parameter 'UID' not found
11-30 04:12:30.161   305  1751 E NetlinkEvent: NetlinkEvent::FindParam(): Parameter 'UID' not found
11-30 04:12:30.197   305  1751 E NetlinkEvent: NetlinkEvent::FindParam(): Parameter 'UID' not found
11-30 04:13:31.768   305  1751 E NetlinkEvent: NetlinkEvent::FindParam(): Parameter 'UID' not found
11-30 04:14:28.839   305  1751 E NetlinkEvent: NetlinkEvent::FindParam(): Parameter 'UID' not found
11-30 04:23:31.773   305  1751 E NetlinkEvent: NetlinkEvent::FindParam(): Parameter 'UID' not found
