12-01 12:24:58.877  1787  1806 I DisplayManagerService: Display device changed state: "Integriertes Display", ON
12-01 12:24:58.886  1787  1809 I DreamManagerService: Gently waking up from dream.
12-01 12:24:58.887  1787  6221 I DreamManagerService: Leaving dreamland.
12-01 12:24:58.901  1787  1803 I DreamController: Stopping dream: name=ComponentInfo{com.motorola.motodisplay/com.motorola.motodisplay.DozeService}, isTest=false, canDoze=true, userId=0
12-01 12:24:58.969  1787  6220 I ActivityManager: Start proc 11380:com.motorola.genie/u0a21 for broadcast com.motorola.genie/.prefetch.PowerStatusReceiver
12-01 12:24:59.079  1787  4201 I ActivityManager: Start proc 11399:android.process.media/u0a14 for broadcast com.android.providers.media/.MtpReceiver
12-01 12:24:59.187  1787  1798 W BroadcastQueue: Permission Denial: broadcasting Intent { act=com.motorola.cce.Actions.CCE_SEND_SETTINGS flg=0x10 (has extras) } from com.motorola.genie (pid=11380, uid=10021) is not exported from uid 10000 due to receiver com.motorola.ccc.checkin/com.motorola.blur.service.blur.SharedSettingsReceiver
12-01 12:24:59.191  1787  3677 W BroadcastQueue: Permission Denial: broadcasting Intent { act=com.motorola.cce.Actions.CCE_SEND_SETTINGS flg=0x10 (has extras) } from com.motorola.genie (pid=11380, uid=10021) is not exported from uid 10000 due to receiver com.motorola.ccc.notification/com.motorola.blur.service.blur.SharedSettingsReceiver
12-01 12:24:59.192  1787  1801 W BroadcastQueue: Permission Denial: broadcasting Intent { act=com.motorola.cce.Actions.CCE_SEND_SETTINGS flg=0x10 (has extras) } from com.motorola.genie (pid=11380, uid=10021) is not exported from uid 10027 due to receiver com.motorola.MotGallery2/com.motorola.blur.service.blur.SharedSettingsReceiver
12-01 12:24:59.478  1787  2217 I ActivityManager: Killing 10547:android.process.acore/u0a8 (adj 15): empty #7
12-01 12:24:59.705   305  1751 E NetlinkEvent: NetlinkEvent::FindParam(): Parameter 'UID' not found
12-01 12:24:59.999  1787  2914 V AlarmManager: sending alarm {9fb17df type 1 *alarm*:com.droid27.tcw.ACTION_TIME_TICK}
12-01 12:25:00.004  1787  2914 V AlarmManager: sending alarm {59149cf type 3 *alarm*:android.intent.action.TIME_TICK}
12-01 12:25:00.050  1787  1787 V AlarmManager: done {9fb17df, *alarm*:com.droid27.tcw.ACTION_TIME_TICK} [50ms]
12-01 12:25:00.116  1787  1787 V AlarmManager: done {59149cf, *alarm*:android.intent.action.TIME_TICK} [113ms]
12-01 12:25:08.819  1787  1809 I PowerManagerService: Going to sleep due to screen timeout (uid 1000)...
12-01 12:25:08.830   258   258 I SFPerfTracer:      triggers: (rate: 310:11545) (compose: 26:1216) (post: 3:4441) (render: 127:3241) (0:480204 frames) (1:542142)
12-01 12:25:08.830   258   258 D SFPerfTracer:        layers: (2:16) (FocusedStackFrame (0xb76faf08): 0:2514)* (DimLayer (0xb765c9f8): 0:71)* (StatusBar (0xb7700af0): 0:41019) (com.android.systemui.ImageWallpaper (0xb7652330): 0:2123) (Sprite (0xb76bc5c0): 0:49340)* (Sprite (0xb76d2e78): 0:6474)* (Sprite (0xb76e0498): 0:45920)* (Sprite (0xb769c898): 0:27)* (DimLayer (0xb7707410): 0:23)* (DimLayer (0xb7709288): 0:60)* (Sprite (0xb76d7f10): 0:2675)* (Sprite (0xb7711490): 0:9114)* (com.whatsapp/com.whatsapp.Conversation (0xb77194b8): 0:140)* (InputMethod (0xb7716140): 0:27)* ( (0xb7699808): 0:187)- 
12-01 12:25:09.282  1787  1801 I ActivityManager: Start proc 11480:android.process.acore/u0a8 for broadcast com.android.providers.contacts/.PackageIntentReceiver
12-01 12:25:09.337  1787  1806 I DisplayManagerService: Display device changed state: "Integriertes Display", OFF
12-01 12:25:09.342   258   699 I SFPerfTracer:      triggers: (rate: 17:849) (806842 sw vsyncs) (0 skipped) (715:1428952 vsyncs) (717:2252266)
12-01 12:25:09.396  1787  6219 I ActivityManager: Killing 10371:com.google.process.gapps/u0a17 (adj 15): empty #7
12-01 12:25:09.546  1787  1809 I DreamManagerService: Entering dreamland.
12-01 12:25:09.546  1787  1809 I PowerManagerService: Dozing...
12-01 12:25:09.552  1787  1803 I DreamController: Starting dream: name=ComponentInfo{com.motorola.motodisplay/com.motorola.motodisplay.DozeService}, isTest=false, canDoze=true, userId=0
12-01 12:25:09.685  3000  3000 D StatusBarKeyguardViewManager: showKeyguard, but hide Bouncer
12-01 12:25:13.959  1787  1801 I ActivityManager: Waited long enough for: ServiceRecord{d384626 u0 com.motorola.groundloopnoisepreventer/.SilenceService}
12-01 12:25:14.831   305  1751 E NetlinkEvent: NetlinkEvent::FindParam(): Parameter 'UID' not found
12-01 12:25:23.571  1787  2914 V AlarmManager: sending alarm {f80ed04 type 2 *walarm*:com.google.android.gms.gcm.HEARTBEAT_ALARM}
12-01 12:25:23.579   305  1751 E NetlinkEvent: NetlinkEvent::FindParam(): Parameter 'UID' not found
12-01 12:25:23.582  1787  1787 V AlarmManager: done {f80ed04, *walarm*:com.google.android.gms.gcm.HEARTBEAT_ALARM} [11ms]
12-01 12:25:34.350   305  1751 E NetlinkEvent: NetlinkEvent::FindParam(): Parameter 'UID' not found
12-01 12:25:41.112  1787  2217 I PowerManagerService: Waking up from dozing (uid 10031)...
12-01 12:25:41.119  1787  4201 I DreamManagerService: Leaving dreamland.
12-01 12:25:41.122  1787  1803 I DreamController: Stopping dream: name=ComponentInfo{com.motorola.motodisplay/com.motorola.motodisplay.DozeService}, isTest=false, canDoze=true, userId=0
12-01 12:25:41.122  1787  1806 I DisplayManagerService: Display device changed state: "Integriertes Display", ON
12-01 12:25:41.361   258   699 I SFPerfTracer:      triggers: (rate: 17:849) (808639 sw vsyncs) (0 skipped) (0:1428954 vsyncs) (1796:2254067)
12-01 12:25:43.687   258   258 I SFPerfTracer:      triggers: (rate: 310:11547) (compose: 26:1216) (post: 3:4441) (render: 127:3241) (16:480290 frames) (17:542247)
12-01 12:25:43.687   258   258 D SFPerfTracer:        layers: (4:18) (FocusedStackFrame (0xb76faf08): 0:2514)* (DimLayer (0xb765c9f8): 0:71)* (StatusBar (0xb7700af0): 16:41078) (com.android.systemui.ImageWallpaper (0xb7652330): 0:2126) (Sprite (0xb76bc5c0): 0:49340)* (Sprite (0xb76d2e78): 0:6474)* (Sprite (0xb76e0498): 0:45920)* (Sprite (0xb769c898): 0:27)* (DimLayer (0xb7707410): 0:23)* (DimLayer (0xb7709288): 0:60)* (Sprite (0xb76d7f10): 15:2709) (Sprite (0xb7711490): 0:9114)* (com.whatsapp/com.whatsapp.Conversation (0xb77194b8): 1:147)* (InputMethod (0xb7716140): 0:28)* (ColorFade (0xb771ac50): 0:30)- ( (0xb7699808): 0:4)- (NavigationBar (0xb771ac50): 0:18) 
12-01 12:25:44.637   258   258 I SFPerfTracer:      triggers: (rate: 310:11549) (compose: 26:1218) (post: 3:4442) (render: 127:3244) (11:480336 frames) (12:542300)
12-01 12:25:44.637   258   258 D SFPerfTracer:        layers: (4:16) (FocusedStackFrame (0xb76faf08): 0:2514)* (DimLayer (0xb765c9f8): 0:71)* (StatusBar (0xb7700af0): 12:41131) (com.android.systemui.ImageWallpaper (0xb7652330): 0:2126) (Sprite (0xb76bc5c0): 0:49340)* (Sprite (0xb76d2e78): 0:6474)* (Sprite (0xb76e0498): 0:45920)* (Sprite (0xb769c898): 0:27)* (DimLayer (0xb7707410): 0:23)* (DimLayer (0xb7709288): 0:60)* (Sprite (0xb76d7f10): 11:2735) (Sprite (0xb7711490): 1:9143)* (com.whatsapp/com.whatsapp.Conversation (0xb77194b8): 0:148)* (InputMethod (0xb7716140): 0:28)* (NavigationBar (0xb771ac50): 0:18) 
12-01 12:25:44.869   305  1751 E NetlinkEvent: NetlinkEvent::FindParam(): Parameter 'UID' not found
12-01 12:25:44.911  1787  6219 W InputMethodManagerService: Window already focused, ignoring focus gain of: com.android.internal.view.IInputMethodClient$Stub$Proxy@dfb8430 attribute=android.view.inputmethod.EditorInfo@37e18a9, token = android.os.BinderProxy@3f2aa80
12-01 12:25:45.041  1787  6221 I ActivityManager: Start proc 11561:com.google.process.gapps/u0a17 for content provider com.google.android.gsf/.gservices.GservicesProvider
12-01 12:25:45.087  1787  1797 I ActivityManager: Start proc 11573:com.android.settings/1000 for broadcast com.android.settings/com.motorola.settings.notification.HiddenListenerSettingsReceiver
12-01 12:25:45.156 11573 11573 W ContextImpl: Calling a method in the system process without a qualified user: android.app.ContextImpl.startService:1221 android.content.ContextWrapper.startService:581 android.content.ContextWrapper.startService:581 com.motorola.settings.notification.HiddenListenerSettingsReceiver.onReceive:35 android.app.ActivityThread.handleReceiver:2743 
12-01 12:25:45.174  1787  1787 V NotificationListeners: disabling notification listener for user 0: ComponentInfo{com.motorola.motodisplay/com.motorola.motodisplay.MDNotificationListenerService}
12-01 12:25:45.181  1787  3031 I ActivityManager: Killing 10479:com.google.android.googlequicksearchbox:search/u0a46 (adj 15): empty #7
12-01 12:25:45.256  1787  3677 D ConnectivityService: ConnectivityService NetworkRequestInfo binderDied(NetworkRequest [ id=68, legacyType=-1, [ Capabilities: INTERNET&NOT_RESTRICTED&TRUSTED] ], android.os.BinderProxy@a5bddcf)
12-01 12:25:45.256  1787  2954 D WifiService: Client connection lost with reason: 4
12-01 12:25:45.256  1787  2955 D ConnectivityService: releasing NetworkRequest NetworkRequest [ id=68, legacyType=-1, [ Capabilities: INTERNET&NOT_RESTRICTED&TRUSTED] ]
12-01 12:25:45.277  1787  2955 E ConnectivityService: RemoteException caught trying to send a callback msg for NetworkRequest [ id=68, legacyType=-1, [ Capabilities: INTERNET&NOT_RESTRICTED&TRUSTED] ]
12-01 12:25:45.607   258   258 I SFPerfTracer:      triggers: (rate: 310:11553) (compose: 26:1219) (post: 3:4443) (render: 127:3254) (11:480373 frames) (12:542345)
12-01 12:25:45.608   258   258 D SFPerfTracer:        layers: (4:16) (FocusedStackFrame (0xb76faf08): 0:2516)* (DimLayer (0xb765c9f8): 0:71)* (StatusBar (0xb7700af0): 4:41166) (com.android.systemui.ImageWallpaper (0xb7652330): 1:2137)* (Sprite (0xb76bc5c0): 0:49340)* (Sprite (0xb76d2e78): 0:6474)* (Sprite (0xb76e0498): 0:45920)* (Sprite (0xb769c898): 0:27)* (DimLayer (0xb7707410): 0:23)* (DimLayer (0xb7709288): 0:62)* (Sprite (0xb76d7f10): 0:2736)* (Sprite (0xb7711490): 0:9143)* (com.whatsapp/com.whatsapp.Conversation (0xb77194b8): 1:168) (InputMethod (0xb7716140): 0:44) (NavigationBar (0xb771ac50): 10:30) 
12-01 12:25:45.731  1787  2954 D WifiService: New client listening to asynchronous messages
12-01 12:25:45.992  1787  2915 I ActivityManager: START u0 {act=android.intent.action.MAIN cat=[android.intent.category.HOME] flg=0x10200000 cmp=com.google.android.googlequicksearchbox/com.google.android.launcher.GEL (has extras)} from uid 1000 on display 0
12-01 12:25:45.993  1787  2915 I ActivityManager: moveHomeStack, setupComplete:true
12-01 12:25:46.134  1787  6215 I ActivityManager: Start proc 11611:com.google.android.googlequicksearchbox:search/u0a46 for service com.google.android.googlequicksearchbox/com.google.android.apps.gsa.search.core.service.SearchService
12-01 12:25:46.136  1787  1806 I LaunchCheckinHandler: Displayed com.google.android.googlequicksearchbox/com.google.android.launcher.GEL,wp,wa,143
12-01 12:25:46.645  1787  2954 D WifiService: New client listening to asynchronous messages
12-01 12:25:46.766  1787  1797 I ActivityManager: Start proc 11640:com.google.android.partnersetup/u0a20 for content provider com.google.android.partnersetup/.RlzAppProvider
12-01 12:25:47.468   258   258 I SFPerfTracer:      triggers: (rate: 310:11556) (compose: 26:1219) (post: 3:4443) (render: 127:3256) (12:480418 frames) (13:542407)
12-01 12:25:47.468   258   258 D SFPerfTracer:        layers: (5:17) (FocusedStackFrame (0xb76faf08): 0:2519)* (DimLayer (0xb765c9f8): 0:71)* (StatusBar (0xb7700af0): 0:41167) (com.android.systemui.ImageWallpaper (0xb7652330): 0:2138) (Sprite (0xb76bc5c0): 0:49340)* (Sprite (0xb76d2e78): 0:6474)* (Sprite (0xb76e0498): 0:45920)* (Sprite (0xb769c898): 0:27)* (DimLayer (0xb7707410): 0:23)* (DimLayer (0xb7709288): 0:62)* (Sprite (0xb76d7f10): 10:2759) (Sprite (0xb7711490): 0:9143)* (com.whatsapp/com.whatsapp.Conversation (0xb77194b8): 0:196)- (InputMethod (0xb7716140): 0:58)- (NavigationBar (0xb771ac50): 0:64) (com.google.android.googlequicksearchbox/com.google.android.launcher.GEL (0xb76992c8): 9:16) 
12-01 12:25:47.738   258   258 I SFPerfTracer:      triggers: (rate: 310:11556) (compose: 26:1219) (post: 3:4444) (render: 127:3257) (12:480430 frames) (13:542420)
12-01 12:25:47.738   258   258 D SFPerfTracer:        layers: (4:15) (FocusedStackFrame (0xb76faf08): 0:2519)* (DimLayer (0xb765c9f8): 0:71)* (StatusBar (0xb7700af0): 1:41168) (com.android.systemui.ImageWallpaper (0xb7652330): 0:2138) (Sprite (0xb76bc5c0): 0:49340)* (Sprite (0xb76d2e78): 0:6474)* (Sprite (0xb76e0498): 0:45920)* (Sprite (0xb769c898): 0:27)* (DimLayer (0xb7707410): 0:23)* (DimLayer (0xb7709288): 0:62)* (Sprite (0xb76d7f10): 1:2760)* (Sprite (0xb7711490): 0:9143)* (NavigationBar (0xb771ac50): 0:64) (com.google.android.googlequicksearchbox/com.google.android.launcher.GEL (0xb76992c8): 13:29) 
12-01 12:25:48.588   258   258 I SFPerfTracer:       trigger: frame rate (-37.394%)	(37.564 fps)	(26.621 ms) 	(4 drops)	(10 frames)
12-01 12:25:48.588   258   258 I SFPerfTracer:      triggers: (rate: 311:11560) (compose: 26:1219) (post: 3:4444) (render: 127:3257) (10:480440 frames) (11:542432)
12-01 12:25:48.588   258   258 D SFPerfTracer:        layers: (5:15) (FocusedStackFrame (0xb76faf08): 0:2519)* (DimLayer (0xb765c9f8): 0:71)* (StatusBar (0xb7700af0): 0:41168) (com.android.systemui.ImageWallpaper (0xb7652330): 0:2138) (Sprite (0xb76bc5c0): 0:49340)* (Sprite (0xb76d2e78): 0:6474)* (Sprite (0xb76e0498): 0:45920)* (Sprite (0xb769c898): 0:27)* (DimLayer (0xb7707410): 0:23)* (DimLayer (0xb7709288): 0:62)* (Sprite (0xb76d7f10): 7:2767) (Sprite (0xb7711490): 0:9143)* (NavigationBar (0xb771ac50): 0:64) (com.google.android.googlequicksearchbox/com.google.android.launcher.GEL (0xb76992c8): 6:35) 
12-01 12:25:50.007  1787  3675 I ActivityManager: START u0 {act=android.intent.action.DELETE dat=package:SeniorenApp.SeniorenApp flg=0x10800000 cmp=com.android.packageinstaller/.UninstallerActivity (has extras)} from uid 10046 on display 0
12-01 12:25:50.074  1787  4201 I ActivityManager: Start proc 11682:com.android.packageinstaller/u0a87 for activity com.android.packageinstaller/.UninstallerActivity
12-01 12:25:50.440  1787  1806 I LaunchCheckinHandler: Displayed com.android.packageinstaller/.UninstallerActivity,cp,ca,378
12-01 12:25:50.804   258   258 I SFPerfTracer:      triggers: (rate: 311:11562) (compose: 26:1219) (post: 3:4444) (render: 127:3257) (14:480543 frames) (15:542546)
12-01 12:25:50.804   258   258 D SFPerfTracer:        layers: (6:17) (FocusedStackFrame (0xb76faf08): 0:2521)* (DimLayer (0xb765c9f8): 0:71)* (StatusBar (0xb7700af0): 0:41171) (com.android.systemui.ImageWallpaper (0xb7652330): 0:2138) (Sprite (0xb76bc5c0): 0:49340)* (Sprite (0xb76d2e78): 0:6474)* (Sprite (0xb76e0498): 0:45920)* (Sprite (0xb769c898): 0:27)* (DimLayer (0xb7707410): 9:33) (DimLayer (0xb7709288): 0:62)* (Sprite (0xb76d7f10): 0:2830)* (Sprite (0xb7711490): 0:9143)* (NavigationBar (0xb771ac50): 0:64) (com.google.android.googlequicksearchbox/com.google.android.launcher.GEL (0xb76992c8): 15:142) (com.android.packageinstaller/com.android.packageinstaller.UninstallerActivity (0xb7719408): 8:16) (com.android.packageinstaller/com.android.packageinstaller.UninstallerActivity (0xb76d5a50): 0:6)* 
12-01 12:25:50.963  1787  6219 I ActivityManager: START u0 {act=android.intent.action.VIEW cmp=com.android.packageinstaller/.UninstallAppProgress (has extras)} from uid 10087 on display 0
12-01 12:25:51.076  1787  1801 I ActivityManager: Force stopping SeniorenApp.SeniorenApp appid=10170 user=-1: uninstall pkg
12-01 12:25:51.170  1787  1806 I LaunchCheckinHandler: Displayed com.android.packageinstaller/.UninstallAppProgress,wp,ca,185
12-01 12:25:51.357  1787  3675 I ActivityManager: Killing 11480:android.process.acore/u0a8 (adj 15): empty #7
12-01 12:25:51.597  1787  1812 W PackageManager: Couldn't remove dex file for package:  at location /data/app/SeniorenApp.SeniorenApp-1/base.apk, retcode=-1
12-01 12:25:51.615  1787  1812 I ActivityManager: Start proc 11705:com.android.defcontainer/u0a10 for service com.android.defcontainer/.DefaultContainerService
12-01 12:25:51.615  1787  1812 I ActivityManager: Force stopping SeniorenApp.SeniorenApp appid=10170 user=0: pkg removed
12-01 12:25:51.639  1787  6221 I ActivityManager: moveHomeStack, setupComplete:true
12-01 12:25:51.689  1787  1801 I ActivityManager: Start proc 11718:android.process.acore/u0a8 for broadcast com.android.providers.contacts/.PackageIntentReceiver
12-01 12:25:51.790  1787  1787 D JobSchedulerService: Receieved: android.intent.action.PACKAGE_REMOVED
12-01 12:25:51.891  1787  3031 I ActivityManager: Start proc 11741:com.android.keychain/1000 for broadcast com.android.keychain/.KeyChainBroadcastReceiver
12-01 12:25:51.952 11741 11741 W ContextImpl: Calling a method in the system process without a qualified user: android.app.ContextImpl.startService:1221 android.content.ContextWrapper.startService:581 android.content.ContextWrapper.startService:581 com.android.keychain.KeyChainBroadcastReceiver.onReceive:12 android.app.ActivityThread.handleReceiver:2743 
12-01 12:25:51.971  1787  3031 I ActivityManager: Start proc 11755:com.google.android.apps.docs/u0a63 for broadcast com.google.android.apps.docs/.receivers.AppPackageAddRemoveReceiver
12-01 12:25:51.976  1787  4627 I ActivityManager: Killing 11133:com.motorola.context/u0a103 (adj 15): empty #7
12-01 12:25:52.044  1787  3029 I ActivityManager: Killing 11380:com.motorola.genie/u0a21 (adj 15): empty #7
12-01 12:25:52.432  1787  6220 I ActivityManager: Killing 10350:com.google.android.gms/u0a17 (adj 15): empty #7
12-01 12:25:52.512  1787  2954 D WifiService: Client connection lost with reason: 4
12-01 12:25:52.517  1787  3675 W ActivityManager: Scheduling restart of crashed service com.google.android.gms/.measurement.service.MeasurementBrokerService in 1000ms
12-01 12:25:53.048  1787  3677 I ActivityManager: Killing 10457:com.droid27.transparentclockweather/u0a113 (adj 15): empty #7
12-01 12:25:53.122  1787  1798 I ActivityManager: Start proc 11791:com.google.android.gms/u0a17 for service com.google.android.gms/.chimera.GmsIntentOperationService
12-01 12:25:53.832  1787  1787 I ActivityManager: Start proc 11853:com.android.documentsui/u0a62 for broadcast com.android.documentsui/.PackageReceiver
12-01 12:25:54.093  1787  6219 I ActivityManager: Start proc 11879:com.android.externalstorage/u0a15 for content provider com.android.externalstorage/.ExternalStorageProvider
12-01 12:25:54.123  1787  3677 I ActivityManager: Killing 11573:com.android.settings/1000 (adj 15): empty #7
12-01 12:25:54.269  1787  1798 D ConnectivityService: listenForNetwork for Listen from uid/pid:10017/11791 for NetworkRequest [ id=69, legacyType=-1, [ Capabilities: INTERNET&NOT_RESTRICTED&TRUSTED&NOT_VPN] ]
12-01 12:25:54.339  1787  4201 I ActivityManager: Start proc 11898:com.android.shell/2000 for content provider com.android.shell/.BugreportStorageProvider
12-01 12:25:54.366  1787  6215 I ActivityManager: Killing 11705:com.android.defcontainer/u0a10 (adj 15): empty #7
12-01 12:25:54.803   258   258 I SFPerfTracer:      triggers: (rate: 311:11565) (compose: 26:1219) (post: 3:4444) (render: 127:3257) (0:480613 frames) (1:542646)
12-01 12:25:54.804   258   258 D SFPerfTracer:        layers: (5:20) (FocusedStackFrame (0xb76faf08): 0:2528)* (DimLayer (0xb765c9f8): 0:71)* (StatusBar (0xb7700af0): 1:41174) (com.android.systemui.ImageWallpaper (0xb7652330): 0:2140) (Sprite (0xb76bc5c0): 0:49340)* (Sprite (0xb76d2e78): 0:6474)* (Sprite (0xb76e0498): 0:45920)* (Sprite (0xb769c898): 0:27)* (DimLayer (0xb7707410): 0:46)* (DimLayer (0xb7709288): 0:64)* (Sprite (0xb76d7f10): 0:2845)* (Sprite (0xb7711490): 0:9143)* (NavigationBar (0xb771ac50): 0:64) (com.google.android.googlequicksearchbox/com.google.android.launcher.GEL (0xb76992c8): 0:144)- (com.android.packageinstaller/com.android.packageinstaller.UninstallerActivity (0xb7719408): 0:32)- (com.android.packageinstaller/com.android.packageinstaller.UninstallerActivity (0xb76d5a50): 0:7)- (com.android.packageinstaller/com.android.packageinstaller.UninstallAppProgress (0xb7716130): 0:49)- (com.google.android.googlequicksearchbox/com.google.android.launcher.GEL (0xb7719408): 0:23) (Toast (0xb76992c8): 0:32) 
12-01 12:25:55.140  1787  1787 I ActivityManager: Killing 11741:com.android.keychain/1000 (adj 15): empty #7
12-01 12:26:00.001  1787  2914 V AlarmManager: sending alarm {59149cf type 3 *alarm*:android.intent.action.TIME_TICK}
12-01 12:26:00.003  1787  2914 V AlarmManager: sending alarm {9fb17df type 1 *alarm*:com.droid27.tcw.ACTION_TIME_TICK}
12-01 12:26:00.024  1787  1801 I ActivityManager: Start proc 11925:com.droid27.transparentclockweather/u0a113 for broadcast com.droid27.transparentclockweather/.Widget_2x1
12-01 12:26:00.073  1787  1787 V AlarmManager: done {59149cf, *alarm*:android.intent.action.TIME_TICK} [73ms]
12-01 12:26:00.311  1787  2217 I ActivityManager: Killing 11755:com.google.android.apps.docs/u0a63 (adj 15): empty #7
12-01 12:26:00.311  1787  1787 V AlarmManager: done {9fb17df, *alarm*:com.droid27.tcw.ACTION_TIME_TICK} [311ms]
12-01 12:26:01.328  1787  3675 I ActivityManager: Killing 11682:com.android.packageinstaller/u0a87 (adj 15): empty #7
12-01 12:26:03.112   305  1751 E NetlinkEvent: NetlinkEvent::FindParam(): Parameter 'UID' not found
12-01 12:26:03.258  1787  1801 I ActivityManager: Waited long enough for: ServiceRecord{53b1d16 u0 com.whatsapp/.messaging.MessageService}
12-01 12:26:05.620   258   699 I SFPerfTracer:      triggers: (rate: 17:850) (808639 sw vsyncs) (0 skipped) (1450:1430404 vsyncs) (1452:2255519)
12-01 12:26:08.749  1787  2914 V AlarmManager: sending alarm {48067bf type 0 *walarm*:com.android.vending/com.google.android.finsky.services.ContentSyncService}
12-01 12:26:08.753  1787  2914 I ActivityManager: Killing 11640:com.google.android.partnersetup/u0a20 (adj 15): empty #7
12-01 12:26:08.814  1787  1787 V AlarmManager: done {48067bf, *walarm*:com.android.vending/com.google.android.finsky.services.ContentSyncService} [65ms]
12-01 12:26:13.131   305  1751 E NetlinkEvent: NetlinkEvent::FindParam(): Parameter 'UID' not found
12-01 12:26:15.511   305  1751 E NetlinkEvent: NetlinkEvent::FindParam(): Parameter 'UID' not found
12-01 12:26:15.517  1787  3029 I ActivityManager: Killing 11853:com.android.documentsui/u0a62 (adj 15): empty #7
12-01 12:26:15.672  1787  3029 I ActivityManager: Killing 10263:com.motorola.motodisplay/u0a31 (adj 15): empty #8
12-01 12:26:24.474  1787  1801 I ActivityManager: Start proc 11977:Mono.Android.DebugRuntime/u0a119 for broadcast Mono.Android.DebugRuntime/com.xamarin.mono.android.PackageVersions
12-01 12:26:24.513  1787  6215 I ActivityManager: Killing 11718:android.process.acore/u0a8 (adj 15): empty #7
12-01 12:26:25.530   305  1751 E NetlinkEvent: NetlinkEvent::FindParam(): Parameter 'UID' not found
12-01 12:26:25.642  1787  1801 I ActivityManager: Force stopping Mono.Android.Platform.ApiLevel_24 appid=10168 user=-1: uninstall pkg
12-01 12:26:25.894  1787  1812 W PackageManager: Couldn't remove dex file for package:  at location /data/app/Mono.Android.Platform.ApiLevel_24-1/base.apk, retcode=-1
12-01 12:26:25.896  1787  1812 W PackageManager: Package named 'Mono.Android.Platform.ApiLevel_24' doesn't exist.
12-01 12:26:25.989  1787  1812 I ActivityManager: Start proc 12011:com.android.defcontainer/u0a10 for service com.android.defcontainer/.DefaultContainerService
12-01 12:26:25.999  1787  1812 I ActivityManager: Force stopping Mono.Android.Platform.ApiLevel_24 appid=10168 user=0: pkg removed
12-01 12:26:26.032  1787  1801 I ActivityManager: Start proc 12023:android.process.acore/u0a8 for broadcast com.android.providers.contacts/.PackageIntentReceiver
12-01 12:26:26.086  1787  1787 D JobSchedulerService: Receieved: android.intent.action.PACKAGE_REMOVED
12-01 12:26:26.094  1787  6215 I ActivityManager: Killing 11879:com.android.externalstorage/u0a15 (adj 15): empty #7
12-01 12:26:26.180  1787  6220 I ActivityManager: Start proc 12043:com.android.keychain/1000 for broadcast com.android.keychain/.KeyChainBroadcastReceiver
12-01 12:26:26.229 12043 12043 W ContextImpl: Calling a method in the system process without a qualified user: android.app.ContextImpl.startService:1221 android.content.ContextWrapper.startService:581 android.content.ContextWrapper.startService:581 com.android.keychain.KeyChainBroadcastReceiver.onReceive:12 android.app.ActivityThread.handleReceiver:2743 
12-01 12:26:26.250  1787  6219 I ActivityManager: Start proc 12056:com.google.android.apps.docs/u0a63 for broadcast com.google.android.apps.docs/.receivers.AppPackageAddRemoveReceiver
12-01 12:26:26.252  1787  6219 I ActivityManager: Killing 11898:com.android.shell/2000 (adj 15): empty #7
12-01 12:26:26.349  1787  6215 I ActivityManager: Killing 11561:com.google.process.gapps/u0a17 (adj 15): empty #7
12-01 12:26:26.889  1787  3677 I ActivityManager: Killing 11925:com.droid27.transparentclockweather/u0a113 (adj 15): empty #7
12-01 12:26:27.025  1787  4627 I ActivityManager: Start proc 12094:com.motorola.motodisplay/u0a31 for broadcast com.motorola.motodisplay/.events.EventReceiver
12-01 12:26:27.251  1787  1787 I ActivityManager: Start proc 12115:com.android.documentsui/u0a62 for broadcast com.android.documentsui/.PackageReceiver
12-01 12:26:27.328  1787  4201 I ActivityManager: Start proc 12128:com.android.externalstorage/u0a15 for content provider com.android.externalstorage/.ExternalStorageProvider
12-01 12:26:27.357  1787  6219 I ActivityManager: Killing 11977:Mono.Android.DebugRuntime/u0a119 (adj 15): empty #7
12-01 12:26:27.502  1787  6219 I ActivityManager: Start proc 12142:com.android.shell/2000 for content provider com.android.shell/.BugreportStorageProvider
12-01 12:26:27.518  1787  3677 I ActivityManager: Killing 12011:com.android.defcontainer/u0a10 (adj 15): empty #7
12-01 12:26:32.823  1787  1812 I ActivityManager: Start proc 12176:com.android.defcontainer/u0a10 for service com.android.defcontainer/.DefaultContainerService
12-01 12:26:32.946  1787  4627 I ActivityManager: Start proc 12190:com.google.process.gapps/u0a17 for content provider com.google.android.gsf/.gservices.GservicesProvider
12-01 12:26:34.358  1787  4628 I ActivityManager: Killing 12043:com.android.keychain/1000 (adj 15): empty #7
12-01 12:26:34.661   305  1751 E NetlinkEvent: NetlinkEvent::FindParam(): Parameter 'UID' not found
12-01 12:26:37.292  1787  3031 I ActivityManager: Start proc 12256:com.google.android.partnersetup/u0a20 for content provider com.google.android.partnersetup/.RlzAppProvider
12-01 12:26:37.672  1787  6220 D ConnectivityService: listenForNetwork for Listen from uid/pid:10046/11611 for NetworkRequest [ id=70, legacyType=-1, [ Capabilities: INTERNET&NOT_RESTRICTED&TRUSTED] ]
12-01 12:26:38.296 12176 12186 D DefContainer: Copying /data/local/tmp/Mono.Android.Platform.ApiLevel_24.apk to base.apk
12-01 12:26:39.059   258   258 I SFPerfTracer:      triggers: (rate: 311:11569) (compose: 26:1219) (post: 3:4444) (render: 127:3257) (147:480814 frames) (148:542889)
12-01 12:26:39.059   258   258 D SFPerfTracer:        layers: (4:16) (FocusedStackFrame (0xb76faf08): 0:2528)* (DimLayer (0xb765c9f8): 0:71)* (StatusBar (0xb7700af0): 2:41206) (com.android.systemui.ImageWallpaper (0xb7652330): 0:2140) (Sprite (0xb76bc5c0): 0:49340)* (Sprite (0xb76d2e78): 0:6474)* (Sprite (0xb76e0498): 0:45920)* (Sprite (0xb769c898): 0:27)* (DimLayer (0xb7707410): 0:46)* (DimLayer (0xb7709288): 0:64)* (Sprite (0xb76d7f10): 0:2845)* (Sprite (0xb7711490): 0:9143)* (NavigationBar (0xb771ac50): 0:64) (com.google.android.googlequicksearchbox/com.google.android.launcher.GEL (0xb7719408): 148:184) (Toast (0xb76992c8): 0:62)- 
12-01 12:26:40.269  1787  1812 V BackupManagerService: restoreAtInstall pkg=Mono.Android.Platform.ApiLevel_24 token=2c restoreSet=0
12-01 12:26:40.269  1787  1812 V BackupManagerService: Finishing install immediately
12-01 12:26:42.716  1787  4201 I ActivityManager: START u0 {act=android.intent.action.MAIN flg=0x1c082000 cmp=com.google.android.googlequicksearchbox/com.google.android.apps.gsa.legacyui.VelvetActivity (has extras)} from uid 10046 on display 0
12-01 12:26:42.740   258   258 I SFPerfTracer:      triggers: (rate: 311:11572) (compose: 26:1219) (post: 3:4444) (render: 127:3257) (209:481023 frames) (210:543100)
12-01 12:26:42.740   258   258 D SFPerfTracer:        layers: (4:15) (FocusedStackFrame (0xb76faf08): 0:2528)* (DimLayer (0xb765c9f8): 0:71)* (StatusBar (0xb7700af0): 3:41209) (com.android.systemui.ImageWallpaper (0xb7652330): 0:2140) (Sprite (0xb76bc5c0): 0:49340)* (Sprite (0xb76d2e78): 0:6474)* (Sprite (0xb76e0498): 0:45920)* (Sprite (0xb769c898): 0:27)* (DimLayer (0xb7707410): 0:46)* (DimLayer (0xb7709288): 0:64)* (Sprite (0xb76d7f10): 0:2845)* (Sprite (0xb7711490): 0:9143)* (NavigationBar (0xb771ac50): 0:64) (com.google.android.googlequicksearchbox/com.google.android.launcher.GEL (0xb7719408): 210:394) 
12-01 12:26:43.045  1787  4201 D ConnectivityService: listenForNetwork for Listen from uid/pid:10046/11611 for NetworkRequest [ id=71, legacyType=-1, [ Capabilities: INTERNET&NOT_RESTRICTED&TRUSTED] ]
12-01 12:26:43.643  1787  6215 D ConnectivityService: listenForNetwork for Listen from uid/pid:10046/11611 for NetworkRequest [ id=72, legacyType=-1, [ Capabilities: INTERNET&NOT_RESTRICTED&TRUSTED] ]
12-01 12:26:44.011 12176 12187 D DefContainer: Copying /data/local/tmp/SeniorenApp.SeniorenApp-Signed.apk to base.apk
12-01 12:26:44.640  1787  1806 I LaunchCheckinHandler: Displayed com.google.android.googlequicksearchbox/com.google.android.apps.gsa.legacyui.VelvetActivity,wp,ca,1902
12-01 12:26:46.416  1787  1812 V BackupManagerService: restoreAtInstall pkg=SeniorenApp.SeniorenApp token=2d restoreSet=0
12-01 12:26:46.417  1787  1812 V BackupManagerService: Finishing install immediately
12-01 12:26:48.257   258   258 I SFPerfTracer:      triggers: (rate: 311:11575) (compose: 26:1219) (post: 3:4444) (render: 127:3258) (14:481086 frames) (15:543184)
12-01 12:26:48.257   258   258 D SFPerfTracer:        layers: (3:16) (FocusedStackFrame (0xb76faf08): 0:2530)* (DimLayer (0xb765c9f8): 0:71)* (StatusBar (0xb7700af0): 0:41213) (com.android.systemui.ImageWallpaper (0xb7652330): 0:2141)* (Sprite (0xb76bc5c0): 0:49340)* (Sprite (0xb76d2e78): 0:6474)* (Sprite (0xb76e0498): 0:45920)* (Sprite (0xb769c898): 0:27)* (DimLayer (0xb7707410): 0:46)* (DimLayer (0xb7709288): 0:64)* (Sprite (0xb76d7f10): 0:2845)* (Sprite (0xb7711490): 0:9143)* (NavigationBar (0xb771ac50): 0:64) (com.google.android.googlequicksearchbox/com.google.android.launcher.GEL (0xb7719408): 0:395)- (com.google.android.googlequicksearchbox/com.google.android.apps.gsa.legacyui.VelvetActivity (0xb76992c8): 15:74) 
12-01 12:26:48.807  1787  2914 V AlarmManager: sending alarm {5378bd7 type 2 *walarm*:com.whatsapp.messaging.h.CLIENT_PINGER_ACTION}
12-01 12:26:48.809  1787  2914 V AlarmManager: sending alarm {a017b6f type 2 *walarm*:com.android.internal.telephony.data-stall}
12-01 12:26:48.809  1787  2914 V AlarmManager: sending alarm {b964cf0 type 0 *walarm*:com.google.android.googlequicksearchbox/com.google.android.apps.gsa.tasks.VelvetBackgroundTasksIntentService}
12-01 12:26:48.812  1787  1787 V AlarmManager: done {b964cf0, *walarm*:com.google.android.googlequicksearchbox/com.google.android.apps.gsa.tasks.VelvetBackgroundTasksIntentService} [5ms]
12-01 12:26:48.815  1787  1787 V AlarmManager: done {5378bd7, *walarm*:com.whatsapp.messaging.h.CLIENT_PINGER_ACTION} [7ms]
12-01 12:26:48.816  1787  1787 V AlarmManager: done {a017b6f, *walarm*:com.android.internal.telephony.data-stall} [8ms]
12-01 12:26:49.116  1787  1801 I ActivityManager: Start proc 12440:Mono.Android.DebugRuntime/u0a119 for broadcast Mono.Android.DebugRuntime/com.xamarin.mono.android.ExternalStorageDirectory
12-01 12:26:49.197  1787  4628 I ActivityManager: Killing 12115:com.android.documentsui/u0a62 (adj 15): empty #7
12-01 12:27:00.001  1787  2914 V AlarmManager: sending alarm {59149cf type 3 *alarm*:android.intent.action.TIME_TICK}
12-01 12:27:00.002  1787  2914 V AlarmManager: sending alarm {9fb17df type 1 *alarm*:com.droid27.tcw.ACTION_TIME_TICK}
12-01 12:27:00.004  1787  1787 I ActivityManager: Killing 12128:com.android.externalstorage/u0a15 (adj 15): empty #7
12-01 12:27:00.065  1787  1801 I ActivityManager: Start proc 12477:com.droid27.transparentclockweather/u0a113 for broadcast com.droid27.transparentclockweather/.Widget_2x1
12-01 12:27:00.125  1787  1787 V AlarmManager: done {59149cf, *alarm*:android.intent.action.TIME_TICK} [124ms]
12-01 12:27:00.419  1787  4627 I ActivityManager: Killing 12142:com.android.shell/2000 (adj 15): empty #7
12-01 12:27:00.419  1787  1787 V AlarmManager: done {9fb17df, *alarm*:com.droid27.tcw.ACTION_TIME_TICK} [419ms]
12-01 12:27:00.910   305  1751 E NetlinkEvent: NetlinkEvent::FindParam(): Parameter 'UID' not found
12-01 12:27:01.814  1787  2914 V AlarmManager: sending alarm {48067bf type 0 *walarm*:com.android.vending/com.google.android.finsky.services.ContentSyncService}
12-01 12:27:01.820  1787  1787 V AlarmManager: done {48067bf, *walarm*:com.android.vending/com.google.android.finsky.services.ContentSyncService} [6ms]
12-01 12:27:03.743  1787  2915 I ActivityManager: START u0 {act=android.intent.action.MAIN cat=[android.intent.category.HOME] flg=0x10200000 cmp=com.google.android.googlequicksearchbox/com.google.android.launcher.GEL (has extras)} from uid 1000 on display 0
12-01 12:27:03.743  1787  2915 I ActivityManager: moveHomeStack, setupComplete:true
12-01 12:27:03.920   305  1751 E NetlinkEvent: NetlinkEvent::FindParam(): Parameter 'UID' not found
12-01 12:27:03.946  1787  1806 I LaunchCheckinHandler: Displayed com.google.android.googlequicksearchbox/com.google.android.launcher.GEL,wp,wa,203
12-01 12:27:04.576  1787  3031 I ActivityManager: START u0 {act=com.android.systemui.recents.SHOW_RECENTS flg=0x10804000 cmp=com.android.systemui/.recents.RecentsActivity} from uid 10045 on display 0
12-01 12:27:04.684  1787  1806 I LaunchCheckinHandler: Displayed com.android.systemui/.recents.RecentsActivity,wp,wa,107
12-01 12:27:05.311   258   258 I SFPerfTracer:      triggers: (rate: 311:11577) (compose: 26:1219) (post: 3:4444) (render: 127:3258) (21:481164 frames) (22:543294)
12-01 12:27:05.311   258   258 D SFPerfTracer:        layers: (4:17) (FocusedStackFrame (0xb76faf08): 0:2534)* (DimLayer (0xb765c9f8): 0:71)* (StatusBar (0xb7700af0): 0:41225) (com.android.systemui.ImageWallpaper (0xb7652330): 0:2142) (Sprite (0xb76bc5c0): 0:49340)* (Sprite (0xb76d2e78): 0:6474)* (Sprite (0xb76e0498): 0:45920)* (Sprite (0xb769c898): 0:27)* (DimLayer (0xb7707410): 0:46)* (DimLayer (0xb7709288): 0:64)* (Sprite (0xb76d7f10): 0:2875)* (Sprite (0xb7711490): 0:9143)* (NavigationBar (0xb771ac50): 12:131) (com.google.android.googlequicksearchbox/com.google.android.apps.gsa.legacyui.VelvetActivity (0xb76992c8): 0:104)- (com.google.android.googlequicksearchbox/com.google.android.launcher.GEL (0xb7719408): 0:18)- (com.android.systemui/com.android.systemui.recents.RecentsActivity (0xb76992c8): 21:34) 
12-01 12:27:05.494  1787  6215 I ActivityManager: Killing 12256:com.google.android.partnersetup/u0a20 (adj 15): empty #7
12-01 12:27:05.588  1787  6215 I ActivityManager: Killing 12176:com.android.defcontainer/u0a10 (adj 15): empty #8
12-01 12:27:05.646  1787  6215 I ActivityManager: Killing 11611:com.google.android.googlequicksearchbox:search/u0a46 (adj 9): remove task
12-01 12:27:05.732  1787  4201 D ConnectivityService: ConnectivityService NetworkRequestInfo binderDied(NetworkRequest [ id=70, legacyType=-1, [ Capabilities: INTERNET&NOT_RESTRICTED&TRUSTED] ], android.os.BinderProxy@15e7260)
12-01 12:27:05.732  1787  2954 D WifiService: Client connection lost with reason: 4
12-01 12:27:05.732  1787  4201 D ConnectivityService: ConnectivityService NetworkRequestInfo binderDied(NetworkRequest [ id=71, legacyType=-1, [ Capabilities: INTERNET&NOT_RESTRICTED&TRUSTED] ], android.os.BinderProxy@2502319)
12-01 12:27:05.732  1787  2955 D ConnectivityService: releasing NetworkRequest NetworkRequest [ id=70, legacyType=-1, [ Capabilities: INTERNET&NOT_RESTRICTED&TRUSTED] ]
12-01 12:27:05.732  1787  4201 I WindowState: WIN DEATH: Window{e1cc20 u0 com.google.android.googlequicksearchbox/com.google.android.apps.gsa.legacyui.VelvetActivity}
12-01 12:27:05.734  1787  3031 D ConnectivityService: ConnectivityService NetworkRequestInfo binderDied(NetworkRequest [ id=72, legacyType=-1, [ Capabilities: INTERNET&NOT_RESTRICTED&TRUSTED] ], android.os.BinderProxy@526bfde)
12-01 12:27:05.754  1787  2955 E ConnectivityService: RemoteException caught trying to send a callback msg for NetworkRequest [ id=70, legacyType=-1, [ Capabilities: INTERNET&NOT_RESTRICTED&TRUSTED] ]
12-01 12:27:05.754  1787  2955 D ConnectivityService: releasing NetworkRequest NetworkRequest [ id=71, legacyType=-1, [ Capabilities: INTERNET&NOT_RESTRICTED&TRUSTED] ]
12-01 12:27:05.755  1787  2955 E ConnectivityService: RemoteException caught trying to send a callback msg for NetworkRequest [ id=71, legacyType=-1, [ Capabilities: INTERNET&NOT_RESTRICTED&TRUSTED] ]
12-01 12:27:05.755  1787  2955 D ConnectivityService: releasing NetworkRequest NetworkRequest [ id=72, legacyType=-1, [ Capabilities: INTERNET&NOT_RESTRICTED&TRUSTED] ]
12-01 12:27:05.756  1787  2955 E ConnectivityService: RemoteException caught trying to send a callback msg for NetworkRequest [ id=72, legacyType=-1, [ Capabilities: INTERNET&NOT_RESTRICTED&TRUSTED] ]
12-01 12:27:06.012  1787  4201 I ActivityManager: START u0 {act=android.intent.action.MAIN cat=[android.intent.category.HOME] flg=0x10200000 cmp=com.google.android.googlequicksearchbox/com.google.android.launcher.GEL} from uid 10045 on display 0
12-01 12:27:06.084  1787  2217 I ActivityManager: Start proc 12508:com.google.android.googlequicksearchbox:search/u0a46 for service com.google.android.googlequicksearchbox/com.google.android.apps.gsa.search.core.service.SearchService
12-01 12:27:06.123  1787  1806 I LaunchCheckinHandler: Displayed com.google.android.googlequicksearchbox/com.google.android.launcher.GEL,wp,wa,111
12-01 12:27:06.270  1787  3029 I ActivityManager: Killing 15007:com.whatsapp/u0a114 (adj 16): remove task
12-01 12:27:06.404  1787  2954 D WifiService: Client connection lost with reason: 4
12-01 12:27:06.406  1787  3675 D WifiService: releaseWifiLockLocked: WifiLock{backup-lock type=1 binder=android.os.BinderProxy@56b0ac8}
12-01 12:27:06.415  1787  4627 W ActivityManager: Scheduling restart of crashed service com.whatsapp/.gdrive.GoogleDriveService in 1000ms
12-01 12:27:06.415  1787  4627 W ActivityManager: Scheduling restart of crashed service com.whatsapp/.messaging.MessageService in 1000ms
12-01 12:27:06.755  1787  2954 D WifiService: New client listening to asynchronous messages
12-01 12:27:06.864  1787  3029 I ActivityManager: Start proc 12528:com.google.android.partnersetup/u0a20 for content provider com.google.android.partnersetup/.RlzAppProvider
12-01 12:27:07.431  1787  1801 I ActivityManager: Start proc 12554:com.whatsapp/u0a114 for service com.whatsapp/.messaging.MessageService
12-01 12:27:19.270   305  1751 E NetlinkEvent: NetlinkEvent::FindParam(): Parameter 'UID' not found
12-01 12:27:19.322   258   699 I SFPerfTracer:      triggers: (rate: 17:854) (808639 sw vsyncs) (0 skipped) (4412:1434816 vsyncs) (4414:2259933)
12-01 12:27:29.911   305  1751 E NetlinkEvent: NetlinkEvent::FindParam(): Parameter 'UID' not found
12-01 12:27:29.918  1787  3029 I ActivityManager: Killing 12094:com.motorola.motodisplay/u0a31 (adj 15): empty #7
12-01 12:27:30.052  1787  3029 I ActivityManager: Killing 12056:com.google.android.apps.docs/u0a63 (adj 15): empty #8
12-01 12:27:39.930   305  1751 E NetlinkEvent: NetlinkEvent::FindParam(): Parameter 'UID' not found
12-01 12:27:52.125   258   699 I SFPerfTracer:      triggers: (rate: 17:854) (808639 sw vsyncs) (0 skipped) (1957:1436773 vsyncs) (1959:2261892)
12-01 12:28:00.000  1787  2914 V AlarmManager: sending alarm {59149cf type 3 *alarm*:android.intent.action.TIME_TICK}
12-01 12:28:00.002  1787  2914 V AlarmManager: sending alarm {a9429d1 type 3 *alarm*:com.whatsapp.action.HOURLY_CRON}
12-01 12:28:00.002  1787  2914 V AlarmManager: sending alarm {15800f8 type 3 *alarm*:com.whatsapp.action.UPDATE_NTP}
12-01 12:28:00.002  1787  2914 V AlarmManager: sending alarm {9fb17df type 1 *alarm*:com.droid27.tcw.ACTION_TIME_TICK}
12-01 12:28:00.020  1787  1787 V AlarmManager: done {a9429d1, *alarm*:com.whatsapp.action.HOURLY_CRON} [19ms]
12-01 12:28:00.030  1787  1787 V AlarmManager: done {15800f8, *alarm*:com.whatsapp.action.UPDATE_NTP} [29ms]
12-01 12:28:00.063  1787  1787 V AlarmManager: done {9fb17df, *alarm*:com.droid27.tcw.ACTION_TIME_TICK} [63ms]
12-01 12:28:00.066  1787  1787 V AlarmManager: done {59149cf, *alarm*:android.intent.action.TIME_TICK} [66ms]
12-01 12:28:00.237   305  1751 E NetlinkEvent: NetlinkEvent::FindParam(): Parameter 'UID' not found
12-01 12:28:12.290   305  1751 E NetlinkEvent: NetlinkEvent::FindParam(): Parameter 'UID' not found
12-01 12:28:13.613   258   258 I SFPerfTracer:      triggers: (rate: 311:11577) (compose: 26:1219) (post: 3:4444) (render: 127:3258) (0:481210 frames) (1:543394)
12-01 12:28:13.613   258   258 D SFPerfTracer:        layers: (4:16) (FocusedStackFrame (0xb76faf08): 0:2539)* (DimLayer (0xb765c9f8): 0:71)* (StatusBar (0xb7700af0): 0:41251) (com.android.systemui.ImageWallpaper (0xb7652330): 0:2142) (Sprite (0xb76bc5c0): 0:49340)* (Sprite (0xb76d2e78): 0:6474)* (Sprite (0xb76e0498): 0:45920)* (Sprite (0xb769c898): 0:27)* (DimLayer (0xb7707410): 0:46)- (DimLayer (0xb7709288): 0:64)- (Sprite (0xb76d7f10): 0:2907)* (Sprite (0xb7711490): 0:9143)* (NavigationBar (0xb771ac50): 0:131) (com.android.systemui/com.android.systemui.recents.RecentsActivity (0xb76992c8): 0:73)- (com.google.android.googlequicksearchbox/com.google.android.launcher.GEL (0xb7719408): 0:16) 
12-01 12:28:13.780  1787  2914 V AlarmManager: sending alarm {5378bd7 type 2 *walarm*:com.whatsapp.messaging.h.CLIENT_PINGER_ACTION}
12-01 12:28:13.783  1787  2914 V AlarmManager: sending alarm {a017b6f type 2 *walarm*:com.android.internal.telephony.data-stall}
12-01 12:28:13.784  1787  2914 V AlarmManager: sending alarm {a3665fd type 0 *walarm*:com.google.android.gms/.checkin.EventLogServiceReceiver}
12-01 12:28:13.786  1787  1787 V AlarmManager: done {5378bd7, *walarm*:com.whatsapp.messaging.h.CLIENT_PINGER_ACTION} [6ms]
12-01 12:28:13.787  1787  1787 V AlarmManager: done {a017b6f, *walarm*:com.android.internal.telephony.data-stall} [8ms]
12-01 12:28:13.799   305  1751 E NetlinkEvent: NetlinkEvent::FindParam(): Parameter 'UID' not found
12-01 12:28:13.877  1787  1787 V AlarmManager: done {a3665fd, *walarm*:com.google.android.gms/.checkin.EventLogServiceReceiver} [97ms]
12-01 12:28:25.350   305  1751 E NetlinkEvent: NetlinkEvent::FindParam(): Parameter 'UID' not found
12-01 12:29:00.000  1787  2914 V AlarmManager: sending alarm {59149cf type 3 *alarm*:android.intent.action.TIME_TICK}
12-01 12:29:00.002  1787  2914 V AlarmManager: sending alarm {9fb17df type 1 *alarm*:com.droid27.tcw.ACTION_TIME_TICK}
12-01 12:29:00.055  1787  1787 V AlarmManager: done {9fb17df, *alarm*:com.droid27.tcw.ACTION_TIME_TICK} [55ms]
12-01 12:29:00.085  1787  1787 V AlarmManager: done {59149cf, *alarm*:android.intent.action.TIME_TICK} [84ms]
12-01 12:29:01.795  1787  1787 V BackupManagerService: Scheduling immediate backup pass
12-01 12:29:01.819  1787  1787 W BackupManagerService: Backup pass but e=false p=true
12-01 12:29:05.246   305  1751 E NetlinkEvent: NetlinkEvent::FindParam(): Parameter 'UID' not found
12-01 12:29:06.863  1787  1809 I PowerManagerService: Going to sleep due to screen timeout (uid 1000)...
12-01 12:29:07.393  1787  1806 I DisplayManagerService: Display device changed state: "Integriertes Display", OFF
12-01 12:29:07.394   258   699 I SFPerfTracer:      triggers: (rate: 17:859) (808639 sw vsyncs) (0 skipped) (4497:1441270 vsyncs) (4499:2266391)
12-01 12:29:07.488  1787  6220 I ActivityManager: Killing 12440:Mono.Android.DebugRuntime/u0a119 (adj 15): empty #7
12-01 12:29:07.587  1787  1809 I DreamManagerService: Entering dreamland.
12-01 12:29:07.587  1787  1809 I PowerManagerService: Dozing...
12-01 12:29:07.589  1787  1803 I DreamController: Starting dream: name=ComponentInfo{com.motorola.motodisplay/com.motorola.motodisplay.DozeService}, isTest=false, canDoze=true, userId=0
12-01 12:29:07.602  1787  1803 I ActivityManager: Start proc 12794:com.motorola.motodisplay/u0a31 for service com.motorola.motodisplay/.DozeService
12-01 12:29:07.886  1787  1801 I ActivityManager: Start proc 12809:com.android.settings/1000 for broadcast com.android.settings/com.motorola.settings.notification.HiddenListenerSettingsReceiver
12-01 12:29:07.894  1787  1787 V NotificationListeners: enabling notification listener for user 0: ComponentInfo{com.motorola.motodisplay/com.motorola.motodisplay.MDNotificationListenerService}
12-01 12:29:07.895  1787  2971 V KeyValueBackupJob: Scheduling k/v pass in 249 minutes
12-01 12:29:08.194 12809 12809 W ContextImpl: Calling a method in the system process without a qualified user: android.app.ContextImpl.startService:1221 android.content.ContextWrapper.startService:581 android.content.ContextWrapper.startService:581 com.motorola.settings.notification.HiddenListenerSettingsReceiver.onReceive:35 android.app.ActivityThread.handleReceiver:2743 
12-01 12:29:08.221  1787  3031 I ActivityManager: Killing 12023:android.process.acore/u0a8 (adj 15): empty #7
12-01 12:29:11.869  1787  2914 V AlarmManager: sending alarm {4101d34 type 2 *walarm*:com.android.internal.policy.impl.PhoneWindowManager.DELAYED_KEYGUARD}
12-01 12:29:11.878  1787  1787 V AlarmManager: done {4101d34, *walarm*:com.android.internal.policy.impl.PhoneWindowManager.DELAYED_KEYGUARD} [8ms]
12-01 12:29:11.952  3000  3000 D StatusBarKeyguardViewManager: showKeyguard, but hide Bouncer
12-01 12:29:15.270   305  1751 E NetlinkEvent: NetlinkEvent::FindParam(): Parameter 'UID' not found
12-01 12:29:21.418   305  1751 E NetlinkEvent: NetlinkEvent::FindParam(): Parameter 'UID' not found
12-01 12:29:33.711   305  1751 E NetlinkEvent: NetlinkEvent::FindParam(): Parameter 'UID' not found
12-01 12:29:37.768  1787  2914 V AlarmManager: sending alarm {4849c12 type 2 *walarm*:com.google.android.intent.action.SEND_IDLE}
12-01 12:29:37.771  1787  2914 V AlarmManager: sending alarm {86ef7ef type 3 *alarm*:send_events}
12-01 12:29:37.780  1787  1787 V AlarmManager: done {86ef7ef, *alarm*:send_events} [12ms]
12-01 12:29:37.783  1787  1787 V AlarmManager: done {4849c12, *walarm*:com.google.android.intent.action.SEND_IDLE} [15ms]
12-01 12:29:37.784   305  1751 E NetlinkEvent: NetlinkEvent::FindParam(): Parameter 'UID' not found
12-01 12:29:39.192  1787  2914 V AlarmManager: sending alarm {a7ad73f type 2 *walarm*:com.motorola.slpc.ALARM_MODALITY}
12-01 12:29:39.195  1787  1787 V AlarmManager: done {a7ad73f, *walarm*:com.motorola.slpc.ALARM_MODALITY} [2ms]
12-01 12:29:48.152   305  1751 E NetlinkEvent: NetlinkEvent::FindParam(): Parameter 'UID' not found
12-01 12:29:52.593  1787  1809 I PowerManagerService: Waking up from dozing (uid 1000)...
12-01 12:29:52.708  1787  1806 I DisplayManagerService: Display device changed state: "Integriertes Display", ON
12-01 12:29:52.721  1787  4628 I ActivityManager: Start proc 12900:com.motorola.genie/u0a21 for broadcast com.motorola.genie/.prefetch.PowerStatusReceiver
12-01 12:29:52.726  1787  4628 I ActivityManager: Killing 12528:com.google.android.partnersetup/u0a20 (adj 15): empty #7
12-01 12:29:52.883  1787  1809 I DreamManagerService: Gently waking up from dream.
12-01 12:29:52.884  1787  3677 I DreamManagerService: Leaving dreamland.
12-01 12:29:52.885  1787  1803 I DreamController: Stopping dream: name=ComponentInfo{com.motorola.motodisplay/com.motorola.motodisplay.DozeService}, isTest=false, canDoze=true, userId=0
12-01 12:29:52.928   258   699 I SFPerfTracer:      triggers: (rate: 17:859) (811226 sw vsyncs) (0 skipped) (0:1441271 vsyncs) (2586:2268981)
12-01 12:29:53.168  1787  6215 I ActivityManager: Start proc 12970:com.motorola.context/u0a103 for broadcast com.motorola.context/.publisher.location.LocationReceiver
12-01 12:29:53.168  1787  6215 I ActivityManager: Killing 12190:com.google.process.gapps/u0a17 (adj 15): empty #7
12-01 12:29:53.435  1787  2217 I ActivityManager: Killing 12477:com.droid27.transparentclockweather/u0a113 (adj 15): empty #7
12-01 12:29:53.480   258   258 I SFPerfTracer:      triggers: (rate: 311:11580) (compose: 26:1219) (post: 3:4445) (render: 127:3258) (29:481281 frames) (30:543507)
12-01 12:29:53.480   258   258 D SFPerfTracer:        layers: (2:15) (FocusedStackFrame (0xb76faf08): 0:2540)* (DimLayer (0xb765c9f8): 0:71)* (StatusBar (0xb7700af0): 30:41313) (com.android.systemui.ImageWallpaper (0xb7652330): 1:2144) (Sprite (0xb76bc5c0): 0:49340)* (Sprite (0xb76d2e78): 0:6474)* (Sprite (0xb76e0498): 0:45920)* (Sprite (0xb769c898): 0:27)* (Sprite (0xb76d7f10): 0:2907)* (Sprite (0xb7711490): 0:9143)* (NavigationBar (0xb771ac50): 0:131)- (com.google.android.googlequicksearchbox/com.google.android.launcher.GEL (0xb7719408): 1:18)* (ColorFade (0xb7709288): 0:30)- ( (0xb76e3c10): 0:4)- 
12-01 12:29:53.510  1787  2217 W BroadcastQueue: Permission Denial: broadcasting Intent { act=com.motorola.cce.Actions.CCE_SEND_SETTINGS flg=0x10 (has extras) } from com.motorola.genie (pid=12900, uid=10021) is not exported from uid 10000 due to receiver com.motorola.ccc.checkin/com.motorola.blur.service.blur.SharedSettingsReceiver
