11-28 17:52:11.690  1787  2949 I chatty  : uid=1000(system) WifiP2pService expire 2 lines
11-28 17:52:12.272  1787  1787 I chatty  : uid=1000 system_server expire 94 lines
11-28 17:52:13.613   305  1751 E NetlinkEvent: NetlinkEvent::FindParam(): Parameter 'UID' not found
11-28 17:52:41.766  1787  3031 I chatty  : uid=1000(system) Binder_4 expire 3 lines
11-28 17:53:11.562  1787  2955 I chatty  : uid=1000(system) ConnectivitySer expire 10 lines
11-28 17:53:11.604  3460  3741 I chatty  : uid=1000(system) ModemStatsDSDet expire 1 line
11-28 17:53:11.608  1787  1801 I chatty  : uid=1000(system) ActivityManager expire 4 lines
11-28 17:53:18.358  1787  1787 I chatty  : uid=1000 system_server expire 60 lines
11-28 17:53:42.586   305  1751 E NetlinkEvent: NetlinkEvent::FindParam(): Parameter 'UID' not found
11-28 17:53:43.086  1787  2914 I chatty  : uid=1000(system) AlarmManager expire 5 lines
11-28 17:53:43.093  1787  1787 I chatty  : uid=1000 system_server expire 33 lines
11-28 17:53:48.590   305  1751 E NetlinkEvent: NetlinkEvent::FindParam(): Parameter 'UID' not found
11-28 17:54:00.452   305  1751 E NetlinkEvent: NetlinkEvent::FindParam(): Parameter 'UID' not found
11-28 17:54:00.817  1787  1787 I chatty  : uid=1000 system_server expire 166 lines
11-28 17:54:09.247   305  1751 E NetlinkEvent: NetlinkEvent::FindParam(): Parameter 'UID' not found
11-28 17:54:18.809   305  1751 E NetlinkEvent: NetlinkEvent::FindParam(): Parameter 'UID' not found
11-28 17:54:26.325  1787  1787 I chatty  : uid=1000 system_server expire 228 lines
11-28 17:54:27.367  1787  2914 I chatty  : uid=1000(system) AlarmManager expire 7 lines
11-28 17:55:51.685  1787  1787 I chatty  : uid=1000 system_server expire 83 lines
11-28 17:56:39.069   305  1751 E NetlinkEvent: NetlinkEvent::FindParam(): Parameter 'UID' not found
11-28 17:56:40.338  1787  1787 I chatty  : uid=1000 system_server expire 26 lines
11-28 17:56:51.713   305  1751 E NetlinkEvent: NetlinkEvent::FindParam(): Parameter 'UID' not found
11-28 17:56:51.957  1787  1787 I chatty  : uid=1000 system_server expire 92 lines
11-28 17:57:18.136   305  1751 E NetlinkEvent: NetlinkEvent::FindParam(): Parameter 'UID' not found
11-28 17:57:19.907  1787  1787 I chatty  : uid=1000 system_server expire 44 lines
11-28 17:57:39.346   305  1751 E NetlinkEvent: NetlinkEvent::FindParam(): Parameter 'UID' not found
11-28 17:57:39.847  1787  1787 I chatty  : uid=1000 system_server expire 13 lines
11-28 17:57:40.826   305  1751 E NetlinkEvent: NetlinkEvent::FindParam(): Parameter 'UID' not found
11-28 17:58:42.609   305  1751 E NetlinkEvent: NetlinkEvent::FindParam(): Parameter 'UID' not found
11-28 17:58:42.618  1787  2914 I chatty  : uid=1000(system) AlarmManager expire 11 lines
11-28 17:58:42.636   305  1751 E NetlinkEvent: NetlinkEvent::FindParam(): Parameter 'UID' not found
11-28 18:00:02.607   305  1751 E NetlinkEvent: NetlinkEvent::FindParam(): Parameter 'UID' not found
11-28 18:03:33.619  1787  1787 I chatty  : uid=1000 system_server expire 10 lines
11-28 18:03:33.620   305  1751 E NetlinkEvent: NetlinkEvent::FindParam(): Parameter 'UID' not found
11-28 18:03:34.621  1787  1806 I chatty  : uid=1000(system) android.display expire 5 lines
11-28 18:03:34.860   258   699 I chatty  : uid=1000(system) EventThread expire 6 lines
11-28 18:03:35.142   258   258 I chatty  : uid=1000(system) /system/bin/surfaceflinger expire 6 lines
11-28 18:03:35.602  1787  3029 I chatty  : uid=1000(system) Binder_3 expire 8 lines
11-28 18:03:35.609  1787  1809 I chatty  : uid=1000(system) PowerManagerSer expire 7 lines
11-28 18:03:35.609  1787  3675 I chatty  : uid=1000(system) Binder_5 expire 10 lines
11-28 18:03:35.610  1787  1803 I chatty  : uid=1000(system) android.fg expire 4 lines
11-28 18:03:35.687  1787  1801 I chatty  : uid=1000(system) ActivityManager expire 8 lines
11-28 18:03:37.153  1787  2950 I chatty  : uid=1000(system) WifiStateMachin expire 1 line
11-28 18:03:37.154  1787  2955 I chatty  : uid=1000(system) ConnectivitySer expire 28 lines
11-28 18:03:37.384  1787  2949 I chatty  : uid=1000(system) WifiP2pService expire 4 lines
11-28 18:03:38.065  1787  4628 I chatty  : uid=1000(system) Binder_9 expire 4 lines
11-28 18:03:38.160  1787  1797 I chatty  : uid=1000(system) Binder_1 expire 10 lines
11-28 18:03:38.643  1787  4201 I chatty  : uid=1000(system) Binder_7 expire 6 lines
11-28 18:03:38.716  1787  6220 I chatty  : uid=1000(system) Binder_C expire 2 lines
11-28 18:03:38.759  1787  4627 I chatty  : uid=1000(system) Binder_8 expire 6 lines
11-28 18:03:38.859  3627  3627 I chatty  : uid=1000(system) com.motorola.process.system expire 2 lines
11-28 18:03:53.668   305  1751 E NetlinkEvent: NetlinkEvent::FindParam(): Parameter 'UID' not found
11-28 18:04:03.344  1787  3031 I chatty  : uid=1000(system) Binder_4 expire 4 lines
11-28 18:04:03.414  3000  3000 D StatusBarKeyguardViewManager: showKeyguard, but hide Bouncer
11-28 18:04:03.540  1787  1787 I chatty  : uid=1000 system_server expire 12 lines
11-28 18:04:03.874   305  1751 E NetlinkEvent: NetlinkEvent::FindParam(): Parameter 'UID' not found
11-28 18:04:06.764  1787  2954 I chatty  : uid=1000(system) WifiService expire 2 lines
11-28 18:04:06.975  1787  6221 I chatty  : uid=1000(system) Binder_D expire 5 lines
11-28 18:04:08.704  1787  2914 I chatty  : uid=1000(system) AlarmManager expire 17 lines
11-28 18:04:08.706  1787  2955 I chatty  : uid=1000(system) ConnectivitySer expire 5 lines
11-28 18:04:19.554   305  1751 E NetlinkEvent: NetlinkEvent::FindParam(): Parameter 'UID' not found
11-28 18:04:24.554   305  1751 E NetlinkEvent: NetlinkEvent::FindParam(): Parameter 'UID' not found
11-28 18:07:41.150   305  1751 E NetlinkEvent: NetlinkEvent::FindParam(): Parameter 'UID' not found
11-28 18:08:24.787   305  1751 E NetlinkEvent: NetlinkEvent::FindParam(): Parameter 'UID' not found
11-28 18:08:38.639   305  1751 E NetlinkEvent: NetlinkEvent::FindParam(): Parameter 'UID' not found
11-28 18:08:55.503   305  1751 E NetlinkEvent: NetlinkEvent::FindParam(): Parameter 'UID' not found
11-28 18:12:19.611  1787  1787 I chatty  : uid=1000 system_server expire 10 lines
11-28 18:14:00.326   305  1751 E NetlinkEvent: NetlinkEvent::FindParam(): Parameter 'UID' not found
11-28 18:14:39.603   305  1751 E NetlinkEvent: NetlinkEvent::FindParam(): Parameter 'UID' not found
11-28 18:14:39.607   305  1751 E NetlinkEvent: NetlinkEvent::FindParam(): Parameter 'UID' not found
11-28 18:15:22.057   305  1751 E NetlinkEvent: NetlinkEvent::FindParam(): Parameter 'UID' not found
11-28 18:18:46.900   305  1751 E NetlinkEvent: NetlinkEvent::FindParam(): Parameter 'UID' not found
11-28 18:19:03.946  3460  3460 I chatty  : uid=1000(system) com.motorola.modemservice expire 4 lines
11-28 18:19:05.516   305  1751 E NetlinkEvent: NetlinkEvent::FindParam(): Parameter 'UID' not found
11-28 18:19:05.529  1787  1798 I chatty  : uid=1000(system) Binder_2 expire 3 lines
11-28 18:19:05.588  3640  3640 D MccTable: updateMccMncConfiguration mccmnc='null' fromServiceState=true
11-28 18:19:05.588  3640  3640 D MccTable: WIFI_COUNTRY_CODE set to 
11-28 18:19:05.588  1787  6219 I chatty  : uid=1000(system) Binder_B expire 2 lines
11-28 18:19:05.722   305  1751 E NetlinkEvent: NetlinkEvent::FindParam(): Parameter 'UID' not found
11-28 18:19:16.028  3640  3640 D MccTable: updateMccMncConfiguration mccmnc='26207' fromServiceState=true
11-28 18:19:16.029  3640  3640 D MccTable: updateMccMncConfiguration defaultMccMnc=26207
11-28 18:19:16.029  3640  3640 D MccTable: updateMccMncConfiguration: mcc=262, mnc=7
11-28 18:19:16.029  3640  3640 D MccTable: WIFI_COUNTRY_CODE set to de
11-28 18:19:16.220  1787  1797 I chatty  : uid=1000(system) Binder_1 expire 3 lines
11-28 18:19:19.623  1787  3677 I chatty  : uid=1000(system) Binder_6 expire 1 line
11-28 18:19:19.669  1787  1787 I chatty  : uid=1000 system_server expire 16 lines
11-28 18:19:20.171   305  1751 E NetlinkEvent: NetlinkEvent::FindParam(): Parameter 'UID' not found
11-28 18:19:20.321   305  1751 E NetlinkEvent: NetlinkEvent::FindParam(): Parameter 'UID' not found
11-28 18:19:20.533  1787  3675 I chatty  : uid=1000(system) Binder_5 expire 1 line
11-28 18:19:20.585  1787  2914 I chatty  : uid=1000(system) AlarmManager expire 6 lines
11-28 18:19:21.068  1787  2971 I chatty  : uid=1000(system) backup expire 1 line
11-28 18:19:21.507  1787  6215 I chatty  : uid=1000(system) Binder_A expire 2 lines
11-28 18:19:31.328  3000  3000 D StatusBarKeyguardViewManager: showKeyguard, but hide Bouncer
11-28 18:19:43.795   305  1751 E NetlinkEvent: NetlinkEvent::FindParam(): Parameter 'UID' not found
11-28 18:21:52.602  1787  1787 I chatty  : uid=1000 system_server expire 20 lines
11-28 18:22:39.695  1787  2914 I chatty  : uid=1000(system) AlarmManager expire 21 lines
11-28 18:22:39.722   305  1751 E NetlinkEvent: NetlinkEvent::FindParam(): Parameter 'UID' not found
11-28 18:23:03.479   305  1751 E NetlinkEvent: NetlinkEvent::FindParam(): Parameter 'UID' not found
11-28 18:23:03.487  1787  4201 I chatty  : uid=1000(system) Binder_7 expire 3 lines
11-28 18:23:06.233   305  1751 E NetlinkEvent: NetlinkEvent::FindParam(): Parameter 'UID' not found
11-28 18:23:34.202   305  1751 E NetlinkEvent: NetlinkEvent::FindParam(): Parameter 'UID' not found
11-28 18:32:09.605   305  1751 E NetlinkEvent: NetlinkEvent::FindParam(): Parameter 'UID' not found
11-28 18:32:09.610  1787  2914 I chatty  : uid=1000(system) AlarmManager expire 14 lines
11-28 18:32:09.623  1787  1787 I chatty  : uid=1000 system_server expire 14 lines
11-28 18:32:09.661  1787  3029 I chatty  : uid=1000(system) Binder_3 expire 1 line
11-28 18:32:09.714  1787  2934 I chatty  : uid=1000(system) NetworkStats expire 1 line
11-28 18:32:10.632  1787  3675 I chatty  : uid=1000(system) Binder_5 expire 2 lines
11-28 18:32:10.774  1787  2954 I chatty  : uid=1000(system) WifiService expire 2 lines
11-28 18:32:10.998  1787  6219 I chatty  : uid=1000(system) Binder_B expire 3 lines
11-28 18:32:11.014  1787  1797 I chatty  : uid=1000(system) Binder_1 expire 1 line
11-28 18:32:11.015  1787  1801 I chatty  : uid=1000(system) ActivityManager expire 2 lines
11-28 18:32:11.024  1787  6220 I chatty  : uid=1000(system) Binder_C expire 2 lines
11-28 18:32:27.668   305  1751 E NetlinkEvent: NetlinkEvent::FindParam(): Parameter 'UID' not found
11-28 18:36:11.431   305  1751 E NetlinkEvent: NetlinkEvent::FindParam(): Parameter 'UID' not found
11-28 18:36:11.433   305  1751 E NetlinkEvent: NetlinkEvent::FindParam(): Parameter 'UID' not found
11-28 18:39:00.711   305  1751 E NetlinkEvent: NetlinkEvent::FindParam(): Parameter 'UID' not found
11-28 18:39:00.717   305  1751 E NetlinkEvent: NetlinkEvent::FindParam(): Parameter 'UID' not found
11-28 18:41:39.877   305  1751 E NetlinkEvent: NetlinkEvent::FindParam(): Parameter 'UID' not found
11-28 18:41:39.878  1787  2914 I chatty  : uid=1000(system) AlarmManager expire 19 lines
11-28 18:41:39.890  1787  1787 I chatty  : uid=1000 system_server expire 11 lines
11-28 18:42:23.155   305  1751 E NetlinkEvent: NetlinkEvent::FindParam(): Parameter 'UID' not found
11-28 18:42:23.169  1787  6215 I chatty  : uid=1000(system) Binder_A expire 8 lines
11-28 18:43:11.847   305  1751 E NetlinkEvent: NetlinkEvent::FindParam(): Parameter 'UID' not found
11-28 18:43:34.835   305  1751 E NetlinkEvent: NetlinkEvent::FindParam(): Parameter 'UID' not found
11-28 18:43:38.733   305  1751 E NetlinkEvent: NetlinkEvent::FindParam(): Parameter 'UID' not found
11-28 18:44:10.066   305  1751 E NetlinkEvent: NetlinkEvent::FindParam(): Parameter 'UID' not found
11-28 18:45:40.987   305  1751 E NetlinkEvent: NetlinkEvent::FindParam(): Parameter 'UID' not found
11-28 18:46:38.603   305  1751 E NetlinkEvent: NetlinkEvent::FindParam(): Parameter 'UID' not found
11-28 18:47:14.988   305  1751 E NetlinkEvent: NetlinkEvent::FindParam(): Parameter 'UID' not found
11-28 18:47:39.359   305  1751 E NetlinkEvent: NetlinkEvent::FindParam(): Parameter 'UID' not found
11-28 18:49:21.628  1787  1787 I chatty  : uid=1000 system_server expire 13 lines
11-28 18:49:21.894   305  1751 E NetlinkEvent: NetlinkEvent::FindParam(): Parameter 'UID' not found
11-28 18:49:38.594   305  1751 E NetlinkEvent: NetlinkEvent::FindParam(): Parameter 'UID' not found
11-28 18:50:39.668   305  1751 E NetlinkEvent: NetlinkEvent::FindParam(): Parameter 'UID' not found
11-28 18:51:02.842   305  1751 E NetlinkEvent: NetlinkEvent::FindParam(): Parameter 'UID' not found
11-28 18:53:22.505   305  1751 E NetlinkEvent: NetlinkEvent::FindParam(): Parameter 'UID' not found
11-28 18:53:39.595   305  1751 E NetlinkEvent: NetlinkEvent::FindParam(): Parameter 'UID' not found
11-28 18:54:40.225   305  1751 E NetlinkEvent: NetlinkEvent::FindParam(): Parameter 'UID' not found
11-28 18:55:03.485   305  1751 E NetlinkEvent: NetlinkEvent::FindParam(): Parameter 'UID' not found
11-28 18:58:49.816  1787  4627 I chatty  : uid=1000(system) Binder_8 expire 1 line
11-28 18:58:49.821  1787  1803 I chatty  : uid=1000(system) android.fg expire 2 lines
11-28 18:58:49.823  1787  1806 I chatty  : uid=1000(system) android.display expire 2 lines
11-28 18:58:49.866  1787  1787 I chatty  : uid=1000 system_server expire 22 lines
11-28 18:58:50.068   258   699 I chatty  : uid=1000(system) EventThread expire 2 lines
11-28 18:58:58.983  1787  2955 I chatty  : uid=1000(system) ConnectivitySer expire 1 line
11-28 18:58:59.819  1787  1809 I chatty  : uid=1000(system) PowerManagerSer expire 3 lines
11-28 18:59:00.001  1787  2914 I chatty  : uid=1000(system) AlarmManager expire 11 lines
11-28 18:59:01.960   305  1751 E NetlinkEvent: NetlinkEvent::FindParam(): Parameter 'UID' not found
11-28 18:59:02.032  3000  3000 D StatusBarKeyguardViewManager: showKeyguard, but hide Bouncer
11-28 18:59:38.608   305  1751 E NetlinkEvent: NetlinkEvent::FindParam(): Parameter 'UID' not found
11-28 19:00:40.065   305  1751 E NetlinkEvent: NetlinkEvent::FindParam(): Parameter 'UID' not found
11-28 19:00:40.071  1787  1787 I chatty  : uid=1000 system_server expire 21 lines
11-28 19:01:22.602   305  1751 E NetlinkEvent: NetlinkEvent::FindParam(): Parameter 'UID' not found
11-28 19:04:40.797   305  1751 E NetlinkEvent: NetlinkEvent::FindParam(): Parameter 'UID' not found
11-28 19:04:54.850   305  1751 E NetlinkEvent: NetlinkEvent::FindParam(): Parameter 'UID' not found
11-28 19:07:39.600  1787  2914 I chatty  : uid=1000(system) AlarmManager expire 13 lines
11-28 19:13:58.813   305  1751 E NetlinkEvent: NetlinkEvent::FindParam(): Parameter 'UID' not found
11-28 19:13:58.828  1787  1787 I chatty  : uid=1000 system_server expire 14 lines
11-28 19:14:39.607   305  1751 E NetlinkEvent: NetlinkEvent::FindParam(): Parameter 'UID' not found
11-28 19:19:25.260   305  1751 E NetlinkEvent: NetlinkEvent::FindParam(): Parameter 'UID' not found
11-28 19:19:40.215   305  1751 E NetlinkEvent: NetlinkEvent::FindParam(): Parameter 'UID' not found
11-28 19:19:40.593  1787  2914 I chatty  : uid=1000(system) AlarmManager expire 15 lines
11-28 19:19:40.606   305  1751 E NetlinkEvent: NetlinkEvent::FindParam(): Parameter 'UID' not found
11-28 19:19:40.788  1787  6221 I chatty  : uid=1000(system) Binder_D expire 1 line
11-28 19:20:04.662   305  1751 E NetlinkEvent: NetlinkEvent::FindParam(): Parameter 'UID' not found
11-28 19:21:25.621   305  1751 E NetlinkEvent: NetlinkEvent::FindParam(): Parameter 'UID' not found
11-28 19:22:16.758   305  1751 E NetlinkEvent: NetlinkEvent::FindParam(): Parameter 'UID' not found
11-28 19:23:25.881   305  1751 E NetlinkEvent: NetlinkEvent::FindParam(): Parameter 'UID' not found
11-28 19:23:25.887   305  1751 E NetlinkEvent: NetlinkEvent::FindParam(): Parameter 'UID' not found
11-28 19:24:28.742  1787  1787 I chatty  : uid=1000 system_server expire 10 lines
11-28 19:25:26.299   305  1751 E NetlinkEvent: NetlinkEvent::FindParam(): Parameter 'UID' not found
11-28 19:25:26.309   305  1751 E NetlinkEvent: NetlinkEvent::FindParam(): Parameter 'UID' not found
11-28 19:25:31.213   305  1751 E NetlinkEvent: NetlinkEvent::FindParam(): Parameter 'UID' not found
11-28 19:25:46.678   305  1751 E NetlinkEvent: NetlinkEvent::FindParam(): Parameter 'UID' not found
11-28 19:30:19.003  1787  2914 I chatty  : uid=1000(system) AlarmManager expire 16 lines
11-28 19:30:19.311  1787  4201 I chatty  : uid=1000(system) Binder_7 expire 1 line
11-28 19:31:08.524   305  1751 E NetlinkEvent: NetlinkEvent::FindParam(): Parameter 'UID' not found
11-28 19:31:08.532   305  1751 E NetlinkEvent: NetlinkEvent::FindParam(): Parameter 'UID' not found
11-28 19:32:11.183  1787  1787 I chatty  : uid=1000 system_server expire 16 lines
11-28 19:32:11.235   305  1751 E NetlinkEvent: NetlinkEvent::FindParam(): Parameter 'UID' not found
11-28 19:32:17.762  1787  1800 I chatty  : uid=1000(system) android.bg expire 1 line
11-28 19:32:26.664   305  1751 E NetlinkEvent: NetlinkEvent::FindParam(): Parameter 'UID' not found
11-28 19:32:26.671  1787  3031 I chatty  : uid=1000(system) Binder_4 expire 1 line
11-28 19:32:41.354   305  1751 E NetlinkEvent: NetlinkEvent::FindParam(): Parameter 'UID' not found
11-28 19:32:41.361  1787  6219 I chatty  : uid=1000(system) Binder_B expire 1 line
11-28 19:32:59.185   305  1751 E NetlinkEvent: NetlinkEvent::FindParam(): Parameter 'UID' not found
11-28 19:36:11.735   305  1751 E NetlinkEvent: NetlinkEvent::FindParam(): Parameter 'UID' not found
11-28 19:36:21.563   305  1751 E NetlinkEvent: NetlinkEvent::FindParam(): Parameter 'UID' not found
11-28 19:36:39.077   305  1751 E NetlinkEvent: NetlinkEvent::FindParam(): Parameter 'UID' not found
11-28 19:36:54.846   305  1751 E NetlinkEvent: NetlinkEvent::FindParam(): Parameter 'UID' not found
11-28 19:38:40.840  1787  2914 I chatty  : uid=1000(system) AlarmManager expire 18 lines
11-28 19:38:40.849   305  1751 E NetlinkEvent: NetlinkEvent::FindParam(): Parameter 'UID' not found
11-28 19:39:00.290   305  1751 E NetlinkEvent: NetlinkEvent::FindParam(): Parameter 'UID' not found
11-28 19:42:00.103   305  1751 E NetlinkEvent: NetlinkEvent::FindParam(): Parameter 'UID' not found
11-28 19:42:14.842   305  1751 E NetlinkEvent: NetlinkEvent::FindParam(): Parameter 'UID' not found
11-28 19:45:01.244   305  1751 E NetlinkEvent: NetlinkEvent::FindParam(): Parameter 'UID' not found
11-28 19:45:24.284   305  1751 E NetlinkEvent: NetlinkEvent::FindParam(): Parameter 'UID' not found
11-28 19:57:42.635   305  1751 E NetlinkEvent: NetlinkEvent::FindParam(): Parameter 'UID' not found
11-28 19:57:42.636  1787  2914 I chatty  : uid=1000(system) AlarmManager expire 11 lines
11-28 19:57:42.645  1787  1787 I chatty  : uid=1000 system_server expire 21 lines
11-28 19:58:07.164   305  1751 E NetlinkEvent: NetlinkEvent::FindParam(): Parameter 'UID' not found
11-28 20:01:43.438   305  1751 E NetlinkEvent: NetlinkEvent::FindParam(): Parameter 'UID' not found
11-28 20:02:10.368   305  1751 E NetlinkEvent: NetlinkEvent::FindParam(): Parameter 'UID' not found
11-28 20:02:11.471  1787  2914 I chatty  : uid=1000(system) AlarmManager expire 21 lines
11-28 20:02:11.511  1787  1787 I chatty  : uid=1000 system_server expire 22 lines
11-28 20:11:48.149  1787  2917 I chatty  : uid=1000(system) MountService expire 3 lines
11-28 20:11:48.169  1787  2918 I chatty  : uid=1000(system) VoldConnector expire 3 lines
11-28 20:11:48.172   221 11023 D vold    : Starting trim of /data
11-28 20:11:48.288  2976 11024 D DownloadManager: Removed 0 stale downloads
11-28 20:11:48.347  2976 11024 D DownloadManager: Found 11 files in database
11-28 20:11:48.348  2976 11024 D DownloadManager: Found 0 files on disk
11-28 20:11:48.712   221 11023 I vold    : Trimmed 0 bytes on /data in 538ms
11-28 20:11:48.715   221 11023 D vold    : Starting trim of /cache
11-28 20:11:48.729   221 11023 I vold    : Trimmed 0 bytes on /cache in 13ms
11-28 20:11:48.730   221 11023 D vold    : Starting trim of none
11-28 20:11:48.730   221 11023 W vold    : Failed to open none: No such file or directory
11-28 20:14:00.624  1787  2914 I chatty  : uid=1000(system) AlarmManager expire 19 lines
11-28 20:14:00.659  1787  1787 I chatty  : uid=1000 system_server expire 19 lines
11-28 20:14:00.703   305  1751 E NetlinkEvent: NetlinkEvent::FindParam(): Parameter 'UID' not found
11-28 20:14:39.624   305  1751 E NetlinkEvent: NetlinkEvent::FindParam(): Parameter 'UID' not found
11-28 20:16:44.638   305  1751 E NetlinkEvent: NetlinkEvent::FindParam(): Parameter 'UID' not found
11-28 20:16:44.770  1787  1801 I chatty  : uid=1000(system) ActivityManager expire 2 lines
11-28 20:17:19.160   305  1751 E NetlinkEvent: NetlinkEvent::FindParam(): Parameter 'UID' not found
11-28 20:20:39.640   305  1751 E NetlinkEvent: NetlinkEvent::FindParam(): Parameter 'UID' not found
11-28 20:21:38.631   305  1751 E NetlinkEvent: NetlinkEvent::FindParam(): Parameter 'UID' not found
11-28 20:24:40.004   305  1751 E NetlinkEvent: NetlinkEvent::FindParam(): Parameter 'UID' not found
11-28 20:25:38.368   305  1751 E NetlinkEvent: NetlinkEvent::FindParam(): Parameter 'UID' not found
11-28 20:30:19.002  1787  2914 I chatty  : uid=1000(system) AlarmManager expire 13 lines
11-28 20:30:19.032  1787  1787 I chatty  : uid=1000 system_server expire 15 lines
11-28 20:35:45.097   305  1751 E NetlinkEvent: NetlinkEvent::FindParam(): Parameter 'UID' not found
11-28 20:35:45.098  1787  2914 I chatty  : uid=1000(system) AlarmManager expire 24 lines
11-28 20:36:23.495   305  1751 E NetlinkEvent: NetlinkEvent::FindParam(): Parameter 'UID' not found
11-28 20:50:40.037  1787  1787 I chatty  : uid=1000 system_server expire 22 lines
11-28 20:50:40.106   305  1751 E NetlinkEvent: NetlinkEvent::FindParam(): Parameter 'UID' not found
11-28 20:50:56.581   305  1751 E NetlinkEvent: NetlinkEvent::FindParam(): Parameter 'UID' not found
11-28 20:51:13.365   305  1751 E NetlinkEvent: NetlinkEvent::FindParam(): Parameter 'UID' not found
11-28 20:51:33.820   305  1751 E NetlinkEvent: NetlinkEvent::FindParam(): Parameter 'UID' not found
11-28 20:54:40.520   305  1751 E NetlinkEvent: NetlinkEvent::FindParam(): Parameter 'UID' not found
11-28 20:54:46.640  1787  2914 I chatty  : uid=1000(system) AlarmManager expire 13 lines
11-28 20:54:46.665  1787  1787 I chatty  : uid=1000 system_server expire 31 lines
11-28 20:54:46.828  1787  6221 I chatty  : uid=1000(system) Binder_D expire 2 lines
11-28 20:55:38.641   305  1751 E NetlinkEvent: NetlinkEvent::FindParam(): Parameter 'UID' not found
11-28 20:58:39.640   305  1751 E NetlinkEvent: NetlinkEvent::FindParam(): Parameter 'UID' not found
11-28 20:58:55.170   305  1751 E NetlinkEvent: NetlinkEvent::FindParam(): Parameter 'UID' not found
11-28 21:13:46.810   305  1751 E NetlinkEvent: NetlinkEvent::FindParam(): Parameter 'UID' not found
11-28 21:13:46.812  1787  2914 I chatty  : uid=1000(system) AlarmManager expire 17 lines
11-28 21:14:29.582   305  1751 E NetlinkEvent: NetlinkEvent::FindParam(): Parameter 'UID' not found
11-28 21:15:54.052   305  1751 E NetlinkEvent: NetlinkEvent::FindParam(): Parameter 'UID' not found
11-28 21:16:32.458   305  1751 E NetlinkEvent: NetlinkEvent::FindParam(): Parameter 'UID' not found
11-28 21:17:40.356  1787  1787 I chatty  : uid=1000 system_server expire 11 lines
11-28 21:17:40.359  1787  1806 I chatty  : uid=1000(system) android.display expire 2 lines
11-28 21:17:40.359  1787  4628 I chatty  : uid=1000(system) Binder_9 expire 1 line
11-28 21:17:40.364  1787  1803 I chatty  : uid=1000(system) android.fg expire 2 lines
11-28 21:17:40.427  1787  2955 I chatty  : uid=1000(system) ConnectivitySer expire 1 line
11-28 21:17:40.596   258   699 I chatty  : uid=1000(system) EventThread expire 2 lines
11-28 21:17:41.241   305  1751 E NetlinkEvent: NetlinkEvent::FindParam(): Parameter 'UID' not found
11-28 21:17:41.381  1787  2914 I chatty  : uid=1000(system) AlarmManager expire 15 lines
11-28 21:17:50.353  1787  1809 I chatty  : uid=1000(system) PowerManagerSer expire 3 lines
11-28 21:17:51.092   258   258 I chatty  : uid=1000(system) /system/bin/surfaceflinger expire 2 lines
11-28 21:18:06.915   305  1751 E NetlinkEvent: NetlinkEvent::FindParam(): Parameter 'UID' not found
11-28 21:18:06.972  1787  1787 I chatty  : uid=1000 system_server expire 12 lines
11-28 21:18:07.009  3000  3000 D StatusBarKeyguardViewManager: showKeyguard, but hide Bouncer
11-28 21:21:41.608   305  1751 E NetlinkEvent: NetlinkEvent::FindParam(): Parameter 'UID' not found
11-28 21:22:07.172   305  1751 E NetlinkEvent: NetlinkEvent::FindParam(): Parameter 'UID' not found
11-28 21:26:38.367   305  1751 E NetlinkEvent: NetlinkEvent::FindParam(): Parameter 'UID' not found
11-28 21:27:06.049   305  1751 E NetlinkEvent: NetlinkEvent::FindParam(): Parameter 'UID' not found
11-28 21:30:18.994  1787  2914 I chatty  : uid=1000(system) AlarmManager expire 13 lines
11-28 21:30:19.008  1787  1787 I chatty  : uid=1000 system_server expire 13 lines
11-28 21:32:05.536   305  1751 E NetlinkEvent: NetlinkEvent::FindParam(): Parameter 'UID' not found
11-28 21:32:05.541   305  1751 E NetlinkEvent: NetlinkEvent::FindParam(): Parameter 'UID' not found
11-28 21:32:48.648  1787  2914 I chatty  : uid=1000(system) AlarmManager expire 25 lines
11-28 21:32:48.662   305  1751 E NetlinkEvent: NetlinkEvent::FindParam(): Parameter 'UID' not found
11-28 21:32:48.665  1787  1787 I chatty  : uid=1000 system_server expire 25 lines
11-28 21:33:09.572   305  1751 E NetlinkEvent: NetlinkEvent::FindParam(): Parameter 'UID' not found
11-28 21:37:43.143   305  1751 E NetlinkEvent: NetlinkEvent::FindParam(): Parameter 'UID' not found
11-28 21:38:09.087   305  1751 E NetlinkEvent: NetlinkEvent::FindParam(): Parameter 'UID' not found
11-28 21:43:19.530   305  1751 E NetlinkEvent: NetlinkEvent::FindParam(): Parameter 'UID' not found
11-28 21:43:39.651   305  1751 E NetlinkEvent: NetlinkEvent::FindParam(): Parameter 'UID' not found
11-28 21:48:55.924   305  1751 E NetlinkEvent: NetlinkEvent::FindParam(): Parameter 'UID' not found
11-28 21:48:55.927   305  1751 E NetlinkEvent: NetlinkEvent::FindParam(): Parameter 'UID' not found
11-28 21:51:50.667   305  1751 E NetlinkEvent: NetlinkEvent::FindParam(): Parameter 'UID' not found
11-28 21:52:38.652   305  1751 E NetlinkEvent: NetlinkEvent::FindParam(): Parameter 'UID' not found
11-28 21:54:37.222   305  1751 E NetlinkEvent: NetlinkEvent::FindParam(): Parameter 'UID' not found
11-28 21:54:52.612   305  1751 E NetlinkEvent: NetlinkEvent::FindParam(): Parameter 'UID' not found
11-28 21:58:27.696  1787  1800 I chatty  : uid=1000(system) android.bg expire 1 line
11-28 22:00:01.658  1787  2914 I chatty  : uid=1000(system) AlarmManager expire 11 lines
11-28 22:00:01.706  1787  1787 I chatty  : uid=1000 system_server expire 11 lines
11-28 22:00:06.530   305  1751 E NetlinkEvent: NetlinkEvent::FindParam(): Parameter 'UID' not found
11-28 22:00:06.532  1787  6221 I chatty  : uid=1000(system) Binder_D expire 1 line
11-28 22:00:20.292   305  1751 E NetlinkEvent: NetlinkEvent::FindParam(): Parameter 'UID' not found
11-28 22:00:44.661  1787  2914 I chatty  : uid=1000(system) AlarmManager expire 16 lines
11-28 22:00:44.684  1787  1787 I chatty  : uid=1000 system_server expire 16 lines
11-28 22:00:44.704   305  1751 E NetlinkEvent: NetlinkEvent::FindParam(): Parameter 'UID' not found
11-28 22:01:00.041   305  1751 E NetlinkEvent: NetlinkEvent::FindParam(): Parameter 'UID' not found
11-28 22:04:45.169   305  1751 E NetlinkEvent: NetlinkEvent::FindParam(): Parameter 'UID' not found
11-28 22:05:09.573   305  1751 E NetlinkEvent: NetlinkEvent::FindParam(): Parameter 'UID' not found
11-28 22:07:53.421   305  1751 E NetlinkEvent: NetlinkEvent::FindParam(): Parameter 'UID' not found
11-28 22:08:21.574   305  1751 E NetlinkEvent: NetlinkEvent::FindParam(): Parameter 'UID' not found
11-28 22:10:52.676   305  1751 E NetlinkEvent: NetlinkEvent::FindParam(): Parameter 'UID' not found
11-28 22:11:34.359   305  1751 E NetlinkEvent: NetlinkEvent::FindParam(): Parameter 'UID' not found
11-28 22:11:57.768  1787  4201 I chatty  : uid=1000(system) Binder_7 expire 1 line
11-28 22:11:57.772  1787  1787 I chatty  : uid=1000 system_server expire 10 lines
11-28 22:11:57.774  1787  1797 I chatty  : uid=1000(system) Binder_1 expire 2 lines
11-28 22:11:57.776  1787  1803 I chatty  : uid=1000(system) android.fg expire 6 lines
11-28 22:11:57.776  1787  1806 I chatty  : uid=1000(system) android.display expire 6 lines
11-28 22:11:58.009   258   699 I chatty  : uid=1000(system) EventThread expire 7 lines
11-28 22:12:00.001  1787  2914 I chatty  : uid=1000(system) AlarmManager expire 13 lines
11-28 22:12:07.770  1787  1809 I chatty  : uid=1000(system) PowerManagerSer expire 9 lines
11-28 22:12:09.480  3000  3000 D StatusBarKeyguardViewManager: showKeyguard, but hide Bouncer
11-28 22:13:03.759  1787  4627 I chatty  : uid=1000(system) Binder_8 expire 1 line
11-28 22:13:03.763  1787  6220 I chatty  : uid=1000(system) Binder_C expire 1 line
11-28 22:13:06.877  1787  2955 I chatty  : uid=1000(system) ConnectivitySer expire 6 lines
11-28 22:13:07.538   305  1751 E NetlinkEvent: NetlinkEvent::FindParam(): Parameter 'UID' not found
11-28 22:13:14.493   258   258 I chatty  : uid=1000(system) /system/bin/surfaceflinger expire 2 lines
11-28 22:13:16.848  3000  3000 D StatusBarKeyguardViewManager: showKeyguard, but hide Bouncer
11-28 22:13:22.781   305  1751 E NetlinkEvent: NetlinkEvent::FindParam(): Parameter 'UID' not found
11-28 22:14:01.633  1787  1787 I chatty  : uid=1000 system_server expire 11 lines
11-28 22:14:01.650   305  1751 E NetlinkEvent: NetlinkEvent::FindParam(): Parameter 'UID' not found
11-28 22:14:29.514   305  1751 E NetlinkEvent: NetlinkEvent::FindParam(): Parameter 'UID' not found
11-28 22:16:09.386   305  1751 E NetlinkEvent: NetlinkEvent::FindParam(): Parameter 'UID' not found
11-28 22:16:32.398   305  1751 E NetlinkEvent: NetlinkEvent::FindParam(): Parameter 'UID' not found
11-28 22:20:09.996   305  1751 E NetlinkEvent: NetlinkEvent::FindParam(): Parameter 'UID' not found
11-28 22:20:38.603   305  1751 E NetlinkEvent: NetlinkEvent::FindParam(): Parameter 'UID' not found
11-28 22:24:18.604  1787  2914 I chatty  : uid=1000(system) AlarmManager expire 28 lines
11-28 22:24:18.665  1787  1787 I chatty  : uid=1000 system_server expire 25 lines
11-28 22:30:19.109  1787  3031 I chatty  : uid=1000(system) Binder_4 expire 2 lines
11-28 22:34:53.626   305  1751 E NetlinkEvent: NetlinkEvent::FindParam(): Parameter 'UID' not found
11-28 22:34:53.656  1787  1787 I chatty  : uid=1000 system_server expire 41 lines
11-28 22:35:38.601   305  1751 E NetlinkEvent: NetlinkEvent::FindParam(): Parameter 'UID' not found
11-28 22:38:54.138   305  1751 E NetlinkEvent: NetlinkEvent::FindParam(): Parameter 'UID' not found
11-28 22:38:54.144   305  1751 E NetlinkEvent: NetlinkEvent::FindParam(): Parameter 'UID' not found
11-28 22:51:36.514  1787  4628 I chatty  : uid=1000(system) Binder_9 expire 1 line
11-28 22:51:38.856  1787  1801 I chatty  : uid=1000(system) ActivityManager expire 2 lines
11-28 22:51:38.984  1787  3677 I chatty  : uid=1000(system) Binder_6 expire 1 line
11-28 22:51:51.500  3000  3000 D StatusBarKeyguardViewManager: showKeyguard, but hide Bouncer
11-28 22:53:38.613  1787  2914 I chatty  : uid=1000(system) AlarmManager expire 11 lines
11-28 22:53:38.676  1787  1787 I chatty  : uid=1000 system_server expire 11 lines
11-28 22:58:55.618   305  1751 E NetlinkEvent: NetlinkEvent::FindParam(): Parameter 'UID' not found
11-28 22:59:38.612   305  1751 E NetlinkEvent: NetlinkEvent::FindParam(): Parameter 'UID' not found
11-28 23:00:01.615  1787  2914 I chatty  : uid=1000(system) AlarmManager expire 25 lines
11-28 23:00:01.632  1787  1787 I chatty  : uid=1000 system_server expire 24 lines
11-28 23:00:47.664   305  1751 E NetlinkEvent: NetlinkEvent::FindParam(): Parameter 'UID' not found
11-28 23:01:03.076   305  1751 E NetlinkEvent: NetlinkEvent::FindParam(): Parameter 'UID' not found
11-28 23:01:46.828   305  1751 E NetlinkEvent: NetlinkEvent::FindParam(): Parameter 'UID' not found
11-28 23:01:46.835  1787  3677 I chatty  : uid=1000(system) Binder_6 expire 1 line
11-28 23:01:46.917  1787  2954 I chatty  : uid=1000(system) WifiService expire 1 line
11-28 23:02:38.553   305  1751 E NetlinkEvent: NetlinkEvent::FindParam(): Parameter 'UID' not found
11-28 23:04:48.199   305  1751 E NetlinkEvent: NetlinkEvent::FindParam(): Parameter 'UID' not found
11-28 23:05:38.553   305  1751 E NetlinkEvent: NetlinkEvent::FindParam(): Parameter 'UID' not found
11-28 23:14:03.059   305  1751 E NetlinkEvent: NetlinkEvent::FindParam(): Parameter 'UID' not found
11-28 23:14:03.088  1787  1787 I chatty  : uid=1000 system_server expire 11 lines
11-28 23:14:38.617   305  1751 E NetlinkEvent: NetlinkEvent::FindParam(): Parameter 'UID' not found
11-28 23:19:38.651   305  1751 E NetlinkEvent: NetlinkEvent::FindParam(): Parameter 'UID' not found
11-28 23:20:16.396   305  1751 E NetlinkEvent: NetlinkEvent::FindParam(): Parameter 'UID' not found
11-28 23:22:56.621  1787  2914 I chatty  : uid=1000(system) AlarmManager expire 10 lines
11-28 23:22:56.633   305  1751 E NetlinkEvent: NetlinkEvent::FindParam(): Parameter 'UID' not found
11-28 23:23:38.621   305  1751 E NetlinkEvent: NetlinkEvent::FindParam(): Parameter 'UID' not found
11-28 23:23:38.798   305  1751 E NetlinkEvent: NetlinkEvent::FindParam(): Parameter 'UID' not found
11-28 23:24:32.614  1787  2914 I chatty  : uid=1000(system) AlarmManager expire 18 lines
11-28 23:24:32.617   305  1751 E NetlinkEvent: NetlinkEvent::FindParam(): Parameter 'UID' not found
11-28 23:24:32.625  1787  1787 I chatty  : uid=1000 system_server expire 40 lines
11-28 23:26:57.829   305  1751 E NetlinkEvent: NetlinkEvent::FindParam(): Parameter 'UID' not found
11-28 23:26:57.836   305  1751 E NetlinkEvent: NetlinkEvent::FindParam(): Parameter 'UID' not found
11-28 23:27:39.307   305  1751 E NetlinkEvent: NetlinkEvent::FindParam(): Parameter 'UID' not found
11-28 23:28:38.629   305  1751 E NetlinkEvent: NetlinkEvent::FindParam(): Parameter 'UID' not found
11-28 23:40:58.988  1787  4627 I chatty  : uid=1000(system) Binder_8 expire 3 lines
11-28 23:40:58.993  1787  4201 I chatty  : uid=1000(system) Binder_7 expire 1 line
11-28 23:40:58.994  1787  1803 I chatty  : uid=1000(system) android.fg expire 5 lines
11-28 23:40:58.996  1787  1806 I chatty  : uid=1000(system) android.display expire 4 lines
11-28 23:40:59.232   258   699 I chatty  : uid=1000(system) EventThread expire 4 lines
11-28 23:41:02.102  1787  2955 I chatty  : uid=1000(system) ConnectivitySer expire 3 lines
11-28 23:41:08.990  1787  1809 I chatty  : uid=1000(system) PowerManagerSer expire 8 lines
11-28 23:41:09.700   258   258 I chatty  : uid=1000(system) /system/bin/surfaceflinger expire 4 lines
11-28 23:41:38.729  3000  3000 D StatusBarKeyguardViewManager: showKeyguard, but hide Bouncer
11-28 23:43:32.623  1787  2914 I chatty  : uid=1000(system) AlarmManager expire 10 lines
11-28 23:43:32.633  1787  1787 I chatty  : uid=1000 system_server expire 10 lines
11-28 23:45:33.491  1787  6220 I chatty  : uid=1000(system) Binder_C expire 1 line
11-28 23:45:33.504  1787  4628 I chatty  : uid=1000(system) Binder_9 expire 2 lines
11-28 23:45:33.513  1787  6219 I chatty  : uid=1000(system) Binder_B expire 2 lines
11-28 23:45:33.867  1787  6215 I chatty  : uid=1000(system) Binder_A expire 1 line
11-28 23:45:33.869  1787  1801 I chatty  : uid=1000(system) ActivityManager expire 2 lines
11-28 23:46:31.898   305  1751 E NetlinkEvent: NetlinkEvent::FindParam(): Parameter 'UID' not found
11-28 23:46:31.901   305  1751 E NetlinkEvent: NetlinkEvent::FindParam(): Parameter 'UID' not found
11-28 23:46:32.168  3000  3000 D StatusBarKeyguardViewManager: showKeyguard, but hide Bouncer
11-28 23:46:32.625  1787  2971 I chatty  : uid=1000(system) backup expire 1 line
11-28 23:46:57.645   305  1751 E NetlinkEvent: NetlinkEvent::FindParam(): Parameter 'UID' not found
11-28 23:48:09.626   305  1751 E NetlinkEvent: NetlinkEvent::FindParam(): Parameter 'UID' not found
11-28 23:53:12.909  1787  2914 I chatty  : uid=1000(system) AlarmManager expire 6 lines
11-28 23:53:12.959  1787  1787 I chatty  : uid=1000 system_server expire 18 lines
11-29 00:00:01.644  1787  2914 I chatty  : uid=1000(system) AlarmManager expire 17 lines
11-29 00:03:40.013   305  1751 E NetlinkEvent: NetlinkEvent::FindParam(): Parameter 'UID' not found
11-29 00:03:40.023  1787  6215 I chatty  : uid=1000(system) Binder_A expire 1 line
11-29 00:03:40.162  1787  6220 I chatty  : uid=1000(system) Binder_C expire 2 lines
11-29 00:03:40.275  1787  1787 I chatty  : uid=1000 system_server expire 12 lines
11-29 00:03:40.275  1787  6221 I chatty  : uid=1000(system) Binder_D expire 1 line
11-29 00:03:40.693  1787  1812 I chatty  : uid=1000(system) PackageManager expire 1 line
11-29 00:03:44.688  1787  1801 I chatty  : uid=1000(system) ActivityManager expire 5 lines
11-29 00:03:48.486  1787  3029 I chatty  : uid=1000(system) Binder_3 expire 1 line
11-29 00:03:48.487   221   228 E Cryptfs : not running with encryption, aborting
11-29 00:03:48.487  1787  2919 I chatty  : uid=1000(system) CryptdConnector expire 1 line
11-29 00:03:55.372   305  1751 E NetlinkEvent: NetlinkEvent::FindParam(): Parameter 'UID' not found
11-29 00:03:55.380  1787  3677 I chatty  : uid=1000(system) Binder_6 expire 1 line
11-29 00:03:58.503  1787  3675 I chatty  : uid=1000(system) Binder_5 expire 2 lines
11-29 00:04:10.016  1787  2914 I chatty  : uid=1000(system) AlarmManager expire 11 lines
11-29 00:04:10.254  1787  4627 I chatty  : uid=1000(system) Binder_8 expire 4 lines
11-29 00:04:10.254  1787  2954 I chatty  : uid=1000(system) WifiService expire 2 lines
11-29 00:04:10.255  1787  2955 I chatty  : uid=1000(system) ConnectivitySer expire 6 lines
11-29 00:07:40.540   305  1751 E NetlinkEvent: NetlinkEvent::FindParam(): Parameter 'UID' not found
11-29 00:07:40.546   305  1751 E NetlinkEvent: NetlinkEvent::FindParam(): Parameter 'UID' not found
11-29 00:10:59.642   305  1751 E NetlinkEvent: NetlinkEvent::FindParam(): Parameter 'UID' not found
11-29 00:10:59.696  1787  1797 I chatty  : uid=1000(system) Binder_1 expire 2 lines
11-29 00:14:03.641   305  1751 E NetlinkEvent: NetlinkEvent::FindParam(): Parameter 'UID' not found
11-29 00:14:03.643  1787  2914 I chatty  : uid=1000(system) AlarmManager expire 14 lines
11-29 00:14:03.680  1787  1787 I chatty  : uid=1000 system_server expire 11 lines
11-29 00:14:03.715   305  1751 E NetlinkEvent: NetlinkEvent::FindParam(): Parameter 'UID' not found
11-29 00:15:00.154   305  1751 E NetlinkEvent: NetlinkEvent::FindParam(): Parameter 'UID' not found
11-29 00:15:00.462   305  1751 E NetlinkEvent: NetlinkEvent::FindParam(): Parameter 'UID' not found
11-29 00:15:34.650   305  1751 E NetlinkEvent: NetlinkEvent::FindParam(): Parameter 'UID' not found
11-29 00:19:30.822  3460  3460 I chatty  : uid=1000(system) com.motorola.modemservice expire 2 lines
11-29 00:19:32.153  1787  6219 I chatty  : uid=1000(system) Binder_B expire 3 lines
11-29 00:19:39.340  1787  4628 I chatty  : uid=1000(system) Binder_9 expire 6 lines
11-29 00:19:39.620   305  1751 E NetlinkEvent: NetlinkEvent::FindParam(): Parameter 'UID' not found
11-29 00:24:33.601   305  1751 E NetlinkEvent: NetlinkEvent::FindParam(): Parameter 'UID' not found
11-29 00:24:51.758   305  1751 E NetlinkEvent: NetlinkEvent::FindParam(): Parameter 'UID' not found
11-29 00:25:33.594   305  1751 E NetlinkEvent: NetlinkEvent::FindParam(): Parameter 'UID' not found
11-29 00:28:08.371   305  1751 E NetlinkEvent: NetlinkEvent::FindParam(): Parameter 'UID' not found
11-29 00:28:08.374   305  1751 E NetlinkEvent: NetlinkEvent::FindParam(): Parameter 'UID' not found
11-29 00:28:52.298   305  1751 E NetlinkEvent: NetlinkEvent::FindParam(): Parameter 'UID' not found
11-29 00:28:52.302   305  1751 E NetlinkEvent: NetlinkEvent::FindParam(): Parameter 'UID' not found
11-29 00:30:18.600  1787  1787 I chatty  : uid=1000 system_server expire 18 lines
11-29 00:33:23.563   305  1751 E NetlinkEvent: NetlinkEvent::FindParam(): Parameter 'UID' not found
11-29 00:33:23.570   305  1751 E NetlinkEvent: NetlinkEvent::FindParam(): Parameter 'UID' not found
11-29 00:33:41.592  1787  2914 I chatty  : uid=1000(system) AlarmManager expire 10 lines
11-29 00:35:00.609   305  1751 E NetlinkEvent: NetlinkEvent::FindParam(): Parameter 'UID' not found
11-29 00:35:00.611  1787  1787 I chatty  : uid=1000 system_server expire 14 lines
11-29 00:35:33.597   305  1751 E NetlinkEvent: NetlinkEvent::FindParam(): Parameter 'UID' not found
11-29 00:39:01.480   305  1751 E NetlinkEvent: NetlinkEvent::FindParam(): Parameter 'UID' not found
11-29 00:39:01.488   305  1751 E NetlinkEvent: NetlinkEvent::FindParam(): Parameter 'UID' not found
11-29 00:59:01.605  1787  2914 I chatty  : uid=1000(system) AlarmManager expire 10 lines
11-29 00:59:01.620   305  1751 E NetlinkEvent: NetlinkEvent::FindParam(): Parameter 'UID' not found
11-29 01:00:49.604   305  1751 E NetlinkEvent: NetlinkEvent::FindParam(): Parameter 'UID' not found
11-29 01:00:49.615  1787  2914 I chatty  : uid=1000(system) AlarmManager expire 16 lines
11-29 01:05:20.191   305  1751 E NetlinkEvent: NetlinkEvent::FindParam(): Parameter 'UID' not found
11-29 01:05:20.195   305  1751 E NetlinkEvent: NetlinkEvent::FindParam(): Parameter 'UID' not found
11-29 01:10:29.231   305  1751 E NetlinkEvent: NetlinkEvent::FindParam(): Parameter 'UID' not found
11-29 01:10:29.235   305  1751 E NetlinkEvent: NetlinkEvent::FindParam(): Parameter 'UID' not found
11-29 01:14:04.653  1787  1787 I chatty  : uid=1000 system_server expire 16 lines
11-29 01:14:04.966   305  1751 E NetlinkEvent: NetlinkEvent::FindParam(): Parameter 'UID' not found
11-29 01:15:33.608   305  1751 E NetlinkEvent: NetlinkEvent::FindParam(): Parameter 'UID' not found
11-29 01:19:33.638   305  1751 E NetlinkEvent: NetlinkEvent::FindParam(): Parameter 'UID' not found
11-29 01:19:34.066  1787  4201 I chatty  : uid=1000(system) Binder_7 expire 1 line
11-29 01:20:04.399   305  1751 E NetlinkEvent: NetlinkEvent::FindParam(): Parameter 'UID' not found
11-29 01:20:13.627  1787  2914 I chatty  : uid=1000(system) AlarmManager expire 15 lines
11-29 01:20:13.642  1787  1787 I chatty  : uid=1000 system_server expire 17 lines
11-29 01:20:14.051   305  1751 E NetlinkEvent: NetlinkEvent::FindParam(): Parameter 'UID' not found
11-29 01:20:29.160   305  1751 E NetlinkEvent: NetlinkEvent::FindParam(): Parameter 'UID' not found
11-29 01:23:02.566   305  1751 E NetlinkEvent: NetlinkEvent::FindParam(): Parameter 'UID' not found
11-29 01:23:34.435   305  1751 E NetlinkEvent: NetlinkEvent::FindParam(): Parameter 'UID' not found
11-29 01:23:34.497   305  1751 E NetlinkEvent: NetlinkEvent::FindParam(): Parameter 'UID' not found
11-29 01:25:33.558   305  1751 E NetlinkEvent: NetlinkEvent::FindParam(): Parameter 'UID' not found
11-29 01:47:03.631   305  1751 E NetlinkEvent: NetlinkEvent::FindParam(): Parameter 'UID' not found
11-29 01:47:03.685  1787  1798 I chatty  : uid=1000(system) Binder_2 expire 1 line
11-29 01:51:04.162   305  1751 E NetlinkEvent: NetlinkEvent::FindParam(): Parameter 'UID' not found
11-29 02:05:34.364   305  1751 E NetlinkEvent: NetlinkEvent::FindParam(): Parameter 'UID' not found
11-29 02:07:19.892   305  1751 E NetlinkEvent: NetlinkEvent::FindParam(): Parameter 'UID' not found
11-29 02:09:35.311   305  1751 E NetlinkEvent: NetlinkEvent::FindParam(): Parameter 'UID' not found
11-29 02:09:35.320   305  1751 E NetlinkEvent: NetlinkEvent::FindParam(): Parameter 'UID' not found
11-29 02:11:04.632  1787  2914 I chatty  : uid=1000(system) AlarmManager expire 9 lines
11-29 02:11:04.648   305  1751 E NetlinkEvent: NetlinkEvent::FindParam(): Parameter 'UID' not found
11-29 02:11:04.652  1787  1787 I chatty  : uid=1000 system_server expire 10 lines
11-29 02:11:46.630   305  1751 E NetlinkEvent: NetlinkEvent::FindParam(): Parameter 'UID' not found
11-29 02:11:46.934   305  1751 E NetlinkEvent: NetlinkEvent::FindParam(): Parameter 'UID' not found
11-29 02:14:05.636  1787  2914 I chatty  : uid=1000(system) AlarmManager expire 10 lines
11-29 02:14:05.640   305  1751 E NetlinkEvent: NetlinkEvent::FindParam(): Parameter 'UID' not found
11-29 02:14:05.765  1787  1787 I chatty  : uid=1000 system_server expire 10 lines
11-29 02:35:05.639   305  1751 E NetlinkEvent: NetlinkEvent::FindParam(): Parameter 'UID' not found
11-29 02:35:33.636   305  1751 E NetlinkEvent: NetlinkEvent::FindParam(): Parameter 'UID' not found
11-29 02:59:06.664   305  1751 E NetlinkEvent: NetlinkEvent::FindParam(): Parameter 'UID' not found
11-29 03:05:33.657   305  1751 E NetlinkEvent: NetlinkEvent::FindParam(): Parameter 'UID' not found
11-29 03:14:06.695   305  1751 E NetlinkEvent: NetlinkEvent::FindParam(): Parameter 'UID' not found
11-29 03:15:33.654   305  1751 E NetlinkEvent: NetlinkEvent::FindParam(): Parameter 'UID' not found
11-29 03:23:08.596   305  1751 E NetlinkEvent: NetlinkEvent::FindParam(): Parameter 'UID' not found
11-29 03:25:33.587   305  1751 E NetlinkEvent: NetlinkEvent::FindParam(): Parameter 'UID' not found
11-29 03:25:33.611  1787  1800 I chatty  : uid=1000(system) android.bg expire 9 lines
11-29 03:28:09.030   305  1751 E NetlinkEvent: NetlinkEvent::FindParam(): Parameter 'UID' not found
11-29 03:28:09.037   305  1751 E NetlinkEvent: NetlinkEvent::FindParam(): Parameter 'UID' not found
11-29 03:28:10.253   305  1751 E NetlinkEvent: NetlinkEvent::FindParam(): Parameter 'UID' not found
11-29 03:33:30.358   305  1751 E NetlinkEvent: NetlinkEvent::FindParam(): Parameter 'UID' not found
11-29 03:33:31.288   305  1751 E NetlinkEvent: NetlinkEvent::FindParam(): Parameter 'UID' not found
11-29 03:35:32.594   305  1751 E NetlinkEvent: NetlinkEvent::FindParam(): Parameter 'UID' not found
11-29 03:47:09.603  1787  2914 I chatty  : uid=1000(system) AlarmManager expire 12 lines
11-29 03:47:09.613   305  1751 E NetlinkEvent: NetlinkEvent::FindParam(): Parameter 'UID' not found
11-29 03:47:09.619  1787  1787 I chatty  : uid=1000 system_server expire 14 lines
11-29 03:51:10.203   305  1751 E NetlinkEvent: NetlinkEvent::FindParam(): Parameter 'UID' not found
11-29 04:05:27.295   305  1751 E NetlinkEvent: NetlinkEvent::FindParam(): Parameter 'UID' not found
11-29 04:05:27.295   305  1751 E NetlinkEvent: NetlinkEvent::FindParam(): Parameter 'UID' not found
11-29 04:05:28.221   305  1751 E NetlinkEvent: NetlinkEvent::FindParam(): Parameter 'UID' not found
11-29 04:10:45.256   305  1751 E NetlinkEvent: NetlinkEvent::FindParam(): Parameter 'UID' not found
11-29 04:10:46.175   305  1751 E NetlinkEvent: NetlinkEvent::FindParam(): Parameter 'UID' not found
11-29 04:11:05.601   305  1751 E NetlinkEvent: NetlinkEvent::FindParam(): Parameter 'UID' not found
11-29 04:11:05.706   305  1751 E NetlinkEvent: NetlinkEvent::FindParam(): Parameter 'UID' not found
11-29 04:11:05.739  1787  1801 I chatty  : uid=1000(system) ActivityManager expire 3 lines
11-29 04:11:07.397  1787  6219 I chatty  : uid=1000(system) Binder_B expire 5 lines
11-29 04:11:09.702  1787  2914 I chatty  : uid=1000(system) AlarmManager expire 13 lines
11-29 04:11:25.806   305  1751 E NetlinkEvent: NetlinkEvent::FindParam(): Parameter 'UID' not found
11-29 04:14:07.591  1787  1787 I chatty  : uid=1000 system_server expire 13 lines
11-29 04:14:07.626   305  1751 E NetlinkEvent: NetlinkEvent::FindParam(): Parameter 'UID' not found
11-29 04:14:07.646  1787  4201 I chatty  : uid=1000(system) Binder_7 expire 12 lines
11-29 04:15:06.370   305  1751 E NetlinkEvent: NetlinkEvent::FindParam(): Parameter 'UID' not found
11-29 04:15:06.676   305  1751 E NetlinkEvent: NetlinkEvent::FindParam(): Parameter 'UID' not found
11-29 04:15:32.603   305  1751 E NetlinkEvent: NetlinkEvent::FindParam(): Parameter 'UID' not found
11-29 04:30:20.914   305  1751 E NetlinkEvent: NetlinkEvent::FindParam(): Parameter 'UID' not found
11-29 04:35:10.611  1787  2914 I chatty  : uid=1000(system) AlarmManager expire 11 lines
11-29 04:35:10.613   305  1751 E NetlinkEvent: NetlinkEvent::FindParam(): Parameter 'UID' not found
11-29 04:35:10.617   305  1751 E NetlinkEvent: NetlinkEvent::FindParam(): Parameter 'UID' not found
11-29 04:35:10.621  1787  1787 I chatty  : uid=1000 system_server expire 10 lines
11-29 04:35:33.611   305  1751 E NetlinkEvent: NetlinkEvent::FindParam(): Parameter 'UID' not found
11-29 04:59:11.637   305  1751 E NetlinkEvent: NetlinkEvent::FindParam(): Parameter 'UID' not found
11-29 04:59:11.696  1787  4628 I chatty  : uid=1000(system) Binder_9 expire 4 lines
11-29 04:59:11.805  1787  2955 I chatty  : uid=1000(system) ConnectivitySer expire 10 lines
11-29 05:03:11.912   305  1751 E NetlinkEvent: NetlinkEvent::FindParam(): Parameter 'UID' not found
11-29 05:14:08.653   305  1751 E NetlinkEvent: NetlinkEvent::FindParam(): Parameter 'UID' not found
11-29 05:15:33.624   305  1751 E NetlinkEvent: NetlinkEvent::FindParam(): Parameter 'UID' not found
11-29 05:18:09.243   305  1751 E NetlinkEvent: NetlinkEvent::FindParam(): Parameter 'UID' not found
11-29 05:18:09.247   305  1751 E NetlinkEvent: NetlinkEvent::FindParam(): Parameter 'UID' not found
11-29 05:23:12.634   305  1751 E NetlinkEvent: NetlinkEvent::FindParam(): Parameter 'UID' not found
11-29 05:25:33.631   305  1751 E NetlinkEvent: NetlinkEvent::FindParam(): Parameter 'UID' not found
11-29 05:47:13.641   305  1751 E NetlinkEvent: NetlinkEvent::FindParam(): Parameter 'UID' not found
11-29 05:48:26.754   305  1751 E NetlinkEvent: NetlinkEvent::FindParam(): Parameter 'UID' not found
