11-28 16:08:27.182  1787  6219 I chatty  : uid=1000(system) Binder_B expire 4 lines
11-28 16:08:27.797  1787  1801 I chatty  : uid=1000(system) ActivityManager expire 2 lines
11-28 16:08:28.114  1787  1797 I chatty  : uid=1000(system) Binder_1 expire 5 lines
11-28 16:08:28.552  1787  6220 I chatty  : uid=1000(system) Binder_C expire 6 lines
11-28 16:08:28.641  1787  1798 I chatty  : uid=1000(system) Binder_2 expire 7 lines
11-28 16:08:28.713  1787  3031 I chatty  : uid=1000(system) Binder_4 expire 2 lines
11-28 16:08:28.979  1787  3029 I chatty  : uid=1000(system) Binder_3 expire 1 line
11-28 16:08:28.982  1787  4201 I chatty  : uid=1000(system) Binder_7 expire 2 lines
11-28 16:08:32.706  1787  2914 I chatty  : uid=1000(system) AlarmManager expire 15 lines
11-28 16:08:32.714  1787  1787 I chatty  : uid=1000 system_server expire 10 lines
11-28 16:08:40.289   305  1751 E NetlinkEvent: NetlinkEvent::FindParam(): Parameter 'UID' not found
11-28 16:08:55.068  1787  1806 I chatty  : uid=1000(system) android.display expire 5 lines
11-28 16:08:55.313   258   699 I chatty  : uid=1000(system) EventThread expire 3 lines
11-28 16:08:55.964  1787  3675 I chatty  : uid=1000(system) Binder_5 expire 1 line
11-28 16:08:56.043  1787  1809 I chatty  : uid=1000(system) PowerManagerSer expire 3 lines
11-28 16:08:56.048  1787  1803 I chatty  : uid=1000(system) android.fg expire 3 lines
11-28 16:08:56.083   258   258 I chatty  : uid=1000(system) /system/bin/surfaceflinger expire 26 lines
11-28 16:08:56.293   305  1751 E NetlinkEvent: NetlinkEvent::FindParam(): Parameter 'UID' not found
11-28 16:09:01.045 31798 31798 I chatty  : uid=1000(system) expire 2 lines
11-28 16:09:01.501  1787  2954 I chatty  : uid=1000(system) WifiService expire 1 line
11-28 16:09:06.009  1787  6221 I chatty  : uid=1000(system) Binder_D expire 1 line
11-28 16:09:07.204  1787  2916 I chatty  : uid=1000(system) InputReader expire 2 lines
11-28 16:09:08.211  3000  3000 D StatusBarKeyguardViewManager: showKeyguard, but hide Bouncer
11-28 16:09:23.431   305  1751 E NetlinkEvent: NetlinkEvent::FindParam(): Parameter 'UID' not found
11-28 16:09:23.438   305  1751 E NetlinkEvent: NetlinkEvent::FindParam(): Parameter 'UID' not found
11-28 16:09:39.431   305  1751 E NetlinkEvent: NetlinkEvent::FindParam(): Parameter 'UID' not found
11-28 16:09:39.441   305  1751 E NetlinkEvent: NetlinkEvent::FindParam(): Parameter 'UID' not found
11-28 16:10:18.427   305  1751 E NetlinkEvent: NetlinkEvent::FindParam(): Parameter 'UID' not found
11-28 16:11:09.545   305  1751 E NetlinkEvent: NetlinkEvent::FindParam(): Parameter 'UID' not found
11-28 16:11:09.547   305  1751 E NetlinkEvent: NetlinkEvent::FindParam(): Parameter 'UID' not found
11-28 16:11:09.550  1787  4628 I chatty  : uid=1000(system) Binder_9 expire 1 line
11-28 16:11:09.952   305  1751 E NetlinkEvent: NetlinkEvent::FindParam(): Parameter 'UID' not found
11-28 16:12:03.425   305  1751 E NetlinkEvent: NetlinkEvent::FindParam(): Parameter 'UID' not found
11-28 16:12:03.455  1787  1787 I chatty  : uid=1000 system_server expire 14 lines
11-28 16:12:03.461   305  1751 E NetlinkEvent: NetlinkEvent::FindParam(): Parameter 'UID' not found
11-28 16:12:30.579   305  1751 E NetlinkEvent: NetlinkEvent::FindParam(): Parameter 'UID' not found
11-28 16:12:31.173   305  1751 E NetlinkEvent: NetlinkEvent::FindParam(): Parameter 'UID' not found
11-28 16:13:46.040   305  1751 E NetlinkEvent: NetlinkEvent::FindParam(): Parameter 'UID' not found
11-28 16:13:53.429  1787  2914 I chatty  : uid=1000(system) AlarmManager expire 7 lines
11-28 16:13:53.701   305  1751 E NetlinkEvent: NetlinkEvent::FindParam(): Parameter 'UID' not found
11-28 16:13:59.784   258   258 I chatty  : uid=1000(system) /system/bin/surfaceflinger expire 32 lines
11-28 16:14:02.822  1787  4201 I chatty  : uid=1000(system) Binder_7 expire 1 line
11-28 16:14:02.881 31798 31798 I chatty  : uid=1000(system) expire 1 line
11-28 16:14:02.901  1787  1787 I chatty  : uid=1000 system_server expire 8 lines
11-28 16:14:04.431  1787  2915 I chatty  : uid=1000(system) InputDispatcher expire 2 lines
11-28 16:14:04.627  1787  1798 I chatty  : uid=1000(system) Binder_2 expire 1 line
11-28 16:14:04.627  1787  1806 I chatty  : uid=1000(system) android.display expire 4 lines
11-28 16:14:05.106  1787  2954 I chatty  : uid=1000(system) WifiService expire 1 line
11-28 16:14:05.235  1787  3031 I chatty  : uid=1000(system) Binder_4 expire 4 lines
11-28 16:14:06.308  1787  3677 I chatty  : uid=1000(system) Binder_6 expire 3 lines
11-28 16:14:08.487  1787  1797 I chatty  : uid=1000(system) Binder_1 expire 1 line
11-28 16:14:08.590  1787  4628 I chatty  : uid=1000(system) Binder_9 expire 2 lines
11-28 16:14:09.583   258   699 I chatty  : uid=1000(system) EventThread expire 6 lines
11-28 16:14:18.712  1787  2914 I chatty  : uid=1000(system) AlarmManager expire 7 lines
11-28 16:14:41.092   305  1751 E NetlinkEvent: NetlinkEvent::FindParam(): Parameter 'UID' not found
11-28 16:14:41.367  1787  1801 I chatty  : uid=1000(system) ActivityManager expire 2 lines
11-28 16:14:41.649  1787  1800 I chatty  : uid=1000(system) android.bg expire 1 line
11-28 16:14:42.567   305  1751 E NetlinkEvent: NetlinkEvent::FindParam(): Parameter 'UID' not found
11-28 16:14:45.439   258   258 I chatty  : uid=1000(system) /system/bin/surfaceflinger expire 20 lines
11-28 16:15:43.492   305  1751 E NetlinkEvent: NetlinkEvent::FindParam(): Parameter 'UID' not found
11-28 16:15:45.464   258   258 I chatty  : uid=1000(system) /system/bin/surfaceflinger expire 10 lines
11-28 16:16:00.381   305  1751 E NetlinkEvent: NetlinkEvent::FindParam(): Parameter 'UID' not found
11-28 16:16:11.192   305  1751 E NetlinkEvent: NetlinkEvent::FindParam(): Parameter 'UID' not found
11-28 16:16:11.809   258   258 I chatty  : uid=1000(system) /system/bin/surfaceflinger expire 9 lines
11-28 16:16:12.832   305  1751 E NetlinkEvent: NetlinkEvent::FindParam(): Parameter 'UID' not found
11-28 16:16:13.213  1787  6219 I chatty  : uid=1000(system) Binder_B expire 4 lines
11-28 16:16:22.570   258   258 I chatty  : uid=1000(system) /system/bin/surfaceflinger expire 11 lines
11-28 16:16:23.224  1787  1801 I chatty  : uid=1000(system) ActivityManager expire 7 lines
11-28 16:16:28.859   258   699 I chatty  : uid=1000(system) EventThread expire 11 lines
11-28 16:16:51.794   305  1751 E NetlinkEvent: NetlinkEvent::FindParam(): Parameter 'UID' not found
11-28 16:16:52.512   305  1751 E NetlinkEvent: NetlinkEvent::FindParam(): Parameter 'UID' not found
11-28 16:17:00.001  1787  2914 I chatty  : uid=1000(system) AlarmManager expire 12 lines
11-28 16:17:00.055  1787  1787 I chatty  : uid=1000 system_server expire 10 lines
11-28 16:17:03.253   305  1751 E NetlinkEvent: NetlinkEvent::FindParam(): Parameter 'UID' not found
11-28 16:17:06.547   258   258 I chatty  : uid=1000(system) /system/bin/surfaceflinger expire 12 lines
11-28 16:17:08.923   305  1751 E NetlinkEvent: NetlinkEvent::FindParam(): Parameter 'UID' not found
11-28 16:17:20.412   305  1751 E NetlinkEvent: NetlinkEvent::FindParam(): Parameter 'UID' not found
11-28 16:17:20.983   305  1751 E NetlinkEvent: NetlinkEvent::FindParam(): Parameter 'UID' not found
11-28 16:17:45.174   305  1751 E NetlinkEvent: NetlinkEvent::FindParam(): Parameter 'UID' not found
11-28 16:18:01.365   305  1751 E NetlinkEvent: NetlinkEvent::FindParam(): Parameter 'UID' not found
11-28 16:18:06.020   258   258 I chatty  : uid=1000(system) /system/bin/surfaceflinger expire 10 lines
11-28 16:18:23.593   305  1751 E NetlinkEvent: NetlinkEvent::FindParam(): Parameter 'UID' not found
11-28 16:18:52.834   305  1751 E NetlinkEvent: NetlinkEvent::FindParam(): Parameter 'UID' not found
11-28 16:19:02.963  1787  2916 I chatty  : uid=1000(system) InputReader expire 1 line
11-28 16:19:03.532  1787  1806 I chatty  : uid=1000(system) android.display expire 6 lines
11-28 16:19:03.706  1787  1809 I chatty  : uid=1000(system) PowerManagerSer expire 6 lines
11-28 16:19:03.707  1787  1803 I chatty  : uid=1000(system) android.fg expire 3 lines
11-28 16:19:03.779 31798 31798 I chatty  : uid=1000(system) expire 1 line
11-28 16:19:03.907  3000  3000 D StatusBarKeyguardViewManager: showKeyguard, but hide Bouncer
11-28 16:19:05.966  1787  1787 I chatty  : uid=1000 system_server expire 10 lines
11-28 16:19:27.359   305  1751 E NetlinkEvent: NetlinkEvent::FindParam(): Parameter 'UID' not found
11-28 16:19:34.433  1787  2914 I chatty  : uid=1000(system) AlarmManager expire 14 lines
11-28 16:19:34.444   305  1751 E NetlinkEvent: NetlinkEvent::FindParam(): Parameter 'UID' not found
11-28 16:20:17.464   305  1751 E NetlinkEvent: NetlinkEvent::FindParam(): Parameter 'UID' not found
11-28 16:20:18.089   305  1751 E NetlinkEvent: NetlinkEvent::FindParam(): Parameter 'UID' not found
11-28 16:21:26.548   305  1751 E NetlinkEvent: NetlinkEvent::FindParam(): Parameter 'UID' not found
11-28 16:21:26.774   305  1751 E NetlinkEvent: NetlinkEvent::FindParam(): Parameter 'UID' not found
11-28 16:22:02.738   305  1751 E NetlinkEvent: NetlinkEvent::FindParam(): Parameter 'UID' not found
11-28 16:22:04.216   305  1751 E NetlinkEvent: NetlinkEvent::FindParam(): Parameter 'UID' not found
11-28 16:22:19.358   305  1751 E NetlinkEvent: NetlinkEvent::FindParam(): Parameter 'UID' not found
11-28 16:22:27.443   258   258 I chatty  : uid=1000(system) /system/bin/surfaceflinger expire 4 lines
11-28 16:22:27.713  1787  3029 I chatty  : uid=1000(system) Binder_3 expire 2 lines
11-28 16:22:27.723  1787  1797 I chatty  : uid=1000(system) Binder_1 expire 7 lines
11-28 16:22:59.293  3000  3000 D StatusBarKeyguardViewManager: showKeyguard, but hide Bouncer
11-28 16:22:59.376   305  1751 E NetlinkEvent: NetlinkEvent::FindParam(): Parameter 'UID' not found
11-28 16:23:00.868   258   699 I chatty  : uid=1000(system) EventThread expire 3 lines
11-28 16:23:57.237   305  1751 E NetlinkEvent: NetlinkEvent::FindParam(): Parameter 'UID' not found
11-28 16:24:40.436  1787  1787 I chatty  : uid=1000 system_server expire 19 lines
11-28 16:25:04.433   305  1751 E NetlinkEvent: NetlinkEvent::FindParam(): Parameter 'UID' not found
11-28 16:26:20.509   305  1751 E NetlinkEvent: NetlinkEvent::FindParam(): Parameter 'UID' not found
11-28 16:26:32.277  1787  2914 I chatty  : uid=1000(system) AlarmManager expire 13 lines
11-28 16:29:09.543   305  1751 E NetlinkEvent: NetlinkEvent::FindParam(): Parameter 'UID' not found
11-28 16:29:09.589  1787  1787 I chatty  : uid=1000 system_server expire 13 lines
11-28 16:29:24.930   305  1751 E NetlinkEvent: NetlinkEvent::FindParam(): Parameter 'UID' not found
11-28 16:29:58.189   305  1751 E NetlinkEvent: NetlinkEvent::FindParam(): Parameter 'UID' not found
11-28 16:30:08.210   305  1751 E NetlinkEvent: NetlinkEvent::FindParam(): Parameter 'UID' not found
11-28 16:30:19.370  1787  2914 I chatty  : uid=1000(system) AlarmManager expire 11 lines
11-28 16:31:24.797   305  1751 E NetlinkEvent: NetlinkEvent::FindParam(): Parameter 'UID' not found
11-28 16:32:33.252   305  1751 E NetlinkEvent: NetlinkEvent::FindParam(): Parameter 'UID' not found
11-28 16:33:15.830   305  1751 E NetlinkEvent: NetlinkEvent::FindParam(): Parameter 'UID' not found
11-28 16:33:15.834   305  1751 E NetlinkEvent: NetlinkEvent::FindParam(): Parameter 'UID' not found
11-28 16:34:05.182  1787  6220 I chatty  : uid=1000(system) Binder_C expire 10 lines
11-28 16:34:05.245  1787  6221 I chatty  : uid=1000(system) Binder_D expire 1 line
11-28 16:34:05.349  1787  2955 I chatty  : uid=1000(system) ConnectivitySer expire 9 lines
11-28 16:34:05.426  3640  3640 D MccTable: updateMccMncConfiguration mccmnc='26207' fromServiceState=true
11-28 16:34:05.427  3640  3640 D MccTable: updateMccMncConfiguration defaultMccMnc=26207
11-28 16:34:05.427  3640  3640 D MccTable: updateMccMncConfiguration: mcc=262, mnc=7
11-28 16:34:05.427  3640  3640 D MccTable: WIFI_COUNTRY_CODE set to de
11-28 16:34:05.430  1787  2949 I chatty  : uid=1000(system) WifiP2pService expire 4 lines
11-28 16:34:05.446   305  1751 E NetlinkEvent: NetlinkEvent::FindParam(): Parameter 'UID' not found
11-28 16:34:05.488  1787  2954 I chatty  : uid=1000(system) WifiService expire 1 line
11-28 16:34:06.276  1787  3031 I chatty  : uid=1000(system) Binder_4 expire 4 lines
11-28 16:34:29.671   305  1751 E NetlinkEvent: NetlinkEvent::FindParam(): Parameter 'UID' not found
11-28 16:34:31.115  1787  1798 I chatty  : uid=1000(system) Binder_2 expire 1 line
11-28 16:34:31.443  1787  4201 I chatty  : uid=1000(system) Binder_7 expire 2 lines
11-28 16:34:37.421  1787  2914 I chatty  : uid=1000(system) AlarmManager expire 11 lines
11-28 16:34:37.453   305  1751 E NetlinkEvent: NetlinkEvent::FindParam(): Parameter 'UID' not found
11-28 16:34:37.501  1787  6215 I chatty  : uid=1000(system) Binder_A expire 5 lines
11-28 16:34:37.781  1787  1787 I chatty  : uid=1000 system_server expire 8 lines
11-28 16:35:01.627   305  1751 E NetlinkEvent: NetlinkEvent::FindParam(): Parameter 'UID' not found
11-28 16:35:23.020   305  1751 E NetlinkEvent: NetlinkEvent::FindParam(): Parameter 'UID' not found
11-28 16:35:52.123   305  1751 E NetlinkEvent: NetlinkEvent::FindParam(): Parameter 'UID' not found
11-28 16:35:54.101  1787  3677 I chatty  : uid=1000(system) Binder_6 expire 1 line
11-28 16:35:54.183  1787  4627 I chatty  : uid=1000(system) Binder_8 expire 2 lines
11-28 16:35:55.158   305  1751 E NetlinkEvent: NetlinkEvent::FindParam(): Parameter 'UID' not found
11-28 16:35:55.170  1787  4628 I chatty  : uid=1000(system) Binder_9 expire 2 lines
11-28 16:35:55.292  1787  6220 I chatty  : uid=1000(system) Binder_C expire 1 line
11-28 16:35:58.807  1787  3675 I chatty  : uid=1000(system) Binder_5 expire 1 line
11-28 16:36:53.421   305  1751 E NetlinkEvent: NetlinkEvent::FindParam(): Parameter 'UID' not found
11-28 16:38:35.030  1787  1800 I chatty  : uid=1000(system) android.bg expire 4 lines
11-28 16:38:36.039  3640  3640 D MccTable: updateMccMncConfiguration mccmnc='26203' fromServiceState=true
11-28 16:38:36.046  3640  3640 D MccTable: updateMccMncConfiguration defaultMccMnc=26207
11-28 16:38:36.046  3640  3640 D MccTable: updateMccMncConfiguration: mcc=262, mnc=3
11-28 16:38:36.046  3640  3640 D MccTable: WIFI_COUNTRY_CODE set to de
11-28 16:38:39.635  1787  2914 I chatty  : uid=1000(system) AlarmManager expire 14 lines
11-28 16:38:39.650  1787  1787 I chatty  : uid=1000 system_server expire 16 lines
11-28 16:38:39.674  1787  6215 I chatty  : uid=1000(system) Binder_A expire 12 lines
11-28 16:38:39.844  1787  4201 I chatty  : uid=1000(system) Binder_7 expire 5 lines
11-28 16:39:09.038  1787  4628 I chatty  : uid=1000(system) Binder_9 expire 3 lines
11-28 16:39:09.189  1787  3677 I chatty  : uid=1000(system) Binder_6 expire 10 lines
11-28 16:39:09.288  1787  1797 I chatty  : uid=1000(system) Binder_1 expire 7 lines
11-28 16:39:09.357  1787  3675 I chatty  : uid=1000(system) Binder_5 expire 11 lines
11-28 16:39:09.818  1787  2955 I chatty  : uid=1000(system) ConnectivitySer expire 13 lines
11-28 16:39:09.823  1787  1801 I chatty  : uid=1000(system) ActivityManager expire 6 lines
11-28 16:39:09.899   305  1751 E NetlinkEvent: NetlinkEvent::FindParam(): Parameter 'UID' not found
11-28 16:39:10.063  1787  6219 I chatty  : uid=1000(system) Binder_B expire 7 lines
11-28 16:39:10.436  1787  1798 I chatty  : uid=1000(system) Binder_2 expire 7 lines
11-28 16:39:13.017  1787  6220 I chatty  : uid=1000(system) Binder_C expire 6 lines
11-28 16:39:50.430   305  1751 E NetlinkEvent: NetlinkEvent::FindParam(): Parameter 'UID' not found
11-28 16:43:14.376   305  1751 E NetlinkEvent: NetlinkEvent::FindParam(): Parameter 'UID' not found
11-28 16:43:15.121  1787  2954 I chatty  : uid=1000(system) WifiService expire 2 lines
11-28 16:43:46.988   305  1751 E NetlinkEvent: NetlinkEvent::FindParam(): Parameter 'UID' not found
11-28 16:43:49.950   305  1751 E NetlinkEvent: NetlinkEvent::FindParam(): Parameter 'UID' not found
11-28 16:43:49.954  1787  6221 I chatty  : uid=1000(system) Binder_D expire 6 lines
11-28 16:44:15.427   305  1751 E NetlinkEvent: NetlinkEvent::FindParam(): Parameter 'UID' not found
11-28 16:44:16.458  1787  2914 I chatty  : uid=1000(system) AlarmManager expire 10 lines
11-28 16:44:16.476  1787  1787 I chatty  : uid=1000 system_server expire 13 lines
11-28 16:45:52.419   305  1751 E NetlinkEvent: NetlinkEvent::FindParam(): Parameter 'UID' not found
11-28 16:46:06.852   305  1751 E NetlinkEvent: NetlinkEvent::FindParam(): Parameter 'UID' not found
11-28 16:46:18.031  3640  3640 D MccTable: updateMccMncConfiguration mccmnc='26207' fromServiceState=true
11-28 16:46:18.033  3640  3640 D MccTable: updateMccMncConfiguration defaultMccMnc=26207
11-28 16:46:18.033  3640  3640 D MccTable: updateMccMncConfiguration: mcc=262, mnc=7
11-28 16:46:18.033  3640  3640 D MccTable: WIFI_COUNTRY_CODE set to de
11-28 16:46:18.033  1787  3029 I chatty  : uid=1000(system) Binder_3 expire 11 lines
11-28 16:46:18.035  1787  2949 I chatty  : uid=1000(system) WifiP2pService expire 4 lines
11-28 16:46:25.673  1787  3031 I chatty  : uid=1000(system) Binder_4 expire 5 lines
11-28 16:46:26.078   305  1751 E NetlinkEvent: NetlinkEvent::FindParam(): Parameter 'UID' not found
11-28 16:46:38.874   305  1751 E NetlinkEvent: NetlinkEvent::FindParam(): Parameter 'UID' not found
11-28 16:47:05.816   305  1751 E NetlinkEvent: NetlinkEvent::FindParam(): Parameter 'UID' not found
11-28 16:47:08.184  3640  3640 D MccTable: updateMccMncConfiguration mccmnc='null' fromServiceState=true
11-28 16:47:08.184  3640  3640 D MccTable: WIFI_COUNTRY_CODE set to 
11-28 16:47:08.209  3460  3460 I chatty  : uid=1000(system) com.motorola.modemservice expire 2 lines
11-28 16:47:08.257  3627  3627 I chatty  : uid=1000(system) com.motorola.process.system expire 2 lines
11-28 16:47:24.680   305  1751 E NetlinkEvent: NetlinkEvent::FindParam(): Parameter 'UID' not found
11-28 16:47:24.779  1787  2943 I chatty  : uid=1000(system) NetworkPolicy expire 1 line
11-28 16:47:24.801   305  1751 E NetlinkEvent: NetlinkEvent::FindParam(): Parameter 'UID' not found
11-28 16:47:25.305  1787  3677 I chatty  : uid=1000(system) Binder_6 expire 9 lines
11-28 16:47:25.338  1787  2955 I chatty  : uid=1000(system) ConnectivitySer expire 9 lines
11-28 16:47:25.406  3640  3640 D MccTable: updateMccMncConfiguration mccmnc='26207' fromServiceState=true
11-28 16:47:25.414  3640  3640 D MccTable: updateMccMncConfiguration defaultMccMnc=26207
11-28 16:47:25.414  3640  3640 D MccTable: updateMccMncConfiguration: mcc=262, mnc=7
11-28 16:47:25.414  3640  3640 D MccTable: WIFI_COUNTRY_CODE set to de
11-28 16:47:25.418  1787  6215 I chatty  : uid=1000(system) Binder_A expire 1 line
11-28 16:47:25.524  1787  3029 I chatty  : uid=1000(system) Binder_3 expire 5 lines
11-28 16:47:29.669  1787  2914 I chatty  : uid=1000(system) AlarmManager expire 10 lines
11-28 16:48:51.428   305  1751 E NetlinkEvent: NetlinkEvent::FindParam(): Parameter 'UID' not found
11-28 16:48:51.756   305  1751 E NetlinkEvent: NetlinkEvent::FindParam(): Parameter 'UID' not found
11-28 16:48:52.451  1787  1787 I chatty  : uid=1000 system_server expire 17 lines
11-28 16:49:26.301   305  1751 E NetlinkEvent: NetlinkEvent::FindParam(): Parameter 'UID' not found
11-28 16:49:26.311  1787  3675 I chatty  : uid=1000(system) Binder_5 expire 2 lines
11-28 16:50:55.482   305  1751 E NetlinkEvent: NetlinkEvent::FindParam(): Parameter 'UID' not found
11-28 16:51:30.438   305  1751 E NetlinkEvent: NetlinkEvent::FindParam(): Parameter 'UID' not found
11-28 16:51:30.445   305  1751 E NetlinkEvent: NetlinkEvent::FindParam(): Parameter 'UID' not found
11-28 16:51:42.313   305  1751 E NetlinkEvent: NetlinkEvent::FindParam(): Parameter 'UID' not found
11-28 16:53:26.434  1787  2914 I chatty  : uid=1000(system) AlarmManager expire 13 lines
11-28 16:53:26.477   305  1751 E NetlinkEvent: NetlinkEvent::FindParam(): Parameter 'UID' not found
11-28 16:53:26.502  1787  1787 I chatty  : uid=1000 system_server expire 10 lines
11-28 16:53:45.667   305  1751 E NetlinkEvent: NetlinkEvent::FindParam(): Parameter 'UID' not found
11-28 16:57:34.444   305  1751 E NetlinkEvent: NetlinkEvent::FindParam(): Parameter 'UID' not found
11-28 16:59:08.698   305  1751 E NetlinkEvent: NetlinkEvent::FindParam(): Parameter 'UID' not found
11-28 16:59:48.764  1787  2914 I chatty  : uid=1000(system) AlarmManager expire 3 lines
11-28 16:59:48.789  1787  1787 I chatty  : uid=1000 system_server expire 31 lines
11-28 17:00:03.961   305  1751 E NetlinkEvent: NetlinkEvent::FindParam(): Parameter 'UID' not found
11-28 17:00:03.964   305  1751 E NetlinkEvent: NetlinkEvent::FindParam(): Parameter 'UID' not found
11-28 17:00:03.969  1787  1803 I chatty  : uid=1000(system) android.fg expire 1 line
11-28 17:00:07.827  1787  2914 I chatty  : uid=1000(system) AlarmManager expire 22 lines
11-28 17:01:52.479   305  1751 E NetlinkEvent: NetlinkEvent::FindParam(): Parameter 'UID' not found
11-28 17:02:30.531   305  1751 E NetlinkEvent: NetlinkEvent::FindParam(): Parameter 'UID' not found
11-28 17:03:26.897  1787  2954 I chatty  : uid=1000(system) WifiService expire 2 lines
11-28 17:03:26.903  1787  1798 I chatty  : uid=1000(system) Binder_2 expire 5 lines
11-28 17:03:26.993  1787  6215 I chatty  : uid=1000(system) Binder_A expire 4 lines
11-28 17:03:27.023  1787  6221 I chatty  : uid=1000(system) Binder_D expire 1 line
11-28 17:03:27.317  1787  6220 I chatty  : uid=1000(system) Binder_C expire 3 lines
11-28 17:03:27.341  1787  3031 I chatty  : uid=1000(system) Binder_4 expire 5 lines
11-28 17:09:21.933   305  1751 E NetlinkEvent: NetlinkEvent::FindParam(): Parameter 'UID' not found
11-28 17:09:41.825   305  1751 E NetlinkEvent: NetlinkEvent::FindParam(): Parameter 'UID' not found
11-28 17:11:34.518  1787  2914 I chatty  : uid=1000(system) AlarmManager expire 14 lines
11-28 17:11:34.533  1787  1787 I chatty  : uid=1000 system_server expire 19 lines
11-28 17:14:09.703   305  1751 E NetlinkEvent: NetlinkEvent::FindParam(): Parameter 'UID' not found
11-28 17:14:12.867  1787  1787 I chatty  : uid=1000 system_server expire 12 lines
11-28 17:14:13.876  1787  2914 I chatty  : uid=1000(system) AlarmManager expire 10 lines
11-28 17:14:21.432   305  1751 E NetlinkEvent: NetlinkEvent::FindParam(): Parameter 'UID' not found
11-28 17:14:24.034  1787  1801 I chatty  : uid=1000(system) ActivityManager expire 7 lines
11-28 17:14:24.055  1787  3677 I chatty  : uid=1000(system) Binder_6 expire 4 lines
11-28 17:14:24.099  3640  3640 D MccTable: updateMccMncConfiguration mccmnc='26203' fromServiceState=true
11-28 17:14:24.100  3640  3640 D MccTable: updateMccMncConfiguration defaultMccMnc=26207
11-28 17:14:24.100  3640  3640 D MccTable: updateMccMncConfiguration: mcc=262, mnc=3
11-28 17:14:24.101  3640  3640 D MccTable: WIFI_COUNTRY_CODE set to de
11-28 17:14:24.101  1787  6219 I chatty  : uid=1000(system) Binder_B expire 5 lines
11-28 17:14:24.104  1787  2949 I chatty  : uid=1000(system) WifiP2pService expire 6 lines
11-28 17:14:24.124  1787  3675 I chatty  : uid=1000(system) Binder_5 expire 5 lines
11-28 17:14:24.470   305  1751 E NetlinkEvent: NetlinkEvent::FindParam(): Parameter 'UID' not found
11-28 17:14:45.666   305  1751 E NetlinkEvent: NetlinkEvent::FindParam(): Parameter 'UID' not found
11-28 17:15:28.724   305  1751 E NetlinkEvent: NetlinkEvent::FindParam(): Parameter 'UID' not found
11-28 17:15:28.728  1787  1787 I chatty  : uid=1000 system_server expire 11 lines
11-28 17:16:09.315   305  1751 E NetlinkEvent: NetlinkEvent::FindParam(): Parameter 'UID' not found
11-28 17:16:09.467  1787  1797 I chatty  : uid=1000(system) Binder_1 expire 2 lines
11-28 17:16:10.459  1787  3029 I chatty  : uid=1000(system) Binder_3 expire 7 lines
11-28 17:16:10.499  3640  3640 D MccTable: updateMccMncConfiguration mccmnc='26207' fromServiceState=true
11-28 17:16:10.501  3640  3640 D MccTable: updateMccMncConfiguration defaultMccMnc=26207
11-28 17:16:10.501  3640  3640 D MccTable: updateMccMncConfiguration: mcc=262, mnc=7
11-28 17:16:10.501  3640  3640 D MccTable: WIFI_COUNTRY_CODE set to de
11-28 17:16:15.517  1787  2914 I chatty  : uid=1000(system) AlarmManager expire 15 lines
11-28 17:16:15.745  1787  4201 I chatty  : uid=1000(system) Binder_7 expire 1 line
11-28 17:18:29.691   305  1751 E NetlinkEvent: NetlinkEvent::FindParam(): Parameter 'UID' not found
11-28 17:18:44.364   305  1751 E NetlinkEvent: NetlinkEvent::FindParam(): Parameter 'UID' not found
11-28 17:19:27.202  1787  1787 I chatty  : uid=1000 system_server expire 12 lines
11-28 17:19:32.766   305  1751 E NetlinkEvent: NetlinkEvent::FindParam(): Parameter 'UID' not found
11-28 17:20:11.537   305  1751 E NetlinkEvent: NetlinkEvent::FindParam(): Parameter 'UID' not found
11-28 17:21:31.521  1787  2914 I chatty  : uid=1000(system) AlarmManager expire 11 lines
11-28 17:22:16.134   305  1751 E NetlinkEvent: NetlinkEvent::FindParam(): Parameter 'UID' not found
11-28 17:22:16.543  1787  1787 I chatty  : uid=1000 system_server expire 10 lines
11-28 17:22:37.694   305  1751 E NetlinkEvent: NetlinkEvent::FindParam(): Parameter 'UID' not found
11-28 17:22:40.023  3640  3640 D MccTable: updateMccMncConfiguration mccmnc='26203' fromServiceState=true
11-28 17:22:40.024  3640  3640 D MccTable: updateMccMncConfiguration defaultMccMnc=26207
11-28 17:22:40.024  3640  3640 D MccTable: updateMccMncConfiguration: mcc=262, mnc=3
11-28 17:22:40.024  3640  3640 D MccTable: WIFI_COUNTRY_CODE set to de
11-28 17:23:08.981  1787  2955 I chatty  : uid=1000(system) ConnectivitySer expire 3 lines
11-28 17:23:09.081   305  1751 E NetlinkEvent: NetlinkEvent::FindParam(): Parameter 'UID' not found
11-28 17:23:09.252  1787  4627 I chatty  : uid=1000(system) Binder_8 expire 2 lines
11-28 17:23:35.426   305  1751 E NetlinkEvent: NetlinkEvent::FindParam(): Parameter 'UID' not found
11-28 17:23:36.055  1787  1800 I chatty  : uid=1000(system) android.bg expire 3 lines
11-28 17:24:00.697   305  1751 E NetlinkEvent: NetlinkEvent::FindParam(): Parameter 'UID' not found
11-28 17:24:00.705  1787  2914 I chatty  : uid=1000(system) AlarmManager expire 10 lines
11-28 17:24:24.572   305  1751 E NetlinkEvent: NetlinkEvent::FindParam(): Parameter 'UID' not found
11-28 17:24:33.440  1787  1787 I chatty  : uid=1000 system_server expire 10 lines
11-28 17:26:17.876   305  1751 E NetlinkEvent: NetlinkEvent::FindParam(): Parameter 'UID' not found
11-28 17:26:50.403   305  1751 E NetlinkEvent: NetlinkEvent::FindParam(): Parameter 'UID' not found
11-28 17:27:01.147  1787  2914 I chatty  : uid=1000(system) AlarmManager expire 3 lines
11-28 17:27:01.366   305  1751 E NetlinkEvent: NetlinkEvent::FindParam(): Parameter 'UID' not found
11-28 17:27:23.744   305  1751 E NetlinkEvent: NetlinkEvent::FindParam(): Parameter 'UID' not found
11-28 17:27:35.966  3640  3640 D MccTable: updateMccMncConfiguration mccmnc='null' fromServiceState=true
11-28 17:27:35.966  3640  3640 D MccTable: WIFI_COUNTRY_CODE set to 
11-28 17:27:35.987  3460  3460 I chatty  : uid=1000(system) com.motorola.modemservice expire 2 lines
11-28 17:27:36.017  1787  2955 I chatty  : uid=1000(system) ConnectivitySer expire 12 lines
11-28 17:27:36.044  1787  3031 I chatty  : uid=1000(system) Binder_4 expire 13 lines
11-28 17:27:36.183  3627  3627 I chatty  : uid=1000(system) com.motorola.process.system expire 2 lines
11-28 17:27:36.253  1787  1798 I chatty  : uid=1000(system) Binder_2 expire 6 lines
11-28 17:27:36.266  1787  4201 I chatty  : uid=1000(system) Binder_7 expire 10 lines
11-28 17:27:36.337  1787  6220 I chatty  : uid=1000(system) Binder_C expire 2 lines
11-28 17:27:36.409   305  1751 E NetlinkEvent: NetlinkEvent::FindParam(): Parameter 'UID' not found
11-28 17:27:36.419  1787  3675 I chatty  : uid=1000(system) Binder_5 expire 9 lines
11-28 17:27:36.672  1787  6215 I chatty  : uid=1000(system) Binder_A expire 11 lines
11-28 17:27:39.911  1787  2914 I chatty  : uid=1000(system) AlarmManager expire 14 lines
11-28 17:27:39.917  1787  1787 I chatty  : uid=1000 system_server expire 15 lines
11-28 17:27:53.625  1787  1797 I chatty  : uid=1000(system) Binder_1 expire 7 lines
11-28 17:27:53.651  1787  3677 I chatty  : uid=1000(system) Binder_6 expire 3 lines
11-28 17:28:19.290   305  1751 E NetlinkEvent: NetlinkEvent::FindParam(): Parameter 'UID' not found
11-28 17:29:12.923   305  1751 E NetlinkEvent: NetlinkEvent::FindParam(): Parameter 'UID' not found
11-28 17:29:27.269  1787  1787 I chatty  : uid=1000 system_server expire 10 lines
11-28 17:29:27.342  1787  6221 I chatty  : uid=1000(system) Binder_D expire 7 lines
11-28 17:29:27.364  1787  4628 I chatty  : uid=1000(system) Binder_9 expire 8 lines
11-28 17:30:26.333   305  1751 E NetlinkEvent: NetlinkEvent::FindParam(): Parameter 'UID' not found
11-28 17:30:55.391   305  1751 E NetlinkEvent: NetlinkEvent::FindParam(): Parameter 'UID' not found
11-28 17:30:57.736  3640  3640 D MccTable: updateMccMncConfiguration mccmnc='26203' fromServiceState=true
11-28 17:30:57.737  3640  3640 D MccTable: updateMccMncConfiguration defaultMccMnc=26207
11-28 17:30:57.737  3640  3640 D MccTable: updateMccMncConfiguration: mcc=262, mnc=3
11-28 17:30:57.737  3640  3640 D MccTable: WIFI_COUNTRY_CODE set to de
11-28 17:30:57.739  1787  2949 I chatty  : uid=1000(system) WifiP2pService expire 6 lines
11-28 17:30:57.791  1787  2955 I chatty  : uid=1000(system) ConnectivitySer expire 10 lines
11-28 17:31:51.413  1787  2914 I chatty  : uid=1000(system) AlarmManager expire 10 lines
11-28 17:31:51.929  3640  3640 D MccTable: updateMccMncConfiguration mccmnc='26207' fromServiceState=true
11-28 17:31:51.930  3640  3640 D MccTable: updateMccMncConfiguration defaultMccMnc=26207
11-28 17:31:51.930  3640  3640 D MccTable: updateMccMncConfiguration: mcc=262, mnc=7
11-28 17:31:51.930  3640  3640 D MccTable: WIFI_COUNTRY_CODE set to de
11-28 17:31:51.930  1787  4201 I chatty  : uid=1000(system) Binder_7 expire 2 lines
11-28 17:31:52.026  1787  1801 I chatty  : uid=1000(system) ActivityManager expire 3 lines
11-28 17:31:52.291  1787  4627 I chatty  : uid=1000(system) Binder_8 expire 3 lines
11-28 17:31:52.642  1787  3029 I chatty  : uid=1000(system) Binder_3 expire 5 lines
11-28 17:31:57.461  1787  1787 I chatty  : uid=1000 system_server expire 12 lines
11-28 17:32:01.603  1787  6219 I chatty  : uid=1000(system) Binder_B expire 2 lines
11-28 17:32:25.428   305  1751 E NetlinkEvent: NetlinkEvent::FindParam(): Parameter 'UID' not found
11-28 17:32:25.441   305  1751 E NetlinkEvent: NetlinkEvent::FindParam(): Parameter 'UID' not found
11-28 17:32:26.482  1787  2955 I chatty  : uid=1000(system) ConnectivitySer expire 9 lines
11-28 17:32:40.679   305  1751 E NetlinkEvent: NetlinkEvent::FindParam(): Parameter 'UID' not found
11-28 17:32:56.285   305  1751 E NetlinkEvent: NetlinkEvent::FindParam(): Parameter 'UID' not found
11-28 17:32:56.293   305  1751 E NetlinkEvent: NetlinkEvent::FindParam(): Parameter 'UID' not found
11-28 17:32:59.057  3640  3640 D MccTable: updateMccMncConfiguration mccmnc='26203' fromServiceState=true
11-28 17:32:59.063  3640  3640 D MccTable: updateMccMncConfiguration defaultMccMnc=26207
11-28 17:32:59.063  3640  3640 D MccTable: updateMccMncConfiguration: mcc=262, mnc=3
11-28 17:32:59.063  3640  3640 D MccTable: WIFI_COUNTRY_CODE set to de
11-28 17:32:59.687   305  1751 E NetlinkEvent: NetlinkEvent::FindParam(): Parameter 'UID' not found
11-28 17:33:00.072  1787  6215 I chatty  : uid=1000(system) Binder_A expire 1 line
11-28 17:33:03.935  1787  2914 I chatty  : uid=1000(system) AlarmManager expire 13 lines
11-28 17:33:30.291   305  1751 E NetlinkEvent: NetlinkEvent::FindParam(): Parameter 'UID' not found
11-28 17:33:30.467  1787  1787 I chatty  : uid=1000 system_server expire 15 lines
11-28 17:36:00.919   305  1751 E NetlinkEvent: NetlinkEvent::FindParam(): Parameter 'UID' not found
11-28 17:36:30.241   305  1751 E NetlinkEvent: NetlinkEvent::FindParam(): Parameter 'UID' not found
11-28 17:36:31.274  1787  2914 I chatty  : uid=1000(system) AlarmManager expire 10 lines
11-28 17:36:57.448   305  1751 E NetlinkEvent: NetlinkEvent::FindParam(): Parameter 'UID' not found
11-28 17:37:07.258  1787  1787 I chatty  : uid=1000 system_server expire 13 lines
11-28 17:37:14.108   305  1751 E NetlinkEvent: NetlinkEvent::FindParam(): Parameter 'UID' not found
11-28 17:37:15.018   305  1751 E NetlinkEvent: NetlinkEvent::FindParam(): Parameter 'UID' not found
11-28 17:37:25.869   305  1751 E NetlinkEvent: NetlinkEvent::FindParam(): Parameter 'UID' not found
11-28 17:37:35.392  1787  2914 I chatty  : uid=1000(system) AlarmManager expire 11 lines
11-28 17:37:57.163   305  1751 E NetlinkEvent: NetlinkEvent::FindParam(): Parameter 'UID' not found
11-28 17:38:08.987   305  1751 E NetlinkEvent: NetlinkEvent::FindParam(): Parameter 'UID' not found
11-28 17:39:43.128  1787  1787 I chatty  : uid=1000 system_server expire 10 lines
11-28 17:40:02.313  1787  2914 I chatty  : uid=1000(system) AlarmManager expire 12 lines
11-28 17:40:49.177  3640  3640 D MccTable: updateMccMncConfiguration mccmnc='null' fromServiceState=true
11-28 17:40:49.177  3640  3640 D MccTable: WIFI_COUNTRY_CODE set to 
11-28 17:40:49.177  1787  4628 I chatty  : uid=1000(system) Binder_9 expire 6 lines
11-28 17:40:49.203  3460  3460 I chatty  : uid=1000(system) com.motorola.modemservice expire 2 lines
11-28 17:40:49.217  1787  2955 I chatty  : uid=1000(system) ConnectivitySer expire 17 lines
11-28 17:40:49.228  3627  3627 I chatty  : uid=1000(system) com.motorola.process.system expire 2 lines
11-28 17:40:49.242   305  1751 E NetlinkEvent: NetlinkEvent::FindParam(): Parameter 'UID' not found
11-28 17:40:49.259  1787  6215 I chatty  : uid=1000(system) Binder_A expire 4 lines
11-28 17:40:49.338  1787  3675 I chatty  : uid=1000(system) Binder_5 expire 10 lines
11-28 17:40:49.351  1787  6220 I chatty  : uid=1000(system) Binder_C expire 6 lines
11-28 17:40:49.409  1787  6221 I chatty  : uid=1000(system) Binder_D expire 9 lines
11-28 17:40:49.454  1787  1797 I chatty  : uid=1000(system) Binder_1 expire 3 lines
11-28 17:40:49.483  1787  1798 I chatty  : uid=1000(system) Binder_2 expire 6 lines
11-28 17:40:49.583  1787  4201 I chatty  : uid=1000(system) Binder_7 expire 6 lines
11-28 17:41:13.521  1787  6219 I chatty  : uid=1000(system) Binder_B expire 4 lines
11-28 17:41:15.309   305  1751 E NetlinkEvent: NetlinkEvent::FindParam(): Parameter 'UID' not found
11-28 17:41:16.025  1787  1801 I chatty  : uid=1000(system) ActivityManager expire 3 lines
11-28 17:41:16.029  1787  1800 I chatty  : uid=1000(system) android.bg expire 3 lines
11-28 17:41:16.536   305  1751 E NetlinkEvent: NetlinkEvent::FindParam(): Parameter 'UID' not found
11-28 17:41:16.686  3640  3640 D MccTable: updateMccMncConfiguration mccmnc='26207' fromServiceState=true
11-28 17:41:16.687  3640  3640 D MccTable: updateMccMncConfiguration defaultMccMnc=26207
11-28 17:41:16.687  3640  3640 D MccTable: updateMccMncConfiguration: mcc=262, mnc=7
11-28 17:41:16.687  3640  3640 D MccTable: WIFI_COUNTRY_CODE set to de
11-28 17:41:16.689  1787  2949 I chatty  : uid=1000(system) WifiP2pService expire 2 lines
11-28 17:41:17.005  1787  4627 I chatty  : uid=1000(system) Binder_8 expire 4 lines
11-28 17:41:17.822  1787  3029 I chatty  : uid=1000(system) Binder_3 expire 1 line
11-28 17:41:19.225  1787  3677 I chatty  : uid=1000(system) Binder_6 expire 2 lines
11-28 17:41:20.315  1787  1787 I chatty  : uid=1000 system_server expire 15 lines
11-28 17:41:57.797   305  1751 E NetlinkEvent: NetlinkEvent::FindParam(): Parameter 'UID' not found
11-28 17:42:00.666  1787  2914 I chatty  : uid=1000(system) AlarmManager expire 11 lines
11-28 17:43:28.492   305  1751 E NetlinkEvent: NetlinkEvent::FindParam(): Parameter 'UID' not found
11-28 17:43:28.526  1787  1787 I chatty  : uid=1000 system_server expire 114 lines
11-28 17:43:41.073   305  1751 E NetlinkEvent: NetlinkEvent::FindParam(): Parameter 'UID' not found
11-28 17:44:11.523  1787  2914 I chatty  : uid=1000(system) AlarmManager expire 10 lines
11-28 17:44:13.739  1787  1787 I chatty  : uid=1000 system_server expire 56 lines
11-28 17:44:29.431   305  1751 E NetlinkEvent: NetlinkEvent::FindParam(): Parameter 'UID' not found
11-28 17:44:29.445  1787  1787 I chatty  : uid=1000 system_server expire 18 lines
11-28 17:44:50.111   305  1751 E NetlinkEvent: NetlinkEvent::FindParam(): Parameter 'UID' not found
11-28 17:44:50.137  1787  1787 I chatty  : uid=1000 system_server expire 38 lines
11-28 17:44:53.897   305  1751 E NetlinkEvent: NetlinkEvent::FindParam(): Parameter 'UID' not found
11-28 17:45:22.583   305  1751 E NetlinkEvent: NetlinkEvent::FindParam(): Parameter 'UID' not found
11-28 17:45:27.322   305  1751 E NetlinkEvent: NetlinkEvent::FindParam(): Parameter 'UID' not found
11-28 17:45:29.719  1787  1787 I chatty  : uid=1000 system_server expire 70 lines
11-28 17:45:57.634   305  1751 E NetlinkEvent: NetlinkEvent::FindParam(): Parameter 'UID' not found
11-28 17:46:58.355  3640  3640 D MccTable: updateMccMncConfiguration mccmnc='null' fromServiceState=true
11-28 17:46:58.355  3640  3640 D MccTable: WIFI_COUNTRY_CODE set to 
11-28 17:46:58.355  1787  1797 I chatty  : uid=1000(system) Binder_1 expire 1 line
11-28 17:46:58.384  1787  1801 I chatty  : uid=1000(system) ActivityManager expire 1 line
11-28 17:46:58.389  3460  3460 I chatty  : uid=1000(system) com.motorola.modemservice expire 1 line
11-28 17:46:58.416  1787  2955 I chatty  : uid=1000(system) ConnectivitySer expire 8 lines
11-28 17:46:58.442  3627  3627 I chatty  : uid=1000(system) com.motorola.process.system expire 1 line
11-28 17:46:58.461   305  1751 E NetlinkEvent: NetlinkEvent::FindParam(): Parameter 'UID' not found
11-28 17:46:58.503  1787  3675 I chatty  : uid=1000(system) Binder_5 expire 2 lines
11-28 17:46:58.576  1787  4628 I chatty  : uid=1000(system) Binder_9 expire 1 line
11-28 17:46:58.585  1787  4201 I chatty  : uid=1000(system) Binder_7 expire 6 lines
11-28 17:46:58.752  1787  3677 I chatty  : uid=1000(system) Binder_6 expire 1 line
11-28 17:46:58.786  1787  3031 I chatty  : uid=1000(system) Binder_4 expire 1 line
11-28 17:46:58.832  1787  6221 I chatty  : uid=1000(system) Binder_D expire 1 line
11-28 17:47:00.162  1787  1787 I chatty  : uid=1000 system_server expire 60 lines
11-28 17:47:41.054  1787  6220 I chatty  : uid=1000(system) Binder_C expire 7 lines
11-28 17:47:41.195  1787  3029 I chatty  : uid=1000(system) Binder_3 expire 6 lines
11-28 17:47:41.212  1787  4627 I chatty  : uid=1000(system) Binder_8 expire 2 lines
11-28 17:47:41.219  1787  6219 I chatty  : uid=1000(system) Binder_B expire 5 lines
11-28 17:47:43.023  1787  1801 I chatty  : uid=1000(system) ActivityManager expire 2 lines
11-28 17:47:43.104  1787  6215 I chatty  : uid=1000(system) Binder_A expire 4 lines
11-28 17:47:44.488  3640  3640 D MccTable: updateMccMncConfiguration mccmnc='26203' fromServiceState=true
11-28 17:47:44.491  3640  3640 D MccTable: updateMccMncConfiguration defaultMccMnc=26207
11-28 17:47:44.491  3640  3640 D MccTable: updateMccMncConfiguration: mcc=262, mnc=3
11-28 17:47:44.491  3640  3640 D MccTable: WIFI_COUNTRY_CODE set to de
11-28 17:47:44.493  1787  2949 I chatty  : uid=1000(system) WifiP2pService expire 4 lines
11-28 17:47:44.558  3460  3460 I chatty  : uid=1000(system) com.motorola.modemservice expire 1 line
11-28 17:47:44.581  1787  2955 I chatty  : uid=1000(system) ConnectivitySer expire 9 lines
11-28 17:47:44.598  3627  3627 I chatty  : uid=1000(system) com.motorola.process.system expire 1 line
11-28 17:47:44.724  1787  3031 I chatty  : uid=1000(system) Binder_4 expire 1 line
11-28 17:47:44.759  1787  3677 I chatty  : uid=1000(system) Binder_6 expire 7 lines
11-28 17:47:44.828  1787  4201 I chatty  : uid=1000(system) Binder_7 expire 3 lines
11-28 17:47:44.885  1787  3675 I chatty  : uid=1000(system) Binder_5 expire 2 lines
11-28 17:47:45.703  1787  1797 I chatty  : uid=1000(system) Binder_1 expire 1 line
11-28 17:47:47.832  1787  2914 I chatty  : uid=1000(system) AlarmManager expire 6 lines
11-28 17:47:47.840  1787  1787 I chatty  : uid=1000 system_server expire 104 lines
11-28 17:47:53.846  3640  3640 D MccTable: updateMccMncConfiguration mccmnc='26207' fromServiceState=true
11-28 17:47:53.847  3640  3640 D MccTable: updateMccMncConfiguration defaultMccMnc=26207
11-28 17:47:53.847  3640  3640 D MccTable: updateMccMncConfiguration: mcc=262, mnc=7
11-28 17:47:53.847  3640  3640 D MccTable: WIFI_COUNTRY_CODE set to de
11-28 17:47:53.847  1787  1798 I chatty  : uid=1000(system) Binder_2 expire 1 line
11-28 17:49:14.428   305  1751 E NetlinkEvent: NetlinkEvent::FindParam(): Parameter 'UID' not found
11-28 17:49:14.733  1787  1787 I chatty  : uid=1000 system_server expire 10 lines
11-28 17:49:14.944   305  1751 E NetlinkEvent: NetlinkEvent::FindParam(): Parameter 'UID' not found
11-28 17:49:26.478   305  1751 E NetlinkEvent: NetlinkEvent::FindParam(): Parameter 'UID' not found
11-28 17:49:26.547  1787  1787 I chatty  : uid=1000 system_server expire 36 lines
11-28 17:49:31.892   305  1751 E NetlinkEvent: NetlinkEvent::FindParam(): Parameter 'UID' not found
11-28 17:49:42.095   305  1751 E NetlinkEvent: NetlinkEvent::FindParam(): Parameter 'UID' not found
11-28 17:49:42.690  1787  1787 I chatty  : uid=1000 system_server expire 30 lines
11-28 17:49:47.040   305  1751 E NetlinkEvent: NetlinkEvent::FindParam(): Parameter 'UID' not found
11-28 17:49:56.642   305  1751 E NetlinkEvent: NetlinkEvent::FindParam(): Parameter 'UID' not found
11-28 17:49:57.208  1787  1787 I chatty  : uid=1000 system_server expire 10 lines
11-28 17:50:04.037  1787  1801 I chatty  : uid=1000(system) ActivityManager expire 3 lines
11-28 17:50:04.052  1787  1800 I chatty  : uid=1000(system) android.bg expire 9 lines
11-28 17:50:04.123  1787  3677 I chatty  : uid=1000(system) Binder_6 expire 5 lines
11-28 17:50:04.194  1787  4201 I chatty  : uid=1000(system) Binder_7 expire 1 line
11-28 17:50:04.308  1787  6221 I chatty  : uid=1000(system) Binder_D expire 2 lines
11-28 17:50:04.697  1787  4628 I chatty  : uid=1000(system) Binder_9 expire 1 line
11-28 17:50:04.869  1787  3031 I chatty  : uid=1000(system) Binder_4 expire 3 lines
11-28 17:50:04.910  3640  3640 D MccTable: updateMccMncConfiguration mccmnc='26203' fromServiceState=true
11-28 17:50:04.911  3640  3640 D MccTable: updateMccMncConfiguration defaultMccMnc=26207
11-28 17:50:04.911  3640  3640 D MccTable: updateMccMncConfiguration: mcc=262, mnc=3
11-28 17:50:04.911  3640  3640 D MccTable: WIFI_COUNTRY_CODE set to de
11-28 17:50:04.911  1787  6220 I chatty  : uid=1000(system) Binder_C expire 1 line
11-28 17:50:04.913  1787  2949 I chatty  : uid=1000(system) WifiP2pService expire 4 lines
11-28 17:50:04.992  1787  4627 I chatty  : uid=1000(system) Binder_8 expire 3 lines
11-28 17:50:10.420  1787  2914 I chatty  : uid=1000(system) AlarmManager expire 8 lines
11-28 17:50:17.309   305  1751 E NetlinkEvent: NetlinkEvent::FindParam(): Parameter 'UID' not found
11-28 17:50:17.310  1787  1787 I chatty  : uid=1000 system_server expire 20 lines
11-28 17:50:32.032  3640  3640 D MccTable: updateMccMncConfiguration mccmnc='26207' fromServiceState=true
11-28 17:50:32.036  3640  3640 D MccTable: updateMccMncConfiguration defaultMccMnc=26207
11-28 17:50:32.036  3640  3640 D MccTable: updateMccMncConfiguration: mcc=262, mnc=7
11-28 17:50:32.036  3640  3640 D MccTable: WIFI_COUNTRY_CODE set to de
11-28 17:50:32.095  1787  1787 I chatty  : uid=1000 system_server expire 90 lines
11-28 17:50:32.143  1787  2955 I chatty  : uid=1000(system) ConnectivitySer expire 5 lines
11-28 17:50:32.164   305  1751 E NetlinkEvent: NetlinkEvent::FindParam(): Parameter 'UID' not found
11-28 17:50:32.224   305  1751 E NetlinkEvent: NetlinkEvent::FindParam(): Parameter 'UID' not found
11-28 17:50:32.238  1787  6219 I chatty  : uid=1000(system) Binder_B expire 1 line
11-28 17:50:32.262  1787  3029 I chatty  : uid=1000(system) Binder_3 expire 1 line
11-28 17:50:54.742  1787  1798 I chatty  : uid=1000(system) Binder_2 expire 1 line
11-28 17:50:57.143   305  1751 E NetlinkEvent: NetlinkEvent::FindParam(): Parameter 'UID' not found
11-28 17:50:57.602  1787  1787 I chatty  : uid=1000 system_server expire 80 lines
11-28 17:51:42.870  3640  3640 D MccTable: updateMccMncConfiguration mccmnc='null' fromServiceState=true
11-28 17:51:42.870  3640  3640 D MccTable: WIFI_COUNTRY_CODE set to 
11-28 17:51:42.900  1787  6215 I chatty  : uid=1000(system) Binder_A expire 1 line
11-28 17:51:42.903  3460  3460 I chatty  : uid=1000(system) com.motorola.modemservice expire 2 lines
11-28 17:51:42.967  1787  2955 I chatty  : uid=1000(system) ConnectivitySer expire 13 lines
11-28 17:51:42.982  3627  3627 I chatty  : uid=1000(system) com.motorola.process.system expire 2 lines
11-28 17:51:43.038   305  1751 E NetlinkEvent: NetlinkEvent::FindParam(): Parameter 'UID' not found
11-28 17:51:43.103  1787  3677 I chatty  : uid=1000(system) Binder_6 expire 5 lines
11-28 17:51:43.115  1787  1797 I chatty  : uid=1000(system) Binder_1 expire 5 lines
11-28 17:51:43.169  1787  6221 I chatty  : uid=1000(system) Binder_D expire 6 lines
11-28 17:51:43.194  1787  1787 I chatty  : uid=1000 system_server expire 77 lines
11-28 17:51:43.219  1787  4201 I chatty  : uid=1000(system) Binder_7 expire 2 lines
11-28 17:51:43.341  1787  4627 I chatty  : uid=1000(system) Binder_8 expire 7 lines
11-28 17:51:46.625  1787  2914 I chatty  : uid=1000(system) AlarmManager expire 9 lines
11-28 17:52:05.734   305  1751 E NetlinkEvent: NetlinkEvent::FindParam(): Parameter 'UID' not found
11-28 17:52:11.033  1787  1801 I chatty  : uid=1000(system) ActivityManager expire 2 lines
11-28 17:52:11.043  1787  1800 I chatty  : uid=1000(system) android.bg expire 3 lines
11-28 17:52:11.132  1787  6220 I chatty  : uid=1000(system) Binder_C expire 5 lines
11-28 17:52:11.172  1787  6215 I chatty  : uid=1000(system) Binder_A expire 8 lines
11-28 17:52:11.213  1787  3029 I chatty  : uid=1000(system) Binder_3 expire 4 lines
11-28 17:52:11.227  1787  3675 I chatty  : uid=1000(system) Binder_5 expire 2 lines
11-28 17:52:11.242  1787  1798 I chatty  : uid=1000(system) Binder_2 expire 4 lines
11-28 17:52:11.687  3640  3640 D MccTable: updateMccMncConfiguration mccmnc='26207' fromServiceState=true
11-28 17:52:11.688  3640  3640 D MccTable: updateMccMncConfiguration defaultMccMnc=26207
11-28 17:52:11.688  3640  3640 D MccTable: updateMccMncConfiguration: mcc=262, mnc=7
11-28 17:52:11.688  3640  3640 D MccTable: WIFI_COUNTRY_CODE set to de
11-28 17:52:11.690  1787  2949 I chatty  : uid=1000(system) WifiP2pService expire 2 lines
11-28 17:52:12.272  1787  1787 I chatty  : uid=1000 system_server expire 94 lines
11-28 17:52:13.613   305  1751 E NetlinkEvent: NetlinkEvent::FindParam(): Parameter 'UID' not found
11-28 17:52:41.766  1787  3031 I chatty  : uid=1000(system) Binder_4 expire 3 lines
11-28 17:53:11.562  1787  2955 I chatty  : uid=1000(system) ConnectivitySer expire 10 lines
11-28 17:53:11.604  3460  3741 I chatty  : uid=1000(system) ModemStatsDSDet expire 1 line
11-28 17:53:11.608  1787  1801 I chatty  : uid=1000(system) ActivityManager expire 4 lines
11-28 17:53:18.358  1787  1787 I chatty  : uid=1000 system_server expire 60 lines
11-28 17:53:42.586   305  1751 E NetlinkEvent: NetlinkEvent::FindParam(): Parameter 'UID' not found
11-28 17:53:43.086  1787  2914 I chatty  : uid=1000(system) AlarmManager expire 5 lines
11-28 17:53:43.093  1787  1787 I chatty  : uid=1000 system_server expire 33 lines
11-28 17:53:48.590   305  1751 E NetlinkEvent: NetlinkEvent::FindParam(): Parameter 'UID' not found
11-28 17:54:00.452   305  1751 E NetlinkEvent: NetlinkEvent::FindParam(): Parameter 'UID' not found
11-28 17:54:00.817  1787  1787 I chatty  : uid=1000 system_server expire 166 lines
11-28 17:54:09.247   305  1751 E NetlinkEvent: NetlinkEvent::FindParam(): Parameter 'UID' not found
11-28 17:54:18.809   305  1751 E NetlinkEvent: NetlinkEvent::FindParam(): Parameter 'UID' not found
11-28 17:54:26.325  1787  1787 I chatty  : uid=1000 system_server expire 228 lines
11-28 17:54:27.367  1787  2914 I chatty  : uid=1000(system) AlarmManager expire 7 lines
11-28 17:55:51.685  1787  1787 I chatty  : uid=1000 system_server expire 83 lines
11-28 17:56:39.069   305  1751 E NetlinkEvent: NetlinkEvent::FindParam(): Parameter 'UID' not found
11-28 17:56:40.338  1787  1787 I chatty  : uid=1000 system_server expire 26 lines
11-28 17:56:51.713   305  1751 E NetlinkEvent: NetlinkEvent::FindParam(): Parameter 'UID' not found
11-28 17:56:51.957  1787  1787 I chatty  : uid=1000 system_server expire 92 lines
11-28 17:57:18.136   305  1751 E NetlinkEvent: NetlinkEvent::FindParam(): Parameter 'UID' not found
11-28 17:57:19.907  1787  1787 I chatty  : uid=1000 system_server expire 44 lines
11-28 17:57:39.346   305  1751 E NetlinkEvent: NetlinkEvent::FindParam(): Parameter 'UID' not found
11-28 17:57:39.847  1787  1787 I chatty  : uid=1000 system_server expire 13 lines
11-28 17:57:40.826   305  1751 E NetlinkEvent: NetlinkEvent::FindParam(): Parameter 'UID' not found
11-28 17:58:42.609   305  1751 E NetlinkEvent: NetlinkEvent::FindParam(): Parameter 'UID' not found
11-28 17:58:42.618  1787  2914 I chatty  : uid=1000(system) AlarmManager expire 11 lines
11-28 17:58:42.636   305  1751 E NetlinkEvent: NetlinkEvent::FindParam(): Parameter 'UID' not found
11-28 18:00:02.607   305  1751 E NetlinkEvent: NetlinkEvent::FindParam(): Parameter 'UID' not found
11-28 18:03:33.619  1787  1787 I chatty  : uid=1000 system_server expire 10 lines
