12-03 14:07:42.721  1789  3019 I chatty  : uid=1000(system) Binder_4 expire 2 lines
12-03 14:07:43.406  1789  2956 I chatty  : uid=1000(system) ConnectivitySer expire 7 lines
12-03 14:07:48.747   309  1753 E NetlinkEvent: NetlinkEvent::FindParam(): Parameter 'UID' not found
12-03 14:07:49.028   259   259 I chatty  : uid=1000(system) /system/bin/surfaceflinger expire 33 lines
12-03 14:07:59.949  1789  2916 I chatty  : uid=1000(system) InputDispatcher expire 3 lines
12-03 14:08:36.100   309  1753 E NetlinkEvent: NetlinkEvent::FindParam(): Parameter 'UID' not found
12-03 14:08:36.570  1789  1789 I chatty  : uid=1000 system_server expire 3 lines
12-03 14:08:51.392   259   259 I chatty  : uid=1000(system) /system/bin/surfaceflinger expire 44 lines
12-03 14:08:53.464   309  1753 E NetlinkEvent: NetlinkEvent::FindParam(): Parameter 'UID' not found
12-03 14:08:55.841  1789  2956 I chatty  : uid=1000(system) ConnectivitySer expire 14 lines
12-03 14:08:59.999  1789  2902 I chatty  : uid=1000(system) AlarmManager expire 12 lines
12-03 14:09:00.040  1789  1789 I chatty  : uid=1000 system_server expire 10 lines
12-03 14:09:13.622  1789  5593 I chatty  : uid=1000(system) Binder_C expire 6 lines
12-03 14:09:13.912  1789  1808 I chatty  : uid=1000(system) android.display expire 21 lines
12-03 14:09:15.241  1789  2916 I chatty  : uid=1000(system) InputDispatcher expire 6 lines
12-03 14:09:15.871   259   706 I chatty  : uid=1000(system) EventThread expire 7 lines
12-03 14:09:16.069  1789  3692 I chatty  : uid=1000(system) Binder_6 expire 5 lines
12-03 14:09:16.941  1789  1800 I chatty  : uid=1000(system) Binder_2 expire 6 lines
12-03 14:09:16.958  1789  1799 I chatty  : uid=1000(system) Binder_1 expire 2 lines
12-03 14:09:17.088  1789  5399 I chatty  : uid=1000(system) Binder_A expire 2 lines
12-03 14:09:18.015  1789  3018 I chatty  : uid=1000(system) Binder_3 expire 5 lines
12-03 14:09:18.028  1789  1803 I chatty  : uid=1000(system) ActivityManager expire 3 lines
12-03 14:09:28.923   309  1753 E NetlinkEvent: NetlinkEvent::FindParam(): Parameter 'UID' not found
12-03 14:09:43.945   309  1753 E NetlinkEvent: NetlinkEvent::FindParam(): Parameter 'UID' not found
12-03 14:10:11.508  1789  3019 I chatty  : uid=1000(system) Binder_4 expire 2 lines
12-03 14:10:14.752   259   259 I chatty  : uid=1000(system) /system/bin/surfaceflinger expire 41 lines
12-03 14:10:14.891  1789  8868 I chatty  : uid=1000(system) Binder_E expire 2 lines
12-03 14:10:36.292  1789  5592 I chatty  : uid=1000(system) Binder_B expire 2 lines
12-03 14:10:37.221  1789  4628 I chatty  : uid=1000(system) Binder_9 expire 1 line
12-03 14:10:47.683  1789  3510 I chatty  : uid=1000(system) Binder_5 expire 1 line
12-03 14:11:06.936  1789  3693 I chatty  : uid=1000(system) Binder_7 expire 5 lines
12-03 14:11:07.701  1789  3724 I chatty  : uid=1000(system) Binder_8 expire 1 line
12-03 14:11:16.687  1789  2917 I chatty  : uid=1000(system) InputReader expire 1 line
12-03 14:11:17.421  1789  1811 I chatty  : uid=1000(system) PowerManagerSer expire 2 lines
12-03 14:11:17.423  1789  1805 I chatty  : uid=1000(system) android.fg expire 2 lines
12-03 14:11:17.812 29077 29077 I chatty  : uid=1000(system) expire 1 line
12-03 14:11:17.947  3011  3011 D StatusBarKeyguardViewManager: showKeyguard, but hide Bouncer
12-03 14:11:18.177  1789  1789 I chatty  : uid=1000 system_server expire 11 lines
12-03 14:11:18.206  1789  1808 I chatty  : uid=1000(system) android.display expire 2 lines
12-03 14:11:18.752   259   259 I chatty  : uid=1000(system) /system/bin/surfaceflinger expire 2 lines
12-03 14:11:47.611   309  1753 E NetlinkEvent: NetlinkEvent::FindParam(): Parameter 'UID' not found
12-03 14:12:02.665   309  1753 E NetlinkEvent: NetlinkEvent::FindParam(): Parameter 'UID' not found
12-03 14:12:37.140   309  1753 E NetlinkEvent: NetlinkEvent::FindParam(): Parameter 'UID' not found
12-03 14:12:53.427   309  1753 E NetlinkEvent: NetlinkEvent::FindParam(): Parameter 'UID' not found
12-03 14:13:37.118   309  1753 E NetlinkEvent: NetlinkEvent::FindParam(): Parameter 'UID' not found
12-03 14:13:50.500  1789  2902 I chatty  : uid=1000(system) AlarmManager expire 20 lines
12-03 14:13:53.546   309  1753 E NetlinkEvent: NetlinkEvent::FindParam(): Parameter 'UID' not found
12-03 14:18:11.376   309  1753 E NetlinkEvent: NetlinkEvent::FindParam(): Parameter 'UID' not found
12-03 14:18:26.386   309  1753 E NetlinkEvent: NetlinkEvent::FindParam(): Parameter 'UID' not found
12-03 14:26:51.528   309  1753 E NetlinkEvent: NetlinkEvent::FindParam(): Parameter 'UID' not found
12-03 14:26:51.530  1789  1789 I chatty  : uid=1000 system_server expire 12 lines
12-03 14:27:06.626   309  1753 E NetlinkEvent: NetlinkEvent::FindParam(): Parameter 'UID' not found
12-03 14:27:28.654  1789  1802 I chatty  : uid=1000(system) android.bg expire 1 line
12-03 14:28:12.875   309  1753 E NetlinkEvent: NetlinkEvent::FindParam(): Parameter 'UID' not found
12-03 14:28:27.906   309  1753 E NetlinkEvent: NetlinkEvent::FindParam(): Parameter 'UID' not found
12-03 14:30:19.252  1789  2902 I chatty  : uid=1000(system) AlarmManager expire 12 lines
12-03 14:30:19.273  1789  1789 I chatty  : uid=1000 system_server expire 12 lines
12-03 14:30:19.502  1789  1802 I chatty  : uid=1000(system) android.bg expire 5 lines
12-03 14:30:20.029   309  1753 E NetlinkEvent: NetlinkEvent::FindParam(): Parameter 'UID' not found
12-03 14:30:20.160  1789  5593 I chatty  : uid=1000(system) Binder_C expire 11 lines
12-03 14:30:21.655  1789  3693 I chatty  : uid=1000(system) Binder_7 expire 5 lines
12-03 14:30:25.551 29556 29571 D ActivityThread: Loading provider com.google.android.gmail.provider;com.android.mail.notifier;com.google.android.gm.email.provider;com.google.android.gm.email.notifier: com.android.email.provider.EmailProvider
12-03 14:30:25.753  1789  1799 I chatty  : uid=1000(system) Binder_1 expire 13 lines
12-03 14:30:25.840  1789  5399 I chatty  : uid=1000(system) Binder_A expire 4 lines
12-03 14:30:29.575  1789  3692 I chatty  : uid=1000(system) Binder_6 expire 9 lines
12-03 14:30:29.647  1789  2955 I chatty  : uid=1000(system) WifiService expire 2 lines
12-03 14:30:29.647  1789  3018 I chatty  : uid=1000(system) Binder_3 expire 6 lines
12-03 14:30:29.648  1789  2956 I chatty  : uid=1000(system) ConnectivitySer expire 8 lines
12-03 14:30:35.608  1789  1803 I chatty  : uid=1000(system) ActivityManager expire 10 lines
12-03 14:30:50.947   309  1753 E NetlinkEvent: NetlinkEvent::FindParam(): Parameter 'UID' not found
12-03 14:30:50.952  1789  3724 I chatty  : uid=1000(system) Binder_8 expire 9 lines
12-03 14:33:21.617   309  1753 E NetlinkEvent: NetlinkEvent::FindParam(): Parameter 'UID' not found
12-03 14:33:36.867   309  1753 E NetlinkEvent: NetlinkEvent::FindParam(): Parameter 'UID' not found
12-03 14:33:48.230  1789  1789 I chatty  : uid=1000 system_server expire 16 lines
12-03 14:34:20.288   309  1753 E NetlinkEvent: NetlinkEvent::FindParam(): Parameter 'UID' not found
12-03 14:34:35.610  1789  2902 I chatty  : uid=1000(system) AlarmManager expire 12 lines
12-03 14:34:35.959  1789  5592 I chatty  : uid=1000(system) Binder_B expire 6 lines
12-03 14:34:50.947   309  1753 E NetlinkEvent: NetlinkEvent::FindParam(): Parameter 'UID' not found
12-03 14:35:20.140   309  1753 E NetlinkEvent: NetlinkEvent::FindParam(): Parameter 'UID' not found
12-03 14:35:48.906   309  1753 E NetlinkEvent: NetlinkEvent::FindParam(): Parameter 'UID' not found
12-03 14:37:55.211  1789  1808 I chatty  : uid=1000(system) android.display expire 17 lines
12-03 14:37:55.455   259   706 I chatty  : uid=1000(system) EventThread expire 6 lines
12-03 14:37:55.646  1789  2917 I chatty  : uid=1000(system) InputReader expire 1 line
12-03 14:37:55.660  1789  1811 I chatty  : uid=1000(system) PowerManagerSer expire 1 line
12-03 14:37:55.663  1789  1805 I chatty  : uid=1000(system) android.fg expire 1 line
12-03 14:37:57.446   259   259 I chatty  : uid=1000(system) /system/bin/surfaceflinger expire 10 lines
12-03 14:37:58.799   309  1753 E NetlinkEvent: NetlinkEvent::FindParam(): Parameter 'UID' not found
12-03 14:37:58.843  1789  3510 I chatty  : uid=1000(system) Binder_5 expire 4 lines
12-03 14:37:58.989 29836 29836 I chatty  : uid=1000(system) expire 1 line
12-03 14:37:59.010  1789  1789 I chatty  : uid=1000 system_server expire 12 lines
12-03 14:37:59.018  1789  1800 I chatty  : uid=1000(system) Binder_2 expire 4 lines
12-03 14:37:59.772  1789  4628 I chatty  : uid=1000(system) Binder_9 expire 7 lines
12-03 14:38:08.515  1789  1814 I chatty  : uid=1000(system) PackageManager expire 6 lines
12-03 14:38:08.920  1789  8867 I chatty  : uid=1000(system) Binder_D expire 3 lines
12-03 14:38:08.980 29976 29976 I chatty  : uid=1000(system) expire 2 lines
12-03 14:38:08.997  1789  8868 I chatty  : uid=1000(system) Binder_E expire 5 lines
12-03 14:38:11.316 30081 30097 D DefContainer: Copying /data/local/tmp/SeniorenApp.SeniorenApp-Signed.apk to base.apk
12-03 14:38:20.263  1789  3019 I chatty  : uid=1000(system) Binder_4 expire 5 lines
12-03 14:38:26.344   309  1753 E NetlinkEvent: NetlinkEvent::FindParam(): Parameter 'UID' not found
12-03 14:38:28.496   259   259 I chatty  : uid=1000(system) /system/bin/surfaceflinger expire 10 lines
12-03 14:38:33.520   309  1753 E NetlinkEvent: NetlinkEvent::FindParam(): Parameter 'UID' not found
12-03 14:38:53.985   309  1753 E NetlinkEvent: NetlinkEvent::FindParam(): Parameter 'UID' not found
12-03 14:39:00.001  1789  2902 I chatty  : uid=1000(system) AlarmManager expire 2 lines
12-03 14:39:00.022  1789  1803 I chatty  : uid=1000(system) ActivityManager expire 3 lines
12-03 14:39:17.685  1789  5593 I chatty  : uid=1000(system) Binder_C expire 2 lines
12-03 14:39:18.180   259   259 I chatty  : uid=1000(system) /system/bin/surfaceflinger expire 36 lines
12-03 14:39:59.732  1789  1808 I chatty  : uid=1000(system) android.display expire 13 lines
12-03 14:40:00.000  1789  2902 I chatty  : uid=1000(system) AlarmManager expire 11 lines
12-03 14:40:00.029  1789  1789 I chatty  : uid=1000 system_server expire 10 lines
12-03 14:40:07.672  1789  1803 I chatty  : uid=1000(system) ActivityManager expire 8 lines
12-03 14:40:08.528  1789  2956 I chatty  : uid=1000(system) ConnectivitySer expire 12 lines
12-03 14:40:20.623   309  1753 E NetlinkEvent: NetlinkEvent::FindParam(): Parameter 'UID' not found
12-03 14:40:20.954   259   259 I chatty  : uid=1000(system) /system/bin/surfaceflinger expire 11 lines
12-03 14:40:20.968  1789  5592 I chatty  : uid=1000(system) Binder_B expire 7 lines
12-03 14:40:21.940  1789  2916 I chatty  : uid=1000(system) InputDispatcher expire 6 lines
12-03 14:40:22.065   259   706 I chatty  : uid=1000(system) EventThread expire 9 lines
12-03 14:40:22.400  1789  3692 I chatty  : uid=1000(system) Binder_6 expire 2 lines
12-03 14:40:25.675  1789  3018 I chatty  : uid=1000(system) Binder_3 expire 1 line
12-03 14:40:26.851  1789  1799 I chatty  : uid=1000(system) Binder_1 expire 2 lines
12-03 14:40:26.975  1789  3693 I chatty  : uid=1000(system) Binder_7 expire 12 lines
12-03 14:40:26.980  1789  3724 I chatty  : uid=1000(system) Binder_8 expire 6 lines
12-03 14:40:27.859  1789  5399 I chatty  : uid=1000(system) Binder_A expire 7 lines
12-03 14:40:36.065   309  1753 E NetlinkEvent: NetlinkEvent::FindParam(): Parameter 'UID' not found
12-03 14:40:41.569   259   259 I chatty  : uid=1000(system) /system/bin/surfaceflinger expire 10 lines
12-03 14:40:43.980   309  1753 E NetlinkEvent: NetlinkEvent::FindParam(): Parameter 'UID' not found
12-03 14:40:59.025   309  1753 E NetlinkEvent: NetlinkEvent::FindParam(): Parameter 'UID' not found
12-03 14:42:27.574  1789  1811 I chatty  : uid=1000(system) PowerManagerSer expire 3 lines
12-03 14:42:28.311  1789  1805 I chatty  : uid=1000(system) android.fg expire 3 lines
12-03 14:42:28.587 31413 31413 I chatty  : uid=1000(system) expire 2 lines
12-03 14:42:32.643  3011  3011 D StatusBarKeyguardViewManager: showKeyguard, but hide Bouncer
12-03 14:42:58.460  1789  1789 I chatty  : uid=1000 system_server expire 13 lines
12-03 14:42:58.465   309  1753 E NetlinkEvent: NetlinkEvent::FindParam(): Parameter 'UID' not found
12-03 14:42:58.683  1789  2902 I chatty  : uid=1000(system) AlarmManager expire 6 lines
12-03 14:43:02.505  1789  8867 I chatty  : uid=1000(system) Binder_D expire 3 lines
12-03 14:43:04.207  1789  2917 I chatty  : uid=1000(system) InputReader expire 1 line
12-03 14:43:07.545  1789  3510 I chatty  : uid=1000(system) Binder_5 expire 4 lines
12-03 14:43:13.847  1789  4628 I chatty  : uid=1000(system) Binder_9 expire 4 lines
12-03 14:43:14.563  1789  1800 I chatty  : uid=1000(system) Binder_2 expire 2 lines
12-03 14:43:22.584   309  1753 E NetlinkEvent: NetlinkEvent::FindParam(): Parameter 'UID' not found
12-03 14:43:33.279   259   259 I chatty  : uid=1000(system) /system/bin/surfaceflinger expire 51 lines
12-03 14:43:39.076  1789  1808 I chatty  : uid=1000(system) android.display expire 13 lines
12-03 14:43:39.230  1789  2955 I chatty  : uid=1000(system) WifiService expire 1 line
12-03 14:43:40.596  1789  5593 I chatty  : uid=1000(system) Binder_C expire 3 lines
12-03 14:44:15.030  1789  3019 I chatty  : uid=1000(system) Binder_4 expire 5 lines
12-03 14:44:21.164   259   259 I chatty  : uid=1000(system) /system/bin/surfaceflinger expire 15 lines
12-03 14:44:22.179  1789  1808 I chatty  : uid=1000(system) android.display expire 15 lines
12-03 14:44:22.747   259   706 I chatty  : uid=1000(system) EventThread expire 10 lines
12-03 14:44:23.033  1789  5399 I chatty  : uid=1000(system) Binder_A expire 6 lines
12-03 14:44:23.065  1789  3693 I chatty  : uid=1000(system) Binder_7 expire 5 lines
12-03 14:44:24.149  1789  4628 I chatty  : uid=1000(system) Binder_9 expire 3 lines
12-03 14:44:25.798  1789  2956 I chatty  : uid=1000(system) ConnectivitySer expire 17 lines
12-03 14:44:53.936   309  1753 E NetlinkEvent: NetlinkEvent::FindParam(): Parameter 'UID' not found
12-03 14:45:00.000  1789  2902 I chatty  : uid=1000(system) AlarmManager expire 21 lines
12-03 14:45:00.046  1789  1789 I chatty  : uid=1000 system_server expire 21 lines
12-03 14:45:08.946   309  1753 E NetlinkEvent: NetlinkEvent::FindParam(): Parameter 'UID' not found
12-03 14:45:41.596  1789  8868 I chatty  : uid=1000(system) Binder_E expire 2 lines
12-03 14:45:41.627  1789  3692 I chatty  : uid=1000(system) Binder_6 expire 2 lines
12-03 14:45:45.148  1789  3510 I chatty  : uid=1000(system) Binder_5 expire 3 lines
12-03 14:45:45.219  1789  3018 I chatty  : uid=1000(system) Binder_3 expire 1 line
12-03 14:45:55.160  1789  1803 I chatty  : uid=1000(system) ActivityManager expire 6 lines
12-03 14:46:11.483  1789  2916 I chatty  : uid=1000(system) InputDispatcher expire 8 lines
12-03 14:46:14.190  1789  8867 I chatty  : uid=1000(system) Binder_D expire 3 lines
12-03 14:46:58.970   309  1753 E NetlinkEvent: NetlinkEvent::FindParam(): Parameter 'UID' not found
12-03 14:47:13.986   309  1753 E NetlinkEvent: NetlinkEvent::FindParam(): Parameter 'UID' not found
12-03 14:47:20.781   309  1753 E NetlinkEvent: NetlinkEvent::FindParam(): Parameter 'UID' not found
12-03 14:47:23.546   259   259 I chatty  : uid=1000(system) /system/bin/surfaceflinger expire 28 lines
12-03 14:47:40.907  1789  3724 I chatty  : uid=1000(system) Binder_8 expire 3 lines
12-03 14:47:41.855  1789  1808 I chatty  : uid=1000(system) android.display expire 18 lines
12-03 14:48:10.987  1789  1799 I chatty  : uid=1000(system) Binder_1 expire 3 lines
12-03 14:48:16.166  1789  5592 I chatty  : uid=1000(system) Binder_B expire 2 lines
12-03 14:48:24.660   259   708 I chatty  : uid=1000(system) EventThread expire 3 lines
12-03 14:48:27.881  1789  1800 I chatty  : uid=1000(system) Binder_2 expire 2 lines
12-03 14:48:29.080  1789  5593 I chatty  : uid=1000(system) Binder_C expire 1 line
12-03 14:49:00.826   309  1753 E NetlinkEvent: NetlinkEvent::FindParam(): Parameter 'UID' not found
12-03 14:49:04.000   309  1753 E NetlinkEvent: NetlinkEvent::FindParam(): Parameter 'UID' not found
12-03 14:49:19.025   309  1753 E NetlinkEvent: NetlinkEvent::FindParam(): Parameter 'UID' not found
12-03 14:49:40.005  1789  2956 I chatty  : uid=1000(system) ConnectivitySer expire 6 lines
12-03 14:50:00.001  1789  2902 I chatty  : uid=1000(system) AlarmManager expire 16 lines
12-03 14:50:00.031  1789  1789 I chatty  : uid=1000 system_server expire 16 lines
12-03 14:50:29.072  1789  1811 I chatty  : uid=1000(system) PowerManagerSer expire 3 lines
12-03 14:50:29.628  1789  1808 I chatty  : uid=1000(system) android.display expire 1 line
12-03 14:50:29.809  1789  1805 I chatty  : uid=1000(system) android.fg expire 2 lines
12-03 14:50:30.042  1306  1306 I chatty  : uid=1000(system) expire 1 line
12-03 14:50:34.142  3011  3011 D StatusBarKeyguardViewManager: showKeyguard, but hide Bouncer
12-03 14:50:34.694  1789  1802 I chatty  : uid=1000(system) android.bg expire 1 line
12-03 14:50:59.943   309  1753 E NetlinkEvent: NetlinkEvent::FindParam(): Parameter 'UID' not found
12-03 14:51:15.025   309  1753 E NetlinkEvent: NetlinkEvent::FindParam(): Parameter 'UID' not found
12-03 14:52:30.238   309  1753 E NetlinkEvent: NetlinkEvent::FindParam(): Parameter 'UID' not found
12-03 14:52:45.266   309  1753 E NetlinkEvent: NetlinkEvent::FindParam(): Parameter 'UID' not found
12-03 14:53:29.996   309  1753 E NetlinkEvent: NetlinkEvent::FindParam(): Parameter 'UID' not found
12-03 14:53:45.067   309  1753 E NetlinkEvent: NetlinkEvent::FindParam(): Parameter 'UID' not found
12-03 14:54:25.639   309  1753 E NetlinkEvent: NetlinkEvent::FindParam(): Parameter 'UID' not found
12-03 14:54:25.697  1789  1789 I chatty  : uid=1000 system_server expire 4 lines
12-03 14:54:40.946   309  1753 E NetlinkEvent: NetlinkEvent::FindParam(): Parameter 'UID' not found
12-03 14:55:56.411  1789  2902 I chatty  : uid=1000(system) AlarmManager expire 10 lines
12-03 14:55:56.943   309  1753 E NetlinkEvent: NetlinkEvent::FindParam(): Parameter 'UID' not found
12-03 14:56:29.706   309  1753 E NetlinkEvent: NetlinkEvent::FindParam(): Parameter 'UID' not found
12-03 14:56:45.465  1789  1789 I chatty  : uid=1000 system_server expire 14 lines
12-03 14:56:45.475   309  1753 E NetlinkEvent: NetlinkEvent::FindParam(): Parameter 'UID' not found
12-03 14:57:00.787   309  1753 E NetlinkEvent: NetlinkEvent::FindParam(): Parameter 'UID' not found
12-03 14:58:30.472   309  1753 E NetlinkEvent: NetlinkEvent::FindParam(): Parameter 'UID' not found
12-03 14:58:30.775  1789  3693 I chatty  : uid=1000(system) Binder_7 expire 8 lines
12-03 14:58:45.906   309  1753 E NetlinkEvent: NetlinkEvent::FindParam(): Parameter 'UID' not found
12-03 15:00:03.052   309  1753 E NetlinkEvent: NetlinkEvent::FindParam(): Parameter 'UID' not found
12-03 15:00:29.787   309  1753 E NetlinkEvent: NetlinkEvent::FindParam(): Parameter 'UID' not found
12-03 15:00:37.027  1789  1808 I chatty  : uid=1000(system) android.display expire 10 lines
12-03 15:00:37.272   259   706 I chatty  : uid=1000(system) EventThread expire 9 lines
12-03 15:00:37.276  1789  4628 I chatty  : uid=1000(system) Binder_9 expire 5 lines
12-03 15:00:37.280  1789  1805 I chatty  : uid=1000(system) android.fg expire 4 lines
12-03 15:00:37.909  1789  2902 I chatty  : uid=1000(system) AlarmManager expire 11 lines
12-03 15:00:38.963   259   259 I chatty  : uid=1000(system) /system/bin/surfaceflinger expire 24 lines
12-03 15:00:40.383  1789  2956 I chatty  : uid=1000(system) ConnectivitySer expire 10 lines
12-03 15:00:40.648   309  1753 E NetlinkEvent: NetlinkEvent::FindParam(): Parameter 'UID' not found
12-03 15:00:40.791  1789  8868 I chatty  : uid=1000(system) Binder_E expire 2 lines
12-03 15:00:40.987  1560  1560 I chatty  : uid=1000(system) expire 1 line
12-03 15:00:41.008  1789  1789 I chatty  : uid=1000 system_server expire 10 lines
12-03 15:00:41.478   259   708 I chatty  : uid=1000(system) EventThread expire 7 lines
12-03 15:00:41.604  1789  2955 I chatty  : uid=1000(system) WifiService expire 4 lines
12-03 15:00:43.289  1789  5593 I chatty  : uid=1000(system) Binder_C expire 5 lines
12-03 15:00:47.253  1789  1803 I chatty  : uid=1000(system) ActivityManager expire 10 lines
12-03 15:00:48.149  1789  3724 I chatty  : uid=1000(system) Binder_8 expire 4 lines
12-03 15:00:51.992  1789  1800 I chatty  : uid=1000(system) Binder_2 expire 3 lines
12-03 15:00:52.014  1789  3019 I chatty  : uid=1000(system) Binder_4 expire 4 lines
12-03 15:00:54.810  1789  5592 I chatty  : uid=1000(system) Binder_B expire 1 line
12-03 15:00:54.909  1789  8867 I chatty  : uid=1000(system) Binder_D expire 7 lines
12-03 15:00:55.556  1789  3510 I chatty  : uid=1000(system) Binder_5 expire 5 lines
12-03 15:00:55.662  1789  3692 I chatty  : uid=1000(system) Binder_6 expire 7 lines
12-03 15:00:56.259  1789  1799 I chatty  : uid=1000(system) Binder_1 expire 7 lines
12-03 15:01:05.715  1789  2916 I chatty  : uid=1000(system) InputDispatcher expire 2 lines
12-03 15:01:11.544   309  1753 E NetlinkEvent: NetlinkEvent::FindParam(): Parameter 'UID' not found
12-03 15:01:33.980   309  1753 E NetlinkEvent: NetlinkEvent::FindParam(): Parameter 'UID' not found
12-03 15:01:40.774  1789  2956 I chatty  : uid=1000(system) ConnectivitySer expire 6 lines
12-03 15:01:49.025   309  1753 E NetlinkEvent: NetlinkEvent::FindParam(): Parameter 'UID' not found
12-03 15:03:07.919  1789  1811 I chatty  : uid=1000(system) PowerManagerSer expire 3 lines
12-03 15:03:08.452  1789  1808 I chatty  : uid=1000(system) android.display expire 11 lines
12-03 15:03:08.635   259   259 I chatty  : uid=1000(system) /system/bin/surfaceflinger expire 18 lines
12-03 15:03:08.971  2146  2146 I chatty  : uid=1000(system) expire 2 lines
12-03 15:03:13.093  3011  3011 D StatusBarKeyguardViewManager: showKeyguard, but hide Bouncer
12-03 15:03:13.140  1789  3018 I chatty  : uid=1000(system) Binder_3 expire 2 lines
12-03 15:03:16.750  1789  1789 I chatty  : uid=1000 system_server expire 8 lines
12-03 15:03:30.464  1789  1814 I chatty  : uid=1000(system) PackageManager expire 6 lines
12-03 15:03:30.988  2303  2303 I chatty  : uid=1000(system) expire 2 lines
12-03 15:03:33.997  1789  5399 I chatty  : uid=1000(system) Binder_A expire 2 lines
12-03 15:03:34.341   309  1753 E NetlinkEvent: NetlinkEvent::FindParam(): Parameter 'UID' not found
12-03 15:03:34.715  2376  2386 D DefContainer: Copying /data/local/tmp/SeniorenApp.SeniorenApp-Signed.apk to base.apk
12-03 15:03:37.898  1789  1803 I chatty  : uid=1000(system) ActivityManager expire 2 lines
12-03 15:03:54.024   309  1753 E NetlinkEvent: NetlinkEvent::FindParam(): Parameter 'UID' not found
12-03 15:03:56.181   259   259 I chatty  : uid=1000(system) /system/bin/surfaceflinger expire 11 lines
12-03 15:03:59.999  1789  2902 I chatty  : uid=1000(system) AlarmManager expire 12 lines
12-03 15:04:19.979   259   259 I chatty  : uid=1000(system) /system/bin/surfaceflinger expire 18 lines
12-03 15:04:19.990  1789  3692 I chatty  : uid=1000(system) Binder_6 expire 4 lines
12-03 15:04:20.052  1789  8868 I chatty  : uid=1000(system) Binder_E expire 4 lines
12-03 15:04:21.113  1789  1808 I chatty  : uid=1000(system) android.display expire 17 lines
12-03 15:04:21.137  1789  5592 I chatty  : uid=1000(system) Binder_B expire 5 lines
12-03 15:04:21.149  1789  3019 I chatty  : uid=1000(system) Binder_4 expire 4 lines
12-03 15:04:21.851   259   708 I chatty  : uid=1000(system) EventThread expire 6 lines
12-03 15:04:22.594  1789  2956 I chatty  : uid=1000(system) ConnectivitySer expire 12 lines
12-03 15:04:25.967  1789  3510 I chatty  : uid=1000(system) Binder_5 expire 7 lines
12-03 15:04:29.768  1789  2916 I chatty  : uid=1000(system) InputDispatcher expire 6 lines
12-03 15:04:31.655  1789  3693 I chatty  : uid=1000(system) Binder_7 expire 2 lines
12-03 15:04:31.786  1789  1800 I chatty  : uid=1000(system) Binder_2 expire 1 line
12-03 15:04:33.007  1789  2705 I chatty  : uid=1000(system) Binder_F expire 9 lines
12-03 15:04:33.022  1789  1803 I chatty  : uid=1000(system) ActivityManager expire 12 lines
12-03 15:04:34.308  1789  2917 I chatty  : uid=1000(system) InputReader expire 1 line
12-03 15:04:35.008  1789  1811 I chatty  : uid=1000(system) PowerManagerSer expire 2 lines
12-03 15:04:35.008  1789  1805 I chatty  : uid=1000(system) android.fg expire 3 lines
12-03 15:04:35.220  1789  1789 I chatty  : uid=1000 system_server expire 11 lines
12-03 15:04:35.301  3286  3286 I chatty  : uid=1000(system) expire 2 lines
12-03 15:04:35.326  1789  2706 I chatty  : uid=1000(system) Binder_10 expire 7 lines
12-03 15:04:35.499  3011  3011 D StatusBarKeyguardViewManager: showKeyguard, but hide Bouncer
12-03 15:05:05.157   309  1753 E NetlinkEvent: NetlinkEvent::FindParam(): Parameter 'UID' not found
12-03 15:05:05.216  1789  3018 I chatty  : uid=1000(system) Binder_3 expire 4 lines
12-03 15:05:20.227   309  1753 E NetlinkEvent: NetlinkEvent::FindParam(): Parameter 'UID' not found
12-03 15:08:14.881   309  1753 E NetlinkEvent: NetlinkEvent::FindParam(): Parameter 'UID' not found
12-03 15:08:29.906   309  1753 E NetlinkEvent: NetlinkEvent::FindParam(): Parameter 'UID' not found
12-03 15:10:08.503  1789  1789 I chatty  : uid=1000 system_server expire 12 lines
12-03 15:10:10.720   259   259 I chatty  : uid=1000(system) /system/bin/surfaceflinger expire 24 lines
12-03 15:10:11.861   309  1753 E NetlinkEvent: NetlinkEvent::FindParam(): Parameter 'UID' not found
12-03 15:10:12.893  1789  2955 I chatty  : uid=1000(system) WifiService expire 1 line
12-03 15:10:19.828  1789  1814 I chatty  : uid=1000(system) PackageManager expire 6 lines
12-03 15:10:20.240  1789  5593 I chatty  : uid=1000(system) Binder_C expire 8 lines
12-03 15:10:20.300  3547  3547 I chatty  : uid=1000(system) expire 2 lines
12-03 15:10:20.411  1789  5399 I chatty  : uid=1000(system) Binder_A expire 3 lines
12-03 15:10:21.118  1789  4628 I chatty  : uid=1000(system) Binder_9 expire 6 lines
12-03 15:10:21.707  1789  1799 I chatty  : uid=1000(system) Binder_1 expire 2 lines
12-03 15:10:21.881  1789  8867 I chatty  : uid=1000(system) Binder_D expire 4 lines
12-03 15:10:22.877  3742  3760 D DefContainer: Copying /data/local/tmp/SeniorenApp.SeniorenApp-Signed.apk to base.apk
12-03 15:10:25.358  1789  3724 I chatty  : uid=1000(system) Binder_8 expire 2 lines
12-03 15:10:37.905   309  1753 E NetlinkEvent: NetlinkEvent::FindParam(): Parameter 'UID' not found
12-03 15:10:38.751   259   706 I chatty  : uid=1000(system) EventThread expire 11 lines
12-03 15:10:41.686  1789  2902 I chatty  : uid=1000(system) AlarmManager expire 10 lines
12-03 15:10:41.741  1789  1789 I chatty  : uid=1000 system_server expire 10 lines
12-03 15:11:59.030   309  1753 E NetlinkEvent: NetlinkEvent::FindParam(): Parameter 'UID' not found
12-03 15:12:00.643   259   259 I chatty  : uid=1000(system) /system/bin/surfaceflinger expire 5 lines
12-03 15:12:05.225  1789  1808 I chatty  : uid=1000(system) android.display expire 8 lines
12-03 15:12:06.042   259   259 I chatty  : uid=1000(system) /system/bin/surfaceflinger expire 21 lines
12-03 15:12:06.559  1789  1800 I chatty  : uid=1000(system) Binder_2 expire 3 lines
12-03 15:12:06.578  1789  3018 I chatty  : uid=1000(system) Binder_3 expire 2 lines
12-03 15:12:06.635  1789  3692 I chatty  : uid=1000(system) Binder_6 expire 1 line
12-03 15:12:07.205   259   706 I chatty  : uid=1000(system) EventThread expire 8 lines
12-03 15:12:07.538  1789  3019 I chatty  : uid=1000(system) Binder_4 expire 2 lines
12-03 15:12:12.270  1789  2956 I chatty  : uid=1000(system) ConnectivitySer expire 12 lines
12-03 15:12:14.064   309  1753 E NetlinkEvent: NetlinkEvent::FindParam(): Parameter 'UID' not found
12-03 15:12:53.835  1789  1805 I chatty  : uid=1000(system) android.fg expire 4 lines
12-03 15:12:54.223  1789  5399 I chatty  : uid=1000(system) Binder_A expire 2 lines
12-03 15:12:54.586  1789  4628 I chatty  : uid=1000(system) Binder_9 expire 3 lines
12-03 15:12:54.686  1789  1803 I chatty  : uid=1000(system) ActivityManager expire 4 lines
12-03 15:13:00.000  1789  2902 I chatty  : uid=1000(system) AlarmManager expire 10 lines
12-03 15:13:00.080  1789  1789 I chatty  : uid=1000 system_server expire 11 lines
12-03 15:14:03.963   309  1753 E NetlinkEvent: NetlinkEvent::FindParam(): Parameter 'UID' not found
12-03 15:14:28.865   309  1753 E NetlinkEvent: NetlinkEvent::FindParam(): Parameter 'UID' not found
12-03 15:14:54.806  1789  1811 I chatty  : uid=1000(system) PowerManagerSer expire 3 lines
12-03 15:15:01.228  3011  3011 D StatusBarKeyguardViewManager: showKeyguard, but hide Bouncer
12-03 15:15:01.406  4588  4588 I chatty  : uid=1000(system) expire 2 lines
12-03 15:15:01.430  1789  8867 I chatty  : uid=1000(system) Binder_D expire 2 lines
12-03 15:15:32.154   309  1753 E NetlinkEvent: NetlinkEvent::FindParam(): Parameter 'UID' not found
12-03 15:16:22.134  1789  2902 I chatty  : uid=1000(system) AlarmManager expire 10 lines
12-03 15:16:22.136   309  1753 E NetlinkEvent: NetlinkEvent::FindParam(): Parameter 'UID' not found
12-03 15:16:22.143  1789  1789 I chatty  : uid=1000 system_server expire 11 lines
12-03 15:16:22.145   309  1753 E NetlinkEvent: NetlinkEvent::FindParam(): Parameter 'UID' not found
12-03 15:20:41.951   309  1753 E NetlinkEvent: NetlinkEvent::FindParam(): Parameter 'UID' not found
12-03 15:30:20.400  1789  1802 I chatty  : uid=1000(system) android.bg expire 1 line
12-03 15:30:21.031   309  1753 E NetlinkEvent: NetlinkEvent::FindParam(): Parameter 'UID' not found
12-03 15:30:21.121  1789  3724 I chatty  : uid=1000(system) Binder_8 expire 1 line
12-03 15:30:38.143   309  1753 E NetlinkEvent: NetlinkEvent::FindParam(): Parameter 'UID' not found
12-03 15:30:38.144  1789  2902 I chatty  : uid=1000(system) AlarmManager expire 12 lines
12-03 15:30:38.166   309  1753 E NetlinkEvent: NetlinkEvent::FindParam(): Parameter 'UID' not found
12-03 15:32:55.154   309  1753 E NetlinkEvent: NetlinkEvent::FindParam(): Parameter 'UID' not found
12-03 15:34:21.392   309  1753 E NetlinkEvent: NetlinkEvent::FindParam(): Parameter 'UID' not found
12-03 15:34:21.395   309  1753 E NetlinkEvent: NetlinkEvent::FindParam(): Parameter 'UID' not found
12-03 15:34:38.200  1789  1789 I chatty  : uid=1000 system_server expire 19 lines
12-03 15:34:38.211   309  1753 E NetlinkEvent: NetlinkEvent::FindParam(): Parameter 'UID' not found
12-03 15:35:08.081   309  1753 E NetlinkEvent: NetlinkEvent::FindParam(): Parameter 'UID' not found
12-03 15:35:40.646   309  1753 E NetlinkEvent: NetlinkEvent::FindParam(): Parameter 'UID' not found
12-03 15:35:40.649   309  1753 E NetlinkEvent: NetlinkEvent::FindParam(): Parameter 'UID' not found
12-03 15:35:45.257   309  1753 E NetlinkEvent: NetlinkEvent::FindParam(): Parameter 'UID' not found
12-03 15:36:40.865   309  1753 E NetlinkEvent: NetlinkEvent::FindParam(): Parameter 'UID' not found
12-03 15:36:40.874   309  1753 E NetlinkEvent: NetlinkEvent::FindParam(): Parameter 'UID' not found
12-03 15:40:17.432   309  1753 E NetlinkEvent: NetlinkEvent::FindParam(): Parameter 'UID' not found
12-03 15:45:23.155   309  1753 E NetlinkEvent: NetlinkEvent::FindParam(): Parameter 'UID' not found
12-03 15:45:23.157  1789  2902 I chatty  : uid=1000(system) AlarmManager expire 11 lines
12-03 15:45:30.753  1789  1799 I chatty  : uid=1000(system) Binder_1 expire 1 line
12-03 15:45:30.763  1789  3510 I chatty  : uid=1000(system) Binder_5 expire 1 line
12-03 15:45:34.344  1789  2705 I chatty  : uid=1000(system) Binder_F expire 1 line
12-03 15:45:35.732  1789  5593 I chatty  : uid=1000(system) Binder_C expire 2 lines
12-03 15:45:41.406  1789  3693 I chatty  : uid=1000(system) Binder_7 expire 1 line
12-03 15:46:02.104   309  1753 E NetlinkEvent: NetlinkEvent::FindParam(): Parameter 'UID' not found
12-03 15:46:07.257   309  1753 E NetlinkEvent: NetlinkEvent::FindParam(): Parameter 'UID' not found
12-03 15:46:08.085   259   708 I chatty  : uid=1000(system) EventThread expire 11 lines
12-03 15:46:09.039   259   259 I chatty  : uid=1000(system) /system/bin/surfaceflinger expire 26 lines
12-03 15:46:50.786   309  1753 E NetlinkEvent: NetlinkEvent::FindParam(): Parameter 'UID' not found
12-03 15:46:55.718   309  1753 E NetlinkEvent: NetlinkEvent::FindParam(): Parameter 'UID' not found
12-03 15:46:55.838   259   259 I chatty  : uid=1000(system) /system/bin/surfaceflinger expire 17 lines
12-03 15:47:00.039  1789  1789 I chatty  : uid=1000 system_server expire 4 lines
12-03 15:47:01.496  1789  2956 I chatty  : uid=1000(system) ConnectivitySer expire 4 lines
12-03 15:47:15.426   309  1753 E NetlinkEvent: NetlinkEvent::FindParam(): Parameter 'UID' not found
12-03 15:47:23.944   309  1753 E NetlinkEvent: NetlinkEvent::FindParam(): Parameter 'UID' not found
12-03 15:47:34.794   259   708 I chatty  : uid=1000(system) EventThread expire 9 lines
12-03 15:47:45.610  3011  3011 V DeadZone: consuming errant click: (423.41193,0.07495117)
12-03 15:47:45.892   259   259 I chatty  : uid=1000(system) /system/bin/surfaceflinger expire 25 lines
12-03 15:48:18.708   259   708 I chatty  : uid=1000(system) EventThread expire 10 lines
12-03 15:48:25.466   309  1753 E NetlinkEvent: NetlinkEvent::FindParam(): Parameter 'UID' not found
12-03 15:48:26.110  1789  2956 I chatty  : uid=1000(system) ConnectivitySer expire 5 lines
12-03 15:48:31.838   309  1753 E NetlinkEvent: NetlinkEvent::FindParam(): Parameter 'UID' not found
12-03 15:48:32.820   259   259 I chatty  : uid=1000(system) /system/bin/surfaceflinger expire 10 lines
12-03 15:48:35.198  1789  2916 I chatty  : uid=1000(system) InputDispatcher expire 2 lines
12-03 15:48:35.380  1789  1808 I chatty  : uid=1000(system) android.display expire 11 lines
12-03 15:48:36.101  1789  3724 I chatty  : uid=1000(system) Binder_8 expire 1 line
12-03 15:48:37.062  1789  8868 I chatty  : uid=1000(system) Binder_E expire 2 lines
12-03 15:48:37.101  1789  3019 I chatty  : uid=1000(system) Binder_4 expire 2 lines
12-03 15:48:37.194  1789  8867 I chatty  : uid=1000(system) Binder_D expire 2 lines
12-03 15:48:38.205  1789  1803 I chatty  : uid=1000(system) ActivityManager expire 3 lines
12-03 15:48:38.303  1789  2917 I chatty  : uid=1000(system) InputReader expire 1 line
12-03 15:48:38.995  1789  1811 I chatty  : uid=1000(system) PowerManagerSer expire 12 lines
12-03 15:48:38.996  1789  1805 I chatty  : uid=1000(system) android.fg expire 7 lines
12-03 15:48:39.075  1789  1789 I chatty  : uid=1000 system_server expire 12 lines
12-03 15:48:39.122  5115  5115 I chatty  : uid=1000(system) expire 1 line
12-03 15:48:39.198  3011  3011 D StatusBarKeyguardViewManager: showKeyguard, but hide Bouncer
12-03 15:48:44.844  1789  2902 I chatty  : uid=1000(system) AlarmManager expire 10 lines
12-03 15:48:49.567  1789  5593 I chatty  : uid=1000(system) Binder_C expire 1 line
12-03 15:49:10.153   309  1753 E NetlinkEvent: NetlinkEvent::FindParam(): Parameter 'UID' not found
12-03 15:49:10.156  1789  1789 I chatty  : uid=1000 system_server expire 11 lines
12-03 15:49:10.160   309  1753 E NetlinkEvent: NetlinkEvent::FindParam(): Parameter 'UID' not found
12-03 15:49:10.222  3011  3011 D StatusBarKeyguardViewManager: showKeyguard, but hide Bouncer
12-03 15:51:02.131   309  1753 E NetlinkEvent: NetlinkEvent::FindParam(): Parameter 'UID' not found
12-03 15:51:25.148  1789  2902 I chatty  : uid=1000(system) AlarmManager expire 10 lines
12-03 15:52:39.012   309  1753 E NetlinkEvent: NetlinkEvent::FindParam(): Parameter 'UID' not found
12-03 15:52:39.016   309  1753 E NetlinkEvent: NetlinkEvent::FindParam(): Parameter 'UID' not found
12-03 15:54:27.201   309  1753 E NetlinkEvent: NetlinkEvent::FindParam(): Parameter 'UID' not found
12-03 15:55:58.149  1789  2902 I chatty  : uid=1000(system) AlarmManager expire 11 lines
12-03 15:55:58.150   309  1753 E NetlinkEvent: NetlinkEvent::FindParam(): Parameter 'UID' not found
12-03 15:55:58.195  1789  1789 I chatty  : uid=1000 system_server expire 11 lines
12-03 15:55:58.499   309  1753 E NetlinkEvent: NetlinkEvent::FindParam(): Parameter 'UID' not found
12-03 15:56:55.152   309  1753 E NetlinkEvent: NetlinkEvent::FindParam(): Parameter 'UID' not found
12-03 15:56:55.175   309  1753 E NetlinkEvent: NetlinkEvent::FindParam(): Parameter 'UID' not found
12-03 15:57:16.754   309  1753 E NetlinkEvent: NetlinkEvent::FindParam(): Parameter 'UID' not found
12-03 15:58:41.109   309  1753 E NetlinkEvent: NetlinkEvent::FindParam(): Parameter 'UID' not found
12-03 15:58:41.455  1789  3510 I chatty  : uid=1000(system) Binder_5 expire 1 line
12-03 16:00:56.010   309  1753 E NetlinkEvent: NetlinkEvent::FindParam(): Parameter 'UID' not found
12-03 16:01:01.842   309  1753 E NetlinkEvent: NetlinkEvent::FindParam(): Parameter 'UID' not found
12-03 16:01:04.934  1789  2902 I chatty  : uid=1000(system) AlarmManager expire 13 lines
12-03 16:01:04.947  1789  1789 I chatty  : uid=1000 system_server expire 12 lines
12-03 16:02:54.161   309  1753 E NetlinkEvent: NetlinkEvent::FindParam(): Parameter 'UID' not found
12-03 16:04:47.538  1789  1808 I chatty  : uid=1000(system) android.display expire 13 lines
12-03 16:04:49.208  1789  3692 I chatty  : uid=1000(system) Binder_6 expire 3 lines
12-03 16:05:00.053  3011  3011 D StatusBarKeyguardViewManager: showKeyguard, but hide Bouncer
12-03 16:05:00.155  1789  1789 I chatty  : uid=1000 system_server expire 10 lines
12-03 16:05:08.837   259   259 I chatty  : uid=1000(system) /system/bin/surfaceflinger expire 10 lines
12-03 16:06:04.311   309  1753 E NetlinkEvent: NetlinkEvent::FindParam(): Parameter 'UID' not found
12-03 16:06:36.164  1789  2902 I chatty  : uid=1000(system) AlarmManager expire 13 lines
12-03 16:06:36.167   309  1753 E NetlinkEvent: NetlinkEvent::FindParam(): Parameter 'UID' not found
12-03 16:14:25.162   309  1753 E NetlinkEvent: NetlinkEvent::FindParam(): Parameter 'UID' not found
12-03 16:14:25.163  1789  1789 I chatty  : uid=1000 system_server expire 12 lines
12-03 16:18:26.078   309  1753 E NetlinkEvent: NetlinkEvent::FindParam(): Parameter 'UID' not found
12-03 16:18:26.385   309  1753 E NetlinkEvent: NetlinkEvent::FindParam(): Parameter 'UID' not found
12-03 16:19:20.936   309  1753 E NetlinkEvent: NetlinkEvent::FindParam(): Parameter 'UID' not found
12-03 16:19:20.964  1789  1808 I chatty  : uid=1000(system) android.display expire 2 lines
12-03 16:19:21.939  1789  2902 I chatty  : uid=1000(system) AlarmManager expire 11 lines
12-03 16:19:26.048  1789  1802 I chatty  : uid=1000(system) android.bg expire 1 line
12-03 16:19:31.666   259   259 I chatty  : uid=1000(system) /system/bin/surfaceflinger expire 2 lines
12-03 16:21:51.170  3011  3011 D StatusBarKeyguardViewManager: showKeyguard, but hide Bouncer
12-03 16:21:51.272  1789  1789 I chatty  : uid=1000 system_server expire 7 lines
12-03 16:24:27.172  1789  2706 I chatty  : uid=1000(system) Binder_10 expire 2 lines
12-03 16:24:27.309  1789  1789 I chatty  : uid=1000 system_server expire 10 lines
12-03 16:30:20.162  1789  2902 I chatty  : uid=1000(system) AlarmManager expire 12 lines
12-03 16:30:20.336  1789  5593 I chatty  : uid=1000(system) Binder_C expire 2 lines
12-03 16:43:26.176   309  1753 E NetlinkEvent: NetlinkEvent::FindParam(): Parameter 'UID' not found
12-03 16:52:55.170   309  1753 E NetlinkEvent: NetlinkEvent::FindParam(): Parameter 'UID' not found
12-03 16:52:55.494  1789  3019 I chatty  : uid=1000(system) Binder_4 expire 3 lines
12-03 16:55:59.206  1789  1789 I chatty  : uid=1000 system_server expire 15 lines
12-03 16:55:59.248   309  1753 E NetlinkEvent: NetlinkEvent::FindParam(): Parameter 'UID' not found
12-03 16:55:59.543  1789  2902 I chatty  : uid=1000(system) AlarmManager expire 13 lines
12-03 16:59:44.930   309  1753 E NetlinkEvent: NetlinkEvent::FindParam(): Parameter 'UID' not found
12-03 16:59:48.666   309  1753 E NetlinkEvent: NetlinkEvent::FindParam(): Parameter 'UID' not found
12-03 17:01:49.218   309  1753 E NetlinkEvent: NetlinkEvent::FindParam(): Parameter 'UID' not found
12-03 17:06:37.230  1789  1789 I chatty  : uid=1000 system_server expire 10 lines
12-03 17:12:24.498   309  1753 E NetlinkEvent: NetlinkEvent::FindParam(): Parameter 'UID' not found
12-03 17:12:24.501   309  1753 E NetlinkEvent: NetlinkEvent::FindParam(): Parameter 'UID' not found
12-03 17:12:25.667   309  1753 E NetlinkEvent: NetlinkEvent::FindParam(): Parameter 'UID' not found
12-03 17:12:26.336  1789  2902 I chatty  : uid=1000(system) AlarmManager expire 13 lines
12-03 17:12:55.230   309  1753 E NetlinkEvent: NetlinkEvent::FindParam(): Parameter 'UID' not found
12-03 17:16:26.257   309  1753 E NetlinkEvent: NetlinkEvent::FindParam(): Parameter 'UID' not found
12-03 17:16:26.264   309  1753 E NetlinkEvent: NetlinkEvent::FindParam(): Parameter 'UID' not found
12-03 17:17:45.829   309  1753 E NetlinkEvent: NetlinkEvent::FindParam(): Parameter 'UID' not found
12-03 17:17:45.835   309  1753 E NetlinkEvent: NetlinkEvent::FindParam(): Parameter 'UID' not found
12-03 17:23:21.913   309  1753 E NetlinkEvent: NetlinkEvent::FindParam(): Parameter 'UID' not found
12-03 17:23:21.914   309  1753 E NetlinkEvent: NetlinkEvent::FindParam(): Parameter 'UID' not found
12-03 17:29:13.419  1789  4628 I chatty  : uid=1000(system) Binder_9 expire 4 lines
12-03 17:29:13.425  1789  1789 I chatty  : uid=1000 system_server expire 19 lines
12-03 17:29:13.428  1789  2705 I chatty  : uid=1000(system) Binder_F expire 1 line
12-03 17:29:13.433  1789  1805 I chatty  : uid=1000(system) android.fg expire 7 lines
12-03 17:29:13.459  1789  1808 I chatty  : uid=1000(system) android.display expire 7 lines
12-03 17:29:13.512  1789  2956 I chatty  : uid=1000(system) ConnectivitySer expire 4 lines
12-03 17:29:13.630   309  1753 E NetlinkEvent: NetlinkEvent::FindParam(): Parameter 'UID' not found
12-03 17:29:23.423  1789  1811 I chatty  : uid=1000(system) PowerManagerSer expire 10 lines
12-03 17:29:24.151   259   708 I chatty  : uid=1000(system) EventThread expire 2 lines
12-03 17:29:24.407  3011  3011 D StatusBarKeyguardViewManager: showKeyguard, but hide Bouncer
12-03 17:29:29.487   309  1753 E NetlinkEvent: NetlinkEvent::FindParam(): Parameter 'UID' not found
12-03 17:30:06.354   259   259 I chatty  : uid=1000(system) /system/bin/surfaceflinger expire 6 lines
12-03 17:30:06.961  1789  1789 I chatty  : uid=1000 system_server expire 10 lines
12-03 17:30:07.284  1789  3724 I chatty  : uid=1000(system) Binder_8 expire 1 line
12-03 17:30:07.301  1789  3510 I chatty  : uid=1000(system) Binder_5 expire 1 line
12-03 17:30:07.644  1789  3018 I chatty  : uid=1000(system) Binder_3 expire 2 lines
12-03 17:30:07.675  1789  1799 I chatty  : uid=1000(system) Binder_1 expire 1 line
12-03 17:30:07.676  1789  1803 I chatty  : uid=1000(system) ActivityManager expire 5 lines
12-03 17:30:07.951   309  1753 E NetlinkEvent: NetlinkEvent::FindParam(): Parameter 'UID' not found
12-03 17:30:08.496  1789  3693 I chatty  : uid=1000(system) Binder_7 expire 1 line
12-03 17:30:09.818  1789  2902 I chatty  : uid=1000(system) AlarmManager expire 18 lines
12-03 17:30:18.055  3011  3011 D StatusBarKeyguardViewManager: showKeyguard, but hide Bouncer
12-03 17:30:18.075  1789  2971 I chatty  : uid=1000(system) backup expire 1 line
12-03 17:30:42.094   309  1753 E NetlinkEvent: NetlinkEvent::FindParam(): Parameter 'UID' not found
12-03 17:32:42.229  1789  1789 I chatty  : uid=1000 system_server expire 16 lines
12-03 17:33:07.549  1789  8868 I chatty  : uid=1000(system) Binder_E expire 2 lines
12-03 17:33:07.755   309  1753 E NetlinkEvent: NetlinkEvent::FindParam(): Parameter 'UID' not found
12-03 17:34:08.234   309  1753 E NetlinkEvent: NetlinkEvent::FindParam(): Parameter 'UID' not found
12-03 17:34:08.868   309  1753 E NetlinkEvent: NetlinkEvent::FindParam(): Parameter 'UID' not found
12-03 17:35:08.236   309  1753 E NetlinkEvent: NetlinkEvent::FindParam(): Parameter 'UID' not found
12-03 17:41:28.231   309  1753 E NetlinkEvent: NetlinkEvent::FindParam(): Parameter 'UID' not found
12-03 17:42:03.043   309  1753 E NetlinkEvent: NetlinkEvent::FindParam(): Parameter 'UID' not found
12-03 17:54:08.525   309  1753 E NetlinkEvent: NetlinkEvent::FindParam(): Parameter 'UID' not found
12-03 17:54:43.364   309  1753 E NetlinkEvent: NetlinkEvent::FindParam(): Parameter 'UID' not found
12-03 17:56:00.228  1789  2902 I chatty  : uid=1000(system) AlarmManager expire 17 lines
12-03 17:56:00.266  1789  1789 I chatty  : uid=1000 system_server expire 17 lines
12-03 17:56:00.551   309  1753 E NetlinkEvent: NetlinkEvent::FindParam(): Parameter 'UID' not found
12-03 17:56:46.240   309  1753 E NetlinkEvent: NetlinkEvent::FindParam(): Parameter 'UID' not found
12-03 17:59:58.265   309  1753 E NetlinkEvent: NetlinkEvent::FindParam(): Parameter 'UID' not found
12-03 18:00:18.733   309  1753 E NetlinkEvent: NetlinkEvent::FindParam(): Parameter 'UID' not found
12-03 18:02:10.311  1789  1789 I chatty  : uid=1000 system_server expire 15 lines
12-03 18:02:10.463  1789  3692 I chatty  : uid=1000(system) Binder_6 expire 2 lines
12-03 18:02:10.655  1789  8867 I chatty  : uid=1000(system) Binder_D expire 1 line
12-03 18:02:11.192  1789  2902 I chatty  : uid=1000(system) AlarmManager expire 5 lines
12-03 18:02:20.058   259   706 I chatty  : uid=1000(system) EventThread expire 1 line
12-03 18:02:20.786   309  1753 E NetlinkEvent: NetlinkEvent::FindParam(): Parameter 'UID' not found
12-03 18:02:20.907  1789  1789 I chatty  : uid=1000 system_server expire 11 lines
12-03 18:02:21.631 21868  6380 D DownloadManager: Removed 0 stale downloads
12-03 18:02:21.696 21868  6380 D DownloadManager: Found 11 files in database
12-03 18:02:21.696 21868  6380 D DownloadManager: Found 0 files on disk
12-03 18:02:22.191   259   706 I chatty  : uid=1000(system) EventThread expire 8 lines
12-03 18:02:22.497  1789  5593 I chatty  : uid=1000(system) Binder_C expire 3 lines
12-03 18:02:36.572  1789  1803 I chatty  : uid=1000(system) ActivityManager expire 10 lines
12-03 18:02:37.470  1789  2902 I chatty  : uid=1000(system) AlarmManager expire 11 lines
12-03 18:02:43.609  1789  2956 I chatty  : uid=1000(system) ConnectivitySer expire 7 lines
12-03 18:02:57.896  1789  3692 I chatty  : uid=1000(system) Binder_6 expire 9 lines
12-03 18:03:00.135  1789  8867 I chatty  : uid=1000(system) Binder_D expire 7 lines
12-03 18:03:02.958  1789  2705 I chatty  : uid=1000(system) Binder_F expire 2 lines
12-03 18:03:02.988  1789  3510 I chatty  : uid=1000(system) Binder_5 expire 3 lines
12-03 18:03:03.494   259   259 I chatty  : uid=1000(system) /system/bin/surfaceflinger expire 10 lines
12-03 18:03:13.125   309  1753 E NetlinkEvent: NetlinkEvent::FindParam(): Parameter 'UID' not found
12-03 18:03:17.296  1789  3018 I chatty  : uid=1000(system) Binder_3 expire 5 lines
12-03 18:03:17.540  1789  1808 I chatty  : uid=1000(system) android.display expire 16 lines
12-03 18:03:17.572  1789  3724 I chatty  : uid=1000(system) Binder_8 expire 5 lines
12-03 18:03:58.533   309  1753 E NetlinkEvent: NetlinkEvent::FindParam(): Parameter 'UID' not found
12-03 18:04:00.051  1789  1789 I chatty  : uid=1000 system_server expire 11 lines
12-03 18:04:13.606   309  1753 E NetlinkEvent: NetlinkEvent::FindParam(): Parameter 'UID' not found
12-03 18:04:21.905  1789  1811 I chatty  : uid=1000(system) PowerManagerSer expire 3 lines
12-03 18:04:22.680  1789  1805 I chatty  : uid=1000(system) android.fg expire 2 lines
12-03 18:04:26.981  3011  3011 D StatusBarKeyguardViewManager: showKeyguard, but hide Bouncer
12-03 18:04:52.759   309  1753 E NetlinkEvent: NetlinkEvent::FindParam(): Parameter 'UID' not found
12-03 18:04:53.846  1789  2902 I chatty  : uid=1000(system) AlarmManager expire 13 lines
12-03 18:05:11.847   309  1753 E NetlinkEvent: NetlinkEvent::FindParam(): Parameter 'UID' not found
12-03 18:05:23.005   309  1753 E NetlinkEvent: NetlinkEvent::FindParam(): Parameter 'UID' not found
12-03 18:05:38.086   309  1753 E NetlinkEvent: NetlinkEvent::FindParam(): Parameter 'UID' not found
12-03 18:06:17.196   309  1753 E NetlinkEvent: NetlinkEvent::FindParam(): Parameter 'UID' not found
12-03 18:06:52.807   309  1753 E NetlinkEvent: NetlinkEvent::FindParam(): Parameter 'UID' not found
12-03 18:07:04.605   309  1753 E NetlinkEvent: NetlinkEvent::FindParam(): Parameter 'UID' not found
12-03 18:07:19.687   309  1753 E NetlinkEvent: NetlinkEvent::FindParam(): Parameter 'UID' not found
12-03 18:07:21.766   309  1753 E NetlinkEvent: NetlinkEvent::FindParam(): Parameter 'UID' not found
12-03 18:07:36.887   309  1753 E NetlinkEvent: NetlinkEvent::FindParam(): Parameter 'UID' not found
12-03 18:09:00.128  1789  1789 I chatty  : uid=1000 system_server expire 10 lines
12-03 18:10:27.446   309  1753 E NetlinkEvent: NetlinkEvent::FindParam(): Parameter 'UID' not found
12-03 18:10:28.300  1789  2902 I chatty  : uid=1000(system) AlarmManager expire 12 lines
12-03 18:10:52.807   309  1753 E NetlinkEvent: NetlinkEvent::FindParam(): Parameter 'UID' not found
12-03 18:11:27.250   309  1753 E NetlinkEvent: NetlinkEvent::FindParam(): Parameter 'UID' not found
12-03 18:11:42.327   309  1753 E NetlinkEvent: NetlinkEvent::FindParam(): Parameter 'UID' not found
12-03 18:12:22.485   309  1753 E NetlinkEvent: NetlinkEvent::FindParam(): Parameter 'UID' not found
12-03 18:12:22.508  1789  1789 I chatty  : uid=1000 system_server expire 15 lines
12-03 18:12:37.925   309  1753 E NetlinkEvent: NetlinkEvent::FindParam(): Parameter 'UID' not found
12-03 18:14:28.911   309  1753 E NetlinkEvent: NetlinkEvent::FindParam(): Parameter 'UID' not found
