11-29 10:31:35.831  1787  4627 I chatty  : uid=1000(system) Binder_8 expire 3 lines
11-29 10:31:35.895 32127 32127 I chatty  : uid=1000(system) expire 1 line
11-29 10:31:35.908  1787  1787 I chatty  : uid=1000 system_server expire 17 lines
11-29 10:31:35.920  1787  3031 I chatty  : uid=1000(system) Binder_4 expire 1 line
11-29 10:31:36.177   258   699 I chatty  : uid=1000(system) EventThread expire 10 lines
11-29 10:31:36.488   258   258 I chatty  : uid=1000(system) /system/bin/surfaceflinger expire 11 lines
11-29 10:31:36.916  1787  2915 I chatty  : uid=1000(system) InputDispatcher expire 6 lines
11-29 10:31:37.054  1787  1806 I chatty  : uid=1000(system) android.display expire 11 lines
11-29 10:31:41.448  1787  3029 I chatty  : uid=1000(system) Binder_3 expire 4 lines
11-29 10:31:41.632  1787  2954 I chatty  : uid=1000(system) WifiService expire 2 lines
11-29 10:31:44.643  1787  4201 I chatty  : uid=1000(system) Binder_7 expire 2 lines
11-29 10:31:46.914   305  1751 E NetlinkEvent: NetlinkEvent::FindParam(): Parameter 'UID' not found
11-29 10:31:48.465   258   258 I chatty  : uid=1000(system) /system/bin/surfaceflinger expire 10 lines
11-29 10:31:52.041  1787  2914 I chatty  : uid=1000(system) AlarmManager expire 15 lines
11-29 10:31:52.107   305  1751 E NetlinkEvent: NetlinkEvent::FindParam(): Parameter 'UID' not found
11-29 10:31:58.304  1787  3677 I chatty  : uid=1000(system) Binder_6 expire 4 lines
11-29 10:31:59.734  1787  6215 I chatty  : uid=1000(system) Binder_A expire 3 lines
11-29 10:32:04.255   305  1751 E NetlinkEvent: NetlinkEvent::FindParam(): Parameter 'UID' not found
11-29 10:32:05.929   258   258 I chatty  : uid=1000(system) /system/bin/surfaceflinger expire 10 lines
11-29 10:32:39.165  1787  6219 I chatty  : uid=1000(system) Binder_B expire 1 line
11-29 10:35:39.008  1787  1801 I chatty  : uid=1000(system) ActivityManager expire 8 lines
11-29 10:35:56.454   305  1751 E NetlinkEvent: NetlinkEvent::FindParam(): Parameter 'UID' not found
11-29 10:35:59.999  1787  2914 I chatty  : uid=1000(system) AlarmManager expire 12 lines
11-29 10:36:00.054  1787  1787 I chatty  : uid=1000 system_server expire 13 lines
11-29 10:36:06.494   305  1751 E NetlinkEvent: NetlinkEvent::FindParam(): Parameter 'UID' not found
11-29 10:36:54.205   305  1751 E NetlinkEvent: NetlinkEvent::FindParam(): Parameter 'UID' not found
11-29 10:37:04.994   305  1751 E NetlinkEvent: NetlinkEvent::FindParam(): Parameter 'UID' not found
11-29 10:37:17.694  1787  1804 I chatty  : uid=1000(system) FileObserver expire 3 lines
11-29 10:37:17.744  1787  1803 I chatty  : uid=1000(system) android.fg expire 11 lines
11-29 10:37:17.821  1787  1797 I chatty  : uid=1000(system) Binder_1 expire 3 lines
11-29 10:39:45.313  1787  1809 I chatty  : uid=1000(system) PowerManagerSer expire 3 lines
11-29 10:39:51.788  3000  3000 D StatusBarKeyguardViewManager: showKeyguard, but hide Bouncer
11-29 10:39:51.905  1787  1787 I chatty  : uid=1000 system_server expire 13 lines
11-29 10:39:51.968 32517 32517 I chatty  : uid=1000(system) expire 1 line
11-29 10:39:51.991  1787  1798 I chatty  : uid=1000(system) Binder_2 expire 1 line
11-29 10:39:56.671  1787  2914 I chatty  : uid=1000(system) AlarmManager expire 13 lines
11-29 10:40:23.684   305  1751 E NetlinkEvent: NetlinkEvent::FindParam(): Parameter 'UID' not found
11-29 10:41:44.110   305  1751 E NetlinkEvent: NetlinkEvent::FindParam(): Parameter 'UID' not found
11-29 10:41:44.522   305  1751 E NetlinkEvent: NetlinkEvent::FindParam(): Parameter 'UID' not found
11-29 10:41:44.537  1787  6220 I chatty  : uid=1000(system) Binder_C expire 2 lines
11-29 10:41:45.305  1787  6221 I chatty  : uid=1000(system) Binder_D expire 1 line
11-29 10:42:19.674   305  1751 E NetlinkEvent: NetlinkEvent::FindParam(): Parameter 'UID' not found
11-29 10:44:27.419   305  1751 E NetlinkEvent: NetlinkEvent::FindParam(): Parameter 'UID' not found
11-29 10:44:27.419  1787  2914 I chatty  : uid=1000(system) AlarmManager expire 11 lines
11-29 10:44:27.419   305  1751 E NetlinkEvent: NetlinkEvent::FindParam(): Parameter 'UID' not found
11-29 10:44:27.423  1787  1803 I chatty  : uid=1000(system) android.fg expire 2 lines
11-29 10:44:27.456  1787  1787 I chatty  : uid=1000 system_server expire 20 lines
11-29 10:44:45.292   305  1751 E NetlinkEvent: NetlinkEvent::FindParam(): Parameter 'UID' not found
11-29 10:44:45.296   305  1751 E NetlinkEvent: NetlinkEvent::FindParam(): Parameter 'UID' not found
11-29 10:44:45.637   305  1751 E NetlinkEvent: NetlinkEvent::FindParam(): Parameter 'UID' not found
11-29 10:44:46.329   258   258 I chatty  : uid=1000(system) /system/bin/surfaceflinger expire 10 lines
11-29 10:44:50.978   258   699 I chatty  : uid=1000(system) EventThread expire 3 lines
11-29 10:46:56.671   305  1751 E NetlinkEvent: NetlinkEvent::FindParam(): Parameter 'UID' not found
11-29 10:52:37.103  1787  1806 I chatty  : uid=1000(system) android.display expire 2 lines
11-29 10:52:37.649  1787  4628 I chatty  : uid=1000(system) Binder_9 expire 1 line
11-29 10:52:41.090   305  1751 E NetlinkEvent: NetlinkEvent::FindParam(): Parameter 'UID' not found
11-29 10:52:41.375   356   356 I chatty  : uid=1000(system) expire 1 line
11-29 10:52:41.393  1787  1787 I chatty  : uid=1000 system_server expire 4 lines
11-29 10:53:08.540   305  1751 E NetlinkEvent: NetlinkEvent::FindParam(): Parameter 'UID' not found
11-29 10:53:08.780   305  1751 E NetlinkEvent: NetlinkEvent::FindParam(): Parameter 'UID' not found
11-29 10:53:13.766   258   258 I chatty  : uid=1000(system) /system/bin/surfaceflinger expire 2 lines
11-29 10:53:18.800   305  1751 E NetlinkEvent: NetlinkEvent::FindParam(): Parameter 'UID' not found
11-29 10:53:29.340   305  1751 E NetlinkEvent: NetlinkEvent::FindParam(): Parameter 'UID' not found
11-29 10:53:37.767  1787  2914 I chatty  : uid=1000(system) AlarmManager expire 11 lines
11-29 10:53:37.772  1787  1787 I chatty  : uid=1000 system_server expire 10 lines
11-29 10:53:39.360   305  1751 E NetlinkEvent: NetlinkEvent::FindParam(): Parameter 'UID' not found
11-29 10:54:10.380   305  1751 E NetlinkEvent: NetlinkEvent::FindParam(): Parameter 'UID' not found
11-29 10:54:20.400   305  1751 E NetlinkEvent: NetlinkEvent::FindParam(): Parameter 'UID' not found
11-29 10:54:43.750  1787  1809 I chatty  : uid=1000(system) PowerManagerSer expire 3 lines
11-29 10:54:44.276  1787  1806 I chatty  : uid=1000(system) android.display expire 13 lines
11-29 10:54:44.304   258   699 I chatty  : uid=1000(system) EventThread expire 13 lines
11-29 10:54:44.383  1787  6219 I chatty  : uid=1000(system) Binder_B expire 2 lines
11-29 10:54:44.555   305  1751 E NetlinkEvent: NetlinkEvent::FindParam(): Parameter 'UID' not found
11-29 10:54:44.558  1787  1803 I chatty  : uid=1000(system) android.fg expire 2 lines
11-29 10:54:44.641   356   356 I chatty  : uid=1000(system) expire 2 lines
11-29 10:54:50.803  3000  3000 D StatusBarKeyguardViewManager: showKeyguard, but hide Bouncer
11-29 10:55:14.681   305  1751 E NetlinkEvent: NetlinkEvent::FindParam(): Parameter 'UID' not found
11-29 10:55:14.694   305  1751 E NetlinkEvent: NetlinkEvent::FindParam(): Parameter 'UID' not found
11-29 10:55:14.750  1787  1787 I chatty  : uid=1000 system_server expire 11 lines
11-29 10:57:18.671  1787  2914 I chatty  : uid=1000(system) AlarmManager expire 12 lines
11-29 10:57:18.674   305  1751 E NetlinkEvent: NetlinkEvent::FindParam(): Parameter 'UID' not found
11-29 11:03:18.055   258   258 I chatty  : uid=1000(system) /system/bin/surfaceflinger expire 10 lines
11-29 11:03:22.680  1787  4628 I chatty  : uid=1000(system) Binder_9 expire 2 lines
11-29 11:03:22.684  1787  6221 I chatty  : uid=1000(system) Binder_D expire 2 lines
11-29 11:03:26.849   305  1751 E NetlinkEvent: NetlinkEvent::FindParam(): Parameter 'UID' not found
11-29 11:03:26.867  1787  3029 I chatty  : uid=1000(system) Binder_3 expire 4 lines
11-29 11:03:26.983  1787  1787 I chatty  : uid=1000 system_server expire 10 lines
11-29 11:03:37.660   305  1751 E NetlinkEvent: NetlinkEvent::FindParam(): Parameter 'UID' not found
11-29 11:03:42.236  1787  1798 I chatty  : uid=1000(system) Binder_2 expire 2 lines
11-29 11:03:42.282  1787  3031 I chatty  : uid=1000(system) Binder_4 expire 4 lines
11-29 11:03:42.662   305  1751 E NetlinkEvent: NetlinkEvent::FindParam(): Parameter 'UID' not found
11-29 11:03:44.680  1787  6220 I chatty  : uid=1000(system) Binder_C expire 6 lines
11-29 11:03:44.689   258   258 I chatty  : uid=1000(system) /system/bin/surfaceflinger expire 14 lines
11-29 11:03:54.872  1787  1801 I chatty  : uid=1000(system) ActivityManager expire 5 lines
11-29 11:04:05.620   305  1751 E NetlinkEvent: NetlinkEvent::FindParam(): Parameter 'UID' not found
11-29 11:04:07.007   258   258 I chatty  : uid=1000(system) /system/bin/surfaceflinger expire 10 lines
11-29 11:04:22.960  1787  2914 I chatty  : uid=1000(system) AlarmManager expire 9 lines
11-29 11:04:23.069  1787  4201 I chatty  : uid=1000(system) Binder_7 expire 4 lines
11-29 11:04:23.205   305  1751 E NetlinkEvent: NetlinkEvent::FindParam(): Parameter 'UID' not found
11-29 11:04:25.378   616   616 E ActivityThread: Performing pause of activity that is not resumed: {de.cellular.tagesschau/de.cellular.tagesschau.Home}
11-29 11:04:25.378   616   616 E ActivityThread: java.lang.RuntimeException: Performing pause of activity that is not resumed: {de.cellular.tagesschau/de.cellular.tagesschau.Home}
11-29 11:04:25.378   616   616 E ActivityThread: 	at android.app.ActivityThread.performPauseActivity(ActivityThread.java:3373)
11-29 11:04:25.378   616   616 E ActivityThread: 	at android.app.ActivityThread.performPauseActivity(ActivityThread.java:3361)
11-29 11:04:25.378   616   616 E ActivityThread: 	at android.app.ActivityThread.handlePauseActivity(ActivityThread.java:3336)
11-29 11:04:25.378   616   616 E ActivityThread: 	at android.app.ActivityThread.-wrap13(ActivityThread.java)
11-29 11:04:25.378   616   616 E ActivityThread: 	at android.app.ActivityThread$H.handleMessage(ActivityThread.java:1365)
11-29 11:04:25.378   616   616 E ActivityThread: 	at android.os.Handler.dispatchMessage(Handler.java:102)
11-29 11:04:25.378   616   616 E ActivityThread: 	at android.os.Looper.loop(Looper.java:148)
11-29 11:04:25.378   616   616 E ActivityThread: 	at android.app.ActivityThread.main(ActivityThread.java:5443)
11-29 11:04:25.378   616   616 E ActivityThread: 	at java.lang.reflect.Method.invoke(Native Method)
11-29 11:04:25.378   616   616 E ActivityThread: 	at com.android.internal.os.ZygoteInit$MethodAndArgsCaller.run(ZygoteInit.java:728)
11-29 11:04:25.378   616   616 E ActivityThread: 	at com.android.internal.os.ZygoteInit.main(ZygoteInit.java:618)
11-29 11:04:25.495   616   616 E ActivityThread: Performing stop of activity that is not resumed: {de.cellular.tagesschau/de.cellular.tagesschau.Home}
11-29 11:04:25.495   616   616 E ActivityThread: java.lang.RuntimeException: Performing stop of activity that is not resumed: {de.cellular.tagesschau/de.cellular.tagesschau.Home}
11-29 11:04:25.495   616   616 E ActivityThread: 	at android.app.ActivityThread.performStopActivityInner(ActivityThread.java:3486)
11-29 11:04:25.495   616   616 E ActivityThread: 	at android.app.ActivityThread.handleStopActivity(ActivityThread.java:3571)
11-29 11:04:25.495   616   616 E ActivityThread: 	at android.app.ActivityThread.-wrap20(ActivityThread.java)
11-29 11:04:25.495   616   616 E ActivityThread: 	at android.app.ActivityThread$H.handleMessage(ActivityThread.java:1383)
11-29 11:04:25.495   616   616 E ActivityThread: 	at android.os.Handler.dispatchMessage(Handler.java:102)
11-29 11:04:25.495   616   616 E ActivityThread: 	at android.os.Looper.loop(Looper.java:148)
11-29 11:04:25.495   616   616 E ActivityThread: 	at android.app.ActivityThread.main(ActivityThread.java:5443)
11-29 11:04:25.495   616   616 E ActivityThread: 	at java.lang.reflect.Method.invoke(Native Method)
11-29 11:04:25.495   616   616 E ActivityThread: 	at com.android.internal.os.ZygoteInit$MethodAndArgsCaller.run(ZygoteInit.java:728)
11-29 11:04:25.495   616   616 E ActivityThread: 	at com.android.internal.os.ZygoteInit.main(ZygoteInit.java:618)
11-29 11:04:26.155   258   699 I chatty  : uid=1000(system) EventThread expire 11 lines
11-29 11:04:27.359   258   258 I chatty  : uid=1000(system) /system/bin/surfaceflinger expire 24 lines
11-29 11:04:29.199  1787  3677 I chatty  : uid=1000(system) Binder_6 expire 4 lines
11-29 11:04:35.981  1787  3675 I chatty  : uid=1000(system) Binder_5 expire 2 lines
11-29 11:04:38.076  1787  1797 I chatty  : uid=1000(system) Binder_1 expire 2 lines
11-29 11:05:07.861   305  1751 E NetlinkEvent: NetlinkEvent::FindParam(): Parameter 'UID' not found
11-29 11:05:22.991  1787  1787 I chatty  : uid=1000 system_server expire 7 lines
11-29 11:05:37.728   258   258 I chatty  : uid=1000(system) /system/bin/surfaceflinger expire 10 lines
11-29 11:05:44.756   305  1751 E NetlinkEvent: NetlinkEvent::FindParam(): Parameter 'UID' not found
11-29 11:05:47.526   258   699 I chatty  : uid=1000(system) EventThread expire 11 lines
11-29 11:05:56.023   305  1751 E NetlinkEvent: NetlinkEvent::FindParam(): Parameter 'UID' not found
11-29 11:05:57.794   258   258 I chatty  : uid=1000(system) /system/bin/surfaceflinger expire 24 lines
11-29 11:06:39.464  1787  6215 I chatty  : uid=1000(system) Binder_A expire 2 lines
11-29 11:06:54.288  1787  1801 I chatty  : uid=1000(system) ActivityManager expire 8 lines
11-29 11:06:54.569   258   258 I chatty  : uid=1000(system) /system/bin/surfaceflinger expire 10 lines
11-29 11:06:54.847   258   699 I chatty  : uid=1000(system) EventThread expire 18 lines
11-29 11:06:59.999  1787  2914 I chatty  : uid=1000(system) AlarmManager expire 11 lines
11-29 11:07:00.046  1787  1787 I chatty  : uid=1000 system_server expire 10 lines
11-29 11:07:00.421  1787  2915 I chatty  : uid=1000(system) InputDispatcher expire 6 lines
11-29 11:07:00.614   305  1751 E NetlinkEvent: NetlinkEvent::FindParam(): Parameter 'UID' not found
11-29 11:07:00.632  1787  1806 I chatty  : uid=1000(system) android.display expire 10 lines
11-29 11:07:01.182  1787  1797 I chatty  : uid=1000(system) Binder_1 expire 1 line
11-29 11:07:02.832  1787  1798 I chatty  : uid=1000(system) Binder_2 expire 3 lines
11-29 11:07:02.865  1787  6221 I chatty  : uid=1000(system) Binder_D expire 4 lines
11-29 11:07:02.972  1787  3675 I chatty  : uid=1000(system) Binder_5 expire 8 lines
11-29 11:07:02.972  1787  2955 I chatty  : uid=1000(system) ConnectivitySer expire 4 lines
11-29 11:07:13.081   305  1751 E NetlinkEvent: NetlinkEvent::FindParam(): Parameter 'UID' not found
11-29 11:07:19.992  1787  1803 I chatty  : uid=1000(system) android.fg expire 10 lines
11-29 11:07:20.109  1787  1804 I chatty  : uid=1000(system) FileObserver expire 7 lines
11-29 11:07:21.629  1787  3031 I chatty  : uid=1000(system) Binder_4 expire 4 lines
11-29 11:07:21.689  1787  6219 I chatty  : uid=1000(system) Binder_B expire 2 lines
11-29 11:07:21.969   258   258 I chatty  : uid=1000(system) /system/bin/surfaceflinger expire 10 lines
11-29 11:07:30.458  1787  4628 I chatty  : uid=1000(system) Binder_9 expire 1 line
11-29 11:07:42.057   305  1751 E NetlinkEvent: NetlinkEvent::FindParam(): Parameter 'UID' not found
11-29 11:07:54.820   305  1751 E NetlinkEvent: NetlinkEvent::FindParam(): Parameter 'UID' not found
11-29 11:08:00.229   305  1751 E NetlinkEvent: NetlinkEvent::FindParam(): Parameter 'UID' not found
11-29 11:08:10.980   305  1751 E NetlinkEvent: NetlinkEvent::FindParam(): Parameter 'UID' not found
11-29 11:08:31.783  1787  1787 I chatty  : uid=1000 system_server expire 20 lines
11-29 11:08:31.792   305  1751 E NetlinkEvent: NetlinkEvent::FindParam(): Parameter 'UID' not found
11-29 11:08:43.061   305  1751 E NetlinkEvent: NetlinkEvent::FindParam(): Parameter 'UID' not found
11-29 11:08:47.818   305  1751 E NetlinkEvent: NetlinkEvent::FindParam(): Parameter 'UID' not found
11-29 11:08:57.861   305  1751 E NetlinkEvent: NetlinkEvent::FindParam(): Parameter 'UID' not found
11-29 11:09:00.000  1787  2914 I chatty  : uid=1000(system) AlarmManager expire 15 lines
11-29 11:09:47.143   305  1751 E NetlinkEvent: NetlinkEvent::FindParam(): Parameter 'UID' not found
11-29 11:09:58.221   305  1751 E NetlinkEvent: NetlinkEvent::FindParam(): Parameter 'UID' not found
11-29 11:11:36.370  1787  3029 I chatty  : uid=1000(system) Binder_3 expire 1 line
11-29 11:11:36.512  1787  4627 I chatty  : uid=1000(system) Binder_8 expire 3 lines
11-29 11:11:50.323  1787  4201 I chatty  : uid=1000(system) Binder_7 expire 2 lines
11-29 11:12:00.447   305  1751 E NetlinkEvent: NetlinkEvent::FindParam(): Parameter 'UID' not found
11-29 11:12:00.470  1787  1787 I chatty  : uid=1000 system_server expire 7 lines
11-29 11:12:03.598  1787  3677 I chatty  : uid=1000(system) Binder_6 expire 2 lines
11-29 11:12:03.739  1787  1806 I chatty  : uid=1000(system) android.display expire 4 lines
11-29 11:12:11.740   305  1751 E NetlinkEvent: NetlinkEvent::FindParam(): Parameter 'UID' not found
11-29 11:12:16.465   258   258 I chatty  : uid=1000(system) /system/bin/surfaceflinger expire 26 lines
11-29 11:12:18.158  1787  2954 I chatty  : uid=1000(system) WifiService expire 1 line
11-29 11:12:25.891  1787  1800 I chatty  : uid=1000(system) android.bg expire 1 line
11-29 11:12:28.606  1787  2914 I chatty  : uid=1000(system) AlarmManager expire 6 lines
11-29 11:12:45.323  1787  6220 I chatty  : uid=1000(system) Binder_C expire 1 line
11-29 11:12:45.325   305  1751 E NetlinkEvent: NetlinkEvent::FindParam(): Parameter 'UID' not found
11-29 11:12:46.914   258   699 I chatty  : uid=1000(system) EventThread expire 11 lines
11-29 11:12:47.020   258   258 I chatty  : uid=1000(system) /system/bin/surfaceflinger expire 24 lines
11-29 11:12:56.020   305  1751 E NetlinkEvent: NetlinkEvent::FindParam(): Parameter 'UID' not found
11-29 11:13:25.908  1787  1803 I chatty  : uid=1000(system) android.fg expire 15 lines
11-29 11:13:26.949  1787  1804 I chatty  : uid=1000(system) FileObserver expire 5 lines
11-29 11:13:27.016   258   699 I chatty  : uid=1000(system) EventThread expire 14 lines
11-29 11:13:27.288   258   258 I chatty  : uid=1000(system) /system/bin/surfaceflinger expire 10 lines
11-29 11:13:35.715  1787  2915 I chatty  : uid=1000(system) InputDispatcher expire 6 lines
11-29 11:13:35.900  1787  1806 I chatty  : uid=1000(system) android.display expire 12 lines
11-29 11:13:36.268  1787  3029 I chatty  : uid=1000(system) Binder_3 expire 2 lines
11-29 11:13:36.412  1787  6220 I chatty  : uid=1000(system) Binder_C expire 2 lines
11-29 11:13:36.531  1787  4627 I chatty  : uid=1000(system) Binder_8 expire 2 lines
11-29 11:13:37.960  1787  6215 I chatty  : uid=1000(system) Binder_A expire 7 lines
11-29 11:13:38.041  1787  1798 I chatty  : uid=1000(system) Binder_2 expire 2 lines
11-29 11:13:38.042  1787  2954 I chatty  : uid=1000(system) WifiService expire 1 line
11-29 11:13:38.044  1787  4628 I chatty  : uid=1000(system) Binder_9 expire 1 line
11-29 11:13:46.597  1787  2914 I chatty  : uid=1000(system) AlarmManager expire 12 lines
11-29 11:13:46.602  1787  1787 I chatty  : uid=1000 system_server expire 11 lines
11-29 11:14:00.032  1787  3677 I chatty  : uid=1000(system) Binder_6 expire 5 lines
11-29 11:14:11.698   305  1751 E NetlinkEvent: NetlinkEvent::FindParam(): Parameter 'UID' not found
11-29 11:14:14.181  1787  3031 I chatty  : uid=1000(system) Binder_4 expire 3 lines
11-29 11:14:14.438  1787  1801 I chatty  : uid=1000(system) ActivityManager expire 11 lines
11-29 11:14:24.595  1787  3675 I chatty  : uid=1000(system) Binder_5 expire 4 lines
11-29 11:14:34.520   305  1751 E NetlinkEvent: NetlinkEvent::FindParam(): Parameter 'UID' not found
11-29 11:14:45.139   258   258 I chatty  : uid=1000(system) /system/bin/surfaceflinger expire 27 lines
11-29 11:14:46.782   305  1751 E NetlinkEvent: NetlinkEvent::FindParam(): Parameter 'UID' not found
11-29 11:14:50.700  1787  1787 I chatty  : uid=1000 system_server expire 10 lines
11-29 11:14:57.540   305  1751 E NetlinkEvent: NetlinkEvent::FindParam(): Parameter 'UID' not found
11-29 11:15:44.234  1787  4524 I chatty  : uid=1000(system) UsbDebuggingMan expire 2 lines
11-29 11:16:00.461   305  1751 E NetlinkEvent: NetlinkEvent::FindParam(): Parameter 'UID' not found
11-29 11:16:11.660   305  1751 E NetlinkEvent: NetlinkEvent::FindParam(): Parameter 'UID' not found
11-29 11:17:00.000  1787  2914 I chatty  : uid=1000(system) AlarmManager expire 13 lines
11-29 11:17:00.033  1787  1787 I chatty  : uid=1000 system_server expire 10 lines
11-29 11:17:56.900   305  1751 E NetlinkEvent: NetlinkEvent::FindParam(): Parameter 'UID' not found
11-29 11:18:20.487   305  1751 E NetlinkEvent: NetlinkEvent::FindParam(): Parameter 'UID' not found
11-29 11:18:30.520   305  1751 E NetlinkEvent: NetlinkEvent::FindParam(): Parameter 'UID' not found
11-29 11:19:19.002   305  1751 E NetlinkEvent: NetlinkEvent::FindParam(): Parameter 'UID' not found
11-29 11:19:29.780   305  1751 E NetlinkEvent: NetlinkEvent::FindParam(): Parameter 'UID' not found
11-29 11:20:00.044  1787  1787 I chatty  : uid=1000 system_server expire 38 lines
11-29 11:20:11.496  3000  3000 V DeadZone: consuming errant click: (380.4716,22.05774)
11-29 11:20:15.811  1787  4201 I chatty  : uid=1000(system) Binder_7 expire 3 lines
11-29 11:21:00.000  1787  2914 I chatty  : uid=1000(system) AlarmManager expire 25 lines
11-29 11:23:24.175  1787  1797 I chatty  : uid=1000(system) Binder_1 expire 1 line
11-29 11:24:52.558  1787  6221 I chatty  : uid=1000(system) Binder_D expire 2 lines
11-29 11:24:53.483  1787  6219 I chatty  : uid=1000(system) Binder_B expire 1 line
11-29 11:26:39.790  1787  1800 I chatty  : uid=1000(system) android.bg expire 3 lines
11-29 11:28:00.002  1787  2914 I chatty  : uid=1000(system) AlarmManager expire 12 lines
11-29 11:28:00.047  1787  1787 I chatty  : uid=1000 system_server expire 13 lines
11-29 11:28:16.841   258   699 I chatty  : uid=1000(system) EventThread expire 10 lines
11-29 11:28:16.951   258   258 I chatty  : uid=1000(system) /system/bin/surfaceflinger expire 10 lines
11-29 11:28:51.770  1787  1797 I chatty  : uid=1000(system) Binder_1 expire 10 lines
11-29 11:28:51.886  1787  1806 I chatty  : uid=1000(system) android.display expire 7 lines
11-29 11:28:54.552  1787  1798 I chatty  : uid=1000(system) Binder_2 expire 1 line
11-29 11:30:19.687   305  1751 E NetlinkEvent: NetlinkEvent::FindParam(): Parameter 'UID' not found
11-29 11:30:33.501   305  1751 E NetlinkEvent: NetlinkEvent::FindParam(): Parameter 'UID' not found
11-29 11:30:38.198  1787  1801 I chatty  : uid=1000(system) ActivityManager expire 10 lines
11-29 11:30:38.232   305  1751 E NetlinkEvent: NetlinkEvent::FindParam(): Parameter 'UID' not found
11-29 11:30:49.580   305  1751 E NetlinkEvent: NetlinkEvent::FindParam(): Parameter 'UID' not found
11-29 11:30:59.999  1787  2914 I chatty  : uid=1000(system) AlarmManager expire 14 lines
11-29 11:31:00.049  1787  1787 I chatty  : uid=1000 system_server expire 15 lines
11-29 11:31:54.261   305  1751 E NetlinkEvent: NetlinkEvent::FindParam(): Parameter 'UID' not found
11-29 11:32:07.020   305  1751 E NetlinkEvent: NetlinkEvent::FindParam(): Parameter 'UID' not found
11-29 11:34:38.226   305  1751 E NetlinkEvent: NetlinkEvent::FindParam(): Parameter 'UID' not found
11-29 11:34:38.348  1787  3677 I chatty  : uid=1000(system) Binder_6 expire 5 lines
11-29 11:34:49.541   305  1751 E NetlinkEvent: NetlinkEvent::FindParam(): Parameter 'UID' not found
11-29 11:35:00.000  1787  2914 I chatty  : uid=1000(system) AlarmManager expire 12 lines
11-29 11:35:00.062  1787  1787 I chatty  : uid=1000 system_server expire 12 lines
11-29 11:35:57.880   305  1751 E NetlinkEvent: NetlinkEvent::FindParam(): Parameter 'UID' not found
11-29 11:36:07.901   305  1751 E NetlinkEvent: NetlinkEvent::FindParam(): Parameter 'UID' not found
11-29 11:36:56.963   305  1751 E NetlinkEvent: NetlinkEvent::FindParam(): Parameter 'UID' not found
11-29 11:37:07.821   305  1751 E NetlinkEvent: NetlinkEvent::FindParam(): Parameter 'UID' not found
11-29 11:38:34.058   305  1751 E NetlinkEvent: NetlinkEvent::FindParam(): Parameter 'UID' not found
11-29 11:38:44.632  1787  2914 I chatty  : uid=1000(system) AlarmManager expire 11 lines
11-29 11:38:44.637  1787  1787 I chatty  : uid=1000 system_server expire 11 lines
11-29 11:38:45.141   305  1751 E NetlinkEvent: NetlinkEvent::FindParam(): Parameter 'UID' not found
11-29 11:40:00.168   258   258 I chatty  : uid=1000(system) /system/bin/surfaceflinger expire 16 lines
11-29 11:40:23.202   305  1751 E NetlinkEvent: NetlinkEvent::FindParam(): Parameter 'UID' not found
11-29 11:40:24.320  1787  4201 I chatty  : uid=1000(system) Binder_7 expire 3 lines
11-29 11:40:34.821   305  1751 E NetlinkEvent: NetlinkEvent::FindParam(): Parameter 'UID' not found
11-29 11:40:46.024   305  1751 E NetlinkEvent: NetlinkEvent::FindParam(): Parameter 'UID' not found
11-29 11:41:06.901   305  1751 E NetlinkEvent: NetlinkEvent::FindParam(): Parameter 'UID' not found
11-29 11:41:44.656  1787  2914 I chatty  : uid=1000(system) AlarmManager expire 11 lines
11-29 11:41:44.662  1787  1787 I chatty  : uid=1000 system_server expire 14 lines
11-29 11:43:39.947  1787  3029 I chatty  : uid=1000(system) Binder_3 expire 5 lines
11-29 11:43:40.015  1787  4628 I chatty  : uid=1000(system) Binder_9 expire 5 lines
11-29 11:43:42.414  1787  1812 I chatty  : uid=1000(system) PackageManager expire 10 lines
11-29 11:43:42.465  1787  6221 I chatty  : uid=1000(system) Binder_D expire 5 lines
11-29 11:43:42.515  1787  6220 I chatty  : uid=1000(system) Binder_C expire 5 lines
11-29 11:43:42.655  3906  3906 I chatty  : uid=1000(system) expire 1 line
11-29 11:43:42.683  1787  4627 I chatty  : uid=1000(system) Binder_8 expire 3 lines
11-29 11:43:44.423  1787  3031 I chatty  : uid=1000(system) Binder_4 expire 2 lines
11-29 11:43:45.151  1787  2217 I chatty  : uid=1000(system) Binder_E expire 4 lines
11-29 11:43:57.193  1787  3675 I chatty  : uid=1000(system) Binder_5 expire 5 lines
11-29 11:43:57.267  4208  4208 I chatty  : uid=1000(system) expire 1 line
11-29 11:44:05.030   305  1751 E NetlinkEvent: NetlinkEvent::FindParam(): Parameter 'UID' not found
11-29 11:44:07.543  4391  4401 D DefContainer: Copying /data/local/tmp/Mono.Android.Platform.ApiLevel_24.apk to base.apk
11-29 11:44:14.562  4391  4401 D DefContainer: Copying /data/local/tmp/SeniorenApp.SeniorenApp-Signed.apk to base.apk
11-29 11:44:16.073  1787  1812 I chatty  : uid=1000(system) PackageManager expire 2 lines
11-29 11:44:23.831   258   258 I chatty  : uid=1000(system) /system/bin/surfaceflinger expire 5 lines
11-29 11:44:24.620   305  1751 E NetlinkEvent: NetlinkEvent::FindParam(): Parameter 'UID' not found
11-29 11:44:24.970  1787  1787 I chatty  : uid=1000 system_server expire 2 lines
11-29 11:44:26.676   258   699 I chatty  : uid=1000(system) EventThread expire 12 lines
11-29 11:44:30.534   258   258 I chatty  : uid=1000(system) /system/bin/surfaceflinger expire 12 lines
11-29 11:44:31.363  1787  2914 I chatty  : uid=1000(system) AlarmManager expire 14 lines
11-29 11:44:31.377  1787  1787 I chatty  : uid=1000 system_server expire 18 lines
11-29 11:44:31.489  1787  6219 I chatty  : uid=1000(system) Binder_B expire 4 lines
11-29 11:44:31.584  1787  1806 I chatty  : uid=1000(system) android.display expire 16 lines
11-29 11:44:31.604  1787  2217 I chatty  : uid=1000(system) Binder_E expire 3 lines
11-29 11:44:31.667  1787  1797 I chatty  : uid=1000(system) Binder_1 expire 6 lines
11-29 11:44:32.296  1787  4627 I chatty  : uid=1000(system) Binder_8 expire 5 lines
11-29 11:44:50.400   305  1751 E NetlinkEvent: NetlinkEvent::FindParam(): Parameter 'UID' not found
11-29 11:45:00.014  1787  1801 I chatty  : uid=1000(system) ActivityManager expire 8 lines
11-29 11:45:07.861   305  1751 E NetlinkEvent: NetlinkEvent::FindParam(): Parameter 'UID' not found
11-29 11:45:40.229  1787  1803 I chatty  : uid=1000(system) android.fg expire 15 lines
11-29 11:45:40.497  1787  4628 I chatty  : uid=1000(system) Binder_9 expire 3 lines
11-29 11:45:49.463   305  1751 E NetlinkEvent: NetlinkEvent::FindParam(): Parameter 'UID' not found
11-29 11:45:50.695  1787  3677 I chatty  : uid=1000(system) Binder_6 expire 3 lines
11-29 11:46:07.860   305  1751 E NetlinkEvent: NetlinkEvent::FindParam(): Parameter 'UID' not found
11-29 11:46:41.999  1787  1804 I chatty  : uid=1000(system) FileObserver expire 8 lines
11-29 11:46:43.599  1787  4201 I chatty  : uid=1000(system) Binder_7 expire 3 lines
11-29 11:47:29.299  1787  3675 I chatty  : uid=1000(system) Binder_5 expire 5 lines
11-29 11:47:36.148  1787  2915 I chatty  : uid=1000(system) InputDispatcher expire 2 lines
11-29 11:47:38.021  1787  1798 I chatty  : uid=1000(system) Binder_2 expire 1 line
11-29 11:48:58.550   305  1751 E NetlinkEvent: NetlinkEvent::FindParam(): Parameter 'UID' not found
11-29 11:49:00.001  1787  2914 I chatty  : uid=1000(system) AlarmManager expire 15 lines
11-29 11:49:00.057  1787  1787 I chatty  : uid=1000 system_server expire 23 lines
11-29 11:49:10.580   305  1751 E NetlinkEvent: NetlinkEvent::FindParam(): Parameter 'UID' not found
11-29 11:49:11.911   258   258 I chatty  : uid=1000(system) /system/bin/surfaceflinger expire 10 lines
11-29 11:49:13.854  1787  3029 I chatty  : uid=1000(system) Binder_3 expire 5 lines
11-29 11:49:13.919  1787  6221 I chatty  : uid=1000(system) Binder_D expire 1 line
11-29 11:49:24.366  1787  3031 I chatty  : uid=1000(system) Binder_4 expire 2 lines
11-29 11:49:28.176  1787  6215 I chatty  : uid=1000(system) Binder_A expire 1 line
11-29 11:53:01.280   305  1751 E NetlinkEvent: NetlinkEvent::FindParam(): Parameter 'UID' not found
11-29 11:53:11.621   305  1751 E NetlinkEvent: NetlinkEvent::FindParam(): Parameter 'UID' not found
11-29 11:53:18.753   258   258 I chatty  : uid=1000(system) /system/bin/surfaceflinger expire 5 lines
11-29 11:53:25.032  1787  2914 I chatty  : uid=1000(system) AlarmManager expire 26 lines
11-29 11:53:25.035  1787  1787 I chatty  : uid=1000 system_server expire 27 lines
11-29 11:54:00.585   305  1751 E NetlinkEvent: NetlinkEvent::FindParam(): Parameter 'UID' not found
11-29 11:54:11.441   305  1751 E NetlinkEvent: NetlinkEvent::FindParam(): Parameter 'UID' not found
11-29 11:54:56.534   258   699 I chatty  : uid=1000(system) EventThread expire 2 lines
11-29 12:00:00.027  1787  1808 I chatty  : uid=1000(system) CpuTracker expire 1 line
11-29 12:01:00.147   258   258 D SFPerfTracer:        layers: (4:11) (FocusedStackFrame (0xb76faf08): 0:1568)* (DimLayer (0xb765c9f8): 0:22)* (StatusBar (0xb7700af0): 3:23161) (com.android.systemui.ImageWallpaper (0xb7652330): 0:1174) (Sprite (0xb76bc5c0): 0:24240)* (Sprite (0xb76d2e78): 0:4739)* (Sprite (0xb76e0498): 0:20572)* (Sprite (0xb769c898): 0:13)* (NavigationBar (0xb7709288): 0:1026) (com.google.android.googlequicksearchbox/com.google.android.launcher.GEL (0xb7699808): 0:15) 
11-29 12:01:25.444  1787  2914 V AlarmManager: sending alarm {876501 type 2 *walarm*:com.android.internal.telephony.data-stall}
11-29 12:01:25.447  1787  1787 V AlarmManager: done {876501, *walarm*:com.android.internal.telephony.data-stall} [3ms]
11-29 12:02:00.000  1787  2914 V AlarmManager: sending alarm {59149cf type 3 *alarm*:android.intent.action.TIME_TICK}
11-29 12:02:00.002  1787  2914 V AlarmManager: sending alarm {9fb17df type 1 *alarm*:com.droid27.tcw.ACTION_TIME_TICK}
11-29 12:02:00.045  1787  1787 V AlarmManager: done {9fb17df, *alarm*:com.droid27.tcw.ACTION_TIME_TICK} [44ms]
11-29 12:02:00.074  1787  1787 V AlarmManager: done {59149cf, *alarm*:android.intent.action.TIME_TICK} [74ms]
11-29 12:02:25.453  1787  2914 V AlarmManager: sending alarm {876501 type 2 *walarm*:com.android.internal.telephony.data-stall}
11-29 12:02:25.457  1787  1787 V AlarmManager: done {876501, *walarm*:com.android.internal.telephony.data-stall} [3ms]
11-29 12:03:00.000  1787  2914 V AlarmManager: sending alarm {59149cf type 3 *alarm*:android.intent.action.TIME_TICK}
11-29 12:03:00.003  1787  2914 V AlarmManager: sending alarm {9fb17df type 1 *alarm*:com.droid27.tcw.ACTION_TIME_TICK}
11-29 12:03:00.042  1787  1787 V AlarmManager: done {9fb17df, *alarm*:com.droid27.tcw.ACTION_TIME_TICK} [42ms]
11-29 12:03:00.068  1787  1787 V AlarmManager: done {59149cf, *alarm*:android.intent.action.TIME_TICK} [67ms]
11-29 12:03:09.348   258   699 I SFPerfTracer:      triggers: (rate: 3:182) (359465 sw vsyncs) (0 skipped) (1:233271 vsyncs) (3:607509)
11-29 12:03:25.460  1787  2914 V AlarmManager: sending alarm {876501 type 2 *walarm*:com.android.internal.telephony.data-stall}
11-29 12:03:25.464  1787  1787 V AlarmManager: done {876501, *walarm*:com.android.internal.telephony.data-stall} [3ms]
11-29 12:03:40.063  1787  1800 I UsageStatsService: User[0] Flushing usage stats to disk
11-29 12:04:00.000  1787  2914 V AlarmManager: sending alarm {59149cf type 3 *alarm*:android.intent.action.TIME_TICK}
11-29 12:04:00.002  1787  2914 V AlarmManager: sending alarm {9fb17df type 1 *alarm*:com.droid27.tcw.ACTION_TIME_TICK}
11-29 12:04:00.049  1787  1787 V AlarmManager: done {9fb17df, *alarm*:com.droid27.tcw.ACTION_TIME_TICK} [49ms]
11-29 12:04:00.065  1787  1787 V AlarmManager: done {59149cf, *alarm*:android.intent.action.TIME_TICK} [65ms]
11-29 12:04:25.466  1787  2914 V AlarmManager: sending alarm {876501 type 2 *walarm*:com.android.internal.telephony.data-stall}
11-29 12:04:25.469  1787  1787 V AlarmManager: done {876501, *walarm*:com.android.internal.telephony.data-stall} [3ms]
11-29 12:04:59.999  1787  2914 V AlarmManager: sending alarm {59149cf type 3 *alarm*:android.intent.action.TIME_TICK}
11-29 12:05:00.000  1787  2914 V AlarmManager: sending alarm {9fb17df type 1 *alarm*:com.droid27.tcw.ACTION_TIME_TICK}
11-29 12:05:00.046  1787  1787 V AlarmManager: done {9fb17df, *alarm*:com.droid27.tcw.ACTION_TIME_TICK} [47ms]
11-29 12:05:00.076  1787  1787 V AlarmManager: done {59149cf, *alarm*:android.intent.action.TIME_TICK} [76ms]
11-29 12:05:25.471  1787  2914 V AlarmManager: sending alarm {876501 type 2 *walarm*:com.android.internal.telephony.data-stall}
11-29 12:05:25.475  1787  1787 V AlarmManager: done {876501, *walarm*:com.android.internal.telephony.data-stall} [4ms]
11-29 12:06:00.000  1787  2914 V AlarmManager: sending alarm {59149cf type 3 *alarm*:android.intent.action.TIME_TICK}
11-29 12:06:00.002  1787  2914 V AlarmManager: sending alarm {9fb17df type 1 *alarm*:com.droid27.tcw.ACTION_TIME_TICK}
11-29 12:06:00.040  1787  1787 V AlarmManager: done {9fb17df, *alarm*:com.droid27.tcw.ACTION_TIME_TICK} [40ms]
11-29 12:06:00.071  1787  1787 V AlarmManager: done {59149cf, *alarm*:android.intent.action.TIME_TICK} [71ms]
11-29 12:06:06.328   258   258 I SFPerfTracer:      triggers: (rate: 43:2704) (compose: 8:410) (post: 0:785) (render: 37:1144) (0:123028 frames) (1:149606)
11-29 12:06:06.328   258   258 D SFPerfTracer:        layers: (4:11) (FocusedStackFrame (0xb76faf08): 0:1568)* (DimLayer (0xb765c9f8): 0:22)* (StatusBar (0xb7700af0): 0:23223) (com.android.systemui.ImageWallpaper (0xb7652330): 0:1174) (Sprite (0xb76bc5c0): 0:24240)* (Sprite (0xb76d2e78): 0:4739)* (Sprite (0xb76e0498): 0:20572)* (Sprite (0xb769c898): 0:13)* (NavigationBar (0xb7709288): 0:1026) (com.google.android.googlequicksearchbox/com.google.android.launcher.GEL (0xb7699808): 0:15) 
11-29 12:06:25.479  1787  2914 V AlarmManager: sending alarm {876501 type 2 *walarm*:com.android.internal.telephony.data-stall}
11-29 12:06:25.482  1787  1787 V AlarmManager: done {876501, *walarm*:com.android.internal.telephony.data-stall} [3ms]
11-29 12:07:00.000  1787  2914 V AlarmManager: sending alarm {59149cf type 3 *alarm*:android.intent.action.TIME_TICK}
11-29 12:07:00.002  1787  2914 V AlarmManager: sending alarm {9fb17df type 1 *alarm*:com.droid27.tcw.ACTION_TIME_TICK}
11-29 12:07:00.056  1787  1787 V AlarmManager: done {9fb17df, *alarm*:com.droid27.tcw.ACTION_TIME_TICK} [55ms]
11-29 12:07:00.067  1787  1787 V AlarmManager: done {59149cf, *alarm*:android.intent.action.TIME_TICK} [66ms]
11-29 12:07:25.485  1787  2914 V AlarmManager: sending alarm {876501 type 2 *walarm*:com.android.internal.telephony.data-stall}
11-29 12:07:25.489  1787  1787 V AlarmManager: done {876501, *walarm*:com.android.internal.telephony.data-stall} [3ms]
11-29 12:08:00.000  1787  2914 V AlarmManager: sending alarm {59149cf type 3 *alarm*:android.intent.action.TIME_TICK}
11-29 12:08:00.002  1787  2914 V AlarmManager: sending alarm {9fb17df type 1 *alarm*:com.droid27.tcw.ACTION_TIME_TICK}
11-29 12:08:00.049  1787  1787 V AlarmManager: done {9fb17df, *alarm*:com.droid27.tcw.ACTION_TIME_TICK} [49ms]
11-29 12:08:00.055  1787  1787 V AlarmManager: done {59149cf, *alarm*:android.intent.action.TIME_TICK} [55ms]
11-29 12:08:25.493  1787  2914 V AlarmManager: sending alarm {876501 type 2 *walarm*:com.android.internal.telephony.data-stall}
11-29 12:08:25.496  1787  1787 V AlarmManager: done {876501, *walarm*:com.android.internal.telephony.data-stall} [3ms]
11-29 12:08:46.702  1787  2914 V AlarmManager: sending alarm {f80ed04 type 2 *walarm*:com.google.android.gms.gcm.HEARTBEAT_ALARM}
11-29 12:08:46.709  1787  1787 V AlarmManager: done {f80ed04, *walarm*:com.google.android.gms.gcm.HEARTBEAT_ALARM} [7ms]
11-29 12:08:46.709   305  1751 E NetlinkEvent: NetlinkEvent::FindParam(): Parameter 'UID' not found
11-29 12:08:58.781   305  1751 E NetlinkEvent: NetlinkEvent::FindParam(): Parameter 'UID' not found
11-29 12:09:00.000  1787  2914 V AlarmManager: sending alarm {59149cf type 3 *alarm*:android.intent.action.TIME_TICK}
11-29 12:09:00.002  1787  2914 V AlarmManager: sending alarm {9fb17df type 1 *alarm*:com.droid27.tcw.ACTION_TIME_TICK}
11-29 12:09:00.048  1787  1787 V AlarmManager: done {9fb17df, *alarm*:com.droid27.tcw.ACTION_TIME_TICK} [47ms]
11-29 12:09:00.052  1787  1787 V AlarmManager: done {59149cf, *alarm*:android.intent.action.TIME_TICK} [52ms]
11-29 12:09:25.500  1787  2914 V AlarmManager: sending alarm {a3665fd type 0 *walarm*:com.google.android.gms/.checkin.EventLogServiceReceiver}
11-29 12:09:25.504  1787  2914 V AlarmManager: sending alarm {876501 type 2 *walarm*:com.android.internal.telephony.data-stall}
11-29 12:09:25.513  1787  1787 V AlarmManager: done {a3665fd, *walarm*:com.google.android.gms/.checkin.EventLogServiceReceiver} [13ms]
11-29 12:09:25.515  1787  1787 V AlarmManager: done {876501, *walarm*:com.android.internal.telephony.data-stall} [15ms]
11-29 12:10:00.001  1787  2914 V AlarmManager: sending alarm {59149cf type 3 *alarm*:android.intent.action.TIME_TICK}
11-29 12:10:00.003  1787  2914 V AlarmManager: sending alarm {9fb17df type 1 *alarm*:com.droid27.tcw.ACTION_TIME_TICK}
11-29 12:10:00.059  1787  1787 V AlarmManager: done {9fb17df, *alarm*:com.droid27.tcw.ACTION_TIME_TICK} [57ms]
11-29 12:10:00.069  1787  1787 V AlarmManager: done {59149cf, *alarm*:android.intent.action.TIME_TICK} [67ms]
11-29 12:10:25.519  1787  2914 V AlarmManager: sending alarm {876501 type 2 *walarm*:com.android.internal.telephony.data-stall}
11-29 12:10:25.522  1787  1787 V AlarmManager: done {876501, *walarm*:com.android.internal.telephony.data-stall} [3ms]
11-29 12:10:56.824  1787  2914 V AlarmManager: sending alarm {8b8aa16 type 2 *walarm*:CONTEXT_MANAGER_ALARM_WAKEUP_53705}
11-29 12:10:56.830  1787  1787 V AlarmManager: done {8b8aa16, *walarm*:CONTEXT_MANAGER_ALARM_WAKEUP_53705} [5ms]
11-29 12:11:00.001  1787  2914 V AlarmManager: sending alarm {59149cf type 3 *alarm*:android.intent.action.TIME_TICK}
11-29 12:11:00.003  1787  2914 V AlarmManager: sending alarm {9fb17df type 1 *alarm*:com.droid27.tcw.ACTION_TIME_TICK}
11-29 12:11:00.044  1787  1787 V AlarmManager: done {9fb17df, *alarm*:com.droid27.tcw.ACTION_TIME_TICK} [42ms]
11-29 12:11:00.066  1787  1787 V AlarmManager: done {59149cf, *alarm*:android.intent.action.TIME_TICK} [65ms]
11-29 12:11:21.516   258   699 I SFPerfTracer:      triggers: (rate: 3:182) (359465 sw vsyncs) (0 skipped) (0:233277 vsyncs) (1:607610)
11-29 12:11:25.526  1787  2914 V AlarmManager: sending alarm {876501 type 2 *walarm*:com.android.internal.telephony.data-stall}
11-29 12:11:25.529  1787  1787 V AlarmManager: done {876501, *walarm*:com.android.internal.telephony.data-stall} [3ms]
11-29 12:12:00.001  1787  2914 V AlarmManager: sending alarm {59149cf type 3 *alarm*:android.intent.action.TIME_TICK}
11-29 12:12:00.003  1787  2914 V AlarmManager: sending alarm {9fb17df type 1 *alarm*:com.droid27.tcw.ACTION_TIME_TICK}
11-29 12:12:00.054  1787  1787 V AlarmManager: done {9fb17df, *alarm*:com.droid27.tcw.ACTION_TIME_TICK} [53ms]
11-29 12:12:00.061  1787  1787 V AlarmManager: done {59149cf, *alarm*:android.intent.action.TIME_TICK} [60ms]
11-29 12:12:00.148   258   258 I SFPerfTracer:      triggers: (rate: 43:2704) (compose: 8:410) (post: 0:785) (render: 37:1144) (2:123050 frames) (3:149707)
11-29 12:12:00.148   258   258 D SFPerfTracer:        layers: (4:11) (FocusedStackFrame (0xb76faf08): 0:1568)* (DimLayer (0xb765c9f8): 0:22)* (StatusBar (0xb7700af0): 3:23285) (com.android.systemui.ImageWallpaper (0xb7652330): 0:1174) (Sprite (0xb76bc5c0): 0:24240)* (Sprite (0xb76d2e78): 0:4739)* (Sprite (0xb76e0498): 0:20572)* (Sprite (0xb769c898): 0:13)* (NavigationBar (0xb7709288): 0:1026) (com.google.android.googlequicksearchbox/com.google.android.launcher.GEL (0xb7699808): 0:15) 
11-29 12:12:25.534  1787  2914 V AlarmManager: sending alarm {876501 type 2 *walarm*:com.android.internal.telephony.data-stall}
11-29 12:12:25.537  1787  1787 V AlarmManager: done {876501, *walarm*:com.android.internal.telephony.data-stall} [3ms]
11-29 12:12:49.489   305  1751 E NetlinkEvent: NetlinkEvent::FindParam(): Parameter 'UID' not found
11-29 12:12:59.781   305  1751 E NetlinkEvent: NetlinkEvent::FindParam(): Parameter 'UID' not found
11-29 12:13:00.000  1787  2914 V AlarmManager: sending alarm {59149cf type 3 *alarm*:android.intent.action.TIME_TICK}
11-29 12:13:00.002  1787  2914 V AlarmManager: sending alarm {9fb17df type 1 *alarm*:com.droid27.tcw.ACTION_TIME_TICK}
11-29 12:13:00.049  1787  1787 V AlarmManager: done {9fb17df, *alarm*:com.droid27.tcw.ACTION_TIME_TICK} [48ms]
11-29 12:13:00.082  1787  1787 V AlarmManager: done {59149cf, *alarm*:android.intent.action.TIME_TICK} [81ms]
11-29 12:13:11.008   305  1751 E NetlinkEvent: NetlinkEvent::FindParam(): Parameter 'UID' not found
11-29 12:13:11.252  1787  3675 I ActivityManager: Start proc 5985:android.process.acore/u0a8 for content provider com.android.providers.contacts/.ContactsProvider2
11-29 12:13:15.414   258   699 I SFPerfTracer:      triggers: (rate: 3:182) (359465 sw vsyncs) (0 skipped) (282:233560 vsyncs) (284:607917)
11-29 12:13:15.820   258   258 I SFPerfTracer:      triggers: (rate: 43:2705) (compose: 8:410) (post: 0:786) (render: 37:1144) (270:123352 frames) (271:150036)
11-29 12:13:15.821   258   258 D SFPerfTracer:        layers: (4:11) (FocusedStackFrame (0xb76faf08): 0:1568)* (DimLayer (0xb765c9f8): 0:22)* (StatusBar (0xb7700af0): 7:23310) (com.android.systemui.ImageWallpaper (0xb7652330): 0:1174) (Sprite (0xb76bc5c0): 0:24240)* (Sprite (0xb76d2e78): 0:4739)* (Sprite (0xb76e0498): 0:20572)* (Sprite (0xb769c898): 0:13)* (NavigationBar (0xb7709288): 0:1026) (com.google.android.googlequicksearchbox/com.google.android.launcher.GEL (0xb7699808): 269:311) 
11-29 12:13:25.541  1787  2914 V AlarmManager: sending alarm {876501 type 2 *walarm*:com.android.internal.telephony.data-stall}
11-29 12:13:25.542  1787  2914 V AlarmManager: sending alarm {a9429d1 type 3 *alarm*:com.whatsapp.action.HOURLY_CRON}
11-29 12:13:25.542  1787  2914 V AlarmManager: sending alarm {cabad7e type 3 *alarm*:com.android.server.action.NETWORK_STATS_POLL}
11-29 12:13:25.544  1787  1787 V AlarmManager: done {876501, *walarm*:com.android.internal.telephony.data-stall} [4ms]
11-29 12:13:25.554  1787  6215 I ActivityManager: Start proc 6089:com.whatsapp/u0a114 for broadcast com.whatsapp/.AlarmBroadcastReceiver
11-29 12:13:26.013  1787  1787 V AlarmManager: done {a9429d1, *alarm*:com.whatsapp.action.HOURLY_CRON} [473ms]
11-29 12:13:26.047  1787  1787 V AlarmManager: done {cabad7e, *alarm*:com.android.server.action.NETWORK_STATS_POLL} [507ms]
11-29 12:13:42.521   305  1751 E NetlinkEvent: NetlinkEvent::FindParam(): Parameter 'UID' not found
11-29 12:13:42.862   305  1751 E NetlinkEvent: NetlinkEvent::FindParam(): Parameter 'UID' not found
11-29 12:13:43.862  1787  1801 I ActivityManager: Waited long enough for: ServiceRecord{c21d979 u0 com.whatsapp/.messaging.MessageService}
11-29 12:14:00.002  1787  2914 V AlarmManager: sending alarm {59149cf type 3 *alarm*:android.intent.action.TIME_TICK}
11-29 12:14:00.004  1787  2914 V AlarmManager: sending alarm {a9429d1 type 3 *alarm*:com.whatsapp.action.HOURLY_CRON}
11-29 12:14:00.006  1787  2914 V AlarmManager: sending alarm {15800f8 type 3 *alarm*:com.whatsapp.action.UPDATE_NTP}
11-29 12:14:00.013  1787  2914 V AlarmManager: sending alarm {9fb17df type 1 *alarm*:com.droid27.tcw.ACTION_TIME_TICK}
11-29 12:14:00.027  1787  1787 V AlarmManager: done {a9429d1, *alarm*:com.whatsapp.action.HOURLY_CRON} [26ms]
11-29 12:14:00.043  1787  1787 V AlarmManager: done {15800f8, *alarm*:com.whatsapp.action.UPDATE_NTP} [42ms]
11-29 12:14:00.074  1787  1787 V AlarmManager: done {59149cf, *alarm*:android.intent.action.TIME_TICK} [73ms]
11-29 12:14:00.076  1787  1787 V AlarmManager: done {9fb17df, *alarm*:com.droid27.tcw.ACTION_TIME_TICK} [75ms]
11-29 12:14:03.451   258   699 I SFPerfTracer:      triggers: (rate: 3:182) (359465 sw vsyncs) (0 skipped) (2870:236430 vsyncs) (2872:610789)
11-29 12:14:10.263   305  1751 E NetlinkEvent: NetlinkEvent::FindParam(): Parameter 'UID' not found
11-29 12:14:11.603  1787  2914 V AlarmManager: sending alarm {c0faab0 type 0 *walarm*:com.droid27.transparentclockweather/.receivers.WeatherUpdateReceiver}
11-29 12:14:11.872  1787  1787 V NotificationService: pkg=com.droid27.transparentclockweather canInterrupt=false intercept=true
11-29 12:14:11.943   305  1751 E NetlinkEvent: NetlinkEvent::FindParam(): Parameter 'UID' not found
11-29 12:14:11.947  1787  1787 V NotificationService: pkg=com.droid27.transparentclockweather canInterrupt=false intercept=true
11-29 12:14:11.948  1787  1787 V AlarmManager: done {c0faab0, *walarm*:com.droid27.transparentclockweather/.receivers.WeatherUpdateReceiver} [346ms]
11-29 12:14:14.521  1787  1787 V NotificationService: pkg=com.droid27.transparentclockweather canInterrupt=false intercept=true
11-29 12:14:15.013  1787  1801 I ActivityManager: Waited long enough for: ServiceRecord{b23131f u0 com.whatsapp/.AlarmService}
11-29 12:14:21.921   258   258 I SFPerfTracer:      triggers: (rate: 43:2705) (compose: 8:410) (post: 0:786) (render: 37:1144) (0:123377 frames) (1:150136)
11-29 12:14:21.921   258   258 D SFPerfTracer:        layers: (4:11) (FocusedStackFrame (0xb76faf08): 0:1568)* (DimLayer (0xb765c9f8): 0:22)* (StatusBar (0xb7700af0): 0:23373) (com.android.systemui.ImageWallpaper (0xb7652330): 0:1174) (Sprite (0xb76bc5c0): 0:24240)* (Sprite (0xb76d2e78): 0:4739)* (Sprite (0xb76e0498): 0:20572)* (Sprite (0xb769c898): 0:13)* (NavigationBar (0xb7709288): 0:1026) (com.google.android.googlequicksearchbox/com.google.android.launcher.GEL (0xb7699808): 0:311) 
11-29 12:14:25.556  1787  2914 V AlarmManager: sending alarm {4b4a29c type 2 *walarm*:com.whatsapp.messaging.h.CLIENT_PINGER_ACTION}
11-29 12:14:25.558  1787  2914 V AlarmManager: sending alarm {876501 type 2 *walarm*:com.android.internal.telephony.data-stall}
11-29 12:14:25.561  1787  1787 V AlarmManager: done {4b4a29c, *walarm*:com.whatsapp.messaging.h.CLIENT_PINGER_ACTION} [6ms]
11-29 12:14:25.562  1787  1787 V AlarmManager: done {876501, *walarm*:com.android.internal.telephony.data-stall} [7ms]
11-29 12:14:36.462   305  1751 E NetlinkEvent: NetlinkEvent::FindParam(): Parameter 'UID' not found
11-29 12:14:37.462   305  1751 E NetlinkEvent: NetlinkEvent::FindParam(): Parameter 'UID' not found
11-29 12:14:47.490   305  1751 E NetlinkEvent: NetlinkEvent::FindParam(): Parameter 'UID' not found
11-29 12:14:50.120   258   699 I SFPerfTracer:      triggers: (rate: 3:184) (359465 sw vsyncs) (0 skipped) (2789:239219 vsyncs) (2791:613580)
11-29 12:14:52.020   258   699 I SFPerfTracer:      triggers: (rate: 3:184) (359465 sw vsyncs) (0 skipped) (110:239329 vsyncs) (112:613692)
11-29 12:15:00.003  1787  2914 V AlarmManager: sending alarm {59149cf type 3 *alarm*:android.intent.action.TIME_TICK}
11-29 12:15:00.004  1787  2914 V AlarmManager: sending alarm {9fb17df type 1 *alarm*:com.droid27.tcw.ACTION_TIME_TICK}
11-29 12:15:00.051  1787  1787 V AlarmManager: done {9fb17df, *alarm*:com.droid27.tcw.ACTION_TIME_TICK} [49ms]
11-29 12:15:00.059  1787  1787 V AlarmManager: done {59149cf, *alarm*:android.intent.action.TIME_TICK} [56ms]
11-29 12:15:25.566  1787  2914 V AlarmManager: sending alarm {876501 type 2 *walarm*:com.android.internal.telephony.data-stall}
11-29 12:15:25.570  1787  1787 V AlarmManager: done {876501, *walarm*:com.android.internal.telephony.data-stall} [3ms]
11-29 12:15:46.640   258   699 I SFPerfTracer:      triggers: (rate: 3:184) (359465 sw vsyncs) (0 skipped) (3262:242591 vsyncs) (3264:616956)
11-29 12:15:53.641   258   699 I SFPerfTracer:      triggers: (rate: 3:184) (359465 sw vsyncs) (0 skipped) (416:243007 vsyncs) (418:617374)
11-29 12:16:00.002  1787  2914 V AlarmManager: sending alarm {59149cf type 3 *alarm*:android.intent.action.TIME_TICK}
11-29 12:16:00.004  1787  2914 V AlarmManager: sending alarm {9fb17df type 1 *alarm*:com.droid27.tcw.ACTION_TIME_TICK}
