--------- beginning of system
12-29 21:40:40.806  1860  1860 I vold    : Vold 3.0 (the awakening) firing up
12-29 21:40:40.807  1860  1860 V vold    : Detected support for: exfat ext4 f2fs ntfs vfat
12-29 21:40:49.779  2355  2355 I InstallerConnection: connecting...
12-29 21:40:49.832  2355  2355 I InstallerConnection: disconnecting...
12-29 21:40:49.975  2355  2355 I SystemServer: Entered the Android system server!
12-29 21:40:50.140  2355  2355 I SystemServiceManager: Starting com.android.server.pm.Installer
12-29 21:40:50.158  2355  2355 I Installer: Waiting for installd to be ready.
12-29 21:40:50.158  2355  2355 I InstallerConnection: connecting...
12-29 21:40:50.161  2355  2355 I SystemServiceManager: Starting com.android.server.am.ActivityManagerService$Lifecycle
12-29 21:40:50.205  2355  2355 I ActivityManager: choosing minFree values for 32 Bit
12-29 21:40:50.205  2355  2355 I ActivityManager: choosing minFree values for 32 Bit
12-29 21:40:50.205  2355  2355 I ActivityManager: choosing minFree values for 32 Bit
12-29 21:40:50.205  2355  2355 I ActivityManager: choosing minFree values for 32 Bit
12-29 21:40:50.205  2355  2355 I ActivityManager: choosing minFree values for 32 Bit
12-29 21:40:50.205  2355  2355 I ActivityManager: choosing minFree values for 32 Bit
12-29 21:40:50.248  2355  2355 I ActivityManager: Memory class: 48
12-29 21:40:50.253  2355  2369 I ServiceThread: Enabled StrictMode logging for ActivityManager looper.
12-29 21:40:50.261  2355  2370 I ServiceThread: Enabled StrictMode logging for android.ui looper.
12-29 21:40:50.294  2355  2355 D BatteryStatsImpl: Reading daily items from /data/system/batterystats-daily.xml
12-29 21:40:50.473  2355  2355 I IntentFirewall: Read new rules (A:0 B:0 S:0)
12-29 21:40:50.482  2355  2374 I ServiceThread: Enabled StrictMode logging for android.display looper.
12-29 21:40:50.498  2355  2355 D AppOps  : AppOpsService published
12-29 21:40:50.499  2355  2355 I SystemServiceManager: Starting com.android.server.power.PowerManagerService
12-29 21:40:50.507  2355  2376 I ServiceThread: Enabled StrictMode logging for PowerManagerService looper.
12-29 21:40:50.542  2355  2355 I SystemServiceManager: Starting com.android.server.lights.LightsService
12-29 21:40:50.546  2355  2355 I SystemServiceManager: Starting com.android.server.display.DisplayManagerService
12-29 21:40:50.568  2355  2355 I SystemServiceManager: Starting phase 100
12-29 21:40:50.591  2355  2374 I DisplayManagerService: Display device added: DisplayDeviceInfo{"Integrierter Bildschirm": uniqueId="local:0", 480 x 800, modeId 1, defaultModeId 1, supportedModes [{id=1, width=480, height=800, fps=59.998005}], colorTransformId 1, defaultColorTransformId 1, supportedColorTransforms [{id=1, colorTransform=0}], density 240, 217.71428 x 218.49463 dpi, appVsyncOff 0, presDeadline 17667221, touch INTERNAL, rotation 0, type BUILT_IN, state UNKNOWN, FLAG_DEFAULT_DISPLAY, FLAG_ROTATES_WITH_CONTENT, FLAG_SECURE, FLAG_SUPPORTS_PROTECTED_BUFFERS}
12-29 21:40:50.602  2355  2355 I SystemServer: Package Manager
12-29 21:40:50.607  2355  2374 I DisplayManagerService: Display device changed state: "Integrierter Bildschirm", ON
12-29 21:40:50.811  2355  2355 D SELinuxMMAC: Using policy file /system/etc/security/mac_permissions.xml
12-29 21:40:51.133  2355  2355 W PackageManager: Library not found: /system/framework/org.apache.http.legacy.jar
12-29 21:40:51.334  2355  2381 W PackageManager: Permission cyanogenmod.permission.WRITE_ALARMS from package cyanogenmod.platform in an unknown group android.permission-group.SYSTEM_CLOCK
12-29 21:40:51.334  2355  2381 W PackageManager: Permission cyanogenmod.permission.MANAGE_ALARMS from package cyanogenmod.platform in an unknown group android.permission-group.SYSTEM_CLOCK
12-29 21:40:51.334  2355  2381 W PackageManager: Permission cyanogenmod.permission.READ_ALARMS from package cyanogenmod.platform in an unknown group android.permission-group.SYSTEM_CLOCK
12-29 21:40:51.837  2355  2380 W PackageManager: Permission android.permission.SET_KEYGUARD_WALLPAPER from package android in an unknown group android.permission-group.WALLPAPER
12-29 21:40:51.837  2355  2380 W PackageManager: Permission android.permission.MODIFY_PROTECTED_SMS_LIST from package android in an unknown group android.permission-group.MESSAGES
12-29 21:40:51.837  2355  2380 W PackageManager: Permission android.permission.RECEIVE_PROTECTED_SMS from package android in an unknown group android.permission-group.MESSAGES
12-29 21:40:51.837  2355  2380 W PackageManager: Permission android.permission.RESET_BATTERY_STATS from package android in an unknown group android.permission-group.SYSTEM_TOOLS
12-29 21:40:52.326  2355  2386 W PackageParser: No actions in intent filter at /system/priv-app/Contacts/Contacts.apk Binary XML file line #301
12-29 21:40:52.561  2355  2380 W PackageParser: No actions in intent filter at /system/priv-app/Dialer/Dialer.apk Binary XML file line #152
12-29 21:40:52.607  2355  2384 W PackageManager: Permission android.permission.DOWNLOAD_WITHOUT_NOTIFICATION from package com.android.providers.downloads in an unknown group android.permission-group.NETWORK
12-29 21:40:53.734  2355  2385 W PackageParser: Ignoring duplicate uses-permissions/uses-permissions-sdk-m: android.permission.ACCESS_WIFI_STATE in package: com.android.phone at: Binary XML file line #134
12-29 21:40:54.348  2355  2386 W PackageManager: Permission com.android.launcher.permission.INSTALL_SHORTCUT from package com.cyanogenmod.trebuchet in an unknown group android.permission-group.SYSTEM_TOOLS
12-29 21:40:54.348  2355  2386 W PackageManager: Permission com.android.launcher3.permission.READ_SETTINGS from package com.cyanogenmod.trebuchet in an unknown group android.permission-group.SYSTEM_TOOLS
12-29 21:40:54.348  2355  2386 W PackageManager: Permission com.android.launcher3.permission.WRITE_SETTINGS from package com.cyanogenmod.trebuchet in an unknown group android.permission-group.SYSTEM_TOOLS
12-29 21:40:54.777  2355  2385 W PackageParser: No actions in intent filter at /system/app/Bluetooth/Bluetooth.apk Binary XML file line #235
12-29 21:40:54.795  2355  2387 W PackageParser: No actions in intent filter at /system/app/CMFileManager/CMFileManager.apk Binary XML file line #164
12-29 21:40:55.935  2355  2387 W PackageParser: Unknown element under <application>: permission at /system/app/Gallery2/Gallery2.apk Binary XML file line #279
12-29 21:40:55.935  2355  2387 W PackageParser: Unknown element under <application>: permission at /system/app/Gallery2/Gallery2.apk Binary XML file line #282
12-29 21:40:57.981  2355  2355 W PackageManager: Package com.android.dialer desires unavailable shared library com.qualcomm.qti.smartsearch; ignoring!
12-29 21:40:57.981  2355  2355 W PackageManager: Package com.android.gallery3d desires unavailable shared library com.google.android.media.effects; ignoring!
12-29 21:40:57.981  2355  2355 W PackageManager: Package com.android.gallery3d desires unavailable shared library com.google.android.media.effects; ignoring!
12-29 21:40:57.982  2355  2355 I PackageManager: Adjusting ABI for : com.android.server.telecom to armeabi-v7a
12-29 21:40:57.982  2355  2355 I PackageManager: Adjusting ABI for : cyanogenmod.platform to armeabi-v7a
12-29 21:40:57.983  2355  2355 I PackageManager: Adjusting ABI for : com.android.settings to armeabi-v7a
12-29 21:40:57.983  2355  2355 I PackageManager: Adjusting ABI for : org.cyanogenmod.providers.datausage to armeabi-v7a
12-29 21:40:57.984  2355  2355 I PackageManager: Adjusting ABI for : com.cyanogenmod.setupwizard to armeabi-v7a
12-29 21:40:57.984  2355  2355 I PackageManager: Adjusting ABI for : com.android.keychain to armeabi-v7a
12-29 21:40:57.985  2355  2355 I PackageManager: Adjusting ABI for : com.cyanogenmod.settings.device to armeabi-v7a
12-29 21:40:57.985  2355  2355 I PackageManager: Adjusting ABI for : com.android.providers.settings to armeabi-v7a
12-29 21:40:57.985  2355  2355 I PackageManager: Adjusting ABI for : org.cyanogenmod.cmsettings to armeabi-v7a
12-29 21:40:57.986  2355  2355 I PackageManager: Adjusting ABI for : com.android.development to armeabi-v7a
12-29 21:40:57.987  2355  2355 I PackageManager: Adjusting ABI for : com.android.inputdevices to armeabi-v7a
12-29 21:40:57.988  2355  2355 I PackageManager: Adjusting ABI for : com.android.location.fused to armeabi-v7a
12-29 21:40:57.991  2355  2355 I PackageManager: Time to scan packages: 6.892 seconds
12-29 21:40:58.000  2355  2355 W PackageManager: Unknown permission com.google.android.googleapps.permission.GOOGLE_AUTH in package com.android.providers.calendar
12-29 21:40:58.000  2355  2355 W PackageManager: Unknown permission com.google.android.googleapps.permission.GOOGLE_AUTH.cl in package com.android.providers.calendar
12-29 21:40:58.001  2355  2355 W PackageManager: Not granting permission android.permission.REAL_GET_TASKS to package org.cyanogenmod.wallpapers.photophase (protectionLevel=18 flags=0x3818be45)
12-29 21:40:58.001  2355  2355 W PackageManager: Unknown permission android.permission.CANCEL_NOTIFICATIONS in package org.cyanogenmod.theme.chooser2
12-29 21:40:58.002  2355  2355 W PackageManager: Unknown permission com.cyanogen.ambient.permission.BIND_CALLER_INFO in package com.android.messaging
12-29 21:40:58.002  2355  2355 W PackageManager: Unknown permission com.cyanogen.ambient.permission.BIND_RIDEINPROGRESS_SERVICE in package com.android.messaging
12-29 21:40:58.002  2355  2355 W PackageManager: Unknown permission com.cyanogen.ambient.permission.BIND_RIDESHARING_SERVICE in package com.android.messaging
12-29 21:40:58.002  2355  2355 W PackageManager: Not granting permission android.permission.ACCESS_DOWNLOAD_MANAGER to package com.android.browser (protectionLevel=18 flags=0x3849be45)
12-29 21:40:58.003  2355  2355 W PackageManager: Not granting permission android.permission.SEND_DOWNLOAD_COMPLETED_INTENTS to package com.android.browser (protectionLevel=2 flags=0x3849be45)
12-29 21:40:58.003  2355  2355 W PackageManager: Unknown permission com.cyngn.stats.SEND_ANALYTICS in package com.cyanogenmod.setupwizard
12-29 21:40:58.003  2355  2355 W PackageManager: Unknown permission com.cyanogen.permission.REQUEST_KILL_SWITCH_OP in package com.cyanogenmod.setupwizard
12-29 21:40:58.004  2355  2355 W PackageManager: Unknown permission com.cyanogen.ambient.permission.BIND_INCALL_SERVICE in package com.android.contacts
12-29 21:40:58.004  2355  2355 W PackageManager: Unknown permission com.cyanogen.ambient.permission.PLUGIN_STATUS_CHANGED in package com.android.contacts
12-29 21:40:58.004  2355  2355 W PackageManager: Unknown permission com.cyanogen.ambient.permission.BIND_CALLER_INFO in package com.android.contacts
12-29 21:40:58.004  2355  2355 W PackageManager: Unknown permission com.google.android.googleapps.permission.GOOGLE_AUTH.mail in package com.android.calendar
12-29 21:40:58.005  2355  2355 W PackageManager: Unknown permission com.android.launcher.permission.READ_SETTINGS in package com.android.onetimeinitializer
12-29 21:40:58.005  2355  2355 W PackageManager: Unknown permission com.android.launcher.permission.WRITE_SETTINGS in package com.android.onetimeinitializer
12-29 21:40:58.005  2355  2355 W PackageManager: Unknown permission com.cyanogen.ambient.permission.BIND_INCALL_SERVICE in package com.android.dialer
12-29 21:40:58.005  2355  2355 W PackageManager: Unknown permission com.cyanogen.ambient.permission.PLUGIN_STATUS_CHANGED in package com.android.dialer
12-29 21:40:58.005  2355  2355 W PackageManager: Unknown permission com.cyanogen.ambient.permission.PUBLISH_DISCOVERY_NUDGE in package com.android.dialer
12-29 21:40:58.006  2355  2355 W PackageManager: Unknown permission com.cyanogen.ambient.permission.BIND_DEEPLINK_SERVICE in package com.android.dialer
12-29 21:40:58.006  2355  2355 W PackageManager: Unknown permission com.cyanogen.ambient.permission.READ_DEEPLINK_DATABASE in package com.android.dialer
12-29 21:40:58.006  2355  2355 W PackageManager: Unknown permission com.cyanogen.ambient.permission.BIND_CALLER_INFO in package com.android.dialer
12-29 21:40:58.006  2355  2355 W PackageManager: Unknown permission com.android.launcher.permission.READ_SETTINGS in package com.cyanogenmod.trebuchet
12-29 21:40:58.006  2355  2355 W PackageManager: Unknown permission com.android.launcher.permission.WRITE_SETTINGS in package com.cyanogenmod.trebuchet
12-29 21:40:58.006  2355  2355 W PackageManager: Unknown permission com.cyngn.stats.SEND_ANALYTICS in package com.cyanogenmod.trebuchet
12-29 21:40:58.006  2355  2355 W PackageManager: Unknown permission com.google.android.permission.INSTALL_WEARABLE_PACKAGES in package com.android.packageinstaller
12-29 21:40:58.006  2355  2355 W PackageManager: Not granting permission android.permission.DELETE_PACKAGES to package com.svox.pico (protectionLevel=18 flags=0x3808be45)
12-29 21:40:58.006  2355  2355 W PackageManager: Unknown permission android.permission.ACCESS_SUPERUSER in package com.cyanogenmod.filemanager
12-29 21:40:58.006  2355  2355 W PackageManager: Unknown permission com.cyanogenmod.filemanager.permissions.READ_THEME in package com.cyanogenmod.filemanager
12-29 21:40:58.007  2355  2355 W PackageManager: Unknown permission com.google.android.gallery3d.permission.PICASA_STORE in package com.android.dreams.phototable
12-29 21:40:58.007  2355  2355 W PackageManager: Unknown permission com.google.android.googleapps.permission.GOOGLE_AUTH in package com.android.settings
12-29 21:40:58.007  2355  2355 W PackageManager: Unknown permission com.android.launcher.permission.READ_SETTINGS in package com.android.settings
12-29 21:40:58.007  2355  2355 W PackageManager: Unknown permission com.android.launcher.permission.WRITE_SETTINGS in package com.android.settings
12-29 21:40:58.008  2355  2355 W PackageManager: Not granting permission android.permission.REAL_GET_TASKS to package com.cyanogenmod.eleven (protectionLevel=18 flags=0x3818be65)
12-29 21:40:58.010  2355  2355 W PackageManager: Unknown permission com.google.android.gallery3d.permission.GALLERY_PROVIDER in package com.android.bluetooth
12-29 21:40:58.011  2355  2355 W PackageManager: Unknown permission com.google.android.googleapps.permission.ACCESS_GOOGLE_PASSWORD in package com.android.development
12-29 21:40:58.011  2355  2355 W PackageManager: Unknown permission com.google.android.googleapps.permission.GOOGLE_AUTH in package com.android.development
12-29 21:40:58.011  2355  2355 W PackageManager: Unknown permission com.google.android.googleapps.permission.GOOGLE_AUTH.ALL_SERVICES in package com.android.development
12-29 21:40:58.011  2355  2355 W PackageManager: Unknown permission com.google.android.googleapps.permission.GOOGLE_AUTH.YouTubeUser in package com.android.development
12-29 21:40:58.012  2355  2355 V PackageManager: Disabling com.google.android.gsf/com.google.android.gsf.update.SystemUpdateActivity
12-29 21:40:58.012  2355  2355 W PackageManager: Unable to disable com.google.android.gsf/com.google.android.gsf.update.SystemUpdateActivity
12-29 21:40:58.012  2355  2355 V PackageManager: Disabling com.google.android.gsf/com.google.android.gsf.update.SystemUpdateService$Receiver
12-29 21:40:58.012  2355  2355 W PackageManager: Unable to disable com.google.android.gsf/com.google.android.gsf.update.SystemUpdateService$Receiver
12-29 21:40:58.012  2355  2355 V PackageManager: Disabling com.google.android.gsf/com.google.android.gsf.update.SystemUpdateService$SecretCodeReceiver
12-29 21:40:58.012  2355  2355 W PackageManager: Unable to disable com.google.android.gsf/com.google.android.gsf.update.SystemUpdateService$SecretCodeReceiver
12-29 21:40:58.012  2355  2355 V PackageManager: Disabling com.google.android.gms/com.google.android.gms.update.SystemUpdateActivity
12-29 21:40:58.012  2355  2355 W PackageManager: Unable to disable com.google.android.gms/com.google.android.gms.update.SystemUpdateActivity
12-29 21:40:58.012  2355  2355 V PackageManager: Disabling com.google.android.gms/com.google.android.gms.update.SystemUpdateService$Receiver
12-29 21:40:58.012  2355  2355 W PackageManager: Unable to disable com.google.android.gms/com.google.android.gms.update.SystemUpdateService$Receiver
12-29 21:40:58.012  2355  2355 V PackageManager: Disabling com.google.android.gms/com.google.android.gms.update.SystemUpdateService$ActiveReceiver
12-29 21:40:58.012  2355  2355 W PackageManager: Unable to disable com.google.android.gms/com.google.android.gms.update.SystemUpdateService$ActiveReceiver
12-29 21:40:58.012  2355  2355 V PackageManager: Disabling com.google.android.gms/com.google.android.gms.update.SystemUpdateService$SecretCodeReceiver
12-29 21:40:58.012  2355  2355 W PackageManager: Unable to disable com.google.android.gms/com.google.android.gms.update.SystemUpdateService$SecretCodeReceiver
12-29 21:40:58.013  2355  2355 V PackageManager: Enabling com.google.android.gsf/com.google.android.gsf.update.SystemUpdateService
12-29 21:40:58.013  2355  2355 W PackageManager: Unable to enable com.google.android.gsf/com.google.android.gsf.update.SystemUpdateService
12-29 21:40:58.013  2355  2355 V PackageManager: Enabling com.google.android.gms/com.google.android.gms.update.SystemUpdateService
12-29 21:40:58.013  2355  2355 W PackageManager: Unable to enable com.google.android.gms/com.google.android.gms.update.SystemUpdateService
12-29 21:40:58.301  2355  2355 I SystemServer: User Service
12-29 21:40:58.354  2355  2355 I SystemServiceManager: Starting com.android.server.BatteryService
12-29 21:40:58.373  2355  2355 I SystemServiceManager: Starting com.android.server.usage.UsageStatsService
12-29 21:40:58.419  2355  2355 I SystemServiceManager: Starting com.android.server.webkit.WebViewUpdateService
12-29 21:40:58.426  2355  2355 I SystemServer: Reading configuration...
12-29 21:40:58.426  2355  2355 I SystemServer: Scheduling Policy
12-29 21:40:58.427  2355  2355 I SystemServiceManager: Starting com.android.server.telecom.TelecomLoaderService
12-29 21:40:58.453  2355  2355 I SystemServer: Telephony Registry
12-29 21:40:58.459  2355  2355 I SystemServer: Entropy Mixer
12-29 21:40:58.476  2355  2355 I EntropyMixer: Writing entropy...
12-29 21:40:58.521  2355  2355 I SystemServer: Camera Service
12-29 21:40:58.521  2355  2355 I SystemServiceManager: Starting com.android.server.camera.CameraService
12-29 21:40:58.527  2355  2405 I ServiceThread: Enabled StrictMode logging for CameraService_proxy looper.
12-29 21:40:58.535  2355  2355 I SystemServer: Account Manager
12-29 21:40:58.541  2355  2355 I SystemServer: Content Manager
12-29 21:40:58.548  2355  2355 I SystemServer: System Content Providers
12-29 21:40:58.679  2355  2355 I SystemServer: Vibrator Service
12-29 21:40:58.682  2355  2355 I SystemServer: Consumer IR Service
12-29 21:40:58.683  2355  2355 I SystemServiceManager: Starting com.android.server.AlarmManagerService
12-29 21:40:58.748  2355  2355 I SystemServer: Init Watchdog
12-29 21:40:58.749  2355  2355 I SystemServer: Input Manager
12-29 21:40:58.749  2355  2355 I InputManager: Initializing input manager, mUseDevInputEventForAudioJack=false
12-29 21:40:58.751  2355  2355 I SystemServer: Window Manager
12-29 21:40:58.779  2355  2374 I WindowManager: No existing display settings /data/system/display_settings.xml; starting empty
12-29 21:40:58.883  2355  2355 I InputManager: Starting input manager
12-29 21:40:58.889  2355  2355 I SystemServer: Bluetooth Service
12-29 21:40:58.889  2355  2355 I SystemServiceManager: Starting com.android.server.BluetoothService
12-29 21:40:58.906  2355  2355 I SystemServer: Input Method Service
12-29 21:40:58.974  2355  2355 I SystemServer: Accessibility Manager
12-29 21:40:58.983  2355  2355 I ActivityManager: choosing minFree values for 32 Bit
12-29 21:40:58.983  2355  2355 I ActivityManager: choosing minFree values for 32 Bit
12-29 21:40:58.983  2355  2355 I ActivityManager: choosing minFree values for 32 Bit
12-29 21:40:58.983  2355  2355 I ActivityManager: choosing minFree values for 32 Bit
12-29 21:40:58.983  2355  2355 I ActivityManager: choosing minFree values for 32 Bit
12-29 21:40:58.983  2355  2355 I ActivityManager: choosing minFree values for 32 Bit
12-29 21:40:58.984  2355  2355 I ActivityManager: Config changes=1df8 {1.0 ?mcc?mnc de_DE ldltr sw320dp w320dp h533dp 240dpi nrml long port ?uimode ?night -touch -keyb/h/h -nav/h s.2 themeResource=null}
12-29 21:40:58.991  2355  2355 I ActivityManager: Config changes=400 {1.0 ?mcc?mnc de_DE ldltr sw320dp w320dp h509dp 240dpi nrml long port ?uimode ?night -touch -keyb/h/h -nav/h s.3 themeResource=null}
12-29 21:40:58.993  2355  2355 I SystemServiceManager: Starting com.android.server.MountService$Lifecycle
12-29 21:40:59.015  2355  2427 D MountService: Thinking about reset, mSystemReady=false, mDaemonConnected=true
12-29 21:40:59.016  2355  2355 I SystemServiceManager: Starting com.android.server.UiModeManagerService
12-29 21:40:59.018  2355  2355 I ActivityManager: Config changes=200 {1.0 ?mcc?mnc de_DE ldltr sw320dp w320dp h509dp 240dpi nrml long port -touch -keyb/h/h -nav/h s.4 themeResource=null}
12-29 21:40:59.024  2355  2427 D MountService: Thinking about reset, mSystemReady=false, mDaemonConnected=true
12-29 21:40:59.025  2355  2427 D CryptdConnector: SND -> {1 cryptfs getfield SystemLocale}
12-29 21:40:59.026  1860  1913 I Ext4Crypt: ext4 crypto complete called on /data
12-29 21:40:59.026  1860  1913 I Ext4Crypt: No master key, so not ext4enc
12-29 21:40:59.027  2355  2429 D CryptdConnector: RCV <- {200 1 -1}
12-29 21:40:59.028  2355  2427 W MountService: No primary storage mounted!
12-29 21:40:59.028  2355  2427 D VoldConnector: SND -> {1 asec list}
12-29 21:40:59.028  2355  2428 D VoldConnector: RCV <- {200 1 asec operation succeeded}
12-29 21:40:59.029  2355  2427 W PackageManager: Unknown permission com.google.android.googleapps.permission.GOOGLE_AUTH in package com.android.providers.calendar
12-29 21:40:59.029  2355  2427 W PackageManager: Unknown permission com.google.android.googleapps.permission.GOOGLE_AUTH.cl in package com.android.providers.calendar
12-29 21:40:59.029  2355  2427 W PackageManager: Not granting permission android.permission.REAL_GET_TASKS to package org.cyanogenmod.wallpapers.photophase (protectionLevel=18 flags=0x3818be45)
12-29 21:40:59.029  2355  2427 W PackageManager: Unknown permission android.permission.CANCEL_NOTIFICATIONS in package org.cyanogenmod.theme.chooser2
12-29 21:40:59.029  2355  2427 W PackageManager: Unknown permission com.cyanogen.ambient.permission.BIND_CALLER_INFO in package com.android.messaging
12-29 21:40:59.030  2355  2427 W PackageManager: Unknown permission com.cyanogen.ambient.permission.BIND_RIDEINPROGRESS_SERVICE in package com.android.messaging
12-29 21:40:59.030  2355  2427 W PackageManager: Unknown permission com.cyanogen.ambient.permission.BIND_RIDESHARING_SERVICE in package com.android.messaging
12-29 21:40:59.030  2355  2427 W PackageManager: Not granting permission android.permission.ACCESS_DOWNLOAD_MANAGER to package com.android.browser (protectionLevel=18 flags=0x3849be45)
12-29 21:40:59.030  2355  2427 W PackageManager: Not granting permission android.permission.SEND_DOWNLOAD_COMPLETED_INTENTS to package com.android.browser (protectionLevel=2 flags=0x3849be45)
12-29 21:40:59.030  2355  2427 W PackageManager: Unknown permission com.cyngn.stats.SEND_ANALYTICS in package com.cyanogenmod.setupwizard
12-29 21:40:59.030  2355  2427 W PackageManager: Unknown permission com.cyanogen.permission.REQUEST_KILL_SWITCH_OP in package com.cyanogenmod.setupwizard
12-29 21:40:59.030  2355  2427 W PackageManager: Unknown permission com.cyanogen.ambient.permission.BIND_INCALL_SERVICE in package com.android.contacts
12-29 21:40:59.030  2355  2427 W PackageManager: Unknown permission com.cyanogen.ambient.permission.PLUGIN_STATUS_CHANGED in package com.android.contacts
12-29 21:40:59.030  2355  2427 W PackageManager: Unknown permission com.cyanogen.ambient.permission.BIND_CALLER_INFO in package com.android.contacts
12-29 21:40:59.031  2355  2427 W PackageManager: Unknown permission com.google.android.googleapps.permission.GOOGLE_AUTH.mail in package com.android.calendar
12-29 21:40:59.031  2355  2427 W PackageManager: Unknown permission com.android.launcher.permission.READ_SETTINGS in package com.android.onetimeinitializer
12-29 21:40:59.032  2355  2427 W PackageManager: Unknown permission com.android.launcher.permission.WRITE_SETTINGS in package com.android.onetimeinitializer
12-29 21:40:59.044  2355  2427 W PackageManager: Unknown permission com.cyanogen.ambient.permission.BIND_INCALL_SERVICE in package com.android.dialer
12-29 21:40:59.044  2355  2427 W PackageManager: Unknown permission com.cyanogen.ambient.permission.PLUGIN_STATUS_CHANGED in package com.android.dialer
12-29 21:40:59.044  2355  2427 W PackageManager: Unknown permission com.cyanogen.ambient.permission.PUBLISH_DISCOVERY_NUDGE in package com.android.dialer
12-29 21:40:59.044  2355  2427 W PackageManager: Unknown permission com.cyanogen.ambient.permission.BIND_DEEPLINK_SERVICE in package com.android.dialer
12-29 21:40:59.044  2355  2427 W PackageManager: Unknown permission com.cyanogen.ambient.permission.READ_DEEPLINK_DATABASE in package com.android.dialer
12-29 21:40:59.044  2355  2427 W PackageManager: Unknown permission com.cyanogen.ambient.permission.BIND_CALLER_INFO in package com.android.dialer
12-29 21:40:59.045  2355  2427 W PackageManager: Unknown permission com.android.launcher.permission.READ_SETTINGS in package com.cyanogenmod.trebuchet
12-29 21:40:59.045  2355  2427 W PackageManager: Unknown permission com.android.launcher.permission.WRITE_SETTINGS in package com.cyanogenmod.trebuchet
12-29 21:40:59.045  2355  2427 W PackageManager: Unknown permission com.cyngn.stats.SEND_ANALYTICS in package com.cyanogenmod.trebuchet
12-29 21:40:59.046  2355  2427 W PackageManager: Unknown permission com.google.android.permission.INSTALL_WEARABLE_PACKAGES in package com.android.packageinstaller
12-29 21:40:59.046  2355  2427 W PackageManager: Not granting permission android.permission.DELETE_PACKAGES to package com.svox.pico (protectionLevel=18 flags=0x3808be45)
12-29 21:40:59.046  2355  2427 W PackageManager: Unknown permission android.permission.ACCESS_SUPERUSER in package com.cyanogenmod.filemanager
12-29 21:40:59.046  2355  2427 W PackageManager: Unknown permission com.cyanogenmod.filemanager.permissions.READ_THEME in package com.cyanogenmod.filemanager
12-29 21:40:59.047  2355  2427 W PackageManager: Unknown permission com.google.android.gallery3d.permission.PICASA_STORE in package com.android.dreams.phototable
12-29 21:40:59.048  2355  2427 W PackageManager: Unknown permission com.google.android.googleapps.permission.GOOGLE_AUTH in package com.android.settings
12-29 21:40:59.049  2355  2427 W PackageManager: Unknown permission com.android.launcher.permission.READ_SETTINGS in package com.android.settings
12-29 21:40:59.049  2355  2427 W PackageManager: Unknown permission com.android.launcher.permission.WRITE_SETTINGS in package com.android.settings
12-29 21:40:59.050  2355  2427 W PackageManager: Not granting permission android.permission.REAL_GET_TASKS to package com.cyanogenmod.eleven (protectionLevel=18 flags=0x3818be65)
12-29 21:40:59.069  2355  2422 I ActivityManager: Config changes=8 {1.0 ?mcc?mnc de_DE ldltr sw320dp w320dp h509dp 240dpi nrml long port finger -keyb/h/h -nav/h s.5 themeResource=null}
12-29 21:40:59.084  2355  2427 W PackageManager: Unknown permission com.google.android.gallery3d.permission.GALLERY_PROVIDER in package com.android.bluetooth
12-29 21:40:59.085  2355  2427 W PackageManager: Unknown permission com.google.android.googleapps.permission.ACCESS_GOOGLE_PASSWORD in package com.android.development
12-29 21:40:59.085  2355  2427 W PackageManager: Unknown permission com.google.android.googleapps.permission.GOOGLE_AUTH in package com.android.development
12-29 21:40:59.085  2355  2427 W PackageManager: Unknown permission com.google.android.googleapps.permission.GOOGLE_AUTH.ALL_SERVICES in package com.android.development
12-29 21:40:59.085  2355  2427 W PackageManager: Unknown permission com.google.android.googleapps.permission.GOOGLE_AUTH.YouTubeUser in package com.android.development
12-29 21:40:59.101  2355  2368 I UsageStatsService: User[0] Rollover scheduled @ 2016-12-30 01:00:00(1483056000000)
12-29 21:40:59.248  2355  2355 I SystemServer: LockSettingsService
12-29 21:40:59.252  2355  2355 I SystemServiceManager: Starting com.android.server.DeviceIdleController
12-29 21:40:59.255  2355  2427 W MountService: No primary storage mounted!
12-29 21:40:59.255  2355  2427 D VoldConnector: SND -> {2 asec list}
12-29 21:40:59.256  2355  2428 D VoldConnector: RCV <- {200 2 asec operation succeeded}
12-29 21:40:59.257  2355  2355 I SystemServiceManager: Starting com.android.server.devicepolicy.DevicePolicyManagerService$Lifecycle
12-29 21:40:59.262  2355  2355 I SystemServer: Status Bar
12-29 21:40:59.264  2355  2355 I SystemServer: Clipboard Service
12-29 21:40:59.266  2355  2355 I SystemServer: NetworkManagement Service
12-29 21:40:59.279  2355  2355 I SystemServer: Text Service Manager Service
12-29 21:40:59.290  2355  2355 I SystemServer: Network Score Service
12-29 21:40:59.292  2355  2355 I SystemServer: NetworkStats Service
12-29 21:40:59.303  2355  2355 I SystemServer: NetworkPolicy Service
12-29 21:40:59.347  2355  2355 I SystemServiceManager: Starting com.android.server.wifi.p2p.WifiP2pService
12-29 21:40:59.429  2355  2355 I SystemServiceManager: Starting com.android.server.wifi.WifiService
12-29 21:40:59.755  2355  2355 I SystemServiceManager: Starting com.android.server.wifi.WifiScanningService
12-29 21:40:59.757  2355  2355 I SystemServiceManager: Starting com.android.server.wifi.RttService
12-29 21:40:59.758  2355  2355 I SystemServiceManager: Starting com.android.server.ethernet.EthernetService
12-29 21:40:59.763  2355  2355 I SystemServer: Connectivity Service
12-29 21:40:59.766  2355  2355 D ConnectivityService: ConnectivityService starting up
12-29 21:40:59.774  2355  2355 D ConnectivityService: wifiOnly=false
12-29 21:40:59.774  2355  2355 E ConnectivityService: Ignoring protectedNetwork 10
12-29 21:40:59.774  2355  2355 E ConnectivityService: Ignoring protectedNetwork 11
12-29 21:40:59.774  2355  2355 E ConnectivityService: Ignoring protectedNetwork 12
12-29 21:40:59.774  2355  2355 E ConnectivityService: Ignoring protectedNetwork 14
12-29 21:40:59.774  2355  2355 E ConnectivityService: Ignoring protectedNetwork 15
12-29 21:40:59.789  2355  2355 I SystemServer: Network Service Discovery Service
12-29 21:40:59.792  2355  2355 D NsdService: Network service discovery enabled true
12-29 21:40:59.794  2355  2355 I SystemServer: UpdateLock Service
12-29 21:40:59.796  2355  2355 I SystemServiceManager: Starting com.android.server.notification.NotificationManagerService
12-29 21:40:59.824  2355  2355 I ZenModeConfig: Migrating existing shared 'from': stars
12-29 21:40:59.856  2355  2355 I SystemServiceManager: Starting com.android.server.storage.DeviceStorageMonitorService
12-29 21:40:59.860  2355  2355 I SystemServer: Location Manager
12-29 21:40:59.866  2355  2355 I SystemServer: Country Detector
12-29 21:40:59.870  2355  2355 I SystemServer: Search Service
12-29 21:40:59.872  2355  2355 I SystemServer: DropBox Service
12-29 21:40:59.874  2355  2355 I SystemServer: Wallpaper Service
12-29 21:40:59.883  2355  2355 W WallpaperManagerService: no current wallpaper -- first boot?
12-29 21:40:59.884  2355  2355 I SystemServer: Audio Service
12-29 21:40:59.937  2355  2355 I SystemServiceManager: Starting com.android.server.DockObserver
12-29 21:40:59.939  2355  2355 I SystemServer: Wired Accessory Manager
12-29 21:40:59.941  2355  2355 W WiredAccessoryManager: This kernel does not have usb audio support
12-29 21:40:59.941  2355  2355 I SystemServiceManager: Starting com.android.server.usb.UsbService$Lifecycle
12-29 21:40:59.975  2355  2355 I SystemServer: Serial Service
12-29 21:40:59.976  2355  2355 I SystemServiceManager: Starting com.android.server.twilight.TwilightService
12-29 21:40:59.984  2355  2355 I SystemServiceManager: Starting com.android.server.job.JobSchedulerService
12-29 21:40:59.992  2355  2355 D JobStore: job-info
12-29 21:40:59.996  2355  2355 I SystemServiceManager: Starting com.android.server.backup.BackupManagerService$Lifecycle
12-29 21:40:59.998  2355  2355 I SystemServiceManager: Starting com.android.server.appwidget.AppWidgetService
12-29 21:41:00.002  2355  2355 I SystemServiceManager: Starting com.android.server.voiceinteraction.VoiceInteractionManagerService
12-29 21:41:00.003  2355  2355 W SoundTriggerHelper: listModules status=0, # of modules=0
12-29 21:41:00.005  2355  2355 I SystemServer: Gesture Launcher Service
12-29 21:41:00.005  2355  2355 I SystemServiceManager: Starting com.android.server.GestureLauncherService
12-29 21:41:00.006  2355  2355 I SystemServer: DiskStats Service
12-29 21:41:00.006  2355  2355 I SystemServer: SamplingProfiler Service
12-29 21:41:00.028  2355  2355 I SystemServer: NetworkTimeUpdateService
12-29 21:41:00.029  2355  2355 I SystemServer: CommonTimeManagementService
12-29 21:41:00.030  2355  2355 I SystemServer: CertBlacklister
12-29 21:41:00.031  2355  2355 I SystemServiceManager: Starting com.android.server.dreams.DreamManagerService
12-29 21:41:00.033  2355  2355 I SystemServer: Assets Atlas Service
12-29 21:41:00.040  2355  2355 I SystemServiceManager: Starting com.android.server.print.PrintManagerService
12-29 21:41:00.059  2355  2355 I SystemServiceManager: Starting com.android.server.restrictions.RestrictionsManagerService
12-29 21:41:00.061  2355  2355 I SystemServiceManager: Starting com.android.server.media.MediaSessionService
12-29 21:41:00.073  2355  2355 I SystemServer: Media Router Service
12-29 21:41:00.076  2355  2355 I SystemServiceManager: Starting com.android.server.trust.TrustManagerService
12-29 21:41:00.091  2355  2355 I SystemServiceManager: Starting com.android.server.fingerprint.FingerprintService
12-29 21:41:00.095  2355  2355 W FingerprintService: fingerprint service not available
12-29 21:41:00.095  2355  2355 V FingerprintService: Fingerprint HAL id: 0
12-29 21:41:00.096  2355  2355 I SystemServer: BackgroundDexOptService
12-29 21:41:00.098  2355  2355 I SystemServiceManager: Starting com.android.server.pm.LauncherAppsService
12-29 21:41:00.100  2355  2355 I SystemServiceManager: Starting com.android.server.media.projection.MediaProjectionManagerService
12-29 21:41:00.443  2355  2355 I SystemServiceManager: Starting com.android.server.MmsServiceBroker
12-29 21:41:00.452  2355  2355 I CMSystemServer: Attempting to start service org.cyanogenmod.platform.internal.CMStatusBarManagerService
12-29 21:41:00.461  2355  2355 I CMSystemServer: Starting service org.cyanogenmod.platform.internal.CMStatusBarManagerService
12-29 21:41:00.461  2355  2355 I SystemServiceManager: Starting org.cyanogenmod.platform.internal.CMStatusBarManagerService
12-29 21:41:00.463  2355  2355 I CMSystemServer: Attempting to start service org.cyanogenmod.platform.internal.ProfileManagerService
12-29 21:41:00.472  2355  2355 I CMSystemServer: Starting service org.cyanogenmod.platform.internal.ProfileManagerService
12-29 21:41:00.472  2355  2355 I SystemServiceManager: Starting org.cyanogenmod.platform.internal.ProfileManagerService
12-29 21:41:00.485  2355  2435 D WifiService: New client listening to asynchronous messages
12-29 21:41:00.528  2355  2355 I CMSystemServer: Attempting to start service org.cyanogenmod.platform.internal.PartnerInterfaceService
12-29 21:41:00.531  2355  2355 I CMSystemServer: Starting service org.cyanogenmod.platform.internal.PartnerInterfaceService
12-29 21:41:00.531  2355  2355 I SystemServiceManager: Starting org.cyanogenmod.platform.internal.PartnerInterfaceService
12-29 21:41:00.531  2355  2355 I CMSystemServer: Attempting to start service org.cyanogenmod.platform.internal.CMTelephonyManagerService
12-29 21:41:00.534  2355  2355 I CMSystemServer: Starting service org.cyanogenmod.platform.internal.CMTelephonyManagerService
12-29 21:41:00.534  2355  2355 I SystemServiceManager: Starting org.cyanogenmod.platform.internal.CMTelephonyManagerService
12-29 21:41:00.534  2355  2355 I CMSystemServer: Attempting to start service org.cyanogenmod.platform.internal.CMHardwareService
12-29 21:41:00.543  2355  2355 I CMSystemServer: Starting service org.cyanogenmod.platform.internal.CMHardwareService
12-29 21:41:00.543  2355  2355 I SystemServiceManager: Starting org.cyanogenmod.platform.internal.CMHardwareService
12-29 21:41:00.544  2355  2355 I CMSystemServer: Attempting to start service org.cyanogenmod.platform.internal.AppSuggestManagerService
12-29 21:41:00.545  2355  2355 I CMSystemServer: Starting service org.cyanogenmod.platform.internal.AppSuggestManagerService
12-29 21:41:00.545  2355  2355 I SystemServiceManager: Starting org.cyanogenmod.platform.internal.AppSuggestManagerService
12-29 21:41:00.552  2355  2355 E AppSgstMgrService: no app suggest provider found
12-29 21:41:00.553  2355  2355 I CMSystemServer: Attempting to start service org.cyanogenmod.platform.internal.PerformanceManagerService
12-29 21:41:00.561  2355  2452 I ServiceThread: Enabled StrictMode logging for PerformanceManager looper.
12-29 21:41:00.561  2355  2355 I CMSystemServer: Starting service org.cyanogenmod.platform.internal.PerformanceManagerService
12-29 21:41:00.561  2355  2355 I SystemServiceManager: Starting org.cyanogenmod.platform.internal.PerformanceManagerService
12-29 21:41:00.570  2355  2453 I ServiceThread: Enabled StrictMode logging for PerformanceManager looper.
12-29 21:41:00.571  2355  2355 I CMSystemServer: Attempting to start service org.cyanogenmod.platform.internal.ThemeManagerServiceBroker
12-29 21:41:00.575  2355  2355 E BrokerableCMSystemService: Setting brokered service connection org.cyanogenmod.platform.internal.ThemeManagerServiceBroker$2@837d788
12-29 21:41:00.575  2355  2355 I CMSystemServer: Starting service org.cyanogenmod.platform.internal.ThemeManagerServiceBroker
12-29 21:41:00.575  2355  2355 I SystemServiceManager: Starting org.cyanogenmod.platform.internal.ThemeManagerServiceBroker
12-29 21:41:00.575  2355  2355 E BrokerableCMSystemService: Setting brokered service connection org.cyanogenmod.platform.internal.ThemeManagerServiceBroker$2@ea26521
12-29 21:41:00.576  2355  2355 I CMSystemServer: Attempting to start service org.cyanogenmod.platform.internal.IconCacheManagerServiceBroker
12-29 21:41:00.577  2355  2355 E BrokerableCMSystemService: Setting brokered service connection org.cyanogenmod.platform.internal.IconCacheManagerServiceBroker$2@e7b4d46
12-29 21:41:00.577  2355  2355 I CMSystemServer: Starting service org.cyanogenmod.platform.internal.IconCacheManagerServiceBroker
12-29 21:41:00.577  2355  2355 I SystemServiceManager: Starting org.cyanogenmod.platform.internal.IconCacheManagerServiceBroker
12-29 21:41:00.577  2355  2355 E BrokerableCMSystemService: Setting brokered service connection org.cyanogenmod.platform.internal.IconCacheManagerServiceBroker$2@62f6b07
12-29 21:41:00.578  2355  2355 I CMSystemServer: Attempting to start service org.cyanogenmod.platform.internal.LiveLockScreenServiceBroker
12-29 21:41:00.586  2355  2355 E BrokerableCMSystemService: Setting brokered service connection org.cyanogenmod.platform.internal.LiveLockScreenServiceBroker$2@336e434
12-29 21:41:00.587  2355  2355 I CMSystemServer: Starting service org.cyanogenmod.platform.internal.LiveLockScreenServiceBroker
12-29 21:41:00.587  2355  2355 I SystemServiceManager: Starting org.cyanogenmod.platform.internal.LiveLockScreenServiceBroker
12-29 21:41:00.587  2355  2355 E BrokerableCMSystemService: Setting brokered service connection org.cyanogenmod.platform.internal.LiveLockScreenServiceBroker$2@c1f325d
12-29 21:41:00.588  2355  2355 I CMSystemServer: Attempting to start service org.cyanogenmod.platform.internal.WeatherManagerServiceBroker
12-29 21:41:00.590  2355  2355 I CMSystemServer: Starting service org.cyanogenmod.platform.internal.WeatherManagerServiceBroker
12-29 21:41:00.590  2355  2355 I SystemServiceManager: Starting org.cyanogenmod.platform.internal.WeatherManagerServiceBroker
12-29 21:41:00.591  2355  2355 I CMSystemServer: Attempting to start service org.cyanogenmod.platform.internal.display.LiveDisplayService
12-29 21:41:00.599  2355  2454 I ServiceThread: Enabled StrictMode logging for LiveDisplay looper.
12-29 21:41:00.600  2355  2355 I CMSystemServer: Starting service org.cyanogenmod.platform.internal.display.LiveDisplayService
12-29 21:41:00.600  2355  2355 I SystemServiceManager: Starting org.cyanogenmod.platform.internal.display.LiveDisplayService
12-29 21:41:00.601  2355  2455 I ServiceThread: Enabled StrictMode logging for LiveDisplay looper.
12-29 21:41:00.602  2355  2355 I CMSystemServer: Attempting to start service org.cyanogenmod.platform.internal.CMAudioServiceBroker
12-29 21:41:00.604  2355  2355 I CMSystemServer: Starting service org.cyanogenmod.platform.internal.CMAudioServiceBroker
12-29 21:41:00.604  2355  2355 I SystemServiceManager: Starting org.cyanogenmod.platform.internal.CMAudioServiceBroker
12-29 21:41:00.673  2355  2355 E LockSettingsStorage: Cannot read file java.io.FileNotFoundException: /data/system/gatekeeper.password.key: open failed: ENOENT (No such file or directory)
12-29 21:41:00.673  2355  2355 E LockSettingsStorage: Cannot read file java.io.FileNotFoundException: /data/system/password.key: open failed: ENOENT (No such file or directory)
12-29 21:41:00.673  2355  2355 E LockSettingsStorage: Cannot read file java.io.FileNotFoundException: /data/system/gatekeeper.pattern.key: open failed: ENOENT (No such file or directory)
12-29 21:41:00.673  2355  2355 E LockSettingsStorage: Cannot read file java.io.FileNotFoundException: /data/system/gatekeeper.gesture.key: open failed: ENOENT (No such file or directory)
12-29 21:41:00.674  2355  2355 E LockSettingsStorage: Cannot read file java.io.FileNotFoundException: /data/system/gesture.key: open failed: ENOENT (No such file or directory)
12-29 21:41:00.674  2355  2355 E LockSettingsStorage: Cannot read file java.io.FileNotFoundException: /data/system/cm_gesture.key: open failed: ENOENT (No such file or directory)
12-29 21:41:00.674  2355  2355 I SystemServiceManager: Starting phase 480
12-29 21:41:00.685  2355  2355 I SystemServiceManager: Starting phase 500
12-29 21:41:00.691  2355  2355 I WifiService: WifiService starting up with Wi-Fi enabled
12-29 21:41:00.695  2355  2355 D WifiService: setWifiEnabled: true pid=2355, uid=1000
12-29 21:41:00.695  2355  2355 E WifiService: Invoking mWifiStateMachine.setWifiEnabled
12-29 21:41:00.712  2355  2436 D ConnectivityService: Got NetworkFactory Messenger for Ethernet
12-29 21:41:00.725  2355  2355 V BackupManagerService: No ancestral data
12-29 21:41:00.830  2355  2355 V KeyValueBackupJob: Scheduling k/v pass in 240 minutes
12-29 21:41:01.204  2355  2355 V BackupManagerService: Starting with transport com.google.android.gms/.backup.BackupTransportService
12-29 21:41:01.204  2355  2355 V BackupManagerService: Found transports: 1
12-29 21:41:01.205  2355  2355 I BackupManagerService: Binding to transport host ComponentInfo{android/com.android.internal.backup.LocalTransportService}
12-29 21:41:01.208  2355  2355 I BackupManagerService: Found stale backup journal, scheduling
12-29 21:41:01.251  2355  2355 I ActivityManager: Config changes=20 {1.0 ?mcc?mnc de_DE ldltr sw320dp w320dp h509dp 240dpi nrml long port finger -keyb/v/h -nav/h s.6 themeResource=null}
12-29 21:41:01.350  2355  2376 W KeyguardServiceDelegate: onScreenTurningOn(): no keyguard service!
12-29 21:41:01.353  2355  2355 I ActivityManager: System now ready
12-29 21:41:01.355  2355  2355 I ActivityManager: Config changes=2000 {1.0 ?mcc?mnc de_DE ldrtl sw320dp w320dp h509dp 240dpi nrml long port finger -keyb/v/h -nav/h s.7 themeResource=null}
12-29 21:41:01.362  2355  2355 I SystemServer: Making services ready
12-29 21:41:01.362  2355  2355 I SystemServiceManager: Starting phase 550
12-29 21:41:01.369  2355  2427 D MountService: Thinking about reset, mSystemReady=true, mDaemonConnected=true
12-29 21:41:01.369  2355  2427 D VoldConnector: SND -> {3 volume reset}
12-29 21:41:01.370  2355  2428 D VoldConnector: RCV <- {651 emulated 7}
12-29 21:41:01.371  2355  2428 D VoldConnector: RCV <- {659 emulated}
12-29 21:41:01.371  2355  2428 D VoldConnector: RCV <- {650 emulated 2 "" ""}
12-29 21:41:01.371  2355  2428 D VoldConnector: RCV <- {654 emulated emulated}
12-29 21:41:01.371  2355  2428 D VoldConnector: RCV <- {651 emulated 0}
12-29 21:41:01.371  2355  2428 D VoldConnector: RCV <- {651 public:179_11 7}
12-29 21:41:01.371  2355  2428 D VoldConnector: RCV <- {659 public:179_11}
12-29 21:41:01.371  2355  2428 D VoldConnector: RCV <- {649 disk:179_0}
12-29 21:41:01.371  2355  2428 D VoldConnector: RCV <- {640 disk:179_0 38}
12-29 21:41:01.372  2355  2428 D VoldConnector: RCV <- {650 public:179_11 0 "disk:179_0" ""}
12-29 21:41:01.372  2355  2428 D VoldConnector: RCV <- {654 public:179_11 sdcard0}
12-29 21:41:01.372  2355  2428 D VoldConnector: RCV <- {651 public:179_11 0}
12-29 21:41:01.372  2355  2428 D VoldConnector: RCV <- {200 3 Command succeeded}
12-29 21:41:01.373  2355  2427 D VoldConnector: SND -> {4 volume user_added 0 0}
12-29 21:41:01.373  2355  2369 I ActivityManager: Force stopping com.android.providers.media appid=10010 user=-1: vold reset
12-29 21:41:01.374  2355  2428 D VoldConnector: RCV <- {200 4 Command succeeded}
12-29 21:41:01.375  2355  2355 D UsbAlsaManager: Adding ALSA device AlsaDevice: [card: 0, device: 0, type: 2]
12-29 21:41:01.375  2355  2355 D UsbAlsaManager: Adding ALSA device AlsaDevice: [card: 0, device: 0, type: 1]
12-29 21:41:01.385  2355  2371 V MountService: Found primary storage at VolumeInfo{public:179_11}:
12-29 21:41:01.385  2355  2371 V MountService:     type=PUBLIC diskId=disk:179_0 partGuid=null mountFlags=0 mountUserId=-1 
12-29 21:41:01.385  2355  2371 V MountService:     state=UNMOUNTED 
12-29 21:41:01.385  2355  2371 V MountService:     fsType=null fsUuid=null fsLabel=null 
12-29 21:41:01.385  2355  2371 V MountService:     path=null internalPath=null 
12-29 21:41:01.387  2355  2427 D VoldConnector: SND -> {5 volume mount public:179_11 3 0}
12-29 21:41:01.389  1860  1912 V vold    : /system/bin/blkid
12-29 21:41:01.389  1860  1912 V vold    :     -c
12-29 21:41:01.389  1860  1912 V vold    :     /dev/null
12-29 21:41:01.389  1860  1912 V vold    :     -s
12-29 21:41:01.389  2355  2428 D VoldConnector: RCV <- {651 public:179_11 1}
12-29 21:41:01.389  1860  1912 V vold    :     TYPE
12-29 21:41:01.389  1860  1912 V vold    :     -s
12-29 21:41:01.389  1860  1912 V vold    :     UUID
12-29 21:41:01.389  1860  1912 V vold    :     -s
12-29 21:41:01.389  1860  1912 V vold    :     LABEL
12-29 21:41:01.389  1860  1912 V vold    :     /dev/block/vold/public:179_11
12-29 21:41:01.398  2355  2475 D UsbHostManager: Added device UsbDevice[mName=/dev/bus/usb/001/002,mVendorId=5401,mProductId=32,mClass=2,mSubclass=0,mProtocol=0,mManufacturerName=null,mProductName=null,mVersion=2.0,mSerialNumber=null,mConfigurations=[
12-29 21:41:01.398  2355  2475 D UsbHostManager: UsbConfiguration[mId=1,mName=null,mAttributes=192,mMaxPower=50,mInterfaces=[
12-29 21:41:01.398  2355  2475 D UsbHostManager: UsbInterface[mId=0,mAlternateSetting=0,mName=null,mClass=2,mSubclass=2,mProtocol=1,mEndpoints=[
12-29 21:41:01.398  2355  2475 D UsbHostManager: UsbEndpoint[mAddress=133,mAttributes=3,mMaxPacketSize=64,mInterval=4]]
12-29 21:41:01.398  2355  2475 D UsbHostManager: UsbInterface[mId=1,mAlternateSetting=0,mName=null,mClass=10,mSubclass=0,mProtocol=0,mEndpoints=[
12-29 21:41:01.398  2355  2475 D UsbHostManager: UsbEndpoint[mAddress=129,mAttributes=2,mMaxPacketSize=512,mInterval=1]
12-29 21:41:01.398  2355  2475 D UsbHostManager: UsbEndpoint[mAddress=1,mAttributes=2,mMaxPacketSize=512,mInterval=1]]
12-29 21:41:01.398  2355  2475 D UsbHostManager: UsbInterface[mId=2,mAlternateSetting=0,mName=null,mClass=2,mSubclass=2,mProtocol=1,mEndpoints=[
12-29 21:41:01.398  2355  2475 D UsbHostManager: UsbEndpoint[mAddress=134,mAttributes=3,mMaxPacketSize=64,mInterval=4]]
12-29 21:41:01.398  2355  2475 D UsbHostManager: UsbInterface[mId=3,mAlternateSetting=0,mName=null,mClass=10,mSubclass=0,mProtocol=0,mEndpoints=[
12-29 21:41:01.398  2355  2475 D UsbHostManager: UsbEndpoint[mAddress=130,mAttributes=2,mMaxPacketSize=512,mInterval=1]
12-29 21:41:01.398  2355  2475 D UsbHostManager: UsbEndpoint[mAddress=2,mAttributes=2,mMaxPacketSize=512,mInterval=1]]
12-29 21:41:01.398  2355  2475 D UsbHostManager: UsbInterface[mId=4,mAlternateSetting=0,mName=null,mClass=2,mSubclass=2,mProtocol=1,mEndpoints=[
12-29 21:41:01.398  2355  2475 D UsbHostManager: UsbEndpoint[mAddress=135,mAttributes=3,mMaxPacketSize=64,mInterval=4]]
12-29 21:41:01.398  2355  2475 D UsbHostManager: UsbInterface[mId=5,mAlternateSetting=0,mName=null,mClass=10,mSubclass=0,mProtocol=0,mEndpoints=[
12-29 21:41:01.398  2355  2475 D UsbHostManager: UsbEndpoint[mAddress=131,mAttributes=2,mMaxPacketSize=512,mInterval=1]
12-29 21:41:01.398  2355  2475 D UsbHostManager: UsbEndpoint[mAddress=3,mAttributes=2,mMaxPacketSize=512,mInterval=1]]
12-29 21:41:01.398  2355  2475 D UsbHostManager: UsbInterface[mId=6,mAlternateSetting=0,mName=null,mClass=2,mSubclass=2,mProtocol=1,mEndpoints=[
