12-01 07:29:00.181   305  1751 E NetlinkEvent: NetlinkEvent::FindParam(): Parameter 'UID' not found
12-01 07:29:00.186  1787  3031 I chatty  : uid=1000(system) Binder_4 expire 3 lines
12-01 07:29:00.391  1787  1787 I chatty  : uid=1000 system_server expire 22 lines
12-01 07:38:06.794  1787  1806 I chatty  : uid=1000(system) android.display expire 4 lines
12-01 07:38:07.026   258   699 I chatty  : uid=1000(system) EventThread expire 3 lines
12-01 07:38:10.181   258   258 I chatty  : uid=1000(system) /system/bin/surfaceflinger expire 20 lines
12-01 07:38:41.761  1787  4201 I chatty  : uid=1000(system) Binder_7 expire 1 line
12-01 07:38:41.768  1787  1803 I chatty  : uid=1000(system) android.fg expire 1 line
12-01 07:38:45.853   305  1751 E NetlinkEvent: NetlinkEvent::FindParam(): Parameter 'UID' not found
12-01 07:38:46.425 27926 27926 I chatty  : uid=1000(system) expire 1 line
12-01 07:38:46.475  1787  1787 I chatty  : uid=1000 system_server expire 1 line
12-01 07:38:46.627  1787  2954 I chatty  : uid=1000(system) WifiService expire 1 line
12-01 07:38:50.887  1787  2916 I chatty  : uid=1000(system) InputReader expire 3 lines
12-01 07:38:51.498  1787  1806 I chatty  : uid=1000(system) android.display expire 11 lines
12-01 07:38:51.508   258   699 I chatty  : uid=1000(system) EventThread expire 11 lines
12-01 07:38:51.676  1787  1809 I chatty  : uid=1000(system) PowerManagerSer expire 6 lines
12-01 07:38:51.677  1787  1803 I chatty  : uid=1000(system) android.fg expire 5 lines
12-01 07:38:51.767 27926 27926 I chatty  : uid=1000(system) expire 3 lines
12-01 07:38:51.770  1787  1787 I chatty  : uid=1000 system_server expire 13 lines
12-01 07:38:51.965  3000  3000 D StatusBarKeyguardViewManager: showKeyguard, but hide Bouncer
12-01 07:38:53.171  1787  2914 I chatty  : uid=1000(system) AlarmManager expire 12 lines
12-01 07:39:00.359   305  1751 E NetlinkEvent: NetlinkEvent::FindParam(): Parameter 'UID' not found
12-01 07:39:07.191   305  1751 E NetlinkEvent: NetlinkEvent::FindParam(): Parameter 'UID' not found
12-01 07:39:23.189   305  1751 E NetlinkEvent: NetlinkEvent::FindParam(): Parameter 'UID' not found
12-01 07:39:23.204   305  1751 E NetlinkEvent: NetlinkEvent::FindParam(): Parameter 'UID' not found
12-01 07:39:35.557   305  1751 E NetlinkEvent: NetlinkEvent::FindParam(): Parameter 'UID' not found
12-01 07:39:38.242   305  1751 E NetlinkEvent: NetlinkEvent::FindParam(): Parameter 'UID' not found
12-01 07:39:57.944   305  1751 E NetlinkEvent: NetlinkEvent::FindParam(): Parameter 'UID' not found
12-01 07:41:12.231   305  1751 E NetlinkEvent: NetlinkEvent::FindParam(): Parameter 'UID' not found
12-01 07:41:30.091   305  1751 E NetlinkEvent: NetlinkEvent::FindParam(): Parameter 'UID' not found
12-01 07:42:52.379   305  1751 E NetlinkEvent: NetlinkEvent::FindParam(): Parameter 'UID' not found
12-01 07:43:02.873   305  1751 E NetlinkEvent: NetlinkEvent::FindParam(): Parameter 'UID' not found
12-01 07:43:52.922   305  1751 E NetlinkEvent: NetlinkEvent::FindParam(): Parameter 'UID' not found
12-01 07:43:52.925  1787  1797 I chatty  : uid=1000(system) Binder_1 expire 3 lines
12-01 07:44:03.744   305  1751 E NetlinkEvent: NetlinkEvent::FindParam(): Parameter 'UID' not found
12-01 07:44:53.484  1787  2914 I chatty  : uid=1000(system) AlarmManager expire 12 lines
12-01 07:44:53.488  1787  1787 I chatty  : uid=1000 system_server expire 14 lines
12-01 07:44:53.505   305  1751 E NetlinkEvent: NetlinkEvent::FindParam(): Parameter 'UID' not found
12-01 07:44:54.011  1787  4201 I chatty  : uid=1000(system) Binder_7 expire 1 line
12-01 07:44:54.015  1787  3675 I chatty  : uid=1000(system) Binder_5 expire 1 line
12-01 07:44:55.682   258   258 I chatty  : uid=1000(system) /system/bin/surfaceflinger expire 14 lines
12-01 07:44:58.869  1787  4628 I chatty  : uid=1000(system) Binder_9 expire 1 line
12-01 07:45:01.279  1787  3677 I chatty  : uid=1000(system) Binder_6 expire 1 line
12-01 07:45:10.345  3000  3000 D StatusBarKeyguardViewManager: showKeyguard, but hide Bouncer
12-01 07:45:10.771  1787  2914 I chatty  : uid=1000(system) AlarmManager expire 12 lines
12-01 07:45:10.776  1787  1787 I chatty  : uid=1000 system_server expire 12 lines
12-01 07:45:18.232   305  1751 E NetlinkEvent: NetlinkEvent::FindParam(): Parameter 'UID' not found
12-01 07:45:18.731   258   258 I chatty  : uid=1000(system) /system/bin/surfaceflinger expire 8 lines
12-01 07:45:19.582  1787  6219 I chatty  : uid=1000(system) Binder_B expire 1 line
12-01 07:45:24.921   305  1751 E NetlinkEvent: NetlinkEvent::FindParam(): Parameter 'UID' not found
12-01 07:45:26.490  3000  3000 D StatusBarKeyguardViewManager: showKeyguard, but hide Bouncer
12-01 07:45:41.187   305  1751 E NetlinkEvent: NetlinkEvent::FindParam(): Parameter 'UID' not found
12-01 07:45:41.202   305  1751 E NetlinkEvent: NetlinkEvent::FindParam(): Parameter 'UID' not found
12-01 07:45:52.724   305  1751 E NetlinkEvent: NetlinkEvent::FindParam(): Parameter 'UID' not found
12-01 07:47:06.200   305  1751 E NetlinkEvent: NetlinkEvent::FindParam(): Parameter 'UID' not found
12-01 07:47:21.450   305  1751 E NetlinkEvent: NetlinkEvent::FindParam(): Parameter 'UID' not found
12-01 07:49:28.100  1787  2914 I chatty  : uid=1000(system) AlarmManager expire 12 lines
12-01 07:49:28.147  1787  1787 I chatty  : uid=1000 system_server expire 12 lines
12-01 07:51:28.191   305  1751 E NetlinkEvent: NetlinkEvent::FindParam(): Parameter 'UID' not found
12-01 07:52:15.731   305  1751 E NetlinkEvent: NetlinkEvent::FindParam(): Parameter 'UID' not found
12-01 07:52:16.364  1787  1801 I chatty  : uid=1000(system) ActivityManager expire 1 line
12-01 07:55:07.185  1787  2914 I chatty  : uid=1000(system) AlarmManager expire 12 lines
12-01 07:55:07.197   305  1751 E NetlinkEvent: NetlinkEvent::FindParam(): Parameter 'UID' not found
12-01 07:55:07.214  1787  1787 I chatty  : uid=1000 system_server expire 11 lines
12-01 07:56:10.705   305  1751 E NetlinkEvent: NetlinkEvent::FindParam(): Parameter 'UID' not found
12-01 07:57:40.024  1787  1806 I chatty  : uid=1000(system) android.display expire 2 lines
12-01 07:57:43.761  1787  1787 I chatty  : uid=1000 system_server expire 12 lines
12-01 07:57:44.761  1787  2914 I chatty  : uid=1000(system) AlarmManager expire 11 lines
12-01 08:01:24.916   305  1751 E NetlinkEvent: NetlinkEvent::FindParam(): Parameter 'UID' not found
12-01 08:02:06.495   305  1751 E NetlinkEvent: NetlinkEvent::FindParam(): Parameter 'UID' not found
12-01 08:02:28.548   305  1751 E NetlinkEvent: NetlinkEvent::FindParam(): Parameter 'UID' not found
12-01 08:02:28.556   305  1751 E NetlinkEvent: NetlinkEvent::FindParam(): Parameter 'UID' not found
12-01 08:02:28.957   305  1751 E NetlinkEvent: NetlinkEvent::FindParam(): Parameter 'UID' not found
12-01 08:02:54.256   305  1751 E NetlinkEvent: NetlinkEvent::FindParam(): Parameter 'UID' not found
12-01 08:03:31.193  1787  2914 I chatty  : uid=1000(system) AlarmManager expire 21 lines
12-01 08:03:31.205  1787  1787 I chatty  : uid=1000 system_server expire 21 lines
12-01 08:03:31.233   305  1751 E NetlinkEvent: NetlinkEvent::FindParam(): Parameter 'UID' not found
12-01 08:04:17.233   305  1751 E NetlinkEvent: NetlinkEvent::FindParam(): Parameter 'UID' not found
12-01 08:04:17.596   305  1751 E NetlinkEvent: NetlinkEvent::FindParam(): Parameter 'UID' not found
12-01 08:04:29.072   305  1751 E NetlinkEvent: NetlinkEvent::FindParam(): Parameter 'UID' not found
12-01 08:04:29.892   305  1751 E NetlinkEvent: NetlinkEvent::FindParam(): Parameter 'UID' not found
12-01 08:04:46.861   305  1751 E NetlinkEvent: NetlinkEvent::FindParam(): Parameter 'UID' not found
12-01 08:04:54.162   305  1751 E NetlinkEvent: NetlinkEvent::FindParam(): Parameter 'UID' not found
12-01 08:04:57.470  1787  1801 I chatty  : uid=1000(system) ActivityManager expire 2 lines
12-01 08:05:13.524   305  1751 E NetlinkEvent: NetlinkEvent::FindParam(): Parameter 'UID' not found
12-01 08:08:47.670   305  1751 E NetlinkEvent: NetlinkEvent::FindParam(): Parameter 'UID' not found
12-01 08:08:57.552   305  1751 E NetlinkEvent: NetlinkEvent::FindParam(): Parameter 'UID' not found
12-01 08:09:05.615  1787  2914 I chatty  : uid=1000(system) AlarmManager expire 18 lines
12-01 08:09:05.641  1787  1787 I chatty  : uid=1000 system_server expire 17 lines
12-01 08:09:18.089   305  1751 E NetlinkEvent: NetlinkEvent::FindParam(): Parameter 'UID' not found
12-01 08:09:34.322   305  1751 E NetlinkEvent: NetlinkEvent::FindParam(): Parameter 'UID' not found
12-01 08:12:59.095   305  1751 E NetlinkEvent: NetlinkEvent::FindParam(): Parameter 'UID' not found
12-01 08:12:59.097  1787  1787 I chatty  : uid=1000 system_server expire 13 lines
12-01 08:13:12.814   305  1751 E NetlinkEvent: NetlinkEvent::FindParam(): Parameter 'UID' not found
12-01 08:13:37.267  1787  2914 I chatty  : uid=1000(system) AlarmManager expire 12 lines
12-01 08:14:46.157   305  1751 E NetlinkEvent: NetlinkEvent::FindParam(): Parameter 'UID' not found
12-01 08:14:58.915   305  1751 E NetlinkEvent: NetlinkEvent::FindParam(): Parameter 'UID' not found
12-01 08:14:59.066   305  1751 E NetlinkEvent: NetlinkEvent::FindParam(): Parameter 'UID' not found
12-01 08:15:38.938   305  1751 E NetlinkEvent: NetlinkEvent::FindParam(): Parameter 'UID' not found
12-01 08:15:39.018   305  1751 E NetlinkEvent: NetlinkEvent::FindParam(): Parameter 'UID' not found
12-01 08:15:58.590   305  1751 E NetlinkEvent: NetlinkEvent::FindParam(): Parameter 'UID' not found
12-01 08:16:30.516   305  1751 E NetlinkEvent: NetlinkEvent::FindParam(): Parameter 'UID' not found
12-01 08:16:55.383   305  1751 E NetlinkEvent: NetlinkEvent::FindParam(): Parameter 'UID' not found
12-01 08:17:01.540   305  1751 E NetlinkEvent: NetlinkEvent::FindParam(): Parameter 'UID' not found
12-01 08:17:17.472   305  1751 E NetlinkEvent: NetlinkEvent::FindParam(): Parameter 'UID' not found
12-01 08:19:11.592   305  1751 E NetlinkEvent: NetlinkEvent::FindParam(): Parameter 'UID' not found
12-01 08:19:34.280   305  1751 E NetlinkEvent: NetlinkEvent::FindParam(): Parameter 'UID' not found
12-01 08:19:36.866  1787  2914 I chatty  : uid=1000(system) AlarmManager expire 15 lines
12-01 08:19:36.883  1787  1787 I chatty  : uid=1000 system_server expire 15 lines
12-01 08:20:06.870   305  1751 E NetlinkEvent: NetlinkEvent::FindParam(): Parameter 'UID' not found
12-01 08:20:25.647   305  1751 E NetlinkEvent: NetlinkEvent::FindParam(): Parameter 'UID' not found
12-01 08:20:25.794   305  1751 E NetlinkEvent: NetlinkEvent::FindParam(): Parameter 'UID' not found
12-01 08:20:36.490   305  1751 E NetlinkEvent: NetlinkEvent::FindParam(): Parameter 'UID' not found
12-01 08:21:16.114   305  1751 E NetlinkEvent: NetlinkEvent::FindParam(): Parameter 'UID' not found
12-01 08:21:16.132  1787  1787 I chatty  : uid=1000 system_server expire 18 lines
12-01 08:21:16.680  1787  2954 I chatty  : uid=1000(system) WifiService expire 1 line
12-01 08:21:16.729  1787  4627 I chatty  : uid=1000(system) Binder_8 expire 1 line
12-01 08:21:17.190  1787  1798 I chatty  : uid=1000(system) Binder_2 expire 1 line
12-01 08:21:41.541   305  1751 E NetlinkEvent: NetlinkEvent::FindParam(): Parameter 'UID' not found
12-01 08:21:41.552  1787  6219 I chatty  : uid=1000(system) Binder_B expire 2 lines
12-01 08:21:50.559   305  1751 E NetlinkEvent: NetlinkEvent::FindParam(): Parameter 'UID' not found
12-01 08:22:00.580   305  1751 E NetlinkEvent: NetlinkEvent::FindParam(): Parameter 'UID' not found
12-01 08:22:35.941  1787  2914 I chatty  : uid=1000(system) AlarmManager expire 10 lines
12-01 08:25:22.472   305  1751 E NetlinkEvent: NetlinkEvent::FindParam(): Parameter 'UID' not found
12-01 08:25:35.911   305  1751 E NetlinkEvent: NetlinkEvent::FindParam(): Parameter 'UID' not found
12-01 08:26:20.322   305  1751 E NetlinkEvent: NetlinkEvent::FindParam(): Parameter 'UID' not found
12-01 08:26:37.964   305  1751 E NetlinkEvent: NetlinkEvent::FindParam(): Parameter 'UID' not found
12-01 08:27:03.823   305  1751 E NetlinkEvent: NetlinkEvent::FindParam(): Parameter 'UID' not found
12-01 08:27:17.199  1787  2914 I chatty  : uid=1000(system) AlarmManager expire 34 lines
12-01 08:27:17.199   305  1751 E NetlinkEvent: NetlinkEvent::FindParam(): Parameter 'UID' not found
12-01 08:27:17.221  1787  1787 I chatty  : uid=1000 system_server expire 30 lines
12-01 08:30:20.396  1787  3675 I chatty  : uid=1000(system) Binder_5 expire 1 line
12-01 08:36:17.967  1787  1787 I chatty  : uid=1000 system_server expire 23 lines
12-01 08:38:18.327  1787  2914 I chatty  : uid=1000(system) AlarmManager expire 12 lines
12-01 08:41:01.563   305  1751 E NetlinkEvent: NetlinkEvent::FindParam(): Parameter 'UID' not found
12-01 08:41:01.601  1787  1787 I chatty  : uid=1000 system_server expire 17 lines
12-01 08:41:07.104  1787  1800 I chatty  : uid=1000(system) android.bg expire 1 line
12-01 08:41:37.114   305  1751 E NetlinkEvent: NetlinkEvent::FindParam(): Parameter 'UID' not found
12-01 08:42:01.785   305  1751 E NetlinkEvent: NetlinkEvent::FindParam(): Parameter 'UID' not found
12-01 08:42:16.334   305  1751 E NetlinkEvent: NetlinkEvent::FindParam(): Parameter 'UID' not found
12-01 08:42:17.983  1787  2914 I chatty  : uid=1000(system) AlarmManager expire 14 lines
12-01 08:42:37.052   305  1751 E NetlinkEvent: NetlinkEvent::FindParam(): Parameter 'UID' not found
12-01 08:42:49.449   305  1751 E NetlinkEvent: NetlinkEvent::FindParam(): Parameter 'UID' not found
12-01 08:45:06.965   305  1751 E NetlinkEvent: NetlinkEvent::FindParam(): Parameter 'UID' not found
12-01 08:45:36.727   305  1751 E NetlinkEvent: NetlinkEvent::FindParam(): Parameter 'UID' not found
12-01 08:45:37.730  1787  2914 I chatty  : uid=1000(system) AlarmManager expire 15 lines
12-01 08:45:37.734  1787  1787 I chatty  : uid=1000 system_server expire 25 lines
12-01 08:49:46.940   305  1751 E NetlinkEvent: NetlinkEvent::FindParam(): Parameter 'UID' not found
12-01 08:49:52.536  1787  2914 I chatty  : uid=1000(system) AlarmManager expire 14 lines
12-01 08:49:52.544  1787  1787 I chatty  : uid=1000 system_server expire 14 lines
12-01 08:50:04.260   305  1751 E NetlinkEvent: NetlinkEvent::FindParam(): Parameter 'UID' not found
12-01 08:50:35.642   305  1751 E NetlinkEvent: NetlinkEvent::FindParam(): Parameter 'UID' not found
12-01 08:50:35.664   305  1751 E NetlinkEvent: NetlinkEvent::FindParam(): Parameter 'UID' not found
12-01 08:50:48.213   305  1751 E NetlinkEvent: NetlinkEvent::FindParam(): Parameter 'UID' not found
12-01 08:55:53.344   305  1751 E NetlinkEvent: NetlinkEvent::FindParam(): Parameter 'UID' not found
12-01 08:56:13.130   305  1751 E NetlinkEvent: NetlinkEvent::FindParam(): Parameter 'UID' not found
12-01 08:56:14.172  1787  2914 I chatty  : uid=1000(system) AlarmManager expire 44 lines
12-01 08:56:14.185  1787  1787 I chatty  : uid=1000 system_server expire 49 lines
12-01 08:56:35.271   305  1751 E NetlinkEvent: NetlinkEvent::FindParam(): Parameter 'UID' not found
12-01 08:56:44.989   305  1751 E NetlinkEvent: NetlinkEvent::FindParam(): Parameter 'UID' not found
12-01 09:09:05.230   305  1751 E NetlinkEvent: NetlinkEvent::FindParam(): Parameter 'UID' not found
12-01 09:09:05.238  1787  1787 I chatty  : uid=1000 system_server expire 14 lines
12-01 09:09:30.789   305  1751 E NetlinkEvent: NetlinkEvent::FindParam(): Parameter 'UID' not found
12-01 09:09:58.361  1787  2914 I chatty  : uid=1000(system) AlarmManager expire 12 lines
12-01 09:11:11.575   305  1751 E NetlinkEvent: NetlinkEvent::FindParam(): Parameter 'UID' not found
12-01 09:11:25.897   305  1751 E NetlinkEvent: NetlinkEvent::FindParam(): Parameter 'UID' not found
12-01 09:12:19.213   305  1751 E NetlinkEvent: NetlinkEvent::FindParam(): Parameter 'UID' not found
12-01 09:12:19.220   305  1751 E NetlinkEvent: NetlinkEvent::FindParam(): Parameter 'UID' not found
12-01 09:12:19.227  1787  1803 I chatty  : uid=1000(system) android.fg expire 2 lines
12-01 09:12:19.286  1787  1787 I chatty  : uid=1000 system_server expire 19 lines
12-01 09:13:15.317  1787  2914 I chatty  : uid=1000(system) AlarmManager expire 10 lines
12-01 09:15:01.811   305  1751 E NetlinkEvent: NetlinkEvent::FindParam(): Parameter 'UID' not found
12-01 09:15:01.851  1787  1787 I chatty  : uid=1000 system_server expire 11 lines
12-01 09:15:12.659  1787  2914 I chatty  : uid=1000(system) AlarmManager expire 10 lines
12-01 09:15:24.561   305  1751 E NetlinkEvent: NetlinkEvent::FindParam(): Parameter 'UID' not found
12-01 09:16:18.812   305  1751 E NetlinkEvent: NetlinkEvent::FindParam(): Parameter 'UID' not found
12-01 09:16:41.322   305  1751 E NetlinkEvent: NetlinkEvent::FindParam(): Parameter 'UID' not found
12-01 09:16:41.421   305  1751 E NetlinkEvent: NetlinkEvent::FindParam(): Parameter 'UID' not found
12-01 09:17:06.306   305  1751 E NetlinkEvent: NetlinkEvent::FindParam(): Parameter 'UID' not found
12-01 09:18:21.071   305  1751 E NetlinkEvent: NetlinkEvent::FindParam(): Parameter 'UID' not found
12-01 09:18:34.869   305  1751 E NetlinkEvent: NetlinkEvent::FindParam(): Parameter 'UID' not found
12-01 09:18:58.725   305  1751 E NetlinkEvent: NetlinkEvent::FindParam(): Parameter 'UID' not found
12-01 09:18:59.320  1787  1787 I chatty  : uid=1000 system_server expire 11 lines
12-01 09:18:59.344  1787  1801 I chatty  : uid=1000(system) ActivityManager expire 3 lines
12-01 09:18:59.356  1787  1800 I chatty  : uid=1000(system) android.bg expire 1 line
12-01 09:19:16.571   305  1751 E NetlinkEvent: NetlinkEvent::FindParam(): Parameter 'UID' not found
12-01 09:19:17.359   305  1751 E NetlinkEvent: NetlinkEvent::FindParam(): Parameter 'UID' not found
12-01 09:19:26.771   305  1751 E NetlinkEvent: NetlinkEvent::FindParam(): Parameter 'UID' not found
12-01 09:19:33.993  1787  2914 I chatty  : uid=1000(system) AlarmManager expire 10 lines
12-01 09:20:47.891   305  1751 E NetlinkEvent: NetlinkEvent::FindParam(): Parameter 'UID' not found
12-01 09:21:07.368   305  1751 E NetlinkEvent: NetlinkEvent::FindParam(): Parameter 'UID' not found
12-01 09:21:21.302   305  1751 E NetlinkEvent: NetlinkEvent::FindParam(): Parameter 'UID' not found
12-01 09:21:36.850   305  1751 E NetlinkEvent: NetlinkEvent::FindParam(): Parameter 'UID' not found
12-01 09:21:38.946  1787  2914 I chatty  : uid=1000(system) AlarmManager expire 30 lines
12-01 09:21:38.950  1787  1787 I chatty  : uid=1000 system_server expire 34 lines
12-01 09:22:11.952   305  1751 E NetlinkEvent: NetlinkEvent::FindParam(): Parameter 'UID' not found
12-01 09:22:43.782   305  1751 E NetlinkEvent: NetlinkEvent::FindParam(): Parameter 'UID' not found
12-01 09:25:26.686   305  1751 E NetlinkEvent: NetlinkEvent::FindParam(): Parameter 'UID' not found
12-01 09:26:02.131   305  1751 E NetlinkEvent: NetlinkEvent::FindParam(): Parameter 'UID' not found
12-01 09:37:09.247   305  1751 E NetlinkEvent: NetlinkEvent::FindParam(): Parameter 'UID' not found
12-01 09:37:09.249  1787  1787 I chatty  : uid=1000 system_server expire 10 lines
12-01 09:37:23.222  1787  2914 I chatty  : uid=1000(system) AlarmManager expire 14 lines
12-01 09:37:23.228   305  1751 E NetlinkEvent: NetlinkEvent::FindParam(): Parameter 'UID' not found
12-01 09:38:04.501   305  1751 E NetlinkEvent: NetlinkEvent::FindParam(): Parameter 'UID' not found
12-01 09:38:14.960   305  1751 E NetlinkEvent: NetlinkEvent::FindParam(): Parameter 'UID' not found
12-01 09:40:38.689  1787  1787 I chatty  : uid=1000 system_server expire 17 lines
12-01 09:40:40.441  1787  1806 I chatty  : uid=1000(system) android.display expire 6 lines
12-01 09:40:40.692   258   699 I chatty  : uid=1000(system) EventThread expire 6 lines
12-01 09:40:41.703  1787  1797 I chatty  : uid=1000(system) Binder_1 expire 3 lines
12-01 09:40:41.709  1787  4627 I chatty  : uid=1000(system) Binder_8 expire 1 line
12-01 09:40:41.899  1787  4628 I chatty  : uid=1000(system) Binder_9 expire 1 line
12-01 09:40:43.197  1787  3675 I chatty  : uid=1000(system) Binder_5 expire 3 lines
12-01 09:40:43.487  3000  3000 D StatusBarKeyguardViewManager: setOccluded(true): mOccluded = false  mShowing = true
12-01 09:40:43.488  3000  3000 D StatusBarKeyguardViewManager: mOccluded = true and Keyguard/Bouncer are all hidden now
12-01 09:40:43.681   258   258 I chatty  : uid=1000(system) /system/bin/surfaceflinger expire 20 lines
12-01 09:40:43.719  3640  3640 W ViewRootImpl: Dropping event due to no window focus: MotionEvent { action=ACTION_DOWN, actionButton=0, id[0]=0, x[0]=429.40363, y[0]=1027.1975, toolType[0]=TOOL_TYPE_FINGER, buttonState=0, metaState=0, flags=0x1, edgeFlags=0x0, pointerCount=1, historySize=0, eventTime=54471387, downTime=54471387, deviceId=6, source=0x1002 }
12-01 09:40:43.720  3640  3640 W ViewRootImpl: Dropping event due to no window focus: MotionEvent { action=ACTION_MOVE, actionButton=0, id[0]=0, x[0]=437.39252, y[0]=1027.1975, toolType[0]=TOOL_TYPE_FINGER, buttonState=0, metaState=0, flags=0x1, edgeFlags=0x0, pointerCount=1, historySize=0, eventTime=54471400, downTime=54471387, deviceId=6, source=0x1002 }
12-01 09:40:43.732  3640  3640 W ViewRootImpl: Cancelling event due to no window focus: MotionEvent { action=ACTION_CANCEL, actionButton=0, id[0]=0, x[0]=437.39252, y[0]=1027.1975, toolType[0]=TOOL_TYPE_FINGER, buttonState=0, metaState=0, flags=0x1, edgeFlags=0x0, pointerCount=1, historySize=0, eventTime=54471440, downTime=54471387, deviceId=6, source=0x1002 }
12-01 09:40:43.732  3640  3640 W ViewRootImpl: Cancelling event due to no window focus: MotionEvent { action=ACTION_CANCEL, actionButton=0, id[0]=0, x[0]=437.39252, y[0]=1027.1975, toolType[0]=TOOL_TYPE_FINGER, buttonState=0, metaState=0, flags=0x1, edgeFlags=0x0, pointerCount=1, historySize=0, eventTime=54471440, downTime=54471387, deviceId=6, source=0x1002 }
12-01 09:40:43.732  3640  3640 W ViewRootImpl: Cancelling event due to no window focus: MotionEvent { action=ACTION_CANCEL, actionButton=0, id[0]=0, x[0]=437.39252, y[0]=1027.1975, toolType[0]=TOOL_TYPE_FINGER, buttonState=0, metaState=0, flags=0x1, edgeFlags=0x0, pointerCount=1, historySize=0, eventTime=54471440, downTime=54471387, deviceId=6, source=0x1002 }
12-01 09:40:43.732  3640  3640 W ViewRootImpl: Cancelling event due to no window focus: MotionEvent { action=ACTION_CANCEL, actionButton=0, id[0]=0, x[0]=437.39252, y[0]=1027.1975, toolType[0]=TOOL_TYPE_FINGER, buttonState=0, metaState=0, flags=0x1, edgeFlags=0x0, pointerCount=1, historySize=0, eventTime=54471440, downTime=54471387, deviceId=6, source=0x1002 }
12-01 09:40:44.606   305  1751 E NetlinkEvent: NetlinkEvent::FindParam(): Parameter 'UID' not found
12-01 09:40:45.398  3000  3000 D StatusBarKeyguardViewManager: setOccluded(false): mOccluded = true  mShowing = true
12-01 09:40:45.400  3000  3000 D StatusBarKeyguardViewManager: showKeyguard, but hide Bouncer
12-01 09:40:45.745  1787  3677 I chatty  : uid=1000(system) Binder_6 expire 1 line
12-01 09:40:48.937  1787  6220 I chatty  : uid=1000(system) Binder_C expire 1 line
12-01 09:40:48.993  1139  1139 I chatty  : uid=1000(system) expire 1 line
12-01 09:40:55.919  1787  3031 I chatty  : uid=1000(system) Binder_4 expire 3 lines
12-01 09:40:56.016  1787  6215 I chatty  : uid=1000(system) Binder_A expire 2 lines
12-01 09:40:56.016  1787  2954 I chatty  : uid=1000(system) WifiService expire 2 lines
12-01 09:40:56.017  1787  2955 I chatty  : uid=1000(system) ConnectivitySer expire 2 lines
12-01 09:40:58.088  1787  2915 I chatty  : uid=1000(system) InputDispatcher expire 2 lines
12-01 09:40:58.907  1787  6221 I chatty  : uid=1000(system) Binder_D expire 1 line
12-01 09:41:00.207  1787  4201 I chatty  : uid=1000(system) Binder_7 expire 1 line
12-01 09:41:22.594   305  1751 E NetlinkEvent: NetlinkEvent::FindParam(): Parameter 'UID' not found
12-01 09:41:25.584   258   258 I chatty  : uid=1000(system) /system/bin/surfaceflinger expire 10 lines
12-01 09:41:36.274   305  1751 E NetlinkEvent: NetlinkEvent::FindParam(): Parameter 'UID' not found
12-01 09:41:46.294   305  1751 E NetlinkEvent: NetlinkEvent::FindParam(): Parameter 'UID' not found
12-01 09:41:54.318   258   258 I chatty  : uid=1000(system) /system/bin/surfaceflinger expire 4 lines
12-01 09:42:00.001  1787  2914 I chatty  : uid=1000(system) AlarmManager expire 2 lines
12-01 09:42:00.060  1787  1787 I chatty  : uid=1000 system_server expire 11 lines
12-01 09:42:00.281   305  1751 E NetlinkEvent: NetlinkEvent::FindParam(): Parameter 'UID' not found
12-01 09:42:01.316   258   699 I chatty  : uid=1000(system) EventThread expire 7 lines
12-01 09:42:02.704   258   258 I chatty  : uid=1000(system) /system/bin/surfaceflinger expire 8 lines
12-01 09:42:10.268  1787  2916 I chatty  : uid=1000(system) InputReader expire 1 line
12-01 09:42:10.858  1787  1806 I chatty  : uid=1000(system) android.display expire 5 lines
12-01 09:42:11.038  1787  1809 I chatty  : uid=1000(system) PowerManagerSer expire 2 lines
12-01 09:42:11.039  1787  1803 I chatty  : uid=1000(system) android.fg expire 1 line
12-01 09:42:11.136  1787  1801 I chatty  : uid=1000(system) ActivityManager expire 4 lines
12-01 09:42:11.232  1440  1440 I chatty  : uid=1000(system) expire 1 line
12-01 09:42:11.315  3000  3000 D StatusBarKeyguardViewManager: showKeyguard, but hide Bouncer
12-01 09:42:15.875  1787  2914 I chatty  : uid=1000(system) AlarmManager expire 14 lines
12-01 09:42:42.222   305  1751 E NetlinkEvent: NetlinkEvent::FindParam(): Parameter 'UID' not found
12-01 09:42:42.229   305  1751 E NetlinkEvent: NetlinkEvent::FindParam(): Parameter 'UID' not found
12-01 09:42:57.061   305  1751 E NetlinkEvent: NetlinkEvent::FindParam(): Parameter 'UID' not found
12-01 09:44:59.473   305  1751 E NetlinkEvent: NetlinkEvent::FindParam(): Parameter 'UID' not found
12-01 09:45:22.881   305  1751 E NetlinkEvent: NetlinkEvent::FindParam(): Parameter 'UID' not found
12-01 09:46:55.244  1787  1787 I chatty  : uid=1000 system_server expire 11 lines
12-01 09:46:55.270   305  1751 E NetlinkEvent: NetlinkEvent::FindParam(): Parameter 'UID' not found
12-01 09:47:06.241  1787  2914 I chatty  : uid=1000(system) AlarmManager expire 11 lines
12-01 09:47:06.918   305  1751 E NetlinkEvent: NetlinkEvent::FindParam(): Parameter 'UID' not found
12-01 09:47:08.097   305  1751 E NetlinkEvent: NetlinkEvent::FindParam(): Parameter 'UID' not found
12-01 09:47:32.342   305  1751 E NetlinkEvent: NetlinkEvent::FindParam(): Parameter 'UID' not found
12-01 09:49:03.263   305  1751 E NetlinkEvent: NetlinkEvent::FindParam(): Parameter 'UID' not found
12-01 09:49:03.293  1787  1787 I chatty  : uid=1000 system_server expire 44 lines
12-01 09:49:36.474   305  1751 E NetlinkEvent: NetlinkEvent::FindParam(): Parameter 'UID' not found
12-01 09:50:05.480   305  1751 E NetlinkEvent: NetlinkEvent::FindParam(): Parameter 'UID' not found
12-01 09:50:40.900   305  1751 E NetlinkEvent: NetlinkEvent::FindParam(): Parameter 'UID' not found
12-01 09:50:53.230  1787  2914 I chatty  : uid=1000(system) AlarmManager expire 39 lines
12-01 09:50:53.239   305  1751 E NetlinkEvent: NetlinkEvent::FindParam(): Parameter 'UID' not found
12-01 09:51:07.392   305  1751 E NetlinkEvent: NetlinkEvent::FindParam(): Parameter 'UID' not found
12-01 10:05:12.244   305  1751 E NetlinkEvent: NetlinkEvent::FindParam(): Parameter 'UID' not found
12-01 10:05:12.248  1787  1787 I chatty  : uid=1000 system_server expire 16 lines
12-01 10:05:22.356  1787  2914 I chatty  : uid=1000(system) AlarmManager expire 15 lines
12-01 10:05:23.624   305  1751 E NetlinkEvent: NetlinkEvent::FindParam(): Parameter 'UID' not found
12-01 10:05:56.875   305  1751 E NetlinkEvent: NetlinkEvent::FindParam(): Parameter 'UID' not found
12-01 10:06:14.255   305  1751 E NetlinkEvent: NetlinkEvent::FindParam(): Parameter 'UID' not found
12-01 10:09:26.104   305  1751 E NetlinkEvent: NetlinkEvent::FindParam(): Parameter 'UID' not found
12-01 10:09:47.303   305  1751 E NetlinkEvent: NetlinkEvent::FindParam(): Parameter 'UID' not found
12-01 10:12:12.237  1787  2914 I chatty  : uid=1000(system) AlarmManager expire 12 lines
12-01 10:12:12.355  1787  1787 I chatty  : uid=1000 system_server expire 19 lines
12-01 10:12:12.661   305  1751 E NetlinkEvent: NetlinkEvent::FindParam(): Parameter 'UID' not found
12-01 10:12:19.134  1787  1812 I chatty  : uid=1000(system) PackageManager expire 1 line
12-01 10:12:31.323   305  1751 E NetlinkEvent: NetlinkEvent::FindParam(): Parameter 'UID' not found
12-01 10:12:31.875   305  1751 E NetlinkEvent: NetlinkEvent::FindParam(): Parameter 'UID' not found
12-01 10:12:33.276  1787  2914 I chatty  : uid=1000(system) AlarmManager expire 10 lines
12-01 10:12:33.286  1787  1787 I chatty  : uid=1000 system_server expire 10 lines
12-01 10:12:53.083   305  1751 E NetlinkEvent: NetlinkEvent::FindParam(): Parameter 'UID' not found
12-01 10:13:12.650   305  1751 E NetlinkEvent: NetlinkEvent::FindParam(): Parameter 'UID' not found
12-01 10:13:37.235   305  1751 E NetlinkEvent: NetlinkEvent::FindParam(): Parameter 'UID' not found
12-01 10:13:37.247  1787  6220 I chatty  : uid=1000(system) Binder_C expire 1 line
12-01 10:14:50.153   305  1751 E NetlinkEvent: NetlinkEvent::FindParam(): Parameter 'UID' not found
12-01 10:15:03.244   305  1751 E NetlinkEvent: NetlinkEvent::FindParam(): Parameter 'UID' not found
12-01 10:15:03.317   305  1751 E NetlinkEvent: NetlinkEvent::FindParam(): Parameter 'UID' not found
12-01 10:15:17.201   305  1751 E NetlinkEvent: NetlinkEvent::FindParam(): Parameter 'UID' not found
12-01 10:15:17.309   305  1751 E NetlinkEvent: NetlinkEvent::FindParam(): Parameter 'UID' not found
12-01 10:15:29.830   305  1751 E NetlinkEvent: NetlinkEvent::FindParam(): Parameter 'UID' not found
12-01 10:15:30.860  1787  2914 I chatty  : uid=1000(system) AlarmManager expire 8 lines
12-01 10:15:30.867  1787  1787 I chatty  : uid=1000 system_server expire 19 lines
12-01 10:16:06.144   305  1751 E NetlinkEvent: NetlinkEvent::FindParam(): Parameter 'UID' not found
12-01 10:16:45.995   305  1751 E NetlinkEvent: NetlinkEvent::FindParam(): Parameter 'UID' not found
12-01 10:17:44.165  1787  2914 I chatty  : uid=1000(system) AlarmManager expire 12 lines
12-01 10:19:21.163   305  1751 E NetlinkEvent: NetlinkEvent::FindParam(): Parameter 'UID' not found
12-01 10:19:41.221   305  1751 E NetlinkEvent: NetlinkEvent::FindParam(): Parameter 'UID' not found
12-01 10:19:45.155   305  1751 E NetlinkEvent: NetlinkEvent::FindParam(): Parameter 'UID' not found
12-01 10:20:39.238   305  1751 E NetlinkEvent: NetlinkEvent::FindParam(): Parameter 'UID' not found
12-01 10:22:12.471   305  1751 E NetlinkEvent: NetlinkEvent::FindParam(): Parameter 'UID' not found
12-01 10:22:12.484  1787  1787 I chatty  : uid=1000 system_server expire 13 lines
12-01 10:22:12.753  1787  4628 I chatty  : uid=1000(system) Binder_9 expire 3 lines
12-01 10:22:25.655   305  1751 E NetlinkEvent: NetlinkEvent::FindParam(): Parameter 'UID' not found
12-01 10:23:14.706  1787  2914 I chatty  : uid=1000(system) AlarmManager expire 16 lines
12-01 10:23:21.448   305  1751 E NetlinkEvent: NetlinkEvent::FindParam(): Parameter 'UID' not found
12-01 10:23:41.204   305  1751 E NetlinkEvent: NetlinkEvent::FindParam(): Parameter 'UID' not found
12-01 10:24:34.196  1787  1787 I chatty  : uid=1000 system_server expire 13 lines
12-01 10:25:37.170   305  1751 E NetlinkEvent: NetlinkEvent::FindParam(): Parameter 'UID' not found
12-01 10:26:17.210   305  1751 E NetlinkEvent: NetlinkEvent::FindParam(): Parameter 'UID' not found
12-01 10:26:18.244   305  1751 E NetlinkEvent: NetlinkEvent::FindParam(): Parameter 'UID' not found
12-01 10:26:28.897   305  1751 E NetlinkEvent: NetlinkEvent::FindParam(): Parameter 'UID' not found
12-01 10:29:01.688   305  1751 E NetlinkEvent: NetlinkEvent::FindParam(): Parameter 'UID' not found
12-01 10:29:45.154   305  1751 E NetlinkEvent: NetlinkEvent::FindParam(): Parameter 'UID' not found
12-01 10:30:14.709  1787  2914 I chatty  : uid=1000(system) AlarmManager expire 12 lines
12-01 10:30:14.735  1787  1787 I chatty  : uid=1000 system_server expire 12 lines
12-01 10:30:20.459  1787  2217 I chatty  : uid=1000(system) Binder_E expire 4 lines
12-01 10:33:14.209   305  1751 E NetlinkEvent: NetlinkEvent::FindParam(): Parameter 'UID' not found
12-01 10:33:33.427   305  1751 E NetlinkEvent: NetlinkEvent::FindParam(): Parameter 'UID' not found
12-01 10:33:43.351  1787  2914 I chatty  : uid=1000(system) AlarmManager expire 15 lines
12-01 10:33:43.359  1787  1787 I chatty  : uid=1000 system_server expire 13 lines
12-01 10:34:13.307  1787  6215 I chatty  : uid=1000(system) Binder_A expire 3 lines
12-01 10:34:27.728  1787  1806 I chatty  : uid=1000(system) android.display expire 7 lines
12-01 10:34:27.961   258   699 I chatty  : uid=1000(system) EventThread expire 6 lines
12-01 10:34:28.257   258   258 I chatty  : uid=1000(system) /system/bin/surfaceflinger expire 27 lines
12-01 10:34:28.719  1787  1803 I chatty  : uid=1000(system) android.fg expire 3 lines
12-01 10:34:28.789  1787  1801 I chatty  : uid=1000(system) ActivityManager expire 7 lines
12-01 10:34:28.885  1787  3029 I chatty  : uid=1000(system) Binder_3 expire 3 lines
12-01 10:34:31.561   305  1751 E NetlinkEvent: NetlinkEvent::FindParam(): Parameter 'UID' not found
12-01 10:34:31.758  3910  3910 I chatty  : uid=1000(system) expire 1 line
12-01 10:34:31.773  1787  1787 I chatty  : uid=1000 system_server expire 11 lines
12-01 10:34:31.870  1787  2954 I chatty  : uid=1000(system) WifiService expire 2 lines
12-01 10:34:31.871  1787  2955 I chatty  : uid=1000(system) ConnectivitySer expire 2 lines
12-01 10:34:33.798  1787  3677 I chatty  : uid=1000(system) Binder_6 expire 2 lines
12-01 10:34:34.567  1787  2915 I chatty  : uid=1000(system) InputDispatcher expire 2 lines
12-01 10:34:34.700  1787  3675 I chatty  : uid=1000(system) Binder_5 expire 3 lines
12-01 10:34:37.133  1787  6219 I chatty  : uid=1000(system) Binder_B expire 2 lines
12-01 10:34:39.857  1787  4627 I chatty  : uid=1000(system) Binder_8 expire 1 line
12-01 10:34:52.488   305  1751 E NetlinkEvent: NetlinkEvent::FindParam(): Parameter 'UID' not found
12-01 10:34:53.809   258   258 I chatty  : uid=1000(system) /system/bin/surfaceflinger expire 12 lines
12-01 10:34:57.478   305  1751 E NetlinkEvent: NetlinkEvent::FindParam(): Parameter 'UID' not found
12-01 10:35:00.212  1787  4201 I chatty  : uid=1000(system) Binder_7 expire 1 line
12-01 10:35:01.208  1787  2916 I chatty  : uid=1000(system) InputReader expire 1 line
12-01 10:35:01.929  1787  1809 I chatty  : uid=1000(system) PowerManagerSer expire 2 lines
12-01 10:35:02.056  4096  4096 I chatty  : uid=1000(system) expire 1 line
12-01 10:35:02.182  3000  3000 D StatusBarKeyguardViewManager: showKeyguard, but hide Bouncer
12-01 10:35:25.922  1787  6221 I chatty  : uid=1000(system) Binder_D expire 1 line
12-01 10:35:29.027  1787  6215 I chatty  : uid=1000(system) Binder_A expire 1 line
12-01 10:35:29.070  4096  4096 I chatty  : uid=1000(system) expire 6 lines
12-01 10:35:29.100  1787  1787 I chatty  : uid=1000 system_server expire 16 lines
12-01 10:35:29.768   258   258 I chatty  : uid=1000(system) /system/bin/surfaceflinger expire 21 lines
12-01 10:35:36.041  1787  3677 I chatty  : uid=1000(system) Binder_6 expire 4 lines
12-01 10:35:46.942  1787  1801 I chatty  : uid=1000(system) ActivityManager expire 2 lines
12-01 10:35:47.014  1787  2954 I chatty  : uid=1000(system) WifiService expire 1 line
12-01 10:35:52.957   258   699 I chatty  : uid=1000(system) EventThread expire 8 lines
12-01 10:35:56.883  1787  2916 I chatty  : uid=1000(system) InputReader expire 3 lines
12-01 10:35:57.453  1787  1806 I chatty  : uid=1000(system) android.display expire 9 lines
12-01 10:35:57.636  1787  1809 I chatty  : uid=1000(system) PowerManagerSer expire 8 lines
12-01 10:35:57.638  1787  1803 I chatty  : uid=1000(system) android.fg expire 6 lines
12-01 10:35:57.869  3000  3000 D StatusBarKeyguardViewManager: showKeyguard, but hide Bouncer
12-01 10:36:00.042  1787  2914 I chatty  : uid=1000(system) AlarmManager expire 10 lines
12-01 10:36:41.388   305  1751 E NetlinkEvent: NetlinkEvent::FindParam(): Parameter 'UID' not found
12-01 10:37:20.220   305  1751 E NetlinkEvent: NetlinkEvent::FindParam(): Parameter 'UID' not found
12-01 10:37:48.253   305  1751 E NetlinkEvent: NetlinkEvent::FindParam(): Parameter 'UID' not found
12-01 10:38:25.206  1787  4627 I chatty  : uid=1000(system) Binder_8 expire 1 line
12-01 10:38:25.985   258   258 I chatty  : uid=1000(system) /system/bin/surfaceflinger expire 19 lines
12-01 10:38:27.977   305  1751 E NetlinkEvent: NetlinkEvent::FindParam(): Parameter 'UID' not found
12-01 10:38:28.079  1787  3031 I chatty  : uid=1000(system) Binder_4 expire 1 line
12-01 10:38:28.133  1787  1787 I chatty  : uid=1000 system_server expire 10 lines
12-01 10:38:45.512   305  1751 E NetlinkEvent: NetlinkEvent::FindParam(): Parameter 'UID' not found
12-01 10:38:45.617   258   258 I chatty  : uid=1000(system) /system/bin/surfaceflinger expire 16 lines
12-01 10:38:53.467   305  1751 E NetlinkEvent: NetlinkEvent::FindParam(): Parameter 'UID' not found
12-01 10:38:56.366  3000  3000 D StatusBarKeyguardViewManager: showKeyguard, but hide Bouncer
12-01 10:38:56.763  1787  2914 I chatty  : uid=1000(system) AlarmManager expire 14 lines
12-01 10:39:12.239   305  1751 E NetlinkEvent: NetlinkEvent::FindParam(): Parameter 'UID' not found
12-01 10:39:12.249   305  1751 E NetlinkEvent: NetlinkEvent::FindParam(): Parameter 'UID' not found
12-01 10:39:16.035  1787  4201 I chatty  : uid=1000(system) Binder_7 expire 2 lines
12-01 10:39:24.149  3000  3000 D StatusBarKeyguardViewManager: showKeyguard, but hide Bouncer
12-01 10:39:25.332  1787  1787 I chatty  : uid=1000 system_server expire 6 lines
12-01 10:39:38.073   305  1751 E NetlinkEvent: NetlinkEvent::FindParam(): Parameter 'UID' not found
12-01 10:39:38.726   305  1751 E NetlinkEvent: NetlinkEvent::FindParam(): Parameter 'UID' not found
12-01 10:39:57.998  1787  2217 I chatty  : uid=1000(system) Binder_E expire 1 line
12-01 10:39:58.049   258   258 I chatty  : uid=1000(system) /system/bin/surfaceflinger expire 21 lines
12-01 10:40:00.057  1787  1787 I chatty  : uid=1000 system_server expire 10 lines
12-01 10:40:01.949  1787  1798 I chatty  : uid=1000(system) Binder_2 expire 1 line
12-01 10:40:02.023  4096  4096 I chatty  : uid=1000(system) expire 4 lines
12-01 10:40:07.758   258   699 I chatty  : uid=1000(system) EventThread expire 6 lines
12-01 10:40:18.725  1787  2916 I chatty  : uid=1000(system) InputReader expire 2 lines
12-01 10:40:19.327  1787  1806 I chatty  : uid=1000(system) android.display expire 4 lines
12-01 10:40:19.511  1787  1809 I chatty  : uid=1000(system) PowerManagerSer expire 4 lines
12-01 10:40:19.512  1787  1803 I chatty  : uid=1000(system) android.fg expire 3 lines
12-01 10:40:19.923  3000  3000 D StatusBarKeyguardViewManager: showKeyguard, but hide Bouncer
12-01 10:40:22.106  1787  2914 I chatty  : uid=1000(system) AlarmManager expire 12 lines
12-01 10:40:27.766   305  1751 E NetlinkEvent: NetlinkEvent::FindParam(): Parameter 'UID' not found
12-01 10:40:34.301   305  1751 E NetlinkEvent: NetlinkEvent::FindParam(): Parameter 'UID' not found
12-01 10:40:48.250   305  1751 E NetlinkEvent: NetlinkEvent::FindParam(): Parameter 'UID' not found
12-01 10:40:49.730   305  1751 E NetlinkEvent: NetlinkEvent::FindParam(): Parameter 'UID' not found
12-01 10:41:05.167   305  1751 E NetlinkEvent: NetlinkEvent::FindParam(): Parameter 'UID' not found
12-01 10:41:11.295   305  1751 E NetlinkEvent: NetlinkEvent::FindParam(): Parameter 'UID' not found
12-01 10:41:11.322  1787  1787 I chatty  : uid=1000 system_server expire 10 lines
12-01 10:41:29.754   305  1751 E NetlinkEvent: NetlinkEvent::FindParam(): Parameter 'UID' not found
12-01 10:41:39.170  1787  1797 I chatty  : uid=1000(system) Binder_1 expire 1 line
12-01 10:41:39.177  1787  4627 I chatty  : uid=1000(system) Binder_8 expire 3 lines
12-01 10:41:39.225   258   258 I chatty  : uid=1000(system) /system/bin/surfaceflinger expire 10 lines
12-01 10:41:43.464   305  1751 E NetlinkEvent: NetlinkEvent::FindParam(): Parameter 'UID' not found
12-01 10:41:48.139  3000  3000 D StatusBarKeyguardViewManager: showKeyguard, but hide Bouncer
12-01 10:42:03.252   305  1751 E NetlinkEvent: NetlinkEvent::FindParam(): Parameter 'UID' not found
12-01 10:42:03.254  1787  2914 I chatty  : uid=1000(system) AlarmManager expire 16 lines
12-01 10:42:03.266   305  1751 E NetlinkEvent: NetlinkEvent::FindParam(): Parameter 'UID' not found
12-01 10:42:19.254   305  1751 E NetlinkEvent: NetlinkEvent::FindParam(): Parameter 'UID' not found
12-01 10:42:19.267  1787  1787 I chatty  : uid=1000 system_server expire 13 lines
12-01 10:42:19.268   305  1751 E NetlinkEvent: NetlinkEvent::FindParam(): Parameter 'UID' not found
12-01 10:42:30.792   305  1751 E NetlinkEvent: NetlinkEvent::FindParam(): Parameter 'UID' not found
12-01 10:42:55.258   305  1751 E NetlinkEvent: NetlinkEvent::FindParam(): Parameter 'UID' not found
12-01 10:43:07.124   305  1751 E NetlinkEvent: NetlinkEvent::FindParam(): Parameter 'UID' not found
12-01 10:49:38.277   305  1751 E NetlinkEvent: NetlinkEvent::FindParam(): Parameter 'UID' not found
12-01 10:49:38.669  1787  2954 I chatty  : uid=1000(system) WifiService expire 1 line
12-01 10:49:38.687  1787  6215 I chatty  : uid=1000(system) Binder_A expire 1 line
12-01 10:49:38.709  1787  3029 I chatty  : uid=1000(system) Binder_3 expire 1 line
12-01 10:49:39.113  1787  2217 I chatty  : uid=1000(system) Binder_E expire 1 line
12-01 10:49:39.139  1787  4201 I chatty  : uid=1000(system) Binder_7 expire 1 line
12-01 10:49:51.887   305  1751 E NetlinkEvent: NetlinkEvent::FindParam(): Parameter 'UID' not found
12-01 10:51:48.241  1787  2914 I chatty  : uid=1000(system) AlarmManager expire 10 lines
12-01 10:51:48.256   305  1751 E NetlinkEvent: NetlinkEvent::FindParam(): Parameter 'UID' not found
12-01 10:51:48.257  1787  1787 I chatty  : uid=1000 system_server expire 10 lines
12-01 10:53:09.063   305  1751 E NetlinkEvent: NetlinkEvent::FindParam(): Parameter 'UID' not found
12-01 10:54:21.215  1787  6221 I chatty  : uid=1000(system) Binder_D expire 1 line
12-01 10:56:24.507   305  1751 E NetlinkEvent: NetlinkEvent::FindParam(): Parameter 'UID' not found
12-01 10:56:36.656   305  1751 E NetlinkEvent: NetlinkEvent::FindParam(): Parameter 'UID' not found
12-01 11:01:18.255  1787  2914 I chatty  : uid=1000(system) AlarmManager expire 32 lines
12-01 11:01:18.269   305  1751 E NetlinkEvent: NetlinkEvent::FindParam(): Parameter 'UID' not found
12-01 11:01:18.284  1787  1787 I chatty  : uid=1000 system_server expire 37 lines
12-01 11:01:34.152   305  1751 E NetlinkEvent: NetlinkEvent::FindParam(): Parameter 'UID' not found
12-01 11:18:25.496   305  1751 E NetlinkEvent: NetlinkEvent::FindParam(): Parameter 'UID' not found
12-01 11:18:36.570  1787  2914 I chatty  : uid=1000(system) AlarmManager expire 10 lines
12-01 11:18:36.583  1787  1787 I chatty  : uid=1000 system_server expire 10 lines
12-01 11:20:12.872   305  1751 E NetlinkEvent: NetlinkEvent::FindParam(): Parameter 'UID' not found
12-01 11:22:17.306   305  1751 E NetlinkEvent: NetlinkEvent::FindParam(): Parameter 'UID' not found
12-01 11:22:22.284  1787  1801 I chatty  : uid=1000(system) ActivityManager expire 1 line
12-01 11:22:30.102   305  1751 E NetlinkEvent: NetlinkEvent::FindParam(): Parameter 'UID' not found
12-01 11:22:37.981   305  1751 E NetlinkEvent: NetlinkEvent::FindParam(): Parameter 'UID' not found
12-01 11:22:48.002   305  1751 E NetlinkEvent: NetlinkEvent::FindParam(): Parameter 'UID' not found
12-01 11:23:29.255  1787  2914 I chatty  : uid=1000(system) AlarmManager expire 11 lines
12-01 11:23:29.272  1787  1787 I chatty  : uid=1000 system_server expire 10 lines
12-01 11:26:22.599   305  1751 E NetlinkEvent: NetlinkEvent::FindParam(): Parameter 'UID' not found
12-01 11:27:17.598   305  1751 E NetlinkEvent: NetlinkEvent::FindParam(): Parameter 'UID' not found
12-01 11:27:18.356  1787  1787 I chatty  : uid=1000 system_server expire 10 lines
12-01 11:27:18.431  1787  1806 I chatty  : uid=1000(system) android.display expire 9 lines
12-01 11:27:18.677   258   699 I chatty  : uid=1000(system) EventThread expire 7 lines
12-01 11:27:19.154  1787  1798 I chatty  : uid=1000(system) Binder_2 expire 2 lines
12-01 11:27:19.162  1787  4628 I chatty  : uid=1000(system) Binder_9 expire 2 lines
12-01 11:27:19.172  1787  1803 I chatty  : uid=1000(system) android.fg expire 3 lines
12-01 11:27:19.174  1787  2914 I chatty  : uid=1000(system) AlarmManager expire 10 lines
12-01 11:27:19.239  1787  1801 I chatty  : uid=1000(system) ActivityManager expire 2 lines
12-01 11:27:19.436  1787  2954 I chatty  : uid=1000(system) WifiService expire 2 lines
12-01 11:27:19.769   258   258 I chatty  : uid=1000(system) /system/bin/surfaceflinger expire 14 lines
12-01 11:27:22.022   305  1751 E NetlinkEvent: NetlinkEvent::FindParam(): Parameter 'UID' not found
12-01 11:27:22.169  1787  2217 I chatty  : uid=1000(system) Binder_E expire 2 lines
12-01 11:27:22.200  1787  3031 I chatty  : uid=1000(system) Binder_4 expire 3 lines
12-01 11:27:22.291  6448  6448 I chatty  : uid=1000(system) expire 3 lines
12-01 11:27:22.349  1787  6215 I chatty  : uid=1000(system) Binder_A expire 3 lines
12-01 11:27:30.070  1787  2916 I chatty  : uid=1000(system) InputReader expire 1 line
12-01 11:27:30.879  1787  1809 I chatty  : uid=1000(system) PowerManagerSer expire 2 lines
12-01 11:27:31.651  3000  3000 D StatusBarKeyguardViewManager: showKeyguard, but hide Bouncer
12-01 11:27:41.057   305  1751 E NetlinkEvent: NetlinkEvent::FindParam(): Parameter 'UID' not found
12-01 11:27:41.097   305  1751 E NetlinkEvent: NetlinkEvent::FindParam(): Parameter 'UID' not found
12-01 11:27:45.668  1787  1787 I chatty  : uid=1000 system_server expire 11 lines
12-01 11:28:02.266   305  1751 E NetlinkEvent: NetlinkEvent::FindParam(): Parameter 'UID' not found
12-01 11:28:02.281   305  1751 E NetlinkEvent: NetlinkEvent::FindParam(): Parameter 'UID' not found
12-01 11:29:21.271   305  1751 E NetlinkEvent: NetlinkEvent::FindParam(): Parameter 'UID' not found
12-01 11:29:21.287   305  1751 E NetlinkEvent: NetlinkEvent::FindParam(): Parameter 'UID' not found
12-01 11:30:09.261  1787  2914 I chatty  : uid=1000(system) AlarmManager expire 11 lines
12-01 11:30:09.268   305  1751 E NetlinkEvent: NetlinkEvent::FindParam(): Parameter 'UID' not found
12-01 11:30:20.465  1787  3675 I chatty  : uid=1000(system) Binder_5 expire 2 lines
12-01 11:31:28.131   305  1751 E NetlinkEvent: NetlinkEvent::FindParam(): Parameter 'UID' not found
12-01 11:32:33.602   305  1751 E NetlinkEvent: NetlinkEvent::FindParam(): Parameter 'UID' not found
12-01 11:33:32.288  1787  1787 I chatty  : uid=1000 system_server expire 11 lines
12-01 11:33:32.290   305  1751 E NetlinkEvent: NetlinkEvent::FindParam(): Parameter 'UID' not found
12-01 11:34:03.226   305  1751 E NetlinkEvent: NetlinkEvent::FindParam(): Parameter 'UID' not found
12-01 11:34:04.228  1787  2914 I chatty  : uid=1000(system) AlarmManager expire 12 lines
12-01 11:34:06.679   258   258 I chatty  : uid=1000(system) /system/bin/surfaceflinger expire 10 lines
12-01 11:35:40.291   305  1751 E NetlinkEvent: NetlinkEvent::FindParam(): Parameter 'UID' not found
12-01 11:35:40.331  1787  1787 I chatty  : uid=1000 system_server expire 21 lines
12-01 11:36:36.269   305  1751 E NetlinkEvent: NetlinkEvent::FindParam(): Parameter 'UID' not found
12-01 11:37:26.265   305  1751 E NetlinkEvent: NetlinkEvent::FindParam(): Parameter 'UID' not found
12-01 11:40:47.275   305  1751 E NetlinkEvent: NetlinkEvent::FindParam(): Parameter 'UID' not found
12-01 11:41:11.265  1787  2914 I chatty  : uid=1000(system) AlarmManager expire 11 lines
12-01 11:49:52.368  1787  6220 I chatty  : uid=1000(system) Binder_C expire 1 line
12-01 11:49:52.373  1787  4627 I chatty  : uid=1000(system) Binder_8 expire 2 lines
12-01 11:49:55.750   305  1751 E NetlinkEvent: NetlinkEvent::FindParam(): Parameter 'UID' not found
12-01 11:49:55.904  1787  1787 I chatty  : uid=1000 system_server expire 10 lines
12-01 11:49:57.205  1787  2915 I chatty  : uid=1000(system) InputDispatcher expire 2 lines
12-01 11:49:59.983  6983  6999 W ActivityThread: ClassLoader.loadClass: The class loader returned by Thread.getContextClassLoader() may fail for processes that host multiple applications. You should explicitly specify a context class loader. For example: Thread.setContextClassLoader(getClass().getClassLoader());
12-01 11:50:00.027  6983  7000 E ActivityThread: Failed to find provider info for com.facebook.katana.provider.AttributionIdProvider
12-01 11:50:00.239   258   258 I chatty  : uid=1000(system) /system/bin/surfaceflinger expire 40 lines
12-01 11:50:02.371  1787  2914 I chatty  : uid=1000(system) AlarmManager expire 10 lines
12-01 11:50:59.144   258   258 I chatty  : uid=1000(system) /system/bin/surfaceflinger expire 133 lines
12-01 11:51:00.074  1787  1787 I chatty  : uid=1000 system_server expire 3 lines
12-01 11:51:00.835  1787  6215 I chatty  : uid=1000(system) Binder_A expire 1 line
12-01 11:51:00.839 20536 20536 I ActivityThread: Removing dead content provider:android.content.ContentProviderProxy@242bd81
12-01 11:51:01.888  1787  6220 I chatty  : uid=1000(system) Binder_C expire 1 line
12-01 11:51:01.986  1787  6221 I chatty  : uid=1000(system) Binder_D expire 2 lines
12-01 11:52:00.044  1787  1787 I chatty  : uid=1000 system_server expire 6 lines
12-01 11:52:00.805   258   258 I chatty  : uid=1000(system) /system/bin/surfaceflinger expire 156 lines
