12-03 19:38:18.376  1789  3692 I ActivityManager: Killing 20246:com.google.android.partnersetup/u0a20 (adj 15): empty #7
12-03 19:38:18.499  1789  8867 I ActivityManager: Start proc 20454:com.android.vending/u0a36 for broadcast com.android.vending/com.google.android.finsky.receivers.PackageMonitorReceiver$RegisteredReceiver
12-03 19:38:19.900  1789  2902 V AlarmManager: sending alarm {cfe8282 type 3 *alarm*:send_events}
12-03 19:38:19.907  1789  1789 V AlarmManager: done {cfe8282, *alarm*:send_events} [7ms]
12-03 19:38:23.124  1789  1803 I ActivityManager: Waited long enough for: ServiceRecord{c8ded25 u0 com.motorola.groundloopnoisepreventer/.SilenceService}
12-03 19:38:35.347  1789  2902 V AlarmManager: sending alarm {6788b42 type 2 *walarm*:com.whatsapp.messaging.h.CLIENT_PINGER_ACTION}
12-03 19:38:35.351  1789  1789 V AlarmManager: done {6788b42, *walarm*:com.whatsapp.messaging.h.CLIENT_PINGER_ACTION} [5ms]
12-03 19:38:35.357   309  1753 E NetlinkEvent: NetlinkEvent::FindParam(): Parameter 'UID' not found
12-03 19:38:54.128   309  1753 E NetlinkEvent: NetlinkEvent::FindParam(): Parameter 'UID' not found
12-03 19:38:54.133  1789  5399 I ActivityManager: Killing 19953:com.droid27.transparentclockweather/u0a113 (adj 15): empty #7
12-03 19:38:54.179  1789  5399 I ActivityManager: Killing 20172:Mono.Android.DebugRuntime/u0a119 (adj 15): empty #8
12-03 19:39:00.002  1789  2902 V AlarmManager: sending alarm {52a62d type 3 *alarm*:android.intent.action.TIME_TICK}
12-03 19:39:00.004  1789  2902 V AlarmManager: sending alarm {2cefd84 type 1 *alarm*:com.droid27.tcw.ACTION_TIME_TICK}
12-03 19:39:00.017  1789  1803 I ActivityManager: Start proc 20548:com.droid27.transparentclockweather/u0a113 for broadcast com.droid27.transparentclockweather/.Widget_2x1
12-03 19:39:00.076  1789  1789 V AlarmManager: done {52a62d, *alarm*:android.intent.action.TIME_TICK} [75ms]
12-03 19:39:00.145  1789  1789 V AlarmManager: done {2cefd84, *alarm*:com.droid27.tcw.ACTION_TIME_TICK} [143ms]
12-03 19:39:00.145  1789  5593 I ActivityManager: Killing 20369:com.motorola.genie/u0a21 (adj 15): empty #7
12-03 19:40:00.003  1789  2902 V AlarmManager: sending alarm {52a62d type 3 *alarm*:android.intent.action.TIME_TICK}
12-03 19:40:00.005  1789  2902 V AlarmManager: sending alarm {2cefd84 type 1 *alarm*:com.droid27.tcw.ACTION_TIME_TICK}
12-03 19:40:00.057  1789  1789 V AlarmManager: done {2cefd84, *alarm*:com.droid27.tcw.ACTION_TIME_TICK} [55ms]
12-03 19:40:00.077  1789  1789 V AlarmManager: done {52a62d, *alarm*:android.intent.action.TIME_TICK} [74ms]
12-03 19:40:00.164   259   259 I SFPerfTracer:      triggers: (rate: 118:4795) (compose: 24:492) (post: 0:263) (render: 41:940) (2:90059 frames) (3:114930)
12-03 19:40:00.164   259   259 D SFPerfTracer:        layers: (3:17) (FocusedStackFrame (0xb72cbae8): 0:1957)* (DimLayer (0xb72d2138): 0:41)* (StatusBar (0xb737c858): 3:20377) (com.android.systemui.ImageWallpaper (0xb7381520): 0:1623)* (Sprite (0xb73946f0): 0:5514)* (Sprite (0xb731c918): 0:8642)* (Sprite (0xb738f648): 0:4007)* (Sprite (0xb7397788): 0:18545)* (Sprite (0xb7386000): 0:9610)* (NavigationBar (0xb739c868): 0:70) (com.google.android.googlequicksearchbox/com.google.android.launcher.GEL (0xb737f798): 0:6)- (DimLayer (0xb73b4ac8): 0:23)* (DimLayer (0xb7346f28): 0:2)* (com.android.systemui/com.android.systemui.usb.UsbConfirmActivity (0xb73481f0): 0:28)- (Starting SeniorenApp.SeniorenApp (0xb73afa20): 0:40)- (SeniorenApp.SeniorenApp/md53b38d95917044f4b1995493654d83207.MainActivity (0xb73481f0): 0:5) 
12-03 19:40:06.710  1789  2916 I ActivityManager: START u0 {act=android.intent.action.MAIN cat=[android.intent.category.HOME] flg=0x10200000 cmp=com.google.android.googlequicksearchbox/com.google.android.launcher.GEL (has extras)} from uid 1000 on display 0
12-03 19:40:06.710  1789  2916 I ActivityManager: moveHomeStack, setupComplete:true
12-03 19:40:06.848  1789  1808 I LaunchCheckinHandler: Displayed com.google.android.googlequicksearchbox/com.google.android.launcher.GEL,wp,wa,139
12-03 19:40:07.287  1789  3019 I ActivityManager: START u0 {act=com.android.systemui.recents.SHOW_RECENTS flg=0x10804000 cmp=com.android.systemui/.recents.RecentsActivity} from uid 10045 on display 0
12-03 19:40:07.370  1789  1808 I LaunchCheckinHandler: Displayed com.android.systemui/.recents.RecentsActivity,wp,wa,83
12-03 19:40:08.011  1789  3693 I ActivityManager: START u0 {act=android.intent.action.MAIN cat=[android.intent.category.HOME] flg=0x10200000 cmp=com.google.android.googlequicksearchbox/com.google.android.launcher.GEL} from uid 10045 on display 0
12-03 19:40:08.028  1789  2706 I ActivityManager: Killing 20435:android.process.acore/u0a8 (adj 15): empty #7
12-03 19:40:08.091   259   708 I SFPerfTracer:      triggers: (rate: 0:2) (0 sw vsyncs) (0 skipped) (82:87217 vsyncs) (84:116542)
12-03 19:40:08.092  1789  2706 I ActivityManager: Killing 20412:SeniorenApp.SeniorenApp/u0a179 (adj 9): remove task
12-03 19:40:08.146  1789  2705 I WindowState: WIN DEATH: Window{69a55dc u0 SeniorenApp.SeniorenApp/md53b38d95917044f4b1995493654d83207.MainActivity}
12-03 19:40:08.228  1789  1808 I LaunchCheckinHandler: Displayed com.google.android.googlequicksearchbox/com.google.android.launcher.GEL,wp,wa,217
12-03 19:40:08.393   259   259 I SFPerfTracer:      triggers: (rate: 118:4796) (compose: 24:492) (post: 0:263) (render: 41:940) (7:90135 frames) (8:115032)
12-03 19:40:08.393   259   259 D SFPerfTracer:        layers: (5:17) (FocusedStackFrame (0xb72cbae8): 0:1963)* (DimLayer (0xb72d2138): 0:41)* (StatusBar (0xb737c858): 0:20398) (com.android.systemui.ImageWallpaper (0xb7381520): 0:1624) (Sprite (0xb73946f0): 0:5514)* (Sprite (0xb731c918): 0:8642)* (Sprite (0xb738f648): 0:4007)* (Sprite (0xb7397788): 0:18589)* (Sprite (0xb7386000): 0:9610)* (NavigationBar (0xb739c868): 0:132) (DimLayer (0xb73b4ac8): 0:23)- (DimLayer (0xb7346f28): 0:2)- (SeniorenApp.SeniorenApp/md53b38d95917044f4b1995493654d83207.MainActivity (0xb73481f0): 0:32)- (com.google.android.googlequicksearchbox/com.google.android.launcher.GEL (0xb73b2f40): 0:16)- (com.android.systemui/com.android.systemui.recents.RecentsActivity (0xb73481f0): 8:49) (com.google.android.googlequicksearchbox/com.google.android.launcher.GEL (0xb7346f28): 8:11) 
12-03 19:40:20.341  1789  2902 V AlarmManager: sending alarm {855f58f type 2 *walarm*:com.whatsapp.messaging.h.LOGOUT_ACTION}
12-03 19:40:20.346   309  1753 E NetlinkEvent: NetlinkEvent::FindParam(): Parameter 'UID' not found
12-03 19:40:20.348  1789  1789 V AlarmManager: done {855f58f, *walarm*:com.whatsapp.messaging.h.LOGOUT_ACTION} [6ms]
12-03 19:40:35.805   309  1753 E NetlinkEvent: NetlinkEvent::FindParam(): Parameter 'UID' not found
12-03 19:40:44.016   309  1753 E NetlinkEvent: NetlinkEvent::FindParam(): Parameter 'UID' not found
12-03 19:40:59.045   309  1753 E NetlinkEvent: NetlinkEvent::FindParam(): Parameter 'UID' not found
12-03 19:41:00.000  1789  2902 V AlarmManager: sending alarm {52a62d type 3 *alarm*:android.intent.action.TIME_TICK}
12-03 19:41:00.002  1789  2902 V AlarmManager: sending alarm {2cefd84 type 1 *alarm*:com.droid27.tcw.ACTION_TIME_TICK}
12-03 19:41:00.047  1789  1789 V AlarmManager: done {2cefd84, *alarm*:com.droid27.tcw.ACTION_TIME_TICK} [46ms]
12-03 19:41:00.065  1789  1789 V AlarmManager: done {52a62d, *alarm*:android.intent.action.TIME_TICK} [64ms]
12-03 19:41:23.725  1789  2956 D ConnectivityService: updateNetworkScore for NetworkAgentInfo [WIFI () - 105] to 56
12-03 19:41:26.735  1789  2956 D ConnectivityService: updateNetworkScore for NetworkAgentInfo [WIFI () - 105] to 60
12-03 19:41:39.497  1789  1806 D UsbAlsaManager: ALSA device removed: AlsaDevice: [card: 1, device: 0, type: 1]
12-03 19:41:39.515  1789  1806 D UsbAlsaManager: Adding ALSA device AlsaDevice: [card: 1, device: 0, type: 1]
12-03 19:41:39.575  1789  1805 D UsbDeviceManager: exited USB accessory mode
12-03 19:41:39.575  1789  1805 I UsbDeviceManager: Setting USB config to mtp,adb
12-03 19:41:39.578  1789  1806 D UsbAlsaManager: ALSA device removed: AlsaDevice: [card: 1, device: 0, type: 1]
12-03 19:41:39.683  1789  8868 I ActivityManager: Start proc 20656:com.motorola.genie/u0a21 for broadcast com.motorola.genie/.prefetch.PowerStatusReceiver
12-03 19:41:39.711  1789  1805 I BatteryStatsImpl: Resetting battery stats: level=100 status=5 dischargeLevel=100 lowAmount=0 highAmount=0
12-03 19:41:39.747  1789  1789 I EntropyMixer: Writing entropy...
12-03 19:41:39.816  1789  4628 I ActivityManager: Start proc 20679:SeniorenApp.SeniorenApp/u0a179 for broadcast SeniorenApp.SeniorenApp/md5f533d049e9e99636f613eae8ee0c19c0.DisconnectReceiver
12-03 19:41:39.840  1789  1800 I ActivityManager: Killing 19557:com.whatsapp/u0a114 (adj 15): empty #7
12-03 19:41:39.961  1789  1803 W BroadcastQueue: Failure sending broadcast Intent { act=android.intent.action.BATTERY_CHANGED flg=0x60000010 (has extras) }
12-03 19:41:39.961  1789  1803 W BroadcastQueue: android.os.DeadObjectException
12-03 19:41:39.961  1789  1803 W BroadcastQueue: 	at android.os.BinderProxy.transactNative(Native Method)
12-03 19:41:39.961  1789  1803 W BroadcastQueue: 	at android.os.BinderProxy.transact(Binder.java:503)
12-03 19:41:39.961  1789  1803 W BroadcastQueue: 	at android.app.ApplicationThreadProxy.scheduleRegisteredReceiver(ApplicationThreadNative.java:1138)
12-03 19:41:39.961  1789  1803 W BroadcastQueue: 	at com.android.server.am.BroadcastQueue.performReceiveLocked(BroadcastQueue.java:460)
12-03 19:41:39.961  1789  1803 W BroadcastQueue: 	at com.android.server.am.BroadcastQueue.deliverToRegisteredReceiverLocked(BroadcastQueue.java:601)
12-03 19:41:39.961  1789  1803 W BroadcastQueue: 	at com.android.server.am.BroadcastQueue.processNextBroadcast(BroadcastQueue.java:674)
12-03 19:41:39.961  1789  1803 W BroadcastQueue: 	at com.android.server.am.BroadcastQueue$BroadcastHandler.handleMessage(BroadcastQueue.java:169)
12-03 19:41:39.961  1789  1803 W BroadcastQueue: 	at android.os.Handler.dispatchMessage(Handler.java:102)
12-03 19:41:39.961  1789  1803 W BroadcastQueue: 	at android.os.Looper.loop(Looper.java:148)
12-03 19:41:39.961  1789  1803 W BroadcastQueue: 	at android.os.HandlerThread.run(HandlerThread.java:61)
12-03 19:41:39.961  1789  1803 W BroadcastQueue: 	at com.android.server.ServiceThread.run(ServiceThread.java:46)
12-03 19:41:40.803  1789  4628 I ActivityManager: Killing 20454:com.android.vending/u0a36 (adj 15): empty #7
12-03 19:41:40.968  1789  3019 W BroadcastQueue: Permission Denial: broadcasting Intent { act=com.motorola.cce.Actions.CCE_SEND_SETTINGS flg=0x10 (has extras) } from com.motorola.genie (pid=20656, uid=10021) is not exported from uid 10000 due to receiver com.motorola.ccc.checkin/com.motorola.blur.service.blur.SharedSettingsReceiver
12-03 19:41:40.975  1789  5593 W BroadcastQueue: Permission Denial: broadcasting Intent { act=com.motorola.cce.Actions.CCE_SEND_SETTINGS flg=0x10 (has extras) } from com.motorola.genie (pid=20656, uid=10021) is not exported from uid 10000 due to receiver com.motorola.ccc.notification/com.motorola.blur.service.blur.SharedSettingsReceiver
12-03 19:41:40.977  1789  1803 W BroadcastQueue: Permission Denial: broadcasting Intent { act=com.motorola.cce.Actions.CCE_SEND_SETTINGS flg=0x10 (has extras) } from com.motorola.genie (pid=20656, uid=10021) is not exported from uid 10027 due to receiver com.motorola.MotGallery2/com.motorola.blur.service.blur.SharedSettingsReceiver
12-03 19:41:46.584  1789  1803 I ActivityManager: Start proc 20746:Mono.Android.DebugRuntime/u0a119 for broadcast Mono.Android.DebugRuntime/com.xamarin.mono.android.PackageVersions
12-03 19:41:47.683  1789  1803 I ActivityManager: Force stopping SeniorenApp.SeniorenApp appid=10179 user=-1: uninstall pkg
12-03 19:41:47.683  1789  1803 I ActivityManager: Killing 20679:SeniorenApp.SeniorenApp/u0a179 (adj 13): stop SeniorenApp.SeniorenApp
12-03 19:41:47.810  1789  3724 W ActivityManager: Spurious death for ProcessRecord{f790d13 0:SeniorenApp.SeniorenApp/u0a179}, curProc for 20679: null
12-03 19:41:47.936  1789  1814 W PackageManager: Couldn't remove dex file for package:  at location /data/app/SeniorenApp.SeniorenApp-1/base.apk, retcode=-1
12-03 19:41:47.942  1789  1803 I ActivityManager: Force stopping SeniorenApp.SeniorenApp appid=10179 user=-1: uninstall pkg
12-03 19:41:48.194  1789  1814 I ActivityManager: Force stopping SeniorenApp.SeniorenApp appid=10179 user=0: pkg removed
12-03 19:41:48.227  1789  1803 I ActivityManager: Start proc 20782:android.process.acore/u0a8 for broadcast com.android.providers.contacts/.PackageIntentReceiver
12-03 19:41:48.228  1789  1814 I ActivityManager: Force stopping SeniorenApp.SeniorenApp appid=10179 user=0: pkg removed
12-03 19:41:48.274  1789  1789 D JobSchedulerService: Receieved: android.intent.action.PACKAGE_REMOVED
12-03 19:41:48.302  1789  1789 D JobSchedulerService: Receieved: android.intent.action.PACKAGE_REMOVED
12-03 19:41:48.386  1789  3510 I ActivityManager: Start proc 20800:com.android.keychain/1000 for broadcast com.android.keychain/.KeyChainBroadcastReceiver
12-03 19:41:48.428 20800 20800 W ContextImpl: Calling a method in the system process without a qualified user: android.app.ContextImpl.startService:1221 android.content.ContextWrapper.startService:581 android.content.ContextWrapper.startService:581 com.android.keychain.KeyChainBroadcastReceiver.onReceive:12 android.app.ActivityThread.handleReceiver:2743 
12-03 19:41:48.448  1789  8867 I ActivityManager: Start proc 20813:com.google.android.apps.docs/u0a63 for broadcast com.google.android.apps.docs/.receivers.AppPackageAddRemoveReceiver
12-03 19:41:48.453  1789  3510 I ActivityManager: Killing 20232:com.google.process.gapps/u0a17 (adj 15): empty #7
12-03 19:41:49.083  1789  3018 I ActivityManager: Killing 20548:com.droid27.transparentclockweather/u0a113 (adj 15): empty #7
12-03 19:41:49.238  1789  3018 I ActivityManager: Start proc 20853:com.google.process.gapps/u0a17 for content provider com.google.android.gsf/.gservices.GservicesProvider
12-03 19:41:49.289  1789  3692 I ActivityManager: Start proc 20865:com.motorola.motodisplay/u0a31 for broadcast com.motorola.motodisplay/.events.EventReceiver
12-03 19:41:49.403  1789  3018 I ActivityManager: Start proc 20891:com.android.vending/u0a36 for broadcast com.android.vending/com.google.android.finsky.receivers.PackageMonitorReceiver$RegisteredReceiver
12-03 19:41:49.490  1789  1814 I ActivityManager: Start proc 20911:com.android.defcontainer/u0a10 for service com.android.defcontainer/.DefaultContainerService
12-03 19:41:49.698  1789  8867 D ConnectivityService: listenForNetwork for Listen from uid/pid:10017/20319 for NetworkRequest [ id=41, legacyType=-1, [ Capabilities: INTERNET&NOT_RESTRICTED&TRUSTED&NOT_VPN] ]
12-03 19:41:49.815  1789  1789 I ActivityManager: Start proc 20963:com.android.documentsui/u0a62 for broadcast com.android.documentsui/.PackageReceiver
12-03 19:41:49.929 20800 20800 W ContextImpl: Calling a method in the system process without a qualified user: android.app.ContextImpl.startService:1221 android.content.ContextWrapper.startService:581 android.content.ContextWrapper.startService:581 com.android.keychain.KeyChainBroadcastReceiver.onReceive:12 android.app.ActivityThread.handleReceiver:2743 
12-03 19:41:49.954  1789  2705 I ActivityManager: Start proc 20985:com.android.externalstorage/u0a15 for content provider com.android.externalstorage/.ExternalStorageProvider
12-03 19:41:50.017  1789  3724 I ActivityManager: Killing 20656:com.motorola.genie/u0a21 (adj 15): empty #7
12-03 19:41:50.181  1789  5399 I ActivityManager: Start proc 21007:com.android.shell/2000 for content provider com.android.shell/.BugreportStorageProvider
12-03 19:41:50.206  1789  8868 I ActivityManager: Killing 20746:Mono.Android.DebugRuntime/u0a119 (adj 15): empty #7
12-03 19:41:50.445   309  1753 E NetlinkEvent: NetlinkEvent::FindParam(): Parameter 'UID' not found
12-03 19:41:50.848  1789  5593 I ActivityManager: Killing 20800:com.android.keychain/1000 (adj 13): empty #7
12-03 19:41:50.854 20911 20922 D DefContainer: Copying /data/local/tmp/SeniorenApp.SeniorenApp-Signed.apk to base.apk
12-03 19:41:52.009  1789  1814 V BackupManagerService: restoreAtInstall pkg=SeniorenApp.SeniorenApp token=32 restoreSet=0
12-03 19:41:52.009  1789  1814 V BackupManagerService: Finishing install immediately
12-03 19:41:52.011  1789  4628 I ActivityManager: Killing 20813:com.google.android.apps.docs/u0a63 (adj 13): empty #7
12-03 19:41:52.361  1789  5593 I ActivityManager: Start proc 21047:com.google.android.partnersetup/u0a20 for broadcast com.google.android.partnersetup/.RlzPingBroadcastReceiver
12-03 19:41:52.427  1789  2706 I ActivityManager: Start proc 21062:com.google.android.apps.docs/u0a63 for broadcast com.google.android.apps.docs/.receivers.AppPackageAddRemoveReceiver
12-03 19:41:52.429  1789  5592 I ActivityManager: Killing 20985:com.android.externalstorage/u0a15 (adj 9): empty #7
12-03 19:41:52.992  1789  1800 I ActivityManager: Killing 20865:com.motorola.motodisplay/u0a31 (adj 15): empty #7
12-03 19:41:53.097  1789  2705 I ActivityManager: Start proc 21097:com.motorola.motodisplay/u0a31 for broadcast com.motorola.motodisplay/.events.EventReceiver
12-03 19:41:53.262  1789  1800 I ActivityManager: Killing 20963:com.android.documentsui/u0a62 (adj 15): empty #7
12-03 19:41:54.090  1789  1803 I ActivityManager: Start proc 21135:Mono.Android.DebugRuntime/u0a119 for broadcast Mono.Android.DebugRuntime/com.xamarin.mono.android.ExternalStorageDirectory
12-03 19:41:54.125  1789  3019 I ActivityManager: Killing 21007:com.android.shell/2000 (adj 15): empty #7
12-03 19:41:55.940  1789  1803 I ActivityManager: Waited long enough for: ServiceRecord{d54d38 u0 com.motorola.groundloopnoisepreventer/.SilenceService}
12-03 19:41:59.999  1789  2902 V AlarmManager: sending alarm {2cefd84 type 1 *alarm*:com.droid27.tcw.ACTION_TIME_TICK}
12-03 19:42:00.001  1789  2902 V AlarmManager: sending alarm {52a62d type 3 *alarm*:android.intent.action.TIME_TICK}
12-03 19:42:00.013  1789  1803 I ActivityManager: Start proc 21163:com.droid27.transparentclockweather/u0a113 for broadcast com.droid27.transparentclockweather/.Widget_2x1
12-03 19:42:00.068  1789  1789 V AlarmManager: done {52a62d, *alarm*:android.intent.action.TIME_TICK} [67ms]
12-03 19:42:00.109  1789  3724 I ActivityManager: Killing 20911:com.android.defcontainer/u0a10 (adj 15): empty #7
12-03 19:42:00.290  1789  1789 V AlarmManager: done {2cefd84, *alarm*:com.droid27.tcw.ACTION_TIME_TICK} [290ms]
12-03 19:42:00.291  1789  2706 I ActivityManager: Killing 21047:com.google.android.partnersetup/u0a20 (adj 15): empty #7
12-03 19:42:05.885   309  1753 E NetlinkEvent: NetlinkEvent::FindParam(): Parameter 'UID' not found
12-03 19:42:08.179  1789  2902 V AlarmManager: sending alarm {2d3c840 type 0 *walarm*:com.android.vending/com.google.android.finsky.services.ContentSyncService}
12-03 19:42:08.185  1789  1789 V AlarmManager: done {2d3c840, *walarm*:com.android.vending/com.google.android.finsky.services.ContentSyncService} [6ms]
12-03 19:42:10.979   259   708 I SFPerfTracer:      triggers: (rate: 0:2) (0 sw vsyncs) (0 skipped) (0:87247 vsyncs) (1:116643)
12-03 19:42:21.866  1789  1805 I UsbDeviceManager: Setting USB config to accessory,audio_source,adb
12-03 19:42:22.032  1789  1806 D UsbAlsaManager: Adding ALSA device AlsaDevice: [card: 1, device: 0, type: 1]
12-03 19:42:22.071  1789  1803 I ActivityManager: Killing 21062:com.google.android.apps.docs/u0a63 (adj 15): empty #7
12-03 19:42:22.090  1789  1805 I BatteryStatsImpl: Resetting battery stats: level=100 status=5 dischargeLevel=100 lowAmount=0 highAmount=0
12-03 19:42:22.142  1789  1803 I ActivityManager: Killing 20782:android.process.acore/u0a8 (adj 15): empty #8
12-03 19:42:22.225  1789  1789 I EntropyMixer: Writing entropy...
12-03 19:42:22.246  1789  3724 I ActivityManager: Start proc 21192:com.motorola.genie/u0a21 for broadcast com.motorola.genie/.prefetch.PowerStatusReceiver
12-03 19:42:22.246  1789  3724 I ActivityManager: Killing 20853:com.google.process.gapps/u0a17 (adj 15): empty #7
12-03 19:42:22.420  1789  5593 W BroadcastQueue: Permission Denial: broadcasting Intent { act=com.motorola.cce.Actions.CCE_SEND_SETTINGS flg=0x10 (has extras) } from com.motorola.genie (pid=21192, uid=10021) is not exported from uid 10000 due to receiver com.motorola.ccc.checkin/com.motorola.blur.service.blur.SharedSettingsReceiver
12-03 19:42:22.423  1789  4628 W BroadcastQueue: Permission Denial: broadcasting Intent { act=com.motorola.cce.Actions.CCE_SEND_SETTINGS flg=0x10 (has extras) } from com.motorola.genie (pid=21192, uid=10021) is not exported from uid 10000 due to receiver com.motorola.ccc.notification/com.motorola.blur.service.blur.SharedSettingsReceiver
12-03 19:42:22.424  1789  1803 W BroadcastQueue: Permission Denial: broadcasting Intent { act=com.motorola.cce.Actions.CCE_SEND_SETTINGS flg=0x10 (has extras) } from com.motorola.genie (pid=21192, uid=10021) is not exported from uid 10027 due to receiver com.motorola.MotGallery2/com.motorola.blur.service.blur.SharedSettingsReceiver
12-03 19:42:23.435  1789  1805 D UsbDeviceManager: entering USB accessory mode: UsbAccessory[mManufacturer=h-ab.de, mModel=SeniorenApp, mDescription=SeniorenApp, mVersion=1.0, mUri=https://github.com/SeniorenApp/, mSerial=0000000012345678]
12-03 19:42:23.436   259   259 I SFPerfTracer:      triggers: (rate: 118:4799) (compose: 24:492) (post: 0:263) (render: 41:940) (0:90158 frames) (1:115132)
12-03 19:42:23.436   259   259 D SFPerfTracer:        layers: (4:13) (FocusedStackFrame (0xb72cbae8): 0:1963)* (DimLayer (0xb72d2138): 0:41)* (StatusBar (0xb737c858): 0:20437) (com.android.systemui.ImageWallpaper (0xb7381520): 0:1624) (Sprite (0xb73946f0): 0:5514)* (Sprite (0xb731c918): 0:8642)* (Sprite (0xb738f648): 0:4007)* (Sprite (0xb7397788): 0:18589)* (Sprite (0xb7386000): 0:9610)* (NavigationBar (0xb739c868): 0:132) (com.android.systemui/com.android.systemui.recents.RecentsActivity (0xb73481f0): 0:50)- (com.google.android.googlequicksearchbox/com.google.android.launcher.GEL (0xb7346f28): 0:28) 
12-03 19:42:23.439  1789  1805 I ActivityManager: START u0 {flg=0x10000000 cmp=com.android.systemui/.usb.UsbConfirmActivity (has extras)} from uid 1000 on display 0
12-03 19:42:23.574  1789  1808 I LaunchCheckinHandler: Displayed com.android.systemui/.usb.UsbConfirmActivity,wp,ca,115
12-03 19:42:24.072  1789  2956 D ConnectivityService: notifyType CAP_CHANGED for NetworkAgentInfo [WIFI () - 105]
12-03 19:42:24.177  1789  2705 I ActivityManager: START u0 {act=android.hardware.usb.action.USB_ACCESSORY_ATTACHED flg=0x10000000 cmp=SeniorenApp.SeniorenApp/md53b38d95917044f4b1995493654d83207.MainActivity (has extras)} from uid 10045 on display 0
12-03 19:42:24.233  1789  3693 I ActivityManager: Start proc 21247:SeniorenApp.SeniorenApp/u0a179 for activity SeniorenApp.SeniorenApp/md53b38d95917044f4b1995493654d83207.MainActivity
12-03 19:42:25.496  1789  3019 I ActivityManager: Killing 21097:com.motorola.motodisplay/u0a31 (adj 15): empty #7
12-03 19:42:25.637  1789  1808 I LaunchCheckinHandler: Displayed SeniorenApp.SeniorenApp/md53b38d95917044f4b1995493654d83207.MainActivity,cp,ca,1415
12-03 19:42:30.108  1789  2956 D ConnectivityService: notifyType CAP_CHANGED for NetworkAgentInfo [WIFI () - 105]
12-03 19:42:32.509  1789  1803 I ActivityManager: Start proc 21273:android.process.acore/u0a8 for broadcast com.android.providers.contacts/.PackageIntentReceiver
12-03 19:42:32.586  1789  3692 I ActivityManager: Killing 21135:Mono.Android.DebugRuntime/u0a119 (adj 15): empty #7
12-03 19:42:33.128  1789  2956 D ConnectivityService: updateNetworkScore for NetworkAgentInfo [WIFI () - 105] to 56
12-03 19:42:34.290  1789  2902 V AlarmManager: sending alarm {15d926d type 3 *alarm*:send_events}
12-03 19:42:34.296  1789  1789 V AlarmManager: done {15d926d, *alarm*:send_events} [6ms]
12-03 19:42:35.976   259   708 I SFPerfTracer:      triggers: (rate: 0:2) (0 sw vsyncs) (0 skipped) (0:87300 vsyncs) (1:116744)
12-03 19:42:36.148  1789  2956 D ConnectivityService: updateNetworkScore for NetworkAgentInfo [WIFI () - 105] to 60
12-03 19:42:37.378  1789  1803 I ActivityManager: Waited long enough for: ServiceRecord{22aa2ca u0 com.motorola.groundloopnoisepreventer/.SilenceService}
12-03 19:42:38.494  1789  5593 I ActivityManager: START u0 {cmp=SeniorenApp.SeniorenApp/md53b38d95917044f4b1995493654d83207.ManualPhoneCall} from uid 10179 on display 0
12-03 19:42:38.626  1789  1808 I LaunchCheckinHandler: Displayed SeniorenApp.SeniorenApp/md53b38d95917044f4b1995493654d83207.ManualPhoneCall,wp,ca,116
12-03 19:42:38.654   259   259 I SFPerfTracer:      triggers: (rate: 118:4801) (compose: 24:492) (post: 0:263) (render: 41:940) (2:90212 frames) (3:115234)
12-03 19:42:38.654   259   259 D SFPerfTracer:        layers: (4:18) (FocusedStackFrame (0xb72cbae8): 1:1973)* (DimLayer (0xb72d2138): 0:41)* (StatusBar (0xb737c858): 0:20463) (com.android.systemui.ImageWallpaper (0xb7381520): 0:1625)* (Sprite (0xb73946f0): 0:5514)* (Sprite (0xb731c918): 0:8642)* (Sprite (0xb738f648): 0:4007)* (Sprite (0xb7397788): 3:18611) (Sprite (0xb7386000): 0:9610)* (NavigationBar (0xb739c868): 0:145) (com.google.android.googlequicksearchbox/com.google.android.launcher.GEL (0xb7346f28): 0:28)- (DimLayer (0xb73481f0): 0:24)* (DimLayer (0xb7380258): 0:2)* (com.android.systemui/com.android.systemui.usb.UsbConfirmActivity (0xb73b5588): 0:28)- (Starting SeniorenApp.SeniorenApp (0xb73b2d38): 0:42)- (SeniorenApp.SeniorenApp/md53b38d95917044f4b1995493654d83207.MainActivity (0xb7346f28): 0:11) (SeniorenApp.SeniorenApp/md53b38d95917044f4b1995493654d83207.ManualPhoneCall (0xb738cdc0): 3:4)* 
12-03 19:42:42.183  1789  2956 D ConnectivityService: updateNetworkScore for NetworkAgentInfo [WIFI () - 105] to 56
12-03 19:42:49.043   309  1753 E NetlinkEvent: NetlinkEvent::FindParam(): Parameter 'UID' not found
12-03 19:42:54.883   259   708 I SFPerfTracer:      triggers: (rate: 0:2) (0 sw vsyncs) (0 skipped) (11:87372 vsyncs) (13:116853)
12-03 19:42:54.885   259   259 I SFPerfTracer:      triggers: (rate: 118:4803) (compose: 24:493) (post: 0:263) (render: 41:940) (12:90265 frames) (13:115326)
12-03 19:42:54.886   259   259 D SFPerfTracer:        layers: (4:16) (FocusedStackFrame (0xb72cbae8): 0:1977)* (DimLayer (0xb72d2138): 0:41)* (StatusBar (0xb737c858): 0:20466) (com.android.systemui.ImageWallpaper (0xb7381520): 0:1625)* (Sprite (0xb73946f0): 0:5514)* (Sprite (0xb731c918): 0:8642)* (Sprite (0xb738f648): 13:4034) (Sprite (0xb7397788): 0:18627)* (Sprite (0xb7386000): 0:9610)* (NavigationBar (0xb739c868): 0:145) (DimLayer (0xb73481f0): 0:24)* (DimLayer (0xb7380258): 0:4)* (SeniorenApp.SeniorenApp/md53b38d95917044f4b1995493654d83207.MainActivity (0xb7346f28): 0:25)- (SeniorenApp.SeniorenApp/md53b38d95917044f4b1995493654d83207.ManualPhoneCall (0xb738cdc0): 0:52)- (SeniorenApp.SeniorenApp/md53b38d95917044f4b1995493654d83207.MainActivity (0xb7346f28): 3:23) 
12-03 19:42:55.063  1789  3693 I ActivityManager: START u0 {cmp=SeniorenApp.SeniorenApp/md53b38d95917044f4b1995493654d83207.ContactList} from uid 10179 on display 0
12-03 19:42:55.510  1789  1808 I LaunchCheckinHandler: Displayed SeniorenApp.SeniorenApp/md53b38d95917044f4b1995493654d83207.ContactList,wp,ca,436
12-03 19:42:59.999  1789  2902 V AlarmManager: sending alarm {52a62d type 3 *alarm*:android.intent.action.TIME_TICK}
12-03 19:43:00.003  1789  2902 V AlarmManager: sending alarm {2cefd84 type 1 *alarm*:com.droid27.tcw.ACTION_TIME_TICK}
12-03 19:43:00.044  1789  1789 V AlarmManager: done {2cefd84, *alarm*:com.droid27.tcw.ACTION_TIME_TICK} [41ms]
12-03 19:43:00.072  1789  1789 V AlarmManager: done {52a62d, *alarm*:android.intent.action.TIME_TICK} [73ms]
12-03 19:43:04.087   309  1753 E NetlinkEvent: NetlinkEvent::FindParam(): Parameter 'UID' not found
12-03 19:43:05.537   259   259 I SFPerfTracer:      triggers: (rate: 118:4804) (compose: 24:493) (post: 0:263) (render: 41:940) (0:90330 frames) (1:115426)
12-03 19:43:05.538   259   259 D SFPerfTracer:        layers: (3:16) (FocusedStackFrame (0xb72cbae8): 0:1983)* (DimLayer (0xb72d2138): 0:41)* (StatusBar (0xb737c858): 0:20471) (com.android.systemui.ImageWallpaper (0xb7381520): 0:1625)* (Sprite (0xb73946f0): 0:5514)* (Sprite (0xb731c918): 0:8642)* (Sprite (0xb738f648): 0:4063)* (Sprite (0xb7397788): 0:18627)* (Sprite (0xb7386000): 0:9610)* (NavigationBar (0xb739c868): 0:145) (DimLayer (0xb73481f0): 0:24)* (DimLayer (0xb7380258): 0:6)* (SeniorenApp.SeniorenApp/md53b38d95917044f4b1995493654d83207.MainActivity (0xb7346f28): 0:39)- (SeniorenApp.SeniorenApp/md53b38d95917044f4b1995493654d83207.ContactList (0xb738cdc0): 1:67)* (SeniorenApp.SeniorenApp/md53b38d95917044f4b1995493654d83207.MainActivity (0xb7346f28): 1:18) 
12-03 19:43:05.617   259   708 I SFPerfTracer:      triggers: (rate: 0:2) (0 sw vsyncs) (0 skipped) (19:87442 vsyncs) (21:116955)
12-03 19:43:14.364  1789  3018 I ActivityManager: START u0 {cmp=SeniorenApp.SeniorenApp/md53b38d95917044f4b1995493654d83207.CameraToRead} from uid 10179 on display 0
12-03 19:43:14.423  1789  2706 I ActivityManager: Config changes=480 {1.0 262mcc7mnc de_DE ldltr sw360dp w592dp h336dp 320dpi nrml land finger -keyb/v/h -nav/h s.57?spn}
12-03 19:43:15.713  1789  1808 I LaunchCheckinHandler: Displayed SeniorenApp.SeniorenApp/md53b38d95917044f4b1995493654d83207.CameraToRead,wp,ca,1330
12-03 19:43:15.736  1789  8868 I WindowManager: Screen frozen for +1s327ms due to Window{f4423b2 u0 SeniorenApp.SeniorenApp/md53b38d95917044f4b1995493654d83207.CameraToRead}
12-03 19:43:16.002   259   259 I SFPerfTracer:       trigger: render     (31.070 ms)	(6.070 ms off for 5 triggers)	(5 triggers)	(7 renders)
12-03 19:43:16.101   259   259 I SFPerfTracer:       trigger: frame rate (-31.105%)	(41.337 fps)	(24.191 ms) 	(1 drops)	(11 frames)
12-03 19:43:16.101   259   259 I SFPerfTracer:      triggers: (rate: 119:4805) (compose: 24:497) (post: 0:263) (render: 42:945) (11:90351 frames) (12:115484)
12-03 19:43:16.101   259   259 D SFPerfTracer:        layers: (7:23) (FocusedStackFrame (0xb72cbae8): 0:1988)* (DimLayer (0xb72d2138): 0:41)* (StatusBar (0xb737c858): 12:20495)* (com.android.systemui.ImageWallpaper (0xb7381520): 12:1639)* (Sprite (0xb73946f0): 0:5514)* (Sprite (0xb731c918): 0:8642)* (Sprite (0xb738f648): 0:4077)* (Sprite (0xb7397788): 0:18627)* (Sprite (0xb7386000): 0:9610)* (NavigationBar (0xb739c868): 12:164) (DimLayer (0xb73481f0): 0:24)* (DimLayer (0xb7380258): 0:6)* (SeniorenApp.SeniorenApp/md53b38d95917044f4b1995493654d83207.MainActivity (0xb7346f28): 0:27)- (ScreenshotSurface (0xb738cdc0): 12:15) (SeniorenApp.SeniorenApp/md53b38d95917044f4b1995493654d83207.CameraToRead (0xb73b0e70): 0:7)- (SurfaceView (0xb73b2b00): 0:7)- (SeniorenApp.SeniorenApp/md53b38d95917044f4b1995493654d83207.CameraToRead (0xb73b2b00): 12:19)* (SurfaceView (0xb73b0e70): 12:18) (BlackSurface (0xb739f570): 12:15) (BlackSurface (0xb73a2290): 12:15) (BlackSurface (0xb73a4cc8): 12:15) (BlackSurface (0xb73a7af8): 12:15) 
12-03 19:43:17.188   259   259 I SFPerfTracer:       trigger: frame rate (-49.918%)	(30.049 fps)	(33.279 ms) 	(14 drops)	(28 frames)
12-03 19:43:17.189   259   259 I SFPerfTracer:      triggers: (rate: 120:4819) (compose: 24:497) (post: 0:263) (render: 42:946) (28:90383 frames) (29:115519)
12-03 19:43:17.189   259   259 D SFPerfTracer:        layers: (2:20) (FocusedStackFrame (0xb72cbae8): 0:1988)* (DimLayer (0xb72d2138): 0:41)* (StatusBar (0xb737c858): 1:20499)* (com.android.systemui.ImageWallpaper (0xb7381520): 1:1643)* (Sprite (0xb73946f0): 0:5514)* (Sprite (0xb731c918): 0:8642)* (Sprite (0xb738f648): 0:4077)* (Sprite (0xb7397788): 0:18627)* (Sprite (0xb7386000): 0:9610)* (NavigationBar (0xb739c868): 1:168) (DimLayer (0xb73481f0): 0:24)* (DimLayer (0xb7380258): 0:6)* (ScreenshotSurface (0xb738cdc0): 0:21)- (SeniorenApp.SeniorenApp/md53b38d95917044f4b1995493654d83207.CameraToRead (0xb73b2b00): 1:23)* (SurfaceView (0xb73b0e70): 29:52) (BlackSurface (0xb739f570): 0:21)- (BlackSurface (0xb73a2290): 0:21)- (BlackSurface (0xb73a4cc8): 0:21)- (BlackSurface (0xb73a7af8): 0:21)- 
12-03 19:43:17.334   259   708 I SFPerfTracer:      triggers: (rate: 0:2) (0 sw vsyncs) (0 skipped) (0:87482 vsyncs) (1:117056)
12-03 19:43:18.391  1789  2956 D ConnectivityService: notifyType CAP_CHANGED for NetworkAgentInfo [WIFI () - 105]
12-03 19:43:18.400  1789  2956 D ConnectivityService: updateNetworkScore for NetworkAgentInfo [WIFI () - 105] to 60
12-03 19:43:22.452   259   708 I SFPerfTracer:      triggers: (rate: 0:2) (0 sw vsyncs) (0 skipped) (0:87482 vsyncs) (1:117157)
12-03 19:43:23.000   259   259 I SFPerfTracer:      triggers: (rate: 120:4865) (compose: 24:497) (post: 0:263) (render: 42:946) (2:90424 frames) (3:115620)
12-03 19:43:23.000   259   259 D SFPerfTracer:        layers: (2:15) (FocusedStackFrame (0xb72cbae8): 0:1988)* (DimLayer (0xb72d2138): 0:41)* (StatusBar (0xb737c858): 0:20503)* (com.android.systemui.ImageWallpaper (0xb7381520): 0:1643)* (Sprite (0xb73946f0): 0:5514)* (Sprite (0xb731c918): 0:8642)* (Sprite (0xb738f648): 0:4077)* (Sprite (0xb7397788): 0:18627)* (Sprite (0xb7386000): 0:9610)* (NavigationBar (0xb739c868): 0:168) (DimLayer (0xb73481f0): 0:24)* (DimLayer (0xb7380258): 0:6)* (SeniorenApp.SeniorenApp/md53b38d95917044f4b1995493654d83207.CameraToRead (0xb73b2b00): 0:23)* (SurfaceView (0xb73b0e70): 3:149) 
12-03 19:43:27.750   259   708 I SFPerfTracer:      triggers: (rate: 0:2) (0 sw vsyncs) (0 skipped) (0:87482 vsyncs) (2:117259)
12-03 19:43:28.772   259   259 I SFPerfTracer:      triggers: (rate: 120:4920) (compose: 24:497) (post: 0:263) (render: 42:946) (1:90468 frames) (2:115721)
12-03 19:43:28.772   259   259 D SFPerfTracer:        layers: (2:15) (FocusedStackFrame (0xb72cbae8): 0:1988)* (DimLayer (0xb72d2138): 0:41)* (StatusBar (0xb737c858): 0:20505)* (com.android.systemui.ImageWallpaper (0xb7381520): 0:1643)* (Sprite (0xb73946f0): 0:5514)* (Sprite (0xb731c918): 0:8642)* (Sprite (0xb738f648): 0:4077)* (Sprite (0xb7397788): 0:18627)* (Sprite (0xb7386000): 0:9610)* (NavigationBar (0xb739c868): 0:168) (DimLayer (0xb73481f0): 0:24)* (DimLayer (0xb7380258): 0:6)* (SeniorenApp.SeniorenApp/md53b38d95917044f4b1995493654d83207.CameraToRead (0xb73b2b00): 0:23)* (SurfaceView (0xb73b0e70): 2:245) 
12-03 19:43:33.202   259   708 I SFPerfTracer:      triggers: (rate: 0:2) (0 sw vsyncs) (0 skipped) (0:87483 vsyncs) (2:117361)
12-03 19:43:34.485   259   259 I SFPerfTracer:      triggers: (rate: 120:4962) (compose: 24:497) (post: 0:263) (render: 42:946) (1:90508 frames) (2:115822)
12-03 19:43:34.485   259   259 D SFPerfTracer:        layers: (2:15) (FocusedStackFrame (0xb72cbae8): 0:1988)* (DimLayer (0xb72d2138): 0:41)* (StatusBar (0xb737c858): 0:20507)* (com.android.systemui.ImageWallpaper (0xb7381520): 0:1643)* (Sprite (0xb73946f0): 0:5514)* (Sprite (0xb731c918): 0:8642)* (Sprite (0xb738f648): 0:4077)* (Sprite (0xb7397788): 0:18627)* (Sprite (0xb7386000): 0:9610)* (NavigationBar (0xb739c868): 0:168) (DimLayer (0xb73481f0): 0:24)* (DimLayer (0xb7380258): 0:6)* (SeniorenApp.SeniorenApp/md53b38d95917044f4b1995493654d83207.CameraToRead (0xb73b2b00): 0:23)* (SurfaceView (0xb73b0e70): 2:340) 
12-03 19:43:38.432   259   708 I SFPerfTracer:      triggers: (rate: 0:2) (0 sw vsyncs) (0 skipped) (0:87483 vsyncs) (2:117463)
--------- beginning of main
12-03 19:43:39.326   350 21443 E mm-camera: mct_pipeline_send_ctrl_events: Send Set Parm events
12-03 19:43:39.626   350 21443 E mm-camera: mct_pipeline_send_ctrl_events: Send Set Parm events
12-03 19:43:39.878 21247 21266 I chatty  : uid=10179(SeniorenApp.SeniorenApp) expire 109 lines
12-03 19:43:39.880 21247 21247 I chatty  : uid=10179(SeniorenApp.SeniorenApp) expire 80 lines
12-03 19:43:39.881   313  2639 I chatty  : uid=1013(media) Binder_2 expire 1 line
12-03 19:43:39.883   313 21420 D QCameraParameters: updateFovParams: (4160x3120) is (64.349998/50.549999), (4160x3120) is (64.349998/50.549999)
12-03 19:43:39.883   313 21420 D QCameraParameters: Param m_bNoDisplayMode = 0
12-03 19:43:39.883   313 21420 D QCameraParameters: int32_t qcamera::QCameraParameters::setPreviewFpsRange(const qcamera::QCameraParameters&): FpsRange Values:(15000, 30000)
12-03 19:43:39.883   313 21420 D QCameraParameters: int32_t qcamera::QCameraParameters::setPreviewFpsRange(const qcamera::QCameraParameters&): Requested FpsRange Values:(15000, 30000)
12-03 19:43:39.883   313 21420 D QCameraParameters: HFR mode is OFF
12-03 19:43:39.883   313 21420 D QCameraParameters: int32_t qcamera::QCameraParameters::setBrightness(const qcamera::QCameraParameters&): Brigtness not set by App 
12-03 19:43:39.883   313 21420 D QCameraParameters: int32_t qcamera::QCameraParameters::setSharpness(const qcamera::QCameraParameters&): Sharpness not set by App 
12-03 19:43:39.883   313 21420 D QCameraParameters: int32_t qcamera::QCameraParameters::setSaturation(const qcamera::QCameraParameters&): Saturation not set by App 
12-03 19:43:39.883   313 21420 D QCameraParameters: int32_t qcamera::QCameraParameters::setContrast(const qcamera::QCameraParameters&): Contrast not set by App 
12-03 19:43:39.883   313 21420 D QCameraParameters: int32_t qcamera::QCameraParameters::setSkinToneEnhancement(const qcamera::QCameraParameters&): Skintone enhancement not set by App 
12-03 19:43:39.883   313 21420 D QCameraParameters: int32_t qcamera::QCameraParameters::setLA(const char*, bool): Setting LA value off 0
12-03 19:43:39.883   313 21420 D QCameraParameters: int32_t qcamera::QCameraParameters::setFlash(const char*, bool): Setting Flash value torch
12-03 19:43:39.883   313 21420 D QCameraParameters: int32_t qcamera::QCameraParameters::setFssr(const qcamera::QCameraParameters&): FSSR is not supported
12-03 19:43:39.883   313 21420 D QCameraParameters: int32_t qcamera::QCameraParameters::setSeeMore(const qcamera::QCameraParameters&): str =(null) & prev_str =off
12-03 19:43:39.883   313 21420 D QCameraParameters: int32_t qcamera::QCameraParameters::setMultiTouchFocus(const qcamera::QCameraParameters&): multi-touch focus is not supported
12-03 19:43:39.884   350 21443 E mm-camera: mct_pipeline_send_ctrl_events: Send Set Parm events
12-03 19:43:39.886   350 21443 E mm-camera: stats_port_proc_downstream_set_parm Enable AEC & AWB subsampling optimizations
12-03 19:43:39.887   313 21420 D QCameraParameters: int32_t qcamera::QCameraParameters::setNumOfSnapshot(): nBurstNum = 1, nExpnum = 1
12-03 19:43:39.887   313  2639 I QCameraHalWatchdog: Stopped Watchdog Thread...
12-03 19:43:39.926   313 21473 D QCameraParameters: setSnapshotSkipHint: preview hint 3 fps 16.621340
12-03 19:43:39.927   350 21443 E mm-camera: mct_pipeline_send_ctrl_events: Send Set Parm events
12-03 19:43:39.955   350 21482 E mm-camera: color_xform_update_s_value path 0 scaling_factor 1.000000 
12-03 19:43:39.955   350 21482 E mm-camera: color_xform_update_s_value path 1 scaling_factor 1.969697 
12-03 19:43:40.017   313 21476 D mm-camera-intf: bgproc_tev: focus_state=0, focus_idx=0, approximate focus_ts=0
12-03 19:43:40.018   313 21420 D QCamera2HWI: int32_t qcamera::QCamera2HardwareInterface::processAutoFocusEvent(cam_auto_focus_data_t&): E CAM_AF_SCANNING
12-03 19:43:40.018   313 21420 D QCamera2HWI: [AF_DBG] int32_t qcamera::QCamera2HardwareInterface::processAutoFocusEvent(cam_auto_focus_data_t&): focusMode=0, m_currentFocusState=0, m_bAFRunning=1
12-03 19:43:40.018   313 21420 D QCamera2HWI: int32_t qcamera::QCamera2HardwareInterface::processAutoFocusEvent(cam_auto_focus_data_t&): FOCUS_ACHIEVED_TIME : 1860474
12-03 19:43:40.018   313 21420 E QCamera2HWI: int32_t qcamera::QCamera2HardwareInterface::processAutoFocusEvent(cam_auto_focus_data_t&): autoFocusEvent when no auto_focus running
12-03 19:43:40.018   313 21420 D QCamera2HWI: int32_t qcamera::QCamera2HardwareInterface::processAutoFocusEvent(cam_auto_focus_data_t&): X
12-03 19:43:40.136   313 21476 D mm-camera-intf: bgproc_tev: focus_state=1, focus_idx=425, approximate focus_ts=1480790620136
12-03 19:43:40.143   313 21420 D QCamera2HWI: int32_t qcamera::QCamera2HardwareInterface::processAutoFocusEvent(cam_auto_focus_data_t&): E CAM_AF_FOCUSED
12-03 19:43:40.143   313 21420 D QCamera2HWI: int32_t qcamera::QCamera2HardwareInterface::processAutoFocusEvent(cam_auto_focus_data_t&): ZEROMOTION: mLastFocusedFrameTime = 1480790620143
12-03 19:43:40.143   313 21420 D QCamera2HWI: [AF_DBG] int32_t qcamera::QCamera2HardwareInterface::processAutoFocusEvent(cam_auto_focus_data_t&): focusMode=0, m_currentFocusState=1, m_bAFRunning=0
12-03 19:43:40.143   313 21420 D QCamera2HWI: int32_t qcamera::QCamera2HardwareInterface::processAutoFocusEvent(cam_auto_focus_data_t&): FOCUS_ACHIEVED_TIME : 1860599
12-03 19:43:40.143   313 21420 E QCamera2HWI: int32_t qcamera::QCamera2HardwareInterface::processAutoFocusEvent(cam_auto_focus_data_t&): autoFocusEvent when no auto_focus running
12-03 19:43:40.143   313 21420 D QCamera2HWI: int32_t qcamera::QCamera2HardwareInterface::processAutoFocusEvent(cam_auto_focus_data_t&): X
12-03 19:43:40.227   313 21473 D QCameraParameters: setSnapshotSkipHint: preview hint 3 fps 16.628475
12-03 19:43:40.229   350 21443 E mm-camera: mct_pipeline_send_ctrl_events: Send Set Parm events
12-03 19:43:40.255   259   259 I SFPerfTracer:      triggers: (rate: 120:5010) (compose: 24:497) (post: 0:263) (render: 42:946) (2:90550 frames) (3:115923)
12-03 19:43:40.255   259   259 D SFPerfTracer:        layers: (2:15) (FocusedStackFrame (0xb72cbae8): 0:1988)* (DimLayer (0xb72d2138): 0:41)* (StatusBar (0xb737c858): 0:20507)* (com.android.systemui.ImageWallpaper (0xb7381520): 0:1643)* (Sprite (0xb73946f0): 0:5514)* (Sprite (0xb731c918): 0:8642)* (Sprite (0xb738f648): 0:4077)* (Sprite (0xb7397788): 0:18627)* (Sprite (0xb7386000): 0:9610)* (NavigationBar (0xb739c868): 0:168) (DimLayer (0xb73481f0): 0:24)* (DimLayer (0xb7380258): 0:6)* (SeniorenApp.SeniorenApp/md53b38d95917044f4b1995493654d83207.CameraToRead (0xb73b2b00): 0:23)* (SurfaceView (0xb73b0e70): 2:436) 
12-03 19:43:40.527   313 21473 D QCameraParameters: setSnapshotSkipHint: preview hint 3 fps 16.643810
12-03 19:43:40.529   350 21443 E mm-camera: mct_pipeline_send_ctrl_events: Send Set Parm events
12-03 19:43:40.828   313 21473 D QCameraParameters: setSnapshotSkipHint: preview hint 3 fps 16.637951
12-03 19:43:40.830   350 21443 E mm-camera: mct_pipeline_send_ctrl_events: Send Set Parm events
12-03 19:43:41.128   313 21473 D QCameraParameters: setSnapshotSkipHint: preview hint 3 fps 16.646370
12-03 19:43:41.129   350 21443 E mm-camera: mct_pipeline_send_ctrl_events: Send Set Parm events
12-03 19:43:41.429   313 21473 D QCameraParameters: setSnapshotSkipHint: preview hint 3 fps 16.640364
12-03 19:43:41.431   350 21443 E mm-camera: mct_pipeline_send_ctrl_events: Send Set Parm events
12-03 19:43:41.531  3011  3299 I NetworkController.MotorolaMobileSignalController(1): MotorolaMobilePhoneStateListener.onSignalStrengthsChanged: Entered: signalStrength=SignalStrength: 14 0 -120 -160 -120 -1 -1 99 2147483647 2147483647 2147483647 2147483647 2147483647 gsm|lte level=4
12-03 19:43:41.729   313 21473 D QCameraParameters: setSnapshotSkipHint: preview hint 3 fps 16.652281
12-03 19:43:41.729   350 21443 E mm-camera: mct_pipeline_send_ctrl_events: Send Set Parm events
12-03 19:43:41.877   313 18785 I QCameraHalWatchdog: Starting Watchdog Thread...
12-03 19:43:41.880   313 21420 D QCameraParameters: int32_t qcamera::QCameraParameters::setPreviewSize(const qcamera::QCameraParameters&): Requested preview size 1280 x 960
12-03 19:43:41.880   313 21420 D QCameraParameters: int32_t qcamera::QCameraParameters::setPictureSize(const qcamera::QCameraParameters&): Requested picture size 4160 x 3120
12-03 19:43:41.880   313 21420 D QCameraParameters: updateFovParams: (4160x3120) is (64.349998/50.549999), (4160x3120) is (64.349998/50.549999)
12-03 19:43:41.880   313 21420 D QCameraParameters: Param m_bNoDisplayMode = 0
12-03 19:43:41.880   313 21420 D QCameraParameters: int32_t qcamera::QCameraParameters::setPreviewFpsRange(const qcamera::QCameraParameters&): FpsRange Values:(15000, 30000)
12-03 19:43:41.880   313 21420 D QCameraParameters: int32_t qcamera::QCameraParameters::setPreviewFpsRange(const qcamera::QCameraParameters&): Requested FpsRange Values:(15000, 30000)
12-03 19:43:41.880   313 21420 D QCameraParameters: HFR mode is OFF
12-03 19:43:41.880   313 21420 D QCameraParameters: int32_t qcamera::QCameraParameters::setBrightness(const qcamera::QCameraParameters&): Brigtness not set by App 
12-03 19:43:41.881   313 21420 D QCameraParameters: int32_t qcamera::QCameraParameters::setSharpness(const qcamera::QCameraParameters&): Sharpness not set by App 
12-03 19:43:41.881   313 21420 D QCameraParameters: int32_t qcamera::QCameraParameters::setSaturation(const qcamera::QCameraParameters&): Saturation not set by App 
12-03 19:43:41.881   313 21420 D QCameraParameters: int32_t qcamera::QCameraParameters::setContrast(const qcamera::QCameraParameters&): Contrast not set by App 
12-03 19:43:41.881   313 21420 D QCameraParameters: int32_t qcamera::QCameraParameters::setSkinToneEnhancement(const qcamera::QCameraParameters&): Skintone enhancement not set by App 
12-03 19:43:41.881   313 21420 D QCameraParameters: int32_t qcamera::QCameraParameters::setLA(const char*, bool): Setting LA value off 0
12-03 19:43:41.881   313 21420 D QCameraParameters: int32_t qcamera::QCameraParameters::setFlash(const char*, bool): Setting Flash value torch
12-03 19:43:41.881   313 21420 D QCameraParameters: int32_t qcamera