11-29 10:20:21.662  1787  6215 I chatty  : uid=1000(system) Binder_A expire 3 lines
11-29 10:20:21.669  1787  4628 I chatty  : uid=1000(system) Binder_9 expire 5 lines
11-29 10:20:21.669  1787  1801 I chatty  : uid=1000(system) ActivityManager expire 8 lines
11-29 10:20:22.463  1787  1803 I chatty  : uid=1000(system) android.fg expire 9 lines
11-29 10:20:26.858  1787  2914 I chatty  : uid=1000(system) AlarmManager expire 22 lines
11-29 10:20:26.875  1787  1787 I chatty  : uid=1000 system_server expire 30 lines
11-29 10:20:31.786  1787  3675 I chatty  : uid=1000(system) Binder_5 expire 3 lines
11-29 10:20:33.366   305  1751 E NetlinkEvent: NetlinkEvent::FindParam(): Parameter 'UID' not found
11-29 10:20:44.174   305  1751 E NetlinkEvent: NetlinkEvent::FindParam(): Parameter 'UID' not found
11-29 10:20:50.499   258   258 I chatty  : uid=1000(system) /system/bin/surfaceflinger expire 18 lines
11-29 10:20:51.177  1787  6221 I chatty  : uid=1000(system) Binder_D expire 2 lines
11-29 10:21:01.157  1787  1798 I chatty  : uid=1000(system) Binder_2 expire 5 lines
11-29 10:21:02.408  1787  4201 I chatty  : uid=1000(system) Binder_7 expire 3 lines
11-29 10:24:35.180  1787  1809 I chatty  : uid=1000(system) PowerManagerSer expire 4 lines
11-29 10:24:36.155 31805 31805 I chatty  : uid=1000(system) expire 1 line
11-29 10:24:40.275  3000  3000 D StatusBarKeyguardViewManager: showKeyguard, but hide Bouncer
11-29 10:24:40.691  1787  3031 I chatty  : uid=1000(system) Binder_4 expire 1 line
11-29 10:24:40.936   305  1751 E NetlinkEvent: NetlinkEvent::FindParam(): Parameter 'UID' not found
11-29 10:24:53.156   305  1751 E NetlinkEvent: NetlinkEvent::FindParam(): Parameter 'UID' not found
11-29 10:24:53.284   305  1751 E NetlinkEvent: NetlinkEvent::FindParam(): Parameter 'UID' not found
11-29 10:25:03.576   305  1751 E NetlinkEvent: NetlinkEvent::FindParam(): Parameter 'UID' not found
11-29 10:25:06.038  1787  2914 I chatty  : uid=1000(system) AlarmManager expire 17 lines
11-29 10:25:06.048   305  1751 E NetlinkEvent: NetlinkEvent::FindParam(): Parameter 'UID' not found
11-29 10:25:06.049  1787  1787 I chatty  : uid=1000 system_server expire 17 lines
11-29 10:25:13.196  1787  1800 I chatty  : uid=1000(system) android.bg expire 1 line
11-29 10:25:17.236   305  1751 E NetlinkEvent: NetlinkEvent::FindParam(): Parameter 'UID' not found
11-29 10:28:43.909   305  1751 E NetlinkEvent: NetlinkEvent::FindParam(): Parameter 'UID' not found
11-29 10:28:54.056   305  1751 E NetlinkEvent: NetlinkEvent::FindParam(): Parameter 'UID' not found
11-29 10:30:59.421  1787  1806 I chatty  : uid=1000(system) android.display expire 6 lines
11-29 10:30:59.661   258   699 I chatty  : uid=1000(system) EventThread expire 3 lines
11-29 10:30:59.942   258   258 I chatty  : uid=1000(system) /system/bin/surfaceflinger expire 10 lines
11-29 10:31:35.741   305  1751 E NetlinkEvent: NetlinkEvent::FindParam(): Parameter 'UID' not found
11-29 10:31:35.762  1787  3675 I chatty  : uid=1000(system) Binder_5 expire 2 lines
11-29 10:31:35.831  1787  4627 I chatty  : uid=1000(system) Binder_8 expire 3 lines
11-29 10:31:35.895 32127 32127 I chatty  : uid=1000(system) expire 1 line
11-29 10:31:35.908  1787  1787 I chatty  : uid=1000 system_server expire 17 lines
11-29 10:31:35.920  1787  3031 I chatty  : uid=1000(system) Binder_4 expire 1 line
11-29 10:31:36.177   258   699 I chatty  : uid=1000(system) EventThread expire 10 lines
11-29 10:31:36.488   258   258 I chatty  : uid=1000(system) /system/bin/surfaceflinger expire 11 lines
11-29 10:31:36.916  1787  2915 I chatty  : uid=1000(system) InputDispatcher expire 6 lines
11-29 10:31:37.054  1787  1806 I chatty  : uid=1000(system) android.display expire 11 lines
11-29 10:31:41.448  1787  3029 I chatty  : uid=1000(system) Binder_3 expire 4 lines
11-29 10:31:41.632  1787  2954 I chatty  : uid=1000(system) WifiService expire 2 lines
11-29 10:31:44.643  1787  4201 I chatty  : uid=1000(system) Binder_7 expire 2 lines
11-29 10:31:46.914   305  1751 E NetlinkEvent: NetlinkEvent::FindParam(): Parameter 'UID' not found
11-29 10:31:48.465   258   258 I chatty  : uid=1000(system) /system/bin/surfaceflinger expire 10 lines
11-29 10:31:52.041  1787  2914 I chatty  : uid=1000(system) AlarmManager expire 15 lines
11-29 10:31:52.107   305  1751 E NetlinkEvent: NetlinkEvent::FindParam(): Parameter 'UID' not found
11-29 10:31:58.304  1787  3677 I chatty  : uid=1000(system) Binder_6 expire 4 lines
11-29 10:31:59.734  1787  6215 I chatty  : uid=1000(system) Binder_A expire 3 lines
11-29 10:32:04.255   305  1751 E NetlinkEvent: NetlinkEvent::FindParam(): Parameter 'UID' not found
11-29 10:32:05.929   258   258 I chatty  : uid=1000(system) /system/bin/surfaceflinger expire 10 lines
11-29 10:32:39.165  1787  6219 I chatty  : uid=1000(system) Binder_B expire 1 line
11-29 10:35:39.008  1787  1801 I chatty  : uid=1000(system) ActivityManager expire 8 lines
11-29 10:35:56.454   305  1751 E NetlinkEvent: NetlinkEvent::FindParam(): Parameter 'UID' not found
11-29 10:35:59.999  1787  2914 I chatty  : uid=1000(system) AlarmManager expire 12 lines
11-29 10:36:00.054  1787  1787 I chatty  : uid=1000 system_server expire 13 lines
11-29 10:36:06.494   305  1751 E NetlinkEvent: NetlinkEvent::FindParam(): Parameter 'UID' not found
11-29 10:36:54.205   305  1751 E NetlinkEvent: NetlinkEvent::FindParam(): Parameter 'UID' not found
11-29 10:37:04.994   305  1751 E NetlinkEvent: NetlinkEvent::FindParam(): Parameter 'UID' not found
11-29 10:37:17.694  1787  1804 I chatty  : uid=1000(system) FileObserver expire 3 lines
11-29 10:37:17.744  1787  1803 I chatty  : uid=1000(system) android.fg expire 11 lines
11-29 10:37:17.821  1787  1797 I chatty  : uid=1000(system) Binder_1 expire 3 lines
11-29 10:39:45.313  1787  1809 I chatty  : uid=1000(system) PowerManagerSer expire 3 lines
11-29 10:39:51.788  3000  3000 D StatusBarKeyguardViewManager: showKeyguard, but hide Bouncer
11-29 10:39:51.905  1787  1787 I chatty  : uid=1000 system_server expire 13 lines
11-29 10:39:51.968 32517 32517 I chatty  : uid=1000(system) expire 1 line
11-29 10:39:51.991  1787  1798 I chatty  : uid=1000(system) Binder_2 expire 1 line
11-29 10:39:56.671  1787  2914 I chatty  : uid=1000(system) AlarmManager expire 13 lines
11-29 10:40:23.684   305  1751 E NetlinkEvent: NetlinkEvent::FindParam(): Parameter 'UID' not found
11-29 10:41:44.110   305  1751 E NetlinkEvent: NetlinkEvent::FindParam(): Parameter 'UID' not found
11-29 10:41:44.522   305  1751 E NetlinkEvent: NetlinkEvent::FindParam(): Parameter 'UID' not found
11-29 10:41:44.537  1787  6220 I chatty  : uid=1000(system) Binder_C expire 2 lines
11-29 10:41:45.305  1787  6221 I chatty  : uid=1000(system) Binder_D expire 1 line
11-29 10:42:19.674   305  1751 E NetlinkEvent: NetlinkEvent::FindParam(): Parameter 'UID' not found
11-29 10:44:27.419   305  1751 E NetlinkEvent: NetlinkEvent::FindParam(): Parameter 'UID' not found
11-29 10:44:27.419  1787  2914 I chatty  : uid=1000(system) AlarmManager expire 11 lines
11-29 10:44:27.419   305  1751 E NetlinkEvent: NetlinkEvent::FindParam(): Parameter 'UID' not found
11-29 10:44:27.423  1787  1803 I chatty  : uid=1000(system) android.fg expire 2 lines
11-29 10:44:27.456  1787  1787 I chatty  : uid=1000 system_server expire 20 lines
11-29 10:44:45.292   305  1751 E NetlinkEvent: NetlinkEvent::FindParam(): Parameter 'UID' not found
11-29 10:44:45.296   305  1751 E NetlinkEvent: NetlinkEvent::FindParam(): Parameter 'UID' not found
11-29 10:44:45.637   305  1751 E NetlinkEvent: NetlinkEvent::FindParam(): Parameter 'UID' not found
11-29 10:44:46.329   258   258 I chatty  : uid=1000(system) /system/bin/surfaceflinger expire 10 lines
11-29 10:44:50.978   258   699 I chatty  : uid=1000(system) EventThread expire 3 lines
11-29 10:46:56.671   305  1751 E NetlinkEvent: NetlinkEvent::FindParam(): Parameter 'UID' not found
11-29 10:52:37.103  1787  1806 I chatty  : uid=1000(system) android.display expire 2 lines
11-29 10:52:37.649  1787  4628 I chatty  : uid=1000(system) Binder_9 expire 1 line
11-29 10:52:41.090   305  1751 E NetlinkEvent: NetlinkEvent::FindParam(): Parameter 'UID' not found
11-29 10:52:41.375   356   356 I chatty  : uid=1000(system) expire 1 line
11-29 10:52:41.393  1787  1787 I chatty  : uid=1000 system_server expire 4 lines
11-29 10:53:08.540   305  1751 E NetlinkEvent: NetlinkEvent::FindParam(): Parameter 'UID' not found
11-29 10:53:08.780   305  1751 E NetlinkEvent: NetlinkEvent::FindParam(): Parameter 'UID' not found
11-29 10:53:13.766   258   258 I chatty  : uid=1000(system) /system/bin/surfaceflinger expire 2 lines
11-29 10:53:18.800   305  1751 E NetlinkEvent: NetlinkEvent::FindParam(): Parameter 'UID' not found
11-29 10:53:29.340   305  1751 E NetlinkEvent: NetlinkEvent::FindParam(): Parameter 'UID' not found
11-29 10:53:37.767  1787  2914 I chatty  : uid=1000(system) AlarmManager expire 11 lines
11-29 10:53:37.772  1787  1787 I chatty  : uid=1000 system_server expire 10 lines
11-29 10:53:39.360   305  1751 E NetlinkEvent: NetlinkEvent::FindParam(): Parameter 'UID' not found
11-29 10:54:10.380   305  1751 E NetlinkEvent: NetlinkEvent::FindParam(): Parameter 'UID' not found
11-29 10:54:20.400   305  1751 E NetlinkEvent: NetlinkEvent::FindParam(): Parameter 'UID' not found
11-29 10:54:43.750  1787  1809 I chatty  : uid=1000(system) PowerManagerSer expire 3 lines
11-29 10:54:44.276  1787  1806 I chatty  : uid=1000(system) android.display expire 13 lines
11-29 10:54:44.304   258   699 I chatty  : uid=1000(system) EventThread expire 13 lines
11-29 10:54:44.383  1787  6219 I chatty  : uid=1000(system) Binder_B expire 2 lines
11-29 10:54:44.555   305  1751 E NetlinkEvent: NetlinkEvent::FindParam(): Parameter 'UID' not found
11-29 10:54:44.558  1787  1803 I chatty  : uid=1000(system) android.fg expire 2 lines
11-29 10:54:44.641   356   356 I chatty  : uid=1000(system) expire 2 lines
11-29 10:54:50.803  3000  3000 D StatusBarKeyguardViewManager: showKeyguard, but hide Bouncer
11-29 10:55:14.681   305  1751 E NetlinkEvent: NetlinkEvent::FindParam(): Parameter 'UID' not found
11-29 10:55:14.694   305  1751 E NetlinkEvent: NetlinkEvent::FindParam(): Parameter 'UID' not found
11-29 10:55:14.750  1787  1787 I chatty  : uid=1000 system_server expire 11 lines
11-29 10:57:18.671  1787  2914 I chatty  : uid=1000(system) AlarmManager expire 12 lines
11-29 10:57:18.674   305  1751 E NetlinkEvent: NetlinkEvent::FindParam(): Parameter 'UID' not found
11-29 11:03:18.055   258   258 I chatty  : uid=1000(system) /system/bin/surfaceflinger expire 10 lines
11-29 11:03:22.680  1787  4628 I chatty  : uid=1000(system) Binder_9 expire 2 lines
11-29 11:03:22.684  1787  6221 I chatty  : uid=1000(system) Binder_D expire 2 lines
11-29 11:03:26.849   305  1751 E NetlinkEvent: NetlinkEvent::FindParam(): Parameter 'UID' not found
11-29 11:03:26.867  1787  3029 I chatty  : uid=1000(system) Binder_3 expire 4 lines
11-29 11:03:26.983  1787  1787 I chatty  : uid=1000 system_server expire 10 lines
11-29 11:03:37.660   305  1751 E NetlinkEvent: NetlinkEvent::FindParam(): Parameter 'UID' not found
11-29 11:03:42.236  1787  1798 I chatty  : uid=1000(system) Binder_2 expire 2 lines
11-29 11:03:42.282  1787  3031 I chatty  : uid=1000(system) Binder_4 expire 4 lines
11-29 11:03:42.662   305  1751 E NetlinkEvent: NetlinkEvent::FindParam(): Parameter 'UID' not found
11-29 11:03:44.680  1787  6220 I chatty  : uid=1000(system) Binder_C expire 6 lines
11-29 11:03:44.689   258   258 I chatty  : uid=1000(system) /system/bin/surfaceflinger expire 14 lines
11-29 11:03:54.872  1787  1801 I chatty  : uid=1000(system) ActivityManager expire 5 lines
11-29 11:04:05.620   305  1751 E NetlinkEvent: NetlinkEvent::FindParam(): Parameter 'UID' not found
11-29 11:04:07.007   258   258 I chatty  : uid=1000(system) /system/bin/surfaceflinger expire 10 lines
11-29 11:04:22.960  1787  2914 I chatty  : uid=1000(system) AlarmManager expire 9 lines
11-29 11:04:23.069  1787  4201 I chatty  : uid=1000(system) Binder_7 expire 4 lines
11-29 11:04:23.205   305  1751 E NetlinkEvent: NetlinkEvent::FindParam(): Parameter 'UID' not found
11-29 11:04:25.378   616   616 E ActivityThread: Performing pause of activity that is not resumed: {de.cellular.tagesschau/de.cellular.tagesschau.Home}
11-29 11:04:25.378   616   616 E ActivityThread: java.lang.RuntimeException: Performing pause of activity that is not resumed: {de.cellular.tagesschau/de.cellular.tagesschau.Home}
11-29 11:04:25.378   616   616 E ActivityThread: 	at android.app.ActivityThread.performPauseActivity(ActivityThread.java:3373)
11-29 11:04:25.378   616   616 E ActivityThread: 	at android.app.ActivityThread.performPauseActivity(ActivityThread.java:3361)
11-29 11:04:25.378   616   616 E ActivityThread: 	at android.app.ActivityThread.handlePauseActivity(ActivityThread.java:3336)
11-29 11:04:25.378   616   616 E ActivityThread: 	at android.app.ActivityThread.-wrap13(ActivityThread.java)
11-29 11:04:25.378   616   616 E ActivityThread: 	at android.app.ActivityThread$H.handleMessage(ActivityThread.java:1365)
11-29 11:04:25.378   616   616 E ActivityThread: 	at android.os.Handler.dispatchMessage(Handler.java:102)
11-29 11:04:25.378   616   616 E ActivityThread: 	at android.os.Looper.loop(Looper.java:148)
11-29 11:04:25.378   616   616 E ActivityThread: 	at android.app.ActivityThread.main(ActivityThread.java:5443)
11-29 11:04:25.378   616   616 E ActivityThread: 	at java.lang.reflect.Method.invoke(Native Method)
11-29 11:04:25.378   616   616 E ActivityThread: 	at com.android.internal.os.ZygoteInit$MethodAndArgsCaller.run(ZygoteInit.java:728)
11-29 11:04:25.378   616   616 E ActivityThread: 	at com.android.internal.os.ZygoteInit.main(ZygoteInit.java:618)
11-29 11:04:25.495   616   616 E ActivityThread: Performing stop of activity that is not resumed: {de.cellular.tagesschau/de.cellular.tagesschau.Home}
11-29 11:04:25.495   616   616 E ActivityThread: java.lang.RuntimeException: Performing stop of activity that is not resumed: {de.cellular.tagesschau/de.cellular.tagesschau.Home}
11-29 11:04:25.495   616   616 E ActivityThread: 	at android.app.ActivityThread.performStopActivityInner(ActivityThread.java:3486)
11-29 11:04:25.495   616   616 E ActivityThread: 	at android.app.ActivityThread.handleStopActivity(ActivityThread.java:3571)
11-29 11:04:25.495   616   616 E ActivityThread: 	at android.app.ActivityThread.-wrap20(ActivityThread.java)
11-29 11:04:25.495   616   616 E ActivityThread: 	at android.app.ActivityThread$H.handleMessage(ActivityThread.java:1383)
11-29 11:04:25.495   616   616 E ActivityThread: 	at android.os.Handler.dispatchMessage(Handler.java:102)
11-29 11:04:25.495   616   616 E ActivityThread: 	at android.os.Looper.loop(Looper.java:148)
11-29 11:04:25.495   616   616 E ActivityThread: 	at android.app.ActivityThread.main(ActivityThread.java:5443)
11-29 11:04:25.495   616   616 E ActivityThread: 	at java.lang.reflect.Method.invoke(Native Method)
11-29 11:04:25.495   616   616 E ActivityThread: 	at com.android.internal.os.ZygoteInit$MethodAndArgsCaller.run(ZygoteInit.java:728)
11-29 11:04:25.495   616   616 E ActivityThread: 	at com.android.internal.os.ZygoteInit.main(ZygoteInit.java:618)
11-29 11:04:26.155   258   699 I chatty  : uid=1000(system) EventThread expire 11 lines
11-29 11:04:27.359   258   258 I chatty  : uid=1000(system) /system/bin/surfaceflinger expire 24 lines
11-29 11:04:29.199  1787  3677 I chatty  : uid=1000(system) Binder_6 expire 4 lines
11-29 11:04:35.981  1787  3675 I chatty  : uid=1000(system) Binder_5 expire 2 lines
11-29 11:04:38.076  1787  1797 I chatty  : uid=1000(system) Binder_1 expire 2 lines
11-29 11:05:07.861   305  1751 E NetlinkEvent: NetlinkEvent::FindParam(): Parameter 'UID' not found
11-29 11:05:22.991  1787  1787 I chatty  : uid=1000 system_server expire 7 lines
11-29 11:05:37.728   258   258 I chatty  : uid=1000(system) /system/bin/surfaceflinger expire 10 lines
11-29 11:05:44.756   305  1751 E NetlinkEvent: NetlinkEvent::FindParam(): Parameter 'UID' not found
11-29 11:05:47.526   258   699 I chatty  : uid=1000(system) EventThread expire 11 lines
11-29 11:05:56.023   305  1751 E NetlinkEvent: NetlinkEvent::FindParam(): Parameter 'UID' not found
11-29 11:05:57.794   258   258 I chatty  : uid=1000(system) /system/bin/surfaceflinger expire 24 lines
11-29 11:06:39.464  1787  6215 I chatty  : uid=1000(system) Binder_A expire 2 lines
11-29 11:06:54.288  1787  1801 I chatty  : uid=1000(system) ActivityManager expire 8 lines
11-29 11:06:54.569   258   258 I chatty  : uid=1000(system) /system/bin/surfaceflinger expire 10 lines
11-29 11:06:54.847   258   699 I chatty  : uid=1000(system) EventThread expire 18 lines
11-29 11:06:59.999  1787  2914 I chatty  : uid=1000(system) AlarmManager expire 11 lines
11-29 11:07:00.046  1787  1787 I chatty  : uid=1000 system_server expire 10 lines
11-29 11:07:00.421  1787  2915 I chatty  : uid=1000(system) InputDispatcher expire 6 lines
11-29 11:07:00.614   305  1751 E NetlinkEvent: NetlinkEvent::FindParam(): Parameter 'UID' not found
11-29 11:07:00.632  1787  1806 I chatty  : uid=1000(system) android.display expire 10 lines
11-29 11:07:01.182  1787  1797 I chatty  : uid=1000(system) Binder_1 expire 1 line
11-29 11:07:02.832  1787  1798 I chatty  : uid=1000(system) Binder_2 expire 3 lines
11-29 11:07:02.865  1787  6221 I chatty  : uid=1000(system) Binder_D expire 4 lines
11-29 11:07:02.972  1787  3675 I chatty  : uid=1000(system) Binder_5 expire 8 lines
11-29 11:07:02.972  1787  2955 I chatty  : uid=1000(system) ConnectivitySer expire 4 lines
11-29 11:07:13.081   305  1751 E NetlinkEvent: NetlinkEvent::FindParam(): Parameter 'UID' not found
11-29 11:07:19.992  1787  1803 I chatty  : uid=1000(system) android.fg expire 10 lines
11-29 11:07:20.109  1787  1804 I chatty  : uid=1000(system) FileObserver expire 7 lines
11-29 11:07:21.629  1787  3031 I chatty  : uid=1000(system) Binder_4 expire 4 lines
11-29 11:07:21.689  1787  6219 I chatty  : uid=1000(system) Binder_B expire 2 lines
11-29 11:07:21.969   258   258 I chatty  : uid=1000(system) /system/bin/surfaceflinger expire 10 lines
11-29 11:07:30.458  1787  4628 I chatty  : uid=1000(system) Binder_9 expire 1 line
11-29 11:07:42.057   305  1751 E NetlinkEvent: NetlinkEvent::FindParam(): Parameter 'UID' not found
11-29 11:07:54.820   305  1751 E NetlinkEvent: NetlinkEvent::FindParam(): Parameter 'UID' not found
11-29 11:08:00.229   305  1751 E NetlinkEvent: NetlinkEvent::FindParam(): Parameter 'UID' not found
11-29 11:08:10.980   305  1751 E NetlinkEvent: NetlinkEvent::FindParam(): Parameter 'UID' not found
11-29 11:08:31.783  1787  1787 I chatty  : uid=1000 system_server expire 20 lines
11-29 11:08:31.792   305  1751 E NetlinkEvent: NetlinkEvent::FindParam(): Parameter 'UID' not found
11-29 11:08:43.061   305  1751 E NetlinkEvent: NetlinkEvent::FindParam(): Parameter 'UID' not found
11-29 11:08:47.818   305  1751 E NetlinkEvent: NetlinkEvent::FindParam(): Parameter 'UID' not found
11-29 11:08:57.861   305  1751 E NetlinkEvent: NetlinkEvent::FindParam(): Parameter 'UID' not found
11-29 11:09:00.000  1787  2914 I chatty  : uid=1000(system) AlarmManager expire 15 lines
11-29 11:09:47.143   305  1751 E NetlinkEvent: NetlinkEvent::FindParam(): Parameter 'UID' not found
11-29 11:09:58.221   305  1751 E NetlinkEvent: NetlinkEvent::FindParam(): Parameter 'UID' not found
11-29 11:11:36.370  1787  3029 I chatty  : uid=1000(system) Binder_3 expire 1 line
11-29 11:11:36.512  1787  4627 I chatty  : uid=1000(system) Binder_8 expire 3 lines
11-29 11:11:50.323  1787  4201 I chatty  : uid=1000(system) Binder_7 expire 2 lines
11-29 11:12:00.447   305  1751 E NetlinkEvent: NetlinkEvent::FindParam(): Parameter 'UID' not found
11-29 11:12:00.470  1787  1787 I chatty  : uid=1000 system_server expire 7 lines
11-29 11:12:03.598  1787  3677 I chatty  : uid=1000(system) Binder_6 expire 2 lines
11-29 11:12:03.739  1787  1806 I chatty  : uid=1000(system) android.display expire 4 lines
11-29 11:12:11.740   305  1751 E NetlinkEvent: NetlinkEvent::FindParam(): Parameter 'UID' not found
11-29 11:12:16.465   258   258 I chatty  : uid=1000(system) /system/bin/surfaceflinger expire 26 lines
11-29 11:12:18.158  1787  2954 I chatty  : uid=1000(system) WifiService expire 1 line
11-29 11:12:25.891  1787  1800 I chatty  : uid=1000(system) android.bg expire 1 line
11-29 11:12:28.606  1787  2914 I chatty  : uid=1000(system) AlarmManager expire 6 lines
11-29 11:12:45.323  1787  6220 I chatty  : uid=1000(system) Binder_C expire 1 line
11-29 11:12:45.325   305  1751 E NetlinkEvent: NetlinkEvent::FindParam(): Parameter 'UID' not found
11-29 11:12:46.914   258   699 I chatty  : uid=1000(system) EventThread expire 11 lines
11-29 11:12:47.020   258   258 I chatty  : uid=1000(system) /system/bin/surfaceflinger expire 24 lines
11-29 11:12:56.020   305  1751 E NetlinkEvent: NetlinkEvent::FindParam(): Parameter 'UID' not found
11-29 11:13:25.908  1787  1803 I chatty  : uid=1000(system) android.fg expire 15 lines
11-29 11:13:26.949  1787  1804 I chatty  : uid=1000(system) FileObserver expire 5 lines
11-29 11:13:27.016   258   699 I chatty  : uid=1000(system) EventThread expire 14 lines
11-29 11:13:27.288   258   258 I chatty  : uid=1000(system) /system/bin/surfaceflinger expire 10 lines
11-29 11:13:35.715  1787  2915 I chatty  : uid=1000(system) InputDispatcher expire 6 lines
11-29 11:13:35.900  1787  1806 I chatty  : uid=1000(system) android.display expire 12 lines
11-29 11:13:36.268  1787  3029 I chatty  : uid=1000(system) Binder_3 expire 2 lines
11-29 11:13:36.412  1787  6220 I chatty  : uid=1000(system) Binder_C expire 2 lines
11-29 11:13:36.531  1787  4627 I chatty  : uid=1000(system) Binder_8 expire 2 lines
11-29 11:13:37.960  1787  6215 I chatty  : uid=1000(system) Binder_A expire 7 lines
11-29 11:13:38.041  1787  1798 I chatty  : uid=1000(system) Binder_2 expire 2 lines
11-29 11:13:38.042  1787  2954 I chatty  : uid=1000(system) WifiService expire 1 line
11-29 11:13:38.044  1787  4628 I chatty  : uid=1000(system) Binder_9 expire 1 line
11-29 11:13:46.597  1787  2914 I chatty  : uid=1000(system) AlarmManager expire 12 lines
11-29 11:13:46.602  1787  1787 I chatty  : uid=1000 system_server expire 11 lines
11-29 11:14:00.032  1787  3677 I chatty  : uid=1000(system) Binder_6 expire 5 lines
11-29 11:14:11.698   305  1751 E NetlinkEvent: NetlinkEvent::FindParam(): Parameter 'UID' not found
11-29 11:14:14.181  1787  3031 I chatty  : uid=1000(system) Binder_4 expire 3 lines
11-29 11:14:14.438  1787  1801 I chatty  : uid=1000(system) ActivityManager expire 11 lines
11-29 11:14:24.595  1787  3675 I chatty  : uid=1000(system) Binder_5 expire 4 lines
11-29 11:14:34.520   305  1751 E NetlinkEvent: NetlinkEvent::FindParam(): Parameter 'UID' not found
11-29 11:14:45.139   258   258 I chatty  : uid=1000(system) /system/bin/surfaceflinger expire 27 lines
11-29 11:14:46.782   305  1751 E NetlinkEvent: NetlinkEvent::FindParam(): Parameter 'UID' not found
11-29 11:14:50.700  1787  1787 I chatty  : uid=1000 system_server expire 10 lines
11-29 11:14:57.540   305  1751 E NetlinkEvent: NetlinkEvent::FindParam(): Parameter 'UID' not found
11-29 11:15:44.234  1787  4524 I chatty  : uid=1000(system) UsbDebuggingMan expire 2 lines
11-29 11:16:00.461   305  1751 E NetlinkEvent: NetlinkEvent::FindParam(): Parameter 'UID' not found
11-29 11:16:11.660   305  1751 E NetlinkEvent: NetlinkEvent::FindParam(): Parameter 'UID' not found
11-29 11:17:00.000  1787  2914 I chatty  : uid=1000(system) AlarmManager expire 13 lines
11-29 11:17:00.033  1787  1787 I chatty  : uid=1000 system_server expire 10 lines
11-29 11:17:56.900   305  1751 E NetlinkEvent: NetlinkEvent::FindParam(): Parameter 'UID' not found
11-29 11:18:20.487   305  1751 E NetlinkEvent: NetlinkEvent::FindParam(): Parameter 'UID' not found
11-29 11:18:30.520   305  1751 E NetlinkEvent: NetlinkEvent::FindParam(): Parameter 'UID' not found
11-29 11:19:19.002   305  1751 E NetlinkEvent: NetlinkEvent::FindParam(): Parameter 'UID' not found
11-29 11:19:29.780   305  1751 E NetlinkEvent: NetlinkEvent::FindParam(): Parameter 'UID' not found
11-29 11:20:00.044  1787  1787 I chatty  : uid=1000 system_server expire 38 lines
11-29 11:20:11.496  3000  3000 V DeadZone: consuming errant click: (380.4716,22.05774)
11-29 11:20:15.811  1787  4201 I chatty  : uid=1000(system) Binder_7 expire 3 lines
11-29 11:21:00.000  1787  2914 I chatty  : uid=1000(system) AlarmManager expire 25 lines
11-29 11:23:24.175  1787  1797 I chatty  : uid=1000(system) Binder_1 expire 1 line
11-29 11:24:52.558  1787  6221 I chatty  : uid=1000(system) Binder_D expire 2 lines
11-29 11:24:53.483  1787  6219 I chatty  : uid=1000(system) Binder_B expire 1 line
11-29 11:26:39.790  1787  1800 I chatty  : uid=1000(system) android.bg expire 3 lines
11-29 11:28:00.002  1787  2914 I chatty  : uid=1000(system) AlarmManager expire 12 lines
11-29 11:28:00.047  1787  1787 I chatty  : uid=1000 system_server expire 13 lines
11-29 11:28:16.841   258   699 I chatty  : uid=1000(system) EventThread expire 10 lines
11-29 11:28:16.951   258   258 I chatty  : uid=1000(system) /system/bin/surfaceflinger expire 10 lines
11-29 11:28:51.770  1787  1797 I chatty  : uid=1000(system) Binder_1 expire 10 lines
11-29 11:28:51.886  1787  1806 I chatty  : uid=1000(system) android.display expire 7 lines
11-29 11:28:54.552  1787  1798 I chatty  : uid=1000(system) Binder_2 expire 1 line
11-29 11:30:19.687   305  1751 E NetlinkEvent: NetlinkEvent::FindParam(): Parameter 'UID' not found
11-29 11:30:33.501   305  1751 E NetlinkEvent: NetlinkEvent::FindParam(): Parameter 'UID' not found
11-29 11:30:38.198  1787  1801 I chatty  : uid=1000(system) ActivityManager expire 10 lines
11-29 11:30:38.232   305  1751 E NetlinkEvent: NetlinkEvent::FindParam(): Parameter 'UID' not found
11-29 11:30:49.580   305  1751 E NetlinkEvent: NetlinkEvent::FindParam(): Parameter 'UID' not found
11-29 11:30:59.999  1787  2914 I chatty  : uid=1000(system) AlarmManager expire 14 lines
11-29 11:31:00.049  1787  1787 I chatty  : uid=1000 system_server expire 15 lines
11-29 11:31:54.261   305  1751 E NetlinkEvent: NetlinkEvent::FindParam(): Parameter 'UID' not found
11-29 11:32:07.020   305  1751 E NetlinkEvent: NetlinkEvent::FindParam(): Parameter 'UID' not found
11-29 11:34:38.226   305  1751 E NetlinkEvent: NetlinkEvent::FindParam(): Parameter 'UID' not found
11-29 11:34:38.348  1787  3677 I chatty  : uid=1000(system) Binder_6 expire 5 lines
11-29 11:34:49.541   305  1751 E NetlinkEvent: NetlinkEvent::FindParam(): Parameter 'UID' not found
11-29 11:35:00.000  1787  2914 I chatty  : uid=1000(system) AlarmManager expire 12 lines
11-29 11:35:00.062  1787  1787 I chatty  : uid=1000 system_server expire 12 lines
11-29 11:35:57.880   305  1751 E NetlinkEvent: NetlinkEvent::FindParam(): Parameter 'UID' not found
11-29 11:36:07.901   305  1751 E NetlinkEvent: NetlinkEvent::FindParam(): Parameter 'UID' not found
11-29 11:36:56.963   305  1751 E NetlinkEvent: NetlinkEvent::FindParam(): Parameter 'UID' not found
11-29 11:37:07.821   305  1751 E NetlinkEvent: NetlinkEvent::FindParam(): Parameter 'UID' not found
11-29 11:38:34.058   305  1751 E NetlinkEvent: NetlinkEvent::FindParam(): Parameter 'UID' not found
11-29 11:38:44.632  1787  2914 I chatty  : uid=1000(system) AlarmManager expire 11 lines
11-29 11:38:44.637  1787  1787 I chatty  : uid=1000 system_server expire 11 lines
11-29 11:38:45.141   305  1751 E NetlinkEvent: NetlinkEvent::FindParam(): Parameter 'UID' not found
11-29 11:40:00.168   258   258 I chatty  : uid=1000(system) /system/bin/surfaceflinger expire 16 lines
11-29 11:40:23.202   305  1751 E NetlinkEvent: NetlinkEvent::FindParam(): Parameter 'UID' not found
11-29 11:40:24.320  1787  4201 I chatty  : uid=1000(system) Binder_7 expire 3 lines
11-29 11:40:34.821   305  1751 E NetlinkEvent: NetlinkEvent::FindParam(): Parameter 'UID' not found
11-29 11:40:46.024   305  1751 E NetlinkEvent: NetlinkEvent::FindParam(): Parameter 'UID' not found
11-29 11:41:06.901   305  1751 E NetlinkEvent: NetlinkEvent::FindParam(): Parameter 'UID' not found
11-29 11:41:44.656  1787  2914 I chatty  : uid=1000(system) AlarmManager expire 11 lines
11-29 11:41:44.662  1787  1787 I chatty  : uid=1000 system_server expire 14 lines
11-29 11:43:39.947  1787  3029 I chatty  : uid=1000(system) Binder_3 expire 5 lines
11-29 11:43:40.015  1787  4628 I chatty  : uid=1000(system) Binder_9 expire 5 lines
11-29 11:43:42.414  1787  1812 I chatty  : uid=1000(system) PackageManager expire 10 lines
11-29 11:43:42.465  1787  6221 I chatty  : uid=1000(system) Binder_D expire 5 lines
11-29 11:43:42.515  1787  6220 I chatty  : uid=1000(system) Binder_C expire 5 lines
11-29 11:43:42.655  3906  3906 I chatty  : uid=1000(system) expire 1 line
11-29 11:43:42.683  1787  4627 I chatty  : uid=1000(system) Binder_8 expire 3 lines
11-29 11:43:44.423  1787  3031 I chatty  : uid=1000(system) Binder_4 expire 2 lines
11-29 11:43:45.151  1787  2217 I chatty  : uid=1000(system) Binder_E expire 4 lines
11-29 11:43:57.193  1787  3675 I chatty  : uid=1000(system) Binder_5 expire 5 lines
11-29 11:43:57.267  4208  4208 I chatty  : uid=1000(system) expire 1 line
11-29 11:44:05.030   305  1751 E NetlinkEvent: NetlinkEvent::FindParam(): Parameter 'UID' not found
11-29 11:44:07.543  4391  4401 D DefContainer: Copying /data/local/tmp/Mono.Android.Platform.ApiLevel_24.apk to base.apk
11-29 11:44:14.562  4391  4401 D DefContainer: Copying /data/local/tmp/SeniorenApp.SeniorenApp-Signed.apk to base.apk
11-29 11:44:16.073  1787  1812 I chatty  : uid=1000(system) PackageManager expire 2 lines
11-29 11:44:23.831   258   258 I chatty  : uid=1000(system) /system/bin/surfaceflinger expire 5 lines
11-29 11:44:24.620   305  1751 E NetlinkEvent: NetlinkEvent::FindParam(): Parameter 'UID' not found
11-29 11:44:24.970  1787  1787 I chatty  : uid=1000 system_server expire 2 lines
11-29 11:44:26.676   258   699 I chatty  : uid=1000(system) EventThread expire 12 lines
11-29 11:44:30.534   258   258 I chatty  : uid=1000(system) /system/bin/surfaceflinger expire 12 lines
11-29 11:44:31.363  1787  2914 I chatty  : uid=1000(system) AlarmManager expire 14 lines
11-29 11:44:31.377  1787  1787 I chatty  : uid=1000 system_server expire 18 lines
11-29 11:44:31.489  1787  6219 I chatty  : uid=1000(system) Binder_B expire 4 lines
11-29 11:44:31.584  1787  1806 I chatty  : uid=1000(system) android.display expire 16 lines
11-29 11:44:31.604  1787  2217 I chatty  : uid=1000(system) Binder_E expire 3 lines
11-29 11:44:31.667  1787  1797 I chatty  : uid=1000(system) Binder_1 expire 6 lines
11-29 11:44:32.296  1787  4627 I chatty  : uid=1000(system) Binder_8 expire 5 lines
11-29 11:44:50.400   305  1751 E NetlinkEvent: NetlinkEvent::FindParam(): Parameter 'UID' not found
11-29 11:45:00.014  1787  1801 I chatty  : uid=1000(system) ActivityManager expire 8 lines
11-29 11:45:07.861   305  1751 E NetlinkEvent: NetlinkEvent::FindParam(): Parameter 'UID' not found
11-29 11:45:40.229  1787  1803 I chatty  : uid=1000(system) android.fg expire 15 lines
11-29 11:45:40.497  1787  4628 I chatty  : uid=1000(system) Binder_9 expire 3 lines
11-29 11:45:49.463   305  1751 E NetlinkEvent: NetlinkEvent::FindParam(): Parameter 'UID' not found
11-29 11:45:50.695  1787  3677 I chatty  : uid=1000(system) Binder_6 expire 3 lines
11-29 11:46:07.860   305  1751 E NetlinkEvent: NetlinkEvent::FindParam(): Parameter 'UID' not found
11-29 11:46:41.999  1787  1804 I chatty  : uid=1000(system) FileObserver expire 8 lines
11-29 11:46:43.599  1787  4201 I chatty  : uid=1000(system) Binder_7 expire 3 lines
11-29 11:47:29.299  1787  3675 I chatty  : uid=1000(system) Binder_5 expire 5 lines
11-29 11:47:36.148  1787  2915 I chatty  : uid=1000(system) InputDispatcher expire 2 lines
11-29 11:47:38.021  1787  1798 I chatty  : uid=1000(system) Binder_2 expire 1 line
11-29 11:48:58.550   305  1751 E NetlinkEvent: NetlinkEvent::FindParam(): Parameter 'UID' not found
11-29 11:49:00.001  1787  2914 I chatty  : uid=1000(system) AlarmManager expire 15 lines
11-29 11:49:00.057  1787  1787 I chatty  : uid=1000 system_server expire 23 lines
11-29 11:49:10.580   305  1751 E NetlinkEvent: NetlinkEvent::FindParam(): Parameter 'UID' not found
11-29 11:49:11.911   258   258 I chatty  : uid=1000(system) /system/bin/surfaceflinger expire 10 lines
11-29 11:49:13.854  1787  3029 I chatty  : uid=1000(system) Binder_3 expire 5 lines
11-29 11:49:13.919  1787  6221 I chatty  : uid=1000(system) Binder_D expire 1 line
11-29 11:49:24.366  1787  3031 I chatty  : uid=1000(system) Binder_4 expire 2 lines
11-29 11:49:28.176  1787  6215 I chatty  : uid=1000(system) Binder_A expire 1 line
11-29 11:53:01.280   305  1751 E NetlinkEvent: NetlinkEvent::FindParam(): Parameter 'UID' not found
11-29 11:53:11.621   305  1751 E NetlinkEvent: NetlinkEvent::FindParam(): Parameter 'UID' not found
11-29 11:53:18.753   258   258 I chatty  : uid=1000(system) /system/bin/surfaceflinger expire 5 lines
11-29 11:53:25.032  1787  2914 I chatty  : uid=1000(system) AlarmManager expire 26 lines
11-29 11:53:25.035  1787  1787 I chatty  : uid=1000 system_server expire 27 lines
11-29 11:54:00.585   305  1751 E NetlinkEvent: NetlinkEvent::FindParam(): Parameter 'UID' not found
11-29 11:54:11.441   305  1751 E NetlinkEvent: NetlinkEvent::FindParam(): Parameter 'UID' not found
11-29 11:54:56.534   258   699 I chatty  : uid=1000(system) EventThread expire 2 lines
11-29 12:00:00.027  1787  1808 I chatty  : uid=1000(system) CpuTracker expire 1 line
11-29 12:01:00.147   258   258 I chatty  : uid=1000(system) /system/bin/surfaceflinger expire 11 lines
11-29 12:01:25.444  1787  2914 I chatty  : uid=1000(system) AlarmManager expire 23 lines
11-29 12:01:25.447  1787  1787 I chatty  : uid=1000 system_server expire 23 lines
11-29 12:03:09.348   258   699 I chatty  : uid=1000(system) EventThread expire 10 lines
11-29 12:03:40.063  1787  1800 I chatty  : uid=1000(system) android.bg expire 1 line
11-29 12:08:46.709   305  1751 E NetlinkEvent: NetlinkEvent::FindParam(): Parameter 'UID' not found
11-29 12:08:58.781   305  1751 E NetlinkEvent: NetlinkEvent::FindParam(): Parameter 'UID' not found
11-29 12:09:00.000  1787  2914 I chatty  : uid=1000(system) AlarmManager expire 14 lines
11-29 12:09:00.048  1787  1787 I chatty  : uid=1000 system_server expire 14 lines
11-29 12:12:49.489   305  1751 E NetlinkEvent: NetlinkEvent::FindParam(): Parameter 'UID' not found
11-29 12:12:59.781   305  1751 E NetlinkEvent: NetlinkEvent::FindParam(): Parameter 'UID' not found
11-29 12:13:00.000  1787  2914 I chatty  : uid=1000(system) AlarmManager expire 10 lines
11-29 12:13:00.049  1787  1787 I chatty  : uid=1000 system_server expire 10 lines
11-29 12:13:11.008   305  1751 E NetlinkEvent: NetlinkEvent::FindParam(): Parameter 'UID' not found
11-29 12:13:11.252  1787  3675 I chatty  : uid=1000(system) Binder_5 expire 1 line
11-29 12:13:25.554  1787  6215 I chatty  : uid=1000(system) Binder_A expire 1 line
11-29 12:13:42.521   305  1751 E NetlinkEvent: NetlinkEvent::FindParam(): Parameter 'UID' not found
11-29 12:13:42.862   305  1751 E NetlinkEvent: NetlinkEvent::FindParam(): Parameter 'UID' not found
11-29 12:13:43.862  1787  1801 I chatty  : uid=1000(system) ActivityManager expire 3 lines
11-29 12:14:10.263   305  1751 E NetlinkEvent: NetlinkEvent::FindParam(): Parameter 'UID' not found
11-29 12:14:11.943   305  1751 E NetlinkEvent: NetlinkEvent::FindParam(): Parameter 'UID' not found
11-29 12:14:11.947  1787  1787 I chatty  : uid=1000 system_server expire 13 lines
11-29 12:14:25.556  1787  2914 I chatty  : uid=1000(system) AlarmManager expire 10 lines
11-29 12:14:36.462   305  1751 E NetlinkEvent: NetlinkEvent::FindParam(): Parameter 'UID' not found
11-29 12:14:37.462   305  1751 E NetlinkEvent: NetlinkEvent::FindParam(): Parameter 'UID' not found
11-29 12:14:47.490   305  1751 E NetlinkEvent: NetlinkEvent::FindParam(): Parameter 'UID' not found
11-29 12:17:13.132   305  1751 E NetlinkEvent: NetlinkEvent::FindParam(): Parameter 'UID' not found
11-29 12:17:16.061   258   699 I chatty  : uid=1000(system) EventThread expire 12 lines
11-29 12:17:32.343   305  1751 E NetlinkEvent: NetlinkEvent::FindParam(): Parameter 'UID' not found
11-29 12:17:43.867  1787  2914 I chatty  : uid=1000(system) AlarmManager expire 16 lines
11-29 12:17:43.872  1787  1787 I chatty  : uid=1000 system_server expire 16 lines
11-29 12:17:43.883   305  1751 E NetlinkEvent: NetlinkEvent::FindParam(): Parameter 'UID' not found
11-29 12:17:55.142   305  1751 E NetlinkEvent: NetlinkEvent::FindParam(): Parameter 'UID' not found
11-29 12:18:13.346   305  1751 E NetlinkEvent: NetlinkEvent::FindParam(): Parameter 'UID' not found
11-29 12:18:31.323   305  1751 E NetlinkEvent: NetlinkEvent::FindParam(): Parameter 'UID' not found
11-29 12:19:14.336   305  1751 E NetlinkEvent: NetlinkEvent::FindParam(): Parameter 'UID' not found
11-29 12:19:31.182   305  1751 E NetlinkEvent: NetlinkEvent::FindParam(): Parameter 'UID' not found
11-29 12:21:43.916   305  1751 E NetlinkEvent: NetlinkEvent::FindParam(): Parameter 'UID' not found
11-29 12:21:46.479   258   258 I chatty  : uid=1000(system) /system/bin/surfaceflinger expire 4 lines
11-29 12:21:55.102   305  1751 E NetlinkEvent: NetlinkEvent::FindParam(): Parameter 'UID' not found
11-29 12:22:00.002  1787  2914 I chatty  : uid=1000(system) AlarmManager expire 30 lines
11-29 12:22:00.052  1787  1787 I chatty  : uid=1000 system_server expire 32 lines
11-29 12:23:28.870   305  1751 E NetlinkEvent: NetlinkEvent::FindParam(): Parameter 'UID' not found
11-29 12:23:30.185  1787  4627 I chatty  : uid=1000(system) Binder_8 expire 6 lines
11-29 12:23:40.743   305  1751 E NetlinkEvent: NetlinkEvent::FindParam(): Parameter 'UID' not found
11-29 12:30:43.994  1787  1787 I chatty  : uid=1000 system_server expire 15 lines
11-29 12:30:56.502   258   699 I chatty  : uid=1000(system) EventThread expire 10 lines
11-29 12:31:00.002  1787  2914 I chatty  : uid=1000(system) AlarmManager expire 11 lines
11-29 12:33:10.960  1787  1800 I chatty  : uid=1000(system) android.bg expire 1 line
11-29 12:34:02.996   258   258 I chatty  : uid=1000(system) /system/bin/surfaceflinger expire 10 lines
11-29 12:34:05.782  1787  4628 I chatty  : uid=1000(system) Binder_9 expire 7 lines
11-29 12:34:06.125  1787  1806 I chatty  : uid=1000(system) android.display expire 8 lines
11-29 12:34:06.745  1787  1801 I chatty  : uid=1000(system) ActivityManager expire 10 lines
11-29 12:34:07.043  1787  1812 I chatty  : uid=1000(system) PackageManager expire 10 lines
11-29 12:34:07.140  1787  2217 I chatty  : uid=1000(system) Binder_E expire 5 lines
11-29 12:34:07.151  1787  3675 I chatty  : uid=1000(system) Binder_5 expire 4 lines
11-29 12:34:07.245  6814  6814 I chatty  : uid=1000(system) expire 1 line
11-29 12:34:07.282  1787  3677 I chatty  : uid=1000(system) Binder_6 expire 9 lines
11-29 12:34:07.907  1787  1798 I chatty  : uid=1000(system) Binder_2 expire 5 lines
11-29 12:34:08.114  1787  3031 I chatty  : uid=1000(system) Binder_4 expire 5 lines
11-29 12:34:08.210  1787  1797 I chatty  : uid=1000(system) Binder_1 expire 6 lines
11-29 12:34:08.525  1787  4201 I chatty  : uid=1000(system) Binder_7 expire 6 lines
11-29 12:34:09.201  1787  6220 I chatty  : uid=1000(system) Binder_C expire 9 lines
11-29 12:34:22.535   305  1751 E NetlinkEvent: NetlinkEvent::FindParam(): Parameter 'UID' not found
11-29 12:34:23.510  1787  2914 I chatty  : uid=1000(system) AlarmManager expire 11 lines
11-29 12:34:23.522  1787  1787 I chatty  : uid=1000 system_server expire 10 lines
11-29 12:34:24.656  7047  7057 D DefContainer: Copying /data/local/tmp/SeniorenApp.SeniorenApp-Signed.apk to base.apk
11-29 12:34:25.852  1787  6221 I chatty  : uid=1000(system) Binder_D expire 3 lines
11-29 12:34:34.700   305  1751 E NetlinkEvent: NetlinkEvent::FindParam(): Parameter 'UID' not found
11-29 12:34:50.225   305  1751 E NetlinkEvent: NetlinkEvent::FindParam(): Parameter 'UID' not found
11-29 12:35:02.501   305  1751 E NetlinkEvent: NetlinkEvent::FindParam(): Parameter 'UID' not found
11-29 12:35:55.018   258   699 I chatty  : uid=1000(system) EventThread expire 8 lines
11-29 12:36:47.379   305  1751 E NetlinkEvent: NetlinkEvent::FindParam(): Parameter 'UID' not found
11-29 12:36:47.384  1787  1787 I chatty  : uid=1000 system_server expire 10 lines
11-29 12:36:50.214  1787  2914 I chatty  : uid=1000(system) AlarmManager expire 12 lines
11-29 12:37:00.142   305  1751 E NetlinkEvent: NetlinkEvent::FindParam(): Parameter 'UID' not found
11-29 12:38:53.809   305  1751 E NetlinkEvent: NetlinkEvent::FindParam(): Parameter 'UID' not found
11-29 12:38:55.831   258   258 I chatty  : uid=1000(system) /system/bin/surfaceflinger expire 10 lines
11-29 12:39:03.841   305  1751 E NetlinkEvent: NetlinkEvent::FindParam(): Parameter 'UID' not found
11-29 12:39:19.492  1787  1787 I chatty  : uid=1000 system_server expire 12 lines
11-29 12:39:19.503  7529  7529 I chatty  : uid=1000(system) expire 2 lines
11-29 12:39:21.370  1787  6219 I chatty  : uid=1000(system) Binder_B expire 2 lines
11-29 12:39:21.856   305  1751 E NetlinkEvent: NetlinkEvent::FindParam(): Parameter 'UID' not found
11-29 12:39:29.057  7716  7728 D DefContainer: Copying /data/local/tmp/SeniorenApp.SeniorenApp-Signed.apk to base.apk
11-29 12:39:30.284  1787  1812 I chatty  : uid=1000(system) PackageManager expire 2 lines
11-29 12:39:30.291  1787  6215 I chatty  : uid=1000(system) Binder_A expire 2 lines
11-29 12:39:31.089  1787  3029 I chatty  : uid=1000(system) Binder_3 expire 1 line
11-29 12:39:39.100   305  1751 E NetlinkEvent: NetlinkEvent::FindParam(): Parameter 'UID' not found
11-29 12:39:41.765  1787  1801 I chatty  : uid=1000(system) ActivityManager expire 8 lines
11-29 12:39:52.497   305  1751 E NetlinkEvent: NetlinkEvent::FindParam(): Parameter 'UID' not found
11-29 12:39:53.194  1787  1803 I chatty  : uid=1000(system) android.fg expire 7 lines
11-29 12:40:00.000  1787  2914 I chatty  : uid=1000(system) AlarmManager expire 6 lines
11-29 12:40:03.301   305  1751 E NetlinkEvent: NetlinkEvent::FindParam(): Parameter 'UID' not found
11-29 12:40:47.945   305  1751 E NetlinkEvent: NetlinkEvent::FindParam(): Parameter 'UID' not found
11-29 12:40:50.280  1787  1787 I chatty  : uid=1000 system_server expire 5 lines
11-29 12:41:01.561   305  1751 E NetlinkEvent: NetlinkEvent::FindParam(): Parameter 'UID' not found
11-29 12:41:09.529  1787  1804 I chatty  : uid=1000(system) FileObserver expire 3 lines
11-29 12:41:10.386   258   258 I chatty  : uid=1000(system) /system/bin/surfaceflinger expire 10 lines
11-29 12:41:12.621  8146  8146 E AndroidRuntime: FATAL EXCEPTION: main
11-29 12:41:12.621  8146  8146 E AndroidRuntime: Process: SeniorenApp.SeniorenApp, PID: 8146
11-29 12:41:12.621  8146  8146 E AndroidRuntime: java.lang.RuntimeException: java.lang.reflect.InvocationTargetException
11-29 12:41:12.621  8146  8146 E AndroidRuntime: 	at com.android.internal.os.ZygoteInit.main(ZygoteInit.java:618)
11-29 12:41:12.621  8146  8146 E AndroidRuntime: Caused by: java.lang.reflect.InvocationTargetException
11-29 12:41:12.621  8146  8146 E AndroidRuntime: 	at java.lang.reflect.Method.invoke(Native Method)
11-29 12:41:12.621  8146  8146 E AndroidRuntime: 	at com.android.internal.os.ZygoteInit$MethodAndArgsCaller.run(ZygoteInit.java:728)
11-29 12:41:12.621  8146  8146 E AndroidRuntime: 	... 1 more
11-29 12:41:12.621  8146  8146 E AndroidRuntime: Caused by: android.runtime.JavaProxyThrowable: System.NullReferenceException: Object reference not set to an instance of an object
11-29 12:41:12.621  8146  8146 E AndroidRuntime:   at SeniorenApp.USBCommunication.Connection..ctor (Android.Hardware.Usb.UsbAccessory accessory, Android.Hardware.Usb.UsbManager manager, System.Action`1[T] onDataReceived) [0x00049] in <fa7ec98d5c3f49b1990665e70c6ff9e0>:0 
11-29 12:41:12.621  8146  8146 E AndroidRuntime:   at SeniorenApp.Helper.USBHelper.CreateUSBConnection (Android.App.Activity activity, System.Action`1[T] onDataReceived) [0x0005f] in <fa7ec98d5c3f49b1990665e70c6ff9e0>:0 
11-29 12:41:12.621  8146  8146 E AndroidRuntime:   at SeniorenApp.MainActivity.OnStart () [0x00031] in <fa7ec98d5c3f49b1990665e70c6ff9e0>:0 
11-29 12:41:12.621  8146  8146 E AndroidRuntime:   at Android.App.Activity.n_OnStart (System.IntPtr jnienv, System.IntPtr native__this) [0x00009] in <23a8d9bf141f4ef5b5a764e32add1f40>:0 
11-29 12:41:12.621  8146  8146 E AndroidRuntime:   at (wrapper dynamic-method) System.Object:f1d44fc6-d4ac-4819-8cf7-4b31748a84ef (intptr,intptr)
11-29 12:41:12.621  8146  8146 E AndroidRuntime: 	at md54259e6513023dd8c68a5505c80f1ae41.MainActivity.n_onStart(Native Method)
11-29 12:41:12.621  8146  8146 E AndroidRuntime: 	at md54259e6513023dd8c68a5505c80f1ae41.MainActivity.onStart(MainActivity.java:41)
11-29 12:41:12.621  8146  8146 E AndroidRuntime: 	at android.app.Instrumentation.callActivityOnStart(Instrumentation.java:1260)
11-29 12:41:12.621  8146  8146 E AndroidRuntime: 	at android.app.Activity.performStart(Activity.java:6276)
11-29 12:41:12.621  8146  8146 E AndroidRuntime: 	at android.app.ActivityThread.performLaunchActivity(ActivityThread.java:2389)
11-29 12:41:12.621  8146  8146 E AndroidRuntime: 	at android.app.ActivityThread.handleLaunchActivity(ActivityThread.java:2490)
11-29 12:41:12.621  8146  8146 E AndroidRuntime: 	at android.app.ActivityThread.-wrap11(ActivityThread.java)
11-29 12:41:12.621  8146  8146 E AndroidRuntime: 	at android.app.ActivityThread$H.handleMessage(ActivityThread.java:1354)
11-29 12:41:12.621  8146  8146 E AndroidRuntime: 	at android.os.Handler.dispatchMessage(Handler.java:102)
11-29 12:41:12.621  8146  8146 E AndroidRuntime: 	at android.os.Looper.loop(Looper.java:148)
11-29 12:41:12.621  8146  8146 E AndroidRuntime: 	at android.app.ActivityThread.main(ActivityThread.java:5443)
11-29 12:41:12.621  8146  8146 E AndroidRuntime: 	... 3 more
11-29 12:41:22.082  1787  1803 I chatty  : uid=1000(system) android.fg expire 9 lines
11-29 12:41:22.090  1787  1804 I chatty  : uid=1000(system) FileObserver expire 5 lines
11-29 12:41:24.031  1787  1787 I chatty  : uid=1000 system_server expire 20 lines
11-29 12:41:28.127  1787  1806 I chatty  : uid=1000(system) android.display expire 10 lines
11-29 12:41:28.946  1787  4201 I chatty  : uid=1000(system) Binder_7 expire 6 lines
11-29 12:41:28.993  1787  4627 I chatty  : uid=1000(system) Binder_8 expire 9 lines
11-29 12:41:30.312  8278  8278 E AndroidRuntime: FATAL EXCEPTION: main
11-29 12:41:30.312  8278  8278 E AndroidRuntime: Process: SeniorenApp.SeniorenApp, PID: 8278
11-29 12:41:30.312  8278  8278 E AndroidRuntime: java.lang.RuntimeException: java.lang.reflect.InvocationTargetException
11-29 12:41:30.312  8278  8278 E AndroidRuntime: 	at com.android.internal.os.ZygoteInit.main(ZygoteInit.java:618)
11-29 12:41:30.312  8278  8278 E AndroidRuntime: Caused by: java.lang.reflect.InvocationTargetException
11-29 12:41:30.312  8278  8278 E AndroidRuntime: 	at java.lang.reflect.Method.invoke(Native Method)
11-29 12:41:30.312  8278  8278 E AndroidRuntime: 	at com.android.internal.os.ZygoteInit$MethodAndArgsCaller.run(ZygoteInit.java:728)
11-29 12:41:30.312  8278  8278 E AndroidRuntime: 	... 1 more
11-29 12:41:30.312  8278  8278 E AndroidRuntime: Caused by: android.runtime.JavaProxyThrowable: System.NullReferenceException: Object reference not set to an instance of an object
11-29 12:41:30.312  8278  8278 E AndroidRuntime:   at SeniorenApp.USBCommunication.Connection..ctor (Android.Hardware.Usb.UsbAccessory accessory, Android.Hardware.Usb.UsbManager manager, System.Action`1[T] onDataReceived) [0x00049] in <fa7ec98d5c3f49b1990665e70c6ff9e0>:0 
11-29 12:41:30.312  8278  8278 E AndroidRuntime:   at SeniorenApp.Helper.USBHelper.CreateUSBConnection (Android.App.Activity activity, System.Action`1[T] onDataReceived) [0x0005f] in <fa7ec98d5c3f49b1990665e70c6ff9e0>:0 
11-29 12:41:30.312  8278  8278 E AndroidRuntime:   at SeniorenApp.MainActivity.OnStart () [0x00031] in <fa7ec98d5c3f49b1990665e70c6ff9e0>:0 
11-29 12:41:30.312  8278  8278 E AndroidRuntime:   at Android.App.Activity.n_OnStart (System.IntPtr jnienv, System.IntPtr native__this) [0x00009] in <23a8d9bf141f4ef5b5a764e32add1f40>:0 
11-29 12:41:30.312  8278  8278 E AndroidRuntime:   at (wrapper dynamic-method) System.Object:1bc80d8a-4e2d-49e7-8899-348477778236 (intptr,intptr)
11-29 12:41:30.312  8278  8278 E AndroidRuntime: 	at md54259e6513023dd8c68a5505c80f1ae41.MainActivity.n_onStart(Native Method)
11-29 12:41:30.312  8278  8278 E AndroidRuntime: 	at md54259e6513023dd8c68a5505c80f1ae41.MainActivity.onStart(MainActivity.java:41)
11-29 12:41:30.312  8278  8278 E AndroidRuntime: 	at android.app.Instrumentation.callActivityOnStart(Instrumentation.java:1260)
11-29 12:41:30.312  8278  8278 E AndroidRuntime: 	at android.app.Activity.performStart(Activity.java:6276)
11-29 12:41:30.312  8278  8278 E AndroidRuntime: 	at android.app.ActivityThread.performLaunchActivity(ActivityThread.java:2389)
11-29 12:41:30.312  8278  8278 E AndroidRuntime: 	at android.app.ActivityThread.handleLaunchActivity(ActivityThread.java:2490)
11-29 12:41:30.312  8278  8278 E AndroidRuntime: 	at android.app.ActivityThread.-wrap11(ActivityThread.java)
11-29 12:41:30.312  8278  8278 E AndroidRuntime: 	at android.app.ActivityThread$H.handleMessage(ActivityThread.java:1354)
11-29 12:41:30.312  8278  8278 E AndroidRuntime: 	at android.os.Handler.dispatchMessage(Handler.java:102)
11-29 12:41:30.312  8278  8278 E AndroidRuntime: 	at android.os.Looper.loop(Looper.java:148)
