12-03 21:47:39.159   259   259 D SFPerfTracer:        layers: (4:15) (FocusedStackFrame (0xb72cbae8): 0:2486)* (DimLayer (0xb72d2138): 0:41)* (StatusBar (0xb737c858): 14:24666) (com.android.systemui.ImageWallpaper (0xb7381520): 0:1851) (Sprite (0xb73946f0): 0:5514)* (Sprite (0xb731c918): 0:8642)* (Sprite (0xb738f648): 12:6883) (Sprite (0xb7397788): 0:20069)* (Sprite (0xb7386000): 0:9610)* (DimLayer (0xb73afa20): 0:23)* (DimLayer (0xb73b1508): 0:4)* (com.whatsapp/com.whatsapp.Conversation (0xb739c868): 15:693)* (InputMethod (0xb73481a0): 0:82)* (NavigationBar (0xb737f798): 5:17) 
12-03 21:47:40.310  1789  3019 W InputMethodManagerService: Window already focused, ignoring focus gain of: com.android.internal.view.IInputMethodClient$Stub$Proxy@acda181 attribute=android.view.inputmethod.EditorInfo@b894226, token = android.os.BinderProxy@f1829f6
12-03 21:47:40.345  1789  3018 I ActivityManager: Start proc 3894:com.google.process.gapps/u0a17 for content provider com.google.android.gsf/.gservices.GservicesProvider
12-03 21:47:40.393  3855  3855 W ContextImpl: Calling a method in the system process without a qualified user: android.app.ContextImpl.startService:1221 android.content.ContextWrapper.startService:581 android.content.ContextWrapper.startService:581 com.motorola.settings.notification.HiddenListenerSettingsReceiver.onReceive:35 android.app.ActivityThread.handleReceiver:2743 
12-03 21:47:40.413  1789  1789 V NotificationListeners: disabling notification listener for user 0: ComponentInfo{com.motorola.motodisplay/com.motorola.motodisplay.MDNotificationListenerService}
12-03 21:47:40.972  1789  2955 D WifiService: New client listening to asynchronous messages
12-03 21:47:41.064   259   259 I SFPerfTracer:      triggers: (rate: 123:5387) (compose: 27:552) (post: 0:295) (render: 45:1056) (11:100163 frames) (12:130879)
12-03 21:47:41.064   259   259 D SFPerfTracer:        layers: (4:15) (FocusedStackFrame (0xb72cbae8): 0:2488)* (DimLayer (0xb72d2138): 0:41)* (StatusBar (0xb737c858): 2:24753) (com.android.systemui.ImageWallpaper (0xb7381520): 1:1862)* (Sprite (0xb73946f0): 0:5514)* (Sprite (0xb731c918): 0:8642)* (Sprite (0xb738f648): 0:6918)* (Sprite (0xb7397788): 0:20098)* (Sprite (0xb7386000): 0:9610)* (DimLayer (0xb73afa20): 0:23)* (DimLayer (0xb73b1508): 0:6)* (com.whatsapp/com.whatsapp.Conversation (0xb739c868): 1:779) (InputMethod (0xb73481a0): 0:99) (NavigationBar (0xb737f798): 10:29) 
12-03 21:47:41.385  1789  2916 I ActivityManager: START u0 {act=android.intent.action.MAIN cat=[android.intent.category.HOME] flg=0x10200000 cmp=com.google.android.googlequicksearchbox/com.google.android.launcher.GEL (has extras)} from uid 1000 on display 0
12-03 21:47:41.385  1789  2916 I ActivityManager: moveHomeStack, setupComplete:true
12-03 21:47:41.529  1789  1808 I LaunchCheckinHandler: Displayed com.google.android.googlequicksearchbox/com.google.android.launcher.GEL,wp,wa,145
12-03 21:47:41.558   259   706 I SFPerfTracer:      triggers: (rate: 0:50) (61837 sw vsyncs) (0 skipped) (261:302454 vsyncs) (263:382445)
12-03 21:47:43.355  1789  5592 I ActivityManager: START u0 {flg=0x14000000 cmp=com.whatsapp/.Conversation (has extras)} from uid 10114 on display 0
12-03 21:47:43.368  1789  5592 I ActivityManager: moveHomeStack, setupComplete:true
12-03 21:47:43.404  1789  5592 W InputMethodManagerService: Focus gain on non-focused client com.android.internal.view.IInputMethodClient$Stub$Proxy@b013dbc (uid=10046 pid=3694)
12-03 21:47:43.666  1789  1808 I LaunchCheckinHandler: Displayed com.whatsapp/.Conversation,wp,ca,286
12-03 21:47:43.691   259   259 I SFPerfTracer:      triggers: (rate: 123:5387) (compose: 27:552) (post: 0:295) (render: 45:1056) (6:100239 frames) (7:130981)
12-03 21:47:43.691   259   259 D SFPerfTracer:        layers: (4:17) (FocusedStackFrame (0xb72cbae8): 0:2495)* (DimLayer (0xb72d2138): 0:41)* (StatusBar (0xb737c858): 7:24813) (com.android.systemui.ImageWallpaper (0xb7381520): 0:1863) (Sprite (0xb73946f0): 0:5514)* (Sprite (0xb731c918): 0:8642)* (Sprite (0xb738f648): 1:6945)* (Sprite (0xb7397788): 0:20098)* (Sprite (0xb7386000): 0:9610)* (DimLayer (0xb73afa20): 0:23)* (DimLayer (0xb73b1508): 0:6)* (com.whatsapp/com.whatsapp.Conversation (0xb739c868): 0:807)- (InputMethod (0xb73481a0): 0:113)- (NavigationBar (0xb737f798): 0:60) (com.google.android.googlequicksearchbox/com.google.android.launcher.GEL (0xb738cdc0): 0:8) (com.whatsapp/com.whatsapp.Conversation (0xb739c868): 7:9)* 
12-03 21:47:44.110   259   259 I SFPerfTracer:      triggers: (rate: 123:5387) (compose: 27:552) (post: 0:295) (render: 45:1057) (16:100261 frames) (17:131005)
12-03 21:47:44.110   259   259 D SFPerfTracer:        layers: (5:15) (FocusedStackFrame (0xb72cbae8): 0:2496)* (DimLayer (0xb72d2138): 0:41)* (StatusBar (0xb737c858): 3:24822) (com.android.systemui.ImageWallpaper (0xb7381520): 0:1863) (Sprite (0xb73946f0): 0:5514)* (Sprite (0xb731c918): 0:8642)* (Sprite (0xb738f648): 0:6945)* (Sprite (0xb7397788): 0:20098)* (Sprite (0xb7386000): 0:9610)* (DimLayer (0xb73afa20): 0:23)* (DimLayer (0xb73b1508): 0:7)* (NavigationBar (0xb737f798): 0:60) (com.google.android.googlequicksearchbox/com.google.android.launcher.GEL (0xb738cdc0): 0:8) (com.whatsapp/com.whatsapp.Conversation (0xb739c868): 17:33) 
12-03 21:47:44.280  1789  2916 I ActivityManager: START u0 {act=android.intent.action.MAIN cat=[android.intent.category.HOME] flg=0x10200000 cmp=com.google.android.googlequicksearchbox/com.google.android.launcher.GEL (has extras)} from uid 1000 on display 0
12-03 21:47:44.281  1789  2916 I ActivityManager: moveHomeStack, setupComplete:true
12-03 21:47:44.378  1789  1808 I LaunchCheckinHandler: Displayed com.google.android.googlequicksearchbox/com.google.android.launcher.GEL,wp,wa,98
12-03 21:47:46.031  1789  5593 I ActivityManager: START u0 {act=com.android.systemui.recents.SHOW_RECENTS flg=0x10804000 cmp=com.android.systemui/.recents.RecentsActivity} from uid 10045 on display 0
12-03 21:47:46.109  1789  1808 I LaunchCheckinHandler: Displayed com.android.systemui/.recents.RecentsActivity,wp,wa,78
12-03 21:47:46.696   259   259 I SFPerfTracer:      triggers: (rate: 123:5388) (compose: 27:552) (post: 0:295) (render: 45:1057) (21:100352 frames) (22:131122)
12-03 21:47:46.696   259   259 D SFPerfTracer:        layers: (4:16) (FocusedStackFrame (0xb72cbae8): 0:2501)* (DimLayer (0xb72d2138): 0:41)* (StatusBar (0xb737c858): 0:24826) (com.android.systemui.ImageWallpaper (0xb7381520): 0:1865) (Sprite (0xb73946f0): 0:5514)* (Sprite (0xb731c918): 0:8642)* (Sprite (0xb738f648): 0:6988)* (Sprite (0xb7397788): 0:20098)* (Sprite (0xb7386000): 0:9610)* (DimLayer (0xb73afa20): 0:23)* (DimLayer (0xb73b1508): 0:8)* (NavigationBar (0xb737f798): 14:158) (com.whatsapp/com.whatsapp.Conversation (0xb739c868): 0:63)- (com.google.android.googlequicksearchbox/com.google.android.launcher.GEL (0xb73a2950): 0:19)- (com.android.systemui/com.android.systemui.recents.RecentsActivity (0xb739c868): 21:33) 
12-03 21:47:46.861  1789  2706 I ActivityManager: Killing 3557:com.whatsapp/u0a114 (adj 16): remove task
12-03 21:47:46.956  1789  5592 W ActivityManager: Scheduling restart of crashed service com.whatsapp/.messaging.MessageService in 1000ms
12-03 21:47:47.160  1789  2706 I ActivityManager: START u0 {act=android.intent.action.MAIN cat=[android.intent.category.HOME] flg=0x10200000 cmp=com.google.android.googlequicksearchbox/com.google.android.launcher.GEL} from uid 10045 on display 0
12-03 21:47:47.182  1789  5593 I ActivityManager: Killing 3319:SeniorenApp.SeniorenApp/u0a179 (adj 9): remove task
12-03 21:47:47.270  1789  8867 I WindowState: WIN DEATH: Window{f5855c5 u0 SeniorenApp.SeniorenApp/md53b38d95917044f4b1995493654d83207.MainActivity}
12-03 21:47:47.330  1789  1808 I LaunchCheckinHandler: Displayed com.google.android.googlequicksearchbox/com.google.android.launcher.GEL,wp,wa,170
12-03 21:47:47.968  1789  1803 I ActivityManager: Start proc 3952:com.whatsapp/u0a114 for service com.whatsapp/.messaging.MessageService
12-03 21:47:49.005  1789  2956 D ConnectivityService: notifyType CAP_CHANGED for NetworkAgentInfo [WIFI () - 105]
12-03 21:48:00.001  1789  2902 V AlarmManager: sending alarm {52a62d type 3 *alarm*:android.intent.action.TIME_TICK}
12-03 21:48:00.003  1789  2902 V AlarmManager: sending alarm {354d9ce type 3 *alarm*:com.whatsapp.action.HOURLY_CRON}
12-03 21:48:00.004  1789  2902 V AlarmManager: sending alarm {8d1b0ef type 3 *alarm*:com.whatsapp.action.UPDATE_NTP}
12-03 21:48:00.008  1789  2902 V AlarmManager: sending alarm {2cefd84 type 1 *alarm*:com.droid27.tcw.ACTION_TIME_TICK}
12-03 21:48:00.016  1789  1789 V AlarmManager: done {354d9ce, *alarm*:com.whatsapp.action.HOURLY_CRON} [15ms]
12-03 21:48:00.034  1789  1789 V AlarmManager: done {8d1b0ef, *alarm*:com.whatsapp.action.UPDATE_NTP} [33ms]
12-03 21:48:00.071  1789  1789 V AlarmManager: done {2cefd84, *alarm*:com.droid27.tcw.ACTION_TIME_TICK} [70ms]
12-03 21:48:00.079  1789  1789 V AlarmManager: done {52a62d, *alarm*:android.intent.action.TIME_TICK} [78ms]
12-03 21:48:03.969  1789  2902 V AlarmManager: sending alarm {143b6fb type 2 *walarm*:com.whatsapp.messaging.h.CLIENT_PINGER_ACTION}
12-03 21:48:03.972  1789  1789 V AlarmManager: done {143b6fb, *walarm*:com.whatsapp.messaging.h.CLIENT_PINGER_ACTION} [3ms]
12-03 21:48:03.975  1789  4628 I ActivityManager: Killing 3359:com.android.vending/u0a36 (adj 15): empty #7
12-03 21:48:18.993   259   706 I SFPerfTracer:      triggers: (rate: 0:51) (61837 sw vsyncs) (0 skipped) (2237:304691 vsyncs) (2239:384684)
12-03 21:48:19.349   309  1753 E NetlinkEvent: NetlinkEvent::FindParam(): Parameter 'UID' not found
12-03 21:49:00.000  1789  2902 V AlarmManager: sending alarm {52a62d type 3 *alarm*:android.intent.action.TIME_TICK}
12-03 21:49:00.002  1789  2902 V AlarmManager: sending alarm {2cefd84 type 1 *alarm*:com.droid27.tcw.ACTION_TIME_TICK}
12-03 21:49:00.045  1789  1789 V AlarmManager: done {2cefd84, *alarm*:com.droid27.tcw.ACTION_TIME_TICK} [44ms]
12-03 21:49:00.084  1789  1789 V AlarmManager: done {52a62d, *alarm*:android.intent.action.TIME_TICK} [84ms]
12-03 21:49:12.214   259   706 I SFPerfTracer:      triggers: (rate: 0:54) (61837 sw vsyncs) (0 skipped) (3177:307868 vsyncs) (3179:387863)
12-03 21:49:24.132   259   259 I SFPerfTracer:      triggers: (rate: 123:5390) (compose: 27:552) (post: 0:295) (render: 45:1057) (0:100396 frames) (1:131222)
12-03 21:49:24.133   259   259 D SFPerfTracer:        layers: (4:15) (FocusedStackFrame (0xb72cbae8): 0:2504)* (DimLayer (0xb72d2138): 0:41)* (StatusBar (0xb737c858): 0:24852) (com.android.systemui.ImageWallpaper (0xb7381520): 0:1865) (Sprite (0xb73946f0): 0:5514)* (Sprite (0xb731c918): 0:8642)* (Sprite (0xb738f648): 0:7020)* (Sprite (0xb7397788): 0:20098)* (Sprite (0xb7386000): 0:9610)* (DimLayer (0xb73afa20): 0:23)- (DimLayer (0xb73b1508): 0:8)- (NavigationBar (0xb737f798): 0:158) (com.android.systemui/com.android.systemui.recents.RecentsActivity (0xb739c868): 0:69)- (com.google.android.googlequicksearchbox/com.google.android.launcher.GEL (0xb73a27d8): 0:15) 
12-03 21:49:40.681  1789  2956 D ConnectivityService: notifyType CAP_CHANGED for NetworkAgentInfo [WIFI () - 105]
12-03 21:49:43.699  1789  2956 D ConnectivityService: notifyType CAP_CHANGED for NetworkAgentInfo [WIFI () - 105]
12-03 21:49:44.349   259   706 I SFPerfTracer:      triggers: (rate: 0:56) (61837 sw vsyncs) (0 skipped) (1916:309784 vsyncs) (1918:389781)
12-03 21:49:47.688  1789  1811 I PowerManagerService: Going to sleep due to screen timeout (uid 1000)...
12-03 21:49:48.231   259   706 I SFPerfTracer:      triggers: (rate: 0:56) (61837 sw vsyncs) (0 skipped) (228:310012 vsyncs) (230:390011)
12-03 21:49:48.235  1789  1808 I DisplayManagerService: Display device changed state: "Integriertes Display", OFF
12-03 21:49:48.317  1789  5592 I ActivityManager: Killing 3894:com.google.process.gapps/u0a17 (adj 15): empty #7
12-03 21:49:48.440  1789  1811 I DreamManagerService: Entering dreamland.
12-03 21:49:48.441  1789  1811 I PowerManagerService: Dozing...
12-03 21:49:48.441  1789  1805 I DreamController: Starting dream: name=ComponentInfo{com.motorola.motodisplay/com.motorola.motodisplay.DozeService}, isTest=false, canDoze=true, userId=0
12-03 21:49:48.537  3855  3855 W ContextImpl: Calling a method in the system process without a qualified user: android.app.ContextImpl.startService:1221 android.content.ContextWrapper.startService:581 android.content.ContextWrapper.startService:581 com.motorola.settings.notification.HiddenListenerSettingsReceiver.onReceive:35 android.app.ActivityThread.handleReceiver:2743 
12-03 21:49:48.546  1789  1789 V NotificationListeners: enabling notification listener for user 0: ComponentInfo{com.motorola.motodisplay/com.motorola.motodisplay.MDNotificationListenerService}
12-03 21:49:52.694  1789  2902 V AlarmManager: sending alarm {ce4b6b9 type 2 *walarm*:com.android.internal.policy.impl.PhoneWindowManager.DELAYED_KEYGUARD}
12-03 21:49:52.703  1789  1789 V AlarmManager: done {ce4b6b9, *walarm*:com.android.internal.policy.impl.PhoneWindowManager.DELAYED_KEYGUARD} [9ms]
12-03 21:49:52.762  3011  3011 D StatusBarKeyguardViewManager: showKeyguard, but hide Bouncer
12-03 21:50:17.716  1789  2902 V AlarmManager: sending alarm {52a62d type 3 *alarm*:android.intent.action.TIME_TICK}
12-03 21:50:17.718  1789  2902 V AlarmManager: sending alarm {7959857 type 2 *walarm*:com.motorola.slpc.ALARM_MODALITY}
12-03 21:50:17.719  1789  2902 V AlarmManager: sending alarm {b4bcf62 type 3 *alarm*:send_events}
12-03 21:50:17.726  1789  2902 V AlarmManager: sending alarm {2cefd84 type 1 *alarm*:com.droid27.tcw.ACTION_TIME_TICK}
12-03 21:50:17.736  1789  1789 V AlarmManager: done {b4bcf62, *alarm*:send_events} [20ms]
12-03 21:50:17.736  1789  1789 V AlarmManager: done {7959857, *walarm*:com.motorola.slpc.ALARM_MODALITY} [20ms]
12-03 21:50:17.773  1789  1789 V AlarmManager: done {2cefd84, *alarm*:com.droid27.tcw.ACTION_TIME_TICK} [56ms]
12-03 21:50:17.871  1789  1789 V AlarmManager: done {52a62d, *alarm*:android.intent.action.TIME_TICK} [155ms]
12-03 21:50:18.508  1789  2902 V AlarmManager: sending alarm {45e5df1 type 2 *walarm*:com.google.android.intent.action.SEND_IDLE}
12-03 21:50:18.514  1789  1789 V AlarmManager: done {45e5df1, *walarm*:com.google.android.intent.action.SEND_IDLE} [6ms]
12-03 21:50:18.515   309  1753 E NetlinkEvent: NetlinkEvent::FindParam(): Parameter 'UID' not found
12-03 21:50:33.590   309  1753 E NetlinkEvent: NetlinkEvent::FindParam(): Parameter 'UID' not found
12-03 21:51:34.652  1789  8868 I PowerManagerService: Waking up from dozing (uid 10031)...
12-03 21:51:34.657  1789  1789 V AlarmManager: sending alarm {52a62d type 3 *alarm*:android.intent.action.TIME_TICK}
12-03 21:51:34.661  1789  1808 I DisplayManagerService: Display device changed state: "Integriertes Display", ON
12-03 21:51:34.661  1789  2705 I DreamManagerService: Leaving dreamland.
12-03 21:51:34.669  1789  1789 V AlarmManager: sending alarm {2cefd84 type 1 *alarm*:com.droid27.tcw.ACTION_TIME_TICK}
12-03 21:51:34.672  1789  1805 I DreamController: Stopping dream: name=ComponentInfo{com.motorola.motodisplay/com.motorola.motodisplay.DozeService}, isTest=false, canDoze=true, userId=0
12-03 21:51:34.682  1789  1803 I ProcessStatsService: Prepared write state in 3ms
12-03 21:51:34.686  1789  1803 I ProcessStatsService: Prepared write state in 3ms
12-03 21:51:34.727  1789  1789 V AlarmManager: done {2cefd84, *alarm*:com.droid27.tcw.ACTION_TIME_TICK} [70ms]
12-03 21:51:34.890   259   706 I SFPerfTracer:      triggers: (rate: 0:56) (67792 sw vsyncs) (0 skipped) (0:310015 vsyncs) (5954:395972)
12-03 21:51:35.042  1789  1789 V AlarmManager: done {52a62d, *alarm*:android.intent.action.TIME_TICK} [385ms]
12-03 21:51:37.226   259   259 I SFPerfTracer:      triggers: (rate: 123:5391) (compose: 27:552) (post: 0:295) (render: 45:1057) (33:100501 frames) (34:131354)
12-03 21:51:37.226   259   259 D SFPerfTracer:        layers: (4:15) (FocusedStackFrame (0xb72cbae8): 0:2505)* (DimLayer (0xb72d2138): 0:41)* (StatusBar (0xb737c858): 34:24941) (com.android.systemui.ImageWallpaper (0xb7381520): 0:1868) (Sprite (0xb73946f0): 0:5514)* (Sprite (0xb731c918): 0:8642)* (Sprite (0xb738f648): 25:7066) (Sprite (0xb7397788): 0:20098)* (Sprite (0xb7386000): 0:9610)* (NavigationBar (0xb737f798): 0:158)- (com.google.android.googlequicksearchbox/com.google.android.launcher.GEL (0xb73a27d8): 0:17)* (ColorFade (0xb73afa20): 0:31)- ( (0xb739c858): 0:3)- (NavigationBar (0xb737f798): 6:18) 
12-03 21:51:37.923   259   259 I SFPerfTracer:      triggers: (rate: 123:5392) (compose: 27:554) (post: 0:296) (render: 45:1060) (12:100533 frames) (13:131392)
12-03 21:51:37.924   259   259 D SFPerfTracer:        layers: (4:12) (FocusedStackFrame (0xb72cbae8): 0:2505)* (DimLayer (0xb72d2138): 0:41)* (StatusBar (0xb737c858): 13:24979) (com.android.systemui.ImageWallpaper (0xb7381520): 0:1868) (Sprite (0xb73946f0): 0:5514)* (Sprite (0xb731c918): 0:8642)* (Sprite (0xb738f648): 1:7081)* (Sprite (0xb7397788): 10:20124) (Sprite (0xb7386000): 0:9610)* (com.google.android.googlequicksearchbox/com.google.android.launcher.GEL (0xb73a27d8): 0:17)* (NavigationBar (0xb737f798): 0:18) 
12-03 21:51:38.104  1789  5592 W InputMethodManagerService: Window already focused, ignoring focus gain of: com.android.internal.view.IInputMethodClient$Stub$Proxy@77e6c3f attribute=android.view.inputmethod.EditorInfo@d89790c, token = android.os.BinderProxy@8c60dff
12-03 21:51:38.115   309  1753 E NetlinkEvent: NetlinkEvent::FindParam(): Parameter 'UID' not found
12-03 21:51:38.224  3855  3855 W ContextImpl: Calling a method in the system process without a qualified user: android.app.ContextImpl.startService:1221 android.content.ContextWrapper.startService:581 android.content.ContextWrapper.startService:581 com.motorola.settings.notification.HiddenListenerSettingsReceiver.onReceive:35 android.app.ActivityThread.handleReceiver:2743 
12-03 21:51:38.235  1789  1789 V NotificationListeners: disabling notification listener for user 0: ComponentInfo{com.motorola.motodisplay/com.motorola.motodisplay.MDNotificationListenerService}
--------- beginning of main
12-03 21:51:38.296 24249 24249 I MicroDetectionWorker: Micro detection mode: [mDetectionMode: [1]].
12-03 21:51:38.301 24249 32523 I MicroRecognitionRunner: Starting detection.
12-03 21:51:38.303 24249 28694 I MicrophoneInputStream: mic_starting com.google.android.apps.gsa.speech.audio.ae@9db8649
12-03 21:51:38.307   313   313 D audio_hw_primary: adev_open_input_stream: enter: sample_rate(16000) channel_mask(0x10) devices(0x80000004)        stream_handle(0xb822cf90) io_handle(2023)
12-03 21:51:38.309   313  4149 I AudioFlinger: AudioFlinger's thread 0xb8344008 ready to run
12-03 21:51:38.309   313  4149 D audio_hw_primary: in_standby: enter: stream (0xb822cf90) usecase(7: audio-record)
12-03 21:51:38.313   313  4149 D audio_hw_primary: in_standby: enter: stream (0xb822cf90) usecase(7: audio-record)
12-03 21:51:38.313 24249 24249 V ConnectivityManager: isActiveNetworkMetered() returns:false
12-03 21:51:38.317   313  4149 D audio_hw_primary: in_set_parameters: enter: kvpairs=input_source=6;routing=-2147483644
12-03 21:51:38.319 24249 28694 I MicrophoneInputStream: mic_started com.google.android.apps.gsa.speech.audio.ae@9db8649
12-03 21:51:38.327   313  4149 V msm8916_platform: platform_update_usecase_from_source: input source :6
12-03 21:51:38.327   313  4149 D audio_hw_primary: start_input_stream: enter: stream(0xb822cf90)usecase(7: audio-record)
12-03 21:51:38.329   313  4149 V msm8916_platform: platform_get_input_snd_device: enter: out_device(0) in_device(0x4)
12-03 21:51:38.329   313  4149 V msm8916_platform: platform_get_input_snd_device: exit: in_snd_device(voice-rec-mic)
12-03 21:51:38.329   313  4149 D audio_hw_primary: select_devices: out_snd_device(0: ) in_snd_device(64: voice-rec-mic)
12-03 21:51:38.329   313  4149 D hardware_info: hw_info_append_hw_type : device_name = voice-rec-mic
12-03 21:51:38.330   313  4149 E audio_hw_dolby: audio_extn_dolby_ds2_set_endpoint: Dolby set endpint :0x2
12-03 21:51:38.330   313  4149 V msm8916_platform: platform_get_input_snd_device: enter: out_device(0x2) in_device(0x4)
12-03 21:51:38.330   313  4149 V msm8916_platform: platform_get_input_snd_device: exit: in_snd_device(voice-rec-mic)
12-03 21:51:38.330   313  4149 V msm8916_platform: platform_send_audio_calibration: sending audio calibration for snd_device(64) acdb_id(4)
12-03 21:51:38.330   313  4149 D ACDB-LOADER: ACDB -> send_audio_cal, acdb_id = 4, path =  1
12-03 21:51:38.330   313  4149 D ACDB-LOADER: ACDB -> send_asm_topology
12-03 21:51:38.330   313  4149 D ACDB-LOADER: ACDB -> ACDB_CMD_GET_AUDPROC_STREAM_TOPOLOGY_ID
12-03 21:51:38.330   313  4149 D ACDB-LOADER: ACDB -> send_adm_topology
12-03 21:51:38.330   313  4149 D ACDB-LOADER: ACDB -> ACDB_CMD_GET_AUDPROC_COMMON_TOPOLOGY_ID
12-03 21:51:38.331   313  4149 D ACDB-LOADER: ACDB -> send_audtable
12-03 21:51:38.331   313  4149 D ACDB-LOADER: ACDB -> ACDB_CMD_GET_AUDPROC_COMMON_TABLE
12-03 21:51:38.331   313  4149 D ACDB-LOADER: ACDB -> AUDIO_SET_AUDPROC_CAL
12-03 21:51:38.331   313  4149 D ACDB-LOADER: ACDB -> send_audvoltable
12-03 21:51:38.331   313  4149 D ACDB-LOADER: ACDB -> ACDB_CMD_GET_AUDPROC_GAIN_DEP_STEP_TABLE
12-03 21:51:38.331   313  4149 D         : Failed to fetch the lookup information of the device 00000004 
12-03 21:51:38.331   313  4149 E ACDB-LOADER: Error: ACDB AudProc vol returned = -19
12-03 21:51:38.331   313  4149 D ACDB-LOADER: ACDB -> AUDIO_SET_AUDPROC_VOL_CAL
12-03 21:51:38.331   313  4149 D ACDB-LOADER: ACDB -> send_afe_cal
12-03 21:51:38.331   313  4149 D ACDB-LOADER: ACDB -> ACDB_CMD_GET_AFE_COMMON_TABLE
12-03 21:51:38.331   313  4149 D         : Failed to fetch the lookup information of the device 00000004 
12-03 21:51:38.331   313  4149 D ACDB-LOADER: ACDB -> AUDIO_SET_AFE_CAL
12-03 21:51:38.331   313  4149 D ACDB-LOADER: ACDB -> send_hw_delay : acdb_id = 4 path = 1
12-03 21:51:38.331   313  4149 D ACDB-LOADER: ACDB -> ACDB_AVSYNC_INFO: ACDB_CMD_GET_DEVICE_PROPERTY
12-03 21:51:38.331   313  4149 D audio_hw_primary: select_devices: done
12-03 21:51:38.427 24249 24249 I MicroDetectionWorker: onReady
12-03 21:51:38.525  3011  3011 V QSTileView: setDual true
12-03 21:51:38.525  3011  3011 V QSTileView: setDual true
12-03 21:51:38.525  3011  3011 V QSTileView: setDual false
12-03 21:51:38.525  3011  3011 V QSTileView: setDual false
12-03 21:51:38.525  3011  3011 V QSTileView: setDual false
12-03 21:51:38.525  3011  3011 V QSTileView: setDual false
12-03 21:51:38.526  3011  3011 V QSTileView: setDual false
12-03 21:51:38.526  3011  3011 V QSTileView: setDual false
12-03 21:51:38.526  3011  3011 V QSTileView: setDual false
12-03 21:51:38.526  3011  3011 V QSTileView: setDual false
12-03 21:51:38.526  3011  3011 V QSTileView: setDual false
12-03 21:51:40.734  3011  3299 I NetworkController.MotorolaMobileSignalController(1): MotorolaMobilePhoneStateListener.onSignalStrengthsChanged: Entered: signalStrength=SignalStrength: 16 0 -120 -160 -120 -1 -1 99 2147483647 2147483647 2147483647 2147483647 2147483647 gsm|lte level=4
12-03 21:51:40.761  1789  2956 D ConnectivityService: notifyType CAP_CHANGED for NetworkAgentInfo [WIFI () - 105]
12-03 21:51:40.769  3011  3299 D MotoNetwCtrlr: onReceive: intent=Intent { act=android.net.wifi.RSSI_CHANGED flg=0x4000010 (has extras) }
12-03 21:51:40.769  3011  3299 I MotoNetwCtrlr.MotoWifiSignalCtrlr: handleBroadcast: Entered: Intent=Intent { act=android.net.wifi.RSSI_CHANGED flg=0x4000010 (has extras) } Action=android.net.wifi.RSSI_CHANGED
12-03 21:51:40.788   313   827 D audio_hw_primary: out_standby: enter: stream (0xb80d07f8) usecase(0: deep-buffer-playback)
12-03 21:51:41.030   313   827 D hardware_info: hw_info_append_hw_type : device_name = speaker
12-03 21:51:42.973  3011  3299 I NetworkController.MotorolaMobileSignalController(1): MotorolaMobilePhoneStateListener.onSignalStrengthsChanged: Entered: signalStrength=SignalStrength: 16 0 -120 -160 -120 -1 -1 99 2147483647 2147483647 2147483647 2147483647 2147483647 gsm|lte level=4
12-03 21:51:43.257  4162  4162 E NEW_BHD : Battery Power Supply logging Daemon start!!!!!
12-03 21:51:43.258  4162  4162 E NEW_BHD : Cannot run on production devices!
12-03 21:51:43.395  3641  4132 W GeofencerStateMachine: Ignoring removeGeofence because network location is disabled.
12-03 21:51:43.401  3641  4132 W GeofencerStateMachine: Ignoring removeGeofence because network location is disabled.
12-03 21:51:43.784  1789  2956 D ConnectivityService: notifyType CAP_CHANGED for NetworkAgentInfo [WIFI () - 105]
12-03 21:51:43.791  3011  3299 D MotoNetwCtrlr: onReceive: intent=Intent { act=android.net.wifi.RSSI_CHANGED flg=0x4000010 (has extras) }
12-03 21:51:43.791  3011  3299 I MotoNetwCtrlr.MotoWifiSignalCtrlr: handleBroadcast: Entered: Intent=Intent { act=android.net.wifi.RSSI_CHANGED flg=0x4000010 (has extras) } Action=android.net.wifi.RSSI_CHANGED
12-03 21:51:46.332  4171  4171 I chatty  : uid=2000(shell) expire 301 lines
12-03 21:51:46.471  1789  1803 I ActivityManager: Start proc 4181:Mono.Android.DebugRuntime/u0a119 for broadcast Mono.Android.DebugRuntime/com.xamarin.mono.android.PackageVersions
12-03 21:51:46.719  5792  5804 D QcrilMsgTunnelSocket: readRilMessage: Buffer = [B@6106d72 HexData = [010000000404000011000000514f454d484f4f4bef0308000100000001]
12-03 21:51:46.720  5792  5804 D QcrilMsgTunnelSocket: Rcvd UNSOL response with 28 bytes data for SUB0
12-03 21:51:46.720  5792  5804 D QcrilMsgTunnelSocket: Response ID 525295 is not served in this process.
12-03 21:51:46.720  5792  5804 D QcrilMsgTunnelSocket: To broadcast an Intent via the notifier to external apps
12-03 21:51:46.721  5792  5792 D QcrilMsgTunnelIfaceManager: handleMessage what = 0
12-03 21:51:47.461  4206  4206 I chatty  : uid=2000(shell) expire 158 lines
12-03 21:51:47.461  4205  4205 I chatty  : uid=2000(shell) expire 184 lines
12-03 21:51:47.589  1789  1803 I ActivityManager: Force stopping SeniorenApp.SeniorenApp appid=10179 user=-1: uninstall pkg
12-03 21:51:47.741  1789  1814 I art     : Starting a blocking GC Explicit
12-03 21:51:47.840  1789  1814 I art     : Explicit concurrent mark sweep GC freed 48017(2MB) AllocSpace objects, 13(472KB) LOS objects, 19% free, 22MB/28MB, paused 1.776ms total 98.632ms
12-03 21:51:47.847  1789  1814 W PackageManager: Couldn't remove dex file for package:  at location /data/app/SeniorenApp.SeniorenApp-1/base.apk, retcode=-1
12-03 21:51:47.848  1789  1803 I ActivityManager: Force stopping SeniorenApp.SeniorenApp appid=10179 user=-1: uninstall pkg
12-03 21:51:48.017  1789  1814 I art     : Starting a blocking GC Explicit
12-03 21:51:48.100  1789  1814 I art     : Explicit concurrent mark sweep GC freed 21295(1204KB) AllocSpace objects, 2(40KB) LOS objects, 19% free, 22MB/28MB, paused 1.794ms total 82.871ms
12-03 21:51:48.102  1789  1814 I ActivityManager: Force stopping SeniorenApp.SeniorenApp appid=10179 user=0: pkg removed
12-03 21:51:48.111  1789  1814 I ActivityManager: Force stopping SeniorenApp.SeniorenApp appid=10179 user=0: pkg removed
12-03 21:51:48.119  3641  4132 W GeofencerStateMachine: Ignoring removeGeofence because network location is disabled.
12-03 21:51:48.121  1789  2917 I InputReader: Reconfiguring input devices.  changes=0x00000010
12-03 21:51:48.132  3641  4132 W GeofencerStateMachine: Ignoring removeGeofence because network location is disabled.
12-03 21:51:48.133  1789  2917 I InputReader: Reconfiguring input devices.  changes=0x00000010
12-03 21:51:48.139  3338  4224 D VoicemailCleanupService: Cleaning up data for package: SeniorenApp.SeniorenApp
12-03 21:51:48.143  1789  8867 I ActivityManager: Start proc 4226:com.android.keychain/1000 for broadcast com.android.keychain/.KeyChainBroadcastReceiver
12-03 21:51:48.166  3667  3667 D CarrierServiceBindHelper: Receive action: android.intent.action.PACKAGE_REMOVED
12-03 21:51:48.193  1789  1789 D JobSchedulerService: Receieved: android.intent.action.PACKAGE_REMOVED
12-03 21:51:48.194  4226  4226 W System  : ClassLoader referenced unknown path: /system/app/KeyChain/lib/arm
12-03 21:51:48.198  4226  4226 W ContextImpl: Calling a method in the system process without a qualified user: android.app.ContextImpl.startService:1221 android.content.ContextWrapper.startService:581 android.content.ContextWrapper.startService:581 com.android.keychain.KeyChainBroadcastReceiver.onReceive:12 android.app.ActivityThread.handleReceiver:2743 
12-03 21:51:48.208  3667  3667 D CarrierServiceBindHelper: Receive action: android.intent.action.PACKAGE_REMOVED
12-03 21:51:48.208  3667  3667 D CarrierServiceBindHelper: mHandler: 3
12-03 21:51:48.209  3667  3667 D CarrierConfigLoader: mHandler: 9 phoneId: 0
12-03 21:51:48.209  3667  3667 D CarrierServiceBindHelper: mHandler: 3
12-03 21:51:48.209  3667  3667 D CarrierConfigLoader: mHandler: 9 phoneId: 0
12-03 21:51:48.216  1789  1789 D JobSchedulerService: Receieved: android.intent.action.PACKAGE_REMOVED
12-03 21:51:48.217  1789  3510 I ActivityManager: Start proc 4240:com.google.android.apps.docs/u0a63 for broadcast com.google.android.apps.docs/.receivers.AppPackageAddRemoveReceiver
12-03 21:51:48.223  1789  2706 I ActivityManager: Killing 1213:com.google.android.gms/u0a17 (adj 15): empty #7
12-03 21:51:48.287  4252  4252 E NEW_BHD : Battery Power Supply logging Daemon start!!!!!
12-03 21:51:48.288  4252  4252 E NEW_BHD : Cannot run on production devices!
12-03 21:51:48.324  1789  3724 D ConnectivityService: ConnectivityService NetworkRequestInfo binderDied(NetworkRequest [ id=50, legacyType=-1, [ Capabilities: INTERNET&NOT_RESTRICTED&TRUSTED&NOT_VPN] ], android.os.BinderProxy@64bb292)
12-03 21:51:48.324  1789  2955 D WifiService: Client connection lost with reason: 4
12-03 21:51:48.324  1789  2956 D ConnectivityService: releasing NetworkRequest NetworkRequest [ id=50, legacyType=-1, [ Capabilities: INTERNET&NOT_RESTRICTED&TRUSTED&NOT_VPN] ]
12-03 21:51:48.325  1789  2956 E ConnectivityService: RemoteException caught trying to send a callback msg for NetworkRequest [ id=50, legacyType=-1, [ Capabilities: INTERNET&NOT_RESTRICTED&TRUSTED&NOT_VPN] ]
12-03 21:51:48.331  1789  5592 W ActivityManager: Scheduling restart of crashed service com.google.android.gms/.measurement.service.MeasurementBrokerService in 1000ms
12-03 21:51:48.606  4240  4262 I GAv4    : Google Analytics 8.4.87 is starting up. To enable debug logging on a device run:
12-03 21:51:48.606  4240  4262 I GAv4    :   adb shell setprop log.tag.GAv4 DEBUG
12-03 21:51:48.606  4240  4262 I GAv4    :   adb logcat -s GAv4
12-03 21:51:48.632  4240  4262 W GAv4    : AnalyticsReceiver is not registered or is disabled. Register the receiver for reliable dispatching on non-Google Play devices. See http://goo.gl/8Rd3yj for instructions.
12-03 21:51:48.637  4240  4262 W GAv4    : CampaignTrackingReceiver is not registered, not exported or is disabled. Installation campaign tracking is not possible. See http://goo.gl/8Rd3yj for instructions.
12-03 21:51:48.652  4240  4265 W GAv4    : AnalyticsService not registered in the app manifest. Hits might not be delivered reliably. See http://goo.gl/8Rd3yj for instructions.
12-03 21:51:48.846  1789  5593 I ActivityManager: Killing 3519:com.droid27.transparentclockweather/u0a113 (adj 15): empty #7
12-03 21:51:48.938  1789  3018 I ActivityManager: Start proc 4276:com.google.android.gms/u0a17 for service com.google.android.gms/.chimera.GmsIntentOperationService
12-03 21:51:49.001  3641 10941 E NetworkScheduler.SR: Invalid parameter app
12-03 21:51:49.001  3641 10941 E NetworkScheduler.SR: Invalid package name : Perhaps you didn't include a PendingIntent in the extras?
12-03 21:51:49.005  3641  4630 V ConnectivityManager: isActiveNetworkMetered() returns:false
12-03 21:51:49.085  1789  5592 I ActivityManager: Start proc 4292:com.google.process.gapps/u0a17 for content provider com.google.android.gsf/.gservices.GservicesProvider
12-03 21:51:49.109  4292  4292 W System  : ClassLoader referenced unknown path: /system/priv-app/GoogleServicesFramework/lib/arm
12-03 21:51:49.115  4292  4292 I GservicesProvider: Gservices pushing to system: true; secure/global: true
12-03 21:51:49.168  4292  4292 I GoogleHttpClient: GMS http client unavailable, use old client
12-03 21:51:49.199  4276  4276 W linker  : /data/app/com.google.android.gms-2/lib/arm/libgmscore.so: unused DT entry: type 0x7ffffffd arg 0x79f
12-03 21:51:49.203  4256  4256 I chatty  : uid=2000(shell) expire 275 lines
12-03 21:51:49.217  4276  4276 W linker  : /data/app/com.google.android.gms-2/lib/arm/libconscrypt_gmscore_jni.so: unused DT entry: type 0x1d arg 0xe0
12-03 21:51:49.217  4276  4276 W linker  : /data/app/com.google.android.gms-2/lib/arm/libconscrypt_gmscore_jni.so: unused DT entry: type 0x7ffffffd arg 0x1c9
12-03 21:51:49.223  4276  4276 V JNIHelp : Registering com/google/android/gms/org/conscrypt/NativeCrypto's 235 native methods...
12-03 21:51:49.246  4276  4276 I art     : Rejecting re-init on previously-failed class java.lang.Class<com.google.android.gms.org.conscrypt.OpenSSLExtendedSessionImpl>
12-03 21:51:49.246  4276  4276 I art     : Rejecting re-init on previously-failed class java.lang.Class<com.google.android.gms.org.conscrypt.OpenSSLExtendedSessionImpl>
12-03 21:51:49.266  4276  4276 I ProviderInstaller: Installed default security provider GmsCore_OpenSSL
12-03 21:51:49.320  4276  4276 E ChimeraRcvrProxy: Can't find Chimera receiver impl class com.google.android.gms.games.GamesBroadcastReceiverStub
12-03 21:51:49.320  4276  4276 E ChimeraRcvrProxy: com.google.android.gms.games.chimera.GamesSystemBroadcastReceiverProxy dropping broadcast android.intent.action.PACKAGE_REMOVED
12-03 21:51:49.344  1789  2705 I ActivityManager: Start proc 4315:com.android.vending/u0a36 for broadcast com.android.vending/com.google.android.finsky.receivers.PackageMonitorReceiver$RegisteredReceiver
12-03 21:51:49.379  1789  1814 I ActivityManager: Start proc 4331:com.android.defcontainer/u0a10 for service com.android.defcontainer/.DefaultContainerService
12-03 21:51:49.408  4315  4315 W System  : ClassLoader referenced unknown path: /data/app/com.android.vending-2/lib/arm
12-03 21:51:49.430  4276  4322 I LocationSettingsChecker: Removing dialog suppression flag for package SeniorenApp.SeniorenApp
12-03 21:51:49.490  4276  4322 I FA-SVC  : App measurement is starting up, version: 10084
12-03 21:51:49.490  4276  4322 I FA-SVC  : To enable debug logging run: adb shell setprop log.tag.FA VERBOSE
12-03 21:51:49.529  4276  4361 I FA-SVC  : This instance being marked as an uploader
12-03 21:51:49.609  4315  4315 I Finsky  : [1] com.google.android.finsky.services.DailyHygiene.a(276): No need to run daily hygiene.
12-03 21:51:49.625  4315  4315 W Settings: Setting download_manager_max_bytes_over_mobile has moved from android.provider.Settings.Secure to android.provider.Settings.Global.
12-03 21:51:49.626  4315  4315 W Settings: Setting download_manager_recommended_max_bytes_over_mobile has moved from android.provider.Settings.Secure to android.provider.Settings.Global.
12-03 21:51:49.657  4315  4315 I Finsky  : [1] com.google.android.finsky.utils.bq.a(179): Enabling bucket experiment: factor=2.000, zeroDelta=0ms, forceNetwork=false
12-03 21:51:49.673  4276  4356 I GoogleURLConnFactory: Using platform SSLCertificateSocketFactory
12-03 21:51:49.686  4276  4344 I PeopleDatabaseHelper: cleanUpNonGplusAccounts done.
12-03 21:51:49.691  4315  4315 I Finsky  : [1] com.google.android.finsky.wear.WearSupportService.a(310): Wear auto uninstall disabled for package SeniorenApp.SeniorenApp
12-03 21:51:49.691  4276  4356 E BaseAppContext: Tried to stop global GMSCore RequestQueue. This is likely unintended, so ignoring.
12-03 21:51:49.705  4315  4315 I Finsky  : [1] com.google.android.vending.verifier.PackageVerificationReceiver.onReceive(41): Verification requested, id = 60
12-03 21:51:49.710 24249  4397 I UpdateIcingCorporaServi: Updating corpora: APPS=SeniorenApp.SeniorenApp, CONTACTS=MAYBE
12-03 21:51:49.738  4315  4315 V ConnectivityManager: isActiveNetworkMetered() returns:false
12-03 21:51:49.738  4315  4315 I Finsky  : [1] com.google.android.finsky.installer.ac.a(1289): Installer kick - no action, not running yet
12-03 21:51:49.746  4315  4398 V GoogleSignatureVerifier: com.google.android.gms signature not valid.  Found: 
12-03 21:51:49.746  4315  4398 V GoogleSignatureVerifier: MIIEQzCCAyugAwIBAgIJAMLgh0ZkSjCNMA0GCSqGSIb3DQEBBAUAMHQxCzAJBgNVBAYTAlVTMRMw
12-03 21:51:49.746  4315  4398 V GoogleSignatureVerifier: EQYDVQQIEwpDYWxpZm9ybmlhMRYwFAYDVQQHEw1Nb3VudGFpbiBWaWV3MRQwEgYDVQQKEwtHb29n
12-03 21:51:49.746  4315  4398 V GoogleSignatureVerifier: bGUgSW5jLjEQMA4GA1UECxMHQW5kcm9pZDEQMA4GA1UEAxMHQW5kcm9pZDAeFw0wODA4MjEyMzEz
12-03 21:51:49.746  4315  4398 V GoogleSignatureVerifier: MzRaFw0zNjAxMDcyMzEzMzRaMHQxCzAJBgNVBAYTAlVTMRMwEQYDVQQIEwpDYWxpZm9ybmlhMRYw
12-03 21:51:49.746  4315  4398 V GoogleSignatureVerifier: FAYDVQQHEw1Nb3VudGFpbiBWaWV3MRQwEgYDVQQKEwtHb29nbGUgSW5jLjEQMA4GA1UECxMHQW5k
12-03 21:51:49.746  4315  4398 V GoogleSignatureVerifier: cm9pZDEQMA4GA1UEAxMHQW5kcm9pZDCCASAwDQYJKoZIhvcNAQEBBQADggENADCCAQgCggEBAKtW
12-03 21:51:49.746  4315  4398 V GoogleSignatureVerifier: LgDYO6IIrgqWbxJOKdoR8qtW0I9Y4sypEwPpt1TTcvZApxsdyxMJZ2JORland2qSGT2y5b+3JKke
12-03 21:51:49.746  4315  4398 V GoogleSignatureVerifier: dxiLDmpHpDsz2WCbdxgxRczfey5YZnTJ4VZbH0xqWVW/8lGmPav5xVwnIiJS6HXk+BVKZF+JcWjA
12-03 21:51:49.746  4315  4398 V GoogleSignatureVerifier: sb/GEuq/eFdpuzSqeYTcfi6idkyugwfYwXFU1+5fZKUaRKYCwkkFQVfcAs1fXA5V+++FGfvjJ/Cx
12-03 21:51:49.746  4315  4398 V GoogleSignatureVerifier: URaSxaBvGdGDhfXE28LWuT9ozCl5xw4Yq5OGazvV24mZVSoOO0yZ31j7kYvtwYK6NeADwbSxDdJE
12-03 21:51:49.746  4315  4398 V GoogleSignatureVerifier: qO4k//0zOHKrUiGYXtqw/A0LFFtqoZKFjnkCAQOjgdkwgdYwHQYDVR0OBBYEFMd9jMIhF1Ylmn/T
12-03 21:51:49.746  4315  4398 V GoogleSignatureVerifier: gt9r45jk14alMIGmBgNVHSMEgZ4wgZuAFMd9jMIhF1Ylmn/Tgt9r45jk14aloXikdjB0MQswCQYD
12-03 21:51:49.746  4315  4398 V GoogleSignatureVerifier: VQQGEwJVUzETMBEGA1UECBMKQ2FsaWZvcm5pYTEWMBQGA1UEBxMNTW91bnRhaW4gVmlldzEUMBIG
12-03 21:51:49.746  4315  4398 V GoogleSignatureVerifier: A1UEChMLR29vZ2xlIEluYy4xEDAOBgNVBAsTB0FuZHJvaWQxEDAOBgNVBAMTB0FuZHJvaWSCCQDC
12-03 21:51:49.746  4315  4398 V GoogleSignatureVerifier: 4IdGZEowjTAMBgNVHRMEBTADAQH/MA0GCSqGSIb3DQEBBAUAA4IBAQBt0lLO74UwLDYKqs6Tm8/y
12-03 21:51:49.746  4315  4398 V GoogleSignatureVerifier: zKkEu116FmH4rkaymUIE0P9KaMftGlMexFlaYjzmB2OxZyl6euNXEsQH8gjwyxCUKRJNexBiGcCE
12-03 21:51:49.746  4315  4398 V GoogleSignatureVerifier: yj6z+a1fuHHvkiaai+KL8W1EyNmgjmyy8AW7P+LLlkR+ho5zEHatRbM/YAnqGcFh5iZBqpknHf1S
12-03 21:51:49.746  4315  4398 V GoogleSignatureVerifier: KMXFh4dd239FJ1jWYfbMDMy3NS5CTMQ2XFI1MvcyUTdZPErjQfTbQe3aDQsQcafEQPD+nqActifK
12-03 21:51:49.746  4315  4398 V GoogleSignatureVerifier: Z0Np0IS9L9kR/wbNvyz6ENwPiTrjV2KRkEjH78ZMcUQXg0L3BYHJ3lc69Vs5Ddf9uUGGMYldX3Wf
12-03 21:51:49.746  4315  4398 V GoogleSignatureVerifier: MBEmh/9iFBDAaTCK
12-03 21:51:49.754  1789  1789 I ActivityManager: Start proc 4399:com.android.documentsui/u0a62 for broadcast com.android.documentsui/.PackageReceiver
12-03 21:51:49.757  4315  4315 I Finsky  : [1] com.google.android.finsky.n.j.run(206): Loaded library for account: [O5b93iWPRJWMt5XSH4CsYLB7_D8]
12-03 21:51:49.757  4315  4315 I Finsky  : [1] com.google.android.finsky.n.j.run(212): Finished loading 1 libraries.
12-03 21:51:49.783  3641  3641 I WearableService: Wear is not allowed to run on this device. Not starting Wear service.
12-03 21:51:49.789  4315  4315 I Finsky  : [1] com.google.android.finsky.c.l.a(253): result=false type=4
12-03 21:51:49.811  4399  4399 W System  : ClassLoader referenced unknown path: /system/app/DocumentsUI/lib/arm
12-03 21:51:49.828  4315  4315 I Finsky  : [1] com.google.android.finsky.services.bh.a(1081): Restore complete with 0 success and 0 failed.
12-03 21:51:49.851  4276  4371 I Icing   : Storage manager: low false usage 33.50MB avail 2.48GB capacity 4.54GB
12-03 21:51:49.859  4315  4315 E Finsky  : [1] com.google.android.finsky.wear.bp.a(847): onConnectionFailed: ConnectionResult{statusCode=API_UNAVAILABLE, resolution=null, message=null}
12-03 21:51:49.860  4315  4315 I Finsky  : [1] com.google.android.finsky.wear.an.run(2402): Dropping command=send_installed_apps due to Gms not connected
12-03 21:51:49.861  4315  4315 I Finsky  : [1] com.google.android.finsky.wear.an.run(2402): Dropping command=send_installed_apps due to Gms not connected
12-03 21:51:49.862  1789  5593 I ActivityManager: Killing 3855:com.android.settings/1000 (adj 15): empty #7
12-03 21:51:49.963  4276  4291 I DynamiteModule: Considering local module com.google.android.gms.googlecertificates:2 and remote module com.google.android.gms.googlecertificates:2
12-03 21:51:49.963  4276  4291 I DynamiteModule: Selected remote version of com.google.android.gms.googlecertificates, version >= 2
12-03 21:51:49.970  1789  5399 I ActivityManager: Start proc 4428:com.android.externalstorage/u0a15 for content provider com.android.externalstorage/.ExternalStorageProvider
12-03 21:51:49.976  4276  4291 W System  : ClassLoader referenced unknown path: /data/user/0/com.google.android.gms/app_chimera/m/0000000d/n/armeabi
12-03 21:51:49.984  3338  4439 D VoicemailCleanupService: Cleaning up data for package: SeniorenApp.SeniorenApp
12-03 21:51:49.990  4226  4226 W ContextImpl: Calling a method in the system process without a qualified user: android.app.ContextImpl.startService:1221 android.content.ContextWrapper.startService:581 android.content.ContextWrapper.startService:581 com.android.keychain.KeyChainBroadcastReceiver.onReceive:12 android.app.ActivityThread.handleReceiver:2743 
12-03 21:51:50.031  4276  4343 I LocationSettingsChecker: Removing dialog suppression flag for package SeniorenApp.SeniorenApp
12-03 21:51:50.039  3641 24343 E NetworkScheduler.SR: Invalid parameter app
12-03 21:51:50.039  3641 24343 E NetworkScheduler.SR: Invalid package name : Perhaps you didn't include a PendingIntent in the extras?
12-03 21:51:50.075  4428  4428 W System  : ClassLoader referenced unknown path: /system/priv-app/ExternalStorageProvider/lib/arm
12-03 21:51:50.086  3338  3350 I art     : Waiting for a blocking GC DisableMovingGc
12-03 21:51:50.086  3338  3348 I art     : CollectorTransition marksweep + semispace GC freed 1184(2616B) AllocSpace objects, 0(0B) LOS objects, 24% free, 7MB/9MB, paused 36.071ms total 36.071ms
12-03 21:51:50.086  3338  3350 I art     : Starting a blocking GC DisableMovingGc
12-03 21:51:50.098  4428  4428 D ExternalStorage: After updating volumes, found 1 active roots
12-03 21:51:50.099  3641  4630 V ConnectivityManager: isActiveNetworkMetered() returns:false
12-03 21:51:50.102  4276  4276 E ChimeraRcvrProxy: Can't find Chimera receiver impl class com.google.android.gms.games.GamesBroadcastReceiverStub
12-03 21:51:50.102  4276  4276 E ChimeraRcvrProxy: com.google.android.gms.games.chimera.GamesSystemBroadcastReceiverProxy dropping broadcast android.intent.action.PACKAGE_REMOVED
12-03 21:51:50.113  4276  4371 E Icing   : Array storage bad crc 963675613 vs 2195337378
12-03 21:51:50.115  4276  4371 E Icing   : Array storage bad crc 3577127518 vs 1852662785
12-03 21:51:50.131  4276  4371 E Icing   : Array storage bad crc 1017444260 vs 1695890083
12-03 21:51:50.131  4276  4371 E Icing   : Trie mmap suffix failed
12-03 21:51:50.154  4315  4315 I Finsky  : [1] com.google.android.finsky.wear.WearSupportService.a(310): Wear auto uninstall disabled for package SeniorenApp.SeniorenApp
12-03 21:51:50.170  4276  4288 I art     : Background partial concurrent mark sweep GC freed 4852(364KB) AllocSpace objects, 2(40KB) LOS objects, 25% free, 12MB/16MB, paused 5.989ms total 78.520ms
12-03 21:51:50.171  4276  4286 W SQLiteConnectionPool: A SQLiteConnection object for database '/data/user/0/com.google.android.gms/databases/metrics.db' was leaked!  Please fix your application to end transactions in progress properly and to close the database when it is no longer needed.
12-03 21:51:50.171  4276  4286 W SQLiteConnectionPool: A SQLiteConnection object for database '/data/user/0/com.google.android.gms/databases/help_responses.db' was leaked!  Please fix your application to end transactions in progress properly and to close the database when it is no longer needed.
12-03 21:51:50.172  4276  4286 W SQLiteConnectionPool: A SQLiteConnection object for database '/data/user/0/com.google.android.gms/databases/auto_complete_suggestions.db' was leaked!  Please fix your application to end transactions in progress properly and to close the database when it is no longer needed.
12-03 21:51:50.186  4276  4371 W Icing   : Docstore bad crc 0x9bd0a3e4 vs 0x75e5efef
12-03 21:51:50.188  4315  4315 E Finsky  : [1] com.google.android.finsky.wear.bp.a(847): onConnectionFailed: ConnectionResult{statusCode=API_UNAVAILABLE, resolution=null, message=null}
12-03 21:51:50.193  4315  4315 I Finsky  : [1] com.google.android.finsky.wear.an.run(2402): Dropping command=send_installed_apps due to Gms not connected
12-03 21:51:50.222  4276  4276 E ConnectivityChangeReceiver: Ignoring connectivity change
12-03 21:51:50.231  4276  4427 W IcingInternalCorpora: getNumBytesRead when not calculated.
12-03 21:51:50.250  1789  3510 I ActivityManager: Start proc 4460:com.android.shell/2000 for content provider com.android.shell/.BugreportStorageProvider
12-03 21:51:50.275  1789  8868 I ActivityManager: Killing 4181:Mono.Android.DebugRuntime/u0a119 (adj 15): empty #7
12-03 21:51:50.284  1789  1797 I art     : Background partial concurrent mark sweep GC freed 28777(2MB) AllocSpace objects, 0(0B) LOS objects, 19% free, 23MB/28MB, paused 2.426ms total 112.906ms
12-03 21:51:50.291  1789  2706 D ConnectivityService: liste