11-29 15:39:00.175   258   258 D SFPerfTracer:        layers: (4:11) (FocusedStackFrame (0xb76faf08): 0:1814)* (DimLayer (0xb765c9f8): 0:71)* (StatusBar (0xb7700af0): 3:26737) (com.android.systemui.ImageWallpaper (0xb7652330): 0:1298) (Sprite (0xb76bc5c0): 0:33020)* (Sprite (0xb76d2e78): 0:4739)* (Sprite (0xb76e0498): 0:27334)* (Sprite (0xb769c898): 0:13)* (NavigationBar (0xb76e3c10): 0:96) (com.google.android.googlequicksearchbox/com.google.android.launcher.GEL (0xb7710688): 0:15) 
11-29 15:39:59.323   258   699 I SFPerfTracer:      triggers: (rate: 3:322) (413720 sw vsyncs) (0 skipped) (6136:549866 vsyncs) (6138:978897)
11-29 15:40:00.001  1787  2914 V AlarmManager: sending alarm {59149cf type 3 *alarm*:android.intent.action.TIME_TICK}
11-29 15:40:00.003  1787  2914 V AlarmManager: sending alarm {9fb17df type 1 *alarm*:com.droid27.tcw.ACTION_TIME_TICK}
11-29 15:40:00.044  1787  1787 V AlarmManager: done {9fb17df, *alarm*:com.droid27.tcw.ACTION_TIME_TICK} [43ms]
11-29 15:40:00.078  1787  1787 V AlarmManager: done {59149cf, *alarm*:android.intent.action.TIME_TICK} [76ms]
11-29 15:40:30.043   258   699 I SFPerfTracer:      triggers: (rate: 3:322) (413720 sw vsyncs) (0 skipped) (1834:551700 vsyncs) (1836:980733)
11-29 15:40:33.142   258   699 I SFPerfTracer:      triggers: (rate: 3:322) (413720 sw vsyncs) (0 skipped) (122:551872 vsyncs) (124:980913)
11-29 15:40:37.592  1787  1800 I UsageStatsService: User[0] Flushing usage stats to disk
11-29 15:41:00.001  1787  2914 V AlarmManager: sending alarm {59149cf type 3 *alarm*:android.intent.action.TIME_TICK}
11-29 15:41:00.003  1787  2914 V AlarmManager: sending alarm {9fb17df type 1 *alarm*:com.droid27.tcw.ACTION_TIME_TICK}
11-29 15:41:00.057  1787  1787 V AlarmManager: done {9fb17df, *alarm*:com.droid27.tcw.ACTION_TIME_TICK} [56ms]
11-29 15:41:00.064  1787  1787 V AlarmManager: done {59149cf, *alarm*:android.intent.action.TIME_TICK} [63ms]
11-29 15:41:27.565  1787  2914 V AlarmManager: sending alarm {e48d606 type 2 *walarm*:com.google.android.gms.measurement.UPLOAD}
11-29 15:41:27.568  1787  2914 V AlarmManager: sending alarm {fd8b521 type 2 *walarm*:com.whatsapp.messaging.h.CLIENT_PINGER_ACTION}
11-29 15:41:27.568  1787  2914 V AlarmManager: sending alarm {4dd24c7 type 1 *alarm*:com.google.android.googlequicksearchbox/com.google.android.apps.gsa.speech.grammar.GrammarCompilationService}
11-29 15:41:27.572  1787  2914 V AlarmManager: sending alarm {cabad7e type 3 *alarm*:com.android.server.action.NETWORK_STATS_POLL}
11-29 15:41:27.574  1787  1787 V AlarmManager: done {4dd24c7, *alarm*:com.google.android.googlequicksearchbox/com.google.android.apps.gsa.speech.grammar.GrammarCompilationService} [9ms]
11-29 15:41:27.585  1787  1787 V AlarmManager: done {e48d606, *walarm*:com.google.android.gms.measurement.UPLOAD} [20ms]
11-29 15:41:27.591  1787  1787 V AlarmManager: done {fd8b521, *walarm*:com.whatsapp.messaging.h.CLIENT_PINGER_ACTION} [26ms]
11-29 15:41:27.600   305  1751 E NetlinkEvent: NetlinkEvent::FindParam(): Parameter 'UID' not found
11-29 15:41:27.621  1787  1787 V AlarmManager: done {cabad7e, *alarm*:com.android.server.action.NETWORK_STATS_POLL} [56ms]
11-29 15:41:30.560  1787  2955 D ConnectivityService: updateNetworkScore for NetworkAgentInfo [WIFI () - 106] to 60
11-29 15:41:33.578  1787  2955 D ConnectivityService: updateNetworkScore for NetworkAgentInfo [WIFI () - 106] to 56
11-29 15:41:33.761   258   699 I SFPerfTracer:      triggers: (rate: 3:323) (413720 sw vsyncs) (0 skipped) (3627:555499 vsyncs) (3629:984542)
11-29 15:41:42.995   305  1751 E NetlinkEvent: NetlinkEvent::FindParam(): Parameter 'UID' not found
11-29 15:42:00.000  1787  2914 V AlarmManager: sending alarm {59149cf type 3 *alarm*:android.intent.action.TIME_TICK}
11-29 15:42:00.001  1787  2914 V AlarmManager: sending alarm {9fb17df type 1 *alarm*:com.droid27.tcw.ACTION_TIME_TICK}
11-29 15:42:00.037  1787  1787 V AlarmManager: done {9fb17df, *alarm*:com.droid27.tcw.ACTION_TIME_TICK} [37ms]
11-29 15:42:00.065  1787  1787 V AlarmManager: done {59149cf, *alarm*:android.intent.action.TIME_TICK} [65ms]
11-29 15:42:19.017   305  1751 E NetlinkEvent: NetlinkEvent::FindParam(): Parameter 'UID' not found
11-29 15:42:32.264  1787  2914 V AlarmManager: sending alarm {fd8b521 type 2 *walarm*:com.whatsapp.messaging.h.CLIENT_PINGER_ACTION}
11-29 15:42:32.268  1787  1787 V AlarmManager: done {fd8b521, *walarm*:com.whatsapp.messaging.h.CLIENT_PINGER_ACTION} [5ms]
11-29 15:42:53.982   258   699 I SFPerfTracer:      triggers: (rate: 3:323) (413720 sw vsyncs) (0 skipped) (4785:560293 vsyncs) (4787:989340)
11-29 15:42:56.082   258   699 I SFPerfTracer:      triggers: (rate: 3:323) (413720 sw vsyncs) (0 skipped) (123:560416 vsyncs) (125:989465)
11-29 15:43:00.000  1787  2914 V AlarmManager: sending alarm {59149cf type 3 *alarm*:android.intent.action.TIME_TICK}
11-29 15:43:00.002  1787  2914 V AlarmManager: sending alarm {9fb17df type 1 *alarm*:com.droid27.tcw.ACTION_TIME_TICK}
11-29 15:43:00.045  1787  1787 V AlarmManager: done {9fb17df, *alarm*:com.droid27.tcw.ACTION_TIME_TICK} [45ms]
11-29 15:43:00.071  1787  1787 V AlarmManager: done {59149cf, *alarm*:android.intent.action.TIME_TICK} [71ms]
11-29 15:43:01.676   305  1751 E NetlinkEvent: NetlinkEvent::FindParam(): Parameter 'UID' not found
11-29 15:43:16.283   258   699 I SFPerfTracer:      triggers: (rate: 3:323) (413720 sw vsyncs) (0 skipped) (1208:561624 vsyncs) (1210:990675)
11-29 15:43:18.924   305  1751 E NetlinkEvent: NetlinkEvent::FindParam(): Parameter 'UID' not found
11-29 15:43:35.716   305  1751 E NetlinkEvent: NetlinkEvent::FindParam(): Parameter 'UID' not found
11-29 15:43:46.903   258   699 I SFPerfTracer:      triggers: (rate: 3:323) (413720 sw vsyncs) (0 skipped) (1817:563441 vsyncs) (1819:992494)
11-29 15:43:50.602   258   699 I SFPerfTracer:      triggers: (rate: 3:323) (413720 sw vsyncs) (0 skipped) (219:563660 vsyncs) (221:992715)
11-29 15:43:54.202   258   699 I SFPerfTracer:      triggers: (rate: 3:323) (413720 sw vsyncs) (0 skipped) (212:563872 vsyncs) (214:992929)
11-29 15:44:00.002  1787  2914 V AlarmManager: sending alarm {59149cf type 3 *alarm*:android.intent.action.TIME_TICK}
11-29 15:44:00.004  1787  2914 V AlarmManager: sending alarm {9fb17df type 1 *alarm*:com.droid27.tcw.ACTION_TIME_TICK}
11-29 15:44:00.049  1787  1787 V AlarmManager: done {9fb17df, *alarm*:com.droid27.tcw.ACTION_TIME_TICK} [48ms]
11-29 15:44:00.071  1787  1787 V AlarmManager: done {59149cf, *alarm*:android.intent.action.TIME_TICK} [70ms]
11-29 15:44:51.695   305  1751 E NetlinkEvent: NetlinkEvent::FindParam(): Parameter 'UID' not found
11-29 15:45:00.000  1787  2914 V AlarmManager: sending alarm {59149cf type 3 *alarm*:android.intent.action.TIME_TICK}
11-29 15:45:00.002  1787  2914 V AlarmManager: sending alarm {9fb17df type 1 *alarm*:com.droid27.tcw.ACTION_TIME_TICK}
11-29 15:45:00.044  1787  1787 V AlarmManager: done {9fb17df, *alarm*:com.droid27.tcw.ACTION_TIME_TICK} [44ms]
11-29 15:45:00.059  1787  1787 V AlarmManager: done {59149cf, *alarm*:android.intent.action.TIME_TICK} [59ms]
11-29 15:45:06.716   305  1751 E NetlinkEvent: NetlinkEvent::FindParam(): Parameter 'UID' not found
11-29 15:45:27.944   305  1751 E NetlinkEvent: NetlinkEvent::FindParam(): Parameter 'UID' not found
11-29 15:45:42.995   305  1751 E NetlinkEvent: NetlinkEvent::FindParam(): Parameter 'UID' not found
11-29 15:45:58.741   258   699 I SFPerfTracer:      triggers: (rate: 3:325) (413720 sw vsyncs) (0 skipped) (7451:571323 vsyncs) (7453:1000382)
11-29 15:46:00.001  1787  2914 V AlarmManager: sending alarm {59149cf type 3 *alarm*:android.intent.action.TIME_TICK}
11-29 15:46:00.003  1787  2914 V AlarmManager: sending alarm {9fb17df type 1 *alarm*:com.droid27.tcw.ACTION_TIME_TICK}
11-29 15:46:00.041  1787  1787 V AlarmManager: done {9fb17df, *alarm*:com.droid27.tcw.ACTION_TIME_TICK} [40ms]
11-29 15:46:00.059  1787  1787 V AlarmManager: done {59149cf, *alarm*:android.intent.action.TIME_TICK} [58ms]
11-29 15:46:10.242   258   699 I SFPerfTracer:      triggers: (rate: 3:326) (413720 sw vsyncs) (0 skipped) (686:572009 vsyncs) (688:1001070)
11-29 15:46:27.924   305  1751 E NetlinkEvent: NetlinkEvent::FindParam(): Parameter 'UID' not found
11-29 15:46:28.599   258   258 I SFPerfTracer:      triggers: (rate: 48:3128) (compose: 10:481) (post: 0:857) (render: 41:1265) (0:152693 frames) (1:184108)
11-29 15:46:28.599   258   258 D SFPerfTracer:        layers: (4:11) (FocusedStackFrame (0xb76faf08): 0:1814)* (DimLayer (0xb765c9f8): 0:71)* (StatusBar (0xb7700af0): 1:26794) (com.android.systemui.ImageWallpaper (0xb7652330): 0:1298) (Sprite (0xb76bc5c0): 0:33020)* (Sprite (0xb76d2e78): 0:4739)* (Sprite (0xb76e0498): 0:27334)* (Sprite (0xb769c898): 0:13)* (NavigationBar (0xb76e3c10): 0:96) (com.google.android.googlequicksearchbox/com.google.android.launcher.GEL (0xb7710688): 0:15) 
11-29 15:46:32.263  1787  2914 V AlarmManager: sending alarm {fd8b521 type 2 *walarm*:com.whatsapp.messaging.h.CLIENT_PINGER_ACTION}
11-29 15:46:32.265  1787  2914 V AlarmManager: sending alarm {bd61f7c type 1 *alarm*:com.motorola.motocare.trigger.AlarmTrigger.HourlyAlarmTrigger}
11-29 15:46:32.268  1787  1787 V AlarmManager: done {fd8b521, *walarm*:com.whatsapp.messaging.h.CLIENT_PINGER_ACTION} [5ms]
11-29 15:46:32.270  1787  1787 V AlarmManager: done {bd61f7c, *alarm*:com.motorola.motocare.trigger.AlarmTrigger.HourlyAlarmTrigger} [7ms]
11-29 15:46:39.010   258   699 I SFPerfTracer:      triggers: (rate: 3:326) (413720 sw vsyncs) (0 skipped) (1718:573727 vsyncs) (1720:1002790)
11-29 15:46:47.595   305  1751 E NetlinkEvent: NetlinkEvent::FindParam(): Parameter 'UID' not found
11-29 15:46:56.623   305  1751 E NetlinkEvent: NetlinkEvent::FindParam(): Parameter 'UID' not found
11-29 15:47:00.001  1787  2914 V AlarmManager: sending alarm {59149cf type 3 *alarm*:android.intent.action.TIME_TICK}
11-29 15:47:00.003  1787  2914 V AlarmManager: sending alarm {9fb17df type 1 *alarm*:com.droid27.tcw.ACTION_TIME_TICK}
11-29 15:47:00.054  1787  1787 V AlarmManager: done {9fb17df, *alarm*:com.droid27.tcw.ACTION_TIME_TICK} [53ms]
11-29 15:47:00.083  1787  1787 V AlarmManager: done {59149cf, *alarm*:android.intent.action.TIME_TICK} [82ms]
11-29 15:47:11.636   305  1751 E NetlinkEvent: NetlinkEvent::FindParam(): Parameter 'UID' not found
11-29 15:47:18.462   258   699 I SFPerfTracer:      triggers: (rate: 3:326) (413720 sw vsyncs) (0 skipped) (2355:576082 vsyncs) (2357:1005147)
11-29 15:48:00.000  1787  2914 V AlarmManager: sending alarm {59149cf type 3 *alarm*:android.intent.action.TIME_TICK}
11-29 15:48:00.003  1787  2914 V AlarmManager: sending alarm {9fb17df type 1 *alarm*:com.droid27.tcw.ACTION_TIME_TICK}
11-29 15:48:00.048  1787  1787 V AlarmManager: done {9fb17df, *alarm*:com.droid27.tcw.ACTION_TIME_TICK} [48ms]
11-29 15:48:00.083  1787  1787 V AlarmManager: done {59149cf, *alarm*:android.intent.action.TIME_TICK} [83ms]
11-29 15:48:09.282   258   699 I SFPerfTracer:      triggers: (rate: 3:326) (413720 sw vsyncs) (0 skipped) (3042:579124 vsyncs) (3044:1008191)
11-29 15:48:13.483   258   699 I SFPerfTracer:      triggers: (rate: 3:326) (413720 sw vsyncs) (0 skipped) (248:579372 vsyncs) (250:1008441)
11-29 15:48:17.264  1787  2914 V AlarmManager: sending alarm {cfd4663 type 2 *walarm*:com.whatsapp.messaging.h.LOGOUT_ACTION}
11-29 15:48:17.268  1787  1787 V AlarmManager: done {cfd4663, *walarm*:com.whatsapp.messaging.h.LOGOUT_ACTION} [4ms]
11-29 15:48:17.270   305  1751 E NetlinkEvent: NetlinkEvent::FindParam(): Parameter 'UID' not found
11-29 15:48:17.572  1787  6219 I ActivityManager: Killing 21083:com.android.cellbroadcastreceiver/u0a7 (adj 15): empty #7
11-29 15:48:32.716   305  1751 E NetlinkEvent: NetlinkEvent::FindParam(): Parameter 'UID' not found
11-29 15:49:00.000  1787  2914 V AlarmManager: sending alarm {9fb17df type 1 *alarm*:com.droid27.tcw.ACTION_TIME_TICK}
11-29 15:49:00.008  1787  2914 V AlarmManager: sending alarm {59149cf type 3 *alarm*:android.intent.action.TIME_TICK}
11-29 15:49:00.033  1787  1787 V AlarmManager: done {9fb17df, *alarm*:com.droid27.tcw.ACTION_TIME_TICK} [33ms]
11-29 15:49:00.071  1787  1787 V AlarmManager: done {59149cf, *alarm*:android.intent.action.TIME_TICK} [64ms]
11-29 15:49:01.633   305  1751 E NetlinkEvent: NetlinkEvent::FindParam(): Parameter 'UID' not found
11-29 15:49:16.675   305  1751 E NetlinkEvent: NetlinkEvent::FindParam(): Parameter 'UID' not found
11-29 15:50:00.001  1787  2914 V AlarmManager: sending alarm {59149cf type 3 *alarm*:android.intent.action.TIME_TICK}
11-29 15:50:00.003  1787  2914 V AlarmManager: sending alarm {9fb17df type 1 *alarm*:com.droid27.tcw.ACTION_TIME_TICK}
11-29 15:50:00.051  1787  1787 V AlarmManager: done {9fb17df, *alarm*:com.droid27.tcw.ACTION_TIME_TICK} [50ms]
11-29 15:50:00.074  1787  1787 V AlarmManager: done {59149cf, *alarm*:android.intent.action.TIME_TICK} [73ms]
11-29 15:50:24.823   258   699 I SFPerfTracer:      triggers: (rate: 3:326) (413720 sw vsyncs) (0 skipped) (7859:587231 vsyncs) (7861:1016302)
11-29 15:50:32.023   258   699 I SFPerfTracer:      triggers: (rate: 3:326) (413720 sw vsyncs) (0 skipped) (429:587660 vsyncs) (431:1016733)
11-29 15:51:00.000  1787  2914 V AlarmManager: sending alarm {59149cf type 3 *alarm*:android.intent.action.TIME_TICK}
11-29 15:51:00.001  1787  2914 V AlarmManager: sending alarm {9fb17df type 1 *alarm*:com.droid27.tcw.ACTION_TIME_TICK}
11-29 15:51:00.060  1787  1787 V AlarmManager: done {9fb17df, *alarm*:com.droid27.tcw.ACTION_TIME_TICK} [60ms]
11-29 15:51:00.077  1787  1787 V AlarmManager: done {59149cf, *alarm*:android.intent.action.TIME_TICK} [77ms]
11-29 15:51:06.664   305  1751 E NetlinkEvent: NetlinkEvent::FindParam(): Parameter 'UID' not found
11-29 15:51:21.675   305  1751 E NetlinkEvent: NetlinkEvent::FindParam(): Parameter 'UID' not found
11-29 15:51:26.724   258   699 I SFPerfTracer:      triggers: (rate: 3:328) (413720 sw vsyncs) (0 skipped) (3267:590927 vsyncs) (3269:1020002)
11-29 15:51:30.642   258   699 I SFPerfTracer:      triggers: (rate: 3:328) (413720 sw vsyncs) (0 skipped) (146:591155 vsyncs) (148:1020234)
11-29 15:51:37.342   258   699 I SFPerfTracer:      triggers: (rate: 3:328) (413720 sw vsyncs) (0 skipped) (399:591554 vsyncs) (401:1020635)
11-29 15:51:42.242   258   699 I SFPerfTracer:      triggers: (rate: 3:328) (413720 sw vsyncs) (0 skipped) (291:591845 vsyncs) (293:1020928)
11-29 15:51:45.644   258   699 I SFPerfTracer:      triggers: (rate: 3:328) (413720 sw vsyncs) (0 skipped) (201:592046 vsyncs) (203:1021131)
11-29 15:51:48.210   258   258 I SFPerfTracer:      triggers: (rate: 48:3131) (compose: 10:481) (post: 0:857) (render: 41:1265) (10:152715 frames) (11:184211)
11-29 15:51:48.210   258   258 D SFPerfTracer:        layers: (5:11) (FocusedStackFrame (0xb76faf08): 0:1814)* (DimLayer (0xb765c9f8): 0:71)* (StatusBar (0xb7700af0): 0:26844) (com.android.systemui.ImageWallpaper (0xb7652330): 0:1298) (Sprite (0xb76bc5c0): 0:33020)* (Sprite (0xb76d2e78): 0:4739)* (Sprite (0xb76e0498): 11:27347) (Sprite (0xb769c898): 0:13)* (NavigationBar (0xb76e3c10): 0:96) (com.google.android.googlequicksearchbox/com.google.android.launcher.GEL (0xb7710688): 0:15) 
11-29 15:51:48.455  1787  3675 I ActivityManager: START u0 {act=android.intent.action.MAIN cat=[android.intent.category.LAUNCHER] flg=0x10200000 cmp=com.whatsapp/.Main bnds=[184,184][360,382] (has extras)} from uid 10046 on display 0
11-29 15:51:48.616  1787  6221 I ActivityManager: START u0 {cmp=com.whatsapp/.HomeActivity} from uid 10114 on display 0
11-29 15:51:48.925   258   258 I SFPerfTracer:      triggers: (rate: 48:3131) (compose: 10:481) (post: 0:858) (render: 41:1265) (13:152737 frames) (14:184243)
11-29 15:51:48.925   258   258 D SFPerfTracer:        layers: (5:14) (FocusedStackFrame (0xb76faf08): 0:1817)* (DimLayer (0xb765c9f8): 0:71)* (StatusBar (0xb7700af0): 0:26844) (com.android.systemui.ImageWallpaper (0xb7652330): 0:1298) (Sprite (0xb76bc5c0): 0:33020)* (Sprite (0xb76d2e78): 0:4739)* (Sprite (0xb76e0498): 1:27361)* (Sprite (0xb769c898): 0:13)* (NavigationBar (0xb76e3c10): 0:96) (com.google.android.googlequicksearchbox/com.google.android.launcher.GEL (0xb7710688): 0:18) (Starting com.whatsapp (0xb7699808): 14:23) 
11-29 15:51:49.333  1787  1806 I LaunchCheckinHandler: Displayed com.whatsapp/.HomeActivity,wp,ca,706
11-29 15:51:49.333  1787  1806 I LaunchCheckinHandler: Displayed com.whatsapp/.Main,wp,ca,820 (total)
11-29 15:51:49.496  1787  2955 D ConnectivityService: notifyType CAP_CHANGED for NetworkAgentInfo [WIFI () - 106]
11-29 15:51:51.760   305  1751 E NetlinkEvent: NetlinkEvent::FindParam(): Parameter 'UID' not found
11-29 15:51:52.508  1787  2955 D ConnectivityService: updateNetworkScore for NetworkAgentInfo [WIFI () - 106] to 60
11-29 15:51:54.859   258   699 I SFPerfTracer:      triggers: (rate: 3:328) (413720 sw vsyncs) (0 skipped) (546:592592 vsyncs) (548:1021679)
11-29 15:51:56.018  1787  6221 I ActivityManager: moveHomeStack, setupComplete:true
11-29 15:51:56.577   258   258 I SFPerfTracer:      triggers: (rate: 48:3132) (compose: 10:481) (post: 0:858) (render: 41:1265) (11:152810 frames) (12:184343)
11-29 15:51:56.577   258   258 D SFPerfTracer:        layers: (4:16) (FocusedStackFrame (0xb76faf08): 0:1822)* (DimLayer (0xb765c9f8): 0:71)* (StatusBar (0xb7700af0): 0:26850) (com.android.systemui.ImageWallpaper (0xb7652330): 0:1300) (Sprite (0xb76bc5c0): 0:33020)* (Sprite (0xb76d2e78): 0:4739)* (Sprite (0xb76e0498): 0:27375)* (Sprite (0xb769c898): 0:13)* (NavigationBar (0xb76e3c10): 9:129) (com.google.android.googlequicksearchbox/com.google.android.launcher.GEL (0xb7710688): 0:18)- (Starting com.whatsapp (0xb7699808): 0:35)- (com.whatsapp/com.whatsapp.HomeActivity (0xb7709288): 11:64)* (com.google.android.googlequicksearchbox/com.google.android.launcher.GEL (0xb7699808): 1:4) 
11-29 15:51:56.658   258   699 I SFPerfTracer:      triggers: (rate: 3:328) (413720 sw vsyncs) (0 skipped) (105:592697 vsyncs) (107:1021786)
11-29 15:51:56.781  1787  3677 I ActivityManager: START u0 {act=com.android.systemui.recents.SHOW_RECENTS flg=0x10804000 cmp=com.android.systemui/.recents.RecentsActivity} from uid 10045 on display 0
11-29 15:51:56.862  1787  1806 I LaunchCheckinHandler: Displayed com.android.systemui/.recents.RecentsActivity,wp,wa,81
11-29 15:51:57.761  1787  1798 I ActivityManager: START u0 {act=android.intent.action.MAIN cat=[android.intent.category.HOME] flg=0x10200000 cmp=com.google.android.googlequicksearchbox/com.google.android.launcher.GEL} from uid 10045 on display 0
11-29 15:51:57.781  1787  4627 I ActivityManager: Killing 21147:com.whatsapp/u0a114 (adj 16): remove task
11-29 15:51:57.856  1787  1797 W ActivityManager: Scheduling restart of crashed service com.whatsapp/.messaging.MessageService in 1000ms
11-29 15:51:57.924  1787  1806 I LaunchCheckinHandler: Displayed com.google.android.googlequicksearchbox/com.google.android.launcher.GEL,wp,wa,163
11-29 15:51:58.661  1787  6219 I ActivityManager: START u0 {act=android.intent.action.MAIN cat=[android.intent.category.LAUNCHER] flg=0x10200000 cmp=com.whatsapp/.Main bnds=[184,184][360,382] (has extras)} from uid 10046 on display 0
11-29 15:51:58.723  1787  4627 I ActivityManager: Start proc 21734:com.whatsapp/u0a114 for activity com.whatsapp/.Main
11-29 15:51:58.725   258   699 I SFPerfTracer:      triggers: (rate: 3:328) (413720 sw vsyncs) (0 skipped) (121:592818 vsyncs) (123:1021909)
11-29 15:51:58.761   258   258 I SFPerfTracer:      triggers: (rate: 48:3134) (compose: 10:481) (post: 0:858) (render: 41:1265) (2:152879 frames) (3:184444)
11-29 15:51:58.761   258   258 D SFPerfTracer:        layers: (5:16) (FocusedStackFrame (0xb76faf08): 0:1828)* (DimLayer (0xb765c9f8): 0:71)* (StatusBar (0xb7700af0): 0:26852) (com.android.systemui.ImageWallpaper (0xb7652330): 0:1300) (Sprite (0xb76bc5c0): 0:33020)* (Sprite (0xb76d2e78): 0:4739)* (Sprite (0xb76e0498): 1:27428) (Sprite (0xb769c898): 0:13)* (NavigationBar (0xb76e3c10): 0:167) (com.google.android.googlequicksearchbox/com.google.android.launcher.GEL (0xb7699808): 0:17)- (com.android.systemui/com.android.systemui.recents.RecentsActivity (0xb7707410): 0:52)- (com.google.android.googlequicksearchbox/com.google.android.launcher.GEL (0xb7699808): 1:15) (Starting com.whatsapp (0xb76d5a50): 2:2)* 
11-29 15:51:59.224  1787  3675 I ActivityManager: START u0 {cmp=com.whatsapp/.HomeActivity} from uid 10114 on display 0
11-29 15:51:59.913  1787  1806 I LaunchCheckinHandler: Displayed com.whatsapp/.HomeActivity,wp,ca,650
11-29 15:51:59.913  1787  1806 I LaunchCheckinHandler: Displayed com.whatsapp/.Main,wp,ca,1201 (total)
11-29 15:52:00.000  1787  2914 V AlarmManager: sending alarm {59149cf type 3 *alarm*:android.intent.action.TIME_TICK}
11-29 15:52:00.002  1787  2914 V AlarmManager: sending alarm {a9429d1 type 3 *alarm*:com.whatsapp.action.HOURLY_CRON}
11-29 15:52:00.003  1787  2914 V AlarmManager: sending alarm {15800f8 type 3 *alarm*:com.whatsapp.action.UPDATE_NTP}
11-29 15:52:00.004  1787  2914 V AlarmManager: sending alarm {9fb17df type 1 *alarm*:com.droid27.tcw.ACTION_TIME_TICK}
11-29 15:52:00.063  1787  1787 V AlarmManager: done {59149cf, *alarm*:android.intent.action.TIME_TICK} [63ms]
11-29 15:52:00.090  1787  1787 V AlarmManager: done {a9429d1, *alarm*:com.whatsapp.action.HOURLY_CRON} [90ms]
11-29 15:52:00.147  1787  1787 V AlarmManager: done {15800f8, *alarm*:com.whatsapp.action.UPDATE_NTP} [147ms]
11-29 15:52:00.184  1787  1787 V AlarmManager: done {9fb17df, *alarm*:com.droid27.tcw.ACTION_TIME_TICK} [184ms]
11-29 15:52:05.408   258   699 I SFPerfTracer:      triggers: (rate: 3:328) (413720 sw vsyncs) (0 skipped) (397:593215 vsyncs) (399:1022308)
11-29 15:52:06.234  1787  4201 I ActivityManager: START u0 {flg=0x14000000 cmp=com.whatsapp/.Conversation (has extras)} from uid 10114 on display 0
11-29 15:52:06.461   258   258 I SFPerfTracer:      triggers: (rate: 48:3137) (compose: 10:481) (post: 0:858) (render: 41:1265) (4:152951 frames) (5:184547)
11-29 15:52:06.461   258   258 D SFPerfTracer:        layers: (3:15) (FocusedStackFrame (0xb76faf08): 0:1833)* (DimLayer (0xb765c9f8): 0:71)* (StatusBar (0xb7700af0): 0:26860) (com.android.systemui.ImageWallpaper (0xb7652330): 0:1301)* (Sprite (0xb76bc5c0): 0:33020)* (Sprite (0xb76d2e78): 0:4739)* (Sprite (0xb76e0498): 1:27449)* (Sprite (0xb769c898): 0:13)* (NavigationBar (0xb76e3c10): 0:167) (com.google.android.googlequicksearchbox/com.google.android.launcher.GEL (0xb7699808): 0:17)- (Starting com.whatsapp (0xb76d5a50): 0:36)- (com.whatsapp/com.whatsapp.HomeActivity (0xb7699808): 5:52) 
11-29 15:52:06.657  1787  1806 I LaunchCheckinHandler: Displayed com.whatsapp/.Conversation,wp,ca,398
11-29 15:52:06.943   258   258 I SFPerfTracer:      triggers: (rate: 48:3139) (compose: 10:482) (post: 0:858) (render: 41:1267) (11:152973 frames) (12:184572)
11-29 15:52:06.943   258   258 D SFPerfTracer:        layers: (5:14) (FocusedStackFrame (0xb76faf08): 1:1835)* (DimLayer (0xb765c9f8): 0:71)* (StatusBar (0xb7700af0): 0:26860) (com.android.systemui.ImageWallpaper (0xb7652330): 0:1301)* (Sprite (0xb76bc5c0): 0:33020)* (Sprite (0xb76d2e78): 0:4739)* (Sprite (0xb76e0498): 0:27449)* (Sprite (0xb769c898): 0:13)* (NavigationBar (0xb76e3c10): 0:167) (DimLayer (0xb7709288): 1:1) (com.whatsapp/com.whatsapp.HomeActivity (0xb7699808): 12:76) (com.whatsapp/com.whatsapp.Conversation (0xb76d5a50): 12:25) 
11-29 15:52:08.935   258   258 I SFPerfTracer:      triggers: (rate: 48:3143) (compose: 10:482) (post: 0:858) (render: 41:1267) (7:153070 frames) (8:184679)
11-29 15:52:08.935   258   258 D SFPerfTracer:        layers: (5:15) (FocusedStackFrame (0xb76faf08): 0:1836)* (DimLayer (0xb765c9f8): 0:71)* (StatusBar (0xb7700af0): 0:26862) (com.android.systemui.ImageWallpaper (0xb7652330): 0:1301)* (Sprite (0xb76bc5c0): 0:33020)* (Sprite (0xb76d2e78): 0:4739)* (Sprite (0xb76e0498): 8:27484) (Sprite (0xb769c898): 0:13)* (NavigationBar (0xb76e3c10): 0:168) (DimLayer (0xb7709288): 0:2)* (com.whatsapp/com.whatsapp.HomeActivity (0xb7699808): 0:77)- (com.whatsapp/com.whatsapp.Conversation (0xb76d5a50): 0:97) (InputMethod (0xb7699808): 2:25) 
11-29 15:52:11.310   258   258 I SFPerfTracer:      triggers: (rate: 48:3144) (compose: 10:482) (post: 0:858) (render: 41:1267) (4:153152 frames) (5:184782)
11-29 15:52:11.310   258   258 D SFPerfTracer:        layers: (6:14) (FocusedStackFrame (0xb76faf08): 0:1836)* (DimLayer (0xb765c9f8): 0:71)* (StatusBar (0xb7700af0): 0:26862) (com.android.systemui.ImageWallpaper (0xb7652330): 0:1301)* (Sprite (0xb76bc5c0): 5:33093) (Sprite (0xb76d2e78): 0:4739)* (Sprite (0xb76e0498): 2:27525) (Sprite (0xb769c898): 0:13)* (NavigationBar (0xb76e3c10): 0:168) (DimLayer (0xb7709288): 0:2)* (com.whatsapp/com.whatsapp.Conversation (0xb76d5a50): 0:106) (InputMethod (0xb7699808): 3:62) 
11-29 15:52:14.145   258   258 I SFPerfTracer:      triggers: (rate: 48:3146) (compose: 10:482) (post: 0:858) (render: 41:1267) (10:153239 frames) (11:184891)
11-29 15:52:14.145   258   258 D SFPerfTracer:        layers: (5:14) (FocusedStackFrame (0xb76faf08): 0:1836)* (DimLayer (0xb765c9f8): 0:71)* (StatusBar (0xb7700af0): 0:26863) (com.android.systemui.ImageWallpaper (0xb7652330): 0:1301)* (Sprite (0xb76bc5c0): 11:33143) (Sprite (0xb76d2e78): 0:4739)* (Sprite (0xb76e0498): 0:27592)* (Sprite (0xb769c898): 0:13)* (NavigationBar (0xb76e3c10): 0:168) (DimLayer (0xb7709288): 0:2)* (com.whatsapp/com.whatsapp.Conversation (0xb76d5a50): 1:117) (InputMethod (0xb7699808): 3:100) 
11-29 15:52:15.115  1787  2914 V AlarmManager: sending alarm {a3665fd type 0 *walarm*:com.google.android.gms/.checkin.EventLogServiceReceiver}
11-29 15:52:15.117  1787  2914 V AlarmManager: sending alarm {fd8b521 type 2 *walarm*:com.whatsapp.messaging.h.CLIENT_PINGER_ACTION}
11-29 15:52:15.117  1787  2914 V AlarmManager: sending alarm {630483d type 3 *alarm*:send_events}
11-29 15:52:15.121  1787  1787 V AlarmManager: done {630483d, *alarm*:send_events} [6ms]
11-29 15:52:15.142  1787  1787 V AlarmManager: done {a3665fd, *walarm*:com.google.android.gms/.checkin.EventLogServiceReceiver} [27ms]
11-29 15:52:15.169  1787  1787 V AlarmManager: done {fd8b521, *walarm*:com.whatsapp.messaging.h.CLIENT_PINGER_ACTION} [54ms]
11-29 15:52:17.967   258   258 I SFPerfTracer:      triggers: (rate: 48:3149) (compose: 10:482) (post: 0:858) (render: 41:1267) (0:153313 frames) (1:184991)
11-29 15:52:17.967   258   258 D SFPerfTracer:        layers: (4:14) (FocusedStackFrame (0xb76faf08): 0:1836)* (DimLayer (0xb765c9f8): 0:71)* (StatusBar (0xb7700af0): 0:26866) (com.android.systemui.ImageWallpaper (0xb7652330): 0:1301)* (Sprite (0xb76bc5c0): 1:33225)* (Sprite (0xb76d2e78): 0:4739)* (Sprite (0xb76e0498): 0:27592)* (Sprite (0xb769c898): 0:13)* (NavigationBar (0xb76e3c10): 0:168) (DimLayer (0xb7709288): 0:2)* (com.whatsapp/com.whatsapp.Conversation (0xb76d5a50): 0:129) (InputMethod (0xb7699808): 0:124) 
11-29 15:52:18.510   258   258 I SFPerfTracer:      triggers: (rate: 48:3150) (compose: 10:483) (post: 0:858) (render: 41:1268) (11:153338 frames) (12:185019)
11-29 15:52:18.510   258   258 D SFPerfTracer:        layers: (5:14) (FocusedStackFrame (0xb76faf08): 0:1836)* (DimLayer (0xb765c9f8): 0:71)* (StatusBar (0xb7700af0): 0:26866) (com.android.systemui.ImageWallpaper (0xb7652330): 0:1301)* (Sprite (0xb76bc5c0): 1:33240)* (Sprite (0xb76d2e78): 0:4739)* (Sprite (0xb76e0498): 11:27608) (Sprite (0xb769c898): 0:13)* (NavigationBar (0xb76e3c10): 0:168) (DimLayer (0xb7709288): 0:2)* (com.whatsapp/com.whatsapp.Conversation (0xb76d5a50): 1:131) (InputMethod (0xb7699808): 4:134) 
11-29 15:52:21.430   258   258 I SFPerfTracer:      triggers: (rate: 48:3154) (compose: 10:485) (post: 0:858) (render: 41:1270) (3:153415 frames) (4:185119)
11-29 15:52:21.430   258   258 D SFPerfTracer:        layers: (6:14) (FocusedStackFrame (0xb76faf08): 0:1836)* (DimLayer (0xb765c9f8): 0:71)* (StatusBar (0xb7700af0): 0:26866) (com.android.systemui.ImageWallpaper (0xb7652330): 0:1301)* (Sprite (0xb76bc5c0): 2:33242) (Sprite (0xb76d2e78): 0:4739)* (Sprite (0xb76e0498): 4:27696) (Sprite (0xb769c898): 0:13)* (NavigationBar (0xb76e3c10): 0:168) (DimLayer (0xb7709288): 0:2)* (com.whatsapp/com.whatsapp.Conversation (0xb76d5a50): 0:141) (InputMethod (0xb7699808): 2:164) 
11-29 15:52:24.493   258   258 I SFPerfTracer:      triggers: (rate: 48:3162) (compose: 10:485) (post: 0:858) (render: 41:1270) (3:153496 frames) (4:185222)
11-29 15:52:24.494   258   258 D SFPerfTracer:        layers: (6:14) (FocusedStackFrame (0xb76faf08): 0:1836)* (DimLayer (0xb765c9f8): 0:71)* (StatusBar (0xb7700af0): 0:26866) (com.android.systemui.ImageWallpaper (0xb7652330): 0:1301)* (Sprite (0xb76bc5c0): 1:33303) (Sprite (0xb76d2e78): 0:4739)* (Sprite (0xb76e0498): 4:27751) (Sprite (0xb769c898): 0:13)* (NavigationBar (0xb76e3c10): 0:168) (DimLayer (0xb7709288): 0:2)* (com.whatsapp/com.whatsapp.Conversation (0xb76d5a50): 0:153) (InputMethod (0xb7699808): 3:197) 
11-29 15:52:25.745   258   258 I SFPerfTracer:      triggers: (rate: 48:3168) (compose: 10:487) (post: 0:859) (render: 41:1273) (10:153548 frames) (11:185283)
11-29 15:52:25.746   258   258 D SFPerfTracer:        layers: (5:14) (FocusedStackFrame (0xb76faf08): 0:1836)* (DimLayer (0xb765c9f8): 0:71)* (StatusBar (0xb7700af0): 0:26866) (com.android.systemui.ImageWallpaper (0xb7652330): 0:1301)* (Sprite (0xb76bc5c0): 1:33346)* (Sprite (0xb76d2e78): 0:4739)* (Sprite (0xb76e0498): 11:27779) (Sprite (0xb769c898): 0:13)* (NavigationBar (0xb76e3c10): 0:168) (DimLayer (0xb7709288): 0:2)* (com.whatsapp/com.whatsapp.Conversation (0xb76d5a50): 2:160) (InputMethod (0xb7699808): 2:215) 
11-29 15:52:27.745   258   258 I SFPerfTracer:      triggers: (rate: 48:3172) (compose: 10:490) (post: 0:860) (render: 41:1278) (10:153608 frames) (11:185362)
11-29 15:52:27.746   258   258 D SFPerfTracer:        layers: (5:14) (FocusedStackFrame (0xb76faf08): 0:1836)* (DimLayer (0xb765c9f8): 0:71)* (StatusBar (0xb7700af0): 0:26866) (com.android.systemui.ImageWallpaper (0xb7652330): 0:1301)* (Sprite (0xb76bc5c0): 0:33375)* (Sprite (0xb76d2e78): 0:4739)* (Sprite (0xb76e0498): 11:27846) (Sprite (0xb769c898): 0:13)* (NavigationBar (0xb76e3c10): 0:168) (DimLayer (0xb7709288): 0:2)* (com.whatsapp/com.whatsapp.Conversation (0xb76d5a50): 2:169) (InputMethod (0xb7699808): 2:246) 
11-29 15:52:28.577   258   258 I SFPerfTracer:      triggers: (rate: 48:3172) (compose: 10:491) (post: 0:861) (render: 41:1281) (12:153640 frames) (13:185401)
11-29 15:52:28.578   258   258 D SFPerfTracer:        layers: (5:14) (FocusedStackFrame (0xb76faf08): 0:1836)* (DimLayer (0xb765c9f8): 0:71)* (StatusBar (0xb7700af0): 0:26866) (com.android.systemui.ImageWallpaper (0xb7652330): 0:1301)* (Sprite (0xb76bc5c0): 12:33402) (Sprite (0xb76d2e78): 0:4739)* (Sprite (0xb76e0498): 0:27860)* (Sprite (0xb769c898): 0:13)* (NavigationBar (0xb76e3c10): 0:168) (DimLayer (0xb7709288): 0:2)* (com.whatsapp/com.whatsapp.Conversation (0xb76d5a50): 1:172) (InputMethod (0xb7699808): 6:264) 
11-29 15:52:30.378   258   258 I SFPerfTracer:      triggers: (rate: 48:3176) (compose: 10:492) (post: 0:861) (render: 41:1282) (13:153672 frames) (14:185443)
11-29 15:52:30.378   258   258 D SFPerfTracer:        layers: (5:14) (FocusedStackFrame (0xb76faf08): 0:1836)* (DimLayer (0xb765c9f8): 0:71)* (StatusBar (0xb7700af0): 0:26866) (com.android.systemui.ImageWallpaper (0xb7652330): 0:1301)* (Sprite (0xb76bc5c0): 0:33421)* (Sprite (0xb76d2e78): 0:4739)* (Sprite (0xb76e0498): 13:27885) (Sprite (0xb769c898): 0:13)* (NavigationBar (0xb76e3c10): 0:168) (DimLayer (0xb7709288): 0:2)* (com.whatsapp/com.whatsapp.Conversation (0xb76d5a50): 2:178) (InputMethod (0xb7699808): 6:281) 
11-29 15:52:30.515   305  1751 E NetlinkEvent: NetlinkEvent::FindParam(): Parameter 'UID' not found
11-29 15:52:34.298   258   258 I SFPerfTracer:      triggers: (rate: 48:3179) (compose: 10:494) (post: 0:861) (render: 41:1284) (0:153744 frames) (1:185543)
11-29 15:52:34.298   258   258 D SFPerfTracer:        layers: (4:14) (FocusedStackFrame (0xb76faf08): 0:1836)* (DimLayer (0xb765c9f8): 0:71)* (StatusBar (0xb7700af0): 0:26866) (com.android.systemui.ImageWallpaper (0xb7652330): 0:1301)* (Sprite (0xb76bc5c0): 0:33433)* (Sprite (0xb76d2e78): 0:4739)* (Sprite (0xb76e0498): 0:27961)* (Sprite (0xb769c898): 0:13)* (NavigationBar (0xb76e3c10): 0:168) (DimLayer (0xb7709288): 0:2)* (com.whatsapp/com.whatsapp.Conversation (0xb76d5a50): 0:190) (InputMethod (0xb7699808): 0:307) 
11-29 15:52:36.696   258   258 I SFPerfTracer:      triggers: (rate: 48:3186) (compose: 10:494) (post: 0:861) (render: 41:1284) (0:153828 frames) (1:185643)
11-29 15:52:36.697   258   258 D SFPerfTracer:        layers: (4:14) (FocusedStackFrame (0xb76faf08): 0:1836)* (DimLayer (0xb765c9f8): 0:71)* (StatusBar (0xb7700af0): 0:26866) (com.android.systemui.ImageWallpaper (0xb7652330): 0:1301)* (Sprite (0xb76bc5c0): 0:33481)* (Sprite (0xb76d2e78): 0:4739)* (Sprite (0xb76e0498): 0:28024)* (Sprite (0xb769c898): 0:13)* (NavigationBar (0xb76e3c10): 0:168) (DimLayer (0xb7709288): 0:2)* (com.whatsapp/com.whatsapp.Conversation (0xb76d5a50): 0:199) (InputMethod (0xb7699808): 0:341) 
11-29 15:52:37.261   258   699 I SFPerfTracer:      triggers: (rate: 3:328) (413720 sw vsyncs) (0 skipped) (1907:595122 vsyncs) (1909:1024217)
11-29 15:52:38.146   258   258 I SFPerfTracer:      triggers: (rate: 48:3188) (compose: 10:494) (post: 0:862) (render: 41:1284) (12:153870 frames) (13:185696)
11-29 15:52:38.146   258   258 D SFPerfTracer:        layers: (5:15) (FocusedStackFrame (0xb76faf08): 0:1836)* (DimLayer (0xb765c9f8): 0:71)* (StatusBar (0xb7700af0): 0:26866) (com.android.systemui.ImageWallpaper (0xb7652330): 0:1301)* (Sprite (0xb76bc5c0): 0:33481)* (Sprite (0xb76d2e78): 0:4739)* (Sprite (0xb76e0498): 0:28057)* (Sprite (0xb769c898): 0:13)* (NavigationBar (0xb76e3c10): 0:169) (DimLayer (0xb7709288): 0:2)* (com.whatsapp/com.whatsapp.Conversation (0xb76d5a50): 12:228) (InputMethod (0xb7699808): 11:355) (PopupWindow:278f2f9 (0xb770d808): 2:6) 
11-29 15:52:39.554   305  1751 E NetlinkEvent: NetlinkEvent::FindParam(): Parameter 'UID' not found
11-29 15:52:40.283   258   258 I SFPerfTracer:      triggers: (rate: 48:3188) (compose: 10:494) (post: 0:862) (render: 41:1284) (39:153962 frames) (40:185801)
11-29 15:52:40.283   258   258 D SFPerfTracer:        layers: (4:16) (FocusedStackFrame (0xb76faf08): 0:1836)* (DimLayer (0xb765c9f8): 0:71)* (StatusBar (0xb7700af0): 0:26866) (com.android.systemui.ImageWallpaper (0xb7652330): 0:1301)* (Sprite (0xb76bc5c0): 0:33481)* (Sprite (0xb76d2e78): 0:4739)* (Sprite (0xb76e0498): 0:28091)* (Sprite (0xb769c898): 0:13)* (NavigationBar (0xb76e3c10): 0:170) (DimLayer (0xb7709288): 0:2)* (com.whatsapp/com.whatsapp.Conversation (0xb76d5a50): 39:299) (InputMethod (0xb7699808): 0:356)- (PopupWindow:278f2f9 (0xb770d808): 0:33)- (InputMethod (0xb7699808): 13:15) 
11-29 15:52:40.783  1787  2955 D ConnectivityService: updateNetworkScore for NetworkAgentInfo [WIFI () - 106] to 56
11-29 15:52:40.961  1787  2916 I PowerManagerService: Going to sleep due to power button (uid 1000)...
11-29 15:52:41.540  1787  1806 I DisplayManagerService: Display device changed state: "Integriertes Display", OFF
11-29 15:52:41.544   258   699 I SFPerfTracer:      triggers: (rate: 3:328) (413720 sw vsyncs) (0 skipped) (255:595377 vsyncs) (257:1024474)
11-29 15:52:41.717  1787  1809 I DreamManagerService: Entering dreamland.
11-29 15:52:41.718  1787  1809 I PowerManagerService: Dozing...
11-29 15:52:41.718  1787  1803 I DreamController: Starting dream: name=ComponentInfo{com.motorola.motodisplay/com.motorola.motodisplay.DozeService}, isTest=false, canDoze=true, userId=0
11-29 15:52:41.903  3000  3000 D StatusBarKeyguardViewManager: showKeyguard, but hide Bouncer
11-29 15:52:43.085  1787  3029 I PowerManagerService: Waking up from dozing (uid 10031)...
11-29 15:52:43.091  1787  6219 I DreamManagerService: Leaving dreamland.
11-29 15:52:43.093  1787  1803 I DreamController: Stopping dream: name=ComponentInfo{com.motorola.motodisplay/com.motorola.motodisplay.DozeService}, isTest=false, canDoze=true, userId=0
11-29 15:52:43.096  1787  1806 I DisplayManagerService: Display device changed state: "Integriertes Display", ON
11-29 15:52:43.100  1787  2914 V AlarmManager: sending alarm {9984555 type 2 *walarm*:com.motorola.slpc.ALARM_ORIENTATION}
11-29 15:52:43.124  1787  1787 V AlarmManager: done {9984555, *walarm*:com.motorola.slpc.ALARM_ORIENTATION} [24ms]
11-29 15:52:43.157  1787  2955 D ConnectivityService: notifyType CAP_CHANGED for NetworkAgentInfo [WIFI () - 106]
11-29 15:52:43.939   258   258 I SFPerfTracer:      triggers: (rate: 48:3193) (compose: 10:494) (post: 0:863) (render: 41:1285) (33:154030 frames) (34:185884)
11-29 15:52:43.939   258   258 D SFPerfTracer:        layers: (2:16) (FocusedStackFrame (0xb76faf08): 0:1837)* (DimLayer (0xb765c9f8): 0:71)* (StatusBar (0xb7700af0): 3:26875) (com.android.systemui.ImageWallpaper (0xb7652330): 1:1303) (Sprite (0xb76bc5c0): 0:33481)* (Sprite (0xb76d2e78): 0:4739)* (Sprite (0xb76e0498): 0:28091)* (Sprite (0xb769c898): 0:13)* (NavigationBar (0xb76e3c10): 0:172)- (DimLayer (0xb7709288): 0:2)* (com.whatsapp/com.whatsapp.Conversation (0xb76d5a50): 34:340)* (InputMethod (0xb7699808): 0:19)* (ColorFade (0xb770e1f0): 0:32)- ( (0xb7711a30): 0:4)- 
11-29 15:52:45.740   258   258 I SFPerfTracer:      triggers: (rate: 48:3193) (compose: 10:495) (post: 0:863) (render: 41:1286) (8:154122 frames) (9:185991)
11-29 15:52:45.740   258   258 D SFPerfTracer:        layers: (4:14) (FocusedStackFrame (0xb76faf08): 0:1837)* (DimLayer (0xb765c9f8): 0:71)* (StatusBar (0xb7700af0): 9:26975) (com.android.systemui.ImageWallpaper (0xb7652330): 0:1303) (Sprite (0xb76bc5c0): 1:33509)* (Sprite (0xb76d2e78): 0:4739)* (Sprite (0xb76e0498): 9:28153) (Sprite (0xb769c898): 0:13)* (DimLayer (0xb7709288): 0:2)* (com.whatsapp/com.whatsapp.Conversation (0xb76d5a50): 9:447)* (InputMethod (0xb7699808): 0:19)* (NavigationBar (0xb770e1f0): 0:18) 
11-29 15:52:45.923   258   258 I SFPerfTracer:      triggers: (rate: 48:3193) (compose: 10:495) (post: 0:864) (render: 41:1286) (10:154132 frames) (11:186002)
11-29 15:52:45.923   258   258 D SFPerfTracer:        layers: (3:14) (FocusedStackFrame (0xb76faf08): 0:1837)* (DimLayer (0xb765c9f8): 0:71)* (StatusBar (0xb7700af0): 11:26986) (com.android.systemui.ImageWallpaper (0xb7652330): 0:1303) (Sprite (0xb76bc5c0): 0:33509)* (Sprite (0xb76d2e78): 0:4739)* (Sprite (0xb76e0498): 1:28154)* (Sprite (0xb769c898): 0:13)* (DimLayer (0xb7709288): 0:2)* (com.whatsapp/com.whatsapp.Conversation (0xb76d5a50): 10:457)* (InputMethod (0xb7699808): 0:19)* (NavigationBar (0xb770e1f0): 0:18) 
11-29 15:52:45.983  1787  1797 W InputMethodManagerService: Window already focused, ignoring focus gain of: com.android.internal.view.IInputMethodClient$Stub$Proxy@48a5a66 attribute=android.view.inputmethod.EditorInfo@757c1a7, token = android.os.BinderProxy@161b64
11-29 15:52:46.093  1787  6221 I ActivityManager: Start proc 21868:com.android.settings/1000 for broadcast com.android.settings/com.motorola.settings.notification.HiddenListenerSettingsReceiver
11-29 15:52:46.149 21868 21868 W ContextImpl: Calling a method in the system process without a qualified user: android.app.ContextImpl.startService:1221 android.content.ContextWrapper.startService:581 android.content.ContextWrapper.startService:581 com.motorola.settings.notification.HiddenListenerSettingsReceiver.onReceive:35 android.app.ActivityThread.handleReceiver:2743 
11-29 15:52:46.165  1787  1787 V NotificationListeners: disabling notification listener for user 0: ComponentInfo{com.motorola.motodisplay/com.motorola.motodisplay.MDNotificationListenerService}
11-29 15:52:46.177  1787  2955 D ConnectivityService: notifyType CAP_CHANGED for NetworkAgentInfo [WIFI () - 106]
11-29 15:52:46.181  1787  2955 D ConnectivityService: updateNetworkScore for NetworkAgentInfo [WIFI () - 106] to 60
11-29 15:52:46.737   258   258 I SFPerfTracer:      triggers: (rate: 48:3197) (compose: 10:498) (post: 0:864) (render: 41:1296) (10:154158 frames) (11:186035)
11-29 15:52:46.737   258   258 D SFPerfTracer:        layers: (4:14) (FocusedStackFrame (0xb76faf08): 0:1839)* (DimLayer (0xb765c9f8): 0:71)* (StatusBar (0xb7700af0): 2:27006) (com.android.systemui.ImageWallpaper (0xb7652330): 1:1314)* (Sprite (0xb76bc5c0): 0:33509)* (Sprite (0xb76d2e78): 0:4739)* (Sprite (0xb76e0498): 0:28154)* (Sprite (0xb769c898): 0:13)* (DimLayer (0xb7709288): 0:4)* (com.whatsapp/com.whatsapp.Conversation (0xb76d5a50): 1:475) (InputMethod (0xb7699808): 0:36) (NavigationBar (0xb770e1f0): 9:29) 
11-29 15:52:49.201  1787  2955 D ConnectivityService: notifyType CAP_CHANGED for NetworkAgentInfo [WIFI () - 106]
11-29 15:52:49.205  1787  2955 D ConnectivityService: updateNetworkScore for NetworkAgentInfo [WIFI () - 106] to 56
11-29 15:52:53.001  1787  1798 I ActivityManager: Killing 21461:com.google.android.gms:snet/u0a17 (adj 13): empty #7
11-29 15:52:54.875   305  1751 E NetlinkEvent: NetlinkEvent::FindParam(): Parameter 'UID' not found
11-29 15:53:00.000  1787  2914 V AlarmManager: sending alarm {59149cf type 3 *alarm*:android.intent.action.TIME_TICK}
11-29 15:53:00.002  1787  2914 V AlarmManager: sending alarm {9fb17df type 1 *alarm*:com.droid27.tcw.ACTION_TIME_TICK}
11-29 15:53:00.038  1787  1787 V AlarmManager: done {9fb17df, *alarm*:com.droid27.tcw.ACTION_TIME_TICK} [38ms]
11-29 15:53:00.040  1787  4628 I ActivityManager: Killing 20460:com.google.android.googlequicksearchbox:search/u0a46 (adj 15): empty #7
11-29 15:53:00.107  1787  2954 D WifiService: Client connection lost with reason: 4
11-29 15:53:00.164  1787  1787 V AlarmManager: done {59149cf, *alarm*:android.intent.action.TIME_TICK} [164ms]
11-29 15:53:08.525   258   258 I SFPerfTracer:      triggers: (rate: 48:3198) (compose: 10:498) (post: 0:864) (render: 41:1296) (0:154165 frames) (1:186135)
11-29 15:53:08.525   258   258 D SFPerfTracer:        layers: (4:14) (FocusedStackFrame (0xb76faf08): 0:1839)* (DimLayer (0xb765c9f8): 0:71)* (StatusBar (0xb7700af0): 0:27015) (com.android.systemui.ImageWallpaper (0xb7652330): 0:1314)* (Sprite (0xb76bc5c0): 0:33509)* (Sprite (0xb76d2e78): 0:4739)* (Sprite (0xb76e0498): 0:28154)* (Sprite (0xb769c898): 0:13)* (DimLayer (0xb7709288): 0:4)* (com.whatsapp/com.whatsapp.Conversation (0xb76d5a50): 0:518) (InputMethod (0xb7699808): 0:36) (NavigationBar (0xb770e1f0): 0:29) 
11-29 15:53:11.693   305  1751 E NetlinkEvent: NetlinkEvent::FindParam(): Parameter 'UID' not found
11-29 15:53:26.715   305  1751 E NetlinkEvent: NetlinkEvent::FindParam(): Parameter 'UID' not found
11-29 15:53:32.560   258   258 I SFPerfTracer:      triggers: (rate: 48:3198) (compose: 10:498) (post: 0:864) (render: 41:1296) (0:154165 frames) (1:186235)
11-29 15:53:32.560   258   258 D SFPerfTracer:        layers: (4:14) (FocusedStackFrame (0xb76faf08): 0:1839)* (DimLayer (0xb765c9f8): 0:71)* (StatusBar (0xb7700af0): 0:27017) (com.android.systemui.ImageWallpaper (0xb7652330): 0:1314)* (Sprite (0xb76bc5c0): 0:33509)* (Sprite (0xb76d2e78): 0:4739)* (Sprite (0xb76e0498): 0:28154)* (Sprite (0xb769c898): 0:13)* (DimLayer (0xb7709288): 0:4)* (com.whatsapp/com.whatsapp.Conversation (0xb76d5a50): 0:566) (InputMethod (0xb7699808): 0:36) (NavigationBar (0xb770e1f0): 0:29) 
11-29 15:53:39.992   258   699 I SFPerfTracer:      triggers: (rate: 3:330) (413809 sw vsyncs) (0 skipped) (3393:598771 vsyncs) (3395:1027961)
11-29 15:53:42.517   305  1751 E NetlinkEvent: NetlinkEvent::FindParam(): Parameter 'UID' not found
11-29 15:53:55.662   258   258 I SFPerfTracer:      triggers: (rate: 48:3200) (compose: 10:498) (post: 0:864) (render: 41:1296) (0:154168 frames) (1:186335)
11-29 15:53:55.662   258   258 D SFPerfTracer:        layers: (4:14) (FocusedStackFrame (0xb76faf08): 0:1839)* (DimLayer (0xb765c9f8): 0:71)* (StatusBar (0xb7700af0): 0:27020) (com.android.systemui.ImageWallpaper (0xb7652330): 0:1314)* (Sprite (0xb76bc5c0): 0:33509)* (Sprite (0xb76d2e78): 0:4739)* (Sprite (0xb76e0498): 0:28154)* (Sprite (0xb769c898): 0:13)* (DimLayer (0xb7709288): 0:4)* (com.whatsapp/com.whatsapp.Conversation (0xb76d5a50): 1:615) (InputMethod (0xb7699808): 0:36) (NavigationBar (0xb770e1f0): 0:29) 
11-29 15:53:56.625   258   699 I SFPerfTracer:      triggers: (rate: 3:331) (413809 sw vsyncs) (0 skipped) (992:599763 vsyncs) (994:1028955)
11-29 15:53:57.956   305  1751 E NetlinkEvent: NetlinkEvent::FindParam(): Parameter 'UID' not found
11-29 15:54:00.001  1787  2914 V AlarmManager: sending alarm {59149cf type 3 *alarm*:android.intent.action.TIME_TICK}
11-29 15:54:00.003  1787  2914 V AlarmManager: sending alarm {9fb17df type 1 *alarm*:com.droid27.tcw.ACTION_TIME_TICK}
11-29 15:54:00.051  1787  1787 V AlarmManager: done {9fb17df, *alarm*:com.droid27.tcw.ACTION_TIME_TICK} [50ms]
11-29 15:54:00.085  1787  1787 V AlarmManager: done {59149cf, *alarm*:android.intent.action.TIME_TICK} [84ms]
11-29 15:54:19.216   258   258 I SFPerfTracer:      triggers: (rate: 48:3205) (compose: 10:498) (post: 0:864) (render: 41:1296) (0:154172 frames) (1:186435)
11-29 15:54:19.217   258   258 D SFPerfTracer:        layers: (4:14) (FocusedStackFrame (0xb76faf08): 0:1839)* (DimLayer (0xb765c9f8): 0:71)* (StatusBar (0xb7700af0): 0:27025) (com.android.systemui.ImageWallpaper (0xb7652330): 0:1314)* (Sprite (0xb76bc5c0): 0:33509)* (Sprite (0xb76d2e78): 0:4739)* (Sprite (0xb76e0498): 0:28154)* (Sprite (0xb769c898): 0:13)* (DimLayer (0xb7709288): 0:4)* (com.whatsapp/com.whatsapp.Conversation (0xb76d5a50): 1:662) (InputMethod (0xb7699808): 0:36) (NavigationBar (0xb770e1f0): 0:29) 
11-29 15:54:26.082  1787  2915 I ActivityManager: START u0 {act=android.intent.action.MAIN cat=[android.intent.category.HOME] flg=0x10200000 cmp=com.google.android.googlequicksearchbox/com.google.android.launcher.GEL (has extras)} from uid 1000 on display 0
11-29 15:54:26.083  1787  2915 I ActivityManager: moveHomeStack, setupComplete:true
11-29 15:54:26.226  1787  6219 I ActivityManager: Start proc 21922:com.google.android.googlequicksearchbox:search/u0a46 for service com.google.android.googlequicksearchbox/com.google.android.apps.gsa.search.core.service.SearchService
11-29 15:54:26.231  1787  1806 I LaunchCheckinHandler: Displayed com.google.android.googlequicksearchbox/com.google.android.launcher.GEL,wp,wa,149
11-29 15:54:26.954  1787  2954 D WifiService: New client listening to asynchronous messages
11-29 15:54:27.096  1787  6221 I ActivityManager: Start proc 21943:com.google.android.partnersetup/u0a20 for content provider com.google.android.partnersetup/.RlzAppProvider
11-29 15:54:41.107  1787  2914 V AlarmManager: sending alarm {87bfd44 type 2 *walarm*:com.whatsapp.alarm.AVAILABLE_TIMEOUT}
11-29 15:54:41.114   305  1751 E NetlinkEvent: NetlinkEvent::FindParam(): Parameter 'UID' not found
11-29 15:54:41.117  1787  1787 V AlarmManager: done {87bfd44, *walarm*:com.whatsapp.alarm.AVAILABLE_TIMEOUT} [10ms]
11-29 15:54:56.476   305  1751 E NetlinkEvent: NetlinkEvent::FindParam(): Parameter 'UID' not found
11-29 15:54:56.481  1787  6221 I ActivityManager: Killing 20230:android.process.acore/u0a8 (adj 15): empty #7
11-29 15:55:00.000  1787  2914 V AlarmManager: sending alarm {59149cf type 3 *alarm*:android.intent.action.TIME_TICK}
11-29 15:55:00.002  1787  2914 V AlarmManager: sending alarm {9fb17df type 1 *alarm*:com.droid27.tcw.ACTION_TIME_TICK}
11-29 15:55:00.056  1787  1787 V AlarmManager: done {9fb17df, *alarm*:com.droid27.tcw.ACTION_TIME_TICK} [56ms]
11-29 15:55:00.069  1787  1787 V AlarmManager: done {59149cf, *alarm*:android.intent.action.TIME_TICK} [68ms]
11-29 15:55:16.624   305  1751 E NetlinkEvent: NetlinkEvent::FindParam(): Parameter 'UID' not found
11-29 15:55:18.586   258   258 I SFPerfTracer:      triggers: (rate: 48:3207) (compose: 10:498) (post: 0:864) (render: 41:1296) (0:154205 frames) (1:186535)
11-29 15:55:18.586   258   258 D SFPerfTracer:        layers: (4:15) (FocusedStackFrame (0xb76faf08): 0:1842)* (DimLayer (0xb765c9f8): 0:71)* (StatusBar (0xb7700af0): 1:27040) (com.android.systemui.ImageWallpaper (0xb7652330): 0:1315) (Sprite (0xb76bc5c0): 0:33509)* (Sprite (0xb76d2e78): 0:4739)* (Sprite (0xb76e0498): 0:28170)* (Sprite (0xb769c898): 0:13)* (DimLayer (0xb7709288): 0:4)* (com.whatsapp/com.whatsapp.Conversation (0xb76d5a50): 0:702)- (InputMethod (0xb7699808): 0:51)- (NavigationBar (0xb770e1f0): 0:62) (com.google.android.googlequicksearchbox/com.google.android.launcher.GEL (0xb7711a10): 0:8) 
11-29 15:55:31.635   305  1751 E NetlinkEvent: NetlinkEvent::FindParam(): Parameter 'UID' not found
11-29 15:55:53.983   258   699 I SFPerfTracer:      triggers: (rate: 3:332) (413809 sw vsyncs) (0 skipped) (7017:606780 vsyncs) (7019:1035974)
11-29 15:55:56.182   258   699 I SFPerfTracer:      triggers: (rate: 3:332) (413809 sw vsyncs) (0 skipped) (129:606909 vsyncs) (131:1036105)
11-29 15:55:59.633   305  1751 E NetlinkEvent: NetlinkEvent::FindParam(): Parameter 'UID' not found
11-29 15:56:00.000  1787  2914 V AlarmManager: sending alarm {59149cf type 3 *alarm*:android.intent.action.TIME_TICK}
11-29 15:56:00.002  1787  2914 V AlarmManager: sending alarm {9fb17df type 1 *alarm*:com.droid27.tcw.ACTION_TIME_TICK}
11-29 15:56:00.040  1787  1787 V AlarmManager: done {9fb17df, *alarm*:com.droid27.tcw.ACTION_TIME_TICK} [40ms]
11-29 15:56:00.070  1787  1787 V AlarmManager: done {59149cf, *alarm*:android.intent.action.TIME_TICK} [70ms]
11-29 15:56:14.675   305  1751 E NetlinkEvent: NetlinkEvent::FindParam(): Parameter 'UID' not found
11-29 15:56:15.116  1787  2914 V AlarmManager: sending alarm {fd8b521 type 2 *walarm*:com.whatsapp.messaging.h.CLIENT_PINGER_ACTION}
11-29 15:56:15.122   305  1751 E NetlinkEvent: NetlinkEvent::FindParam(): Parameter 'UID' not found
