12-01 11:53:56.185   258   699 I chatty  : uid=1000(system) EventThread expire 9 lines
12-01 11:54:00.048  1787  1787 I chatty  : uid=1000 system_server expire 14 lines
12-01 11:54:57.324   305  1751 E NetlinkEvent: NetlinkEvent::FindParam(): Parameter 'UID' not found
12-01 11:54:58.391   258   258 I chatty  : uid=1000(system) /system/bin/surfaceflinger expire 44 lines
12-01 11:54:58.420   305  1751 E NetlinkEvent: NetlinkEvent::FindParam(): Parameter 'UID' not found
12-01 11:57:22.764   305  1751 E NetlinkEvent: NetlinkEvent::FindParam(): Parameter 'UID' not found
12-01 11:57:23.239  1787  2914 I chatty  : uid=1000(system) AlarmManager expire 6 lines
12-01 11:57:23.250  1787  1787 I chatty  : uid=1000 system_server expire 3 lines
12-01 11:57:36.947   258   258 I chatty  : uid=1000(system) /system/bin/surfaceflinger expire 228 lines
12-01 11:57:43.183   305  1751 E NetlinkEvent: NetlinkEvent::FindParam(): Parameter 'UID' not found
12-01 11:58:13.558  1787  2914 I chatty  : uid=1000(system) AlarmManager expire 9 lines
12-01 11:58:13.572  1787  1787 I chatty  : uid=1000 system_server expire 13 lines
12-01 11:58:13.666  3627  3627 I chatty  : uid=1000(system) com.motorola.process.system expire 2 lines
12-01 11:58:40.816   258   699 I chatty  : uid=1000(system) EventThread expire 4 lines
12-01 11:59:58.524  1787  1801 I chatty  : uid=1000(system) ActivityManager expire 2 lines
12-01 12:00:00.601  1787  6221 I chatty  : uid=1000(system) Binder_D expire 1 line
12-01 12:00:00.680  1787  3675 I chatty  : uid=1000(system) Binder_5 expire 2 lines
12-01 12:00:01.266  1787  6220 I chatty  : uid=1000(system) Binder_C expire 2 lines
12-01 12:00:01.785  1787  6215 I chatty  : uid=1000(system) Binder_A expire 1 line
12-01 12:00:01.870  1787  3677 I chatty  : uid=1000(system) Binder_6 expire 1 line
12-01 12:00:02.425  1787  4627 I chatty  : uid=1000(system) Binder_8 expire 1 line
12-01 12:00:02.507  1787  2954 I chatty  : uid=1000(system) WifiService expire 1 line
12-01 12:00:16.191   258   258 I chatty  : uid=1000(system) /system/bin/surfaceflinger expire 103 lines
12-01 12:00:32.373   258   699 I chatty  : uid=1000(system) EventThread expire 5 lines
12-01 12:01:00.001  1787  2914 I chatty  : uid=1000(system) AlarmManager expire 11 lines
12-01 12:01:00.053  1787  1787 I chatty  : uid=1000 system_server expire 11 lines
12-01 12:01:00.054  1787  6215 I chatty  : uid=1000(system) Binder_A expire 2 lines
12-01 12:03:20.505   305  1751 E NetlinkEvent: NetlinkEvent::FindParam(): Parameter 'UID' not found
12-01 12:03:27.839   258   258 I chatty  : uid=1000(system) /system/bin/surfaceflinger expire 19 lines
12-01 12:04:08.577   305  1751 E NetlinkEvent: NetlinkEvent::FindParam(): Parameter 'UID' not found
12-01 12:04:09.310   258   258 I chatty  : uid=1000(system) /system/bin/surfaceflinger expire 43 lines
12-01 12:04:13.633  1787  2914 I chatty  : uid=1000(system) AlarmManager expire 1 line
12-01 12:04:13.638  1787  1787 I chatty  : uid=1000 system_server expire 10 lines
12-01 12:04:52.052   258   258 I chatty  : uid=1000(system) /system/bin/surfaceflinger expire 33 lines
12-01 12:05:00.001  1787  2914 I chatty  : uid=1000(system) AlarmManager expire 11 lines
12-01 12:05:03.085   258   699 I chatty  : uid=1000(system) EventThread expire 5 lines
12-01 12:06:16.938  1787  2915 I chatty  : uid=1000(system) InputDispatcher expire 9 lines
12-01 12:06:17.215  1787  6215 I chatty  : uid=1000(system) Binder_A expire 4 lines
12-01 12:06:17.267  1787  1806 I chatty  : uid=1000(system) android.display expire 18 lines
12-01 12:06:18.015  1787  2217 I chatty  : uid=1000(system) Binder_E expire 3 lines
12-01 12:06:18.332  1787  2954 I chatty  : uid=1000(system) WifiService expire 7 lines
12-01 12:06:19.210  1787  4627 I chatty  : uid=1000(system) Binder_8 expire 5 lines
12-01 12:06:19.386  1787  3675 I chatty  : uid=1000(system) Binder_5 expire 5 lines
12-01 12:06:19.444  1787  6220 I chatty  : uid=1000(system) Binder_C expire 4 lines
12-01 12:06:20.161  1787  1798 I chatty  : uid=1000(system) Binder_2 expire 2 lines
12-01 12:06:20.215  1787  4201 I chatty  : uid=1000(system) Binder_7 expire 4 lines
12-01 12:06:21.870  1787  2916 I chatty  : uid=1000(system) InputReader expire 1 line
12-01 12:06:22.697  1787  1809 I chatty  : uid=1000(system) PowerManagerSer expire 3 lines
12-01 12:06:22.698  1787  1803 I chatty  : uid=1000(system) android.fg expire 6 lines
12-01 12:06:23.001  1787  1801 I chatty  : uid=1000(system) ActivityManager expire 9 lines
12-01 12:06:23.332  3000  3000 D StatusBarKeyguardViewManager: showKeyguard, but hide Bouncer
12-01 12:06:23.370  8546  8546 I chatty  : uid=1000(system) expire 2 lines
12-01 12:06:34.709   305  1751 E NetlinkEvent: NetlinkEvent::FindParam(): Parameter 'UID' not found
12-01 12:06:36.432  1787  1787 I chatty  : uid=1000 system_server expire 17 lines
12-01 12:06:36.435   305  1751 E NetlinkEvent: NetlinkEvent::FindParam(): Parameter 'UID' not found
12-01 12:06:42.543  1787  1797 I chatty  : uid=1000(system) Binder_1 expire 5 lines
12-01 12:06:42.587   258   258 I chatty  : uid=1000(system) /system/bin/surfaceflinger expire 60 lines
12-01 12:06:45.214  1787  6221 I chatty  : uid=1000(system) Binder_D expire 3 lines
12-01 12:06:45.431  1787  3031 I chatty  : uid=1000(system) Binder_4 expire 5 lines
12-01 12:06:46.681  1787  6219 I chatty  : uid=1000(system) Binder_B expire 2 lines
12-01 12:06:48.552   305  1751 E NetlinkEvent: NetlinkEvent::FindParam(): Parameter 'UID' not found
12-01 12:06:57.586  1787  3029 I chatty  : uid=1000(system) Binder_3 expire 1 line
12-01 12:07:00.000  1787  2914 I chatty  : uid=1000(system) AlarmManager expire 11 lines
12-01 12:07:17.944  1787  4628 I chatty  : uid=1000(system) Binder_9 expire 2 lines
12-01 12:07:43.413  1787  1804 I chatty  : uid=1000(system) FileObserver expire 1 line
12-01 12:07:46.138  1787  3677 I chatty  : uid=1000(system) Binder_6 expire 2 lines
12-01 12:08:33.096  1787  1812 I chatty  : uid=1000(system) PackageManager expire 1 line
12-01 12:08:47.825  9080  9080 I chatty  : uid=1000(system) expire 4 lines
12-01 12:09:13.671  1787  1806 I LaunchCheckinHandler: Displayed com.android.settings/.SubSettings,wp,ca,135
12-01 12:09:14.312   258   258 I SFPerfTracer:      triggers: (rate: 310:11521) (compose: 26:1214) (post: 3:4437) (render: 127:3236) (10:478584 frames) (11:540207)
12-01 12:09:14.312   258   258 D SFPerfTracer:        layers: (3:16) (FocusedStackFrame (0xb76faf08): 1:2494)* (DimLayer (0xb765c9f8): 0:71)* (StatusBar (0xb7700af0): 0:40830) (com.android.systemui.ImageWallpaper (0xb7652330): 0:2114)* (Sprite (0xb76bc5c0): 0:49340)* (Sprite (0xb76d2e78): 0:6474)* (Sprite (0xb76e0498): 0:45920)* (Sprite (0xb769c898): 0:27)* (DimLayer (0xb7707410): 0:23)* (DimLayer (0xb7709288): 0:56)* (Sprite (0xb76d7f10): 0:1937)* (Sprite (0xb7711490): 0:9114)* (NavigationBar (0xb7713258): 0:345) (com.android.settings/com.android.settings.Settings (0xb7714520): 0:84)- (com.android.settings/com.android.settings.SubSettings (0xb77194b8): 11:35) 
12-01 12:09:19.297   258   258 I SFPerfTracer:      triggers: (rate: 310:11522) (compose: 26:1214) (post: 3:4437) (render: 127:3236) (3:478675 frames) (4:540310)
12-01 12:09:19.298   258   258 D SFPerfTracer:        layers: (4:16) (FocusedStackFrame (0xb76faf08): 0:2494)* (DimLayer (0xb765c9f8): 0:71)* (StatusBar (0xb7700af0): 0:40830) (com.android.systemui.ImageWallpaper (0xb7652330): 0:2114)* (Sprite (0xb76bc5c0): 0:49340)* (Sprite (0xb76d2e78): 0:6474)* (Sprite (0xb76e0498): 0:45920)* (Sprite (0xb769c898): 0:27)* (DimLayer (0xb7707410): 0:23)* (DimLayer (0xb7709288): 0:56)* (Sprite (0xb76d7f10): 1:1965)* (Sprite (0xb7711490): 0:9114)* (NavigationBar (0xb7713258): 0:345) (com.android.settings/com.android.settings.SubSettings (0xb77194b8): 0:92) (PopupWindow:8afb05 (0xb771b710): 4:53) 
12-01 12:09:21.246   258   258 I SFPerfTracer:      triggers: (rate: 310:11522) (compose: 26:1214) (post: 3:4437) (render: 127:3236) (7:478769 frames) (8:540412)
12-01 12:09:21.246   258   258 D SFPerfTracer:        layers: (3:15) (FocusedStackFrame (0xb76faf08): 0:2494)* (DimLayer (0xb765c9f8): 0:71)* (StatusBar (0xb7700af0): 0:40830) (com.android.systemui.ImageWallpaper (0xb7652330): 0:2114)* (Sprite (0xb76bc5c0): 0:49340)* (Sprite (0xb76d2e78): 0:6474)* (Sprite (0xb76e0498): 0:45920)* (Sprite (0xb769c898): 0:27)* (DimLayer (0xb7707410): 0:23)* (DimLayer (0xb7709288): 0:56)* (Sprite (0xb76d7f10): 1:2046)* (Sprite (0xb7711490): 0:9114)* (NavigationBar (0xb7713258): 0:345) (com.android.settings/com.android.settings.SubSettings (0xb77194b8): 8:190) 
12-01 12:09:23.363   258   258 I SFPerfTracer:      triggers: (rate: 310:11522) (compose: 26:1214) (post: 3:4437) (render: 127:3236) (40:478891 frames) (41:540539)
12-01 12:09:23.364   258   258 D SFPerfTracer:        layers: (4:15) (FocusedStackFrame (0xb76faf08): 0:2494)* (DimLayer (0xb765c9f8): 0:71)* (StatusBar (0xb7700af0): 0:40830) (com.android.systemui.ImageWallpaper (0xb7652330): 0:2114)* (Sprite (0xb76bc5c0): 0:49340)* (Sprite (0xb76d2e78): 0:6474)* (Sprite (0xb76e0498): 0:45920)* (Sprite (0xb769c898): 0:27)* (DimLayer (0xb7707410): 0:23)* (DimLayer (0xb7709288): 0:56)* (Sprite (0xb76d7f10): 40:2147) (Sprite (0xb7711490): 0:9114)* (NavigationBar (0xb7713258): 0:345) (com.android.settings/com.android.settings.SubSettings (0xb77194b8): 41:317) 
12-01 12:09:25.581   258   258 I SFPerfTracer:      triggers: (rate: 310:11523) (compose: 26:1214) (post: 3:4437) (render: 127:3236) (0:478985 frames) (1:540639)
12-01 12:09:25.581   258   258 D SFPerfTracer:        layers: (3:15) (FocusedStackFrame (0xb76faf08): 0:2494)* (DimLayer (0xb765c9f8): 0:71)* (StatusBar (0xb7700af0): 0:40832) (com.android.systemui.ImageWallpaper (0xb7652330): 0:2114)* (Sprite (0xb76bc5c0): 0:49340)* (Sprite (0xb76d2e78): 0:6474)* (Sprite (0xb76e0498): 0:45920)* (Sprite (0xb769c898): 0:27)* (DimLayer (0xb7707410): 0:23)* (DimLayer (0xb7709288): 0:56)* (Sprite (0xb76d7f10): 1:2208)* (Sprite (0xb7711490): 0:9114)* (NavigationBar (0xb7713258): 0:345) (com.android.settings/com.android.settings.SubSettings (0xb77194b8): 0:409) 
12-01 12:09:28.033   258   258 I SFPerfTracer:      triggers: (rate: 310:11523) (compose: 26:1214) (post: 3:4437) (render: 127:3236) (15:479085 frames) (16:540746)
12-01 12:09:28.034   258   258 D SFPerfTracer:        layers: (3:15) (FocusedStackFrame (0xb76faf08): 0:2494)* (DimLayer (0xb765c9f8): 0:71)* (StatusBar (0xb7700af0): 0:40832) (com.android.systemui.ImageWallpaper (0xb7652330): 0:2114)* (Sprite (0xb76bc5c0): 0:49340)* (Sprite (0xb76d2e78): 0:6474)* (Sprite (0xb76e0498): 0:45920)* (Sprite (0xb769c898): 0:27)* (DimLayer (0xb7707410): 0:23)* (DimLayer (0xb7709288): 0:56)* (Sprite (0xb76d7f10): 1:2270)* (Sprite (0xb7711490): 0:9114)* (NavigationBar (0xb7713258): 0:345) (com.android.settings/com.android.settings.SubSettings (0xb77194b8): 16:508) 
12-01 12:09:28.368  1787  3677 I ActivityManager: START u0 {act=android.intent.action.MAIN cmp=com.android.settings/.SubSettings (has extras)} from uid 1000 on display 0
12-01 12:09:28.484  9080  9080 W ContextImpl: Calling a method in the system process without a qualified user: android.app.ContextImpl.sendBroadcast:763 android.content.ContextWrapper.sendBroadcast:396 com.android.settings.applications.PermissionsSummaryHelper.sendPermissionRequest:61 com.android.settings.applications.PermissionsSummaryHelper.getPermissionSummary:34 com.android.settings.applications.InstalledAppDetails.refreshUi:507 
12-01 12:09:28.683  1787  1806 I LaunchCheckinHandler: Displayed com.android.settings/.SubSettings,wp,ca,291
12-01 12:09:28.693  9080  9080 W ContextImpl: Calling a method in the system process without a qualified user: android.app.ContextImpl.sendBroadcast:763 android.content.ContextWrapper.sendBroadcast:396 com.android.settings.applications.PermissionsSummaryHelper.sendPermissionRequest:61 com.android.settings.applications.PermissionsSummaryHelper.getPermissionSummary:34 com.android.settings.applications.InstalledAppDetails.refreshUi:507 
12-01 12:09:28.943   258   258 I SFPerfTracer:      triggers: (rate: 310:11524) (compose: 26:1215) (post: 3:4437) (render: 127:3237) (12:479114 frames) (13:540782)
12-01 12:09:28.943   258   258 D SFPerfTracer:        layers: (5:16) (FocusedStackFrame (0xb76faf08): 1:2497)* (DimLayer (0xb765c9f8): 0:71)* (StatusBar (0xb7700af0): 0:40832) (com.android.systemui.ImageWallpaper (0xb7652330): 0:2114)* (Sprite (0xb76bc5c0): 0:49340)* (Sprite (0xb76d2e78): 0:6474)* (Sprite (0xb76e0498): 0:45920)* (Sprite (0xb769c898): 0:27)* (DimLayer (0xb7707410): 0:23)* (DimLayer (0xb7709288): 1:57) (Sprite (0xb76d7f10): 0:2282)* (Sprite (0xb7711490): 0:9114)* (NavigationBar (0xb7713258): 0:345) (com.android.settings/com.android.settings.SubSettings (0xb77194b8): 13:539) (com.android.settings/com.android.settings.SubSettings (0xb771b710): 13:22) 
12-01 12:09:31.596   258   258 I SFPerfTracer:      triggers: (rate: 310:11524) (compose: 26:1215) (post: 3:4437) (render: 127:3237) (12:479208 frames) (13:540882)
12-01 12:09:31.596   258   258 D SFPerfTracer:        layers: (3:16) (FocusedStackFrame (0xb76faf08): 0:2498)* (DimLayer (0xb765c9f8): 0:71)* (StatusBar (0xb7700af0): 0:40832) (com.android.systemui.ImageWallpaper (0xb7652330): 0:2114)* (Sprite (0xb76bc5c0): 0:49340)* (Sprite (0xb76d2e78): 0:6474)* (Sprite (0xb76e0498): 0:45920)* (Sprite (0xb769c898): 0:27)* (DimLayer (0xb7707410): 0:23)* (DimLayer (0xb7709288): 0:58)* (Sprite (0xb76d7f10): 1:2358)* (Sprite (0xb7711490): 0:9114)* (NavigationBar (0xb7713258): 0:345) (com.android.settings/com.android.settings.SubSettings (0xb77194b8): 0:541)- (com.android.settings/com.android.settings.SubSettings (0xb771b710): 13:119) 
12-01 12:09:35.000   258   258 I SFPerfTracer:      triggers: (rate: 310:11524) (compose: 26:1215) (post: 3:4437) (render: 127:3237) (89:479369 frames) (90:541047)
12-01 12:09:35.000   258   258 D SFPerfTracer:        layers: (4:15) (FocusedStackFrame (0xb76faf08): 0:2498)* (DimLayer (0xb765c9f8): 0:71)* (StatusBar (0xb7700af0): 0:40832) (com.android.systemui.ImageWallpaper (0xb7652330): 0:2114)* (Sprite (0xb76bc5c0): 0:49340)* (Sprite (0xb76d2e78): 0:6474)* (Sprite (0xb76e0498): 0:45920)* (Sprite (0xb769c898): 0:27)* (DimLayer (0xb7707410): 0:23)* (DimLayer (0xb7709288): 0:58)* (Sprite (0xb76d7f10): 88:2494) (Sprite (0xb7711490): 0:9114)* (NavigationBar (0xb7713258): 0:345) (com.android.settings/com.android.settings.SubSettings (0xb771b710): 85:278) 
12-01 12:09:37.731   258   258 I SFPerfTracer:      triggers: (rate: 310:11524) (compose: 26:1215) (post: 3:4437) (render: 127:3237) (1:479460 frames) (2:541147)
12-01 12:09:37.731   258   258 D SFPerfTracer:        layers: (4:16) (FocusedStackFrame (0xb76faf08): 1:2500)* (DimLayer (0xb765c9f8): 0:71)* (StatusBar (0xb7700af0): 0:40832) (com.android.systemui.ImageWallpaper (0xb7652330): 0:2114)* (Sprite (0xb76bc5c0): 0:49340)* (Sprite (0xb76d2e78): 0:6474)* (Sprite (0xb76e0498): 0:45920)* (Sprite (0xb769c898): 0:27)* (DimLayer (0xb7707410): 0:23)* (DimLayer (0xb7709288): 0:58)* (Sprite (0xb76d7f10): 2:2523) (Sprite (0xb7711490): 0:9114)* (NavigationBar (0xb7713258): 2:358) (com.android.settings/com.android.settings.SubSettings (0xb771b710): 0:359) (com.android.settings/com.android.settings.SubSettings (0xb77194b8): 2:3)* 
12-01 12:09:41.246   258   258 I SFPerfTracer:      triggers: (rate: 310:11526) (compose: 26:1215) (post: 3:4437) (render: 127:3237) (15:479550 frames) (16:541251)
12-01 12:09:41.246   258   258 D SFPerfTracer:        layers: (5:17) (FocusedStackFrame (0xb76faf08): 0:2500)* (DimLayer (0xb765c9f8): 0:71)* (StatusBar (0xb7700af0): 0:40832) (com.android.systemui.ImageWallpaper (0xb7652330): 0:2114)* (Sprite (0xb76bc5c0): 0:49340)* (Sprite (0xb76d2e78): 0:6474)* (Sprite (0xb76e0498): 0:45920)* (Sprite (0xb769c898): 0:27)* (DimLayer (0xb7707410): 0:23)* (DimLayer (0xb7709288): 0:58)* (Sprite (0xb76d7f10): 12:2554) (Sprite (0xb7711490): 0:9114)* (NavigationBar (0xb7713258): 0:381) (com.android.settings/com.android.settings.SubSettings (0xb771b710): 0:375)- (com.android.settings/com.android.settings.SubSettings (0xb77194b8): 1:60) (PopupWindow:fee84da (0xb771b710): 15:49) 
12-01 12:09:41.715  1787  1797 I ActivityManager: START u0 {act=android.intent.action.MAIN cmp=com.android.settings/.SubSettings (has extras)} from uid 1000 on display 0
12-01 12:09:41.873  1787  1806 I LaunchCheckinHandler: Displayed com.android.settings/.SubSettings,wp,ca,143
12-01 12:09:42.144   258   258 I SFPerfTracer:      triggers: (rate: 310:11526) (compose: 26:1216) (post: 3:4437) (render: 127:3238) (11:479572 frames) (12:541282)
12-01 12:09:42.144   258   258 D SFPerfTracer:        layers: (5:17) (FocusedStackFrame (0xb76faf08): 0:2503)* (DimLayer (0xb765c9f8): 0:71)* (StatusBar (0xb7700af0): 0:40832) (com.android.systemui.ImageWallpaper (0xb7652330): 0:2114)* (Sprite (0xb76bc5c0): 0:49340)* (Sprite (0xb76d2e78): 0:6474)* (Sprite (0xb76e0498): 0:45920)* (Sprite (0xb769c898): 0:27)* (DimLayer (0xb7707410): 0:23)* (DimLayer (0xb7709288): 0:59) (Sprite (0xb76d7f10): 2:2569)* (Sprite (0xb7711490): 0:9114)* (NavigationBar (0xb7713258): 0:381) (com.android.settings/com.android.settings.SubSettings (0xb77194b8): 12:81) (PopupWindow:fee84da (0xb771b710): 0:53)- (com.android.settings/com.android.settings.SubSettings (0xb771b710): 12:18) 
12-01 12:09:42.761  1787  2914 V AlarmManager: sending alarm {a017b6f type 2 *walarm*:com.android.internal.telephony.data-stall}
12-01 12:09:42.763  1787  1787 V AlarmManager: done {a017b6f, *walarm*:com.android.internal.telephony.data-stall} [2ms]
12-01 12:09:51.275  1787  2915 I ActivityManager: START u0 {act=android.intent.action.MAIN cat=[android.intent.category.HOME] flg=0x10200000 cmp=com.google.android.googlequicksearchbox/com.google.android.launcher.GEL (has extras)} from uid 1000 on display 0
12-01 12:09:51.275  1787  2915 I ActivityManager: moveHomeStack, setupComplete:true
12-01 12:09:51.421  1787  1806 I LaunchCheckinHandler: Displayed com.google.android.googlequicksearchbox/com.google.android.launcher.GEL,wp,wa,145
12-01 12:09:52.354  1787  3029 I ActivityManager: START u0 {act=com.android.systemui.recents.SHOW_RECENTS flg=0x10804000 cmp=com.android.systemui/.recents.RecentsActivity} from uid 10045 on display 0
12-01 12:09:52.443  1787  1806 I LaunchCheckinHandler: Displayed com.android.systemui/.recents.RecentsActivity,wp,wa,88
12-01 12:09:53.046   258   258 I SFPerfTracer:      triggers: (rate: 310:11526) (compose: 26:1216) (post: 3:4437) (render: 127:3238) (21:479662 frames) (22:541399)
12-01 12:09:53.046   258   258 D SFPerfTracer:        layers: (4:18) (FocusedStackFrame (0xb76faf08): 0:2508)* (DimLayer (0xb765c9f8): 0:71)* (StatusBar (0xb7700af0): 0:40836) (com.android.systemui.ImageWallpaper (0xb7652330): 0:2115) (Sprite (0xb76bc5c0): 0:49340)* (Sprite (0xb76d2e78): 0:6474)* (Sprite (0xb76e0498): 0:45920)* (Sprite (0xb769c898): 0:27)* (DimLayer (0xb7707410): 0:23)* (DimLayer (0xb7709288): 0:60)* (Sprite (0xb76d7f10): 0:2595)* (Sprite (0xb7711490): 0:9114)* (NavigationBar (0xb7713258): 14:446) (com.android.settings/com.android.settings.SubSettings (0xb77194b8): 0:82)- (com.android.settings/com.android.settings.SubSettings (0xb771b710): 0:71)- (com.google.android.googlequicksearchbox/com.google.android.launcher.GEL (0xb77194b8): 0:31)- (com.android.systemui/com.android.systemui.recents.RecentsActivity (0xb771b710): 21:34) 
12-01 12:09:53.384  1787  4627 I ActivityManager: Killing 8882:android.process.acore/u0a8 (adj 15): empty #7
12-01 12:09:53.500  1787  4627 I ActivityManager: Killing 9080:com.android.settings/1000 (adj 9): remove task
12-01 12:09:53.575  1787  3029 I WindowState: WIN DEATH: Window{c324632 u0 com.android.settings/com.android.settings.SubSettings}
12-01 12:09:53.576  1787  2954 D WifiService: Client connection lost with reason: 4
12-01 12:09:53.748  1787  2217 I ActivityManager: Killing 8996:SeniorenApp.SeniorenApp/u0a170 (adj 11): remove task
12-01 12:09:53.828  1787  1797 I WindowState: WIN DEATH: Window{36171a1 u0 SeniorenApp.SeniorenApp/md54259e6513023dd8c68a5505c80f1ae41.MainActivity}
12-01 12:09:55.800   258   258 I SFPerfTracer:      triggers: (rate: 310:11526) (compose: 26:1216) (post: 3:4437) (render: 127:3238) (19:479754 frames) (20:541516)
12-01 12:09:55.801   258   258 D SFPerfTracer:        layers: (4:18) (FocusedStackFrame (0xb76faf08): 0:2513)* (DimLayer (0xb765c9f8): 0:71)* (StatusBar (0xb7700af0): 0:40836) (com.android.systemui.ImageWallpaper (0xb7652330): 0:2116)* (Sprite (0xb76bc5c0): 0:49340)* (Sprite (0xb76d2e78): 0:6474)* (Sprite (0xb76e0498): 0:45920)* (Sprite (0xb769c898): 0:27)* (DimLayer (0xb7707410): 0:23)* (DimLayer (0xb7709288): 0:60)* (Sprite (0xb76d7f10): 0:2644)* (Sprite (0xb7711490): 0:9114)* (NavigationBar (0xb7713258): 0:447) (com.android.systemui/com.android.systemui.recents.RecentsActivity (0xb771b710): 0:92)- (com.whatsapp/com.whatsapp.Conversation (0xb77194b8): 20:50) (thumbnail anim (0xb7699b08): 0:21)- (InputMethod (0xb7716140): 0:17) 
12-01 12:09:56.124  1787  2916 I PowerManagerService: Going to sleep due to power button (uid 1000)...
12-01 12:09:56.707  1787  1806 I DisplayManagerService: Display device changed state: "Integriertes Display", OFF
12-01 12:09:56.711   258   699 I SFPerfTracer:      triggers: (rate: 17:840) (799694 sw vsyncs) (0 skipped) (11685:1425706 vsyncs) (11687:2241848)
12-01 12:09:56.889  1787  1809 I DreamManagerService: Entering dreamland.
12-01 12:09:56.890  1787  1809 I PowerManagerService: Dozing...
12-01 12:09:56.890  1787  1803 I DreamController: Starting dream: name=ComponentInfo{com.motorola.motodisplay/com.motorola.motodisplay.DozeService}, isTest=false, canDoze=true, userId=0
12-01 12:09:56.912  1787  1803 I ActivityManager: Start proc 10263:com.motorola.motodisplay/u0a31 for service com.motorola.motodisplay/.DozeService
12-01 12:09:57.246  1787  1804 D UsbAlsaManager: ALSA device removed: AlsaDevice: [card: 1, device: 0, type: 1]
12-01 12:09:57.274  1787  1804 D UsbAlsaManager: Adding ALSA device AlsaDevice: [card: 1, device: 0, type: 1]
12-01 12:09:57.280  1787  1809 I PowerManagerService: Waking up from dozing (uid 1000)...
12-01 12:09:57.332  1787  1806 I DisplayManagerService: Display device changed state: "Integriertes Display", ON
12-01 12:09:57.357  1787  1797 I ActivityManager: Start proc 10297:com.motorola.genie/u0a21 for broadcast com.motorola.genie/.prefetch.PowerStatusReceiver
12-01 12:09:57.391  1787  1787 V NotificationListeners: enabling notification listener for user 0: ComponentInfo{com.motorola.motodisplay/com.motorola.motodisplay.MDNotificationListenerService}
12-01 12:09:57.511  1787  6220 I ActivityManager: Start proc 10350:com.google.android.gms/u0a17 for broadcast com.google.android.gms/com.google.android.libraries.social.autobackup.AutoBackupEnvironment$BatteryReceiver
12-01 12:09:57.526  1787  2217 I ActivityManager: Killing 4062:com.droid27.transparentclockweather/u0a113 (adj 15): empty #7
12-01 12:09:57.662  3000  3000 D StatusBarKeyguardViewManager: showKeyguard, but hide Bouncer
12-01 12:09:58.046  1787  1798 I WindowManager: Screenshot max retries 4 of Token{209fb2 ActivityRecord{f910dbd u0 com.whatsapp/.Conversation t147}} appWin=Window{d45c8b9 u0 com.whatsapp/com.whatsapp.Conversation} drawState=4
12-01 12:09:58.087  1787  4201 I ActivityManager: Start proc 10371:com.google.process.gapps/u0a17 for content provider com.google.android.gsf/.gservices.GservicesProvider
12-01 12:09:58.210  1787  1809 I DreamManagerService: Gently waking up from dream.
12-01 12:09:58.212  1787  1797 I DreamManagerService: Leaving dreamland.
12-01 12:09:58.216  1787  1803 I DreamController: Stopping dream: name=ComponentInfo{com.motorola.motodisplay/com.motorola.motodisplay.DozeService}, isTest=false, canDoze=true, userId=0
12-01 12:09:58.242  1787  1803 D UsbDeviceManager: exited USB accessory mode
12-01 12:09:58.243  1787  1803 I UsbDeviceManager: Setting USB config to mtp,adb
12-01 12:09:58.246  1787  1804 D UsbAlsaManager: ALSA device removed: AlsaDevice: [card: 1, device: 0, type: 1]
12-01 12:09:58.367  1787  4201 I ActivityManager: Start proc 10392:android.process.media/u0a14 for broadcast com.android.providers.media/.MtpReceiver
12-01 12:09:58.593  1787  4201 I ActivityManager: Start proc 10412:com.android.settings/1000 for broadcast com.android.settings/com.motorola.settings.notification.HiddenListenerSettingsReceiver
12-01 12:09:58.595  1787  4201 I ActivityManager: Killing 9093:com.android.cellbroadcastreceiver/u0a7 (adj 15): empty #7
12-01 12:09:58.677  1787  3677 I ActivityManager: Killing 9304:com.android.packageinstaller/u0a87 (adj 15): empty #7
12-01 12:09:58.762 10412 10412 W ContextImpl: Calling a method in the system process without a qualified user: android.app.ContextImpl.startService:1221 android.content.ContextWrapper.startService:581 android.content.ContextWrapper.startService:581 com.motorola.settings.notification.HiddenListenerSettingsReceiver.onReceive:35 android.app.ActivityThread.handleReceiver:2743 
12-01 12:09:58.802  1787  6221 W BroadcastQueue: Permission Denial: broadcasting Intent { act=com.motorola.cce.Actions.CCE_SEND_SETTINGS flg=0x10 (has extras) } from com.motorola.genie (pid=10297, uid=10021) is not exported from uid 10000 due to receiver com.motorola.ccc.checkin/com.motorola.blur.service.blur.SharedSettingsReceiver
12-01 12:09:58.809  1787  3675 W BroadcastQueue: Permission Denial: broadcasting Intent { act=com.motorola.cce.Actions.CCE_SEND_SETTINGS flg=0x10 (has extras) } from com.motorola.genie (pid=10297, uid=10021) is not exported from uid 10000 due to receiver com.motorola.ccc.notification/com.motorola.blur.service.blur.SharedSettingsReceiver
12-01 12:09:58.811  1787  1801 W BroadcastQueue: Permission Denial: broadcasting Intent { act=com.motorola.cce.Actions.CCE_SEND_SETTINGS flg=0x10 (has extras) } from com.motorola.genie (pid=10297, uid=10021) is not exported from uid 10027 due to receiver com.motorola.MotGallery2/com.motorola.blur.service.blur.SharedSettingsReceiver
12-01 12:09:58.857  1787  4201 I ActivityManager: Killing 9122:com.android.defcontainer/u0a10 (adj 15): empty #7
12-01 12:09:58.965  1787  3677 I ActivityManager: Start proc 10428:SeniorenApp.SeniorenApp/u0a170 for broadcast SeniorenApp.SeniorenApp/md5f533d049e9e99636f613eae8ee0c19c0.DisconnectReceiver
12-01 12:09:59.899  1787  3677 I ActivityManager: Start proc 10443:com.motorola.context/u0a103 for broadcast com.motorola.context/.publisher.location.LocationReceiver
12-01 12:09:59.901  1787  3677 I ActivityManager: Killing 8724:com.google.android.googlequicksearchbox:search/u0a46 (adj 15): empty #7
12-01 12:10:00.005  1787  2954 D WifiService: Client connection lost with reason: 4
12-01 12:10:00.013  1787  2914 V AlarmManager: sending alarm {59149cf type 3 *alarm*:android.intent.action.TIME_TICK}
12-01 12:10:00.029  1787  2914 V AlarmManager: sending alarm {9fb17df type 1 *alarm*:com.droid27.tcw.ACTION_TIME_TICK}
12-01 12:10:00.139  1787  1787 V AlarmManager: done {59149cf, *alarm*:android.intent.action.TIME_TICK} [138ms]
12-01 12:10:00.185  1787  3031 I ActivityManager: Start proc 10457:com.droid27.transparentclockweather/u0a113 for broadcast com.droid27.transparentclockweather/.Widget_2x1
12-01 12:10:00.193  1787  6220 I ActivityManager: Killing 8811:com.motorola.groundloopnoisepreventer/u0a73 (adj 15): empty #7
12-01 12:10:00.516  1787  3031 I ActivityManager: Killing 10297:com.motorola.genie/u0a21 (adj 15): empty #7
12-01 12:10:00.517  1787  1787 V AlarmManager: done {9fb17df, *alarm*:com.droid27.tcw.ACTION_TIME_TICK} [516ms]
12-01 12:10:00.981   258   258 I SFPerfTracer:      triggers: (rate: 310:11532) (compose: 26:1216) (post: 3:4437) (render: 127:3238) (6:479835 frames) (7:541616)
12-01 12:10:00.982   258   258 D SFPerfTracer:        layers: (3:18) (FocusedStackFrame (0xb76faf08): 0:2514)* (DimLayer (0xb765c9f8): 0:71)* (StatusBar (0xb7700af0): 0:40880) (com.android.systemui.ImageWallpaper (0xb7652330): 0:2117) (Sprite (0xb76bc5c0): 0:49340)* (Sprite (0xb76d2e78): 0:6474)* (Sprite (0xb76e0498): 0:45920)* (Sprite (0xb769c898): 0:27)* (DimLayer (0xb7707410): 0:23)* (DimLayer (0xb7709288): 0:60)* (Sprite (0xb76d7f10): 7:2651) (Sprite (0xb7711490): 0:9114)* (NavigationBar (0xb7713258): 0:449)- (com.whatsapp/com.whatsapp.Conversation (0xb77194b8): 0:72)* (InputMethod (0xb7716140): 0:22)* (ColorFade (0xb7699b08): 0:32)- ( (0xb771e768): 0:4)- 
12-01 12:10:02.397  1787  2914 V AlarmManager: sending alarm {9214d0d type 3 *alarm*:send_events}
12-01 12:10:02.418  1787  2914 I ActivityManager: Start proc 10479:com.google.android.googlequicksearchbox:search/u0a46 for service com.google.android.googlequicksearchbox/com.google.android.apps.gsa.eventlogger.EventLoggerService
12-01 12:10:02.421  1787  1787 V AlarmManager: done {9214d0d, *alarm*:send_events} [25ms]
12-01 12:10:02.811  1787  4627 I ActivityManager: Killing 10392:android.process.media/u0a14 (adj 15): empty #7
12-01 12:10:02.867  1787  2954 D WifiService: New client listening to asynchronous messages
12-01 12:10:02.979  1787  6219 I ActivityManager: Start proc 10508:com.google.android.partnersetup/u0a20 for content provider com.google.android.partnersetup/.RlzAppProvider
12-01 12:10:02.994  1787  1798 I ActivityManager: Killing 10412:com.android.settings/1000 (adj 15): empty #7
12-01 12:10:06.812  1787  2916 I PowerManagerService: Going to sleep due to power button (uid 1000)...
12-01 12:10:07.357  1787  1806 I DisplayManagerService: Display device changed state: "Integriertes Display", OFF
12-01 12:10:07.381   258   699 I SFPerfTracer:      triggers: (rate: 17:840) (799730 sw vsyncs) (0 skipped) (586:1426300 vsyncs) (588:2242482)
12-01 12:10:07.548  1787  1809 I DreamManagerService: Entering dreamland.
12-01 12:10:07.548  1787  1809 I PowerManagerService: Dozing...
12-01 12:10:07.549  1787  1803 I DreamController: Starting dream: name=ComponentInfo{com.motorola.motodisplay/com.motorola.motodisplay.DozeService}, isTest=false, canDoze=true, userId=0
12-01 12:10:10.008  1787  1801 I ActivityManager: Start proc 10547:android.process.acore/u0a8 for broadcast com.android.providers.contacts/.PackageIntentReceiver
12-01 12:10:10.051  3000  3000 D StatusBarKeyguardViewManager: showKeyguard, but hide Bouncer
12-01 12:10:10.150  1787  2217 I ActivityManager: Killing 10428:SeniorenApp.SeniorenApp/u0a170 (adj 15): empty #7
12-01 12:10:12.103  1787  2914 V AlarmManager: sending alarm {f4d8308 type 2 *walarm*:com.motorola.slpc.ALARM_STOWED}
12-01 12:10:12.106  1787  1787 V AlarmManager: done {f4d8308, *walarm*:com.motorola.slpc.ALARM_STOWED} [2ms]
12-01 12:10:13.107  1787  2914 V AlarmManager: sending alarm {f4d8308 type 2 *walarm*:com.motorola.slpc.ALARM_STOWED}
12-01 12:10:13.110  1787  1787 V AlarmManager: done {f4d8308, *walarm*:com.motorola.slpc.ALARM_STOWED} [2ms]
12-01 12:10:25.312  1787  1801 I ActivityManager: Waited long enough for: ServiceRecord{5c86cef u0 com.google.android.gms/.icing.service.IndexWorkerService}
12-01 12:10:27.152  1787  2914 V AlarmManager: sending alarm {4849c12 type 2 *walarm*:com.google.android.intent.action.SEND_IDLE}
12-01 12:10:27.166  1787  1787 V AlarmManager: done {4849c12, *walarm*:com.google.android.intent.action.SEND_IDLE} [13ms]
12-01 12:10:27.168   305  1751 E NetlinkEvent: NetlinkEvent::FindParam(): Parameter 'UID' not found
12-01 12:10:39.355   305  1751 E NetlinkEvent: NetlinkEvent::FindParam(): Parameter 'UID' not found
12-01 12:11:11.267  1787  2914 V AlarmManager: sending alarm {59149cf type 3 *alarm*:android.intent.action.TIME_TICK}
12-01 12:11:11.269  1787  2914 V AlarmManager: sending alarm {cabad7e type 3 *alarm*:com.android.server.action.NETWORK_STATS_POLL}
12-01 12:11:11.269  1787  2914 V AlarmManager: sending alarm {5378bd7 type 2 *walarm*:com.whatsapp.messaging.h.CLIENT_PINGER_ACTION}
12-01 12:11:11.270  1787  2914 V AlarmManager: sending alarm {a9429d1 type 3 *alarm*:com.whatsapp.action.HOURLY_CRON}
12-01 12:11:11.270  1787  2914 V AlarmManager: sending alarm {9fb17df type 1 *alarm*:com.droid27.tcw.ACTION_TIME_TICK}
12-01 12:11:11.318  1787  1787 V AlarmManager: done {cabad7e, *alarm*:com.android.server.action.NETWORK_STATS_POLL} [51ms]
12-01 12:11:11.322  1787  1787 V AlarmManager: done {5378bd7, *walarm*:com.whatsapp.messaging.h.CLIENT_PINGER_ACTION} [55ms]
12-01 12:11:11.325   305  1751 E NetlinkEvent: NetlinkEvent::FindParam(): Parameter 'UID' not found
12-01 12:11:11.346  1787  1787 V AlarmManager: done {a9429d1, *alarm*:com.whatsapp.action.HOURLY_CRON} [80ms]
12-01 12:11:11.372  1787  1787 V AlarmManager: done {9fb17df, *alarm*:com.droid27.tcw.ACTION_TIME_TICK} [106ms]
12-01 12:11:11.410  1787  1787 V AlarmManager: done {59149cf, *alarm*:android.intent.action.TIME_TICK} [143ms]
12-01 12:12:29.012   305  1751 E NetlinkEvent: NetlinkEvent::FindParam(): Parameter 'UID' not found
12-01 12:14:28.846  1787  2914 V AlarmManager: sending alarm {59149cf type 3 *alarm*:android.intent.action.TIME_TICK}
12-01 12:14:28.850  1787  2914 V AlarmManager: sending alarm {9fb17df type 1 *alarm*:com.droid27.tcw.ACTION_TIME_TICK}
12-01 12:14:28.851  1787  2914 V AlarmManager: sending alarm {9fb17df type 1 *alarm*:com.droid27.tcw.ACTION_TIME_TICK}
12-01 12:14:28.857  1787  2914 V AlarmManager: sending alarm {9fb17df type 1 *alarm*:com.droid27.tcw.ACTION_TIME_TICK}
12-01 12:14:28.895  1787  1787 V AlarmManager: done {9fb17df, *alarm*:com.droid27.tcw.ACTION_TIME_TICK} [51ms]
12-01 12:14:28.926  1787  1787 V AlarmManager: done {9fb17df, *alarm*:com.droid27.tcw.ACTION_TIME_TICK} [82ms]
12-01 12:14:28.948  1787  1787 V AlarmManager: done {9fb17df, *alarm*:com.droid27.tcw.ACTION_TIME_TICK} [104ms]
12-01 12:14:28.991  1787  1787 V AlarmManager: done {59149cf, *alarm*:android.intent.action.TIME_TICK} [147ms]
12-01 12:15:05.919  1787  2914 V AlarmManager: sending alarm {59149cf type 3 *alarm*:android.intent.action.TIME_TICK}
12-01 12:15:05.922  1787  2914 V AlarmManager: sending alarm {9fb17df type 1 *alarm*:com.droid27.tcw.ACTION_TIME_TICK}
12-01 12:15:05.927  1787  2914 V AlarmManager: sending alarm {c0faab0 type 0 *walarm*:com.droid27.transparentclockweather/.receivers.WeatherUpdateReceiver}
12-01 12:15:05.973  1787  1787 V AlarmManager: done {9fb17df, *alarm*:com.droid27.tcw.ACTION_TIME_TICK} [54ms]
12-01 12:15:06.061  1787  1787 V AlarmManager: done {59149cf, *alarm*:android.intent.action.TIME_TICK} [143ms]
12-01 12:15:06.301  1787  1787 V AlarmManager: done {c0faab0, *walarm*:com.droid27.transparentclockweather/.receivers.WeatherUpdateReceiver} [383ms]
12-01 12:15:08.771   305  1751 E NetlinkEvent: NetlinkEvent::FindParam(): Parameter 'UID' not found
12-01 12:15:22.980   305  1751 E NetlinkEvent: NetlinkEvent::FindParam(): Parameter 'UID' not found
12-01 12:15:23.941   305  1751 E NetlinkEvent: NetlinkEvent::FindParam(): Parameter 'UID' not found
12-01 12:15:43.200   305  1751 E NetlinkEvent: NetlinkEvent::FindParam(): Parameter 'UID' not found
12-01 12:16:11.282  1787  2914 V AlarmManager: sending alarm {59149cf type 3 *alarm*:android.intent.action.TIME_TICK}
12-01 12:16:11.286  1787  2914 V AlarmManager: sending alarm {5378bd7 type 2 *walarm*:com.whatsapp.messaging.h.CLIENT_PINGER_ACTION}
12-01 12:16:11.288  1787  2914 V AlarmManager: sending alarm {a017b6f type 2 *walarm*:com.android.internal.telephony.data-stall}
12-01 12:16:11.298  1787  2914 V AlarmManager: sending alarm {9fb17df type 1 *alarm*:com.droid27.tcw.ACTION_TIME_TICK}
12-01 12:16:11.310  1787  1787 V AlarmManager: done {5378bd7, *walarm*:com.whatsapp.messaging.h.CLIENT_PINGER_ACTION} [33ms]
12-01 12:16:11.311   305  1751 E NetlinkEvent: NetlinkEvent::FindParam(): Parameter 'UID' not found
12-01 12:16:11.312  1787  1787 V AlarmManager: done {a017b6f, *walarm*:com.android.internal.telephony.data-stall} [35ms]
12-01 12:16:11.342  1787  1787 V AlarmManager: done {9fb17df, *alarm*:com.droid27.tcw.ACTION_TIME_TICK} [64ms]
12-01 12:16:11.445  1787  1787 V AlarmManager: done {59149cf, *alarm*:android.intent.action.TIME_TICK} [168ms]
12-01 12:16:22.282  1787  2914 V AlarmManager: sending alarm {7c749bf type 2 *walarm*:com.whatsapp.messaging.h.LOGOUT_ACTION}
12-01 12:16:22.291  1787  1787 V AlarmManager: done {7c749bf, *walarm*:com.whatsapp.messaging.h.LOGOUT_ACTION} [10ms]
12-01 12:17:27.169   305  1751 E NetlinkEvent: NetlinkEvent::FindParam(): Parameter 'UID' not found
12-01 12:19:28.232   305  1751 E NetlinkEvent: NetlinkEvent::FindParam(): Parameter 'UID' not found
12-01 12:19:28.238  1787  6219 I ActivityManager: Killing 10443:com.motorola.context/u0a103 (adj 13): empty #7
12-01 12:19:58.285   305  1751 E NetlinkEvent: NetlinkEvent::FindParam(): Parameter 'UID' not found
12-01 12:22:21.126  1787  2914 V AlarmManager: sending alarm {59149cf type 3 *alarm*:android.intent.action.TIME_TICK}
12-01 12:22:21.131  1787  2914 V AlarmManager: sending alarm {10cc88c type 1 *alarm*:com.google.android.googlequicksearchbox/com.google.android.apps.gsa.speech.grammar.GrammarCompilationService}
12-01 12:22:21.139  1787  2914 V AlarmManager: sending alarm {a017b6f type 2 *walarm*:com.android.internal.telephony.data-stall}
12-01 12:22:21.140  1787  2914 V AlarmManager: sending alarm {b964cf0 type 0 *walarm*:com.google.android.googlequicksearchbox/com.google.android.apps.gsa.tasks.VelvetBackgroundTasksIntentService}
12-01 12:22:21.157  1787  2914 V AlarmManager: sending alarm {4b0c2db type 2 *walarm*:com.google.android.gms.measurement.UPLOAD}
12-01 12:22:21.158  1787  2914 V AlarmManager: sending alarm {9fb17df type 1 *alarm*:com.droid27.tcw.ACTION_TIME_TICK}
12-01 12:22:21.161  1787  2914 V AlarmManager: sending alarm {9fb17df type 1 *alarm*:com.droid27.tcw.ACTION_TIME_TICK}
12-01 12:22:21.161  1787  2914 V AlarmManager: sending alarm {9fb17df type 1 *alarm*:com.droid27.tcw.ACTION_TIME_TICK}
12-01 12:22:21.161  1787  2914 V AlarmManager: sending alarm {9fb17df type 1 *alarm*:com.droid27.tcw.ACTION_TIME_TICK}
12-01 12:22:21.162  1787  2914 V AlarmManager: sending alarm {9d92d9f type 1 *alarm*:com.motorola.motocare.trigger.AlarmTrigger.HourlyAlarmTrigger}
12-01 12:22:21.166  1787  1787 V AlarmManager: done {10cc88c, *alarm*:com.google.android.googlequicksearchbox/com.google.android.apps.gsa.speech.grammar.GrammarCompilationService} [41ms]
12-01 12:22:21.166  1787  1787 V AlarmManager: done {b964cf0, *walarm*:com.google.android.googlequicksearchbox/com.google.android.apps.gsa.tasks.VelvetBackgroundTasksIntentService} [41ms]
12-01 12:22:21.166  1787  1787 V AlarmManager: done {a017b6f, *walarm*:com.android.internal.telephony.data-stall} [41ms]
12-01 12:22:21.193  1787  1787 V AlarmManager: done {4b0c2db, *walarm*:com.google.android.gms.measurement.UPLOAD} [68ms]
12-01 12:22:21.205  1787  1806 I DisplayManagerService: Display device changed state: "Integriertes Display", DOZE
12-01 12:22:21.254  1787  1787 V AlarmManager: done {9fb17df, *alarm*:com.droid27.tcw.ACTION_TIME_TICK} [129ms]
12-01 12:22:21.279   305  1751 E NetlinkEvent: NetlinkEvent::FindParam(): Parameter 'UID' not found
12-01 12:22:21.304  1787  1787 V AlarmManager: done {9fb17df, *alarm*:com.droid27.tcw.ACTION_TIME_TICK} [179ms]
12-01 12:22:21.332  1787  1787 V AlarmManager: done {9fb17df, *alarm*:com.droid27.tcw.ACTION_TIME_TICK} [207ms]
12-01 12:22:21.356  1787  1787 V AlarmManager: done {9fb17df, *alarm*:com.droid27.tcw.ACTION_TIME_TICK} [231ms]
12-01 12:22:21.359  1787  1787 V AlarmManager: done {9d92d9f, *alarm*:com.motorola.motocare.trigger.AlarmTrigger.HourlyAlarmTrigger} [234ms]
12-01 12:22:21.448   258   699 I SFPerfTracer:      triggers: (rate: 17:840) (805004 sw vsyncs) (0 skipped) (0:1426316 vsyncs) (5272:2247774)
12-01 12:22:21.483  1787  1787 V AlarmManager: done {59149cf, *alarm*:android.intent.action.TIME_TICK} [357ms]
12-01 12:22:21.718   258   258 I SFPerfTracer:      triggers: (rate: 310:11534) (compose: 26:1216) (post: 3:4438) (render: 127:3239) (10:479929 frames) (11:541726)
12-01 12:22:21.718   258   258 D SFPerfTracer:        layers: (1:17) (FocusedStackFrame (0xb76faf08): 0:2514)* (DimLayer (0xb765c9f8): 0:71)* (StatusBar (0xb7700af0): 4:40932)* (com.android.systemui.ImageWallpaper (0xb7652330): 0:2119)* (Sprite (0xb76bc5c0): 0:49340)* (Sprite (0xb76d2e78): 0:6474)* (Sprite (0xb76e0498): 0:45920)* (Sprite (0xb769c898): 0:27)* (DimLayer (0xb7707410): 0:23)* (DimLayer (0xb7709288): 0:60)* (Sprite (0xb76d7f10): 0:2675)* (Sprite (0xb7711490): 0:9114)* (com.whatsapp/com.whatsapp.Conversation (0xb77194b8): 1:73)* (InputMethod (0xb7716140): 1:23)* (ColorFade (0xb771ac50): 0:31)- ( (0xb7699980): 11:15) 
12-01 12:22:21.809  1787  3029 I PowerManagerService: Waking up from dozing (uid 10031)...
12-01 12:22:21.813  1787  3677 I DreamManagerService: Leaving dreamland.
12-01 12:22:21.814  1787  1803 I DreamController: Stopping dream: name=ComponentInfo{com.motorola.motodisplay/com.motorola.motodisplay.DozeService}, isTest=false, canDoze=true, userId=0
12-01 12:22:21.821  1787  1806 I DisplayManagerService: Display device changed state: "Integriertes Display", ON
12-01 12:22:21.827  1787  2914 V AlarmManager: sending alarm {f4d8308 type 2 *walarm*:com.motorola.slpc.ALARM_STOWED}
12-01 12:22:21.834  1787  1787 V AlarmManager: done {f4d8308, *walarm*:com.motorola.slpc.ALARM_STOWED} [8ms]
12-01 12:22:21.908  1787  1801 I ActivityManager: Start proc 11133:com.motorola.context/u0a103 for broadcast com.motorola.context/.publisher.location.LocationReceiver
12-01 12:22:22.381  1787  6221 D ConnectivityService: listenForNetwork for Listen from uid/pid:10046/10479 for NetworkRequest [ id=68, legacyType=-1, [ Capabilities: INTERNET&NOT_RESTRICTED&TRUSTED] ]
12-01 12:22:31.810  1787  1809 I PowerManagerService: Going to sleep due to screen timeout (uid 1000)...
12-01 12:22:32.349  1787  1806 I DisplayManagerService: Display device changed state: "Integriertes Display", OFF
12-01 12:22:32.351   258   699 I SFPerfTracer:      triggers: (rate: 17:840) (805004 sw vsyncs) (0 skipped) (651:1426967 vsyncs) (653:2248427)
12-01 12:22:32.536  1787  1809 I DreamManagerService: Entering dreamland.
12-01 12:22:32.536  1787  1809 I PowerManagerService: Dozing...
12-01 12:22:32.537  1787  1803 I DreamController: Starting dream: name=ComponentInfo{com.motorola.motodisplay/com.motorola.motodisplay.DozeService}, isTest=false, canDoze=true, userId=0
12-01 12:22:32.640  3000  3000 D StatusBarKeyguardViewManager: showKeyguard, but hide Bouncer
12-01 12:22:34.934   258   699 I SFPerfTracer:      triggers: (rate: 17:840) (805006 sw vsyncs) (0 skipped) (152:1427119 vsyncs) (155:2248582)
12-01 12:22:35.792   305  1751 E NetlinkEvent: NetlinkEvent::FindParam(): Parameter 'UID' not found
12-01 12:22:38.923   305  1751 E NetlinkEvent: NetlinkEvent::FindParam(): Parameter 'UID' not found
12-01 12:22:53.252   305  1751 E NetlinkEvent: NetlinkEvent::FindParam(): Parameter 'UID' not found
12-01 12:22:53.263  1787  3675 I ActivityManager: Killing 10508:com.google.android.partnersetup/u0a20 (adj 15): empty #7
12-01 12:22:53.801  1787  1806 I DisplayManagerService: Display device changed state: "Integriertes Display", DOZE
12-01 12:22:54.049   258   699 I SFPerfTracer:      triggers: (rate: 17:840) (806022 sw vsyncs) (0 skipped) (0:1427119 vsyncs) (1017:2249599)
12-01 12:22:54.305   258   258 I SFPerfTracer:      triggers: (rate: 310:11539) (compose: 26:1216) (post: 3:4439) (render: 127:3239) (10:479978 frames) (11:541833)
12-01 12:22:54.305   258   258 D SFPerfTracer:        layers: (1:18) (FocusedStackFrame (0xb76faf08): 0:2514)* (DimLayer (0xb765c9f8): 0:71)* (StatusBar (0xb7700af0): 3:40946)* (com.android.systemui.ImageWallpaper (0xb7652330): 0:2122)* (Sprite (0xb76bc5c0): 0:49340)* (Sprite (0xb76d2e78): 0:6474)* (Sprite (0xb76e0498): 0:45920)* (Sprite (0xb769c898): 0:27)* (DimLayer (0xb7707410): 0:23)* (DimLayer (0xb7709288): 0:60)* (Sprite (0xb76d7f10): 0:2675)* (Sprite (0xb7711490): 0:9114)* (com.whatsapp/com.whatsapp.Conversation (0xb77194b8): 1:96)* (InputMethod (0xb7716140): 1:24)* ( (0xb7699980): 0:15)- (ColorFade (0xb771ac50): 0:31)- ( (0xb7699808): 11:15) 
12-01 12:22:54.783  1787  2914 V AlarmManager: sending alarm {9984555 type 2 *walarm*:com.motorola.slpc.ALARM_ORIENTATION}
12-01 12:22:54.788  1787  1787 V AlarmManager: done {9984555, *walarm*:com.motorola.slpc.ALARM_ORIENTATION} [6ms]
12-01 12:22:56.963  1787  1806 I DisplayManagerService: Display device changed state: "Integriertes Display", OFF
12-01 12:22:56.986   258   699 I SFPerfTracer:      triggers: (rate: 17:840) (806022 sw vsyncs) (0 skipped) (174:1427293 vsyncs) (176:2249775)
12-01 12:23:05.739   258   699 I SFPerfTracer:      triggers: (rate: 17:840) (806024 sw vsyncs) (0 skipped) (522:1427815 vsyncs) (525:2250300)
12-01 12:23:19.448  1787  1806 I DisplayManagerService: Display device changed state: "Integriertes Display", DOZE
12-01 12:23:19.699   258   699 I SFPerfTracer:      triggers: (rate: 17:840) (806755 sw vsyncs) (0 skipped) (0:1427815 vsyncs) (732:2251032)
12-01 12:23:20.607  1787  2914 V AlarmManager: sending alarm {59149cf type 3 *alarm*:android.intent.action.TIME_TICK}
12-01 12:23:20.608  1787  2914 V AlarmManager: sending alarm {9984555 type 2 *walarm*:com.motorola.slpc.ALARM_ORIENTATION}
12-01 12:23:20.611  1787  2914 V AlarmManager: sending alarm {9fb17df type 1 *alarm*:com.droid27.tcw.ACTION_TIME_TICK}
12-01 12:23:20.623  1787  1787 V AlarmManager: done {9984555, *walarm*:com.motorola.slpc.ALARM_ORIENTATION} [17ms]
12-01 12:23:20.773  1787  1787 V AlarmManager: done {9fb17df, *alarm*:com.droid27.tcw.ACTION_TIME_TICK} [167ms]
12-01 12:23:20.809  1787  1787 V AlarmManager: done {59149cf, *alarm*:android.intent.action.TIME_TICK} [203ms]
12-01 12:23:22.624  1787  1806 I DisplayManagerService: Display device changed state: "Integriertes Display", OFF
12-01 12:23:22.634   258   699 I SFPerfTracer:      triggers: (rate: 17:840) (806755 sw vsyncs) (0 skipped) (174:1427989 vsyncs) (176:2251208)
12-01 12:23:22.799   258   258 I SFPerfTracer:      triggers: (rate: 310:11541) (compose: 26:1216) (post: 3:4439) (render: 127:3239) (43:480080 frames) (44:541958)
12-01 12:23:22.799   258   258 D SFPerfTracer:        layers: (1:16) (FocusedStackFrame (0xb76faf08): 0:2514)* (DimLayer (0xb765c9f8): 0:71)* (StatusBar (0xb7700af0): 0:40954)* (com.android.systemui.ImageWallpaper (0xb7652330): 0:2122)* (Sprite (0xb76bc5c0): 0:49340)* (Sprite (0xb76d2e78): 0:6474)* (Sprite (0xb76e0498): 0:45920)* (Sprite (0xb769c898): 0:27)* (DimLayer (0xb7707410): 0:23)* (DimLayer (0xb7709288): 0:60)* (Sprite (0xb76d7f10): 0:2675)* (Sprite (0xb7711490): 0:9114)* (com.whatsapp/com.whatsapp.Conversation (0xb77194b8): 2:109)* (InputMethod (0xb7716140): 0:25)* ( (0xb7699808): 44:118) 
12-01 12:24:29.509  1787  1806 I DisplayManagerService: Display device changed state: "Integriertes Display", DOZE
12-01 12:24:30.019   258   258 I SFPerfTracer:      triggers: (rate: 310:11541) (compose: 26:1216) (post: 3:4440) (render: 127:3240) (11:480091 frames) (12:541971)
12-01 12:24:30.019   258   258 D SFPerfTracer:        layers: (1:16) (FocusedStackFrame (0xb76faf08): 0:2514)* (DimLayer (0xb765c9f8): 0:71)* (StatusBar (0xb7700af0): 3:40957)* (com.android.systemui.ImageWallpaper (0xb7652330): 0:2122)* (Sprite (0xb76bc5c0): 0:49340)* (Sprite (0xb76d2e78): 0:6474)* (Sprite (0xb76e0498): 0:45920)* (Sprite (0xb769c898): 0:27)* (DimLayer (0xb7707410): 0:23)* (DimLayer (0xb7709288): 0:60)* (Sprite (0xb76d7f10): 0:2675)* (Sprite (0xb7711490): 0:9114)* (com.whatsapp/com.whatsapp.Conversation (0xb77194b8): 1:110)* (InputMethod (0xb7716140): 1:26)* ( (0xb7699808): 12:130) 
12-01 12:24:30.553  1787  2914 V AlarmManager: sending alarm {59149cf type 3 *alarm*:android.intent.action.TIME_TICK}
12-01 12:24:30.555  1787  2914 V AlarmManager: sending alarm {9984555 type 2 *walarm*:com.motorola.slpc.ALARM_ORIENTATION}
12-01 12:24:30.555  1787  2914 V AlarmManager: sending alarm {9fb17df type 1 *alarm*:com.droid27.tcw.ACTION_TIME_TICK}
12-01 12:24:30.564  1787  1787 V AlarmManager: done {9984555, *walarm*:com.motorola.slpc.ALARM_ORIENTATION} [11ms]
12-01 12:24:30.611  1787  1787 V AlarmManager: done {9fb17df, *alarm*:com.droid27.tcw.ACTION_TIME_TICK} [58ms]
12-01 12:24:30.661  1787  1787 V AlarmManager: done {59149cf, *alarm*:android.intent.action.TIME_TICK} [108ms]
12-01 12:24:32.671  1787  1806 I DisplayManagerService: Display device changed state: "Integriertes Display", OFF
12-01 12:24:32.684   258   699 I SFPerfTracer:      triggers: (rate: 17:848) (806767 sw vsyncs) (0 skipped) (174:1428235 vsyncs) (176:2251470)
12-01 12:24:57.108  1787  1806 I DisplayManagerService: Display device changed state: "Integriertes Display", DOZE
12-01 12:24:57.627   258   258 I SFPerfTracer:      triggers: (rate: 310:11543) (compose: 26:1216) (post: 3:4441) (render: 127:3241) (11:480151 frames) (12:542042)
12-01 12:24:57.627   258   258 D SFPerfTracer:        layers: (1:16) (FocusedStackFrame (0xb76faf08): 0:2514)* (DimLayer (0xb765c9f8): 0:71)* (StatusBar (0xb7700af0): 3:40965)* (com.android.systemui.ImageWallpaper (0xb7652330): 0:2122)* (Sprite (0xb76bc5c0): 0:49340)* (Sprite (0xb76d2e78): 0:6474)* (Sprite (0xb76e0498): 0:45920)* (Sprite (0xb769c898): 0:27)* (DimLayer (0xb7707410): 0:23)* (DimLayer (0xb7709288): 0:60)* (Sprite (0xb76d7f10): 0:2675)* (Sprite (0xb7711490): 0:9114)* (com.whatsapp/com.whatsapp.Conversation (0xb77194b8): 1:117)* (InputMethod (0xb7716140): 1:27)* ( (0xb7699808): 12:187) 
12-01 12:24:58.818  1787  1809 I PowerManagerService: Waking up from dozing (uid 1000)...
12-01 12:24:58.837  1787  1787 I EntropyMixer: Writing entropy...
12-01 12:24:58.872  1787  6219 I ActivityManager: Start proc 11345:com.motorola.groundloopnoisepreventer/u0a73 for broadcast com.motorola.groundloopnoisepreventer/.ServiceStarter
