12-29 21:41:01.398  2355  2475 D UsbHostManager: UsbEndpoint[mAddress=136,mAttributes=3,mMaxPacketSize=64,mInterval=4]]
12-29 21:41:01.398  2355  2475 D UsbHostManager: UsbInterface[mId=7,mAlternateSetting=0,mName=null,mClass=10,mSubclass=0,mProtocol=0,mEndpoints=[
12-29 21:41:01.398  2355  2475 D UsbHostManager: UsbEndpoint[mAddress=132,mAttributes=2,mMaxPacketSize=512,mInterval=1]
12-29 21:41:01.398  2355  2475 D UsbHostManager: UsbEndpoint[mAddress=4,mAttributes=2,mMaxPacketSize=512,mInterval=1]]]]
12-29 21:41:01.415  2355  2369 I ActivityManager: Start proc 2477:com.android.externalstorage/u0a9 for broadcast com.android.externalstorage/.MountReceiver
12-29 21:41:01.450  2355  2355 I ActivityManager: Start proc 2482:com.android.systemui/u0a26 for service com.android.systemui/.keyguard.KeyguardService
12-29 21:41:01.450  2355  2355 I BrokerableCMSystemService: Connecting to implementation
12-29 21:41:01.451  2355  2355 W ContextImpl: Calling a method in the system process without a qualified user: android.app.ContextImpl.bindService:1295 org.cyanogenmod.platform.internal.BrokerableCMSystemService.tryConnecting:199 org.cyanogenmod.platform.internal.ThemeManagerServiceBroker.onBootPhase:270 com.android.server.SystemServiceManager.startBootPhase:135 com.android.server.SystemServer$2.run:1180 
12-29 21:41:01.486  2355  2355 I ActivityManager: Start proc 2495:org.cyanogenmod.themeservice/u0a19 for service org.cyanogenmod.themeservice/.ThemeManagerService
12-29 21:41:01.487  2355  2355 I SystemServer: WebViewFactory preparation
12-29 21:41:01.488  1860  1912 V vold    : /dev/block/vold/public:179_11: UUID="2C01-1BE4" TYPE="vfat" 
12-29 21:41:01.490  1860  1912 V vold    : /system/bin/fsck_msdos
12-29 21:41:01.490  1860  1912 V vold    :     -p
12-29 21:41:01.490  1860  1912 V vold    :     -f
12-29 21:41:01.490  1860  1912 V vold    :     /dev/block/vold/public:179_11
12-29 21:41:01.492  2355  2428 D VoldConnector: RCV <- {652 public:179_11 vfat}
12-29 21:41:01.492  2355  2428 D VoldConnector: RCV <- {653 public:179_11 2C01-1BE4}
12-29 21:41:01.492  2355  2428 D VoldConnector: RCV <- {654 public:179_11 sdcard0}
12-29 21:41:01.492  2355  2428 D VoldConnector: RCV <- {656 public:179_11 /mnt/media_rw/2C01-1BE4}
12-29 21:41:01.492  2355  2428 D VoldConnector: RCV <- {655 public:179_11 /storage/2C01-1BE4}
12-29 21:41:01.510  2502  2502 D fsck_msdos: sectors Per cluster :64 
12-29 21:41:01.510  2502  2502 D fsck_msdos: boot->ClusterOffset :5796 
12-29 21:41:01.510  2502  2502 I fsck_msdos: FAT32 Filesystem
12-29 21:41:01.510  2502  2502 D fsck_msdos: Using cluster_chain_descriptor
12-29 21:41:01.510  2502  2502 I fsck_msdos: Total clusters 376997 
12-29 21:41:01.529  2355  2355 I ActivityManager: Start proc 2503:WebViewLoader-armeabi-v7a/1037 [android.webkit.WebViewFactory$RelroFileCreator] for 
12-29 21:41:01.531  2355  2355 D NetworkManagement: enabling bandwidth control
12-29 21:41:01.614  2502  2502 I fsck_msdos: Begin to compare FAT
12-29 21:41:01.625  2355  2369 I ActivityManager: Start proc 2536:android.process.media/u0a10 for broadcast com.android.providers.media/.MtpReceiver
12-29 21:41:01.645  2502  2502 I fsck_msdos: ** Phase 2 - Check Cluster Chains 
12-29 21:41:01.645  2502  2502 I fsck_msdos: Begin to handle the cluster chain
12-29 21:41:01.831  2502  2502 D fsck_msdos: rootDir->head :2
12-29 21:41:02.085  2502  2502 D fsck_msdos: Verify Filesystem information
12-29 21:41:02.085  2502  2502 W fsck_msdos: 110 files, 3114592 free (359475 clusters)
12-29 21:41:02.085  2502  2502 I fsck_msdos: free_rb_tree 
12-29 21:41:02.085  2502  2502 I fsck_msdos: free_fragment_tree
12-29 21:41:02.085  2502  2502 I fsck_msdos: free_fragment_tree
12-29 21:41:02.085  2502  2502 I fsck_msdos: free_fragment_tree: rb_tree is empty 
12-29 21:41:02.116  1860  1912 I Vold    : Filesystem check completed OK
12-29 21:41:02.136  1860  1912 V vold    : Waiting for FUSE to spin up...
12-29 21:41:02.186  1860  1912 V vold    : Waiting for FUSE to spin up...
12-29 21:41:02.239  2355  2428 D VoldConnector: RCV <- {651 public:179_11 2}
12-29 21:41:02.239  2355  2428 D VoldConnector: RCV <- {200 5 Command succeeded}
12-29 21:41:02.241  2355  2427 E VoldConnector: NDC Command {5 volume mount public:179_11 3 0} took too long (855ms)
12-29 21:41:02.357  2355  2366 I ActivityManager: Start proc 2598:org.cyanogenmod.themes.provider/u0a20 for broadcast org.cyanogenmod.themes.provider/.AppReceiver
12-29 21:41:02.358  2355  2370 W WindowManager: Keyguard drawn timeout. Setting mKeyguardDrawComplete
12-29 21:41:02.990  2355  2355 E NetdConnector: NDC Command {2 bandwidth enable} took too long (1458ms)
12-29 21:41:03.454  2355  2366 I StatusBarManagerService: registerStatusBar bar=com.android.internal.statusbar.IStatusBar$Stub$Proxy@bd1c2a0
12-29 21:41:03.907  2355  2435 D WifiService: New client listening to asynchronous messages
12-29 21:41:04.505  2355  2355 E NetdConnector: NDC Command {5 strict enable} took too long (1512ms)
12-29 21:41:04.506  2355  2434 E NetdConnector: NDC Command {6 interface setcfg wlan0 0.0.0.0 0 multicast broadcast down} took too long (1511ms)
12-29 21:41:04.647  2355  2369 I ActivityManager: Start proc 2807:com.android.settings/1000 for broadcast com.android.settings/.widget.SettingsAppWidgetProvider
12-29 21:41:04.831  2355  2355 I SystemServiceManager: Starting phase 600
12-29 21:41:04.876  2355  2355 I BackupManagerService: Backup enabled => false
12-29 21:41:04.879  2355  2355 D BrokerableCMSystemService: Third party apps ready
12-29 21:41:04.879  2355  2355 I BrokerableCMSystemService: Connecting to implementation
12-29 21:41:04.879  2355  2355 W ContextImpl: Calling a method in the system process without a qualified user: android.app.ContextImpl.bindService:1295 org.cyanogenmod.platform.internal.BrokerableCMSystemService.tryConnecting:199 org.cyanogenmod.platform.internal.BrokerableCMSystemService.onBootPhase:127 org.cyanogenmod.platform.internal.ThemeManagerServiceBroker.onBootPhase:272 com.android.server.SystemServiceManager.startBootPhase:135 
12-29 21:41:04.879  2355  2355 D BrokerableCMSystemService: Third party apps ready
12-29 21:41:04.879  2355  2355 I BrokerableCMSystemService: Connecting to implementation
12-29 21:41:04.880  2355  2355 W ContextImpl: Calling a method in the system process without a qualified user: android.app.ContextImpl.bindService:1295 org.cyanogenmod.platform.internal.BrokerableCMSystemService.tryConnecting:199 org.cyanogenmod.platform.internal.BrokerableCMSystemService.onBootPhase:127 com.android.server.SystemServiceManager.startBootPhase:135 com.android.server.SystemServer$2.run:1231 
12-29 21:41:04.907  2355  2355 D BrokerableCMSystemService: Third party apps ready
12-29 21:41:04.907  2355  2355 I BrokerableCMSystemService: Connecting to implementation
12-29 21:41:04.908  2355  2355 W ContextImpl: Calling a method in the system process without a qualified user: android.app.ContextImpl.bindService:1295 org.cyanogenmod.platform.internal.BrokerableCMSystemService.tryConnecting:199 org.cyanogenmod.platform.internal.BrokerableCMSystemService.onBootPhase:127 org.cyanogenmod.platform.internal.LiveLockScreenServiceBroker.onBootPhase:273 com.android.server.SystemServiceManager.startBootPhase:135 
12-29 21:41:04.927  2355  2355 I ActivityManager: Start proc 2833:org.cyanogenmod.livelockscreen.service/u0a11 for service org.cyanogenmod.livelockscreen.service/.LiveLockScreenManagerService
12-29 21:41:04.927  2355  2355 D BrokerableCMSystemService: Third party apps ready
12-29 21:41:04.927  2355  2355 I BrokerableCMSystemService: Connecting to implementation
12-29 21:41:04.928  2355  2355 W ContextImpl: Calling a method in the system process without a qualified user: android.app.ContextImpl.bindService:1295 org.cyanogenmod.platform.internal.BrokerableCMSystemService.tryConnecting:199 org.cyanogenmod.platform.internal.BrokerableCMSystemService.onBootPhase:127 com.android.server.SystemServiceManager.startBootPhase:135 com.android.server.SystemServer$2.run:1231 
12-29 21:41:04.948  2355  2355 I ActivityManager: Start proc 2838:org.cyanogenmod.weatherservice/u0a24 for service org.cyanogenmod.weatherservice/.WeatherManagerService
12-29 21:41:04.948  2355  2355 D BrokerableCMSystemService: Third party apps ready
12-29 21:41:04.948  2355  2355 I BrokerableCMSystemService: Connecting to implementation
12-29 21:41:04.949  2355  2355 W ContextImpl: Calling a method in the system process without a qualified user: android.app.ContextImpl.bindService:1295 org.cyanogenmod.platform.internal.BrokerableCMSystemService.tryConnecting:199 org.cyanogenmod.platform.internal.BrokerableCMSystemService.onBootPhase:127 org.cyanogenmod.platform.internal.CMAudioServiceBroker.onBootPhase:58 com.android.server.SystemServiceManager.startBootPhase:135 
12-29 21:41:04.962  2355  2355 I ActivityManager: Start proc 2845:org.cyanogenmod.cmaudio.service/u0a2 for service org.cyanogenmod.cmaudio.service/.CMAudioService
12-29 21:41:04.985  2355  2355 E InputMethodManagerService: Ignoring updateSystemUiLocked due to an invalid token. uid:1000 token:null
12-29 21:41:05.008  2355  2355 I ActivityManager: Start proc 2858:com.android.inputmethod.latin/u0a67 for service com.android.inputmethod.latin/.LatinIME
12-29 21:41:05.008  2355  2355 V InputMethodManagerService: Adding window token: android.os.Binder@ebd374d
12-29 21:41:05.189  2355  2355 W LocationManagerService: no network location provider found
12-29 21:41:05.213  2355  2355 E LocationManagerService: no geocoder provider found
12-29 21:41:05.225  2355  2355 E LocationManagerService: FLP HAL not supported
12-29 21:41:05.228  2355  2355 E LocationManagerService: Unable to bind FLP Geofence proxy.
12-29 21:41:05.229  2355  2355 E LocationManagerService: Hardware Activity-Recognition not supported.
12-29 21:41:05.231  2355  2355 E LocationManagerService: Unable to bind ActivityRecognitionProxy.
12-29 21:41:05.314  2355  2355 I MmsServiceBroker: Delay connecting to MmsService until an API is called
12-29 21:41:05.321  2355  2355 D MountService: onStartUser 0
12-29 21:41:05.321  2355  2355 D VoldConnector: SND -> {6 volume user_started 0}
12-29 21:41:05.322  1860  1912 D vold    : Linking /storage/2C01-1BE4 to /mnt/user/0/primary
12-29 21:41:05.322  2355  2428 D VoldConnector: RCV <- {200 6 Command succeeded}
12-29 21:41:05.323  2355  2427 D MountService: Volume public:179_11 broadcasting mounted to UserHandle{0}
12-29 21:41:05.324  2355  2355 W VoiceInteractionManagerService: no available voice interaction services found for user 0
12-29 21:41:05.324  2355  2355 W VoiceInteractionManagerService: no available voice recognition services found for user 0
12-29 21:41:05.356  2355  2355 I ActivityManager: Start proc 2897:org.cyanogenmod.audiofx/u0a1 for added application org.cyanogenmod.audiofx
12-29 21:41:05.371  2355  2355 I ActivityManager: Start proc 2902:com.android.phone/1001 for added application com.android.phone
12-29 21:41:05.372  2355  2355 I ActivityManager: START u0 {act=android.intent.action.MAIN cat=[android.intent.category.HOME] flg=0x10000000 cmp=com.cyanogenmod.trebuchet/com.android.launcher3.Launcher} from uid 0 on display 0
12-29 21:41:05.433  2355  2355 I ActivityManager: Start proc 2914:com.cyanogenmod.trebuchet/u0a27 for activity com.cyanogenmod.trebuchet/com.android.launcher3.Launcher
12-29 21:41:05.490  2355  2369 W BroadcastQueue: Permission Denial: receiving Intent { act=android.intent.action.USER_SWITCHED flg=0x50000010 (has extras) } to ProcessRecord{29ace72 2495:org.cyanogenmod.themeservice/u0a19} (pid=2495, uid=10019) requires android.permission.MANAGE_USERS due to sender null (uid 1000)
12-29 21:41:05.500  2355  2355 I SystemServer: Enabled StrictMode for system server main thread.
12-29 21:41:06.276  2355  2355 I Telecom : ViceNotificationImpl: ViceNotificationImpl
12-29 21:41:06.302  2355  2355 I Telecom : Class: TelecomSystem.INSTANCE being set
12-29 21:41:06.303  2355  2355 W ContextImpl: Calling a method in the system process without a qualified user: android.app.ContextImpl.startService:1231 android.content.ContextWrapper.startService:587 com.android.server.telecom.components.TelecomService.initializeTelecomSystem:141 com.android.server.telecom.components.TelecomService.onBind:69 android.app.ActivityThread.handleBindService:2938 
12-29 21:41:06.340  2355  2960 I ActivityManager: Start proc 2969:android.process.acore/u0a4 for content provider com.android.providers.contacts/.CallLogProvider
12-29 21:41:06.365  2355  2355 I BrokerableCMSystemService: Implementation service connected
12-29 21:41:06.365  2355  2355 I BrokerableCMSystemService: Notifying service connected
12-29 21:41:06.380  2355  2379 D VoldConnector: SND -> {7 asec list}
12-29 21:41:06.421  2355  2355 I BrokerableCMSystemService: Connecting to implementation
12-29 21:41:06.423  2355  2355 W ContextImpl: Calling a method in the system process without a qualified user: android.app.ContextImpl.bindService:1295 org.cyanogenmod.platform.internal.BrokerableCMSystemService.tryConnecting:199 org.cyanogenmod.platform.internal.BrokerableCMSystemService$1.handleMessage:165 android.os.Handler.dispatchMessage:102 android.os.Looper.loop:148 
12-29 21:41:06.425  2355  2355 I BrokerableCMSystemService: Implementation service connected
12-29 21:41:06.425  2355  2355 I BrokerableCMSystemService: Notifying service connected
12-29 21:41:06.531  2355  2355 I BrokerableCMSystemService: Implementation service connected
12-29 21:41:06.531  2355  2355 V WiredAccessoryManager: init()
12-29 21:41:06.570  2355  2428 D VoldConnector: RCV <- {200 7 asec operation succeeded}
12-29 21:41:06.638  2355  2379 W PackageManager: Unknown permission com.google.android.googleapps.permission.GOOGLE_AUTH in package com.android.providers.calendar
12-29 21:41:06.653  2355  2355 I BrokerableCMSystemService: Implementation service connected
12-29 21:41:06.654  2355  2355 I BrokerableCMSystemService: Notifying service connected
12-29 21:41:06.656  2355  2379 W PackageManager: Unknown permission com.google.android.googleapps.permission.GOOGLE_AUTH.cl in package com.android.providers.calendar
12-29 21:41:06.698  2355  2379 W PackageManager: Not granting permission android.permission.REAL_GET_TASKS to package org.cyanogenmod.wallpapers.photophase (protectionLevel=18 flags=0x3898be45)
12-29 21:41:06.737  2355  2379 W PackageManager: Unknown permission android.permission.CANCEL_NOTIFICATIONS in package org.cyanogenmod.theme.chooser2
12-29 21:41:06.738  2355  2379 W PackageManager: Unknown permission com.cyanogen.ambient.permission.BIND_CALLER_INFO in package com.android.messaging
12-29 21:41:06.738  2355  2379 W PackageManager: Unknown permission com.cyanogen.ambient.permission.BIND_RIDEINPROGRESS_SERVICE in package com.android.messaging
12-29 21:41:06.738  2355  2379 W PackageManager: Unknown permission com.cyanogen.ambient.permission.BIND_RIDESHARING_SERVICE in package com.android.messaging
12-29 21:41:06.765  2355  2379 W PackageManager: Not granting permission android.permission.ACCESS_DOWNLOAD_MANAGER to package com.android.browser (protectionLevel=18 flags=0x38c9be45)
12-29 21:41:06.766  2355  2379 W PackageManager: Not granting permission android.permission.SEND_DOWNLOAD_COMPLETED_INTENTS to package com.android.browser (protectionLevel=2 flags=0x38c9be45)
12-29 21:41:06.768  2355  2379 W PackageManager: Unknown permission com.cyngn.stats.SEND_ANALYTICS in package com.cyanogenmod.setupwizard
12-29 21:41:06.768  2355  2379 W PackageManager: Unknown permission com.cyanogen.permission.REQUEST_KILL_SWITCH_OP in package com.cyanogenmod.setupwizard
12-29 21:41:06.769  2355  2379 W PackageManager: Unknown permission com.cyanogen.ambient.permission.BIND_INCALL_SERVICE in package com.android.contacts
12-29 21:41:06.769  2355  2379 W PackageManager: Unknown permission com.cyanogen.ambient.permission.PLUGIN_STATUS_CHANGED in package com.android.contacts
12-29 21:41:06.769  2355  2379 W PackageManager: Unknown permission com.cyanogen.ambient.permission.BIND_CALLER_INFO in package com.android.contacts
12-29 21:41:06.771  2355  2379 W PackageManager: Unknown permission com.google.android.googleapps.permission.GOOGLE_AUTH.mail in package com.android.calendar
12-29 21:41:06.772  2355  2379 W PackageManager: Unknown permission com.android.launcher.permission.READ_SETTINGS in package com.android.onetimeinitializer
12-29 21:41:06.772  2355  2379 W PackageManager: Unknown permission com.android.launcher.permission.WRITE_SETTINGS in package com.android.onetimeinitializer
12-29 21:41:06.773  2355  2379 W PackageManager: Unknown permission com.cyanogen.ambient.permission.BIND_INCALL_SERVICE in package com.android.dialer
12-29 21:41:06.774  2355  2379 W PackageManager: Unknown permission com.cyanogen.ambient.permission.PLUGIN_STATUS_CHANGED in package com.android.dialer
12-29 21:41:06.774  2355  2379 W PackageManager: Unknown permission com.cyanogen.ambient.permission.PUBLISH_DISCOVERY_NUDGE in package com.android.dialer
12-29 21:41:06.774  2355  2379 W PackageManager: Unknown permission com.cyanogen.ambient.permission.BIND_DEEPLINK_SERVICE in package com.android.dialer
12-29 21:41:06.774  2355  2379 W PackageManager: Unknown permission com.cyanogen.ambient.permission.READ_DEEPLINK_DATABASE in package com.android.dialer
12-29 21:41:06.774  2355  2379 W PackageManager: Unknown permission com.cyanogen.ambient.permission.BIND_CALLER_INFO in package com.android.dialer
12-29 21:41:06.775  2355  2379 W PackageManager: Unknown permission com.android.launcher.permission.READ_SETTINGS in package com.cyanogenmod.trebuchet
12-29 21:41:06.775  2355  2379 W PackageManager: Unknown permission com.android.launcher.permission.WRITE_SETTINGS in package com.cyanogenmod.trebuchet
12-29 21:41:06.775  2355  2379 W PackageManager: Unknown permission com.cyngn.stats.SEND_ANALYTICS in package com.cyanogenmod.trebuchet
12-29 21:41:06.786  2355  2379 W PackageManager: Unknown permission com.google.android.permission.INSTALL_WEARABLE_PACKAGES in package com.android.packageinstaller
12-29 21:41:06.786  2355  2379 W PackageManager: Not granting permission android.permission.DELETE_PACKAGES to package com.svox.pico (protectionLevel=18 flags=0x3888be45)
12-29 21:41:06.786  2355  2379 W PackageManager: Unknown permission android.permission.ACCESS_SUPERUSER in package com.cyanogenmod.filemanager
12-29 21:41:06.786  2355  2379 W PackageManager: Unknown permission com.cyanogenmod.filemanager.permissions.READ_THEME in package com.cyanogenmod.filemanager
12-29 21:41:06.805  2355  2379 W PackageManager: Unknown permission com.google.android.gallery3d.permission.PICASA_STORE in package com.android.dreams.phototable
12-29 21:41:06.841  2355  2379 W PackageManager: Unknown permission com.google.android.googleapps.permission.GOOGLE_AUTH in package com.android.settings
12-29 21:41:06.841  2355  2379 W PackageManager: Unknown permission com.android.launcher.permission.READ_SETTINGS in package com.android.settings
12-29 21:41:06.841  2355  2379 W PackageManager: Unknown permission com.android.launcher.permission.WRITE_SETTINGS in package com.android.settings
12-29 21:41:06.853  2355  2379 W PackageManager: Not granting permission android.permission.REAL_GET_TASKS to package com.cyanogenmod.eleven (protectionLevel=18 flags=0x3898be65)
12-29 21:41:06.956  2355  2379 W PackageManager: Unknown permission com.google.android.gallery3d.permission.GALLERY_PROVIDER in package com.android.bluetooth
12-29 21:41:06.957  2355  2379 W PackageManager: Unknown permission com.google.android.googleapps.permission.ACCESS_GOOGLE_PASSWORD in package com.android.development
12-29 21:41:06.957  2355  2379 W PackageManager: Unknown permission com.google.android.googleapps.permission.GOOGLE_AUTH in package com.android.development
12-29 21:41:06.957  2355  2379 W PackageManager: Unknown permission com.google.android.googleapps.permission.GOOGLE_AUTH.ALL_SERVICES in package com.android.development
12-29 21:41:06.957  2355  2379 W PackageManager: Unknown permission com.google.android.googleapps.permission.GOOGLE_AUTH.YouTubeUser in package com.android.development
12-29 21:41:07.637  2355  2379 D VoldConnector: SND -> {8 asec list}
12-29 21:41:07.638  2355  2428 D VoldConnector: RCV <- {200 8 asec operation succeeded}
12-29 21:41:07.795  2355  2944 I ActivityManager: Start proc 3034:com.android.smspush/u0a62 for service com.android.smspush/.WapPushManager
12-29 21:41:07.876  2355  2374 W WindowManager: Window freeze timeout expired.
12-29 21:41:07.876  2355  2374 W WindowManager: Force clearing orientation change: Window{c93f1d8 u0 KeyguardScrim}
12-29 21:41:08.019  2355  2436 E ConnectivityService: Failed to find Messenger in unregisterNetworkFactory
12-29 21:41:08.020  2355  2894 D ConnectivityService: listenForNetwork for Listen from uid/pid:10026/2482 for NetworkRequest [ id=3, legacyType=-1, [] ]
12-29 21:41:08.024  2355  2436 D ConnectivityService: Got NetworkFactory Messenger for Telephony
12-29 21:41:08.201  2355  2355 I BrokerableCMSystemService: Implementation service connected
12-29 21:41:08.201  2355  2355 V BackupManagerService: Connected to transport ComponentInfo{android/com.android.internal.backup.LocalTransportService}
12-29 21:41:08.201  2355  2355 V BackupManagerService: Registering transport android/com.android.internal.backup.LocalTransportService::android/com.android.internal.backup.LocalTransport = android.app.backup.BackupTransport$TransportImpl@28fe69c
12-29 21:41:08.453  2355  2435 D WifiService: New client listening to asynchronous messages
12-29 21:41:08.676  2355  2435 D WifiService: New client listening to asynchronous messages
12-29 21:41:08.765  2355  2436 D ConnectivityService: Got NetworkFactory Messenger for WIFI
12-29 21:41:08.765  2355  2436 D ConnectivityService: Got NetworkFactory Messenger for WIFI_UT
12-29 21:41:08.787  2355  2366 D CryptdConnector: SND -> {2 cryptfs getpw}
12-29 21:41:08.787  1860  1913 D VoldCryptCmdListener: cryptfs getpw
12-29 21:41:08.787  1860  1913 I Ext4Crypt: ext4 crypto complete called on /data
12-29 21:41:08.788  1860  1913 I Ext4Crypt: No master key, so not ext4enc
12-29 21:41:08.788  1860  1913 I Ext4Crypt: ext4 crypto complete called on /data
12-29 21:41:08.788  1860  1913 I Ext4Crypt: No master key, so not ext4enc
12-29 21:41:08.788  2355  2429 D CryptdConnector: RCV <- {200 2 -1}
12-29 21:41:08.792  2355  2366 D CryptdConnector: SND -> {3 cryptfs clearpw}
12-29 21:41:08.792  1860  1913 D VoldCryptCmdListener: cryptfs clearpw
12-29 21:41:08.792  1860  1913 I Ext4Crypt: ext4 crypto complete called on /data
12-29 21:41:08.792  1860  1913 I Ext4Crypt: No master key, so not ext4enc
12-29 21:41:08.793  2355  2429 D CryptdConnector: RCV <- {200 3 0}
12-29 21:41:08.992  2355  3000 I Telecom : PhoneAccountRegistrar: [ComponentInfo{com.android.phone/com.android.services.telephony.TelephonyConnectionService}, [e0184adedf913b076626646d3f52c3b49c39ad6d], UserHandle{0}(icon: Icon(typ=BITMAP size=29x36) -> Icon(typ=BITMAP size=29x36))]
12-29 21:41:09.053  2355  3000 I Telecom : : Sending phone-account registered intent as user
12-29 21:41:09.106  2355  2814 W Telecom : : No account found for the calling user
12-29 21:41:09.622  2902  2902 D MccTable: updateMccMncConfiguration defaultMccMnc=
12-29 21:41:09.622  2902  2902 D MccTable: updateMccMncConfiguration: mcc=262, mnc=1
12-29 21:41:09.622  2902  2902 D MccTable: WIFI_COUNTRY_CODE set to de
12-29 21:41:09.623  2355  3000 I WifiService: WifiService trying to set country code to de with persist set to true
12-29 21:41:09.740  2355  2370 W WindowManager: Keyguard drawn timeout. Setting mKeyguardDrawComplete
12-29 21:41:09.844  2355  2814 I Telecom : PhoneAccountRegistrar: [ComponentInfo{com.android.phone/com.android.services.telephony.TelephonyConnectionService}, [e0184adedf913b076626646d3f52c3b49c39ad6d], UserHandle{0}(icon: Icon(typ=BITMAP size=29x36) -> Icon(typ=BITMAP size=29x36))]
12-29 21:41:09.908  2355  2814 I Telecom : : Sending phone-account registered intent as user
12-29 21:41:09.987  2355  2366 W Telecom : : No account found for the calling user
12-29 21:41:10.109  2355  2507 I ActivityManager: Start proc 3157:com.cyanogenmod.eleven/u0a41 for broadcast com.cyanogenmod.eleven/.appwidgets.AppWidgetLarge
12-29 21:41:10.212  2355  3163 I Telecom : PhoneAccountRegistrar: [ComponentInfo{com.android.phone/com.android.services.telephony.TelephonyConnectionService}, [e0184adedf913b076626646d3f52c3b49c39ad6d], UserHandle{0}(icon: Icon(typ=BITMAP size=29x36) -> Icon(typ=BITMAP size=29x36))]
12-29 21:41:10.537  2355  3163 I Telecom : : Sending phone-account registered intent as user
12-29 21:41:10.544  2355  2944 W Telecom : : No account found for the calling user
12-29 21:41:10.572  2355  2460 V KeyValueBackupJob: Scheduling k/v pass in 247 minutes
12-29 21:41:10.755  2355  2888 I ActivityManager: Start proc 3188:com.cyanogenmod.eleven:main/u0a41 for service com.cyanogenmod.eleven/.MusicPlaybackService
12-29 21:41:11.065  2355  2435 D WifiService: New client listening to asynchronous messages
12-29 21:41:11.474  2355  3163 I ActivityManager: Start proc 3213:com.android.cellbroadcastreceiver/u0a6 for broadcast com.android.cellbroadcastreceiver/.CellBroadcastReceiver
12-29 21:41:12.462  2355  2543 I ActivityManager: Start proc 3240:com.android.exchange/u0a40 for content provider com.android.exchange/.provider.ExchangeDirectoryProvider
12-29 21:41:12.767  2355  2374 W WindowManager: Window freeze timeout expired.
12-29 21:41:12.767  2355  2374 W WindowManager: Force clearing orientation change: Window{8b3f690 u0 StatusBar}
12-29 21:41:12.767  2355  2374 W WindowManager: Force clearing orientation change: Window{11df128 u0 com.android.systemui.ImageWallpaper}
12-29 21:41:12.806  2355  2507 I ActivityManager: Start proc 3255:com.android.email/u0a48 for content provider com.android.email/.provider.EmailProvider
12-29 21:41:14.366  2355  2374 I SystemServiceManager: Starting phase 1000
12-29 21:41:14.393  2355  2374 W ContextImpl: Calling a method in the system process without a qualified user: android.app.ContextImpl.sendBroadcast:788 org.cyanogenmod.platform.internal.CMHardwareService.onBootPhase:429 com.android.server.SystemServiceManager.startBootPhase:135 com.android.server.am.ActivityManagerService.finishBooting:6688 com.android.server.am.ActivityManagerService.bootAnimationComplete:6755 
12-29 21:41:14.725  2355  3306 I ActivityManager: Start proc 3308:com.android.keychain/1000 for service com.android.keychain/.KeyChainService
12-29 21:41:14.771  2355  3315 I BootReceiver: Copying /proc/last_kmsg to DropBox (SYSTEM_LAST_KMSG)
12-29 21:41:14.788  2355  2944 I ActivityManager: Start proc 3324:com.android.dialer/u0a28 for broadcast com.android.dialer/.calllog.CallLogReceiver
12-29 21:41:14.820  2355  3163 W ActivityManager: Unable to start service Intent { cmp=com.android.email/.service.AttachmentService } U=0: not found
12-29 21:41:14.881  2355  3315 I BootReceiver: Copying audit failures to DropBox
12-29 21:41:14.892  2355  3315 I BootReceiver: Copied 342 worth of audits to DropBox
12-29 21:41:14.918  2355  3315 I BootReceiver: Checking for fsck errors
12-29 21:41:15.607  2355  2367 I ActivityManager: Start proc 3348:com.cyanogenmod.settings.device/1000 for broadcast com.cyanogenmod.settings.device/.Startup
12-29 21:41:15.679  2355  2368 I ActivityManager: Start proc 3363:com.android.printspooler/u0a58 for service com.android.printspooler/.model.PrintSpoolerService
12-29 21:41:15.857  2355  2355 I ActivityManager: Start proc 3379:org.cyanogenmod.bugreport/2000 for broadcast org.cyanogenmod.bugreport/.PackageChangeReceiver
12-29 21:41:15.976  2355  2944 I ActivityManager: Start proc 3392:com.cyanogenmod.updater/u0a3 for broadcast com.cyanogenmod.updater/.receiver.UpdateCheckReceiver
12-29 21:41:16.154  2355  3163 I ActivityManager: Start proc 3415:com.android.providers.calendar/u0a5 for broadcast com.android.providers.calendar/.CalendarReceiver
12-29 21:41:16.289  2355  3313 I ActivityManager: Start proc 3431:org.cyanogenmod.providers.datausage/1000 for broadcast org.cyanogenmod.providers.datausage/.BootReceiver
12-29 21:41:16.444  2355  2888 I ActivityManager: Start proc 3445:com.android.managedprovisioning/u0a12 for broadcast com.android.managedprovisioning/.BootReminder
12-29 21:41:16.665  2355  2367 I ActivityManager: Start proc 3462:com.android.onetimeinitializer/u0a13 for broadcast com.android.onetimeinitializer/.OneTimeInitializerReceiver
12-29 21:41:16.802  2355  2507 I ActivityManager: Start proc 3478:com.android.calendar/u0a36 for broadcast com.android.calendar/.alerts.AlertReceiver
12-29 21:41:16.997  2355  3000 I ActivityManager: Start proc 3497:com.android.deskclock/u0a43 for broadcast com.android.deskclock/.AlarmInitReceiver
12-29 21:41:17.226  2355  2366 I ActivityManager: Start proc 3515:com.android.gallery3d/u0a51 for broadcast com.android.gallery3d/org.codeaurora.gallery3d.video.DmReceiver
12-29 21:41:17.470  2355  2507 W SettingsProvider: You shouldn't keep your settings in the secure settings. This will soon become an error.
12-29 21:41:17.471  2355  2543 W SettingsProvider: You shouldn't keep your settings in the secure settings. This will soon become an error.
12-29 21:41:17.471  2355  2944 W SettingsProvider: You shouldn't keep your settings in the secure settings. This will soon become an error.
12-29 21:41:17.512  2355  3313 I ActivityManager: Start proc 3532:com.android.messaging/u0a68 for broadcast com.android.messaging/.receiver.BootAndPackageReplacedReceiver
12-29 21:41:18.355  2355  3313 I ActivityManager: Killing 2598:org.cyanogenmod.themes.provider/u0a20 (adj 15): empty #17
12-29 21:41:18.390  2355  2894 D ActivityManager: cleanUpApplicationRecord -- 2598
12-29 21:41:20.844  2355  2367 I ActivityManager: Killing 2477:com.android.externalstorage/u0a9 (adj 15): empty #17
12-29 21:41:20.890  2355  3000 D ActivityManager: cleanUpApplicationRecord -- 2477
12-29 21:41:25.759  2355  2369 I ActivityManager: Waited long enough for: ServiceRecord{d9bd512 u0 com.cyanogenmod.eleven/.MusicPlaybackService}
12-29 21:41:26.212  2355  2369 I ActivityManager: Waited long enough for: ServiceRecord{d7419f8 u0 com.cyanogenmod.lockclock/.weather.WeatherSourceListenerService}
12-29 21:41:32.028  2355  2369 I ActivityManager: Waited long enough for: ServiceRecord{ec63f3d u0 com.android.calendar/.alerts.InitAlarmsService}
12-29 21:41:32.265  2355  2369 I ActivityManager: Waited long enough for: ServiceRecord{90dd07e u0 com.android.email/.service.LegacyImapSyncAdapterService}
12-29 21:41:33.512  2355  2371 I BatteryStatsImpl: Resetting battery stats: level=92 status=2 dischargeLevel=92 lowAmount=1 highAmount=2
12-29 21:41:34.127  2355  2369 I ActivityManager: Killing 3120:org.cyanogenmod.weather.provider/u0a25 (adj 15): empty #17
12-29 21:41:34.212  2355  3000 D ActivityManager: cleanUpApplicationRecord -- 3120
12-29 21:41:35.796  2355  2366 I ActivityManager: Killing 3157:com.cyanogenmod.eleven/u0a41 (adj 15): empty #17
12-29 21:41:35.843  2355  2888 D ActivityManager: cleanUpApplicationRecord -- 3157
12-29 21:41:35.853  2355  2355 I EntropyMixer: Writing entropy...
12-29 21:41:35.976  2355  3283 D UsbDebuggingManager: Received public key: QAAAABW91ynDVRf66bUOk3N1LNjve3LgB3baEmFyIDq5Y23gYoYKUeM/+sgzZ8AL9IQ59G7VAEaGMfzYH+AjXVwToolCtG0Sphee0gZo2gMcnLpyB3w13Drg2WxPfE6F2iVRvGh3ZLmUbVMIvYcF9aWxJlM6hEpKDbp042YsTuHr3neVvHnagOue55LfAW07nFxrs4DuiPP52bmWpr2xATa5Eu2vBl03VDrolKsOOgwH8a8WbK6UZ4wRqp3ZYnVIRHXND+5+En9hn82CVSQUcTRjXZYhHJXApnubs7ZI/6BR8wD6sDdJo80QHmyzgRQwtlKdnED52cLIa5AJn7WczVpRzhWhHrDbrTb0+U2BE67fyU1N+3Zyr07iF4nChp7N8RB8EP7SUyYrordjgRgy2Opb1xLIsrjD24QwSWIPZCr4du4CX8WCxe9eokyr0aOEAjd8Eo3zcW/z7e2Pt68GYfDOkebusJ87ppRiWW+ae1suTYYZ9QwGbmDi/6AQGR8mIeWAn4De53cdx/EbzRS5xjMVXLdSJTtswaIITKwvjx+xAx/r+mNfkmDiStFJPZlH/7Ju2pVdFhN4RKFUnuuIk6UoeUiO9okbR24kgQYwoumGepPDDiFYP3z3063xjQSZhiiiAuyJUVk25eswsj01d6fQwpuXgnQhX20IeLfUy7059OEivI6sjgEAAQA= unknown@unknown
12-29 21:41:35.978  2355  2371 I ActivityManager: START u0 {flg=0x10000000 cmp=com.android.systemui/.usb.UsbDebuggingActivity (has extras)} from uid 1000 on display 0
12-29 21:41:39.011  2355  3283 D UsbDebuggingManager: Received public key: QAAAABW91ynDVRf66bUOk3N1LNjve3LgB3baEmFyIDq5Y23gYoYKUeM/+sgzZ8AL9IQ59G7VAEaGMfzYH+AjXVwToolCtG0Sphee0gZo2gMcnLpyB3w13Drg2WxPfE6F2iVRvGh3ZLmUbVMIvYcF9aWxJlM6hEpKDbp042YsTuHr3neVvHnagOue55LfAW07nFxrs4DuiPP52bmWpr2xATa5Eu2vBl03VDrolKsOOgwH8a8WbK6UZ4wRqp3ZYnVIRHXND+5+En9hn82CVSQUcTRjXZYhHJXApnubs7ZI/6BR8wD6sDdJo80QHmyzgRQwtlKdnED52cLIa5AJn7WczVpRzhWhHrDbrTb0+U2BE67fyU1N+3Zyr07iF4nChp7N8RB8EP7SUyYrordjgRgy2Opb1xLIsrjD24QwSWIPZCr4du4CX8WCxe9eokyr0aOEAjd8Eo3zcW/z7e2Pt68GYfDOkebusJ87ppRiWW+ae1suTYYZ9QwGbmDi/6AQGR8mIeWAn4De53cdx/EbzRS5xjMVXLdSJTtswaIITKwvjx+xAx/r+mNfkmDiStFJPZlH/7Ju2pVdFhN4RKFUnuuIk6UoeUiO9okbR24kgQYwoumGepPDDiFYP3z3063xjQSZhiiiAuyJUVk25eswsj01d6fQwpuXgnQhX20IeLfUy7059OEivI6sjgEAAQA= unknown@unknown
12-29 21:41:39.019  2355  2371 I ActivityManager: START u0 {flg=0x10000000 cmp=com.android.systemui/.usb.UsbDebuggingActivity (has extras)} from uid 1000 on display 0
12-29 21:41:41.140  2355  3163 W InputMethodManagerService: Window already focused, ignoring focus gain of: com.android.internal.view.IInputMethodClient$Stub$Proxy@541aba2 attribute=null, token = android.os.BinderProxy@6649be0
12-29 21:41:47.096  2355  2367 I ActivityManager: Killing 3213:com.android.cellbroadcastreceiver/u0a6 (adj 15): empty #17
12-29 21:41:47.161  2355  2814 D ActivityManager: cleanUpApplicationRecord -- 3213
12-29 21:41:47.870  2355  2371 I BatteryStatsImpl: Resetting battery stats: level=92 status=2 dischargeLevel=92 lowAmount=0 highAmount=0
12-29 21:41:48.548  2355  2888 I ActivityManager: Killing 3308:com.android.keychain/1000 (adj 15): empty #17
12-29 21:41:48.570  2355  2543 D ActivityManager: cleanUpApplicationRecord -- 3308
12-29 21:41:50.217  2355  2355 I EntropyMixer: Writing entropy...
12-29 21:42:06.146  2355  2423 I PowerManagerService: Going to sleep due to power button (uid 1000)...
12-29 21:42:06.154  2355  2376 I PowerManagerService: Sleeping (uid 1000)...
12-29 21:42:06.988  2355  2374 I DisplayManagerService: Display device changed state: "Integrierter Bildschirm", OFF
12-29 21:42:07.865  2355  2423 I PowerManagerService: Waking up from sleep (uid 1000)...
12-29 21:42:07.879  2355  2376 I DisplayPowerController: Blocking screen on until initial contents have been drawn.
12-29 21:42:08.122  2355  2374 I DisplayManagerService: Display device changed state: "Integrierter Bildschirm", ON
12-29 21:42:08.152  2355  2376 W PowerManagerService: Sandman unresponsive, releasing suspend blocker
12-29 21:42:08.177  2355  2376 I DisplayPowerController: Unblocked screen on after 298 ms
12-29 21:42:09.300  2355  3000 W InputMethodManagerService: Window already focused, ignoring focus gain of: com.android.internal.view.IInputMethodClient$Stub$Proxy@72e0cb0 attribute=android.view.inputmethod.EditorInfo@6993729, token = android.os.BinderProxy@6649be0
12-29 21:42:16.082  2355  2894 W InputMethodManagerService: Window already focused, ignoring focus gain of: com.android.internal.view.IInputMethodClient$Stub$Proxy@bb00955 attribute=null, token = android.os.BinderProxy@6649be0
12-29 21:42:26.998  2355  3163 I ActivityManager: Killing 3324:com.android.dialer/u0a28 (adj 15): empty #17
12-29 21:42:27.032  2355  2366 D ActivityManager: cleanUpApplicationRecord -- 3324
12-29 21:42:47.137  2355  2371 I BatteryStatsImpl: Resetting battery stats: level=93 status=2 dischargeLevel=93 lowAmount=0 highAmount=0
12-29 21:42:49.395  2355  2355 I EntropyMixer: Writing entropy...
12-29 21:44:02.674  2355  2369 I ActivityManager: Start proc 3827:Mono.Android.DebugRuntime/u0a69 for broadcast Mono.Android.DebugRuntime/com.xamarin.mono.android.PackageVersions
12-29 21:44:03.838  2355  2369 I ActivityManager: Force stopping Mono.Android.Platform.ApiLevel_24 appid=10070 user=-1: uninstall pkg
12-29 21:44:04.460  2355  2379 W PackageManager: Couldn't remove dex file for package:  at location /data/app/Mono.Android.Platform.ApiLevel_24-1/base.apk, retcode=-1
12-29 21:44:04.497  2355  2379 I ActivityManager: Start proc 3864:com.android.defcontainer/u0a7 for service com.android.defcontainer/.DefaultContainerService
12-29 21:44:04.514  2355  2379 W PackageManager: Package named 'Mono.Android.Platform.ApiLevel_24' doesn't exist.
12-29 21:44:04.595  2355  2814 I ActivityManager: Killing 3348:com.cyanogenmod.settings.device/1000 (adj 15): empty #17
12-29 21:44:04.615  2355  2367 D ActivityManager: cleanUpApplicationRecord -- 3348
12-29 21:44:04.659  2355  2379 I ActivityManager: Force stopping Mono.Android.Platform.ApiLevel_24 appid=10070 user=0: pkg removed
12-29 21:44:04.743  2355  2355 D JobSchedulerService: Receieved: android.intent.action.PACKAGE_REMOVED
12-29 21:44:04.769  3431  3431 W ContextImpl: Calling a method in the system process without a qualified user: android.app.ContextImpl.startService:1231 android.content.ContextWrapper.startService:587 android.content.ContextWrapper.startService:587 org.cyanogenmod.providers.datausage.DataUsageAppInstallReceiver.onReceive:47 android.app.ActivityThread.handleReceiver:2759 
12-29 21:44:04.803  2355  3313 I ActivityManager: Start proc 3886:com.android.keychain/1000 for broadcast com.android.keychain/.KeyChainBroadcastReceiver
12-29 21:44:04.983  3886  3886 W ContextImpl: Calling a method in the system process without a qualified user: android.app.ContextImpl.startService:1231 android.content.ContextWrapper.startService:587 android.content.ContextWrapper.startService:587 com.android.keychain.KeyChainBroadcastReceiver.onReceive:12 android.app.ActivityThread.handleReceiver:2759 
12-29 21:44:05.004  3431  3431 W ContextImpl: Calling a method in the system process without a qualified user: android.app.ContextImpl.startService:1231 android.content.ContextWrapper.startService:587 android.content.ContextWrapper.startService:587 org.cyanogenmod.providers.datausage.DataUsageAppInstallReceiver.onReceive:47 android.app.ActivityThread.handleReceiver:2759 
12-29 21:44:05.019  2355  2355 I ActivityManager: Start proc 3907:org.cyanogenmod.themes.provider/u0a20 for broadcast org.cyanogenmod.themes.provider/.AppReceiver
12-29 21:44:05.082  2355  2367 I ActivityManager: Killing 3445:com.android.managedprovisioning/u0a12 (adj 15): empty #17
12-29 21:44:05.131  2355  3000 D ActivityManager: cleanUpApplicationRecord -- 3445
12-29 21:44:05.297  2355  2366 I ActivityManager: Start proc 3920:com.android.documentsui/u0a37 for broadcast com.android.documentsui/.PackageReceiver
12-29 21:44:05.299  2355  2366 I ActivityManager: Killing 3462:com.android.onetimeinitializer/u0a13 (adj 15): empty #17
12-29 21:44:05.351  2355  2507 D ActivityManager: cleanUpApplicationRecord -- 3462
12-29 21:44:05.483  2355  2367 I ActivityManager: Start proc 3936:com.android.externalstorage/u0a9 for content provider com.android.externalstorage/.ExternalStorageProvider
12-29 21:44:05.485  2355  2507 I ActivityManager: Killing 2807:com.android.settings/1000 (adj 15): empty #17
12-29 21:44:05.511  2355  2435 D WifiService: Client connection lost with reason: 4
12-29 21:44:05.537  2355  2366 D ActivityManager: cleanUpApplicationRecord -- 2807
12-29 21:44:05.542  2355  2944 I ActivityManager: Killing 3497:com.android.deskclock/u0a43 (adj 15): empty #17
12-29 21:44:05.589  2355  3000 D ActivityManager: cleanUpApplicationRecord -- 3497
12-29 21:44:05.673  2355  2507 I ActivityManager: Start proc 3951:com.android.shell/2000 for content provider com.android.shell/.BugreportStorageProvider
12-29 21:44:05.723  2355  2888 I ActivityManager: Killing 3240:com.android.exchange/u0a40 (adj 15): empty #17
12-29 21:44:05.750  2355  2814 D ActivityManager: cleanUpApplicationRecord -- 3240
12-29 21:44:11.451  3864  3876 D DefContainer: Copying /data/local/tmp/Mono.Android.Platform.ApiLevel_24.apk to base.apk
12-29 21:44:15.140  2355  2379 V BackupManagerService: restoreAtInstall pkg=Mono.Android.Platform.ApiLevel_24 token=1 restoreSet=0
12-29 21:44:15.140  2355  2379 W BackupManagerService: Requested unavailable transport: com.google.android.gms/.backup.BackupTransportService
12-29 21:44:15.140  2355  2379 W BackupManagerService: No transport
12-29 21:44:15.140  2355  2379 V BackupManagerService: Finishing install immediately
12-29 21:44:15.394  3431  3431 W ContextImpl: Calling a method in the system process without a qualified user: android.app.ContextImpl.startService:1231 android.content.ContextWrapper.startService:587 android.content.ContextWrapper.startService:587 org.cyanogenmod.providers.datausage.DataUsageAppInstallReceiver.onReceive:47 android.app.ActivityThread.handleReceiver:2759 
12-29 21:44:16.503  2355  2369 I ActivityManager: Force stopping SeniorenApp.SeniorenApp appid=10071 user=-1: uninstall pkg
12-29 21:44:16.682  2355  2368 W VoiceInteractionManagerService: no available voice recognition services found for user 0
12-29 21:44:16.737  2355  2379 W PackageManager: Couldn't remove dex file for package:  at location /data/app/SeniorenApp.SeniorenApp-1/base.apk, retcode=-1
12-29 21:44:16.740  2355  2369 I ActivityManager: Force stopping SeniorenApp.SeniorenApp appid=10071 user=-1: uninstall pkg
12-29 21:44:18.438  2355  3313 I ActivityManager: Start proc 4021:com.svox.pico/u0a54 for broadcast com.svox.pico/.VoiceDataInstallerReceiver
12-29 21:44:19.008  2355  2379 I ActivityManager: Force stopping SeniorenApp.SeniorenApp appid=10071 user=0: pkg removed
12-29 21:44:19.137  2355  2355 D JobSchedulerService: Receieved: android.intent.action.PACKAGE_REMOVED
12-29 21:44:19.145  3431  3431 W ContextImpl: Calling a method in the system process without a qualified user: android.app.ContextImpl.startService:1231 android.content.ContextWrapper.startService:587 android.content.ContextWrapper.startService:587 org.cyanogenmod.providers.datausage.DataUsageAppInstallReceiver.onReceive:47 android.app.ActivityThread.handleReceiver:2759 
12-29 21:44:19.186  2355  2379 I ActivityManager: Force stopping SeniorenApp.SeniorenApp appid=10071 user=0: pkg removed
12-29 21:44:19.236  2355  2355 D JobSchedulerService: Receieved: android.intent.action.PACKAGE_REMOVED
12-29 21:44:19.357  3886  3886 W ContextImpl: Calling a method in the system process without a qualified user: android.app.ContextImpl.startService:1231 android.content.ContextWrapper.startService:587 android.content.ContextWrapper.startService:587 com.android.keychain.KeyChainBroadcastReceiver.onReceive:12 android.app.ActivityThread.handleReceiver:2759 
12-29 21:44:19.378  3431  3431 W ContextImpl: Calling a method in the system process without a qualified user: android.app.ContextImpl.startService:1231 android.content.ContextWrapper.startService:587 android.content.ContextWrapper.startService:587 org.cyanogenmod.providers.datausage.DataUsageAppInstallReceiver.onReceive:47 android.app.ActivityThread.handleReceiver:2759 
12-29 21:44:19.516  3431  3431 W ContextImpl: Calling a method in the system process without a qualified user: android.app.ContextImpl.startService:1231 android.content.ContextWrapper.startService:587 android.content.ContextWrapper.startService:587 org.cyanogenmod.providers.datausage.DataUsageAppInstallReceiver.onReceive:47 android.app.ActivityThread.handleReceiver:2759 
12-29 21:44:19.530  3886  3886 W ContextImpl: Calling a method in the system process without a qualified user: android.app.ContextImpl.startService:1231 android.content.ContextWrapper.startService:587 android.content.ContextWrapper.startService:587 com.android.keychain.KeyChainBroadcastReceiver.onReceive:12 android.app.ActivityThread.handleReceiver:2759 
12-29 21:44:19.570  3431  3431 W ContextImpl: Calling a method in the system process without a qualified user: android.app.ContextImpl.startService:1231 android.content.ContextWrapper.startService:587 android.content.ContextWrapper.startService:587 org.cyanogenmod.providers.datausage.DataUsageAppInstallReceiver.onReceive:47 android.app.ActivityThread.handleReceiver:2759 
12-29 21:44:19.816  3864  3876 D DefContainer: Copying /data/local/tmp/SeniorenApp.SeniorenApp-Signed.apk to base.apk
12-29 21:44:20.280  2355  2379 W PackageManager: Package SeniorenApp.SeniorenApp signatures do not match the previously installed version; ignoring!
12-29 21:44:29.960  2355  2894 I ActivityManager: Killing 3478:com.android.calendar/u0a36 (adj 15): empty #17
12-29 21:44:30.023  2355  3941 D ActivityManager: cleanUpApplicationRecord -- 3478
12-29 21:46:14.063  2355  3000 I ActivityManager: Killing 3188:com.cyanogenmod.eleven:main/u0a41 (adj 15): empty #17
12-29 21:46:14.090  2355  2507 D ActivityManager: cleanUpApplicationRecord -- 3188
12-29 21:48:00.528  2355  3000 I ActivityManager: Killing 3532:com.android.messaging/u0a68 (adj 15): empty #17
12-29 21:48:00.595  2355  2944 D ActivityManager: cleanUpApplicationRecord -- 3532
12-29 21:48:59.339  2355  2371 I UsbDeviceManager: Setting USB config to accessory,audio_source,adb
12-29 21:48:59.443  2355  2372 D UsbAlsaManager: Adding ALSA device AlsaDevice: [card: 1, device: 0, type: 1]
12-29 21:49:00.458  2355  2371 D UsbDeviceManager: entering USB accessory mode: UsbAccessory[mManufacturer=h-ab.de, mModel=SeniorenApp, mDescription=SeniorenApp, mVersion=1.0, mUri=https://github.com/SeniorenApp/, mSerial=0000000012345678]
12-29 21:49:00.464  2355  2371 I ActivityManager: START u0 {flg=0x10000000 cmp=com.android.systemui/.usb.UsbAccessoryUriActivity (has extras)} from uid 1000 on display 0
12-29 21:49:03.411  2355  2814 W InputMethodManagerService: Window already focused, ignoring focus gain of: com.android.internal.view.IInputMethodClient$Stub$Proxy@e849b38 attribute=android.view.inputmethod.EditorInfo@b115711, token = android.os.BinderProxy@6649be0
12-29 21:49:26.935  2355  2372 D UsbAlsaManager: ALSA device removed: AlsaDevice: [card: 1, device: 0, type: 1]
12-29 21:49:26.986  2355  2372 D UsbAlsaManager: Adding ALSA device AlsaDevice: [card: 1, device: 0, type: 1]
12-29 21:49:27.211  2355  2371 D UsbDeviceManager: exited USB accessory mode
12-29 21:49:27.212  2355  2371 I UsbDeviceManager: Setting USB config to mtp,adb
12-29 21:49:27.231  2355  2372 D UsbAlsaManager: ALSA device removed: AlsaDevice: [card: 1, device: 0, type: 1]
12-29 21:49:27.363  2355  2543 I ActivityManager: Start proc 4140:com.cyanogenmod.eleven/u0a41 for broadcast com.cyanogenmod.eleven/.MediaButtonIntentReceiver
12-29 21:49:27.474  2355  3000 I ActivityManager: Start proc 4153:com.cyanogenmod.eleven:main/u0a41 for service com.cyanogenmod.eleven/.MusicPlaybackService
12-29 21:49:27.481  2355  2367 I ActivityManager: Killing 3392:com.cyanogenmod.updater/u0a3 (adj 15): empty #17
12-29 21:49:27.551  2355  3163 D ActivityManager: cleanUpApplicationRecord -- 3392
12-29 21:50:05.718  3864  3875 D DefContainer: Copying /data/local/tmp/SeniorenApp.SeniorenApp-Signed.apk to base.apk
12-29 21:50:06.092  2355  2379 W PackageManager: Package SeniorenApp.SeniorenApp signatures do not match the previously installed version; ignoring!
12-29 21:51:13.751  2355  2379 W PackageManager: Package named 'seniorenapp' doesn't exist.
12-29 21:51:19.056  2355  2379 W PackageManager: Package named 'seniorenapp.seniorenapp' doesn't exist.
12-29 21:51:50.596  2355  2379 W PackageManager: Package named 'com.seniorenapp.seniorenapp' doesn't exist.
12-29 21:52:16.318  2355  2379 W PackageManager: Package named 'com.theircompany.seniorenapp' doesn't exist.
12-29 21:52:23.663  2355  2507 I ActivityManager: START u0 {act=android.intent.action.MAIN cat=[android.intent.category.LAUNCHER] flg=0x10200000 cmp=com.android.settings/.Settings (has extras)} from uid 10027 on display 0
12-29 21:52:23.824  2355  2367 I ActivityManager: Start proc 4331:com.android.settings/1000 for activity com.android.settings/.Settings
12-29 21:52:24.120  2355  3941 I ActivityManager: Start proc 4346:com.android.cellbroadcastreceiver/u0a6 for content provider com.android.cellbroadcastreceiver/.CellBroadcastSearchIndexableProvider
12-29 21:52:24.397  2355  2435 D WifiService: New client listening to asynchronous messages
12-29 21:52:34.426  2355  2367 I ActivityManager: START u0 {act=android.intent.action.MAIN cmp=com.android.settings/.SubSettings (has extras)} from uid 1000 on display 0
12-29 21:52:42.466  2355  2543 I ActivityManager: START u0 {act=android.intent.action.MAIN cmp=com.android.settings/.SubSettings (has extras)} from uid 1000 on display 0
12-29 21:52:42.781  4331  4331 W ContextImpl: Calling a method in the system process without a qualified user: android.app.ContextImpl.sendBroadcast:773 android.content.ContextWrapper.sendBroadcast:402 com.android.settings.applications.PermissionsSummaryHelper.sendPermissionRequest:61 com.android.settings.applications.PermissionsSummaryHelper.getPermissionSummary:34 com.android.settings.applications.InstalledAppDetails.refreshUi:555 
12-29 21:52:42.798  2355  2369 I ActivityManager: Start proc 4404:com.android.packageinstaller/u0a17 for broadcast com.android.packageinstaller/.permission.model.PermissionStatusReceiver
12-29 21:52:43.038  4331  4331 W ContextImpl: Calling a method in the system process without a qualified user: android.app.ContextImpl.sendBroadcast:773 android.content.ContextWrapper.sendBroadcast:402 com.android.settings.applications.PermissionsSummaryHelper.sendPermissionRequest:61 com.android.settings.applications.PermissionsSummaryHelper.getPermissionSummary:34 com.android.settings.applications.InstalledAppDetails.refreshUi:555 
12-29 21:52:43.163  2355  3000 I ProcessStatsService: Added stats: 2016-12-29-14-59-33, over +4h49m0s152ms
