11-30 04:24:02.789   305  1751 E NetlinkEvent: NetlinkEvent::FindParam(): Parameter 'UID' not found
11-30 04:24:02.791  1787  2914 I chatty  : uid=1000(system) AlarmManager expire 10 lines
11-30 04:24:02.797  1787  1787 I chatty  : uid=1000 system_server expire 10 lines
11-30 04:24:55.770   305  1751 E NetlinkEvent: NetlinkEvent::FindParam(): Parameter 'UID' not found
11-30 04:24:55.825   305  1751 E NetlinkEvent: NetlinkEvent::FindParam(): Parameter 'UID' not found
11-30 04:25:14.854   305  1751 E NetlinkEvent: NetlinkEvent::FindParam(): Parameter 'UID' not found
11-30 04:28:56.215   305  1751 E NetlinkEvent: NetlinkEvent::FindParam(): Parameter 'UID' not found
11-30 04:28:56.221   305  1751 E NetlinkEvent: NetlinkEvent::FindParam(): Parameter 'UID' not found
11-30 04:28:56.242   305  1751 E NetlinkEvent: NetlinkEvent::FindParam(): Parameter 'UID' not found
11-30 04:30:19.719   305  1751 E NetlinkEvent: NetlinkEvent::FindParam(): Parameter 'UID' not found
11-30 04:30:19.729  1787  1787 I chatty  : uid=1000 system_server expire 10 lines
11-30 04:53:04.734   305  1751 E NetlinkEvent: NetlinkEvent::FindParam(): Parameter 'UID' not found
11-30 04:53:32.784   305  1751 E NetlinkEvent: NetlinkEvent::FindParam(): Parameter 'UID' not found
11-30 05:14:29.787  1787  2914 I chatty  : uid=1000(system) AlarmManager expire 10 lines
11-30 05:22:05.799   305  1751 E NetlinkEvent: NetlinkEvent::FindParam(): Parameter 'UID' not found
11-30 05:22:05.858  1787  1797 I chatty  : uid=1000(system) Binder_1 expire 1 line
11-30 05:22:05.976  1787  2955 I chatty  : uid=1000(system) ConnectivitySer expire 2 lines
11-30 05:23:31.804   305  1751 E NetlinkEvent: NetlinkEvent::FindParam(): Parameter 'UID' not found
11-30 05:26:06.268   305  1751 E NetlinkEvent: NetlinkEvent::FindParam(): Parameter 'UID' not found
11-30 05:26:06.276   305  1751 E NetlinkEvent: NetlinkEvent::FindParam(): Parameter 'UID' not found
11-30 05:51:07.820   305  1751 E NetlinkEvent: NetlinkEvent::FindParam(): Parameter 'UID' not found
11-30 05:53:32.809   305  1751 E NetlinkEvent: NetlinkEvent::FindParam(): Parameter 'UID' not found
11-30 06:00:01.826  1787  1787 I chatty  : uid=1000 system_server expire 8 lines
11-30 06:14:30.829   305  1751 E NetlinkEvent: NetlinkEvent::FindParam(): Parameter 'UID' not found
11-30 06:20:09.818   305  1751 E NetlinkEvent: NetlinkEvent::FindParam(): Parameter 'UID' not found
11-30 06:20:09.903   305  1751 E NetlinkEvent: NetlinkEvent::FindParam(): Parameter 'UID' not found
11-30 06:21:19.807   305  1751 E NetlinkEvent: NetlinkEvent::FindParam(): Parameter 'UID' not found
11-30 06:21:19.918  3460  3460 I chatty  : uid=1000(system) com.motorola.modemservice expire 4 lines
11-30 06:21:19.931  1787  1801 I chatty  : uid=1000(system) ActivityManager expire 1 line
11-30 06:21:21.247  1787  6219 I chatty  : uid=1000(system) Binder_B expire 7 lines
11-30 06:21:40.003  3640  3640 D MccTable: updateMccMncConfiguration mccmnc='null' fromServiceState=true
11-30 06:21:40.003  3640  3640 D MccTable: WIFI_COUNTRY_CODE set to 
11-30 06:21:40.003  1787  3675 I chatty  : uid=1000(system) Binder_5 expire 4 lines
11-30 06:21:40.028  3460  3460 I chatty  : uid=1000(system) com.motorola.modemservice expire 2 lines
11-30 06:21:40.120   305  1751 E NetlinkEvent: NetlinkEvent::FindParam(): Parameter 'UID' not found
11-30 06:21:40.162  1787  3031 I chatty  : uid=1000(system) Binder_4 expire 3 lines
11-30 06:21:40.209  1787  1797 I chatty  : uid=1000(system) Binder_1 expire 1 line
11-30 06:21:40.249  1787  4627 I chatty  : uid=1000(system) Binder_8 expire 7 lines
11-30 06:21:51.096  3640  3640 D MccTable: updateMccMncConfiguration mccmnc='26207' fromServiceState=true
11-30 06:21:51.097  3640  3640 D MccTable: updateMccMncConfiguration defaultMccMnc=26207
11-30 06:21:51.097  3640  3640 D MccTable: updateMccMncConfiguration: mcc=262, mnc=7
11-30 06:21:51.097  3640  3640 D MccTable: WIFI_COUNTRY_CODE set to de
11-30 06:21:51.097  1787  4201 I chatty  : uid=1000(system) Binder_7 expire 1 line
11-30 06:21:51.106  1787  3029 I chatty  : uid=1000(system) Binder_3 expire 6 lines
11-30 06:21:51.106  1787  6215 I chatty  : uid=1000(system) Binder_A expire 5 lines
11-30 06:21:51.124  1787  6220 I chatty  : uid=1000(system) Binder_C expire 2 lines
11-30 06:21:51.126  1787  4628 I chatty  : uid=1000(system) Binder_9 expire 1 line
11-30 06:21:51.157  1787  1798 I chatty  : uid=1000(system) Binder_2 expire 6 lines
11-30 06:21:51.587  1787  1800 I chatty  : uid=1000(system) android.bg expire 3 lines
11-30 06:23:18.080   305  1751 E NetlinkEvent: NetlinkEvent::FindParam(): Parameter 'UID' not found
11-30 06:25:40.628   305  1751 E NetlinkEvent: NetlinkEvent::FindParam(): Parameter 'UID' not found
11-30 06:25:40.633   305  1751 E NetlinkEvent: NetlinkEvent::FindParam(): Parameter 'UID' not found
11-30 06:25:51.999   305  1751 E NetlinkEvent: NetlinkEvent::FindParam(): Parameter 'UID' not found
11-30 06:27:09.498   305  1751 E NetlinkEvent: NetlinkEvent::FindParam(): Parameter 'UID' not found
11-30 06:27:26.613   305  1751 E NetlinkEvent: NetlinkEvent::FindParam(): Parameter 'UID' not found
11-30 06:27:26.614   305  1751 E NetlinkEvent: NetlinkEvent::FindParam(): Parameter 'UID' not found
11-30 06:27:27.538   305  1751 E NetlinkEvent: NetlinkEvent::FindParam(): Parameter 'UID' not found
11-30 06:32:53.790   305  1751 E NetlinkEvent: NetlinkEvent::FindParam(): Parameter 'UID' not found
11-30 06:32:54.725   305  1751 E NetlinkEvent: NetlinkEvent::FindParam(): Parameter 'UID' not found
11-30 06:33:31.595   305  1751 E NetlinkEvent: NetlinkEvent::FindParam(): Parameter 'UID' not found
11-30 06:43:31.604  1787  1801 I chatty  : uid=1000(system) ActivityManager expire 1 line
11-30 06:49:10.599  1787  2914 I chatty  : uid=1000(system) AlarmManager expire 12 lines
11-30 06:49:10.611   305  1751 E NetlinkEvent: NetlinkEvent::FindParam(): Parameter 'UID' not found
11-30 06:49:10.620  1787  1787 I chatty  : uid=1000 system_server expire 11 lines
11-30 06:53:31.603   305  1751 E NetlinkEvent: NetlinkEvent::FindParam(): Parameter 'UID' not found
11-30 07:18:11.604   305  1751 E NetlinkEvent: NetlinkEvent::FindParam(): Parameter 'UID' not found
11-30 07:23:31.607   305  1751 E NetlinkEvent: NetlinkEvent::FindParam(): Parameter 'UID' not found
11-30 07:47:12.612   305  1751 E NetlinkEvent: NetlinkEvent::FindParam(): Parameter 'UID' not found
11-30 07:53:31.624   305  1751 E NetlinkEvent: NetlinkEvent::FindParam(): Parameter 'UID' not found
11-30 08:14:33.654   305  1751 E NetlinkEvent: NetlinkEvent::FindParam(): Parameter 'UID' not found
11-30 08:14:33.716  1787  1787 I chatty  : uid=1000 system_server expire 15 lines
11-30 08:16:14.620  1787  2914 I chatty  : uid=1000(system) AlarmManager expire 10 lines
11-30 08:16:14.626   305  1751 E NetlinkEvent: NetlinkEvent::FindParam(): Parameter 'UID' not found
11-30 08:16:14.629   305  1751 E NetlinkEvent: NetlinkEvent::FindParam(): Parameter 'UID' not found
11-30 08:17:03.622   305  1751 E NetlinkEvent: NetlinkEvent::FindParam(): Parameter 'UID' not found
11-30 08:17:03.951   305  1751 E NetlinkEvent: NetlinkEvent::FindParam(): Parameter 'UID' not found
11-30 08:21:04.869   305  1751 E NetlinkEvent: NetlinkEvent::FindParam(): Parameter 'UID' not found
11-30 08:21:04.880   305  1751 E NetlinkEvent: NetlinkEvent::FindParam(): Parameter 'UID' not found
11-30 08:23:31.622   305  1751 E NetlinkEvent: NetlinkEvent::FindParam(): Parameter 'UID' not found
11-30 08:23:32.108   305  1751 E NetlinkEvent: NetlinkEvent::FindParam(): Parameter 'UID' not found
11-30 08:25:05.716   305  1751 E NetlinkEvent: NetlinkEvent::FindParam(): Parameter 'UID' not found
11-30 08:25:05.800   305  1751 E NetlinkEvent: NetlinkEvent::FindParam(): Parameter 'UID' not found
11-30 08:27:04.634   305  1751 E NetlinkEvent: NetlinkEvent::FindParam(): Parameter 'UID' not found
11-30 08:27:04.636  1787  2914 I chatty  : uid=1000(system) AlarmManager expire 11 lines
11-30 08:27:04.656  1787  1787 I chatty  : uid=1000 system_server expire 10 lines
11-30 08:27:04.694   305  1751 E NetlinkEvent: NetlinkEvent::FindParam(): Parameter 'UID' not found
11-30 08:27:20.113   305  1751 E NetlinkEvent: NetlinkEvent::FindParam(): Parameter 'UID' not found
11-30 08:27:32.471   305  1751 E NetlinkEvent: NetlinkEvent::FindParam(): Parameter 'UID' not found
11-30 08:27:47.513   305  1751 E NetlinkEvent: NetlinkEvent::FindParam(): Parameter 'UID' not found
11-30 08:30:20.638  1787  1787 I chatty  : uid=1000 system_server expire 13 lines
11-30 08:31:05.447   305  1751 E NetlinkEvent: NetlinkEvent::FindParam(): Parameter 'UID' not found
11-30 08:31:05.451   305  1751 E NetlinkEvent: NetlinkEvent::FindParam(): Parameter 'UID' not found
11-30 08:45:16.647   305  1751 E NetlinkEvent: NetlinkEvent::FindParam(): Parameter 'UID' not found
11-30 08:53:31.646   305  1751 E NetlinkEvent: NetlinkEvent::FindParam(): Parameter 'UID' not found
11-30 09:04:47.889  1787  1806 I chatty  : uid=1000(system) android.display expire 5 lines
11-30 09:04:47.950  1787  2916 I chatty  : uid=1000(system) InputReader expire 1 line
11-30 09:04:47.957  1787  6221 I chatty  : uid=1000(system) Binder_D expire 2 lines
11-30 09:04:47.959  1787  1803 I chatty  : uid=1000(system) android.fg expire 3 lines
11-30 09:04:48.131   258   699 I chatty  : uid=1000(system) EventThread expire 5 lines
11-30 09:04:48.152  1787  2914 I chatty  : uid=1000(system) AlarmManager expire 11 lines
11-30 09:04:48.504   305  1751 E NetlinkEvent: NetlinkEvent::FindParam(): Parameter 'UID' not found
11-30 09:04:51.828   258   258 I chatty  : uid=1000(system) /system/bin/surfaceflinger expire 10 lines
11-30 09:04:53.435  1787  2217 I chatty  : uid=1000(system) Binder_E expire 1 line
11-30 09:04:53.643  3242  3242 I chatty  : uid=1000(system) com.whatsapp expire 3 lines
11-30 09:04:54.081  1787  2954 I chatty  : uid=1000(system) WifiService expire 2 lines
11-30 09:04:54.237  1787  2955 I chatty  : uid=1000(system) ConnectivitySer expire 10 lines
11-30 09:05:24.263   305  1751 E NetlinkEvent: NetlinkEvent::FindParam(): Parameter 'UID' not found
11-30 09:05:29.384   305  1751 E NetlinkEvent: NetlinkEvent::FindParam(): Parameter 'UID' not found
11-30 09:05:31.345   258   258 I chatty  : uid=1000(system) /system/bin/surfaceflinger expire 10 lines
11-30 09:05:48.463   305  1751 E NetlinkEvent: NetlinkEvent::FindParam(): Parameter 'UID' not found
11-30 09:06:00.058  1787  1787 I chatty  : uid=1000 system_server expire 10 lines
11-30 09:06:31.601   305  1751 E NetlinkEvent: NetlinkEvent::FindParam(): Parameter 'UID' not found
11-30 09:06:46.624   305  1751 E NetlinkEvent: NetlinkEvent::FindParam(): Parameter 'UID' not found
11-30 09:07:09.560  1787  1809 I chatty  : uid=1000(system) PowerManagerSer expire 3 lines
11-30 09:07:14.299   305  1751 E NetlinkEvent: NetlinkEvent::FindParam(): Parameter 'UID' not found
11-30 09:07:14.566  1787  2914 I chatty  : uid=1000(system) AlarmManager expire 6 lines
11-30 09:07:14.630  3000  3000 D StatusBarKeyguardViewManager: showKeyguard, but hide Bouncer
11-30 09:07:40.303  1787  3677 I chatty  : uid=1000(system) Binder_6 expire 1 line
11-30 09:07:42.246   258   258 I chatty  : uid=1000(system) /system/bin/surfaceflinger expire 10 lines
11-30 09:08:02.168   305  1751 E NetlinkEvent: NetlinkEvent::FindParam(): Parameter 'UID' not found
11-30 09:08:36.531   305  1751 E NetlinkEvent: NetlinkEvent::FindParam(): Parameter 'UID' not found
11-30 09:08:47.692   258   258 I chatty  : uid=1000(system) /system/bin/surfaceflinger expire 16 lines
11-30 09:09:00.061  1787  1787 I chatty  : uid=1000 system_server expire 2 lines
11-30 09:09:24.648   305  1751 E NetlinkEvent: NetlinkEvent::FindParam(): Parameter 'UID' not found
11-30 09:09:26.097  1787  2955 I chatty  : uid=1000(system) ConnectivitySer expire 6 lines
11-30 09:09:37.411  3000  3000 V DeadZone: consuming errant click: (456.36618,38.045288)
11-30 09:09:38.068   258   258 I chatty  : uid=1000(system) /system/bin/surfaceflinger expire 32 lines
11-30 09:09:56.327  1787  2955 I chatty  : uid=1000(system) ConnectivitySer expire 10 lines
11-30 09:09:56.799  1787  1800 I chatty  : uid=1000(system) android.bg expire 1 line
11-30 09:10:00.002  1787  2914 I chatty  : uid=1000(system) AlarmManager expire 10 lines
11-30 09:10:00.044  1787  1787 I chatty  : uid=1000 system_server expire 10 lines
11-30 09:10:10.735   258   699 I chatty  : uid=1000(system) EventThread expire 10 lines
11-30 09:10:12.655   305  1751 E NetlinkEvent: NetlinkEvent::FindParam(): Parameter 'UID' not found
11-30 09:10:14.937   258   258 I chatty  : uid=1000(system) /system/bin/surfaceflinger expire 12 lines
11-30 09:10:22.240  3000  3000 V DeadZone: consuming errant click: (410.42996,0.07495117)
11-30 09:10:27.729   305  1751 E NetlinkEvent: NetlinkEvent::FindParam(): Parameter 'UID' not found
11-30 09:10:33.221   258   258 I chatty  : uid=1000(system) /system/bin/surfaceflinger expire 16 lines
11-30 09:10:41.559   305  1751 E NetlinkEvent: NetlinkEvent::FindParam(): Parameter 'UID' not found
11-30 09:10:53.809  1787  2916 I chatty  : uid=1000(system) InputReader expire 4 lines
11-30 09:10:54.403  1787  1806 I chatty  : uid=1000(system) android.display expire 8 lines
11-30 09:10:54.594  1787  1809 I chatty  : uid=1000(system) PowerManagerSer expire 9 lines
11-30 09:10:54.595  1787  1803 I chatty  : uid=1000(system) android.fg expire 6 lines
11-30 09:10:54.667  3242  3242 I chatty  : uid=1000(system) com.whatsapp expire 3 lines
11-30 09:10:54.795  1787  1797 I chatty  : uid=1000(system) Binder_1 expire 1 line
11-30 09:10:54.822  3000  3000 D StatusBarKeyguardViewManager: showKeyguard, but hide Bouncer
11-30 09:10:55.185  1787  3029 I chatty  : uid=1000(system) Binder_3 expire 2 lines
11-30 09:10:55.302  1787  3031 I chatty  : uid=1000(system) Binder_4 expire 2 lines
11-30 09:10:57.057   258   258 I chatty  : uid=1000(system) /system/bin/surfaceflinger expire 12 lines
11-30 09:10:57.151  3000  3000 D StatusBarKeyguardViewManager: showKeyguard, but hide Bouncer
11-30 09:11:10.653   305  1751 E NetlinkEvent: NetlinkEvent::FindParam(): Parameter 'UID' not found
11-30 09:11:10.668   305  1751 E NetlinkEvent: NetlinkEvent::FindParam(): Parameter 'UID' not found
11-30 09:13:30.653   305  1751 E NetlinkEvent: NetlinkEvent::FindParam(): Parameter 'UID' not found
11-30 09:13:30.662  1787  2914 I chatty  : uid=1000(system) AlarmManager expire 10 lines
11-30 09:13:30.677  1787  1787 I chatty  : uid=1000 system_server expire 12 lines
11-30 09:14:17.648   305  1751 E NetlinkEvent: NetlinkEvent::FindParam(): Parameter 'UID' not found
11-30 09:14:34.646   305  1751 E NetlinkEvent: NetlinkEvent::FindParam(): Parameter 'UID' not found
11-30 09:14:34.653   305  1751 E NetlinkEvent: NetlinkEvent::FindParam(): Parameter 'UID' not found
11-30 09:14:37.472  5289  8617 W FileUtils: Failed to chmod(/pds/public/svcs/activation_date): android.system.ErrnoException: chmod failed: EACCES (Permission denied)
11-30 09:15:50.978   305  1751 E NetlinkEvent: NetlinkEvent::FindParam(): Parameter 'UID' not found
11-30 09:15:51.053  1787  1787 I chatty  : uid=1000 system_server expire 12 lines
11-30 09:15:51.061  1787  1798 I chatty  : uid=1000(system) Binder_2 expire 3 lines
11-30 09:15:57.550   305  1751 E NetlinkEvent: NetlinkEvent::FindParam(): Parameter 'UID' not found
11-30 09:16:00.001  1787  2914 I chatty  : uid=1000(system) AlarmManager expire 10 lines
11-30 09:16:15.877   305  1751 E NetlinkEvent: NetlinkEvent::FindParam(): Parameter 'UID' not found
11-30 09:16:31.720   258   258 I chatty  : uid=1000(system) /system/bin/surfaceflinger expire 10 lines
11-30 09:16:56.551   305  1751 E NetlinkEvent: NetlinkEvent::FindParam(): Parameter 'UID' not found
11-30 09:17:24.237   305  1751 E NetlinkEvent: NetlinkEvent::FindParam(): Parameter 'UID' not found
11-30 09:18:00.061  1787  1787 I chatty  : uid=1000 system_server expire 11 lines
11-30 09:18:00.338   258   699 I chatty  : uid=1000(system) EventThread expire 3 lines
11-30 09:18:06.756  3000  3000 D StatusBarKeyguardViewManager: showKeyguard, but hide Bouncer
11-30 09:18:16.672   305  1751 E NetlinkEvent: NetlinkEvent::FindParam(): Parameter 'UID' not found
11-30 09:18:37.645  1787  2914 I chatty  : uid=1000(system) AlarmManager expire 12 lines
11-30 09:18:37.652   305  1751 E NetlinkEvent: NetlinkEvent::FindParam(): Parameter 'UID' not found
11-30 09:18:37.662   305  1751 E NetlinkEvent: NetlinkEvent::FindParam(): Parameter 'UID' not found
11-30 09:21:10.656   305  1751 E NetlinkEvent: NetlinkEvent::FindParam(): Parameter 'UID' not found
11-30 09:21:10.676   305  1751 E NetlinkEvent: NetlinkEvent::FindParam(): Parameter 'UID' not found
11-30 09:22:03.030  1787  1801 I chatty  : uid=1000(system) ActivityManager expire 1 line
11-30 09:22:03.067   305  1751 E NetlinkEvent: NetlinkEvent::FindParam(): Parameter 'UID' not found
11-30 09:22:03.146  1787  6221 I chatty  : uid=1000(system) Binder_D expire 1 line
11-30 09:22:04.911  1787  3677 I chatty  : uid=1000(system) Binder_6 expire 3 lines
11-30 09:22:38.248   305  1751 E NetlinkEvent: NetlinkEvent::FindParam(): Parameter 'UID' not found
11-30 09:22:38.252   305  1751 E NetlinkEvent: NetlinkEvent::FindParam(): Parameter 'UID' not found
11-30 09:22:38.255  1787  4628 I chatty  : uid=1000(system) Binder_9 expire 8 lines
11-30 09:26:01.630  1787  6215 I chatty  : uid=1000(system) Binder_A expire 2 lines
11-30 09:26:01.776  1787  1787 I chatty  : uid=1000 system_server expire 14 lines
11-30 09:26:02.193   305  1751 E NetlinkEvent: NetlinkEvent::FindParam(): Parameter 'UID' not found
11-30 09:28:56.587   305  1751 E NetlinkEvent: NetlinkEvent::FindParam(): Parameter 'UID' not found
11-30 09:28:57.587  1787  2914 I chatty  : uid=1000(system) AlarmManager expire 17 lines
11-30 09:29:06.753   258   258 I chatty  : uid=1000(system) /system/bin/surfaceflinger expire 36 lines
11-30 09:29:07.306  1787  1806 I chatty  : uid=1000(system) android.display expire 17 lines
11-30 09:29:07.318   258   699 I chatty  : uid=1000(system) EventThread expire 15 lines
11-30 09:29:07.499  1787  1809 I chatty  : uid=1000(system) PowerManagerSer expire 5 lines
11-30 09:29:07.514  1787  1803 I chatty  : uid=1000(system) android.fg expire 4 lines
11-30 09:29:10.521  3000  3000 D StatusBarKeyguardViewManager: showKeyguard, but hide Bouncer
11-30 09:30:20.629  1787  1787 I chatty  : uid=1000 system_server expire 12 lines
11-30 09:30:20.869  1787  1798 I chatty  : uid=1000(system) Binder_2 expire 3 lines
11-30 09:41:27.693   305  1751 E NetlinkEvent: NetlinkEvent::FindParam(): Parameter 'UID' not found
11-30 09:41:27.719  1787  1787 I chatty  : uid=1000 system_server expire 15 lines
11-30 09:41:34.869  1787  4628 I chatty  : uid=1000(system) Binder_9 expire 1 line
11-30 09:41:43.061   305  1751 E NetlinkEvent: NetlinkEvent::FindParam(): Parameter 'UID' not found
11-30 09:43:18.610  1787  2914 I chatty  : uid=1000(system) AlarmManager expire 11 lines
11-30 09:43:18.625   305  1751 E NetlinkEvent: NetlinkEvent::FindParam(): Parameter 'UID' not found
11-30 09:43:31.600  1787  1797 I chatty  : uid=1000(system) Binder_1 expire 2 lines
11-30 09:45:31.501   305  1751 E NetlinkEvent: NetlinkEvent::FindParam(): Parameter 'UID' not found
11-30 09:47:55.870  1787  6215 I chatty  : uid=1000(system) Binder_A expire 2 lines
11-30 09:48:01.984  1787  2955 I chatty  : uid=1000(system) ConnectivitySer expire 2 lines
11-30 09:48:07.420  3000  3000 D StatusBarKeyguardViewManager: showKeyguard, but hide Bouncer
11-30 09:50:29.619  1787  2914 I chatty  : uid=1000(system) AlarmManager expire 11 lines
11-30 09:50:29.630  1787  1787 I chatty  : uid=1000 system_server expire 11 lines
11-30 10:12:20.635   305  1751 E NetlinkEvent: NetlinkEvent::FindParam(): Parameter 'UID' not found
11-30 10:13:31.625   305  1751 E NetlinkEvent: NetlinkEvent::FindParam(): Parameter 'UID' not found
11-30 10:14:35.620  1787  2914 I chatty  : uid=1000(system) AlarmManager expire 19 lines
11-30 10:14:35.669  1787  1787 I chatty  : uid=1000 system_server expire 25 lines
11-30 10:14:35.696   305  1751 E NetlinkEvent: NetlinkEvent::FindParam(): Parameter 'UID' not found
11-30 10:15:52.399   305  1751 E NetlinkEvent: NetlinkEvent::FindParam(): Parameter 'UID' not found
11-30 10:22:04.154  1787  2954 I chatty  : uid=1000(system) WifiService expire 1 line
11-30 10:22:04.206  1787  6219 I chatty  : uid=1000(system) Binder_B expire 2 lines
11-30 10:22:04.578   305  1751 E NetlinkEvent: NetlinkEvent::FindParam(): Parameter 'UID' not found
11-30 10:23:31.619   305  1751 E NetlinkEvent: NetlinkEvent::FindParam(): Parameter 'UID' not found
11-30 10:24:53.563   305  1751 E NetlinkEvent: NetlinkEvent::FindParam(): Parameter 'UID' not found
11-30 10:24:54.203  1787  1787 I chatty  : uid=1000 system_server expire 29 lines
11-30 10:25:10.632  1787  2914 I chatty  : uid=1000(system) AlarmManager expire 8 lines
11-30 10:25:10.634   305  1751 E NetlinkEvent: NetlinkEvent::FindParam(): Parameter 'UID' not found
11-30 10:25:10.669   305  1751 E NetlinkEvent: NetlinkEvent::FindParam(): Parameter 'UID' not found
11-30 10:25:57.774   305  1751 E NetlinkEvent: NetlinkEvent::FindParam(): Parameter 'UID' not found
11-30 10:25:57.800   305  1751 E NetlinkEvent: NetlinkEvent::FindParam(): Parameter 'UID' not found
11-30 10:26:44.960  1787  3677 I chatty  : uid=1000(system) Binder_6 expire 2 lines
11-30 10:26:50.497  1787  3675 I chatty  : uid=1000(system) Binder_5 expire 1 line
11-30 10:26:50.596  1787  6220 I chatty  : uid=1000(system) Binder_C expire 1 line
11-30 10:26:50.685  4325  4325 I chatty  : uid=1000(system) expire 1 line
11-30 10:26:50.712  1787  3031 I chatty  : uid=1000(system) Binder_4 expire 1 line
11-30 10:26:54.096  1787  2915 I chatty  : uid=1000(system) InputDispatcher expire 2 lines
11-30 10:26:56.068  1787  3029 I chatty  : uid=1000(system) Binder_3 expire 1 line
11-30 10:26:57.931  1787  4627 I chatty  : uid=1000(system) Binder_8 expire 3 lines
11-30 10:27:05.443   258   258 I chatty  : uid=1000(system) /system/bin/surfaceflinger expire 26 lines
11-30 10:27:06.935  1787  2914 I chatty  : uid=1000(system) AlarmManager expire 10 lines
11-30 10:27:06.946  1787  1787 I chatty  : uid=1000 system_server expire 14 lines
11-30 10:27:09.082   258   699 I chatty  : uid=1000(system) EventThread expire 10 lines
11-30 10:27:11.809  1787  2916 I chatty  : uid=1000(system) InputReader expire 2 lines
11-30 10:27:12.423  1787  1806 I chatty  : uid=1000(system) android.display expire 10 lines
11-30 10:27:12.589  1787  1809 I chatty  : uid=1000(system) PowerManagerSer expire 8 lines
11-30 10:27:12.590  1787  1803 I chatty  : uid=1000(system) android.fg expire 5 lines
11-30 10:27:12.656  4325  4325 I chatty  : uid=1000(system) expire 2 lines
11-30 10:27:12.795  3000  3000 D StatusBarKeyguardViewManager: showKeyguard, but hide Bouncer
11-30 10:28:17.544   305  1751 E NetlinkEvent: NetlinkEvent::FindParam(): Parameter 'UID' not found
11-30 10:28:17.558   305  1751 E NetlinkEvent: NetlinkEvent::FindParam(): Parameter 'UID' not found
11-30 10:28:17.585  1787  1787 I chatty  : uid=1000 system_server expire 10 lines
11-30 10:28:38.749   305  1751 E NetlinkEvent: NetlinkEvent::FindParam(): Parameter 'UID' not found
11-30 10:28:38.774   305  1751 E NetlinkEvent: NetlinkEvent::FindParam(): Parameter 'UID' not found
11-30 10:29:10.632   305  1751 E NetlinkEvent: NetlinkEvent::FindParam(): Parameter 'UID' not found
11-30 10:29:10.660   305  1751 E NetlinkEvent: NetlinkEvent::FindParam(): Parameter 'UID' not found
11-30 10:29:58.931   305  1751 E NetlinkEvent: NetlinkEvent::FindParam(): Parameter 'UID' not found
11-30 10:29:58.957   305  1751 E NetlinkEvent: NetlinkEvent::FindParam(): Parameter 'UID' not found
11-30 10:29:58.982  1787  1787 I chatty  : uid=1000 system_server expire 13 lines
11-30 10:30:17.279  1787  3675 I chatty  : uid=1000(system) Binder_5 expire 2 lines
11-30 10:30:17.298  1787  2914 I chatty  : uid=1000(system) AlarmManager expire 10 lines
11-30 10:30:20.983  1787  4628 I chatty  : uid=1000(system) Binder_9 expire 2 lines
11-30 10:30:37.570  1787  2915 I chatty  : uid=1000(system) InputDispatcher expire 4 lines
11-30 10:30:43.107  1787  3029 I chatty  : uid=1000(system) Binder_3 expire 1 line
11-30 10:30:43.318  1787  2217 I chatty  : uid=1000(system) Binder_E expire 1 line
11-30 10:30:43.613  1787  2954 I chatty  : uid=1000(system) WifiService expire 2 lines
11-30 10:30:46.065  1787  1798 I chatty  : uid=1000(system) Binder_2 expire 1 line
11-30 10:30:49.657   305  1751 E NetlinkEvent: NetlinkEvent::FindParam(): Parameter 'UID' not found
11-30 10:30:49.668   258   258 I chatty  : uid=1000(system) /system/bin/surfaceflinger expire 12 lines
11-30 10:30:52.611   305  1751 E NetlinkEvent: NetlinkEvent::FindParam(): Parameter 'UID' not found
11-30 10:30:52.618  1787  1787 I chatty  : uid=1000 system_server expire 10 lines
11-30 10:30:53.598  1787  2955 I chatty  : uid=1000(system) ConnectivitySer expire 10 lines
11-30 10:30:59.463  1787  1806 I chatty  : uid=1000(system) android.display expire 8 lines
11-30 10:31:00.280  1787  6215 I chatty  : uid=1000(system) Binder_A expire 2 lines
11-30 10:31:01.250  1787  3677 I chatty  : uid=1000(system) Binder_6 expire 1 line
11-30 10:31:04.439  1787  1801 I chatty  : uid=1000(system) ActivityManager expire 1 line
11-30 10:31:04.523  4597  4597 I chatty  : uid=1000(system) expire 3 lines
11-30 10:31:04.597  3000  3000 D StatusBarKeyguardViewManager: showKeyguard, but hide Bouncer
11-30 10:31:07.798   305  1751 E NetlinkEvent: NetlinkEvent::FindParam(): Parameter 'UID' not found
11-30 10:31:29.437   305  1751 E NetlinkEvent: NetlinkEvent::FindParam(): Parameter 'UID' not found
11-30 10:31:29.447   305  1751 E NetlinkEvent: NetlinkEvent::FindParam(): Parameter 'UID' not found
11-30 10:31:29.464   305  1751 E NetlinkEvent: NetlinkEvent::FindParam(): Parameter 'UID' not found
11-30 10:32:14.105   305  1751 E NetlinkEvent: NetlinkEvent::FindParam(): Parameter 'UID' not found
11-30 10:32:14.128   305  1751 E NetlinkEvent: NetlinkEvent::FindParam(): Parameter 'UID' not found
11-30 10:32:14.155  1787  1787 I chatty  : uid=1000 system_server expire 13 lines
11-30 10:32:31.597   305  1751 E NetlinkEvent: NetlinkEvent::FindParam(): Parameter 'UID' not found
11-30 10:32:31.608   305  1751 E NetlinkEvent: NetlinkEvent::FindParam(): Parameter 'UID' not found
11-30 10:33:09.073  1787  2914 I chatty  : uid=1000(system) AlarmManager expire 11 lines
11-30 10:33:09.075   305  1751 E NetlinkEvent: NetlinkEvent::FindParam(): Parameter 'UID' not found
11-30 10:33:09.092   305  1751 E NetlinkEvent: NetlinkEvent::FindParam(): Parameter 'UID' not found
11-30 10:33:15.354   258   699 I chatty  : uid=1000(system) EventThread expire 8 lines
11-30 10:33:16.785  1787  4201 I chatty  : uid=1000(system) Binder_7 expire 2 lines
11-30 10:33:17.982   258   258 I chatty  : uid=1000(system) /system/bin/surfaceflinger expire 10 lines
11-30 10:33:19.971  1787  6221 I chatty  : uid=1000(system) Binder_D expire 1 line
11-30 10:33:38.330   305  1751 E NetlinkEvent: NetlinkEvent::FindParam(): Parameter 'UID' not found
11-30 10:34:00.061  1787  1787 I chatty  : uid=1000 system_server expire 10 lines
11-30 10:34:01.519   305  1751 E NetlinkEvent: NetlinkEvent::FindParam(): Parameter 'UID' not found
11-30 10:34:20.716   258   258 I chatty  : uid=1000(system) /system/bin/surfaceflinger expire 10 lines
11-30 10:34:21.209   305  1751 E NetlinkEvent: NetlinkEvent::FindParam(): Parameter 'UID' not found
11-30 10:34:25.483   305  1751 E NetlinkEvent: NetlinkEvent::FindParam(): Parameter 'UID' not found
11-30 10:34:29.354  1787  2955 I chatty  : uid=1000(system) ConnectivitySer expire 2 lines
11-30 10:35:27.183  3000  3000 D StatusBarKeyguardViewManager: showKeyguard, but hide Bouncer
11-30 10:35:37.636  1787  2914 I chatty  : uid=1000(system) AlarmManager expire 12 lines
11-30 10:35:55.634   305  1751 E NetlinkEvent: NetlinkEvent::FindParam(): Parameter 'UID' not found
11-30 10:35:55.649   305  1751 E NetlinkEvent: NetlinkEvent::FindParam(): Parameter 'UID' not found
11-30 10:37:10.634   305  1751 E NetlinkEvent: NetlinkEvent::FindParam(): Parameter 'UID' not found
11-30 10:37:10.650  1787  1787 I chatty  : uid=1000 system_server expire 13 lines
11-30 10:37:10.653   305  1751 E NetlinkEvent: NetlinkEvent::FindParam(): Parameter 'UID' not found
11-30 10:37:10.933   258   699 I chatty  : uid=1000(system) EventThread expire 11 lines
11-30 10:41:57.630   305  1751 E NetlinkEvent: NetlinkEvent::FindParam(): Parameter 'UID' not found
11-30 10:41:57.683   305  1751 E NetlinkEvent: NetlinkEvent::FindParam(): Parameter 'UID' not found
11-30 10:42:13.068   305  1751 E NetlinkEvent: NetlinkEvent::FindParam(): Parameter 'UID' not found
11-30 10:42:33.110   305  1751 E NetlinkEvent: NetlinkEvent::FindParam(): Parameter 'UID' not found
11-30 10:43:24.563  1787  2914 I chatty  : uid=1000(system) AlarmManager expire 10 lines
11-30 10:43:24.578   305  1751 E NetlinkEvent: NetlinkEvent::FindParam(): Parameter 'UID' not found
11-30 10:45:58.178   305  1751 E NetlinkEvent: NetlinkEvent::FindParam(): Parameter 'UID' not found
11-30 10:52:46.249  1787  6221 I chatty  : uid=1000(system) Binder_D expire 2 lines
11-30 10:52:46.252  1787  6219 I chatty  : uid=1000(system) Binder_B expire 1 line
11-30 10:52:46.257  1787  1803 I chatty  : uid=1000(system) android.fg expire 3 lines
11-30 10:52:46.276  1787  1787 I chatty  : uid=1000 system_server expire 16 lines
11-30 10:52:46.278  1787  1806 I chatty  : uid=1000(system) android.display expire 4 lines
11-30 10:52:46.557   305  1751 E NetlinkEvent: NetlinkEvent::FindParam(): Parameter 'UID' not found
11-30 10:52:52.835   258   258 I chatty  : uid=1000(system) /system/bin/surfaceflinger expire 48 lines
11-30 10:52:56.253  1787  1809 I chatty  : uid=1000(system) PowerManagerSer expire 3 lines
11-30 10:53:31.632   305  1751 E NetlinkEvent: NetlinkEvent::FindParam(): Parameter 'UID' not found
11-30 10:53:31.702  3000  3000 D StatusBarKeyguardViewManager: showKeyguard, but hide Bouncer
11-30 10:53:54.645   305  1751 E NetlinkEvent: NetlinkEvent::FindParam(): Parameter 'UID' not found
11-30 10:55:19.632   305  1751 E NetlinkEvent: NetlinkEvent::FindParam(): Parameter 'UID' not found
11-30 10:59:22.691  1787  3029 I chatty  : uid=1000(system) Binder_3 expire 1 line
11-30 10:59:22.695  1787  4201 I chatty  : uid=1000(system) Binder_7 expire 1 line
11-30 10:59:26.289   305  1751 E NetlinkEvent: NetlinkEvent::FindParam(): Parameter 'UID' not found
11-30 10:59:26.330  1787  6220 I chatty  : uid=1000(system) Binder_C expire 1 line
11-30 10:59:26.375  4597  4597 I chatty  : uid=1000(system) expire 1 line
11-30 10:59:26.388  1787  1787 I chatty  : uid=1000 system_server expire 11 lines
11-30 10:59:31.245  1787  4628 I chatty  : uid=1000(system) Binder_9 expire 1 line
11-30 10:59:41.919  1787  2914 I chatty  : uid=1000(system) AlarmManager expire 10 lines
11-30 10:59:42.041  1787  4627 I chatty  : uid=1000(system) Binder_8 expire 1 line
11-30 10:59:57.227   305  1751 E NetlinkEvent: NetlinkEvent::FindParam(): Parameter 'UID' not found
11-30 10:59:58.557   258   258 I chatty  : uid=1000(system) /system/bin/surfaceflinger expire 23 lines
11-30 11:00:21.740   305  1751 E NetlinkEvent: NetlinkEvent::FindParam(): Parameter 'UID' not found
11-30 11:00:22.352   258   258 I chatty  : uid=1000(system) /system/bin/surfaceflinger expire 22 lines
11-30 11:00:36.469   258   699 I chatty  : uid=1000(system) EventThread expire 6 lines
11-30 11:00:37.787   305  1751 E NetlinkEvent: NetlinkEvent::FindParam(): Parameter 'UID' not found
11-30 11:00:39.133   305  1751 E NetlinkEvent: NetlinkEvent::FindParam(): Parameter 'UID' not found
11-30 11:00:39.678   258   258 I chatty  : uid=1000(system) /system/bin/surfaceflinger expire 36 lines
11-30 11:01:00.147  1787  2217 I chatty  : uid=1000(system) Binder_E expire 1 line
11-30 11:01:00.148  1787  2955 I chatty  : uid=1000(system) ConnectivitySer expire 12 lines
11-30 11:01:00.148  1787  2954 I chatty  : uid=1000(system) WifiService expire 1 line
11-30 11:02:04.426   305  1751 E NetlinkEvent: NetlinkEvent::FindParam(): Parameter 'UID' not found
11-30 11:02:07.504   305  1751 E NetlinkEvent: NetlinkEvent::FindParam(): Parameter 'UID' not found
11-30 11:02:09.960   258   258 I chatty  : uid=1000(system) /system/bin/surfaceflinger expire 6 lines
11-30 11:02:32.626   305  1751 E NetlinkEvent: NetlinkEvent::FindParam(): Parameter 'UID' not found
11-30 11:02:38.122   305  1751 E NetlinkEvent: NetlinkEvent::FindParam(): Parameter 'UID' not found
11-30 11:02:53.146   305  1751 E NetlinkEvent: NetlinkEvent::FindParam(): Parameter 'UID' not found
11-30 11:02:54.201  1787  2955 I chatty  : uid=1000(system) ConnectivitySer expire 4 lines
11-30 11:03:07.919   305  1751 E NetlinkEvent: NetlinkEvent::FindParam(): Parameter 'UID' not found
11-30 11:03:14.714   258   258 I chatty  : uid=1000(system) /system/bin/surfaceflinger expire 22 lines
11-30 11:03:26.508   305  1751 E NetlinkEvent: NetlinkEvent::FindParam(): Parameter 'UID' not found
11-30 11:03:26.811   258   699 I chatty  : uid=1000(system) EventThread expire 10 lines
11-30 11:03:41.919  1787  2914 I chatty  : uid=1000(system) AlarmManager expire 11 lines
11-30 11:03:41.926  1787  1787 I chatty  : uid=1000 system_server expire 11 lines
11-30 11:03:41.930   305  1751 E NetlinkEvent: NetlinkEvent::FindParam(): Parameter 'UID' not found
11-30 11:03:48.796  1787  1809 I chatty  : uid=1000(system) PowerManagerSer expire 3 lines
11-30 11:03:49.388  1787  1806 I chatty  : uid=1000(system) android.display expire 10 lines
11-30 11:03:49.592  1787  1803 I chatty  : uid=1000(system) android.fg expire 2 lines
11-30 11:03:49.830  4597  4597 I chatty  : uid=1000(system) expire 2 lines
11-30 11:03:54.742  3000  3000 D StatusBarKeyguardViewManager: showKeyguard, but hide Bouncer
11-30 11:04:05.331   305  1751 E NetlinkEvent: NetlinkEvent::FindParam(): Parameter 'UID' not found
11-30 11:04:05.348   305  1751 E NetlinkEvent: NetlinkEvent::FindParam(): Parameter 'UID' not found
11-30 11:04:18.357  1787  3677 I chatty  : uid=1000(system) Binder_6 expire 4 lines
11-30 11:04:18.362  1787  1797 I chatty  : uid=1000(system) Binder_1 expire 1 line
11-30 11:04:21.533  1787  4201 I chatty  : uid=1000(system) Binder_7 expire 1 line
11-30 11:04:23.077  1787  2915 I chatty  : uid=1000(system) InputDispatcher expire 2 lines
11-30 11:04:23.222  1787  4628 I chatty  : uid=1000(system) Binder_9 expire 2 lines
11-30 11:04:23.742  1787  2954 I chatty  : uid=1000(system) WifiService expire 1 line
11-30 11:04:25.266  1787  3031 I chatty  : uid=1000(system) Binder_4 expire 1 line
11-30 11:04:25.307  1787  3029 I chatty  : uid=1000(system) Binder_3 expire 3 lines
11-30 11:04:42.669   305  1751 E NetlinkEvent: NetlinkEvent::FindParam(): Parameter 'UID' not found
11-30 11:04:42.858   258   258 I chatty  : uid=1000(system) /system/bin/surfaceflinger expire 14 lines
11-30 11:05:00.056  1787  1787 I chatty  : uid=1000 system_server expire 7 lines
11-30 11:05:00.058  1787  6219 I chatty  : uid=1000(system) Binder_B expire 2 lines
11-30 11:05:00.458   305  1751 E NetlinkEvent: NetlinkEvent::FindParam(): Parameter 'UID' not found
11-30 11:05:15.908   305  1751 E NetlinkEvent: NetlinkEvent::FindParam(): Parameter 'UID' not found
11-30 11:05:16.534   305  1751 E NetlinkEvent: NetlinkEvent::FindParam(): Parameter 'UID' not found
11-30 11:05:26.244   258   258 I chatty  : uid=1000(system) /system/bin/surfaceflinger expire 136 lines
11-30 11:05:31.550   305  1751 E NetlinkEvent: NetlinkEvent::FindParam(): Parameter 'UID' not found
11-30 11:05:50.040   305  1751 E NetlinkEvent: NetlinkEvent::FindParam(): Parameter 'UID' not found
11-30 11:06:00.000  1787  2914 I chatty  : uid=1000(system) AlarmManager expire 4 lines
11-30 11:06:05.270   305  1751 E NetlinkEvent: NetlinkEvent::FindParam(): Parameter 'UID' not found
11-30 11:06:06.980  1787  3675 I chatty  : uid=1000(system) Binder_5 expire 1 line
11-30 11:06:07.018   305  1751 E NetlinkEvent: NetlinkEvent::FindParam(): Parameter 'UID' not found
11-30 11:06:07.116  1787  1806 I chatty  : uid=1000(system) android.display expire 2 lines
11-30 11:06:14.898  1787  4627 I chatty  : uid=1000(system) Binder_8 expire 1 line
11-30 11:06:15.073  1787  2217 I chatty  : uid=1000(system) Binder_E expire 1 line
11-30 11:07:00.015  1787  1801 I chatty  : uid=1000(system) ActivityManager expire 1 line
11-30 11:07:20.249   258   258 I chatty  : uid=1000(system) /system/bin/surfaceflinger expire 240 lines
11-30 11:07:20.547   258   699 I chatty  : uid=1000(system) EventThread expire 5 lines
11-30 11:07:41.919  1787  2914 I chatty  : uid=1000(system) AlarmManager expire 5 lines
11-30 11:07:41.926  1787  1787 I chatty  : uid=1000 system_server expire 13 lines
11-30 11:09:03.090   258   258 I chatty  : uid=1000(system) /system/bin/surfaceflinger expire 100 lines
11-30 11:09:14.976  1787  1800 I chatty  : uid=1000(system) android.bg expire 1 line
11-30 11:09:47.741  1787  2955 I chatty  : uid=1000(system) ConnectivitySer expire 4 lines
11-30 11:10:00.001  1787  2914 I chatty  : uid=1000(system) AlarmManager expire 10 lines
11-30 11:10:02.469   305  1751 E NetlinkEvent: NetlinkEvent::FindParam(): Parameter 'UID' not found
11-30 11:10:02.691   258   258 I chatty  : uid=1000(system) /system/bin/surfaceflinger expire 42 lines
11-30 11:10:20.021   258   699 I chatty  : uid=1000(system) EventThread expire 4 lines
11-30 11:10:49.363  1787  2915 I chatty  : uid=1000(system) InputDispatcher expire 3 lines
11-30 11:10:49.597   305  1751 E NetlinkEvent: NetlinkEvent::FindParam(): Parameter 'UID' not found
11-30 11:10:49.599  1787  1806 I chatty  : uid=1000(system) android.display expire 5 lines
11-30 11:10:49.774  1787  6220 I chatty  : uid=1000(system) Binder_C expire 3 lines
11-30 11:10:50.139   258   258 I chatty  : uid=1000(system) /system/bin/surfaceflinger expire 10 lines
11-30 11:10:51.596  1787  3675 I chatty  : uid=1000(system) Binder_5 expire 1 line
11-30 11:10:51.720  1787  4627 I chatty  : uid=1000(system) Binder_8 expire 2 lines
11-30 11:10:51.722  1787  4628 I chatty  : uid=1000(system) Binder_9 expire 1 line
11-30 11:10:51.726  1787  6215 I chatty  : uid=1000(system) Binder_A expire 1 line
11-30 11:10:53.706  1787  2916 I chatty  : uid=1000(system) InputReader expire 1 line
11-30 11:10:54.473  1787  1809 I chatty  : uid=1000(system) PowerManagerSer expire 5 lines
11-30 11:10:54.474  1787  1803 I chatty  : uid=1000(system) android.fg expire 4 lines
11-30 11:10:54.816  1787  1801 I chatty  : uid=1000(system) ActivityManager expire 2 lines
11-30 11:10:54.932  5491  5491 I chatty  : uid=1000(system) expire 1 line
11-30 11:10:55.108  3000  3000 D StatusBarKeyguardViewManager: showKeyguard, but hide Bouncer
11-30 11:11:25.648   305  1751 E NetlinkEvent: NetlinkEvent::FindParam(): Parameter 'UID' not found
11-30 11:11:25.670   305  1751 E NetlinkEvent: NetlinkEvent::FindParam(): Parameter 'UID' not found
11-30 11:11:42.642   305  1751 E NetlinkEvent: NetlinkEvent::FindParam(): Parameter 'UID' not found
11-30 11:11:42.653  1787  1787 I chatty  : uid=1000 system_server expire 11 lines
11-30 11:11:42.657   305  1751 E NetlinkEvent: NetlinkEvent::FindParam(): Parameter 'UID' not found
11-30 11:13:28.647   305  1751 E NetlinkEvent: NetlinkEvent::FindParam(): Parameter 'UID' not found
11-30 11:13:28.651  1787  2914 I chatty  : uid=1000(system) AlarmManager expire 10 lines
11-30 11:14:22.663   305  1751 E NetlinkEvent: NetlinkEvent::FindParam(): Parameter 'UID' not found
11-30 11:17:05.635   305  1751 E NetlinkEvent: NetlinkEvent::FindParam(): Parameter 'UID' not found
11-30 11:17:05.646  1787  1787 I chatty  : uid=1000 system_server expire 11 lines
11-30 11:21:41.742  1787  3677 I chatty  : uid=1000(system) Binder_6 expire 1 line
11-30 11:21:45.823   305  1751 E NetlinkEvent: NetlinkEvent::FindParam(): Parameter 'UID' not found
11-30 11:21:56.732  3000  3000 D StatusBarKeyguardViewManager: showKeyguard, but hide Bouncer
11-30 11:22:56.649  1787  2914 I chatty  : uid=1000(system) AlarmManager expire 10 lines
11-30 11:22:56.656   305  1751 E NetlinkEvent: NetlinkEvent::FindParam(): Parameter 'UID' not found
11-30 11:22:56.682   305  1751 E NetlinkEvent: NetlinkEvent::FindParam(): Parameter 'UID' not found
11-30 11:23:31.641   305  1751 E NetlinkEvent: NetlinkEvent::FindParam(): Parameter 'UID' not found
11-30 11:24:14.662  1787  1787 I chatty  : uid=1000 system_server expire 19 lines
11-30 11:25:46.259   305  1751 E NetlinkEvent: NetlinkEvent::FindParam(): Parameter 'UID' not found
11-30 11:25:46.268   305  1751 E NetlinkEvent: NetlinkEvent::FindParam(): Parameter 'UID' not found
11-30 11:26:24.240  1787  1806 I chatty  : uid=1000(system) android.display expire 10 lines
11-30 11:26:24.475   258   699 I chatty  : uid=1000(system) EventThread expire 9 lines
11-30 11:26:24.771   258   258 I chatty  : uid=1000(system) /system/bin/surfaceflinger expire 25 lines
11-30 11:26:24.808  1787  1802 I chatty  : uid=1000(system) android.ui expire 1 line
11-30 11:26:25.183  1787  2914 I chatty  : uid=1000(system) AlarmManager expire 16 lines
11-30 11:26:38.042  1787  4628 I chatty  : uid=1000(system) Binder_9 expire 3 lines
11-30 11:26:38.047  1787  1809 I chatty  : uid=1000(system) PowerManagerSer expire 6 lines
11-30 11:26:38.048  1787  3675 I chatty  : uid=1000(system) Binder_5 expire 1 line
11-30 11:26:38.059  1787  1803 I chatty  : uid=1000(system) android.fg expire 4 lines
11-30 11:26:38.128  1787  2955 I chatty  : uid=1000(system) ConnectivitySer expire 11 lines
11-30 11:26:57.421   305  1751 E NetlinkEvent: NetlinkEvent::FindParam(): Parameter 'UID' not found
11-30 11:26:57.479  3000  3000 D StatusBarKeyguardViewManager: showKeyguard, but hide Bouncer
11-30 11:29:13.656   305  1751 E NetlinkEvent: NetlinkEvent::FindParam(): Parameter 'UID' not found
11-30 11:33:44.159  1787  2916 I chatty  : uid=1000(system) InputReader expire 2 lines
11-30 11:33:44.165  1787  3031 I chatty  : uid=1000(system) Binder_4 expire 4 lines
11-30 11:33:47.243   305  1751 E NetlinkEvent: NetlinkEvent::FindParam(): Parameter 'UID' not found
11-30 11:33:47.327  1787  6220 I chatty  : uid=1000(system) Binder_C expire 2 lines
11-30 11:33:47.399  5491  5491 I chatty  : uid=1000(system) expire 2 lines
11-30 11:33:47.419  1787  1787 I chatty  : uid=1000 system_server expire 38 lines
11-30 11:33:48.626  1787  2915 I chatty  : uid=1000(system) InputDispatcher expire 2 lines
11-30 11:33:49.882  1787  2217 I chatty  : uid=1000(system) Binder_E expire 6 lines
11-30 11:33:50.665  1787  1801 I chatty  : uid=1000(system) ActivityManager expire 1 line
11-30 11:34:02.670  1787  6219 I chatty  : uid=1000(system) Binder_B expire 1 line
11-30 11:34:02.762  1787  3677 I chatty  : uid=1000(system) Binder_6 expire 17 lines
11-30 11:34:11.126  1787  4201 I chatty  : uid=1000(system) Binder_7 expire 10 lines
11-30 11:34:26.656   305  1751 E NetlinkEvent: NetlinkEvent::FindParam(): Parameter 'UID' not found
11-30 11:34:26.673  1787  2955 I chatty  : uid=1000(system) ConnectivitySer expire 3 lines
11-30 11:34:33.352  1787  2914 I chatty  : uid=1000(system) AlarmManager expire 12 lines
11-30 11:34:33.380  1787  1787 I chatty  : uid=1000 system_server expire 13 lines
11-30 11:34:34.085  1787  6215 I chatty  : uid=1000(system) Binder_A expire 2 lines
11-30 11:34:34.482  1787  4627 I chatty  : uid=1000(system) Binder_8 expire 21 lines
11-30 11:34:34.565   305  1751 E NetlinkEvent: NetlinkEvent::FindParam(): Parameter 'UID' not found
11-30 11:34:34.610   258   258 I chatty  : uid=1000(system) /system/bin/surfaceflinger expire 2 lines
11-30 11:34:34.822  1787  1797 I chatty  : uid=1000(system) Binder_1 expire 1 line
11-30 11:34:35.630  1787  1806 I chatty  : uid=1000(system) android.display expire 1 line
11-30 11:34:36.035  3000  3000 D StatusBarKeyguardViewManager: showKeyguard, but hide Bouncer
11-30 11:35:06.656   305  1751 E NetlinkEvent: NetlinkEvent::FindParam(): Parameter 'UID' not found
11-30 11:35:06.666   305  1751 E NetlinkEvent: NetlinkEvent::FindParam(): Parameter 'UID' not found
11-30 11:35:31.072   305  1751 E NetlinkEvent: NetlinkEvent::FindParam(): Parameter 'UID' not found
11-30 11:38:04.676   305  1751 E NetlinkEvent: NetlinkEvent::FindParam(): Parameter 'UID' not found
11-30 11:38:04.700  1787  1787 I chatty  : uid=1000 system_server expire 8 lines
11-30 11:38:35.405   305  1751 E NetlinkEvent: NetlinkEvent::FindParam(): Parameter 'UID' not found
11-30 11:38:35.493   305  1751 E NetlinkEvent: NetlinkEvent::FindParam(): Parameter 'UID' not found
11-30 11:42:03.651  1787  2914 I chatty  : uid=1000(system) AlarmManager expire 10 lines
11-30 11:42:03.656   305  1751 E NetlinkEvent: NetlinkEvent::FindParam(): Parameter 'UID' not found
11-30 11:42:03.724   305  1751 E NetlinkEvent: NetlinkEvent::FindParam(): Parameter 'UID' not found
11-30 11:42:19.098   305  1751 E NetlinkEvent: NetlinkEvent::FindParam(): Parameter 'UID' not found
11-30 11:42:26.059  1787  1787 I chatty  : uid=1000 system_server expire 14 lines
11-30 11:43:49.665   305  1751 E NetlinkEvent: NetlinkEvent::FindParam(): Parameter 'UID' not found
11-30 11:44:16.425   305  1751 E NetlinkEvent: NetlinkEvent::FindParam(): Parameter 'UID' not found
11-30 11:44:16.468  1787  1806 I chatty  : uid=1000(system) android.display expire 11 lines
11-30 11:44:16.708   258   699 I chatty  : uid=1000(system) EventThread expire 8 lines
11-30 11:44:16.984   258   258 I chatty  : uid=1000(system) /system/bin/surfaceflinger expire 12 lines
11-30 11:44:17.284  1787  4201 I chatty  : uid=1000(system) Binder_7 expire 5 lines
11-30 11:44:17.288  1787  1797 I chatty  : uid=1000(system) Binder_1 expire 4 lines
11-30 11:44:17.289  1787  1803 I chatty  : uid=1000(system) android.fg expire 7 lines
11-30 11:44:17.309  1787  2914 I chatty  : uid=1000(system) AlarmManager expire 10 lines
11-30 11:44:17.358  1787  2955 I chatty  : uid=1000(system) ConnectivitySer expire 29 lines
11-30 11:44:19.285  1787  2916 I chatty  : uid=1000(system) InputReader expire 3 lines
11-30 11:44:19.992  1787  1809 I chatty  : uid=1000(system) PowerManagerSer expire 8 lines
11-30 11:44:20.097  3000  3000 D StatusBarKeyguardViewManager: showKeyguard, but hide Bouncer
11-30 11:44:36.300  1787  2949 I chatty  : uid=1000(system) WifiP2pService expire 10 lines
11-30 11:44:36.352  1787  1801 I chatty  : uid=1000(system) ActivityManager expire 9 lines
11-30 11:44:43.664   305  1751 E NetlinkEvent: NetlinkEvent::FindParam(): Parameter 'UID' not found
11-30 11:44:43.895  1787  6219 I chatty  : uid=1000(system) Binder_B expire 3 lines
11-30 11:44:43.979  3627  3627 I chatty  : uid=1000(system) com.motorola.process.system expire 3 lines
11-30 11:44:43.994  1787  6215 I chatty  : uid=1000(system) Binder_A expire 3 lines
11-30 11:44:44.128  1787  2954 I chatty  : uid=1000(system) WifiService expire 4 lines
11-30 11:44:44.248  1787  3031 I chatty  : uid=1000(system) Binder_4 expire 3 lines
11-30 11:44:44.871  3460  3460 I chatty  : uid=1000(system) com.motorola.modemservice expire 3 lines
11-30 11:44:51.068  1787  3675 I chatty  : uid=1000(system) Binder_5 expire 2 lines
11-30 11:44:51.070  1787  3029 I chatty  : uid=1000(system) Binder_3 expire 6 lines
11-30 11:45:30.574   305  1751 E NetlinkEvent: NetlinkEvent::FindParam(): Parameter 'UID' not found
11-30 11:46:15.486  1787  6221 I chatty  : uid=1000(system) Binder_D expire 4 lines
11-30 11:46:15.489  1787  1787 I chatty  : uid=1000 system_server expire 10 lines
11-30 11:46:15.507  1787  2914 I chatty  : uid=1000(system) AlarmManager expire 10 lines
11-30 11:46:20.856  1787  4627 I chatty  : uid=1000(system) Binder_8 expire 2 lines
11-30 11:47:17.212  3000  3000 D StatusBarKeyguardViewManager: showKeyguard, but hide Bouncer
11-30 11:48:03.827  1787  2949 I chatty  : uid=1000(system) WifiP2pService expire 9 lines
11-30 11:48:53.032   305  1751 E NetlinkEvent: NetlinkEvent::FindParam(): Parameter 'UID' not found
11-30 11:49:08.117   305  1751 E NetlinkEvent: NetlinkEvent::FindParam(): Parameter 'UID' not found
11-30 11:49:08.132  1787  1787 I chatty  : uid=1000 system_server expire 10 lines
11-30 11:49:08.152   305  1751 E NetlinkEvent: NetlinkEvent::FindParam(): Parameter 'UID' not found
11-30 11:49:30.653   305  1751 E NetlinkEvent: NetlinkEvent::FindParam(): Parameter 'UID' not found
11-30 11:50:03.289  1787  3677 I chatty  : uid=1000(system) Binder_6 expire 1 line
11-30 11:50:03.298  1787  6220 I chatty  : uid=1000(system) Binder_C expire 6 lines
11-30 11:50:03.320  1787  2914 I chatty  : uid=1000(system) AlarmManager expire 7 lines
11-30 11:50:23.864  3000  3000 D StatusBarKeyguardViewManager: showKeyguard, but hide Bouncer
11-30 11:50:23.892  1787  1787 I chatty  : uid=1000 system_server expire 4 lines
11-30 11:50:26.391  3000  3000 D StatusBarKeyguardViewManager: showKeyguard, but hide Bouncer
11-30 11:50:26.489  1787  1806 I chatty  : uid=1000(system) android.display expire 7 lines
11-30 11:50:30.086   305  1751 E NetlinkEvent: NetlinkEvent::FindParam(): Parameter 'UID' not found
11-30 11:50:30.215  1787  4628 I chatty  : uid=1000(system) Binder_9 expire 2 lines
11-30 11:50:30.306  6867  6867 I chatty  : uid=1000(system) expire 1 line
11-30 11:50:30.877   258   258 I chatty  : uid=1000(system) /system/bin/surfaceflinger expire 16 lines
11-30 11:50:41.090   305  1751 E NetlinkEvent: NetlinkEvent::FindParam(): Parameter 'UID' not found
11-30 11:50:47.398  1787  2915 I chatty  : uid=1000(system) InputDispatcher expire 2 lines
