01-01 15:48:00.555  5861  5882 I Accessory: Connection - ReceiveData : _InputStream was not null.
01-01 15:48:00.557  5861  5882 E Accessory: read failed: ENODEV (No such device)
01-01 15:48:00.557  5861  5882 I Accessory: Connection - ReceiveData : _InputStream was not null.
01-01 15:48:00.559  5861  5882 E Accessory: read failed: ENODEV (No such device)
01-01 15:48:00.559  5861  5882 I Accessory: Connection - ReceiveData : _InputStream was not null.
01-01 15:48:00.562  5861  5882 E Accessory: read failed: ENODEV (No such device)
01-01 15:48:00.562  5861  5882 I Accessory: Connection - ReceiveData : _InputStream was not null.
01-01 15:48:00.564  5861  5882 E Accessory: read failed: ENODEV (No such device)
01-01 15:48:00.564  5861  5882 I Accessory: Connection - ReceiveData : _InputStream was not null.
01-01 15:48:00.566  5861  5882 E Accessory: read failed: ENODEV (No such device)
01-01 15:48:00.566  5861  5882 I Accessory: Connection - ReceiveData : _InputStream was not null.
01-01 15:48:00.567  5861  5882 E Accessory: read failed: ENODEV (No such device)
01-01 15:48:00.567  5861  5882 I Accessory: Connection - ReceiveData : _InputStream was not null.
01-01 15:48:00.569  5861  5882 E Accessory: read failed: ENODEV (No such device)
01-01 15:48:00.569  5861  5882 I Accessory: Connection - ReceiveData : _InputStream was not null.
01-01 15:48:00.572  5861  5882 E Accessory: read failed: ENODEV (No such device)
01-01 15:48:00.572  5861  5882 I Accessory: Connection - ReceiveData : _InputStream was not null.
01-01 15:48:00.573  5861  5882 E Accessory: read failed: ENODEV (No such device)
01-01 15:48:00.574  5861  5882 I Accessory: Connection - ReceiveData : _InputStream was not null.
01-01 15:48:00.575  5861  5882 E Accessory: read failed: ENODEV (No such device)
01-01 15:48:00.575  5861  5882 I Accessory: Connection - ReceiveData : _InputStream was not null.
01-01 15:48:00.577  5861  5882 E Accessory: read failed: ENODEV (No such device)
01-01 15:48:00.577  5861  5882 I Accessory: Connection - ReceiveData : _InputStream was not null.
01-01 15:48:00.579  5861  5882 E Accessory: read failed: ENODEV (No such device)
01-01 15:48:00.579  5861  5882 I Accessory: Connection - ReceiveData : _InputStream was not null.
01-01 15:48:00.582  5861  5882 E Accessory: read failed: ENODEV (No such device)
01-01 15:48:00.582  5861  5882 I Accessory: Connection - ReceiveData : _InputStream was not null.
01-01 15:48:00.584  5861  5882 E Accessory: read failed: ENODEV (No such device)
01-01 15:48:00.584  5861  5882 I Accessory: Connection - ReceiveData : _InputStream was not null.
01-01 15:48:00.586  5861  5882 E Accessory: read failed: ENODEV (No such device)
01-01 15:48:00.586  5861  5882 I Accessory: Connection - ReceiveData : _InputStream was not null.
01-01 15:48:00.588  5861  5882 E Accessory: read failed: ENODEV (No such device)
01-01 15:48:00.588  5861  5882 I Accessory: Connection - ReceiveData : _InputStream was not null.
01-01 15:48:00.590  5861  5882 E Accessory: read failed: ENODEV (No such device)
01-01 15:48:00.590  5861  5882 I Accessory: Connection - ReceiveData : _InputStream was not null.
01-01 15:48:00.592  5861  5882 E Accessory: read failed: ENODEV (No such device)
01-01 15:48:00.592  5861  5882 I Accessory: Connection - ReceiveData : _InputStream was not null.
01-01 15:48:00.594  5861  5882 E Accessory: read failed: ENODEV (No such device)
01-01 15:48:00.594  5861  5882 I Accessory: Connection - ReceiveData : _InputStream was not null.
01-01 15:48:00.596  5861  5882 E Accessory: read failed: ENODEV (No such device)
01-01 15:48:00.596  5861  5882 I Accessory: Connection - ReceiveData : _InputStream was not null.
01-01 15:48:00.598  5861  5882 E Accessory: read failed: ENODEV (No such device)
01-01 15:48:00.598  5861  5882 I Accessory: Connection - ReceiveData : _InputStream was not null.
01-01 15:48:00.599  5861  5882 E Accessory: read failed: ENODEV (No such device)
01-01 15:48:00.599  5861  5882 I Accessory: Connection - ReceiveData : _InputStream was not null.
01-01 15:48:00.602  5861  5882 E Accessory: read failed: ENODEV (No such device)
01-01 15:48:00.602  5861  5882 I Accessory: Connection - ReceiveData : _InputStream was not null.
01-01 15:48:00.604  5861  5882 E Accessory: read failed: ENODEV (No such device)
01-01 15:48:00.604  5861  5882 I Accessory: Connection - ReceiveData : _InputStream was not null.
01-01 15:48:00.613  5861  5882 E Accessory: read failed: ENODEV (No such device)
01-01 15:48:00.614  5861  5882 I Accessory: Connection - ReceiveData : _InputStream was not null.
01-01 15:48:00.621  2355  2371 D UsbDeviceManager: exited USB accessory mode
01-01 15:48:00.621  2355  2371 I UsbDeviceManager: Setting USB config to mtp,adb
01-01 15:48:00.626  5861  5882 E Accessory: read failed: ENODEV (No such device)
01-01 15:48:00.626  5861  5882 I Accessory: Connection - ReceiveData : _InputStream was not null.
01-01 15:48:00.628  5861  5882 E Accessory: read failed: ENODEV (No such device)
01-01 15:48:00.628  5861  5882 I Accessory: Connection - ReceiveData : _InputStream was not null.
01-01 15:48:00.630  5861  5882 E Accessory: read failed: ENODEV (No such device)
01-01 15:48:00.630  5861  5882 I Accessory: Connection - ReceiveData : _InputStream was not null.
01-01 15:48:00.633  2355  2372 D UsbAlsaManager: ALSA device removed: AlsaDevice: [card: 1, device: 0, type: 1]
01-01 15:48:00.644  5861  5882 E Accessory: read failed: ENODEV (No such device)
01-01 15:48:00.644  5861  5882 I Accessory: Connection - ReceiveData : _InputStream was not null.
01-01 15:48:00.646  5861  5882 E Accessory: read failed: ENODEV (No such device)
01-01 15:48:00.646  5861  5882 I Accessory: Connection - ReceiveData : _InputStream was not null.
01-01 15:48:00.648  5861  5882 E Accessory: read failed: ENODEV (No such device)
01-01 15:48:00.648  5861  5882 I Accessory: Connection - ReceiveData : _InputStream was not null.
01-01 15:48:00.660  5861  5882 E Accessory: read failed: ENODEV (No such device)
01-01 15:48:00.660  5861  5882 I Accessory: Connection - ReceiveData : _InputStream was not null.
01-01 15:48:00.662  5861  5882 E Accessory: read failed: ENODEV (No such device)
01-01 15:48:00.662  5861  5882 I Accessory: Connection - ReceiveData : _InputStream was not null.
01-01 15:48:00.664  5861  5882 E Accessory: read failed: ENODEV (No such device)
01-01 15:48:00.665  5861  5882 I Accessory: Connection - ReceiveData : _InputStream was not null.
01-01 15:48:00.666  5861  5882 E Accessory: read failed: ENODEV (No such device)
01-01 15:48:00.666  5861  5882 I Accessory: Connection - ReceiveData : _InputStream was not null.
01-01 15:48:00.668  5861  5882 E Accessory: read failed: ENODEV (No such device)
01-01 15:48:00.668  5861  5882 I Accessory: Connection - ReceiveData : _InputStream was not null.
01-01 15:48:00.670  5861  5882 E Accessory: read failed: ENODEV (No such device)
01-01 15:48:00.670  5861  5882 I Accessory: Connection - ReceiveData : _InputStream was not null.
01-01 15:48:00.671  5194  5200 E art     : adb connection max retries exceeded
01-01 15:48:00.672  5861  5882 E Accessory: read failed: ENODEV (No such device)
01-01 15:48:00.672  5861  5882 I Accessory: Connection - ReceiveData : _InputStream was not null.
01-01 15:48:00.684  5861  5882 E Accessory: read failed: ENODEV (No such device)
01-01 15:48:00.684  5861  5882 I Accessory: Connection - ReceiveData : _InputStream was not null.
01-01 15:48:00.686  5861  5882 E Accessory: read failed: ENODEV (No such device)
01-01 15:48:00.686  5861  5882 I Accessory: Connection - ReceiveData : _InputStream was not null.
01-01 15:48:00.688  5133  5139 E art     : adb connection max retries exceeded
01-01 15:48:00.698  5861  5882 E Accessory: read failed: ENODEV (No such device)
01-01 15:48:00.698  5861  5882 I Accessory: Connection - ReceiveData : _InputStream was not null.
01-01 15:48:00.700  5861  5882 E Accessory: read failed: ENODEV (No such device)
01-01 15:48:00.700  5861  5882 I Accessory: Connection - ReceiveData : _InputStream was not null.
01-01 15:48:00.702  5861  5882 E Accessory: read failed: ENODEV (No such device)
01-01 15:48:00.702  5861  5882 I Accessory: Connection - ReceiveData : _InputStream was not null.
01-01 15:48:00.705  5111  5117 E art     : adb connection max retries exceeded
01-01 15:48:00.707  5861  5882 E Accessory: read failed: ENODEV (No such device)
01-01 15:48:00.707  5861  5882 I Accessory: Connection - ReceiveData : _InputStream was not null.
01-01 15:48:00.710  5861  5882 E Accessory: read failed: ENODEV (No such device)
01-01 15:48:00.710  5861  5882 I Accessory: Connection - ReceiveData : _InputStream was not null.
01-01 15:48:00.712  5861  5882 E Accessory: read failed: ENODEV (No such device)
01-01 15:48:00.712  5861  5882 I Accessory: Connection - ReceiveData : _InputStream was not null.
01-01 15:48:00.715  5861  5882 E Accessory: read failed: ENODEV (No such device)
01-01 15:48:00.715  5861  5882 I Accessory: Connection - ReceiveData : _InputStream was not null.
01-01 15:48:00.717  5861  5882 E Accessory: read failed: ENODEV (No such device)
01-01 15:48:00.717  5861  5882 I Accessory: Connection - ReceiveData : _InputStream was not null.
01-01 15:48:00.719  5861  5882 E Accessory: read failed: ENODEV (No such device)
01-01 15:48:00.719  5861  5882 I Accessory: Connection - ReceiveData : _InputStream was not null.
01-01 15:48:00.721  5861  5882 E Accessory: read failed: ENODEV (No such device)
01-01 15:48:00.721  5861  5882 I Accessory: Connection - ReceiveData : _InputStream was not null.
01-01 15:48:00.723  5861  5882 E Accessory: read failed: ENODEV (No such device)
01-01 15:48:00.723  5861  5882 I Accessory: Connection - ReceiveData : _InputStream was not null.
01-01 15:48:00.725  5861  5882 E Accessory: read failed: ENODEV (No such device)
01-01 15:48:00.725  5861  5882 I Accessory: Connection - ReceiveData : _InputStream was not null.
01-01 15:48:00.726  5861  5882 E Accessory: read failed: ENODEV (No such device)
01-01 15:48:00.727  5861  5882 I Accessory: Connection - ReceiveData : _InputStream was not null.
01-01 15:48:00.729  5166  5172 E art     : adb connection max retries exceeded
01-01 15:48:00.730  5861  5882 E Accessory: read failed: ENODEV (No such device)
01-01 15:48:00.730  5861  5882 I Accessory: Connection - ReceiveData : _InputStream was not null.
01-01 15:48:00.732  5861  5882 E Accessory: read failed: ENODEV (No such device)
01-01 15:48:00.732  5861  5882 I Accessory: Connection - ReceiveData : _InputStream was not null.
01-01 15:48:00.733  2355  2371 D AudioService: checkSendBecomingNoisyIntent update the noise
01-01 15:48:00.757  5420  5420 W WakefulBroadcastReceiver: No active wake lock id #3
01-01 15:48:00.759  5179  5185 E art     : adb connection max retries exceeded
01-01 15:48:00.761  5861  5882 E Accessory: read failed: ENODEV (No such device)
01-01 15:48:00.762  5861  5882 I Accessory: Connection - ReceiveData : _InputStream was not null.
01-01 15:48:00.766  5861  5861 I Accessory: DisconnectReceiver - Constructor : DisconnectReceiver created.
01-01 15:48:00.771  5861  5882 E Accessory: read failed: ENODEV (No such device)
01-01 15:48:00.771  5861  5882 I Accessory: Connection - ReceiveData : _InputStream was not null.
01-01 15:48:00.774  5861  5861 I Accessory: DisconnectReceiver - OnReceive : called.
01-01 15:48:00.774  5861  5861 I Accessory: DisconnectReceiver - OnReceive : Intent was: android.hardware.usb.action.USB_ACCESSORY_DETACHED
01-01 15:48:00.775  5861  5861 I Accessory: USB - CloseUSBConnection : called.
01-01 15:48:00.776  5861  5861 I Accessory: Connection - CloseConnection : called.
01-01 15:48:00.779  5861  5882 E Accessory: read failed: ENODEV (No such device)
01-01 15:48:00.779  5861  5882 I Accessory: Connection - ReceiveData : _InputStream was not null.
01-01 15:48:00.780  5208  5214 E art     : adb connection max retries exceeded
01-01 15:48:00.790  5233  5239 E art     : adb connection max retries exceeded
01-01 15:48:00.793  5261  5267 E art     : adb connection max retries exceeded
01-01 15:48:00.794  5147  5158 E art     : adb connection max retries exceeded
01-01 15:48:00.811  5861  5882 D Mono    : [0x58d0a930] hill climbing, change max number of threads 2
01-01 15:48:00.813  5861  5918 D Mono    : [0x59e77930] worker starting
01-01 15:48:01.367  2355  2434 D WifiConfigStore: Retrieve network priorities after PNO.
01-01 15:48:01.746  1943  2291 D TinyALSA-Audio Hardware: audio_hw_set_parameters(0x401f4a38, card=1;device=0;disconnect=8192)++
01-01 15:48:01.746  1943  2291 D TinyALSA-Audio Hardware: audio_hw_set_parameters(0x401f4a38, card=1;device=0;disconnect=8192)-- (PARAMETER ERROR)
01-01 15:48:01.746  1943  2291 E bt_a2dp_hw: adev_set_parameters: ERROR: set param called even when stream out is null
01-01 15:48:01.816  2897  3172 D AudioFx-AudioOutputChangeListener: onAudioOutputChanged id: 2 type: 2 name: GT-I9100 address:  [android.media.AudioDeviceInfo@111fc09]
01-01 15:48:01.861  2536  2536 D MtpService: starting MTP server in MTP mode
01-01 15:48:01.862  2536  2536 E MtpServerJNI: could not open MTP driver, errno: 16
01-01 15:48:01.891  2536  5921 E MtpServerJNI: server is null in run
01-01 15:48:01.892  2536  5921 E MtpServerJNI: server is null in cleanup
01-01 15:48:01.900  2536  2536 E MtpServerJNI: server is null in send_object_removed
01-01 15:48:15.341  5861  5882 D Mono    : [0x58d0a930] worker finishing
01-01 15:48:16.370  2355  2434 D WifiConfigStore: Retrieve network priorities after PNO.
01-01 15:48:26.214  5861  5918 D Mono    : [0x59e77930] worker finishing
01-01 15:48:31.379  2355  2434 D WifiConfigStore: Retrieve network priorities after PNO.
01-01 15:48:46.388  2355  2434 D WifiConfigStore: Retrieve network priorities after PNO.
01-01 15:49:01.399  2355  2434 D WifiConfigStore: Retrieve network priorities after PNO.
01-01 15:49:16.405  2355  2434 D WifiConfigStore: Retrieve network priorities after PNO.
01-01 15:49:31.411  2355  2434 D WifiConfigStore: Retrieve network priorities after PNO.
01-01 15:49:46.421  2355  2434 D WifiConfigStore: Retrieve network priorities after PNO.
01-01 15:50:01.432  2355  2434 D WifiConfigStore: Retrieve network priorities after PNO.
01-01 15:50:16.440  2355  2434 D WifiConfigStore: Retrieve network priorities after PNO.
01-01 15:50:31.444  2355  2434 D WifiConfigStore: Retrieve network priorities after PNO.
01-01 15:50:46.446  2355  2434 D WifiConfigStore: Retrieve network priorities after PNO.
01-01 15:51:01.455  2355  2434 D WifiConfigStore: Retrieve network priorities after PNO.
01-01 15:51:07.232  5966  5966 D AndroidRuntime: >>>>>> START com.android.internal.os.RuntimeInit uid 2000 <<<<<<
01-01 15:51:07.241  5966  5966 D AndroidRuntime: CheckJNI is OFF
01-01 15:51:07.241  5966  5966 E cutils-trace: Error opening trace file: No such file or directory (2)
01-01 15:51:07.295  5966  5966 D ICU     : No timezone override file found: /data/misc/zoneinfo/current/icu/icu_tzdata.dat
01-01 15:51:07.371  5966  5966 E memtrack: Couldn't load memtrack module (No such file or directory)
01-01 15:51:07.371  5966  5966 E android.os.Debug: failed to load memtrack module: -2
01-01 15:51:07.379  5966  5966 I Radio-JNI: register_android_hardware_Radio DONE
01-01 15:51:07.395  5966  5966 D AndroidRuntime: Calling main entry com.android.commands.am.Am
01-01 15:51:07.406  5966  5966 D AndroidRuntime: Shutting down VM
01-01 15:51:08.267  5983  5983 D AndroidRuntime: >>>>>> START com.android.internal.os.RuntimeInit uid 2000 <<<<<<
01-01 15:51:08.274  5983  5983 D AndroidRuntime: CheckJNI is OFF
01-01 15:51:08.275  5983  5983 E cutils-trace: Error opening trace file: No such file or directory (2)
01-01 15:51:08.327  5984  5984 D AndroidRuntime: >>>>>> START com.android.internal.os.RuntimeInit uid 2000 <<<<<<
01-01 15:51:08.334  5984  5984 D AndroidRuntime: CheckJNI is OFF
01-01 15:51:08.334  5984  5984 E cutils-trace: Error opening trace file: No such file or directory (2)
01-01 15:51:08.340  5983  5983 D ICU     : No timezone override file found: /data/misc/zoneinfo/current/icu/icu_tzdata.dat
01-01 15:51:08.396  5984  5984 D ICU     : No timezone override file found: /data/misc/zoneinfo/current/icu/icu_tzdata.dat
01-01 15:51:08.423  5983  5983 E memtrack: Couldn't load memtrack module (No such file or directory)
01-01 15:51:08.423  5983  5983 E android.os.Debug: failed to load memtrack module: -2
01-01 15:51:08.431  5983  5983 I Radio-JNI: register_android_hardware_Radio DONE
01-01 15:51:08.449  5983  5983 D AndroidRuntime: Calling main entry com.android.commands.pm.Pm
01-01 15:51:08.456  2355  2369 I ActivityManager: Force stopping SeniorenApp.SeniorenApp appid=10073 user=-1: uninstall pkg
01-01 15:51:08.456  2355  2369 I ActivityManager: Killing 5861:SeniorenApp.SeniorenApp/u0a73 (adj 0): stop SeniorenApp.SeniorenApp
01-01 15:51:08.484  2355  3941 I WindowState: WIN DEATH: Window{826c69b u0 SeniorenApp.SeniorenApp/md52510c0d8b4676799bc05a9dd6bf1b686.MainActivity}
01-01 15:51:08.504  2355  2369 D ActivityManager: cleanUpApplicationRecord -- 5861
01-01 15:51:08.504  2355  2369 W ActivityManager: Force removing ActivityRecord{83f184 u0 SeniorenApp.SeniorenApp/md52510c0d8b4676799bc05a9dd6bf1b686.MainActivity t58}: app died, no saved state
01-01 15:51:08.507  5984  5984 E memtrack: Couldn't load memtrack module (No such file or directory)
01-01 15:51:08.507  5984  5984 E android.os.Debug: failed to load memtrack module: -2
01-01 15:51:08.515  5984  5984 I Radio-JNI: register_android_hardware_Radio DONE
01-01 15:51:08.534  5984  5984 D AndroidRuntime: Calling main entry com.android.commands.pm.Pm
01-01 15:51:08.567  2355  2379 I art     : Starting a blocking GC Explicit
01-01 15:51:08.573  2355  2370 W art     : Long monitor contention event with owner method=void com.android.server.am.ActivityManagerService$MainHandler.handleMessage(android.os.Message) from ActivityManagerService.java:1772 waiters=0 for 117ms
01-01 15:51:08.575  2355  2894 W ActivityManager: Spurious death for ProcessRecord{b1232b2 0:SeniorenApp.SeniorenApp/u0a73}, curProc for 5861: null
01-01 15:51:08.657  2355  3000 W InputMethodManagerService: Got RemoteException sending setActive(false) notification to pid 5861 uid 10073
01-01 15:51:08.679  2355  2379 I art     : Explicit concurrent mark sweep GC freed 28871(2MB) AllocSpace objects, 20(400KB) LOS objects, 26% free, 10MB/14MB, paused 2.619ms total 106.982ms
01-01 15:51:08.693  2355  2379 W PackageManager: Couldn't remove dex file for package:  at location /data/app/SeniorenApp.SeniorenApp-1/base.apk, retcode=-1
01-01 15:51:08.696  5983  5983 I art     : System.exit called, status: 0
01-01 15:51:08.696  5983  5983 I AndroidRuntime: VM exiting with result code 0.
01-01 15:51:08.701  2355  2379 I ActivityManager: Force stopping SeniorenApp.SeniorenApp appid=10073 user=0: pkg removed
01-01 15:51:08.739  2355  2423 I InputReader: Reconfiguring input devices.  changes=0x00000010
01-01 15:51:08.761  5179  5193 D Documents: Update found 7 roots in 18ms
01-01 15:51:08.769  2355  2355 D JobSchedulerService: Receieved: android.intent.action.PACKAGE_REMOVED
01-01 15:51:08.777  2902  2902 D CarrierServiceBindHelper: Receive action: android.intent.action.PACKAGE_REMOVED
01-01 15:51:08.778  5111  5111 W ContextImpl: Calling a method in the system process without a qualified user: android.app.ContextImpl.startService:1231 android.content.ContextWrapper.startService:587 android.content.ContextWrapper.startService:587 org.cyanogenmod.providers.datausage.DataUsageAppInstallReceiver.onReceive:47 android.app.ActivityThread.handleReceiver:2759 
01-01 15:51:08.778  2902  2902 D CarrierServiceBindHelper: mHandler: 3
01-01 15:51:08.778  2902  2902 D CarrierConfigLoader: mHandler: 9 phoneId: 0
01-01 15:51:08.797  5133  5133 W ContextImpl: Calling a method in the system process without a qualified user: android.app.ContextImpl.startService:1231 android.content.ContextWrapper.startService:587 android.content.ContextWrapper.startService:587 com.android.keychain.KeyChainBroadcastReceiver.onReceive:12 android.app.ActivityThread.handleReceiver:2759 
01-01 15:51:08.807  5111  6002 V DataUsageAppInstallService: Removing SeniorenApp.SeniorenApp to DataUsage DB
01-01 15:51:08.809  2969  6003 D VoicemailCleanupService: Cleaning up data for package: SeniorenApp.SeniorenApp
01-01 15:51:08.809  2355  2369 I ActivityManager: Force stopping SeniorenApp.SeniorenApp appid=10073 user=-1: uninstall pkg
01-01 15:51:08.832  2858  2993 I LatinIME:LogUtils: Dictionary info: dictionary = main:de ; version = 54 ; date = 1414726263
01-01 15:51:08.980  2355  2543 W art     : Long monitor contention event with owner method=void com.android.server.pm.PackageManagerService.removePackageDataLI(com.android.server.pm.PackageSetting, int[], boolean[], com.android.server.pm.PackageManagerService$PackageRemovedInfo, int, boolean) from PackageManagerService.java:14016 waiters=1 for 161ms
01-01 15:51:08.985  2355  2368 W art     : Long monitor contention event with owner method=void com.android.server.pm.PackageManagerService.removePackageDataLI(com.android.server.pm.PackageSetting, int[], boolean[], com.android.server.pm.PackageManagerService$PackageRemovedInfo, int, boolean) from PackageManagerService.java:14016 waiters=2 for 161ms
01-01 15:51:08.990  2355  2894 W art     : Long monitor contention event with owner method=android.content.ComponentName com.android.server.am.ActivityManagerService.startService(android.app.IApplicationThread, android.content.Intent, java.lang.String, java.lang.String, int) from ActivityManagerService.java:16170 waiters=1 for 151ms
01-01 15:51:09.005  2355  2379 I art     : Starting a blocking GC Explicit
01-01 15:51:09.007  5111  5111 W ContextImpl: Calling a method in the system process without a qualified user: android.app.ContextImpl.startService:1231 android.content.ContextWrapper.startService:587 android.content.ContextWrapper.startService:587 org.cyanogenmod.providers.datausage.DataUsageAppInstallReceiver.onReceive:47 android.app.ActivityThread.handleReceiver:2759 
01-01 15:51:09.033  5111  6007 V DataUsageAppInstallService: Removing SeniorenApp.SeniorenApp to DataUsage DB
01-01 15:51:09.101  2355  2368 W Searchables: No global search activity found
01-01 15:51:09.180  2355  2379 I art     : Explicit concurrent mark sweep GC freed 16727(1210KB) AllocSpace objects, 4(108KB) LOS objects, 26% free, 10MB/14MB, paused 1.946ms total 173.092ms
01-01 15:51:09.185  2914  3054 W OpenGLRenderer: Incorrectly called buildLayer on View: ShortcutAndWidgetContainer, destroying layer...
01-01 15:51:09.185  2914  3054 W OpenGLRenderer: Incorrectly called buildLayer on View: ShortcutAndWidgetContainer, destroying layer...
01-01 15:51:09.188  2355  2379 I ActivityManager: Force stopping SeniorenApp.SeniorenApp appid=10073 user=0: pkg removed
01-01 15:51:09.190  5984  5984 I art     : System.exit called, status: 0
01-01 15:51:09.190  5984  5984 I AndroidRuntime: VM exiting with result code 0.
01-01 15:51:09.249  2355  2423 I InputReader: Reconfiguring input devices.  changes=0x00000010
01-01 15:51:09.271  2355  2355 D JobSchedulerService: Receieved: android.intent.action.PACKAGE_REMOVED
01-01 15:51:09.293  2902  2902 D CarrierServiceBindHelper: Receive action: android.intent.action.PACKAGE_REMOVED
01-01 15:51:09.295  2902  2902 D CarrierServiceBindHelper: mHandler: 3
01-01 15:51:09.295  2902  2902 D CarrierConfigLoader: mHandler: 9 phoneId: 0
01-01 15:51:09.298  5111  5111 W ContextImpl: Calling a method in the system process without a qualified user: android.app.ContextImpl.startService:1231 android.content.ContextWrapper.startService:587 android.content.ContextWrapper.startService:587 org.cyanogenmod.providers.datausage.DataUsageAppInstallReceiver.onReceive:47 android.app.ActivityThread.handleReceiver:2759 
01-01 15:51:09.312  5179  5225 D Documents: Update found 7 roots in 17ms
01-01 15:51:09.324  2858  2993 I LatinIME:LogUtils: Dictionary info: dictionary = main:de ; version = 54 ; date = 1414726263
01-01 15:51:09.345  5111  6013 V DataUsageAppInstallService: Removing SeniorenApp.SeniorenApp to DataUsage DB
01-01 15:51:09.354  5133  5133 W ContextImpl: Calling a method in the system process without a qualified user: android.app.ContextImpl.startService:1231 android.content.ContextWrapper.startService:587 android.content.ContextWrapper.startService:587 com.android.keychain.KeyChainBroadcastReceiver.onReceive:12 android.app.ActivityThread.handleReceiver:2759 
01-01 15:51:09.385  2969  6014 D VoicemailCleanupService: Cleaning up data for package: SeniorenApp.SeniorenApp
01-01 15:51:09.392  5111  5111 W ContextImpl: Calling a method in the system process without a qualified user: android.app.ContextImpl.startService:1231 android.content.ContextWrapper.startService:587 android.content.ContextWrapper.startService:587 org.cyanogenmod.providers.datausage.DataUsageAppInstallReceiver.onReceive:47 android.app.ActivityThread.handleReceiver:2759 
01-01 15:51:09.401  5111  6017 V DataUsageAppInstallService: Removing SeniorenApp.SeniorenApp to DataUsage DB
01-01 15:51:09.454  2355  2368 W Searchables: No global search activity found
01-01 15:51:10.662  6020  6020 D AndroidRuntime: >>>>>> START com.android.internal.os.RuntimeInit uid 2000 <<<<<<
01-01 15:51:10.672  6020  6020 D AndroidRuntime: CheckJNI is OFF
01-01 15:51:10.672  6020  6020 E cutils-trace: Error opening trace file: No such file or directory (2)
01-01 15:51:10.738  6020  6020 D ICU     : No timezone override file found: /data/misc/zoneinfo/current/icu/icu_tzdata.dat
01-01 15:51:10.816  6020  6020 E memtrack: Couldn't load memtrack module (No such file or directory)
01-01 15:51:10.816  6020  6020 E android.os.Debug: failed to load memtrack module: -2
01-01 15:51:10.825  6020  6020 I Radio-JNI: register_android_hardware_Radio DONE
01-01 15:51:10.845  6020  6020 D AndroidRuntime: Calling main entry com.android.commands.pm.Pm
01-01 15:51:10.870  5233  5244 D DefContainer: Copying /data/local/tmp/SeniorenApp.SeniorenApp-Signed.apk to base.apk
01-01 15:51:11.261  2355  2379 I PackageManager.DexOptimizer: Running dexopt (dex2oat) on: /data/app/vmdl2135020502.tmp/base.apk pkg=SeniorenApp.SeniorenApp isa=arm vmSafeMode=false debuggable=true oatDir = /data/app/vmdl2135020502.tmp/oat bootComplete=true
01-01 15:51:11.308  6029  6029 I dex2oat : /system/bin/dex2oat --debuggable
01-01 15:51:11.308  6029  6029 E cutils-trace: Error opening trace file: No such file or directory (2)
01-01 15:51:11.814  6029  6029 I dex2oat : dex2oat took 504.518ms (threads: 2) arena alloc=15KB java alloc=681KB native alloc=1821KB free=638KB
01-01 15:51:12.071  2355  2379 V BackupManagerService: restoreAtInstall pkg=SeniorenApp.SeniorenApp token=8 restoreSet=0
01-01 15:51:12.071  2355  2379 W BackupManagerService: Requested unavailable transport: com.google.android.gms/.backup.BackupTransportService
01-01 15:51:12.071  2355  2379 W BackupManagerService: No transport
01-01 15:51:12.071  2355  2379 V BackupManagerService: Finishing install immediately
01-01 15:51:12.074  2355  2379 W Settings: Setting install_non_market_apps has moved from android.provider.Settings.Global to android.provider.Settings.Secure, returning read-only value.
01-01 15:51:12.074  2355  2379 I art     : Starting a blocking GC Explicit
01-01 15:51:12.163  2355  2379 I art     : Explicit concurrent mark sweep GC freed 31003(2MB) AllocSpace objects, 7(140KB) LOS objects, 27% free, 10MB/14MB, paused 2.402ms total 86.492ms
01-01 15:51:12.171  6020  6020 I art     : System.exit called, status: 0
01-01 15:51:12.171  6020  6020 I AndroidRuntime: VM exiting with result code 0.
01-01 15:51:12.189  2355  2423 I InputReader: Reconfiguring input devices.  changes=0x00000010
01-01 15:51:12.215  5179  5251 D Documents: Update found 7 roots in 6ms
01-01 15:51:12.221  2902  2902 D CarrierServiceBindHelper: Receive action: android.intent.action.PACKAGE_ADDED
01-01 15:51:12.222  2902  2902 D CarrierServiceBindHelper: mHandler: 3
01-01 15:51:12.222  2902  2902 D CarrierConfigLoader: mHandler: 9 phoneId: 0
01-01 15:51:12.247  5111  5111 W ContextImpl: Calling a method in the system process without a qualified user: android.app.ContextImpl.startService:1231 android.content.ContextWrapper.startService:587 android.content.ContextWrapper.startService:587 org.cyanogenmod.providers.datausage.DataUsageAppInstallReceiver.onReceive:47 android.app.ActivityThread.handleReceiver:2759 
01-01 15:51:12.268  5111  6039 V DataUsageAppInstallService: Adding SeniorenApp.SeniorenApp to DataUsage DB
01-01 15:51:12.671  2355  2368 W Searchables: No global search activity found
01-01 15:51:12.675  2355  2368 W VoiceInteractionManagerService: no available voice recognition services found for user 0
01-01 15:51:13.250  6040  6040 D AndroidRuntime: >>>>>> START com.android.internal.os.RuntimeInit uid 2000 <<<<<<
01-01 15:51:13.256  6040  6040 D AndroidRuntime: CheckJNI is OFF
01-01 15:51:13.257  6040  6040 E cutils-trace: Error opening trace file: No such file or directory (2)
01-01 15:51:13.319  6040  6040 D ICU     : No timezone override file found: /data/misc/zoneinfo/current/icu/icu_tzdata.dat
01-01 15:51:13.395  6040  6040 E memtrack: Couldn't load memtrack module (No such file or directory)
01-01 15:51:13.395  6040  6040 E android.os.Debug: failed to load memtrack module: -2
01-01 15:51:13.402  6040  6040 I Radio-JNI: register_android_hardware_Radio DONE
01-01 15:51:13.422  6040  6040 D AndroidRuntime: Calling main entry com.android.commands.pm.Pm
01-01 15:51:13.430  6040  6040 I art     : System.exit called, status: 0
01-01 15:51:13.430  6040  6040 I AndroidRuntime: VM exiting with result code 0.
01-01 15:51:14.355  6056  6056 D AndroidRuntime: >>>>>> START com.android.internal.os.RuntimeInit uid 2000 <<<<<<
01-01 15:51:14.364  6056  6056 D AndroidRuntime: CheckJNI is OFF
01-01 15:51:14.365  6056  6056 E cutils-trace: Error opening trace file: No such file or directory (2)
01-01 15:51:14.452  6056  6056 D ICU     : No timezone override file found: /data/misc/zoneinfo/current/icu/icu_tzdata.dat
01-01 15:51:14.535  6056  6056 E memtrack: Couldn't load memtrack module (No such file or directory)
01-01 15:51:14.535  6056  6056 E android.os.Debug: failed to load memtrack module: -2
01-01 15:51:14.544  6056  6056 I Radio-JNI: register_android_hardware_Radio DONE
01-01 15:51:14.563  6056  6056 D AndroidRuntime: Calling main entry com.android.commands.am.Am
01-01 15:51:14.576  6056  6056 D AndroidRuntime: Shutting down VM
01-01 15:51:14.660  2572  2589 E sdcard  : *** NOTIFY FAILED *** 22
01-01 15:51:14.660  2572  2589 E sdcard  : *** NOTIFY FAILED *** 22
01-01 15:51:14.685  2572  2589 E sdcard  : *** NOTIFY FAILED *** 22
01-01 15:51:14.685  2572  2589 E sdcard  : *** NOTIFY FAILED *** 22
01-01 15:51:14.725  2572  2589 E sdcard  : *** NOTIFY FAILED *** 22
01-01 15:51:14.725  2572  2589 E sdcard  : *** NOTIFY FAILED *** 22
01-01 15:51:14.749  2572  2589 E sdcard  : *** NOTIFY FAILED *** 22
01-01 15:51:14.749  2572  2589 E sdcard  : *** NOTIFY FAILED *** 22
01-01 15:51:14.780  2572  2589 E sdcard  : *** NOTIFY FAILED *** 22
01-01 15:51:14.780  2572  2589 E sdcard  : *** NOTIFY FAILED *** 22
01-01 15:51:14.809  2572  2589 E sdcard  : *** NOTIFY FAILED *** 22
01-01 15:51:14.809  2572  2589 E sdcard  : *** NOTIFY FAILED *** 22
01-01 15:51:14.835  2572  2589 E sdcard  : *** NOTIFY FAILED *** 22
01-01 15:51:14.835  2572  2589 E sdcard  : *** NOTIFY FAILED *** 22
01-01 15:51:14.857  2572  2589 E sdcard  : *** NOTIFY FAILED *** 22
01-01 15:51:14.857  2572  2589 E sdcard  : *** NOTIFY FAILED *** 22
01-01 15:51:14.881  2572  2589 E sdcard  : *** NOTIFY FAILED *** 22
01-01 15:51:14.881  2572  2589 E sdcard  : *** NOTIFY FAILED *** 22
01-01 15:51:14.905  2572  2589 E sdcard  : *** NOTIFY FAILED *** 22
01-01 15:51:14.905  2572  2589 E sdcard  : *** NOTIFY FAILED *** 22
01-01 15:51:14.935  2572  2589 E sdcard  : *** NOTIFY FAILED *** 22
01-01 15:51:14.935  2572  2589 E sdcard  : *** NOTIFY FAILED *** 22
01-01 15:51:14.961  2572  2589 E sdcard  : *** NOTIFY FAILED *** 22
01-01 15:51:14.961  2572  2589 E sdcard  : *** NOTIFY FAILED *** 22
01-01 15:51:14.985  2572  2589 E sdcard  : *** NOTIFY FAILED *** 22
01-01 15:51:14.985  2572  2589 E sdcard  : *** NOTIFY FAILED *** 22
01-01 15:51:15.014  2572  2589 E sdcard  : *** NOTIFY FAILED *** 22
01-01 15:51:15.014  2572  2589 E sdcard  : *** NOTIFY FAILED *** 22
01-01 15:51:16.465  2355  2434 D WifiConfigStore: Retrieve network priorities after PNO.
01-01 15:51:31.469  2355  2434 D WifiConfigStore: Retrieve network priorities after PNO.
01-01 15:51:32.552  2355  2371 I UsbDeviceManager: Setting USB config to accessory,audio_source,adb
01-01 15:51:32.611  2536  2536 D MtpService: starting MTP server in MTP mode
01-01 15:51:32.640  2355  2372 D UsbAlsaManager: Adding ALSA device AlsaDevice: [card: 1, device: 0, type: 1]
01-01 15:51:32.748  2355  2434 D WifiConfigStore: Retrieve network priorities after PNO.
01-01 15:51:32.965  1943  2870 I AudioFlinger: openOutput(), module 6 Device 2000, SamplingRate 44100, Format 0x000001, Channels 3, flags 0
01-01 15:51:32.967  1943  2870 I AudioFlinger: AudioStreamOut::open(), mHalFormatIsLinearPcm = 1
01-01 15:51:32.968  1943  2870 I AudioFlinger: HAL output buffer size 448 frames, normal sink buffer size 896 frames
01-01 15:51:32.974  1943  6094 I AudioFlinger: AudioFlinger's thread 0x443e3008 ready to run
01-01 15:51:32.987  1943  2870 I AudioFlinger: HAL output buffer size 448 frames, normal sink buffer size 448 frames
01-01 15:51:32.997  1943  6095 I AudioFlinger: AudioFlinger's thread 0x44435008 ready to run
01-01 15:51:33.000  1943  2291 D TinyALSA-Audio Hardware: audio_hw_set_parameters(0x401f4a38, card=1;connect=8192;device=0)++
01-01 15:51:33.000  1943  2291 D TinyALSA-Audio Hardware: audio_hw_set_parameters(0x401f4a38, card=1;connect=8192;device=0)-- (PARAMETER ERROR)
01-01 15:51:33.000  1943  2291 E bt_a2dp_hw: adev_set_parameters: ERROR: set param called even when stream out is null
01-01 15:51:33.005  2897  3172 D AudioFx-AudioOutputChangeListener: onAudioOutputChanged id: 20 type: 12 name: GT-I9100 address: card=1;device=0; [android.media.AudioDeviceInfo@142666c]
01-01 15:51:33.644  2355  2371 D UsbDeviceManager: entering USB accessory mode: UsbAccessory[mManufacturer=h-ab.de, mModel=SeniorenApp, mDescription=SeniorenApp, mVersion=1.0, mUri=https://github.com/SeniorenApp/, mSerial=0000000012345678]
01-01 15:51:33.649  2355  2371 I ActivityManager: START u0 {flg=0x10000000 cmp=com.android.systemui/.usb.UsbConfirmActivity (has extras)} from uid 1000 on display 0
01-01 15:51:33.976  2355  2374 I ActivityManager: Displayed com.android.systemui/.usb.UsbConfirmActivity: +205ms
01-01 15:51:36.595  2355  2443 W AudioTrack: dead IAudioTrack, PCM, creating a new one from start()
01-01 15:51:36.608  1943  2292 W APM::AudioPolicyManager: releaseOutput() releasing unknown output 67
01-01 15:51:36.728  2355  2543 W InputMethodManagerService: Window already focused, ignoring focus gain of: com.android.internal.view.IInputMethodClient$Stub$Proxy@35a364 attribute=null, token = android.os.BinderProxy@6649be0
01-01 15:51:36.869  2355  2365 I art     : Background partial concurrent mark sweep GC freed 17311(1784KB) AllocSpace objects, 9(196KB) LOS objects, 27% free, 10MB/14MB, paused 2.253ms total 164.582ms
01-01 15:51:36.877  2482  3015 D OpenGLRenderer: endAllStagingAnimators on 0x568b6010 (RippleDrawable) with handle 0x56ae0190
01-01 15:51:38.652  1943  6094 W AudioFlinger: write blocked for 1939 msecs, 1 delayed writes, thread 0x443e3008
01-01 15:51:40.777  2355  2423 D EventHub: No input device configuration file found for device ''.
01-01 15:51:40.777  2355  2423 I EventHub: New device: id=14, fd=9, path='/dev/input/event9', name='', classes=0x80000008, configuration='', keyLayout='', keyCharacterMap='', builtinKeyboard=false, wakeMechanism=EVIOCSSUSPENDBLOCK, usingClockIoctl=true
01-01 15:51:40.817  2355  2423 I InputReader: Device added: id=14, name='', sources=0x00002002
01-01 15:51:46.475  2355  2434 D WifiConfigStore: Retrieve network priorities after PNO.
01-01 15:51:48.868  2355  2422 I ActivityManager: START u0 {act=android.intent.action.MAIN cat=[android.intent.category.HOME] flg=0x10200000 cmp=com.cyanogenmod.trebuchet/com.android.launcher3.Launcher (has extras)} from uid 1000 on display 0
01-01 15:51:48.946  2355  2422 I ActivityManager: START u0 {act=android.intent.action.MAIN cat=[android.intent.category.HOME] flg=0x10200000 cmp=com.cyanogenmod.trebuchet/com.android.launcher3.Launcher (has extras)} from uid 1000 on display 0
01-01 15:51:53.727  2355  2423 I EventHub: Removing device '/dev/input/event9' due to inotify event
01-01 15:51:53.728  2355  2423 I EventHub: Removed device: path=/dev/input/event9 name= id=14 fd=9 classes=0x80000008
01-01 15:51:53.732  2355  2372 D UsbAlsaManager: ALSA device removed: AlsaDevice: [card: 1, device: 0, type: 1]
01-01 15:51:53.733  2355  2423 I InputReader: Device removed: id=14, name='', sources=0x00002002
01-01 15:51:53.781  2355  2372 D UsbAlsaManager: Adding ALSA device AlsaDevice: [card: 1, device: 0, type: 1]
01-01 15:51:54.017  2355  2371 D UsbDeviceManager: exited USB accessory mode
01-01 15:51:54.017  2355  2371 I UsbDeviceManager: Setting USB config to mtp,adb
01-01 15:51:54.037  2355  2372 D UsbAlsaManager: ALSA device removed: AlsaDevice: [card: 1, device: 0, type: 1]
01-01 15:51:54.061  5403  5413 E art     : adb connection max retries exceeded
01-01 15:51:54.063  5600  5606 E art     : adb connection max retries exceeded
01-01 15:51:54.064  5420  5427 E art     : adb connection max retries exceeded
01-01 15:51:54.143  2355  2371 D AudioService: checkSendBecomingNoisyIntent update the noise
01-01 15:51:54.174  2355  2369 I ActivityManager: Start proc 6133:SeniorenApp.SeniorenApp/u0a73 for broadcast SeniorenApp.SeniorenApp/md5e819f570a95de0dd3d01198988acdd5b.DisconnectReceiver
01-01 15:51:54.211  6133  6133 I art     : Late-enabling -Xcheck:jni
01-01 15:51:54.225  5420  5420 W WakefulBroadcastReceiver: No active wake lock id #4
01-01 15:51:54.334  6133  6133 W monodroid: Using override path: /data/user/0/SeniorenApp.SeniorenApp/files/.__override__
01-01 15:51:54.355  2536  2536 D MtpService: starting MTP server in MTP mode
01-01 15:51:54.355  2536  2536 E MtpServerJNI: could not open MTP driver, errno: 16
01-01 15:51:54.360  2536  2536 E MtpServerJNI: server is null in send_object_removed
01-01 15:51:54.361  6133  6133 W monodroid: Using override path: /storage/2C01-1BE4/Android/data/SeniorenApp.SeniorenApp/files/.__override__
01-01 15:51:54.362  6133  6133 W monodroid: Trying to load sgen from: /data/user/0/SeniorenApp.SeniorenApp/files/.__override__/libmonosgen-2.0.so
01-01 15:51:54.362  6133  6133 W monodroid: Trying to load sgen from: /storage/2C01-1BE4/Android/data/SeniorenApp.SeniorenApp/files/.__override__/libmonosgen-2.0.so
01-01 15:51:54.363  6133  6133 W monodroid: Trying to load sgen from: /data/app/SeniorenApp.SeniorenApp-1/lib/arm/libmonosgen-2.0.so
01-01 15:51:54.363  6133  6133 W monodroid: Trying to load sgen from: /data/user/0/SeniorenApp.SeniorenApp/files/.__override__/links/libmonosgen-2.0.so
01-01 15:51:54.368  2536  6148 E MtpServerJNI: server is null in run
01-01 15:51:54.368  2536  6148 E MtpServerJNI: server is null in cleanup
01-01 15:51:54.511  6133  6133 D Mono    : Image addref mscorlib[0x4375c7f0] -> mscorlib.dll[0x43759798]: 1
01-01 15:51:54.513  6133  6133 D Mono    : AOT module 'mscorlib.dll.so' not found: dlopen failed: library "/data/app/SeniorenApp.SeniorenApp-1/lib/arm/libaot-mscorlib.dll.so" not found
01-01 15:51:54.513  6133  6133 D Mono    : AOT module '/Users/builder/data/lanes/3511/77cb8568/source/monodroid/builds/install/mono-armv7/lib/mono/aot-cache/arm/mscorlib.dll.so' not found: dlopen failed: library "/data/app/SeniorenApp.SeniorenApp-1/lib/arm/libaot-mscorlib.dll.so" not found
01-01 15:51:54.513  6133  6133 D Mono    : Config attempting to parse: 'mscorlib.dll.config'.
01-01 15:51:54.513  6133  6133 D Mono    : Config attempting to parse: '/Users/builder/data/lanes/3511/77cb8568/source/monodroid/builds/install/mono-armv7/etc/mono/assemblies/mscorlib/mscorlib.config'.
01-01 15:51:54.554  6133  6133 D Mono    : Assembly mscorlib[0x4375c7f0] added to domain RootDomain, ref_count=1
01-01 15:51:54.554  6133  6133 D Mono    : Assembly Loader probing location: '/storage/2C01-1BE4/Android/data/SeniorenApp.SeniorenApp/files/.__override__/SeniorenApp.dll'.
01-01 15:51:54.555  6133  6133 D Mono    : Image addref SeniorenApp[0x43d88cb8] -> /storage/2C01-1BE4/Android/data/SeniorenApp.SeniorenApp/files/.__override__/SeniorenApp.dll[0x43d87fe0]: 2
01-01 15:51:54.555  6133  6133 D Mono    : Assembly SeniorenApp[0x43d88cb8] added to domain RootDomain, ref_count=1
01-01 15:51:54.557  6133  6133 D Mono    : AOT module '/storage/2C01-1BE4/Android/data/SeniorenApp.SeniorenApp/files/.__override__/SeniorenApp.dll.so' not found: dlopen failed: library "/data/app/SeniorenApp.SeniorenApp-1/lib/arm/libaot-SeniorenApp.dll.so" not found
01-01 15:51:54.557  6133  6133 D Mono    : AOT module '/Users/builder/data/lanes/3511/77cb8568/source/monodroid/builds/install/mono-armv7/lib/mono/aot-cache/arm/SeniorenApp.dll.so' not found: dlopen failed: library "/data/app/SeniorenApp.SeniorenApp-1/lib/arm/libaot-SeniorenApp.dll.so" not found
01-01 15:51:54.557  6133  6133 D Mono    : Assembly Loader loaded assembly from location: '/storage/2C01-1BE4/Android/data/SeniorenApp.SeniorenApp/files/.__override__/SeniorenApp.dll'.
01-01 15:51:54.558  6133  6133 D Mono    : Config attempting to parse: '/storage/2C01-1BE4/Android/data/SeniorenApp.SeniorenApp/files/.__override__/SeniorenApp.dll.config'.
01-01 15:51:54.558  6133  6133 D Mono    : Config attempting to parse: '/Users/builder/data/lanes/3511/77cb8568/source/monodroid/builds/install/mono-armv7/etc/mono/assemblies/SeniorenApp/SeniorenApp.config'.
01-01 15:51:54.558  6133  6133 D Mono    : Assembly Loader probing location: '/storage/2C01-1BE4/Android/data/SeniorenApp.SeniorenApp/files/.__override__/Mono.Android.Export.dll'.
01-01 15:51:54.559  6133  6133 D Mono    : Image addref Mono.Android.Export[0x43d89a80] -> /storage/2C01-1BE4/Android/data/SeniorenApp.SeniorenApp/files/.__override__/Mono.Android.Export.dll[0x43d88dd0]: 2
01-01 15:51:54.559  6133  6133 D Mono    : Assembly Mono.Android.Export[0x43d89a80] added to domain RootDomain, ref_count=1
01-01 15:51:54.561  6133  6133 D Mono    : AOT module '/storage/2C01-1BE4/Android/data/SeniorenApp.SeniorenApp/files/.__override__/Mono.Android.Export.dll.so' not found: dlopen failed: library "/data/app/SeniorenApp.SeniorenApp-1/lib/arm/libaot-Mono.Android.Export.dll.so" not found
01-01 15:51:54.561  6133  6133 D Mono    : AOT module '/Users/builder/data/lanes/3511/77cb8568/source/monodroid/builds/install/mono-armv7/lib/mono/aot-cache/arm/Mono.Android.Export.dll.so' not found: dlopen failed: library "/data/app/SeniorenApp.SeniorenApp-1/lib/arm/libaot-Mono.Android.Export.dll.so" not found
01-01 15:51:54.561  6133  6133 D Mono    : Assembly Loader loaded assembly from location: '/storage/2C01-1BE4/Android/data/SeniorenApp.SeniorenApp/files/.__override__/Mono.Android.Export.dll'.
01-01 15:51:54.561  6133  6133 D Mono    : Config attempting to parse: '/storage/2C01-1BE4/Android/data/SeniorenApp.SeniorenApp/files/.__override__/Mono.Android.Export.dll.config'.
01-01 15:51:54.563  6133  6133 D Mono    : Config attempting to parse: '/Users/builder/data/lanes/3511/77cb8568/source/monodroid/builds/install/mono-armv7/etc/mono/assemblies/Mono.Android.Export/Mono.Android.Export.config'.
01-01 15:51:54.563  6133  6133 D Mono    : Assembly Loader probing location: '/storage/2C01-1BE4/Android/data/SeniorenApp.SeniorenApp/files/.__override__/System.Threading.dll'.
01-01 15:51:54.564  6133  6133 D Mono    : Image addref System.Threading[0x43d8a828] -> /storage/2C01-1BE4/Android/data/SeniorenApp.SeniorenApp/files/.__override__/System.Threading.dll[0x43d89ba8]: 2
01-01 15:51:54.564  6133  6133 D Mono    : Assembly System.Threading[0x43d8a828] added to domain RootDomain, ref_count=1
01-01 15:51:54.565  6133  6133 D Mono    : AOT module '/storage/2C01-1BE4/Android/data/SeniorenApp.SeniorenApp/files/.__override__/System.Threading.dll.so' not found: dlopen failed: library "/data/app/SeniorenApp.SeniorenApp-1/lib/arm/libaot-System.Threading.dll.so" not found
01-01 15:51:54.566  6133  6133 D Mono    : AOT module '/Users/builder/data/lanes/3511/77cb8568/source/monodroid/builds/install/mono-armv7/lib/mono/aot-cache/arm/System.Threading.dll.so' not found: dlopen failed: library "/data/app/SeniorenApp.SeniorenApp-1/lib/arm/libaot-System.Threading.dll.so" not found
01-01 15:51:54.566  6133  6133 D Mono    : Assembly Loader loaded assembly from location: '/storage/2C01-1BE4/Android/data/SeniorenApp.SeniorenApp/files/.__override__/System.Threading.dll'.
01-01 15:51:54.566  6133  6133 D Mono    : Config attempting to parse: '/storage/2C01-1BE4/Android/data/SeniorenApp.SeniorenApp/files/.__override__/System.Threading.dll.config'.
01-01 15:51:54.566  6133  6133 D Mono    : Config attempting to parse: '/Users/builder/data/lanes/3511/77cb8568/source/monodroid/builds/install/mono-armv7/etc/mono/assemblies/System.Threading/System.Threading.config'.
01-01 15:51:54.567  6133  6133 D Mono    : Assembly Loader probing location: '/storage/2C01-1BE4/Android/data/SeniorenApp.SeniorenApp/files/.__override__/System.Runtime.dll'.
01-01 15:51:54.567  6133  6133 D Mono    : Image addref System.Runtime[0x43d8b5c8] -> /storage/2C01-1BE4/Android/data/SeniorenApp.SeniorenApp/files/.__override__/System.Runtime.dll[0x43d8a960]: 2
01-01 15:51:54.567  6133  6133 D Mono    : Assembly System.Runtime[0x43d8b5c8] added to domain RootDomain, ref_count=1
01-01 15:51:54.569  6133  6133 D Mono    : AOT module '/storage/2C01-1BE4/Android/data/SeniorenApp.SeniorenApp/files/.__override__/System.Runtime.dll.so' not found: dlopen failed: library "/data/app/SeniorenApp.SeniorenApp-1/lib/arm/libaot-System.Runtime.dll.so" not found
01-01 15:51:54.569  6133  6133 D Mono    : AOT module '/Users/builder/data/lanes/3511/77cb8568/source/monodroid/builds/install/mono-armv7/lib/mono/aot-cache/arm/System.Runtime.dll.so' not found: dlopen failed: library "/data/app/SeniorenApp.SeniorenApp-1/lib/arm/libaot-System.Runtime.dll.so" not found
01-01 15:51:54.569  6133  6133 D Mono    : Assembly Loader loaded assembly from location: '/storage/2C01-1BE4/Android/data/SeniorenApp.SeniorenApp/files/.__override__/System.Runtime.dll'.
01-01 15:51:54.569  6133  6133 D Mono    : Config attempting to parse: '/storage/2C01-1BE4/Android/data/SeniorenApp.SeniorenApp/files/.__override__/System.Runtime.dll.config'.
01-01 15:51:54.570  6133  6133 D Mono    : Config attempting to parse: '/Users/builder/data/lanes/3511/77cb8568/source/monodroid/builds/install/mono-armv7/etc/mono/assemblies/System.Runtime/System.Runtime.config'.
01-01 15:51:54.570  6133  6133 D Mono    : Assembly Loader probing location: '/storage/2C01-1BE4/Android/data/SeniorenApp.SeniorenApp/files/.__override__/System.Collections.dll'.
01-01 15:51:54.571  6133  6133 D Mono    : Image addref System.Collections[0x42e524b0] -> /storage/2C01-1BE4/Android/data/SeniorenApp.SeniorenApp/files/.__override__/System.Collections.dll[0x43d8b730]: 2
01-01 15:51:54.571  6133  6133 D Mono    : Assembly System.Collections[0x42e524b0] added to domain RootDomain, ref_count=1
01-01 15:51:54.572  6133  6133 D Mono    : AOT module '/storage/2C01-1BE4/Android/data/SeniorenApp.SeniorenApp/files/.__override__/System.Collections.dll.so' not found: dlopen failed: library "/data/app/SeniorenApp.SeniorenApp-1/lib/arm/libaot-System.Collections.dll.so" not found
01-01 15:51:54.573  6133  6133 D Mono    : AOT module '/Users/builder/data/lanes/3511/77cb8568/source/monodroid/builds/install/mono-armv7/lib/mono/aot-cache/arm/System.Collections.dll.so' not found: dlopen failed: library "/data/app/SeniorenApp.SeniorenApp-1/lib/arm/libaot-System.Collections.dll.so" not found
01-01 15:51:54.573  6133  6133 D Mono    : Assembly Loader loaded assembly from location: '/storage/2C01-1BE4/Android/data/SeniorenApp.SeniorenApp/files/.__override__/System.Collections.dll'.
01-01 15:51:54.573  6133  6133 D Mono    : Config attempting to parse: '/storage/2C01-1BE4/Android/data/SeniorenApp.SeniorenApp/files/.__override__/System.Collections.dll.config'.
01-01 15:51:54.573  6133  6133 D Mono    : Config attempting to parse: '/Users/builder/data/lanes/3511/77cb8568/source/monodroid/builds/install/mono-armv7/etc/mono/assemblies/System.Collections/System.Collections.config'.
01-01 15:51:54.573  6133  6133 D Mono    : Assembly Loader probing location: '/storage/2C01-1BE4/Android/data/SeniorenApp.SeniorenApp/files/.__override__/System.Collections.Concurrent.dll'.
01-01 15:51:54.574  6133  6133 D Mono    : Image addref System.Collections.Concurrent[0x430f31e8] -> /storage/2C01-1BE4/Android/data/SeniorenApp.SeniorenApp/files/.__override__/System.Collections.Concurrent.dll[0x42e527a0]: 2
01-01 15:51:54.574  6133  6133 D Mono    : Assembly System.Collections.Concurrent[0x430f31e8] added to domain RootDomain, ref_count=1
01-01 15:51:54.575  6133  6133 D Mono    : AOT module '/storage/2C01-1BE4/Android/data/SeniorenApp.SeniorenApp/files/.__override__/System.Collections.Concurrent.dll.so' not found: dlopen failed: library "/data/app/SeniorenApp.SeniorenApp-1/lib/arm/libaot-System.Collections.Concurrent.dll.so" not found
