--------- beginning of system
11-22 19:29:20.791  1789  1804 I MotorolaSettingsState: [RESTORED] ref_country_mcc=310
11-22 19:29:20.792  1789  1804 I MotorolaSettingsState: [RESTORED] ref_country_ndd=1
11-22 19:29:20.792  1789  1804 I MotorolaSettingsState: [RESTORED] cur_country_idd=011
11-22 19:29:20.792  1789  1804 I MotorolaSettingsState: [RESTORED] cur_country_mcc=310
11-22 19:29:20.792  1789  1804 I MotorolaSettingsState: [RESTORED] cur_country_ndd=1
11-22 19:29:20.792  1789  1804 I MotorolaSettingsState: [RESTORED] cur_country_code=1
11-22 19:29:20.792  1789  1804 I MotorolaSettingsState: [RESTORED] cur_country_name=United States of America
11-22 19:29:20.792  1789  1804 I MotorolaSettingsState: [RESTORED] ref_country_code=1
11-22 19:29:20.792  1789  1804 I MotorolaSettingsState: [RESTORED] ref_country_name=United States of America
11-22 19:29:20.792  1789  1804 I MotorolaSettingsState: [RESTORED] roaming_plmn_table=
11-22 19:29:20.792  1789  1804 I MotorolaSettingsState: [RESTORED] sn_white_list=com.android.phone,com.motorola.messaging,com.google.android.talk,com.google.android.gm,com.google.android.email,com.android.calendar,com.google.android.googlequicksearchbox,com.google.android.gsf,com.android.mms,com.google.android.calendar,com.motorola.aon,com.motorola.audiomonitor,com.att.mobile.android.vvm,com.motorola.vvm,com.motorola.moto,com.motorola.email,com.motorola.cmas,com.motorola.bodyguard,com.google.android.apps.plus
11-22 19:29:20.792  1789  1804 I MotorolaSettingsState: [RESTORED] privacy_always_on_voice=0
11-22 19:29:20.792  1789  1804 I MotorolaSettingsState: [RESTORED] anc_mode=0
11-22 19:29:20.792  1789  1804 I MotorolaSettingsState: [RESTORED] lock_type=0
11-22 19:29:20.792  1789  1804 I MotorolaSettingsState: [RESTORED] black_list_roaming_plmn_table=
11-22 19:29:20.792  1789  1804 I MotorolaSettingsState: [RESTORED] privacy_smart_actions=0
11-22 19:29:20.792  1789  1804 I MotorolaSettingsState: [RESTORED] sn_aon=1
11-22 19:29:20.792  1789  1804 I MotorolaSettingsState: [RESTORED] power_saver_enabled=0
11-22 19:29:20.792  1789  1804 I MotorolaSettingsState: [RESTORED] calling_gsm_ad_enabled=0
11-22 19:29:20.792  1789  1804 I MotorolaSettingsState: [RESTORED] roaming_plmn_between_carriers_enabled=0
11-22 19:29:20.792  1789  1804 I MotorolaSettingsState: [RESTORED] cur_country_area_code=000
11-22 19:29:20.792  1789  1804 I MotorolaSettingsState: [RESTORED] sn_privacy=0
11-22 19:29:20.792  1789  1804 I MotorolaSettingsState: [RESTORED] privacy_moto_marketing=0
11-22 19:29:20.793  1789  1804 I MotorolaSettingsState: [RESTORED] tsb_disable_flags=0
11-22 19:29:20.793  1789  1804 I MotorolaSettingsState: [RESTORED] assisted_dialing_state=0
11-22 19:29:20.793  1789  1804 I MotorolaSettingsState: [RESTORED] roaming_mcc_table=
11-22 19:29:20.793  1789  1804 I MotorolaSettingsState: [RESTORED] ref_country_mdn_len=10
11-22 19:29:20.793  1789  1804 I MotorolaSettingsState: [RESTORED] cur_country_mdn_len=10
11-22 19:29:20.793  1789  1804 I MotorolaSettingsState: [RESTORED] sms_reassembly_enable=0
11-22 19:29:20.793  1789  1804 I MotorolaSettingsState: [RESTORED] double_tap=none
11-22 19:29:20.793  1789  1804 I MotorolaSettingsState: [RESTORED] privacy_support_device=0
11-22 19:29:20.793  1789  1804 I MotorolaSettingsState: [RESTORED] voicemail_hide_mwi_enabled=0
11-22 19:29:20.793  1789  1804 I MotorolaSettingsState: [RESTORED] sn_auto_select_installed=1
11-22 19:29:20.793  1789  1804 I MotorolaSettingsState: [RESTORED] wifi_offload_flag=0
11-22 19:29:20.793  1789  1804 I MotorolaSettingsState: [RESTORED] flag_allow_access_only_for_this_trip=0
11-22 19:29:20.793  1789  1804 I MotorolaSettingsState: [RESTORED] task_button_press_behavior=0
11-22 19:29:20.793  1789  1804 I MotorolaSettingsState: [RESTORED] privacy_help_improve_products=0
11-22 19:29:20.793  1789  1804 I MotorolaSettingsState: [RESTORED] privacy_smart_notifications_chrome=0
11-22 19:29:20.793  1789  1804 I MotorolaSettingsState: [RESTORED] privacy_motorola_terms_of_service=1
11-22 19:29:20.793  1789  1804 I MotorolaSettingsState: [RESTORED] sn_night_end=360
11-22 19:29:20.793  1789  1804 I MotorolaSettingsState: [RESTORED] sn_night_off=1
11-22 19:29:20.793  1789  1804 I MotorolaSettingsState: [RESTORED] calling_33860_enabled=0
11-22 19:29:20.793  1789  1804 I MotorolaSettingsState: [RESTORED] sn_night_begin=1380
11-22 19:29:20.793  1789  1804 I MotorolaSettingsState: [RESTORED] privacy_ota_update=1
11-22 19:29:20.826  1789  1789 I InputManager: Starting input manager
11-22 19:29:20.827   258   258 I SFPerfTracer:       trigger: frame rate (-59.709%)	(24.174 fps)	(41.366 ms) 	(30 drops)	(31 frames)
11-22 19:29:20.827   258   258 I SFPerfTracer:      triggers: (rate: 2:149) (compose: 0:1) (post: 0:0) (render: 0:1) (31:157 frames) (32:163)
11-22 19:29:20.828   258   258 D SFPerfTracer:        layers: (1:1) (BootAnimation (0xb8ee1c10): 32:161) 
11-22 19:29:20.828  1789  1789 I SystemServer: Bluetooth Service
11-22 19:29:20.828  1789  1789 I SystemServiceManager: Starting com.android.server.BluetoothService
11-22 19:29:20.837  1789  1789 I SystemServer: Input Method Service
11-22 19:29:20.890  1789  1789 I SystemServer: Accessibility Manager
11-22 19:29:20.898  1789  1789 I ActivityManager: Config changes=1df8 {1.0 ?mcc?mnc de_DE ldltr sw360dp w360dp h640dp 320dpi nrml long port ?uimode ?night -touch -keyb/v/h -nav/h s.2?spn}
11-22 19:29:20.913  1789  1789 I ActivityManager: Config changes=500 {1.0 ?mcc?mnc de_DE ldltr sw360dp w360dp h568dp 320dpi nrml port ?uimode ?night -touch -keyb/v/h -nav/h s.3?spn}
11-22 19:29:20.914  1789  1789 I SystemServiceManager: Starting com.android.server.MountService$Lifecycle
11-22 19:29:20.924  1789  1789 I SystemServiceManager: Starting com.android.server.UiModeManagerService
11-22 19:29:20.924  1789  2930 D MountService: Thinking about reset, mSystemReady=false, mDaemonConnected=true
11-22 19:29:20.924  1789  2930 D MountService: Thinking about reset, mSystemReady=false, mDaemonConnected=true
11-22 19:29:20.925  1789  2930 D CryptdConnector: SND -> {1 cryptfs getfield SystemLocale}
11-22 19:29:20.925   220   228 I Ext4Crypt: ext4 crypto complete called on /data
11-22 19:29:20.925  1789  1789 I ActivityManager: Config changes=200 {1.0 ?mcc?mnc de_DE ldltr sw360dp w360dp h568dp 320dpi nrml port -touch -keyb/v/h -nav/h s.4?spn}
11-22 19:29:20.925   220   228 I Ext4Crypt: No master key, so not ext4enc
11-22 19:29:20.926  1789  2932 D CryptdConnector: RCV <- {200 1 -1}
11-22 19:29:20.928  1789  2930 W MountService: No primary storage mounted!
11-22 19:29:20.928  1789  2930 D VoldConnector: SND -> {1 asec list}
11-22 19:29:20.929  1789  2931 D VoldConnector: RCV <- {200 1 asec operation succeeded}
11-22 19:29:20.929  1789  1789 I SystemServer: LockSettingsService
11-22 19:29:20.930  1789  2930 W PackageManager: Not granting permission android.permission.MANAGE_DOCUMENTS to package com.google.android.youtube (protectionLevel=2 flags=0x38583e45)
11-22 19:29:20.930  1789  2930 W PackageManager: Not granting permission com.google.android.googleapps.permission.GOOGLE_AUTH to package com.google.android.youtube (protectionLevel=2 flags=0x38583e45)
11-22 19:29:20.930  1789  2930 W PackageManager: Not granting permission com.google.android.googleapps.permission.GOOGLE_AUTH.youtube to package com.google.android.youtube (protectionLevel=2 flags=0x38583e45)
11-22 19:29:20.930  1789  2930 W PackageManager: Not granting permission com.google.android.googleapps.permission.GOOGLE_AUTH.YouTubeUser to package com.google.android.youtube (protectionLevel=2 flags=0x38583e45)
11-22 19:29:20.930  1789  2930 W PackageManager: Unknown permission com.motorola.blur.setupprovider.Permissions.ACCESS_ACCOUNTS in package com.motorola.motocare
11-22 19:29:20.930  1789  2930 W PackageManager: Unknown permission com.android.email.permission.ACCESS_PROVIDER in package com.motorola.motocare
11-22 19:29:20.930  1789  2930 W PackageManager: Unknown permission com.google.android.voicesearch.SHORTCUTS_ACCESS in package com.google.android.googlequicksearchbox
11-22 19:29:20.930  1789  2930 W PackageManager: Unknown permission com.google.android.voicesearch.ACCESS_SETTINGS in package com.google.android.googlequicksearchbox
11-22 19:29:20.930  1789  2930 W PackageManager: Unknown permission com.android.browser.permission.PRELOAD in package com.google.android.googlequicksearchbox
11-22 19:29:20.930  1789  2930 W PackageManager: Unknown permission com.google.android.ears.permission.WRITE in package com.google.android.googlequicksearchbox
11-22 19:29:20.930  1789  2930 W PackageManager: Unknown permission com.google.android.apps.googlevoice.permission.AUTO_SEND in package com.google.android.googlequicksearchbox
11-22 19:29:20.931  1789  2930 W PackageManager: Unknown permission com.android.chrome.PRERENDER_URL in package com.google.android.googlequicksearchbox
11-22 19:29:20.931  1789  2930 W PackageManager: Not granting permission com.google.android.googleapps.permission.GOOGLE_AUTH to package com.android.providers.calendar (protectionLevel=2 flags=0x30083e45)
11-22 19:29:20.931  1789  2930 W PackageManager: Not granting permission com.google.android.googleapps.permission.GOOGLE_AUTH.cl to package com.android.providers.calendar (protectionLevel=2 flags=0x30083e45)
11-22 19:29:20.931  1789  2930 W PackageManager: Unknown permission com.motorola.audiomonitor.permission.BROADCAST_RECEIVER in package com.motorola.camera
11-22 19:29:20.931  1789  2930 W PackageManager: Unknown permission com.motorola.permission.SET_NAVBAR_BACKGROUNDCOLOR in package com.motorola.camera
11-22 19:29:20.931  1789  2930 W PackageManager: Not granting permission android.permission.BIND_DEVICE_ADMIN to package com.motorola.ccc.devicemanagement (protectionLevel=2 flags=0x38483e45)
11-22 19:29:20.931  1789  2930 W PackageManager: Unknown permission android.permission.READ_PRIVILEDGED_PHONE_STATE in package com.motorola.ccc.devicemanagement
11-22 19:29:20.931  1789  2930 W PackageManager: Unknown permission com.motorola.blur.setupprovider.Permissions.ACCESS_ACCOUNTS in package com.motorola.ccc.devicemanagement
11-22 19:29:20.931  1789  2930 W PackageManager: Not granting permission android.permission.ACCESS_COARSE_LOCATION to package com.whatsapp because it was previously installed without
11-22 19:29:20.931  1789  2930 W PackageManager: Not granting permission android.permission.ACCESS_FINE_LOCATION to package com.whatsapp because it was previously installed without
11-22 19:29:20.931  1789  2930 W PackageManager: Not granting permission android.permission.CAMERA to package com.whatsapp because it was previously installed without
11-22 19:29:20.931  1789  2930 W PackageManager: Not granting permission android.permission.GET_ACCOUNTS to package com.whatsapp because it was previously installed without
11-22 19:29:20.931  1789  2930 W PackageManager: Unknown permission android.permission.INSTALL_SHORTCUT in package com.whatsapp
11-22 19:29:20.931  1789  2930 W PackageManager: Not granting permission android.permission.READ_CONTACTS to package com.whatsapp because it was previously installed without
11-22 19:29:20.931  1789  2930 W PackageManager: Not granting permission android.permission.READ_PHONE_STATE to package com.whatsapp because it was previously installed without
11-22 19:29:20.932  1789  2930 W PackageManager: Not granting permission android.permission.RECEIVE_SMS to package com.whatsapp because it was previously installed without
11-22 19:29:20.932  1789  2930 W PackageManager: Not granting permission android.permission.RECORD_AUDIO to package com.whatsapp because it was previously installed without
11-22 19:29:20.932  1789  2930 W PackageManager: Not granting permission android.permission.SEND_SMS to package com.whatsapp because it was previously installed without
11-22 19:29:20.932  1789  2930 W PackageManager: Not granting permission android.permission.WRITE_CONTACTS to package com.whatsapp because it was previously installed without
11-22 19:29:20.932  1789  2930 W PackageManager: Not granting permission android.permission.WRITE_EXTERNAL_STORAGE to package com.whatsapp because it was previously installed without
11-22 19:29:20.932  1789  2930 W PackageManager: Unknown permission com.sec.android.provider.badge.permission.READ in package com.whatsapp
11-22 19:29:20.932  1789  2930 W PackageManager: Unknown permission com.sec.android.provider.badge.permission.WRITE in package com.whatsapp
11-22 19:29:20.932  1789  2930 W PackageManager: Unknown permission com.htc.launcher.permission.READ_SETTINGS in package com.whatsapp
11-22 19:29:20.932  1789  2930 W PackageManager: Unknown permission com.htc.launcher.permission.UPDATE_SHORTCUT in package com.whatsapp
11-22 19:29:20.932  1789  2930 W PackageManager: Unknown permission com.sonyericsson.home.permission.BROADCAST_BADGE in package com.whatsapp
11-22 19:29:20.932  1789  2930 W PackageManager: Unknown permission com.sonymobile.home.permission.PROVIDER_INSERT_BADGE in package com.whatsapp
11-22 19:29:20.932  1789  2930 W PackageManager: Unknown permission com.huawei.android.launcher.permission.READ_SETTINGS in package com.whatsapp
11-22 19:29:20.932  1789  2930 W PackageManager: Unknown permission com.huawei.android.launcher.permission.WRITE_SETTINGS in package com.whatsapp
11-22 19:29:20.932  1789  2930 W PackageManager: Unknown permission com.huawei.android.launcher.permission.CHANGE_BADGE in package com.whatsapp
11-22 19:29:20.932  1789  2930 W PackageManager: Not granting permission android.permission.READ_EXTERNAL_STORAGE to package com.whatsapp because it was previously installed without
11-22 19:29:20.932  1789  2930 W PackageManager: Not granting permission android.permission.WRITE_EXTERNAL_STORAGE to package de.spiegel.android.app.spon because it was previously installed without
11-22 19:29:20.932  1789  2930 W PackageManager: Not granting permission android.permission.READ_EXTERNAL_STORAGE to package de.spiegel.android.app.spon because it was previously installed without
11-22 19:29:20.932  1789  1789 I SystemServiceManager: Starting com.android.server.PersistentDataBlockService
11-22 19:29:20.933  1789  2930 W PackageManager: Not granting permission android.permission.SEND_DOWNLOAD_COMPLETED_INTENTS to package com.android.vending (protectionLevel=2 flags=0x384abec5)
11-22 19:29:20.933  1789  2930 W PackageManager: Unknown permission android.permission.SEND_SMS_NO_CONFIRMATION in package com.android.vending
11-22 19:29:20.933  1789  2930 W PackageManager: Unknown permission com.google.android.partnersetup.permission.WRITE_APP_PROVIDER in package com.android.vending
11-22 19:29:20.933  1789  2930 W PackageManager: Unknown permission com.motorola.permission.ACCESS_WIFI_AUTONOMOUS in package com.motorola.context
11-22 19:29:20.933  1789  2930 W PackageManager: Unknown permission android.permission.INSTALL_DRM in package com.android.mms
11-22 19:29:20.933  1789  2930 W PackageManager: Not granting permission android.permission.MANAGE_DOCUMENTS to package com.android.mms (protectionLevel=2 flags=0x3808be65)
11-22 19:29:20.933  1789  2930 W PackageManager: Unknown permission com.cequint.ecid.CALLER_ID_LOOKUP in package com.android.mms
11-22 19:29:20.934  1789  2930 W PackageManager: Unknown permission com.android.launcher.permission.READ_SETTINGS in package com.google.android.launcher
11-22 19:29:20.934  1789  2930 W PackageManager: Unknown permission com.android.launcher.permission.WRITE_SETTINGS in package com.google.android.launcher
11-22 19:29:20.934  1789  2930 W PackageManager: Unknown permission com.google.android.email.permission.ACCESS_PROVIDER in package com.google.android.gm
11-22 19:29:20.934  1789  2930 W PackageManager: Unknown permission com.google.android.gm.exchange.BIND in package com.google.android.gm
11-22 19:29:20.934  1789  2930 W PackageManager: Unknown permission com.android.email.partnerprovider.PARTNER_PROVIDER in package com.google.android.gm
11-22 19:29:20.934  1789  2930 W PackageManager: Unknown permission com.motorola.permission.ACCESS_WIFI_AUTONOMOUS in package com.motorola.motocit
11-22 19:29:20.934  1789  2930 W PackageManager: Unknown permission com.motorola.permission.TELEPHONY_RAW in package com.motorola.motocit
11-22 19:29:20.934  1789  2930 W PackageManager: Not granting permission android.permission.DEVICE_POWER to package com.motorola.motocit (protectionLevel=2 flags=0x3808be45)
11-22 19:29:20.934  1789  2930 W PackageManager: Not granting permission android.permission.FACTORY_TEST to package com.motorola.motocit (protectionLevel=2 flags=0x3808be45)
11-22 19:29:20.934  1789  2930 W PackageManager: Unknown permission android.permission.READ_OWNER_DATA in package com.google.android.setupwizard
11-22 19:29:20.934  1789  2930 W PackageManager: Unknown permission android.permission.WRITE_OWNER_DATA in package com.google.android.setupwizard
11-22 19:29:20.934  1789  2930 W PackageManager: Unknown permission com.motorola.permission.SET_NAVBAR_BACKGROUNDCOLOR in package com.motorola.MotGallery2
11-22 19:29:20.934  1789  2930 W PackageManager: Unknown permission com.motorola.blast.permission.TRIGGER_BLAST_ACTION in package com.motorola.MotGallery2
11-22 19:29:20.934  1789  2930 W PackageManager: Unknown permission com.vcast.mediamanager.CLOUD_PERMISSION in package com.motorola.MotGallery2
11-22 19:29:20.935  1789  2930 W PackageManager: Unknown permission android.permission.WRITE_SYNC_STATS in package com.google.android.apps.docs
11-22 19:29:20.935  1789  2930 W PackageManager: Unknown permission com.google.android.gallery3d.permission.PICASA_STORE in package com.google.android.apps.plus
11-22 19:29:20.937  1789  2930 W PackageManager: Unknown permission motorola.sprint.permission.READ_OMADM_RUNTIME_DATA in package com.motorola.contacts.preloadcontacts
11-22 19:29:20.937  1789  2930 W PackageManager: Not granting permission android.permission.INTERACT_ACROSS_USERS to package com.google.android.syncadapters.contacts (protectionLevel=50 flags=0x38883e45)
11-22 19:29:20.937  1789  2930 W PackageManager: Unknown permission com.chrome.permission.DEVICE_EXTRAS in package com.android.chrome
11-22 19:29:20.937  1789  2930 W PackageManager: Unknown permission com.sec.enterprise.knox.MDM_CONTENT_PROVIDER in package com.android.chrome
11-22 19:29:20.937  1789  2930 W PackageManager: Unknown permission android.permission.MANAGE_SOUND_TRIGGER in package com.google.android.gms
11-22 19:29:20.938  1789  2930 W PackageManager: Unknown permission com.google.android.apps.enterprise.dmagent.permission.AutoSyncPermission in package com.google.android.gms
11-22 19:29:20.938  1789  2930 W PackageManager: Not granting permission android.permission.READ_PRIVILEGED_PHONE_STATE to package com.google.android.gms (protectionLevel=18 flags=0xb8483ec5)
11-22 19:29:20.938  1789  2930 W PackageManager: Unknown permission android.permission.CONNECTIVITY_USE_RESTRICTED_NETWORKS in package com.google.android.gms
11-22 19:29:20.938  1789  2930 W PackageManager: Unknown permission android.permission.SEND_SMS_NO_CONFIRMATION in package com.google.android.gms
11-22 19:29:20.938  1789  2930 W PackageManager: Unknown permission android.permission.TETHER_PRIVILEGED in package com.google.android.gms
11-22 19:29:20.938  1789  2930 W PackageManager: Unknown permission android.permission.READ_OEM_UNLOCK_STATE in package com.google.android.gms
11-22 19:29:20.938  1789  2930 W PackageManager: Not granting permission android.permission.OVERRIDE_WIFI_CONFIG to package com.google.android.gms (protectionLevel=18 flags=0xb8483ec5)
11-22 19:29:20.938  1789  2930 W PackageManager: Unknown permission com.google.android.wearable.READ_SETTINGS in package com.google.android.gms
11-22 19:29:20.938  1789  2930 W PackageManager: Unknown permission android.permission.SUBSTITUTE_NOTIFICATION_APP_NAME in package com.google.android.gms
11-22 19:29:20.940  1789  2930 W PackageManager: Unknown permission com.android.launcher.permission.PRELOAD_WORKSPACE in package com.google.android.partnersetup
11-22 19:29:20.940  1789  2930 W PackageManager: Unknown permission android.permission.SYSTEM_OVERLAY_WINDOW in package com.motorola.genie
11-22 19:29:20.940  1789  2930 W PackageManager: Not granting permission com.google.android.googleapps.permission.GOOGLE_AUTH to package com.google.android.videos (protectionLevel=2 flags=0x38583e45)
11-22 19:29:20.940  1789  2930 W PackageManager: Unknown permission com.verizon.vzwavs.permission.READ in package com.motorola.appdirectedsmsproxy
11-22 19:29:20.941  1789  2930 W PackageManager: Unknown permission com.google.android.gallery3d.permission.PICASA_STORE in package com.google.android.apps.photos
11-22 19:29:20.941  1789  2930 W PackageManager: Unknown permission com.google.android.gm.exchange.BIND in package com.google.android.calendar
11-22 19:29:20.941  1789  2930 W PackageManager: Not granting permission android.permission.INTERACT_ACROSS_USERS_FULL to package com.motorola.onetimeinitializer (protectionLevel=258 flags=0x3808be45)
11-22 19:29:20.941  1789  2930 W PackageManager: Unknown permission com.android.launcher.permission.READ_SETTINGS in package com.motorola.onetimeinitializer
11-22 19:29:20.941  1789  2930 W PackageManager: Unknown permission com.android.launcher.permission.WRITE_SETTINGS in package com.motorola.onetimeinitializer
11-22 19:29:20.941  1789  2930 W PackageManager: Unknown permission com.android.launcher3.permission.READ_SETTINGS in package com.motorola.onetimeinitializer
11-22 19:29:20.941  1789  2930 W PackageManager: Unknown permission com.android.launcher3.permission.WRITE_SETTINGS in package com.motorola.onetimeinitializer
11-22 19:29:20.942  1789  2930 W PackageManager: Unknown permission com.android.launcher3.permission.READ_SETTINGS in package com.motorola.demo
11-22 19:29:20.942  1789  2930 W PackageManager: Unknown permission com.android.launcher3.permission.WRITE_SETTINGS in package com.motorola.demo
11-22 19:29:20.942  1789  2930 W PackageManager: Unknown permission com.android.launcher3.permission.RECEIVE_FIRST_LOAD_BROADCAST in package com.motorola.demo
11-22 19:29:20.942  1789  2930 W PackageManager: Unknown permission com.android.launcher.permission.READ_SETTINGS in package com.motorola.demo
11-22 19:29:20.942  1789  2930 W PackageManager: Unknown permission com.android.launcher.permission.WRITE_SETTINGS in package com.motorola.demo
11-22 19:29:20.942  1789  2930 W PackageManager: Unknown permission com.motorola.audiomonitor.permission.RETAILMODE in package com.motorola.demo
11-22 19:29:20.942  1789  2930 W PackageManager: Unknown permission com.motorola.audiomonitor.permission.STATE_CONTROL in package com.motorola.demo
11-22 19:29:20.942  1789  2930 W PackageManager: Unknown permission android.permission.SYSTEM_ERROR_WINDOW in package com.motorola.demo
11-22 19:29:20.942  1789  2930 W PackageManager: Unknown permission android.permission.SYSTEM_OVERLAY_WINDOW in package com.motorola.demo
11-22 19:29:20.942  1789  2930 W PackageManager: Unknown permission android.permission.WRITE_SDCARD in package com.motorola.demo
11-22 19:29:20.942  1789  2930 W PackageManager: Unknown permission com.motorola.android.permission.PORTALAPP_LOCAL in package com.motorola.demo
11-22 19:29:20.943  1789  2930 W PackageManager: Not granting permission android.permission.CONTROL_KEYGUARD to package com.google.android.gsf.login (protectionLevel=2 flags=0x3048be45)
11-22 19:29:20.943  1789  2930 W PackageManager: Unknown permission com.android.vending.billing.IBillingAccountService.BIND2 in package com.google.android.gsf.login
11-22 19:29:20.943  1789  2930 W PackageManager: Unknown permission com.android.email.permission.ACCESS_PROVIDER in package com.motorola.motocare.internal
11-22 19:29:20.943  1789  2930 W PackageManager: Not granting permission android.permission.GET_ACCOUNTS to package org.mozilla.firefox because it was previously installed without
11-22 19:29:20.943  1789  2930 W PackageManager: Not granting permission android.permission.ACCESS_FINE_LOCATION to package org.mozilla.firefox because it was previously installed without
11-22 19:29:20.943  1789  2930 W PackageManager: Not granting permission android.permission.READ_EXTERNAL_STORAGE to package org.mozilla.firefox because it was previously installed without
11-22 19:29:20.943  1789  2930 W PackageManager: Not granting permission android.permission.WRITE_EXTERNAL_STORAGE to package org.mozilla.firefox because it was previously installed without
11-22 19:29:20.943  1789  2930 W PackageManager: Not granting permission android.permission.RECORD_AUDIO to package org.mozilla.firefox because it was previously installed without
11-22 19:29:20.943  1789  2930 W PackageManager: Not granting permission android.permission.CAMERA to package org.mozilla.firefox because it was previously installed without
11-22 19:29:20.944  1789  2930 W PackageManager: Unknown permission com.android.launcher.permission.READ_SETTINGS in package com.android.settings
11-22 19:29:20.944  1789  2930 W PackageManager: Unknown permission com.android.launcher.permission.WRITE_SETTINGS in package com.android.settings
11-22 19:29:20.945  1789  2930 W PackageManager: Unknown permission com.qualcomm.permission.ACCESS_LOCATION_API in package com.qualcomm.location
11-22 19:29:20.945  1789  1802 I UsageStatsService: User[0] Rollover scheduled @ 2016-11-23 01:00:00(1479859200000)
11-22 19:29:20.945  1789  2930 W PackageManager: Unknown permission com.motorola.audiomonitor.permission.AOV_TTS_PLAY in package com.motorola.actions
11-22 19:29:20.945  1789  2930 W PackageManager: Not granting permission android.permission.WRITE_SECURE_SETTINGS to package com.motorola.actions (protectionLevel=50 flags=0x3848be85)
11-22 19:29:20.945  1789  2930 W PackageManager: Unknown permission com.motorola.permission.SINGLEHAND_CONTROL in package com.motorola.actions
11-22 19:29:20.945  1789  2930 W PackageManager: Unknown permission com.motorola.audiomonitor.permission.SETTINGS in package com.motorola.actions
11-22 19:29:20.945  1789  2930 W PackageManager: Unknown permission com.motorola.permission.POWER_PRESS in package com.motorola.actions
11-22 19:29:20.945  1789  2930 W PackageManager: Unknown permission com.motorola.permission.REQUEST_PERMISSIONS in package com.motorola.actions
11-22 19:29:20.946  1789  2930 W PackageManager: Not granting permission android.permission.REGISTER_CONNECTION_MANAGER to package com.google.android.talk (protectionLevel=18 flags=0x3849be45)
11-22 19:29:20.947  1789  2930 W PackageManager: Unknown permission com.android.smspush.WAPPUSH_MANAGER_BIND in package com.android.phone
11-22 19:29:20.948  1789  2930 W PackageManager: Unknown permission motorola.sprint.permission.READ_OMADM_RUNTIME_DATA in package com.android.systemui
11-22 19:29:20.948  1789  2930 W PackageManager: Unknown permission motorola.sprint.permission.WRITE_OMADM_RUNTIME_DATA in package com.android.systemui
11-22 19:29:20.948  1789  2930 W PackageManager: Unknown permission com.android.email.permission.READ_ATTACHMENT in package com.android.systemui
11-22 19:29:20.949  1789  2930 W PackageManager: Unknown permission com.motorola.sensorhub.permission.RAW_MSP430 in package com.motorola.motodisplay
11-22 19:29:20.949  1789  2930 W PackageManager: Unknown permission com.android.gallery3d.permission.GALLERY_PROVIDER in package com.android.bluetooth
11-22 19:29:20.950  1789  2930 W PackageManager: Unknown permission com.motorola.permission.CONNMO_SETTINGS in package com.motorola.android.dm.service
11-22 19:29:21.002  1789  2915 I ActivityManager: Config changes=8 {1.0 ?mcc?mnc de_DE ldltr sw360dp w360dp h568dp 320dpi nrml port finger -keyb/v/h -nav/h s.5?spn}
11-22 19:29:21.132  1789  2930 W MountService: No primary storage mounted!
11-22 19:29:21.132  1789  2930 D VoldConnector: SND -> {2 asec list}
11-22 19:29:21.132  1789  2931 D VoldConnector: RCV <- {200 2 asec operation succeeded}
11-22 19:29:21.146  1789  1789 I SystemServiceManager: Starting com.android.server.DeviceIdleController
11-22 19:29:21.149  1789  1789 I SystemServiceManager: Starting com.android.server.devicepolicy.DevicePolicyManagerService$Lifecycle
11-22 19:29:21.153  1789  1789 I SystemServer: Status Bar
11-22 19:29:21.157  1789  1789 I SystemServer: Clipboard Service
11-22 19:29:21.158  1789  1789 I SystemServer: NetworkManagement Service
11-22 19:29:21.163  1789  1789 I SystemServer: Text Service Manager Service
11-22 19:29:21.171  1789  1789 I SystemServer: Network Score Service
11-22 19:29:21.174  1789  1789 I SystemServer: NetworkStats Service
11-22 19:29:21.185  1789  1789 I SystemServer: NetworkPolicy Service
11-22 19:29:21.216  1789  1789 I SystemServiceManager: Starting com.android.server.wifi.p2p.WifiP2pService
11-22 19:29:21.262  1789  2949 D WifiP2pService: P2pDisabledState
11-22 19:29:21.264  1789  1789 I SystemServiceManager: Starting com.android.server.wifi.WifiService
11-22 19:29:21.363  1789  1789 W FileUtils: Failed to chmod(/data/misc/wifi/logs/fwpacket.log): android.system.ErrnoException: chmod failed: ENOENT (No such file or directory)
11-22 19:29:21.454  1789  1789 I SystemServiceManager: Starting com.android.server.wifi.WifiScanningService
11-22 19:29:21.456  1789  1789 I SystemServiceManager: Starting com.android.server.wifi.RttService
11-22 19:29:21.458  1789  1789 I SystemServiceManager: Starting com.android.server.ethernet.EthernetService
11-22 19:29:21.462  1789  1789 I SystemServer: Connectivity Service
11-22 19:29:21.465  1789  1789 D ConnectivityService: ConnectivityService starting up
11-22 19:29:21.470  1789  1789 D ConnectivityService: wifiOnly=false
11-22 19:29:21.470  1789  1789 E ConnectivityService: Error in networkAttributes - ignoring attempt to define type 36
11-22 19:29:21.470  1789  1789 E ConnectivityService: Error in networkAttributes - ignoring attempt to define type 37
11-22 19:29:21.470  1789  1789 E ConnectivityService: Ignoring protectedNetwork 14
11-22 19:29:21.470  1789  1789 E ConnectivityService: Ignoring protectedNetwork 15
11-22 19:29:21.480  1789  1789 I SystemServer: Network Service Discovery Service
11-22 19:29:21.482  1789  1789 D NsdService: Network service discovery enabled true
11-22 19:29:21.486  1789  1789 I SystemServer: UpdateLock Service
11-22 19:29:21.487  1789  1789 I SystemServiceManager: Starting com.android.server.notification.NotificationManagerService
11-22 19:29:21.512  1789  1789 D ConditionProviders: Subscribing to condition://android/event?userId=-10000&calendar=&reply=1 with ComponentInfo{android/com.android.server.notification.EventConditionProvider}
11-22 19:29:21.512  1789  1789 D ConditionProviders: Subscribing to condition://android/schedule?days=1.2.3.4.5&start=22.0&end=7.0 with ComponentInfo{android/com.android.server.notification.ScheduleConditionProvider}
11-22 19:29:21.512  1789  1789 D ConditionProviders: Subscribing to condition://android/schedule?days=6.7&start=23.30&end=10.0 with ComponentInfo{android/com.android.server.notification.ScheduleConditionProvider}
11-22 19:29:21.516  1789  1789 I SystemServiceManager: Starting com.android.server.storage.DeviceStorageMonitorService
11-22 19:29:21.518  1789  1789 I SystemServer: Location Manager
11-22 19:29:21.523  1789  1789 I SystemServer: Country Detector
11-22 19:29:21.526  1789  1789 I SystemServer: Search Service
11-22 19:29:21.528  1789  1789 I SystemServer: DropBox Service
11-22 19:29:21.529  1789  1789 I SystemServer: Starting Checkin Mot Service
11-22 19:29:21.534  1789  1789 I SystemServer: Wallpaper Service
11-22 19:29:21.538  1789  1789 I SystemServer: Audio Service
11-22 19:29:21.572  1789  1789 I SystemServiceManager: Starting com.android.server.DockObserver
11-22 19:29:21.574  1789  1789 I SystemServer: Wired Accessory Manager
11-22 19:29:21.575  1789  1789 W WiredAccessoryManager: This kernel does not have usb audio support
11-22 19:29:21.576  1789  1789 W WiredAccessoryManager: This kernel does not have HDMI audio support
11-22 19:29:21.576  1789  1789 I SystemServiceManager: Starting com.android.server.midi.MidiService$Lifecycle
11-22 19:29:21.583  1789  1789 I SystemServiceManager: Starting com.android.server.usb.UsbService$Lifecycle
11-22 19:29:21.596  1789  1789 I SystemServer: Serial Service
11-22 19:29:21.596  1789  1789 I SystemServiceManager: Starting com.android.server.twilight.TwilightService
11-22 19:29:21.599  1789  1789 I SystemServiceManager: Starting com.android.server.job.JobSchedulerService
11-22 19:29:21.605  1789  1789 D JobStore: job-info
11-22 19:29:21.607  1789  1789 W JobStore: Periodic job for uid='10082' persisted run-time is too big [14:34, 2562047788015:12:55]. Clamping to [24:00:20,48:00:20]
11-22 19:29:21.608  1789  1789 I SystemServiceManager: Starting com.android.server.backup.BackupManagerService$Lifecycle
11-22 19:29:21.610  1789  1789 I SystemServiceManager: Starting com.android.server.appwidget.AppWidgetService
11-22 19:29:21.613  1789  1789 I SystemServiceManager: Starting com.android.server.voiceinteraction.VoiceInteractionManagerService
11-22 19:29:21.615  1789  1789 W SoundTriggerHelper: listModules status=0, # of modules=0
11-22 19:29:21.616  1789  1789 I SystemServer: Gesture Launcher Service
11-22 19:29:21.616  1789  1789 I SystemServiceManager: Starting com.android.server.GestureLauncherService
11-22 19:29:21.617  1789  1789 I SystemServer: DiskStats Service
11-22 19:29:21.617  1789  1789 I SystemServer: SamplingProfiler Service
11-22 19:29:21.621  1789  1789 I SystemServer: NetworkTimeUpdateService
11-22 19:29:21.622  1789  1789 I SystemServer: CommonTimeManagementService
11-22 19:29:21.624  1789  1789 I SystemServer: CertBlacklister
11-22 19:29:21.625  1789  1789 I SystemServiceManager: Starting com.android.server.dreams.DreamManagerService
11-22 19:29:21.628  1789  1789 I SystemServer: Assets Atlas Service
11-22 19:29:21.634  1789  1789 I SystemServiceManager: Starting com.android.server.print.PrintManagerService
11-22 19:29:21.649  1789  1789 I SystemServiceManager: Starting com.android.server.restrictions.RestrictionsManagerService
11-22 19:29:21.654  1789  1789 I SystemServiceManager: Starting com.android.server.media.MediaSessionService
11-22 19:29:21.657  1789  2949 D WifiP2pService: P2pDisabledState{ when=0 what=69633 target=com.android.internal.util.StateMachine$SmHandler }
11-22 19:29:21.657  1789  2949 D WifiP2pService: DefaultState{ when=-1ms what=69633 target=com.android.internal.util.StateMachine$SmHandler }
11-22 19:29:21.660  1789  2949 D WifiP2pService: P2pDisabledState{ when=0 what=69632 obj=com.android.internal.util.AsyncChannel@a04b9e target=com.android.internal.util.StateMachine$SmHandler }
11-22 19:29:21.660  1789  2949 D WifiP2pService: DefaultState{ when=0 what=69632 obj=com.android.internal.util.AsyncChannel@a04b9e target=com.android.internal.util.StateMachine$SmHandler }
11-22 19:29:21.660  1789  2949 D WifiP2pService: Full connection with WifiStateMachine established
11-22 19:29:21.661  1789  1789 I SystemServer: Media Router Service
11-22 19:29:21.664  1789  1789 I SystemServiceManager: Starting com.android.server.trust.TrustManagerService
11-22 19:29:21.670  1789  1789 I SystemServiceManager: Starting com.android.server.fingerprint.FingerprintService
11-22 19:29:21.674  1789  1789 W FingerprintService: fingerprint service not available
11-22 19:29:21.674  1789  1789 V FingerprintService: Fingerprint HAL id: 0
11-22 19:29:21.674  1789  1789 I SystemServer: BackgroundDexOptService
11-22 19:29:21.676  1789  1789 I SystemServiceManager: Starting com.android.server.pm.LauncherAppsService
11-22 19:29:21.681  1789  1789 I SystemServiceManager: Starting com.motorola.server.MotoPersDataBlockService
11-22 19:29:21.684  1789  1789 I SystemServiceManager: Starting com.android.server.media.projection.MediaProjectionManagerService
11-22 19:29:21.696  1789  1789 I SystemServiceManager: Starting com.android.server.MmsServiceBroker
11-22 19:29:21.733  1789  1789 E LockSettingsStorage: Cannot read file java.io.FileNotFoundException: /data/system/gatekeeper.gesture.key: open failed: ENOENT (No such file or directory)
11-22 19:29:21.734  1789  1789 I SystemServiceManager: Starting phase 480
11-22 19:29:21.745  1789  1789 I SystemServiceManager: Starting phase 500
11-22 19:29:21.748  1789  1789 W DeviceIdleController: Fallback to use FlatMotionDetector
11-22 19:29:21.750  1789  1789 I WifiService: WifiService starting up with Wi-Fi enabled
11-22 19:29:21.752  1789  1789 D WifiService: setWifiEnabled: true pid=1789, uid=1000
11-22 19:29:21.752  1789  1789 E WifiService: Invoking mWifiStateMachine.setWifiEnabled
11-22 19:29:21.756  1789  2954 D WifiService: New client listening to asynchronous messages
11-22 19:29:21.765  1789  2955 D ConnectivityService: Got NetworkFactory Messenger for Ethernet
11-22 19:29:21.776  1789  1789 V BackupManagerService: No ancestral data
11-22 19:29:21.806  1789  1789 I BackupManagerService: Package Senioren.SeniorenApp not installed; dropping from full backup
11-22 19:29:21.806  1789  1789 I BackupManagerService: Package SeniorenApp.SeniorenApp not installed; dropping from full backup
11-22 19:29:21.834  1789  1789 V KeyValueBackupJob: Scheduling k/v pass in 247 minutes
11-22 19:29:21.856  1789  1789 V BackupManagerService: Starting with transport com.google.android.gms/.backup.BackupTransportService
11-22 19:29:21.857  1789  1789 V BackupManagerService: Found transports: 2
11-22 19:29:21.857  1789  1789 I BackupManagerService: Binding to transport host ComponentInfo{android/com.android.internal.backup.LocalTransportService}
11-22 19:29:21.861  1789  1789 I BackupManagerService: Binding to transport host ComponentInfo{com.google.android.gms/com.google.android.gms.backup.BackupTransportService}
11-22 19:29:21.862  1789  1789 I BackupManagerService: Found stale backup journal, scheduling
11-22 19:29:21.887  1789  1811 W KeyguardServiceDelegate: onScreenTurningOn(): no keyguard service!
11-22 19:29:21.895  1789  1789 I ActivityManager: System now ready
11-22 19:29:21.898  1789  1789 I SystemServer: Making services ready
11-22 19:29:21.898  1789  1789 I SystemServiceManager: Starting phase 550
11-22 19:29:21.900  1789  2930 D MountService: Thinking about reset, mSystemReady=true, mDaemonConnected=true
11-22 19:29:21.900  1789  2930 D VoldConnector: SND -> {3 volume reset}
11-22 19:29:21.900  1789  1803 I ActivityManager: Force stopping com.android.providers.media appid=10014 user=-1: vold reset
11-22 19:29:21.901  1789  2931 D VoldConnector: RCV <- {651 emulated 7}
11-22 19:29:21.901  1789  2931 D VoldConnector: RCV <- {659 emulated}
11-22 19:29:21.901  1789  1789 D UsbAlsaManager: Adding ALSA device AlsaDevice: [card: 0, device: 0, type: 2]
11-22 19:29:21.901  1789  1789 D UsbAlsaManager: Adding ALSA device AlsaDevice: [card: 0, device: 0, type: 1]
11-22 19:29:21.901  1789  1789 D UsbAlsaManager: Adding ALSA device AlsaDevice: [card: 0, device: 1, type: 2]
11-22 19:29:21.901  1789  2931 D VoldConnector: RCV <- {650 emulated 2 "" ""}
11-22 19:29:21.901  1789  1789 D UsbAlsaManager: Adding ALSA device AlsaDevice: [card: 0, device: 1, type: 1]
11-22 19:29:21.901  1789  1789 D UsbAlsaManager: Adding ALSA device AlsaDevice: [card: 0, device: 2, type: 2]
11-22 19:29:21.901  1789  1789 D UsbAlsaManager: Adding ALSA device AlsaDevice: [card: 0, device: 2, type: 1]
11-22 19:29:21.901  1789  1789 D UsbAlsaManager: Adding ALSA device AlsaDevice: [card: 0, device: 3, type: 2]
11-22 19:29:21.901  1789  2931 D VoldConnector: RCV <- {651 emulated 0}
11-22 19:29:21.901  1789  1789 D UsbAlsaManager: Adding ALSA device AlsaDevice: [card: 0, device: 3, type: 1]
11-22 19:29:21.901  1789  1789 D UsbAlsaManager: Adding ALSA device AlsaDevice: [card: 0, device: 4, type: 1]
11-22 19:29:21.901  1789  1789 D UsbAlsaManager: Adding ALSA device AlsaDevice: [card: 0, device: 5, type: 1]
11-22 19:29:21.901  1789  1789 D UsbAlsaManager: Adding ALSA device AlsaDevice: [card: 0, device: 6, type: 2]
11-22 19:29:21.901  1789  2931 D VoldConnector: RCV <- {200 3 Command succeeded}
11-22 19:29:21.901  1789  1789 D UsbAlsaManager: Adding ALSA device AlsaDevice: [card: 0, device: 6, type: 1]
11-22 19:29:21.901  1789  1789 D UsbAlsaManager: Adding ALSA device AlsaDevice: [card: 0, device: 7, type: 1]
11-22 19:29:21.901  1789  1789 D UsbAlsaManager: Adding ALSA device AlsaDevice: [card: 0, device: 8, type: 2]
11-22 19:29:21.901  1789  1789 D UsbAlsaManager: Adding ALSA device AlsaDevice: [card: 0, device: 10, type: 2]
11-22 19:29:21.901  1789  1789 D UsbAlsaManager: Adding ALSA device AlsaDevice: [card: 0, device: 10, type: 1]
11-22 19:29:21.901  1789  1789 D UsbAlsaManager: Adding ALSA device AlsaDevice: [card: 0, device: 11, type: 2]
11-22 19:29:21.901  1789  1789 D UsbAlsaManager: Adding ALSA device AlsaDevice: [card: 0, device: 12, type: 2]
11-22 19:29:21.901  1789  1789 D UsbAlsaManager: Adding ALSA device AlsaDevice: [card: 0, device: 12, type: 1]
11-22 19:29:21.901  1789  1789 D UsbAlsaManager: Adding ALSA device AlsaDevice: [card: 0, device: 13, type: 2]
11-22 19:29:21.901  1789  1789 D UsbAlsaManager: Adding ALSA device AlsaDevice: [card: 0, device: 13, type: 1]
11-22 19:29:21.901  1789  1789 D UsbAlsaManager: Adding ALSA device AlsaDevice: [card: 0, device: 14, type: 2]
11-22 19:29:21.901  1789  1789 D UsbAlsaManager: Adding ALSA device AlsaDevice: [card: 0, device: 14, type: 1]
11-22 19:29:21.902  1789  1789 D UsbAlsaManager: Adding ALSA device AlsaDevice: [card: 0, device: 15, type: 2]
11-22 19:29:21.902  1789  1789 D UsbAlsaManager: Adding ALSA device AlsaDevice: [card: 0, device: 15, type: 1]
11-22 19:29:21.902  1789  1789 D UsbAlsaManager: Adding ALSA device AlsaDevice: [card: 0, device: 16, type: 2]
11-22 19:29:21.902  1789  1789 D UsbAlsaManager: Adding ALSA device AlsaDevice: [card: 0, device: 16, type: 1]
11-22 19:29:21.902  1789  1789 D UsbAlsaManager: Adding ALSA device AlsaDevice: [card: 0, device: 17, type: 2]
11-22 19:29:21.902  1789  1789 D UsbAlsaManager: Adding ALSA device AlsaDevice: [card: 0, device: 17, type: 1]
11-22 19:29:21.902  1789  1789 D UsbAlsaManager: Adding ALSA device AlsaDevice: [card: 0, device: 18, type: 2]
11-22 19:29:21.902  1789  1789 D UsbAlsaManager: Adding ALSA device AlsaDevice: [card: 0, device: 18, type: 1]
11-22 19:29:21.902  1789  1789 D UsbAlsaManager: Adding ALSA device AlsaDevice: [card: 0, device: 19, type: 2]
11-22 19:29:21.902  1789  2930 D VoldConnector: SND -> {4 volume user_added 0 0}
11-22 19:29:21.902  1789  1789 D UsbAlsaManager: Adding ALSA device AlsaDevice: [card: 0, device: 20, type: 2]
11-22 19:29:21.902  1789  1789 D UsbAlsaManager: Adding ALSA device AlsaDevice: [card: 0, device: 21, type: 2]
11-22 19:29:21.902  1789  1789 D UsbAlsaManager: Adding ALSA device AlsaDevice: [card: 0, device: 22, type: 2]
11-22 19:29:21.902  1789  1789 D UsbAlsaManager: Adding ALSA device AlsaDevice: [card: 0, device: 23, type: 2]
11-22 19:29:21.902  1789  1789 D UsbAlsaManager: Adding ALSA device AlsaDevice: [card: 0, device: 25, type: 1]
11-22 19:29:21.902  1789  2931 D VoldConnector: RCV <- {200 4 Command succeeded}
11-22 19:29:21.905  1789  1789 I SystemServer: WebViewFactory preparation
11-22 19:29:21.906  1789  1805 V MountService: Found primary storage at VolumeInfo{emulated}:
11-22 19:29:21.906  1789  1805 V MountService:     type=EMULATED diskId=null partGuid=null mountFlags=0 mountUserId=-1 
11-22 19:29:21.906  1789  1805 V MountService:     state=UNMOUNTED 
11-22 19:29:21.906  1789  1805 V MountService:     fsType=null fsUuid=null fsLabel=null 
11-22 19:29:21.906  1789  1805 V MountService:     path=null internalPath=null 
11-22 19:29:21.906  1789  2930 D VoldConnector: SND -> {5 volume mount emulated 3 -1}
11-22 19:29:21.908  1789  2931 D VoldConnector: RCV <- {651 emulated 1}
11-22 19:29:21.908  1789  2931 D VoldConnector: RCV <- {656 emulated /data/media}
11-22 19:29:21.908  1789  2931 D VoldConnector: RCV <- {655 emulated /storage/emulated}
11-22 19:29:21.908  1789  2931 D VoldConnector: RCV <- {651 emulated 2}
11-22 19:29:21.908  1789  2931 D VoldConnector: RCV <- {200 5 Command succeeded}
11-22 19:29:21.933  1789  1803 I ActivityManager: Start proc 2975:android.process.media/u0a14 for broadcast com.android.providers.media/.MtpReceiver
11-22 19:29:21.945  1789  1789 I ActivityManager: Start proc 2987:WebViewLoader-armeabi-v7a/1037 [android.webkit.WebViewFactory$RelroFileCreator] for 
11-22 19:29:21.957  1789  1803 I ActivityManager: Start proc 2999:com.android.externalstorage/u0a15 for broadcast com.android.externalstorage/.MountReceiver
11-22 19:29:21.969  1789  1789 I ActivityManager: Start proc 3010:com.android.systemui/u0a45 for service com.android.systemui/.SystemUIService
11-22 19:29:21.993  1789  1789 I ActivityManager: Start proc 3021:com.motorola.process.slpc/1000 for service com.motorola.slpc_sys/.SlpcSystem
11-22 19:29:21.994  1789  1789 D NetworkManagement: enabling bandwidth control
11-22 19:29:22.062  1789  1800 I ActivityManager: Start proc 3063:com.motorola.slpc/u0a43 for service com.motorola.slpc/.ModalityService
11-22 19:29:22.164  1789  2954 D WifiService: New client listening to asynchronous messages
11-22 19:29:22.564  1789  3062 I StatusBarManagerService: registerStatusBar bar=com.android.internal.statusbar.IStatusBar$Stub$Proxy@8513a75
11-22 19:29:22.685  1789  2954 D WifiService: New client listening to asynchronous messages
11-22 19:29:22.743   258   712 I SFPerfTracer:      triggers: (rate: 0:0) (0 sw vsyncs) (0 skipped) (2:207 vsyncs) (4:413)
11-22 19:29:22.888  1789  1804 W WindowManager: Keyguard drawn timeout. Setting mKeyguardDrawComplete
11-22 19:29:22.916  1789  1799 D ConnectivityService: listenForNetwork for Listen from uid/pid:10045/3010 for NetworkRequest [ id=3, legacyType=-1, [] ]
11-22 19:29:22.995  1789  1800 I ActivityManager: Start proc 3347:android.process.acore/u0a8 for content provider com.android.providers.contacts/.ContactsProvider2
11-22 19:29:23.131  1789  1789 E NetdConnector: NDC Command {3 strict enable} took too long (710ms)
11-22 19:29:23.132  1789  2950 E NetdConnector: NDC Command {4 softap fwreload wlan0 STA} took too long (584ms)
11-22 19:29:23.185  1789  1803 I ActivityManager: Start proc 3422:com.motorola.modemservice/1000 for broadcast com.motorola.bach.modemstats/.ModemStatsReceiver
11-22 19:29:23.195   258   258 I SFPerfTracer:       trigger: frame rate (-58.873%)	(24.676 fps)	(40.525 ms) 	(55 drops)	(58 frames)
11-22 19:29:23.195   258   258 I SFPerfTracer:      triggers: (rate: 3:204) (compose: 0:1) (post: 0:0) (render: 0:1) (58:215 frames) (59:222)
11-22 19:29:23.195   258   258 D SFPerfTracer:        layers: (1:4) (BootAnimation (0xb8ee1c10): 57:218) (FocusedStackFrame (0xb8efb238): 1:1)* 
11-22 19:29:23.254  1789  2954 D WifiService: New client listening to asynchronous messages
11-22 19:29:23.433  1789  1789 I SystemServiceManager: Starting phase 600
11-22 19:29:23.438  1789  2914 V AlarmManager: sending alarm {493f3d9 type 3 *alarm*:com.android.server.action.NETWORK_STATS_POLL}
11-22 19:29:23.442  1789  2914 V AlarmManager: sending alarm {eef4511 type 3 *alarm*:android.content.jobscheduler.JOB_DELAY_EXPIRED}
11-22 19:29:23.443  1789  1789 I BackupManagerService: Backup enabled => false
11-22 19:29:23.453  1789  1789 E InputMethodManagerService: Ignoring updateSystemUiLocked due to an invalid token. uid:1000 token:null
11-22 19:29:23.513  1789  1789 I ActivityManager: Start proc 3555:com.google.android.inputmethod.latin/u0a79 for service com.google.android.inputmethod.latin/com.android.inputmethod.latin.LatinIME
11-22 19:29:23.513  1789  1789 V InputMethodManagerService: Adding window token: android.os.Binder@b8bebae
11-22 19:29:23.662  1789  1789 E LocationManagerService: Hardware Activity-Recognition not supported.
11-22 19:29:23.672  1789  1789 W ContextImpl: Calling a method in the system process without a qualified user: android.app.ContextImpl.bindService:1285 com.android.server.location.GeoFencerProxy.<init>:111 com.android.server.location.GeoFencerProxy.getGeoFencerProxy:96 com.android.server.LocationManagerService.loadProvidersLocked:833 com.android.server.LocationManagerService.systemRunning:550 
11-22 19:29:23.686  1789  1789 I ActivityManager: Start proc 3611:com.motorola.process.system/1000 for service com.motorola.motgeofencesvc/.MotGeoFenceSvc
11-22 19:29:23.701  1789  1789 I MmsServiceBroker: Delay connecting to MmsService until an API is called
11-22 19:29:23.703  1789  1789 D MountService: onStartUser 0
11-22 19:29:23.703  1789  1789 D VoldConnector: SND -> {6 volume user_started 0}
11-22 19:29:23.703   220   227 D vold    : Linking /storage/emulated/0 to /mnt/user/0/primary
11-22 19:29:23.706  1789  2931 D VoldConnector: RCV <- {200 6 Command succeeded}
11-22 19:29:23.708  1789  2930 D MountService: Volume emulated broadcasting mounted to UserHandle{0}
11-22 19:29:23.713  1789  2949 D WifiP2pService: P2pDisabledState{ when=-2ms what=131203 target=com.android.internal.util.StateMachine$SmHandler }
11-22 19:29:23.718  1789  2949 D WifiP2pService: P2pEnablingState
11-22 19:29:23.718  1789  2949 D WifiP2pService: P2pEnablingState{ when=0 what=147457 target=com.android.internal.util.StateMachine$SmHandler }
11-22 19:29:23.718  1789  2949 D WifiP2pService: P2p socket connection successful
11-22 19:29:23.719  1789  2949 D WifiP2pService: P2pEnabledState
11-22 19:29:23.735  1789  1789 I ActivityManager: Start proc 3627:com.android.phone/1001 for added application com.android.phone
