12-02 22:21:35.032  1789  1808 I chatty  : uid=1000(system) android.display expire 2 lines
12-02 22:21:35.065  1789  2902 I chatty  : uid=1000(system) AlarmManager expire 10 lines
12-02 22:21:35.264   259   706 I chatty  : uid=1000(system) EventThread expire 1 line
12-02 22:21:35.312   309  1753 E NetlinkEvent: NetlinkEvent::FindParam(): Parameter 'UID' not found
12-02 22:21:38.110  1789  2956 I chatty  : uid=1000(system) ConnectivitySer expire 3 lines
12-02 22:21:45.004  1789  1811 I chatty  : uid=1000(system) PowerManagerSer expire 3 lines
12-02 22:21:45.719   259   259 I chatty  : uid=1000(system) /system/bin/surfaceflinger expire 2 lines
12-02 22:22:20.127   309  1753 E NetlinkEvent: NetlinkEvent::FindParam(): Parameter 'UID' not found
12-02 22:22:20.210  3011  3011 D StatusBarKeyguardViewManager: showKeyguard, but hide Bouncer
12-02 22:29:14.130   309  1753 E NetlinkEvent: NetlinkEvent::FindParam(): Parameter 'UID' not found
12-02 22:29:14.136  1789  1789 I chatty  : uid=1000 system_server expire 16 lines
12-02 22:30:20.125  1789  2902 I chatty  : uid=1000(system) AlarmManager expire 14 lines
12-02 22:30:20.125   309  1753 E NetlinkEvent: NetlinkEvent::FindParam(): Parameter 'UID' not found
12-02 22:55:38.260   309  1753 E NetlinkEvent: NetlinkEvent::FindParam(): Parameter 'UID' not found
12-02 22:55:38.277  1789  1789 I chatty  : uid=1000 system_server expire 8 lines
12-02 22:57:40.755   309  1753 E NetlinkEvent: NetlinkEvent::FindParam(): Parameter 'UID' not found
12-02 22:58:16.133  1789  2902 I chatty  : uid=1000(system) AlarmManager expire 15 lines
12-02 22:58:16.138   309  1753 E NetlinkEvent: NetlinkEvent::FindParam(): Parameter 'UID' not found
12-02 22:58:16.705  1789  5399 I chatty  : uid=1000(system) Binder_A expire 4 lines
12-02 23:00:01.143   309  1753 E NetlinkEvent: NetlinkEvent::FindParam(): Parameter 'UID' not found
12-02 23:02:20.226   309  1753 E NetlinkEvent: NetlinkEvent::FindParam(): Parameter 'UID' not found
12-02 23:11:57.145   309  1753 E NetlinkEvent: NetlinkEvent::FindParam(): Parameter 'UID' not found
12-02 23:11:57.154  1789  2902 I chatty  : uid=1000(system) AlarmManager expire 10 lines
12-02 23:11:57.155  1789  1789 I chatty  : uid=1000 system_server expire 15 lines
12-02 23:11:57.353   309  1753 E NetlinkEvent: NetlinkEvent::FindParam(): Parameter 'UID' not found
12-02 23:12:16.159   309  1753 E NetlinkEvent: NetlinkEvent::FindParam(): Parameter 'UID' not found
12-02 23:14:21.158  1789  1789 I chatty  : uid=1000 system_server expire 11 lines
12-02 23:15:58.082   309  1753 E NetlinkEvent: NetlinkEvent::FindParam(): Parameter 'UID' not found
12-02 23:15:58.082   309  1753 E NetlinkEvent: NetlinkEvent::FindParam(): Parameter 'UID' not found
12-02 23:15:59.925   309  1753 E NetlinkEvent: NetlinkEvent::FindParam(): Parameter 'UID' not found
12-02 23:17:31.478   309  1753 E NetlinkEvent: NetlinkEvent::FindParam(): Parameter 'UID' not found
12-02 23:27:18.158   309  1753 E NetlinkEvent: NetlinkEvent::FindParam(): Parameter 'UID' not found
12-02 23:27:18.160  1789  2902 I chatty  : uid=1000(system) AlarmManager expire 26 lines
12-02 23:30:00.148   309  1753 E NetlinkEvent: NetlinkEvent::FindParam(): Parameter 'UID' not found
12-02 23:30:00.198  1789  1789 I chatty  : uid=1000 system_server expire 22 lines
12-02 23:30:20.199  1789  3724 I chatty  : uid=1000(system) Binder_8 expire 5 lines
12-02 23:31:19.262   309  1753 E NetlinkEvent: NetlinkEvent::FindParam(): Parameter 'UID' not found
12-02 23:31:19.262   309  1753 E NetlinkEvent: NetlinkEvent::FindParam(): Parameter 'UID' not found
12-02 23:52:20.087  1789  1802 I chatty  : uid=1000(system) android.bg expire 6 lines
12-02 23:55:40.044   309  1753 E NetlinkEvent: NetlinkEvent::FindParam(): Parameter 'UID' not found
12-02 23:55:40.084  1789  1789 I chatty  : uid=1000 system_server expire 10 lines
12-02 23:56:19.033  1789  2902 I chatty  : uid=1000(system) AlarmManager expire 25 lines
12-02 23:56:19.035   309  1753 E NetlinkEvent: NetlinkEvent::FindParam(): Parameter 'UID' not found
12-02 23:56:19.100   309  1753 E NetlinkEvent: NetlinkEvent::FindParam(): Parameter 'UID' not found
12-03 00:00:01.037   309  1753 E NetlinkEvent: NetlinkEvent::FindParam(): Parameter 'UID' not found
12-03 00:00:01.423   309  1753 E NetlinkEvent: NetlinkEvent::FindParam(): Parameter 'UID' not found
12-03 00:02:20.040   309  1753 E NetlinkEvent: NetlinkEvent::FindParam(): Parameter 'UID' not found
12-03 00:25:20.060   309  1753 E NetlinkEvent: NetlinkEvent::FindParam(): Parameter 'UID' not found
12-03 00:28:08.785   309  1753 E NetlinkEvent: NetlinkEvent::FindParam(): Parameter 'UID' not found
12-03 00:28:09.730   309  1753 E NetlinkEvent: NetlinkEvent::FindParam(): Parameter 'UID' not found
12-03 00:28:27.942   309  1753 E NetlinkEvent: NetlinkEvent::FindParam(): Parameter 'UID' not found
12-03 00:30:20.051  1789  1789 I chatty  : uid=1000 system_server expire 17 lines
12-03 00:32:10.251   309  1753 E NetlinkEvent: NetlinkEvent::FindParam(): Parameter 'UID' not found
12-03 00:32:10.256   309  1753 E NetlinkEvent: NetlinkEvent::FindParam(): Parameter 'UID' not found
12-03 00:33:44.866   309  1753 E NetlinkEvent: NetlinkEvent::FindParam(): Parameter 'UID' not found
12-03 00:33:44.869   309  1753 E NetlinkEvent: NetlinkEvent::FindParam(): Parameter 'UID' not found
12-03 00:33:46.094   309  1753 E NetlinkEvent: NetlinkEvent::FindParam(): Parameter 'UID' not found
12-03 00:36:57.048   309  1753 E NetlinkEvent: NetlinkEvent::FindParam(): Parameter 'UID' not found
12-03 00:36:57.154   309  1753 E NetlinkEvent: NetlinkEvent::FindParam(): Parameter 'UID' not found
12-03 00:36:57.453  1789  5593 I chatty  : uid=1000(system) Binder_C expire 1 line
12-03 00:37:02.213  1789  5592 I chatty  : uid=1000(system) Binder_B expire 4 lines
12-03 00:37:02.220   220   229 E Cryptfs : not running with encryption, aborting
12-03 00:37:02.220  1789  2920 I chatty  : uid=1000(system) CryptdConnector expire 1 line
12-03 00:37:12.232  1789  4628 I chatty  : uid=1000(system) Binder_9 expire 2 lines
12-03 00:37:12.377  1789  8868 I chatty  : uid=1000(system) Binder_E expire 1 line
12-03 00:37:12.377  1789  2955 I chatty  : uid=1000(system) WifiService expire 2 lines
12-03 00:37:12.377  1789  2956 I chatty  : uid=1000(system) ConnectivitySer expire 2 lines
12-03 00:37:19.626   309  1753 E NetlinkEvent: NetlinkEvent::FindParam(): Parameter 'UID' not found
12-03 00:37:19.632  1789  1799 I chatty  : uid=1000(system) Binder_1 expire 3 lines
12-03 00:37:19.906   309  1753 E NetlinkEvent: NetlinkEvent::FindParam(): Parameter 'UID' not found
12-03 00:37:35.107   309  1753 E NetlinkEvent: NetlinkEvent::FindParam(): Parameter 'UID' not found
12-03 00:40:58.879   309  1753 E NetlinkEvent: NetlinkEvent::FindParam(): Parameter 'UID' not found
12-03 00:40:58.887   309  1753 E NetlinkEvent: NetlinkEvent::FindParam(): Parameter 'UID' not found
12-03 00:40:58.932   309  1753 E NetlinkEvent: NetlinkEvent::FindParam(): Parameter 'UID' not found
12-03 00:41:59.983  1789  2902 I chatty  : uid=1000(system) AlarmManager expire 11 lines
12-03 00:41:59.985   309  1753 E NetlinkEvent: NetlinkEvent::FindParam(): Parameter 'UID' not found
12-03 00:41:59.993  1789  1789 I chatty  : uid=1000 system_server expire 12 lines
12-03 00:42:00.316  1789  3018 I chatty  : uid=1000(system) Binder_3 expire 2 lines
12-03 00:54:21.126   309  1753 E NetlinkEvent: NetlinkEvent::FindParam(): Parameter 'UID' not found
12-03 00:55:41.054  1789  2902 I chatty  : uid=1000(system) AlarmManager expire 10 lines
12-03 00:55:41.056   309  1753 E NetlinkEvent: NetlinkEvent::FindParam(): Parameter 'UID' not found
12-03 00:55:41.283   309  1753 E NetlinkEvent: NetlinkEvent::FindParam(): Parameter 'UID' not found
12-03 00:55:41.297  1789  1789 I chatty  : uid=1000 system_server expire 10 lines
12-03 01:02:20.059   309  1753 E NetlinkEvent: NetlinkEvent::FindParam(): Parameter 'UID' not found
12-03 01:23:23.082   309  1753 E NetlinkEvent: NetlinkEvent::FindParam(): Parameter 'UID' not found
12-03 01:30:20.081   309  1753 E NetlinkEvent: NetlinkEvent::FindParam(): Parameter 'UID' not found
12-03 01:52:25.092   309  1753 E NetlinkEvent: NetlinkEvent::FindParam(): Parameter 'UID' not found
12-03 01:55:43.077   309  1753 E NetlinkEvent: NetlinkEvent::FindParam(): Parameter 'UID' not found
12-03 01:55:43.131   309  1753 E NetlinkEvent: NetlinkEvent::FindParam(): Parameter 'UID' not found
12-03 02:00:01.078   309  1753 E NetlinkEvent: NetlinkEvent::FindParam(): Parameter 'UID' not found
12-03 02:00:01.312  1789  8867 I chatty  : uid=1000(system) Binder_D expire 5 lines
12-03 02:14:57.063   309  1753 E NetlinkEvent: NetlinkEvent::FindParam(): Parameter 'UID' not found
12-03 02:14:57.067   309  1753 E NetlinkEvent: NetlinkEvent::FindParam(): Parameter 'UID' not found
12-03 02:14:57.978   309  1753 E NetlinkEvent: NetlinkEvent::FindParam(): Parameter 'UID' not found
12-03 02:20:15.320   309  1753 E NetlinkEvent: NetlinkEvent::FindParam(): Parameter 'UID' not found
12-03 02:20:16.249   309  1753 E NetlinkEvent: NetlinkEvent::FindParam(): Parameter 'UID' not found
12-03 02:21:26.087  1789  2902 I chatty  : uid=1000(system) AlarmManager expire 10 lines
12-03 02:21:26.094   309  1753 E NetlinkEvent: NetlinkEvent::FindParam(): Parameter 'UID' not found
12-03 02:21:26.104   309  1753 E NetlinkEvent: NetlinkEvent::FindParam(): Parameter 'UID' not found
12-03 02:21:26.106  1789  1789 I chatty  : uid=1000 system_server expire 11 lines
12-03 02:22:20.084   309  1753 E NetlinkEvent: NetlinkEvent::FindParam(): Parameter 'UID' not found
12-03 02:30:06.758  3495  3495 I chatty  : uid=1000(system) com.motorola.modemservice expire 2 lines
12-03 02:30:06.759  1789  1803 I chatty  : uid=1000(system) ActivityManager expire 4 lines
12-03 02:30:08.273  1789  3510 I chatty  : uid=1000(system) Binder_5 expire 1 line
12-03 02:30:08.332   309  1753 E NetlinkEvent: NetlinkEvent::FindParam(): Parameter 'UID' not found
12-03 02:30:09.081  1789  3693 I chatty  : uid=1000(system) Binder_7 expire 4 lines
12-03 02:32:19.428   309  1753 E NetlinkEvent: NetlinkEvent::FindParam(): Parameter 'UID' not found
12-03 02:41:06.704   309  1753 E NetlinkEvent: NetlinkEvent::FindParam(): Parameter 'UID' not found
12-03 02:41:07.661  1789  3019 I chatty  : uid=1000(system) Binder_4 expire 1 line
12-03 02:41:07.960  1789  1800 I chatty  : uid=1000(system) Binder_2 expire 2 lines
12-03 02:41:12.249  1789  3692 I chatty  : uid=1000(system) Binder_6 expire 1 line
12-03 02:41:23.316  1789  2902 I chatty  : uid=1000(system) AlarmManager expire 10 lines
12-03 02:41:23.329  1789  1789 I chatty  : uid=1000 system_server expire 10 lines
12-03 02:41:38.714   309  1753 E NetlinkEvent: NetlinkEvent::FindParam(): Parameter 'UID' not found
12-03 02:41:38.723  1789  1800 I chatty  : uid=1000(system) Binder_2 expire 9 lines
12-03 02:45:07.595   309  1753 E NetlinkEvent: NetlinkEvent::FindParam(): Parameter 'UID' not found
12-03 02:45:07.601   309  1753 E NetlinkEvent: NetlinkEvent::FindParam(): Parameter 'UID' not found
12-03 02:45:07.749   309  1753 E NetlinkEvent: NetlinkEvent::FindParam(): Parameter 'UID' not found
12-03 02:45:24.377   309  1753 E NetlinkEvent: NetlinkEvent::FindParam(): Parameter 'UID' not found
12-03 02:45:24.410   309  1753 E NetlinkEvent: NetlinkEvent::FindParam(): Parameter 'UID' not found
12-03 02:50:26.381   309  1753 E NetlinkEvent: NetlinkEvent::FindParam(): Parameter 'UID' not found
12-03 02:50:26.391   309  1753 E NetlinkEvent: NetlinkEvent::FindParam(): Parameter 'UID' not found
12-03 02:51:07.437   309  1753 E NetlinkEvent: NetlinkEvent::FindParam(): Parameter 'UID' not found
12-03 02:51:07.437  1789  2902 I chatty  : uid=1000(system) AlarmManager expire 11 lines
12-03 02:51:07.450  1789  1789 I chatty  : uid=1000 system_server expire 12 lines
12-03 02:51:07.459   309  1753 E NetlinkEvent: NetlinkEvent::FindParam(): Parameter 'UID' not found
12-03 02:51:08.986  1789  5593 I chatty  : uid=1000(system) Binder_C expire 3 lines
12-03 02:52:19.444   309  1753 E NetlinkEvent: NetlinkEvent::FindParam(): Parameter 'UID' not found
12-03 02:55:44.647   309  1753 E NetlinkEvent: NetlinkEvent::FindParam(): Parameter 'UID' not found
12-03 03:02:19.448   309  1753 E NetlinkEvent: NetlinkEvent::FindParam(): Parameter 'UID' not found
12-03 03:19:27.461   309  1753 E NetlinkEvent: NetlinkEvent::FindParam(): Parameter 'UID' not found
12-03 03:22:19.456   309  1753 E NetlinkEvent: NetlinkEvent::FindParam(): Parameter 'UID' not found
12-03 03:27:42.961   309  1753 E NetlinkEvent: NetlinkEvent::FindParam(): Parameter 'UID' not found
12-03 03:27:42.964   309  1753 E NetlinkEvent: NetlinkEvent::FindParam(): Parameter 'UID' not found
12-03 03:27:44.191   309  1753 E NetlinkEvent: NetlinkEvent::FindParam(): Parameter 'UID' not found
12-03 03:30:19.458   309  1753 E NetlinkEvent: NetlinkEvent::FindParam(): Parameter 'UID' not found
12-03 03:32:19.450  1789  1803 I chatty  : uid=1000(system) ActivityManager expire 6 lines
12-03 03:33:04.293   309  1753 E NetlinkEvent: NetlinkEvent::FindParam(): Parameter 'UID' not found
12-03 03:33:04.298   309  1753 E NetlinkEvent: NetlinkEvent::FindParam(): Parameter 'UID' not found
12-03 03:33:05.216   309  1753 E NetlinkEvent: NetlinkEvent::FindParam(): Parameter 'UID' not found
12-03 03:42:19.462   309  1753 E NetlinkEvent: NetlinkEvent::FindParam(): Parameter 'UID' not found
12-03 03:48:28.458  1789  2902 I chatty  : uid=1000(system) AlarmManager expire 10 lines
12-03 03:48:28.469   309  1753 E NetlinkEvent: NetlinkEvent::FindParam(): Parameter 'UID' not found
12-03 03:48:28.474  1789  1789 I chatty  : uid=1000 system_server expire 10 lines
12-03 03:52:19.465   309  1753 E NetlinkEvent: NetlinkEvent::FindParam(): Parameter 'UID' not found
12-03 03:55:46.506   309  1753 E NetlinkEvent: NetlinkEvent::FindParam(): Parameter 'UID' not found
12-03 04:02:18.461   309  1753 E NetlinkEvent: NetlinkEvent::FindParam(): Parameter 'UID' not found
12-03 04:17:30.476   309  1753 E NetlinkEvent: NetlinkEvent::FindParam(): Parameter 'UID' not found
12-03 04:17:30.647  1789  2956 I chatty  : uid=1000(system) ConnectivitySer expire 4 lines
12-03 04:21:31.035   309  1753 E NetlinkEvent: NetlinkEvent::FindParam(): Parameter 'UID' not found
12-03 04:32:19.499  1789  1802 I chatty  : uid=1000(system) android.bg expire 2 lines
12-03 04:46:32.488   309  1753 E NetlinkEvent: NetlinkEvent::FindParam(): Parameter 'UID' not found
12-03 04:52:19.483   309  1753 E NetlinkEvent: NetlinkEvent::FindParam(): Parameter 'UID' not found
12-03 04:55:47.511   309  1753 E NetlinkEvent: NetlinkEvent::FindParam(): Parameter 'UID' not found
12-03 05:02:18.485   309  1753 E NetlinkEvent: NetlinkEvent::FindParam(): Parameter 'UID' not found
12-03 05:14:56.994   309  1753 E NetlinkEvent: NetlinkEvent::FindParam(): Parameter 'UID' not found
12-03 05:14:56.997   309  1753 E NetlinkEvent: NetlinkEvent::FindParam(): Parameter 'UID' not found
12-03 05:14:57.909   309  1753 E NetlinkEvent: NetlinkEvent::FindParam(): Parameter 'UID' not found
12-03 05:15:33.488  1789  2902 I chatty  : uid=1000(system) AlarmManager expire 21 lines
12-03 05:15:33.489   309  1753 E NetlinkEvent: NetlinkEvent::FindParam(): Parameter 'UID' not found
12-03 05:15:33.496   309  1753 E NetlinkEvent: NetlinkEvent::FindParam(): Parameter 'UID' not found
12-03 05:15:33.499  1789  1789 I chatty  : uid=1000 system_server expire 18 lines
12-03 05:20:14.018   309  1753 E NetlinkEvent: NetlinkEvent::FindParam(): Parameter 'UID' not found
12-03 05:20:14.946   309  1753 E NetlinkEvent: NetlinkEvent::FindParam(): Parameter 'UID' not found
12-03 05:22:18.491   309  1753 E NetlinkEvent: NetlinkEvent::FindParam(): Parameter 'UID' not found
12-03 05:42:19.951   309  1753 E NetlinkEvent: NetlinkEvent::FindParam(): Parameter 'UID' not found
12-03 05:44:34.927   309  1753 E NetlinkEvent: NetlinkEvent::FindParam(): Parameter 'UID' not found
12-03 05:44:34.934   309  1753 E NetlinkEvent: NetlinkEvent::FindParam(): Parameter 'UID' not found
12-03 05:46:20.554   309  1753 E NetlinkEvent: NetlinkEvent::FindParam(): Parameter 'UID' not found
12-03 05:55:48.964   309  1753 E NetlinkEvent: NetlinkEvent::FindParam(): Parameter 'UID' not found
12-03 06:00:01.932   309  1753 E NetlinkEvent: NetlinkEvent::FindParam(): Parameter 'UID' not found
12-03 06:13:35.942   309  1753 E NetlinkEvent: NetlinkEvent::FindParam(): Parameter 'UID' not found
12-03 06:22:19.944   309  1753 E NetlinkEvent: NetlinkEvent::FindParam(): Parameter 'UID' not found
12-03 06:27:42.378   309  1753 E NetlinkEvent: NetlinkEvent::FindParam(): Parameter 'UID' not found
12-03 06:27:42.382   309  1753 E NetlinkEvent: NetlinkEvent::FindParam(): Parameter 'UID' not found
12-03 06:27:43.613   309  1753 E NetlinkEvent: NetlinkEvent::FindParam(): Parameter 'UID' not found
12-03 06:32:19.938   309  1753 E NetlinkEvent: NetlinkEvent::FindParam(): Parameter 'UID' not found
12-03 06:33:03.715   309  1753 E NetlinkEvent: NetlinkEvent::FindParam(): Parameter 'UID' not found
12-03 06:33:03.718   309  1753 E NetlinkEvent: NetlinkEvent::FindParam(): Parameter 'UID' not found
12-03 06:33:04.639   309  1753 E NetlinkEvent: NetlinkEvent::FindParam(): Parameter 'UID' not found
12-03 06:37:07.021   309  1753 E NetlinkEvent: NetlinkEvent::FindParam(): Parameter 'UID' not found
12-03 06:41:56.107   309  1753 E NetlinkEvent: NetlinkEvent::FindParam(): Parameter 'UID' not found
12-03 06:41:56.125  1789  2955 I chatty  : uid=1000(system) WifiService expire 4 lines
12-03 06:41:56.132  1789  3692 I chatty  : uid=1000(system) Binder_6 expire 2 lines
12-03 06:41:56.144  1789  1789 I chatty  : uid=1000 system_server expire 15 lines
12-03 06:41:57.518  1789  5399 I chatty  : uid=1000(system) Binder_A expire 5 lines
12-03 06:41:57.859  1789  8867 I chatty  : uid=1000(system) Binder_D expire 1 line
12-03 06:42:26.387   309  1753 E NetlinkEvent: NetlinkEvent::FindParam(): Parameter 'UID' not found
12-03 06:42:26.399  1789  1799 I chatty  : uid=1000(system) Binder_1 expire 2 lines
12-03 06:42:26.509   309  1753 E NetlinkEvent: NetlinkEvent::FindParam(): Parameter 'UID' not found
12-03 06:42:26.669  1789  5592 I chatty  : uid=1000(system) Binder_B expire 5 lines
12-03 06:42:36.012  1789  2902 I chatty  : uid=1000(system) AlarmManager expire 13 lines
12-03 06:42:36.222  1789  3510 I chatty  : uid=1000(system) Binder_5 expire 3 lines
12-03 06:42:51.110   309  1753 E NetlinkEvent: NetlinkEvent::FindParam(): Parameter 'UID' not found
12-03 06:45:56.945   309  1753 E NetlinkEvent: NetlinkEvent::FindParam(): Parameter 'UID' not found
12-03 06:45:56.950   309  1753 E NetlinkEvent: NetlinkEvent::FindParam(): Parameter 'UID' not found
12-03 06:45:57.558   309  1753 E NetlinkEvent: NetlinkEvent::FindParam(): Parameter 'UID' not found
12-03 06:52:19.941   309  1753 E NetlinkEvent: NetlinkEvent::FindParam(): Parameter 'UID' not found
12-03 06:55:50.339   309  1753 E NetlinkEvent: NetlinkEvent::FindParam(): Parameter 'UID' not found
12-03 06:55:50.410  1789  1789 I chatty  : uid=1000 system_server expire 12 lines
12-03 07:00:00.945  1789  2902 I chatty  : uid=1000(system) AlarmManager expire 11 lines
12-03 07:00:00.946   309  1753 E NetlinkEvent: NetlinkEvent::FindParam(): Parameter 'UID' not found
12-03 07:11:37.952   309  1753 E NetlinkEvent: NetlinkEvent::FindParam(): Parameter 'UID' not found
12-03 07:12:19.955   309  1753 E NetlinkEvent: NetlinkEvent::FindParam(): Parameter 'UID' not found
12-03 07:12:19.982   309  1753 E NetlinkEvent: NetlinkEvent::FindParam(): Parameter 'UID' not found
12-03 07:22:19.960   309  1753 E NetlinkEvent: NetlinkEvent::FindParam(): Parameter 'UID' not found
12-03 07:40:38.974   309  1753 E NetlinkEvent: NetlinkEvent::FindParam(): Parameter 'UID' not found
12-03 07:42:19.960   309  1753 E NetlinkEvent: NetlinkEvent::FindParam(): Parameter 'UID' not found
12-03 07:52:25.647   309  1753 E NetlinkEvent: NetlinkEvent::FindParam(): Parameter 'UID' not found
12-03 07:52:47.659   309  1753 E NetlinkEvent: NetlinkEvent::FindParam(): Parameter 'UID' not found
12-03 07:56:26.191   309  1753 E NetlinkEvent: NetlinkEvent::FindParam(): Parameter 'UID' not found
12-03 07:56:26.193   309  1753 E NetlinkEvent: NetlinkEvent::FindParam(): Parameter 'UID' not found
12-03 07:56:30.490   309  1753 E NetlinkEvent: NetlinkEvent::FindParam(): Parameter 'UID' not found
12-03 07:57:52.513   309  1753 E NetlinkEvent: NetlinkEvent::FindParam(): Parameter 'UID' not found
12-03 07:57:53.741   309  1753 E NetlinkEvent: NetlinkEvent::FindParam(): Parameter 'UID' not found
12-03 07:59:02.651   309  1753 E NetlinkEvent: NetlinkEvent::FindParam(): Parameter 'UID' not found
12-03 07:59:02.733  3495  3495 I chatty  : uid=1000(system) com.motorola.modemservice expire 4 lines
12-03 07:59:04.876  3667  3667 D MccTable: updateMccMncConfiguration mccmnc='null' fromServiceState=true
12-03 07:59:04.876  3667  3667 D MccTable: WIFI_COUNTRY_CODE set to 
12-03 07:59:04.876  1789  3724 I chatty  : uid=1000(system) Binder_8 expire 4 lines
12-03 07:59:05.000   309  1753 E NetlinkEvent: NetlinkEvent::FindParam(): Parameter 'UID' not found
12-03 07:59:05.023  1789  8868 I chatty  : uid=1000(system) Binder_E expire 15 lines
12-03 07:59:05.094  1789  3019 I chatty  : uid=1000(system) Binder_4 expire 4 lines
12-03 07:59:15.045  1789  1789 I chatty  : uid=1000 system_server expire 10 lines
12-03 07:59:15.091  1789  4628 I chatty  : uid=1000(system) Binder_9 expire 5 lines
12-03 07:59:15.172  1789  3693 I chatty  : uid=1000(system) Binder_7 expire 9 lines
12-03 07:59:15.608  3667  3667 D MccTable: updateMccMncConfiguration mccmnc='26207' fromServiceState=true
12-03 07:59:15.610  3667  3667 D MccTable: updateMccMncConfiguration defaultMccMnc=26207
12-03 07:59:15.611  3667  3667 D MccTable: updateMccMncConfiguration: mcc=262, mnc=7
12-03 07:59:15.611  3667  3667 D MccTable: WIFI_COUNTRY_CODE set to de
12-03 07:59:26.226  1789  2949 I chatty  : uid=1000(system) NetworkPolicy expire 1 line
12-03 08:00:42.870   309  1753 E NetlinkEvent: NetlinkEvent::FindParam(): Parameter 'UID' not found
12-03 08:03:05.454   309  1753 E NetlinkEvent: NetlinkEvent::FindParam(): Parameter 'UID' not found
12-03 08:03:05.460   309  1753 E NetlinkEvent: NetlinkEvent::FindParam(): Parameter 'UID' not found
12-03 08:03:13.750   309  1753 E NetlinkEvent: NetlinkEvent::FindParam(): Parameter 'UID' not found
12-03 08:09:39.880   309  1753 E NetlinkEvent: NetlinkEvent::FindParam(): Parameter 'UID' not found
12-03 08:09:39.893   309  1753 E NetlinkEvent: NetlinkEvent::FindParam(): Parameter 'UID' not found
12-03 08:12:18.880   309  1753 E NetlinkEvent: NetlinkEvent::FindParam(): Parameter 'UID' not found
12-03 08:38:41.900   309  1753 E NetlinkEvent: NetlinkEvent::FindParam(): Parameter 'UID' not found
12-03 08:42:19.886   309  1753 E NetlinkEvent: NetlinkEvent::FindParam(): Parameter 'UID' not found
12-03 08:55:52.888  1789  2902 I chatty  : uid=1000(system) AlarmManager expire 11 lines
12-03 08:55:53.171   309  1753 E NetlinkEvent: NetlinkEvent::FindParam(): Parameter 'UID' not found
12-03 09:02:19.892   309  1753 E NetlinkEvent: NetlinkEvent::FindParam(): Parameter 'UID' not found
12-03 09:07:42.900   309  1753 E NetlinkEvent: NetlinkEvent::FindParam(): Parameter 'UID' not found
12-03 09:12:19.900   309  1753 E NetlinkEvent: NetlinkEvent::FindParam(): Parameter 'UID' not found
12-03 09:36:43.922   309  1753 E NetlinkEvent: NetlinkEvent::FindParam(): Parameter 'UID' not found
12-03 09:42:19.910   309  1753 E NetlinkEvent: NetlinkEvent::FindParam(): Parameter 'UID' not found
12-03 09:55:52.932   309  1753 E NetlinkEvent: NetlinkEvent::FindParam(): Parameter 'UID' not found
12-03 09:55:52.935   309  1753 E NetlinkEvent: NetlinkEvent::FindParam(): Parameter 'UID' not found
12-03 09:55:53.287  1789  1789 I chatty  : uid=1000 system_server expire 10 lines
12-03 09:55:54.075   309  1753 E NetlinkEvent: NetlinkEvent::FindParam(): Parameter 'UID' not found
12-03 09:59:55.327   309  1753 E NetlinkEvent: NetlinkEvent::FindParam(): Parameter 'UID' not found
12-03 10:05:44.926   309  1753 E NetlinkEvent: NetlinkEvent::FindParam(): Parameter 'UID' not found
12-03 10:12:19.918   309  1753 E NetlinkEvent: NetlinkEvent::FindParam(): Parameter 'UID' not found
12-03 10:31:36.939  1789  1808 I chatty  : uid=1000(system) android.display expire 11 lines
12-03 10:31:37.180   259   706 I chatty  : uid=1000(system) EventThread expire 9 lines
12-03 10:31:55.313   309  1753 E NetlinkEvent: NetlinkEvent::FindParam(): Parameter 'UID' not found
12-03 10:31:56.127   259   259 I chatty  : uid=1000(system) /system/bin/surfaceflinger expire 10 lines
12-03 10:31:57.740  1789  1803 I chatty  : uid=1000(system) ActivityManager expire 9 lines
12-03 10:32:10.754   309  1753 E NetlinkEvent: NetlinkEvent::FindParam(): Parameter 'UID' not found
12-03 10:32:10.758  1789  8868 I chatty  : uid=1000(system) Binder_E expire 7 lines
12-03 10:33:28.654   309  1753 E NetlinkEvent: NetlinkEvent::FindParam(): Parameter 'UID' not found
12-03 10:33:28.660   309  1753 E NetlinkEvent: NetlinkEvent::FindParam(): Parameter 'UID' not found
12-03 10:33:29.874   309  1753 E NetlinkEvent: NetlinkEvent::FindParam(): Parameter 'UID' not found
12-03 10:34:46.873   309  1753 E NetlinkEvent: NetlinkEvent::FindParam(): Parameter 'UID' not found
12-03 10:34:46.875  1789  2902 I chatty  : uid=1000(system) AlarmManager expire 11 lines
12-03 10:34:46.878   309  1753 E NetlinkEvent: NetlinkEvent::FindParam(): Parameter 'UID' not found
12-03 10:35:55.864   309  1753 E NetlinkEvent: NetlinkEvent::FindParam(): Parameter 'UID' not found
12-03 11:03:47.810   309  1753 E NetlinkEvent: NetlinkEvent::FindParam(): Parameter 'UID' not found
12-03 11:06:34.270   309  1753 E NetlinkEvent: NetlinkEvent::FindParam(): Parameter 'UID' not found
12-03 11:12:02.114   309  1753 E NetlinkEvent: NetlinkEvent::FindParam(): Parameter 'UID' not found
12-03 11:12:02.120   309  1753 E NetlinkEvent: NetlinkEvent::FindParam(): Parameter 'UID' not found
12-03 11:12:03.036   309  1753 E NetlinkEvent: NetlinkEvent::FindParam(): Parameter 'UID' not found
12-03 11:17:32.353   309  1753 E NetlinkEvent: NetlinkEvent::FindParam(): Parameter 'UID' not found
12-03 11:17:33.269   309  1753 E NetlinkEvent: NetlinkEvent::FindParam(): Parameter 'UID' not found
12-03 11:21:50.991   309  1753 E NetlinkEvent: NetlinkEvent::FindParam(): Parameter 'UID' not found
12-03 11:23:08.126   309  1753 E NetlinkEvent: NetlinkEvent::FindParam(): Parameter 'UID' not found
12-03 11:23:08.131   309  1753 E NetlinkEvent: NetlinkEvent::FindParam(): Parameter 'UID' not found
12-03 11:23:08.743   309  1753 E NetlinkEvent: NetlinkEvent::FindParam(): Parameter 'UID' not found
12-03 11:28:38.372   309  1753 E NetlinkEvent: NetlinkEvent::FindParam(): Parameter 'UID' not found
12-03 11:28:39.292   309  1753 E NetlinkEvent: NetlinkEvent::FindParam(): Parameter 'UID' not found
12-03 11:32:19.816   309  1753 E NetlinkEvent: NetlinkEvent::FindParam(): Parameter 'UID' not found
12-03 11:32:49.812   309  1753 E NetlinkEvent: NetlinkEvent::FindParam(): Parameter 'UID' not found
12-03 11:32:49.814  1789  1789 I chatty  : uid=1000 system_server expire 10 lines
12-03 11:34:09.227   309  1753 E NetlinkEvent: NetlinkEvent::FindParam(): Parameter 'UID' not found
12-03 11:34:10.147   309  1753 E NetlinkEvent: NetlinkEvent::FindParam(): Parameter 'UID' not found
12-03 11:42:18.816   309  1753 E NetlinkEvent: NetlinkEvent::FindParam(): Parameter 'UID' not found
12-03 11:44:11.957   309  1753 E NetlinkEvent: NetlinkEvent::FindParam(): Parameter 'UID' not found
12-03 11:44:11.963   309  1753 E NetlinkEvent: NetlinkEvent::FindParam(): Parameter 'UID' not found
12-03 11:52:13.944   309  1753 E NetlinkEvent: NetlinkEvent::FindParam(): Parameter 'UID' not found
12-03 11:52:13.947   309  1753 E NetlinkEvent: NetlinkEvent::FindParam(): Parameter 'UID' not found
12-03 11:52:15.794   309  1753 E NetlinkEvent: NetlinkEvent::FindParam(): Parameter 'UID' not found
12-03 11:53:16.327   309  1753 E NetlinkEvent: NetlinkEvent::FindParam(): Parameter 'UID' not found
12-03 11:57:42.655   309  1753 E NetlinkEvent: NetlinkEvent::FindParam(): Parameter 'UID' not found
12-03 11:57:42.660   309  1753 E NetlinkEvent: NetlinkEvent::FindParam(): Parameter 'UID' not found
12-03 11:57:43.891   309  1753 E NetlinkEvent: NetlinkEvent::FindParam(): Parameter 'UID' not found
12-03 11:58:20.921   309  1753 E NetlinkEvent: NetlinkEvent::FindParam(): Parameter 'UID' not found
12-03 12:01:50.821  1789  2902 I chatty  : uid=1000(system) AlarmManager expire 13 lines
12-03 12:01:50.831   309  1753 E NetlinkEvent: NetlinkEvent::FindParam(): Parameter 'UID' not found
12-03 12:02:11.241   309  1753 E NetlinkEvent: NetlinkEvent::FindParam(): Parameter 'UID' not found
12-03 12:03:16.195   309  1753 E NetlinkEvent: NetlinkEvent::FindParam(): Parameter 'UID' not found
12-03 12:03:16.198   309  1753 E NetlinkEvent: NetlinkEvent::FindParam(): Parameter 'UID' not found
12-03 12:03:17.115   309  1753 E NetlinkEvent: NetlinkEvent::FindParam(): Parameter 'UID' not found
12-03 12:06:33.978   309  1753 E NetlinkEvent: NetlinkEvent::FindParam(): Parameter 'UID' not found
12-03 12:06:34.017  1789  1789 I chatty  : uid=1000 system_server expire 20 lines
12-03 12:06:34.068  1789  3018 I chatty  : uid=1000(system) Binder_3 expire 3 lines
12-03 12:06:34.183  1789  3510 I chatty  : uid=1000(system) Binder_5 expire 7 lines
12-03 12:06:34.520  1789  4628 I chatty  : uid=1000(system) Binder_9 expire 3 lines
12-03 12:06:34.534  1789  5593 I chatty  : uid=1000(system) Binder_C expire 6 lines
12-03 12:06:34.607   309  1753 E NetlinkEvent: NetlinkEvent::FindParam(): Parameter 'UID' not found
12-03 12:06:34.616  1789  2955 I chatty  : uid=1000(system) WifiService expire 3 lines
12-03 12:06:34.883  1789  3693 I chatty  : uid=1000(system) Binder_7 expire 6 lines
12-03 12:06:34.964  1789  5399 I chatty  : uid=1000(system) Binder_A expire 5 lines
12-03 12:06:34.973  1789  2902 I chatty  : uid=1000(system) AlarmManager expire 10 lines
12-03 12:06:35.359  1789  3019 I chatty  : uid=1000(system) Binder_4 expire 11 lines
12-03 12:06:40.190  1789  1805 I chatty  : uid=1000(system) android.fg expire 1 line
12-03 12:06:42.941  1789  3724 I chatty  : uid=1000(system) Binder_8 expire 5 lines
12-03 12:06:43.273  1789  2956 I chatty  : uid=1000(system) ConnectivitySer expire 10 lines
12-03 12:06:44.306 16896 16896 I chatty  : uid=1000(system) expire 1 line
12-03 12:06:44.338  1789  2971 I chatty  : uid=1000(system) backup expire 1 line
12-03 12:06:44.451  1789  1800 I chatty  : uid=1000(system) Binder_2 expire 6 lines
12-03 12:06:44.471  1789  1799 I chatty  : uid=1000(system) Binder_1 expire 7 lines
12-03 12:06:54.365  1789  8867 I chatty  : uid=1000(system) Binder_D expire 3 lines
12-03 12:07:02.315   309  1753 E NetlinkEvent: NetlinkEvent::FindParam(): Parameter 'UID' not found
12-03 12:07:12.076   309  1753 E NetlinkEvent: NetlinkEvent::FindParam(): Parameter 'UID' not found
12-03 12:07:34.789  1789  5592 I chatty  : uid=1000(system) Binder_B expire 1 line
12-03 12:07:39.289   259   259 I chatty  : uid=1000(system) /system/bin/surfaceflinger expire 10 lines
12-03 12:07:47.801  1789  1789 I chatty  : uid=1000 system_server expire 9 lines
12-03 12:07:49.316   309  1753 E NetlinkEvent: NetlinkEvent::FindParam(): Parameter 'UID' not found
12-03 12:08:38.669   309  1753 E NetlinkEvent: NetlinkEvent::FindParam(): Parameter 'UID' not found
12-03 12:08:40.994  1789  2956 I chatty  : uid=1000(system) ConnectivitySer expire 7 lines
12-03 12:08:54.689  1789  3692 I chatty  : uid=1000(system) Binder_6 expire 3 lines
12-03 12:08:56.095  1789  1814 I chatty  : uid=1000(system) PackageManager expire 15 lines
12-03 12:09:13.395   309  1753 E NetlinkEvent: NetlinkEvent::FindParam(): Parameter 'UID' not found
12-03 12:09:28.088  1789  3019 I chatty  : uid=1000(system) Binder_4 expire 5 lines
12-03 12:09:28.597 17385 17385 I chatty  : uid=1000(system) expire 1 line
12-03 12:09:28.832   309  1753 E NetlinkEvent: NetlinkEvent::FindParam(): Parameter 'UID' not found
12-03 12:09:28.942 17410 17426 D ActivityThread: Loading provider com.google.android.gmail.provider;com.android.mail.notifier;com.google.android.gm.email.provider;com.google.android.gm.email.notifier: com.android.email.provider.EmailProvider
12-03 12:09:31.127 17577 17606 D ActivityThread: Loading provider com.google.android.gmail.provider;com.android.mail.notifier;com.google.android.gm.email.provider;com.google.android.gm.email.notifier: com.android.email.provider.EmailProvider
12-03 12:09:44.276   309  1753 E NetlinkEvent: NetlinkEvent::FindParam(): Parameter 'UID' not found
12-03 12:09:45.933   309  1753 E NetlinkEvent: NetlinkEvent::FindParam(): Parameter 'UID' not found
12-03 12:09:49.293  1789  1811 I chatty  : uid=1000(system) PowerManagerSer expire 1 line
12-03 12:09:49.856  1789  1808 I chatty  : uid=1000(system) android.display expire 10 lines
12-03 12:09:49.891   259   706 I chatty  : uid=1000(system) EventThread expire 8 lines
12-03 12:09:49.949  1789  3693 I chatty  : uid=1000(system) Binder_7 expire 5 lines
12-03 12:09:50.040  1789  1811 I chatty  : uid=1000(system) PowerManagerSer expire 5 lines
12-03 12:09:50.041  1789  1805 I chatty  : uid=1000(system) android.fg expire 5 lines
12-03 12:09:50.127  1789  1803 I chatty  : uid=1000(system) ActivityManager expire 10 lines
12-03 12:09:50.134  1789  1789 I chatty  : uid=1000 system_server expire 16 lines
12-03 12:09:50.298 17668 17668 I chatty  : uid=1000(system) expire 2 lines
12-03 12:09:50.532   259   259 I chatty  : uid=1000(system) /system/bin/surfaceflinger expire 10 lines
12-03 12:09:54.300  1789  2902 I chatty  : uid=1000(system) AlarmManager expire 10 lines
12-03 12:09:54.396  3011  3011 D StatusBarKeyguardViewManager: showKeyguard, but hide Bouncer
12-03 12:10:01.517   309  1753 E NetlinkEvent: NetlinkEvent::FindParam(): Parameter 'UID' not found
12-03 12:10:01.522  1789  3692 I chatty  : uid=1000(system) Binder_6 expire 8 lines
12-03 12:10:20.099   309  1753 E NetlinkEvent: NetlinkEvent::FindParam(): Parameter 'UID' not found
12-03 12:10:59.077   309  1753 E NetlinkEvent: NetlinkEvent::FindParam(): Parameter 'UID' not found
12-03 12:10:59.082  1789  1800 I chatty  : uid=1000(system) Binder_2 expire 5 lines
12-03 12:11:36.779   309  1753 E NetlinkEvent: NetlinkEvent::FindParam(): Parameter 'UID' not found
12-03 12:11:51.198  1789  2917 I chatty  : uid=1000(system) InputReader expire 1 line
12-03 12:11:55.632  1789  4628 I chatty  : uid=1000(system) Binder_9 expire 9 lines
12-03 12:11:56.211  1789  2955 I chatty  : uid=1000(system) WifiService expire 2 lines
12-03 12:12:06.427  1789  2956 I chatty  : uid=1000(system) ConnectivitySer expire 7 lines
12-03 12:12:10.675   309  1753 E NetlinkEvent: NetlinkEvent::FindParam(): Parameter 'UID' not found
12-03 12:12:12.400  1789  1814 I chatty  : uid=1000(system) PackageManager expire 10 lines
12-03 12:12:12.756  1789  1789 I chatty  : uid=1000 system_server expire 10 lines
12-03 12:12:12.814  1789  3019 I chatty  : uid=1000(system) Binder_4 expire 8 lines
12-03 12:12:12.858 17886 17886 I chatty  : uid=1000(system) expire 2 lines
12-03 12:12:12.883  1789  3724 I chatty  : uid=1000(system) Binder_8 expire 12 lines
12-03 12:12:12.889  1789  5593 I chatty  : uid=1000(system) Binder_C expire 4 lines
12-03 12:12:12.988   309  1753 E NetlinkEvent: NetlinkEvent::FindParam(): Parameter 'UID' not found
12-03 12:12:12.999  1789  5592 I chatty  : uid=1000(system) Binder_B expire 3 lines
12-03 12:12:13.483  1789  8867 I chatty  : uid=1000(system) Binder_D expire 6 lines
12-03 12:12:13.577  1789  8868 I chatty  : uid=1000(system) Binder_E expire 5 lines
12-03 12:12:14.592  1789  3510 I chatty  : uid=1000(system) Binder_5 expire 2 lines
12-03 12:12:14.864  1789  5399 I chatty  : uid=1000(system) Binder_A expire 8 lines
12-03 12:12:15.688 17984 17998 D DefContainer: Copying /data/local/tmp/SeniorenApp.SeniorenApp-Signed.apk to base.apk
12-03 12:12:16.832  1789  1799 I chatty  : uid=1000(system) Binder_1 expire 10 lines
12-03 12:12:30.715   309  1753 E NetlinkEvent: NetlinkEvent::FindParam(): Parameter 'UID' not found
12-03 12:12:33.954  1789  2902 I chatty  : uid=1000(system) AlarmManager expire 11 lines
12-03 12:12:48.730   309  1753 E NetlinkEvent: NetlinkEvent::FindParam(): Parameter 'UID' not found
12-03 12:13:00.015  1789  1803 I chatty  : uid=1000(system) ActivityManager expire 10 lines
12-03 12:13:02.843 18448 18448 I chatty  : uid=1000(system) expire 2 lines
12-03 12:13:03.758   309  1753 E NetlinkEvent: NetlinkEvent::FindParam(): Parameter 'UID' not found
12-03 12:13:04.632   309  1753 E NetlinkEvent: NetlinkEvent::FindParam(): Parameter 'UID' not found
12-03 12:13:04.953 18562 18576 D DefContainer: Copying /data/local/tmp/SeniorenApp.SeniorenApp-Signed.apk to base.apk
12-03 12:13:06.184  1789  1814 I chatty  : uid=1000(system) PackageManager expire 2 lines
12-03 12:13:06.354  1789  3018 I chatty  : uid=1000(system) Binder_3 expire 2 lines
12-03 12:13:11.490   259   259 I chatty  : uid=1000(system) /system/bin/surfaceflinger expire 9 lines
12-03 12:13:18.859  1789  2916 I chatty  : uid=1000(system) InputDispatcher expire 2 lines
12-03 12:13:19.997   309  1753 E NetlinkEvent: NetlinkEvent::FindParam(): Parameter 'UID' not found
12-03 12:13:22.357  1789  1789 I chatty  : uid=1000 system_server expire 11 lines
12-03 12:13:23.261  1789  1799 I chatty  : uid=1000(system) Binder_1 expire 1 line
12-03 12:14:20.481   309  1753 E NetlinkEvent: NetlinkEvent::FindParam(): Parameter 'UID' not found
12-03 12:14:35.836   309  1753 E NetlinkEvent: NetlinkEvent::FindParam(): Parameter 'UID' not found
12-03 12:14:53.759   309  1753 E NetlinkEvent: NetlinkEvent::FindParam(): Parameter 'UID' not found
12-03 12:15:08.796   309  1753 E NetlinkEvent: NetlinkEvent::FindParam(): Parameter 'UID' not found
12-03 12:15:20.465   309  1753 E NetlinkEvent: NetlinkEvent::FindParam(): Parameter 'UID' not found
12-03 12:15:20.829 18935 18935 I chatty  : uid=1000(system) expire 1 line
12-03 12:15:24.937  3011  3011 D StatusBarKeyguardViewManager: showKeyguard, but hide Bouncer
12-03 12:15:35.797   309  1753 E NetlinkEvent: NetlinkEvent::FindParam(): Parameter 'UID' not found
12-03 12:15:50.701   309  1753 E NetlinkEvent: NetlinkEvent::FindParam(): Parameter 'UID' not found
12-03 12:15:51.228  1789  2902 I chatty  : uid=1000(system) AlarmManager expire 3 lines
12-03 12:15:51.230  1789  1789 I chatty  : uid=1000 system_server expire 7 lines
12-03 12:16:05.757   309  1753 E NetlinkEvent: NetlinkEvent::FindParam(): Parameter 'UID' not found
12-03 12:16:09.800  1789  1808 I chatty  : uid=1000(system) android.display expire 10 lines
12-03 12:16:13.465   309  1753 E NetlinkEvent: NetlinkEvent::FindParam(): Parameter 'UID' not found
12-03 12:16:13.567   259   259 I chatty  : uid=1000(system) /system/bin/surfaceflinger expire 16 lines
12-03 12:16:13.616 18935 18935 I chatty  : uid=1000(system) expire 1 line
12-03 12:16:13.648  1789  1789 I chatty  : uid=1000 system_server expire 10 lines
12-03 12:16:13.928   259   706 I chatty  : uid=1000(system) EventThread expire 7 lines
12-03 12:16:14.401  1789  2955 I chatty  : uid=1000(system) WifiService expire 1 line
12-03 12:16:14.602  1789  1803 I chatty  : uid=1000(system) ActivityManager expire 11 lines
12-03 12:16:14.870  1789  1814 I chatty  : uid=1000(system) PackageManager expire 10 lines
12-03 12:16:15.354  1789  1800 I chatty  : uid=1000(system) Binder_2 expire 4 lines
12-03 12:16:15.417 19083 19083 I chatty  : uid=1000(system) expire 2 lines
12-03 12:16:15.441  1789  5592 I chatty  : uid=1000(system) Binder_B expire 3 lines
12-03 12:16:15.447  1789  3018 I chatty  : uid=1000(system) Binder_3 expire 3 lines
12-03 12:16:16.144  1789  3724 I chatty  : uid=1000(system) Binder_8 expire 4 lines
12-03 12:16:16.393  1789  5593 I chatty  : uid=1000(system) Binder_C expire 5 lines
12-03 12:16:16.579  1789  2956 I chatty  : uid=1000(system) ConnectivitySer expire 7 lines
12-03 12:16:16.972  1789  1799 I chatty  : uid=1000(system) Binder_1 expire 6 lines
12-03 12:16:17.147  1789  4628 I chatty  : uid=1000(system) Binder_9 expire 5 lines
12-03 12:16:17.391  1789  3019 I chatty  : uid=1000(system) Binder_4 expire 7 lines
12-03 12:16:17.886  1789  3510 I chatty  : uid=1000(system) Binder_5 expire 5 lines
12-03 12:16:17.891 19180 19193 D DefContainer: Copying /data/local/tmp/SeniorenApp.SeniorenApp-Signed.apk to base.apk
12-03 12:16:19.066  1789  5399 I chatty  : uid=1000(system) Binder_A expire 12 lines
12-03 12:16:19.307  1789  8867 I chatty  : uid=1000(system) Binder_D expire 5 lines
12-03 12:16:23.864  1789  8868 I chatty  : uid=1000(system) Binder_E expire 3 lines
12-03 12:16:31.780  3011  3011 V DeadZone: consuming errant click: (0.0,14.063965)
12-03 12:16:32.955   309  1753 E NetlinkEvent: NetlinkEvent::FindParam(): Parameter 'UID' not found
12-03 12:16:34.044  1789  3692 I chatty  : uid=1000(system) Binder_6 expire 10 lines
12-03 12:16:34.597  1789  2902 I chatty  : uid=1000(system) AlarmManager expire 11 lines
12-03 12:16:54.499   259   259 I chatty  : uid=1000(system) /system/bin/surfaceflinger expire 8 lines
12-03 12:16:58.688   309  1753 E NetlinkEvent: NetlinkEvent::FindParam(): Parameter 'UID' not found
12-03 12:17:00.152  1789  3693 I chatty  : uid=1000(system) Binder_7 expire 5 lines
12-03 12:17:13.717   309  1753 E NetlinkEvent: NetlinkEvent::FindParam(): Parameter 'UID' not found
12-03 12:17:37.387 19565 19565 I chatty  : uid=1000(system) expire 2 lines
12-03 12:17:39.715   309  1753 E NetlinkEvent: NetlinkEvent::FindParam(): Parameter 'UID' not found
12-03 12:17:40.037 19725 19735 D DefContainer: Copying /data/local/tmp/SeniorenApp.SeniorenApp-Signed.apk to base.apk
12-03 12:17:41.384  1789  1814 I chatty  : uid=1000(system) PackageManager expire 2 lines
12-03 12:17:54.490  1789  2916 I chatty  : uid=1000(system) InputDispatcher expire 2 lines
12-03 12:17:55.075   309  1753 E NetlinkEvent: NetlinkEvent::FindParam(): Parameter 'UID' not found
12-03 12:17:57.409  1789  1789 I chatty  : uid=1000 system_server expire 11 lines
12-03 12:18:22.757   309  1753 E NetlinkEvent: NetlinkEvent::FindParam(): Parameter 'UID' not found
12-03 12:18:26.286  1789  1802 I chatty  : uid=1000(system) android.bg expire 2 lines
12-03 12:18:37.797   309  1753 E NetlinkEvent: NetlinkEvent::FindParam(): Parameter 'UID' not found
12-03 12:19:03.721   309  1753 E NetlinkEvent: NetlinkEvent::FindParam(): Parameter 'UID' not found
12-03 12:19:18.756   309  1753 E NetlinkEvent: NetlinkEvent::FindParam(): Parameter 'UID' not found
12-03 12:19:55.496  1789  1811 I chatty  : uid=1000(system) PowerManagerSer expire 3 lines
12-03 12:19:56.257  1789  1805 I chatty  : uid=1000(system) android.fg expire 3 lines
12-03 12:19:56.413  1789  1803 I chatty  : uid=1000(system) ActivityManager expire 4 lines
12-03 12:19:56.464 20076 20076 I chatty  : uid=1000(system) expire 1 line
12-03 12:20:00.581  3011  3011 D StatusBarKeyguardViewManager: showKeyguard, but hide Bouncer
12-03 12:20:26.356  1789  2902 I chatty  : uid=1000(system) AlarmManager expire 12 lines
12-03 12:20:26.367   309  1753 E NetlinkEvent: NetlinkEvent::FindParam(): Parameter 'UID' not found
12-03 12:20:26.370  1789  1789 I chatty  : uid=1000 system_server expire 11 lines
12-03 12:20:41.436   309  1753 E NetlinkEvent: NetlinkEvent::FindParam(): Parameter 'UID' not found
12-03 12:22:38.970   309  1753 E NetlinkEvent: NetlinkEvent::FindParam(): Parameter 'UID' not found
12-03 12:22:54.237   309  1753 E NetlinkEvent: NetlinkEvent::FindParam(): Parameter 'UID' not found
12-03 12:24:48.197   309  1753 E NetlinkEvent: NetlinkEvent::FindParam(): Parameter 'UID' not found
12-03 12:25:03.236   309  1753 E NetlinkEvent: NetlinkEvent::FindParam(): Parameter 'UID' not found
12-03 12:26:39.404   309  1753 E NetlinkEvent: NetlinkEvent::FindParam(): Parameter 'UID' not found
12-03 12:26:54.477   309  1753 E NetlinkEvent: NetlinkEvent::FindParam(): Parameter 'UID' not found
12-03 12:27:39.232   309  1753 E NetlinkEvent: NetlinkEvent::FindParam(): Parameter 'UID' not found
12-03 12:27:54.317   309  1753 E NetlinkEvent: NetlinkEvent::FindParam(): Parameter 'UID' not found
12-03 12:30:11.681   309  1753 E NetlinkEvent: NetlinkEvent::FindParam(): Parameter 'UID' not found
12-03 12:30:19.003  1789  2902 I chatty  : uid=1000(system) AlarmManager expire 16 lines
12-03 12:30:19.014  1789  1789 I chatty  : uid=1000 system_server expire 16 lines
12-03 12:30:26.718   309  1753 E NetlinkEvent: NetlinkEvent::FindParam(): Parameter 'UID' not found
12-03 12:30:50.918   309  1753 E NetlinkEvent: NetlinkEvent::FindParam(): Parameter 'UID' not found
12-03 12:31:05.996   309  1753 E NetlinkEvent: NetlinkEvent::FindParam(): Parameter 'UID' not found
12-03 12:35:32.706   309  1753 E NetlinkEvent: NetlinkEvent::FindParam(): Parameter 'UID' not found
12-03 12:35:47.756   309  1753 E NetlinkEvent: NetlinkEvent::FindParam(): Parameter 'UID' not found
12-03 12:40:54.039   309  1753 E NetlinkEvent: NetlinkEvent::FindParam(): Parameter 'UID' not found
12-03 12:41:09.077   309  1753 E NetlinkEvent: NetlinkEvent::FindParam(): Parameter 'UID' not found
12-03 12:54:07.977  1789  1789 I chatty  : uid=1000 system_server expire 39 lines
12-03 12:54:07.986  1789  1808 I chatty  : uid=1000(system) android.display expire 11 lines
12-03 12:54:08.219   259   706 I chatty  : uid=1000(system) EventThread expire 15 lines
12-03 12:54:08.533  1789  4628 I chatty  : uid=1000(system) Binder_9 expire 3 lines
12-03 12:54:09.066  1789  2902 I chatty  : uid=1000(system) AlarmManager expire 12 lines
12-03 12:54:17.977  1789  1811 I chatty  : uid=1000(system) PowerManagerSer expire 8 lines
12-03 12:54:18.701  1789  1805 I chatty  : uid=1000(system) android.fg expire 5 lines
12-03 12:54:18.847  3011  3011 D StatusBarKeyguardViewManager: showKeyguard, but hide Bouncer
12-03 12:55:55.898  1789  1789 I chatty  : uid=1000 system_server expire 10 lines
12-03 12:55:56.210   309  1753 E NetlinkEvent: NetlinkEvent::FindParam(): Parameter 'UID' not found
12-03 12:56:28.437   309  1753 E NetlinkEvent: NetlinkEvent::FindParam(): Parameter 'UID' not found
12-03 12:59:50.989   309  1753 E NetlinkEvent: NetlinkEvent::FindParam(): Parameter 'UID' not found
12-03 12:59:50.994  1789  1789 I chatty  : uid=1000 system_server expire 11 lines
12-03 13:00:28.758   309  1753 E NetlinkEvent: NetlinkEvent::FindParam(): Parameter 'UID' not found
12-03 13:00:56.741   309  1753 E NetlinkEvent: NetlinkEvent::FindParam(): Parameter 'UID' not found
12-03 13:01:28.477   309  1753 E NetlinkEvent: NetlinkEvent::FindParam(): Parameter 'UID' not found
12-03 13:03:14.043  1789  3510 I chatty  : uid=1000(system) Binder_5 expire 1 line
12-03 13:03:14.046  1789  1799 I chatty  : uid=1000(system) Binder_1 expire 2 lines
12-03 13:03:14.314   259   259 I chatty  : uid=1000(system) /system/bin/surfaceflinger expire 10 lines
12-03 13:03:15.442  1789  1804 I chatty  : uid=1000(system) android.ui expire 1 line
12-03 13:03:28.435  3011  3011 D StatusBarKeyguardViewManager: showKeyguard, but hide Bouncer
12-03 13:05:51.176  1789  2902 I chatty  : uid=1000(system) AlarmManager expire 15 lines
12-03 13:05:51.196  1789  1803 I chatty  : uid=1000(system) ActivityManager expire 4 lines
12-03 13:05:51.200  1789  1789 I chatty  : uid=1000 system_server expire 19 lines
12-03 13:05:51.236  1789  1802 I chatty  : uid=1000(system) android.bg expire 1 line
12-03 13:07:56.554  1789  5593 I chatty  : uid=1000(system) Binder_C expire 1 line
12-03 13:07:56.638  1789  3692 I chatty  : uid=1000(system) Binder_6 expire 2 lines
12-03 13:07:56.719  1789  5399 I chatty  : uid=1000(system) Binder_A expire 2 lines
12-03 13:07:56.720  1789  2956 I chatty  : uid=1000(system) ConnectivitySer expire 4 lines
12-03 13:07:56.720  1789  2955 I chatty  : uid=1000(system) WifiService expire 2 lines
12-03 13:07:56.978  1789  5592 I chatty  : uid=1000(system) Binder_B expire 2 lines
12-03 13:07:56.985  1789  3018 I chatty  : uid=1000(system) Binder_3 expire 1 line
12-03 13:08:02.586   309  1753 E NetlinkEvent: NetlinkEvent::FindParam(): Parameter 'UID' not found
12-03 13:08:02.597  1789  1800 I chatty  : uid=1000(system) Binder_2 expire 2 lines
12-03 13:08:03.322   259   259 I chatty  : uid=1000(system) /system/bin/surfaceflinger expire 22 lines
12-03 13:08:04.283  1789  3693 I chatty  : uid=1000(system) Binder_7 expire 3 lines
12-03 13:08:04.346  1789  8867 I chatty  : uid=1000(system) Binder_D expire 1 line
12-03 13:08:05.600  1789  3019 I chatty  : uid=1000(system) Binder_4 expire 3 lines
12-03 13:08:14.933  1789  2902 I chatty  : uid=1000(system) AlarmManager expire 4 lines
12-03 13:08:14.948  1789  1789 I chatty  : uid=1000 system_server expire 4 lines
12-03 13:08:19.459  3011  3011 V DeadZone: consuming errant click: (719.0014,12.065552)
12-03 13:08:21.677   309  1753 E NetlinkEvent: NetlinkEvent::FindParam(): Parameter 'UID' not found
12-03 13:09:03.694   309  1753 E NetlinkEvent: NetlinkEvent::FindParam(): Parameter 'UID' not found
12-03 13:09:04.557   259   259 I chatty  : uid=1000(system) /system/bin/surfaceflinger expire 22 lines
12-03 13:09:06.665   259   706 I chatty  : uid=1000(system) EventThread expire 11 lines
12-03 13:09:17.929  1789  2916 I chatty  : uid=1000(system) InputDispatcher expire 2 lines
12-03 13:09:18.892  1789  8868 I chatty  : uid=1000(system) Binder_E expire 1 line
12-03 13:09:51.124   259   259 I chatty  : uid=1000(system) /system/bin/surfaceflinger expire 118 lines
