--------- beginning of crash
11-26 21:28:33.405 24459 24459 F libc    : Fatal signal 6 (SIGABRT), code -6 in tid 24459 (App.SeniorenApp)
11-26 21:28:33.460   307   307 F DEBUG   : *** *** *** *** *** *** *** *** *** *** *** *** *** *** *** ***
11-26 21:28:33.460   307   307 F DEBUG   : Build fingerprint: 'motorola/osprey_oraes/osprey_umts:6.0.1/MPI24.107-55-2/2:user/release-keys'
11-26 21:28:33.460   307   307 F DEBUG   : Revision: 'p2b0'
11-26 21:28:33.460   307   307 F DEBUG   : ABI: 'arm'
11-26 21:28:33.461   307   307 F DEBUG   : pid: 24459, tid: 24459, name: App.SeniorenApp  >>> SeniorenApp.SeniorenApp <<<
11-26 21:28:33.461   307   307 F DEBUG   : signal 6 (SIGABRT), code -6 (SI_TKILL), fault addr --------
11-26 21:28:33.474   307   307 F DEBUG   : Abort message: 'art/runtime/java_vm_ext.cc:410] JNI DETECTED ERROR IN APPLICATION: JNI NewWeakGlobalRef called with pending exception android.runtime.JavaProxyThrowable: System.InvalidCastException: Unable to convert instance of type 'Android.Widget.ImageButton' to type 'Android.Widget.Button'.'
11-26 21:28:33.474   307   307 F DEBUG   :     r0 00000000  r1 00005f8b  r2 00000006  r3 b6f6ab7c
11-26 21:28:33.474   307   307 F DEBUG   :     r4 b6f6ab84  r5 b6f6ab34  r6 0000000b  r7 0000010c
11-26 21:28:33.474   307   307 F DEBUG   :     r8 b759eff8  r9 b4d7d378  sl 00000000  fp 00000000
11-26 21:28:33.474   307   307 F DEBUG   :     ip 00000006  sp be9ae870  lr b6cf51cd  pc b6cf75c8  cpsr 40070010
11-26 21:28:33.486   307   307 F DEBUG   : 
11-26 21:28:33.486   307   307 F DEBUG   : backtrace:
11-26 21:28:33.486   307   307 F DEBUG   :     #00 pc 000445c8  /system/lib/libc.so (tgkill+12)
11-26 21:28:33.486   307   307 F DEBUG   :     #01 pc 000421c9  /system/lib/libc.so (pthread_kill+32)
11-26 21:28:33.486   307   307 F DEBUG   :     #02 pc 0001bb1f  /system/lib/libc.so (raise+10)
11-26 21:28:33.486   307   307 F DEBUG   :     #03 pc 00018cc1  /system/lib/libc.so (__libc_android_abort+34)
11-26 21:28:33.486   307   307 F DEBUG   :     #04 pc 00016880  /system/lib/libc.so (abort+4)
11-26 21:28:33.486   307   307 F DEBUG   :     #05 pc 00321a89  /system/lib/libart.so (_ZN3art7Runtime5AbortEv+212)
11-26 21:28:33.486   307   307 F DEBUG   :     #06 pc 000f3d0d  /system/lib/libart.so (_ZN3art10LogMessageD2Ev+2212)
11-26 21:28:33.486   307   307 F DEBUG   :     #07 pc 0024fa15  /system/lib/libart.so (_ZN3art9JavaVMExt8JniAbortEPKcS2_+1524)
11-26 21:28:33.486   307   307 F DEBUG   :     #08 pc 0024fdb7  /system/lib/libart.so (_ZN3art9JavaVMExt9JniAbortVEPKcS2_St9__va_list+54)
11-26 21:28:33.486   307   307 F DEBUG   :     #09 pc 000fc0b3  /system/lib/libart.so (_ZN3art11ScopedCheck6AbortFEPKcz+30)
11-26 21:28:33.486   307   307 F DEBUG   :     #10 pc 00100f8f  /system/lib/libart.so (_ZN3art11ScopedCheck5CheckERNS_18ScopedObjectAccessEbPKcPNS_12JniValueTypeE.constprop.95+5054)
11-26 21:28:33.486   307   307 F DEBUG   :     #11 pc 001123bd  /system/lib/libart.so (_ZN3art8CheckJNI16NewWeakGlobalRefEP7_JNIEnvP8_jobject+376)
11-26 21:28:33.486   307   307 F DEBUG   :     #12 pc 0000dae4  /data/app/SeniorenApp.SeniorenApp-1/lib/arm/libmonodroid.so
11-26 21:28:33.746   307   307 F DEBUG   : 
11-26 21:28:33.746   307   307 F DEBUG   : Tombstone written to: /data/tombstones/tombstone_01
--------- beginning of system
11-28 08:26:44.410  1787  1801 I chatty  : uid=1000(system) ActivityManager expire 3 lines
11-28 08:27:27.053   305  1751 E NetlinkEvent: NetlinkEvent::FindParam(): Parameter 'UID' not found
11-28 08:27:34.112   305  1751 E NetlinkEvent: NetlinkEvent::FindParam(): Parameter 'UID' not found
11-28 08:27:44.114   305  1751 E NetlinkEvent: NetlinkEvent::FindParam(): Parameter 'UID' not found
11-28 08:30:20.315  1787  2914 I chatty  : uid=1000(system) AlarmManager expire 16 lines
11-28 08:30:41.692   305  1751 E NetlinkEvent: NetlinkEvent::FindParam(): Parameter 'UID' not found
11-28 08:30:41.697   305  1751 E NetlinkEvent: NetlinkEvent::FindParam(): Parameter 'UID' not found
11-28 08:30:41.699  1787  1803 I chatty  : uid=1000(system) android.fg expire 1 line
11-28 08:30:41.782   305  1751 E NetlinkEvent: NetlinkEvent::FindParam(): Parameter 'UID' not found
11-28 08:30:52.008   305  1751 E NetlinkEvent: NetlinkEvent::FindParam(): Parameter 'UID' not found
11-28 08:33:51.799   305  1751 E NetlinkEvent: NetlinkEvent::FindParam(): Parameter 'UID' not found
11-28 08:34:30.300   305  1751 E NetlinkEvent: NetlinkEvent::FindParam(): Parameter 'UID' not found
11-28 08:34:48.544  1787  2954 I chatty  : uid=1000(system) WifiService expire 2 lines
11-28 08:34:48.600  1787  1797 I chatty  : uid=1000(system) Binder_1 expire 4 lines
11-28 08:34:48.872  1787  3677 I chatty  : uid=1000(system) Binder_6 expire 2 lines
11-28 08:34:48.916   305  1751 E NetlinkEvent: NetlinkEvent::FindParam(): Parameter 'UID' not found
11-28 08:35:19.461   305  1751 E NetlinkEvent: NetlinkEvent::FindParam(): Parameter 'UID' not found
11-28 08:36:35.667   305  1751 E NetlinkEvent: NetlinkEvent::FindParam(): Parameter 'UID' not found
11-28 08:37:14.482   305  1751 E NetlinkEvent: NetlinkEvent::FindParam(): Parameter 'UID' not found
11-28 08:37:14.842  1787  1800 I chatty  : uid=1000(system) android.bg expire 1 line
11-28 08:38:51.298   305  1751 E NetlinkEvent: NetlinkEvent::FindParam(): Parameter 'UID' not found
11-28 08:38:51.306  1787  4201 I chatty  : uid=1000(system) Binder_7 expire 2 lines
11-28 08:39:02.646   305  1751 E NetlinkEvent: NetlinkEvent::FindParam(): Parameter 'UID' not found
11-28 08:42:25.080   305  1751 E NetlinkEvent: NetlinkEvent::FindParam(): Parameter 'UID' not found
11-28 08:42:41.380  1787  2914 I chatty  : uid=1000(system) AlarmManager expire 10 lines
11-28 08:42:41.411  1787  1787 I chatty  : uid=1000 system_server expire 10 lines
11-28 08:43:04.524   305  1751 E NetlinkEvent: NetlinkEvent::FindParam(): Parameter 'UID' not found
11-28 08:43:04.615   305  1751 E NetlinkEvent: NetlinkEvent::FindParam(): Parameter 'UID' not found
11-28 08:43:28.120   305  1751 E NetlinkEvent: NetlinkEvent::FindParam(): Parameter 'UID' not found
11-28 08:43:28.723   305  1751 E NetlinkEvent: NetlinkEvent::FindParam(): Parameter 'UID' not found
11-28 08:44:28.082   305  1751 E NetlinkEvent: NetlinkEvent::FindParam(): Parameter 'UID' not found
11-28 08:44:28.293   305  1751 E NetlinkEvent: NetlinkEvent::FindParam(): Parameter 'UID' not found
11-28 08:44:38.011   305  1751 E NetlinkEvent: NetlinkEvent::FindParam(): Parameter 'UID' not found
11-28 08:44:49.386  1787  2914 I chatty  : uid=1000(system) AlarmManager expire 14 lines
11-28 08:44:49.423  1787  1787 I chatty  : uid=1000 system_server expire 14 lines
11-28 08:44:49.481   305  1751 E NetlinkEvent: NetlinkEvent::FindParam(): Parameter 'UID' not found
11-28 08:45:06.428   305  1751 E NetlinkEvent: NetlinkEvent::FindParam(): Parameter 'UID' not found
11-28 08:46:06.673   305  1751 E NetlinkEvent: NetlinkEvent::FindParam(): Parameter 'UID' not found
11-28 08:46:21.119   305  1751 E NetlinkEvent: NetlinkEvent::FindParam(): Parameter 'UID' not found
11-28 08:49:25.615   305  1751 E NetlinkEvent: NetlinkEvent::FindParam(): Parameter 'UID' not found
11-28 08:49:53.344   305  1751 E NetlinkEvent: NetlinkEvent::FindParam(): Parameter 'UID' not found
11-28 08:50:30.056  1787  1787 I chatty  : uid=1000 system_server expire 13 lines
11-28 08:50:30.089  1787  4627 I chatty  : uid=1000(system) Binder_8 expire 2 lines
11-28 08:50:30.121  1787  3675 I chatty  : uid=1000(system) Binder_5 expire 2 lines
11-28 08:50:30.232  1787  6219 I chatty  : uid=1000(system) Binder_B expire 1 line
11-28 08:50:30.333  1787  3031 I chatty  : uid=1000(system) Binder_4 expire 4 lines
11-28 08:50:30.334  1787  2955 I chatty  : uid=1000(system) ConnectivitySer expire 5 lines
11-28 08:50:30.350  1787  4628 I chatty  : uid=1000(system) Binder_9 expire 3 lines
11-28 08:50:30.462  1787  6221 I chatty  : uid=1000(system) Binder_D expire 2 lines
11-28 08:50:31.067  1787  3029 I chatty  : uid=1000(system) Binder_3 expire 2 lines
11-28 08:50:32.355   305  1751 E NetlinkEvent: NetlinkEvent::FindParam(): Parameter 'UID' not found
11-28 08:50:40.488  1787  6220 I chatty  : uid=1000(system) Binder_C expire 1 line
11-28 08:51:19.414   305  1751 E NetlinkEvent: NetlinkEvent::FindParam(): Parameter 'UID' not found
11-28 08:52:25.980   305  1751 E NetlinkEvent: NetlinkEvent::FindParam(): Parameter 'UID' not found
11-28 08:52:30.285  1787  2914 I chatty  : uid=1000(system) AlarmManager expire 10 lines
11-28 08:52:37.307  1787  6215 I chatty  : uid=1000(system) Binder_A expire 1 line
11-28 08:52:48.086   305  1751 E NetlinkEvent: NetlinkEvent::FindParam(): Parameter 'UID' not found
11-28 08:53:01.491  1787  1787 I chatty  : uid=1000 system_server expire 8 lines
11-28 08:53:54.900   305  1751 E NetlinkEvent: NetlinkEvent::FindParam(): Parameter 'UID' not found
11-28 08:53:55.372  1787  2914 I chatty  : uid=1000(system) AlarmManager expire 15 lines
11-28 08:54:03.823  1787  1787 I chatty  : uid=1000 system_server expire 12 lines
11-28 08:54:14.630   305  1751 E NetlinkEvent: NetlinkEvent::FindParam(): Parameter 'UID' not found
11-28 08:54:41.191   305  1751 E NetlinkEvent: NetlinkEvent::FindParam(): Parameter 'UID' not found
11-28 08:54:41.197   305  1751 E NetlinkEvent: NetlinkEvent::FindParam(): Parameter 'UID' not found
11-28 08:54:42.264   305  1751 E NetlinkEvent: NetlinkEvent::FindParam(): Parameter 'UID' not found
11-28 08:54:51.546  1787  1798 I chatty  : uid=1000(system) Binder_2 expire 2 lines
11-28 08:54:51.642  1787  2954 I chatty  : uid=1000(system) WifiService expire 2 lines
11-28 08:54:51.766  1787  1797 I chatty  : uid=1000(system) Binder_1 expire 2 lines
11-28 08:54:51.790  1787  3675 I chatty  : uid=1000(system) Binder_5 expire 1 line
11-28 08:55:17.218   305  1751 E NetlinkEvent: NetlinkEvent::FindParam(): Parameter 'UID' not found
11-28 08:55:17.218  1787  1787 I chatty  : uid=1000 system_server expire 11 lines
11-28 08:56:54.502   305  1751 E NetlinkEvent: NetlinkEvent::FindParam(): Parameter 'UID' not found
11-28 08:57:07.622   305  1751 E NetlinkEvent: NetlinkEvent::FindParam(): Parameter 'UID' not found
11-28 08:57:41.052  1787  6221 I chatty  : uid=1000(system) Binder_D expire 4 lines
11-28 08:57:41.059  1787  2955 I chatty  : uid=1000(system) ConnectivitySer expire 3 lines
11-28 08:57:41.123   305  1751 E NetlinkEvent: NetlinkEvent::FindParam(): Parameter 'UID' not found
11-28 08:57:41.124  1787  4628 I chatty  : uid=1000(system) Binder_9 expire 2 lines
11-28 08:57:41.134  1787  3031 I chatty  : uid=1000(system) Binder_4 expire 4 lines
11-28 08:57:41.214  1787  4201 I chatty  : uid=1000(system) Binder_7 expire 3 lines
11-28 08:57:41.216  1787  6215 I chatty  : uid=1000(system) Binder_A expire 1 line
11-28 08:57:41.326  1787  4627 I chatty  : uid=1000(system) Binder_8 expire 3 lines
11-28 08:57:41.664  1787  6220 I chatty  : uid=1000(system) Binder_C expire 3 lines
11-28 08:57:42.209  1787  1801 I chatty  : uid=1000(system) ActivityManager expire 1 line
11-28 08:57:45.797  1787  2914 I chatty  : uid=1000(system) AlarmManager expire 10 lines
11-28 08:57:53.214   305  1751 E NetlinkEvent: NetlinkEvent::FindParam(): Parameter 'UID' not found
11-28 08:58:11.446  1787  1787 I chatty  : uid=1000 system_server expire 13 lines
11-28 08:58:24.961   305  1751 E NetlinkEvent: NetlinkEvent::FindParam(): Parameter 'UID' not found
11-28 08:58:35.036   305  1751 E NetlinkEvent: NetlinkEvent::FindParam(): Parameter 'UID' not found
11-28 08:58:56.973   305  1751 E NetlinkEvent: NetlinkEvent::FindParam(): Parameter 'UID' not found
11-28 08:59:15.359   305  1751 E NetlinkEvent: NetlinkEvent::FindParam(): Parameter 'UID' not found
11-28 08:59:55.756   305  1751 E NetlinkEvent: NetlinkEvent::FindParam(): Parameter 'UID' not found
11-28 09:00:26.190   305  1751 E NetlinkEvent: NetlinkEvent::FindParam(): Parameter 'UID' not found
11-28 09:00:59.542  1787  2914 I chatty  : uid=1000(system) AlarmManager expire 18 lines
11-28 09:01:44.821   305  1751 E NetlinkEvent: NetlinkEvent::FindParam(): Parameter 'UID' not found
11-28 09:02:33.967   305  1751 E NetlinkEvent: NetlinkEvent::FindParam(): Parameter 'UID' not found
11-28 09:04:35.832  1787  1787 I chatty  : uid=1000 system_server expire 21 lines
11-28 09:08:10.292   305  1751 E NetlinkEvent: NetlinkEvent::FindParam(): Parameter 'UID' not found
11-28 09:08:24.876   305  1751 E NetlinkEvent: NetlinkEvent::FindParam(): Parameter 'UID' not found
11-28 09:08:47.720  1787  2914 I chatty  : uid=1000(system) AlarmManager expire 11 lines
11-28 09:08:47.737  1787  1787 I chatty  : uid=1000 system_server expire 17 lines
11-28 09:10:42.175   305  1751 E NetlinkEvent: NetlinkEvent::FindParam(): Parameter 'UID' not found
11-28 09:11:32.159   305  1751 E NetlinkEvent: NetlinkEvent::FindParam(): Parameter 'UID' not found
11-28 09:12:17.882  1787  2914 I chatty  : uid=1000(system) AlarmManager expire 12 lines
11-28 09:13:47.883   305  1751 E NetlinkEvent: NetlinkEvent::FindParam(): Parameter 'UID' not found
11-28 09:14:50.163   305  1751 E NetlinkEvent: NetlinkEvent::FindParam(): Parameter 'UID' not found
11-28 09:14:50.195  1787  1787 I chatty  : uid=1000 system_server expire 32 lines
11-28 09:16:40.415   305  1751 E NetlinkEvent: NetlinkEvent::FindParam(): Parameter 'UID' not found
11-28 09:17:02.785   305  1751 E NetlinkEvent: NetlinkEvent::FindParam(): Parameter 'UID' not found
11-28 09:18:03.084   305  1751 E NetlinkEvent: NetlinkEvent::FindParam(): Parameter 'UID' not found
11-28 09:18:03.088   305  1751 E NetlinkEvent: NetlinkEvent::FindParam(): Parameter 'UID' not found
11-28 09:18:03.091  1787  1803 I chatty  : uid=1000(system) android.fg expire 2 lines
11-28 09:20:51.157  1787  2914 I chatty  : uid=1000(system) AlarmManager expire 21 lines
11-28 09:29:56.158   305  1751 E NetlinkEvent: NetlinkEvent::FindParam(): Parameter 'UID' not found
11-28 09:29:56.164   305  1751 E NetlinkEvent: NetlinkEvent::FindParam(): Parameter 'UID' not found
11-28 09:29:56.165  1787  2914 I chatty  : uid=1000(system) AlarmManager expire 10 lines
11-28 09:29:56.197  1787  1787 I chatty  : uid=1000 system_server expire 13 lines
11-28 09:30:27.211   305  1751 E NetlinkEvent: NetlinkEvent::FindParam(): Parameter 'UID' not found
11-28 09:30:49.166   305  1751 E NetlinkEvent: NetlinkEvent::FindParam(): Parameter 'UID' not found
11-28 09:30:49.174  1787  1787 I chatty  : uid=1000 system_server expire 4 lines
11-28 09:31:02.191  1787  1806 I chatty  : uid=1000(system) android.display expire 2 lines
11-28 09:31:02.430   258   699 I chatty  : uid=1000(system) EventThread expire 1 line
11-28 09:31:02.923   305  1751 E NetlinkEvent: NetlinkEvent::FindParam(): Parameter 'UID' not found
11-28 09:31:03.152  1787  2914 I chatty  : uid=1000(system) AlarmManager expire 11 lines
11-28 09:31:05.391   258   699 I chatty  : uid=1000(system) EventThread expire 1 line
11-28 09:31:05.414  1787  1787 I chatty  : uid=1000 system_server expire 15 lines
11-28 09:31:05.715   258   258 I chatty  : uid=1000(system) /system/bin/surfaceflinger expire 2 lines
11-28 09:31:39.764   305  1751 E NetlinkEvent: NetlinkEvent::FindParam(): Parameter 'UID' not found
11-28 09:31:44.704   305  1751 E NetlinkEvent: NetlinkEvent::FindParam(): Parameter 'UID' not found
11-28 09:31:54.723   305  1751 E NetlinkEvent: NetlinkEvent::FindParam(): Parameter 'UID' not found
11-28 09:32:01.263   305  1751 E NetlinkEvent: NetlinkEvent::FindParam(): Parameter 'UID' not found
11-28 09:33:32.319   305  1751 E NetlinkEvent: NetlinkEvent::FindParam(): Parameter 'UID' not found
11-28 09:33:47.821   305  1751 E NetlinkEvent: NetlinkEvent::FindParam(): Parameter 'UID' not found
11-28 09:34:46.076   305  1751 E NetlinkEvent: NetlinkEvent::FindParam(): Parameter 'UID' not found
11-28 09:35:10.295   305  1751 E NetlinkEvent: NetlinkEvent::FindParam(): Parameter 'UID' not found
11-28 09:35:10.297   305  1751 E NetlinkEvent: NetlinkEvent::FindParam(): Parameter 'UID' not found
11-28 09:35:10.299  1787  1803 I chatty  : uid=1000(system) android.fg expire 3 lines
11-28 09:35:10.391   305  1751 E NetlinkEvent: NetlinkEvent::FindParam(): Parameter 'UID' not found
11-28 09:37:18.675   305  1751 E NetlinkEvent: NetlinkEvent::FindParam(): Parameter 'UID' not found
11-28 09:38:44.167  1787  2914 I chatty  : uid=1000(system) AlarmManager expire 13 lines
11-28 09:38:44.180   305  1751 E NetlinkEvent: NetlinkEvent::FindParam(): Parameter 'UID' not found
11-28 09:40:28.171   305  1751 E NetlinkEvent: NetlinkEvent::FindParam(): Parameter 'UID' not found
11-28 09:42:12.171  1787  1787 I chatty  : uid=1000 system_server expire 13 lines
11-28 09:42:46.953   305  1751 E NetlinkEvent: NetlinkEvent::FindParam(): Parameter 'UID' not found
11-28 09:42:46.953   305  1751 E NetlinkEvent: NetlinkEvent::FindParam(): Parameter 'UID' not found
11-28 09:46:44.375   305  1751 E NetlinkEvent: NetlinkEvent::FindParam(): Parameter 'UID' not found
11-28 09:46:44.426  1787  1801 I chatty  : uid=1000(system) ActivityManager expire 5 lines
11-28 09:46:44.951  1787  4628 I chatty  : uid=1000(system) Binder_9 expire 3 lines
11-28 09:46:45.622  1787  4627 I chatty  : uid=1000(system) Binder_8 expire 2 lines
11-28 09:47:07.826   305  1751 E NetlinkEvent: NetlinkEvent::FindParam(): Parameter 'UID' not found
11-28 09:47:55.171  1787  2914 I chatty  : uid=1000(system) AlarmManager expire 11 lines
11-28 09:47:55.190  1787  1787 I chatty  : uid=1000 system_server expire 11 lines
11-28 09:48:32.576   305  1751 E NetlinkEvent: NetlinkEvent::FindParam(): Parameter 'UID' not found
11-28 09:48:32.580   305  1751 E NetlinkEvent: NetlinkEvent::FindParam(): Parameter 'UID' not found
11-28 09:48:32.642   305  1751 E NetlinkEvent: NetlinkEvent::FindParam(): Parameter 'UID' not found
11-28 09:50:28.162   305  1751 E NetlinkEvent: NetlinkEvent::FindParam(): Parameter 'UID' not found
11-28 09:52:04.611   305  1751 E NetlinkEvent: NetlinkEvent::FindParam(): Parameter 'UID' not found
11-28 09:52:12.186  1787  2914 I chatty  : uid=1000(system) AlarmManager expire 19 lines
11-28 09:52:12.199  1787  1787 I chatty  : uid=1000 system_server expire 24 lines
11-28 09:54:37.174   305  1751 E NetlinkEvent: NetlinkEvent::FindParam(): Parameter 'UID' not found
11-28 10:06:34.390   305  1751 E NetlinkEvent: NetlinkEvent::FindParam(): Parameter 'UID' not found
11-28 10:06:45.912   305  1751 E NetlinkEvent: NetlinkEvent::FindParam(): Parameter 'UID' not found
11-28 10:08:25.682  1787  1787 I chatty  : uid=1000 system_server expire 11 lines
11-28 10:08:25.778  1787  2914 I chatty  : uid=1000(system) AlarmManager expire 16 lines
11-28 10:09:05.032  1787  1800 I chatty  : uid=1000(system) android.bg expire 6 lines
11-28 10:09:05.160  1787  3029 I chatty  : uid=1000(system) Binder_3 expire 3 lines
11-28 10:09:05.228  1787  3675 I chatty  : uid=1000(system) Binder_5 expire 3 lines
11-28 10:09:05.249  1787  6220 I chatty  : uid=1000(system) Binder_C expire 1 line
11-28 10:09:05.382  1787  6219 I chatty  : uid=1000(system) Binder_B expire 2 lines
11-28 10:09:05.447  1787  1797 I chatty  : uid=1000(system) Binder_1 expire 4 lines
11-28 10:09:05.775  1787  6215 I chatty  : uid=1000(system) Binder_A expire 1 line
11-28 10:09:05.911  1787  3031 I chatty  : uid=1000(system) Binder_4 expire 1 line
11-28 10:09:05.955  1787  6221 I chatty  : uid=1000(system) Binder_D expire 3 lines
11-28 10:09:06.096  1787  1798 I chatty  : uid=1000(system) Binder_2 expire 4 lines
11-28 10:09:08.148  1787  2955 I chatty  : uid=1000(system) ConnectivitySer expire 6 lines
11-28 10:09:08.152   305  1751 E NetlinkEvent: NetlinkEvent::FindParam(): Parameter 'UID' not found
11-28 10:10:26.955   305  1751 E NetlinkEvent: NetlinkEvent::FindParam(): Parameter 'UID' not found
11-28 10:11:19.361   305  1751 E NetlinkEvent: NetlinkEvent::FindParam(): Parameter 'UID' not found
11-28 10:11:36.006   305  1751 E NetlinkEvent: NetlinkEvent::FindParam(): Parameter 'UID' not found
11-28 10:11:41.092   305  1751 E NetlinkEvent: NetlinkEvent::FindParam(): Parameter 'UID' not found
11-28 10:12:11.240   305  1751 E NetlinkEvent: NetlinkEvent::FindParam(): Parameter 'UID' not found
11-28 10:12:11.279  1787  1787 I chatty  : uid=1000 system_server expire 10 lines
11-28 10:12:11.286   305  1751 E NetlinkEvent: NetlinkEvent::FindParam(): Parameter 'UID' not found
11-28 10:12:34.021   305  1751 E NetlinkEvent: NetlinkEvent::FindParam(): Parameter 'UID' not found
11-28 10:13:16.295   305  1751 E NetlinkEvent: NetlinkEvent::FindParam(): Parameter 'UID' not found
11-28 10:13:26.205   305  1751 E NetlinkEvent: NetlinkEvent::FindParam(): Parameter 'UID' not found
11-28 10:13:44.236  1787  2914 I chatty  : uid=1000(system) AlarmManager expire 13 lines
11-28 10:13:44.259   305  1751 E NetlinkEvent: NetlinkEvent::FindParam(): Parameter 'UID' not found
11-28 10:13:44.294  1787  1787 I chatty  : uid=1000 system_server expire 17 lines
11-28 10:14:05.197   305  1751 E NetlinkEvent: NetlinkEvent::FindParam(): Parameter 'UID' not found
11-28 10:14:05.287   305  1751 E NetlinkEvent: NetlinkEvent::FindParam(): Parameter 'UID' not found
11-28 10:14:30.071   305  1751 E NetlinkEvent: NetlinkEvent::FindParam(): Parameter 'UID' not found
11-28 10:15:26.002   305  1751 E NetlinkEvent: NetlinkEvent::FindParam(): Parameter 'UID' not found
11-28 10:15:26.003   305  1751 E NetlinkEvent: NetlinkEvent::FindParam(): Parameter 'UID' not found
11-28 10:15:46.506   305  1751 E NetlinkEvent: NetlinkEvent::FindParam(): Parameter 'UID' not found
11-28 10:16:19.226   305  1751 E NetlinkEvent: NetlinkEvent::FindParam(): Parameter 'UID' not found
11-28 10:18:07.867   305  1751 E NetlinkEvent: NetlinkEvent::FindParam(): Parameter 'UID' not found
11-28 10:18:26.240   305  1751 E NetlinkEvent: NetlinkEvent::FindParam(): Parameter 'UID' not found
11-28 10:18:26.266   305  1751 E NetlinkEvent: NetlinkEvent::FindParam(): Parameter 'UID' not found
11-28 10:18:37.817   305  1751 E NetlinkEvent: NetlinkEvent::FindParam(): Parameter 'UID' not found
11-28 10:18:38.632   305  1751 E NetlinkEvent: NetlinkEvent::FindParam(): Parameter 'UID' not found
11-28 10:18:51.589   305  1751 E NetlinkEvent: NetlinkEvent::FindParam(): Parameter 'UID' not found
11-28 10:19:29.230  1787  2914 I chatty  : uid=1000(system) AlarmManager expire 12 lines
11-28 10:19:29.237   305  1751 E NetlinkEvent: NetlinkEvent::FindParam(): Parameter 'UID' not found
11-28 10:19:29.244  1787  1787 I chatty  : uid=1000 system_server expire 12 lines
11-28 10:19:57.463   305  1751 E NetlinkEvent: NetlinkEvent::FindParam(): Parameter 'UID' not found
11-28 10:20:36.644   305  1751 E NetlinkEvent: NetlinkEvent::FindParam(): Parameter 'UID' not found
11-28 10:20:48.572   305  1751 E NetlinkEvent: NetlinkEvent::FindParam(): Parameter 'UID' not found
11-28 10:24:38.799   305  1751 E NetlinkEvent: NetlinkEvent::FindParam(): Parameter 'UID' not found
11-28 10:24:40.978  1787  2914 I chatty  : uid=1000(system) AlarmManager expire 15 lines
11-28 10:24:40.983  1787  1787 I chatty  : uid=1000 system_server expire 19 lines
11-28 10:24:52.334   305  1751 E NetlinkEvent: NetlinkEvent::FindParam(): Parameter 'UID' not found
11-28 10:32:26.740   305  1751 E NetlinkEvent: NetlinkEvent::FindParam(): Parameter 'UID' not found
11-28 10:33:37.003   305  1751 E NetlinkEvent: NetlinkEvent::FindParam(): Parameter 'UID' not found
11-28 10:34:51.241  1787  2914 I chatty  : uid=1000(system) AlarmManager expire 15 lines
11-28 10:34:51.281  1787  1787 I chatty  : uid=1000 system_server expire 12 lines
11-28 10:34:51.405   305  1751 E NetlinkEvent: NetlinkEvent::FindParam(): Parameter 'UID' not found
11-28 10:34:51.726  1787  2954 I chatty  : uid=1000(system) WifiService expire 3 lines
11-28 10:34:51.782  1787  6215 I chatty  : uid=1000(system) Binder_A expire 1 line
11-28 10:34:52.139  1787  6220 I chatty  : uid=1000(system) Binder_C expire 2 lines
11-28 10:34:56.277  1787  1801 I chatty  : uid=1000(system) ActivityManager expire 4 lines
11-28 10:35:21.537   305  1751 E NetlinkEvent: NetlinkEvent::FindParam(): Parameter 'UID' not found
11-28 10:35:21.548  1787  3677 I chatty  : uid=1000(system) Binder_6 expire 3 lines
11-28 10:35:21.776   305  1751 E NetlinkEvent: NetlinkEvent::FindParam(): Parameter 'UID' not found
11-28 10:35:31.797   305  1751 E NetlinkEvent: NetlinkEvent::FindParam(): Parameter 'UID' not found
11-28 10:35:32.018   305  1751 E NetlinkEvent: NetlinkEvent::FindParam(): Parameter 'UID' not found
11-28 10:35:42.036   305  1751 E NetlinkEvent: NetlinkEvent::FindParam(): Parameter 'UID' not found
11-28 10:35:45.776   305  1751 E NetlinkEvent: NetlinkEvent::FindParam(): Parameter 'UID' not found
11-28 10:36:11.182   305  1751 E NetlinkEvent: NetlinkEvent::FindParam(): Parameter 'UID' not found
11-28 10:37:27.176   305  1751 E NetlinkEvent: NetlinkEvent::FindParam(): Parameter 'UID' not found
11-28 10:37:27.204  1787  1787 I chatty  : uid=1000 system_server expire 11 lines
11-28 10:37:32.659  1787  2914 I chatty  : uid=1000(system) AlarmManager expire 10 lines
11-28 10:38:32.892   305  1751 E NetlinkEvent: NetlinkEvent::FindParam(): Parameter 'UID' not found
11-28 10:38:54.262   305  1751 E NetlinkEvent: NetlinkEvent::FindParam(): Parameter 'UID' not found
11-28 10:40:04.248   305  1751 E NetlinkEvent: NetlinkEvent::FindParam(): Parameter 'UID' not found
11-28 10:41:23.717   305  1751 E NetlinkEvent: NetlinkEvent::FindParam(): Parameter 'UID' not found
11-28 10:42:11.253   305  1751 E NetlinkEvent: NetlinkEvent::FindParam(): Parameter 'UID' not found
11-28 10:42:11.260  1787  2914 I chatty  : uid=1000(system) AlarmManager expire 15 lines
11-28 10:42:11.263  1787  1787 I chatty  : uid=1000 system_server expire 18 lines
11-28 10:44:04.706   305  1751 E NetlinkEvent: NetlinkEvent::FindParam(): Parameter 'UID' not found
11-28 10:45:16.211   305  1751 E NetlinkEvent: NetlinkEvent::FindParam(): Parameter 'UID' not found
11-28 10:45:18.459  1787  2955 I chatty  : uid=1000(system) ConnectivitySer expire 8 lines
11-28 10:45:18.528   305  1751 E NetlinkEvent: NetlinkEvent::FindParam(): Parameter 'UID' not found
11-28 10:45:18.568  1787  1797 I chatty  : uid=1000(system) Binder_1 expire 2 lines
11-28 10:45:18.853  1787  4628 I chatty  : uid=1000(system) Binder_9 expire 2 lines
11-28 10:45:18.954  1787  6219 I chatty  : uid=1000(system) Binder_B expire 1 line
11-28 10:45:18.972  1787  1798 I chatty  : uid=1000(system) Binder_2 expire 1 line
11-28 10:45:36.100   305  1751 E NetlinkEvent: NetlinkEvent::FindParam(): Parameter 'UID' not found
11-28 10:46:35.974   305  1751 E NetlinkEvent: NetlinkEvent::FindParam(): Parameter 'UID' not found
11-28 10:46:47.439   305  1751 E NetlinkEvent: NetlinkEvent::FindParam(): Parameter 'UID' not found
11-28 10:48:11.975  1787  1787 I chatty  : uid=1000 system_server expire 22 lines
11-28 10:49:25.062   305  1751 E NetlinkEvent: NetlinkEvent::FindParam(): Parameter 'UID' not found
11-28 10:50:14.753   305  1751 E NetlinkEvent: NetlinkEvent::FindParam(): Parameter 'UID' not found
11-28 10:51:32.988   305  1751 E NetlinkEvent: NetlinkEvent::FindParam(): Parameter 'UID' not found
11-28 10:51:48.955   305  1751 E NetlinkEvent: NetlinkEvent::FindParam(): Parameter 'UID' not found
11-28 10:53:35.167   305  1751 E NetlinkEvent: NetlinkEvent::FindParam(): Parameter 'UID' not found
11-28 10:54:02.308   305  1751 E NetlinkEvent: NetlinkEvent::FindParam(): Parameter 'UID' not found
11-28 10:54:27.970  1787  2914 I chatty  : uid=1000(system) AlarmManager expire 10 lines
11-28 10:54:28.209  1787  4627 I chatty  : uid=1000(system) Binder_8 expire 2 lines
11-28 10:54:31.024   305  1751 E NetlinkEvent: NetlinkEvent::FindParam(): Parameter 'UID' not found
11-28 10:54:55.740   305  1751 E NetlinkEvent: NetlinkEvent::FindParam(): Parameter 'UID' not found
11-28 10:55:35.949   305  1751 E NetlinkEvent: NetlinkEvent::FindParam(): Parameter 'UID' not found
11-28 10:56:16.317   305  1751 E NetlinkEvent: NetlinkEvent::FindParam(): Parameter 'UID' not found
11-28 10:58:58.431   305  1751 E NetlinkEvent: NetlinkEvent::FindParam(): Parameter 'UID' not found
11-28 10:58:58.437   305  1751 E NetlinkEvent: NetlinkEvent::FindParam(): Parameter 'UID' not found
11-28 10:58:59.933   305  1751 E NetlinkEvent: NetlinkEvent::FindParam(): Parameter 'UID' not found
11-28 10:59:54.443   305  1751 E NetlinkEvent: NetlinkEvent::FindParam(): Parameter 'UID' not found
11-28 11:00:26.354   305  1751 E NetlinkEvent: NetlinkEvent::FindParam(): Parameter 'UID' not found
11-28 11:00:28.003  1787  2914 I chatty  : uid=1000(system) AlarmManager expire 10 lines
11-28 11:00:28.017  1787  1787 I chatty  : uid=1000 system_server expire 14 lines
11-28 11:00:59.297   305  1751 E NetlinkEvent: NetlinkEvent::FindParam(): Parameter 'UID' not found
11-28 11:00:59.384   305  1751 E NetlinkEvent: NetlinkEvent::FindParam(): Parameter 'UID' not found
11-28 11:01:33.700   305  1751 E NetlinkEvent: NetlinkEvent::FindParam(): Parameter 'UID' not found
11-28 11:01:34.548   305  1751 E NetlinkEvent: NetlinkEvent::FindParam(): Parameter 'UID' not found
11-28 11:02:59.175   305  1751 E NetlinkEvent: NetlinkEvent::FindParam(): Parameter 'UID' not found
11-28 11:02:59.941  1787  1806 I chatty  : uid=1000(system) android.display expire 3 lines
11-28 11:03:00.176   258   699 I chatty  : uid=1000(system) EventThread expire 3 lines
11-28 11:03:00.455   258   258 I chatty  : uid=1000(system) /system/bin/surfaceflinger expire 12 lines
11-28 11:03:00.530  1787  4201 I chatty  : uid=1000(system) Binder_7 expire 2 lines
11-28 11:03:00.534  1787  1787 I chatty  : uid=1000 system_server expire 12 lines
11-28 11:03:00.539  1787  1803 I chatty  : uid=1000(system) android.fg expire 2 lines
11-28 11:03:00.572  1787  2914 I chatty  : uid=1000(system) AlarmManager expire 8 lines
11-28 11:03:00.675  1787  6221 I chatty  : uid=1000(system) Binder_D expire 2 lines
11-28 11:03:00.752  1787  3031 I chatty  : uid=1000(system) Binder_4 expire 2 lines
11-28 11:03:02.918   305  1751 E NetlinkEvent: NetlinkEvent::FindParam(): Parameter 'UID' not found
11-28 11:03:03.832 22404 22404 I chatty  : uid=1000(system) expire 2 lines
11-28 11:03:08.205  1787  2916 I chatty  : uid=1000(system) InputReader expire 1 line
11-28 11:03:08.998  1787  1809 I chatty  : uid=1000(system) PowerManagerSer expire 2 lines
11-28 11:03:09.253  3000  3000 D StatusBarKeyguardViewManager: showKeyguard, but hide Bouncer
11-28 11:03:24.975   305  1751 E NetlinkEvent: NetlinkEvent::FindParam(): Parameter 'UID' not found
11-28 11:03:24.985   305  1751 E NetlinkEvent: NetlinkEvent::FindParam(): Parameter 'UID' not found
11-28 11:03:24.990  1787  1787 I chatty  : uid=1000 system_server expire 11 lines
11-28 11:03:36.532   305  1751 E NetlinkEvent: NetlinkEvent::FindParam(): Parameter 'UID' not found
11-28 11:03:39.058   305  1751 E NetlinkEvent: NetlinkEvent::FindParam(): Parameter 'UID' not found
11-28 11:03:50.173   305  1751 E NetlinkEvent: NetlinkEvent::FindParam(): Parameter 'UID' not found
11-28 11:03:51.475   305  1751 E NetlinkEvent: NetlinkEvent::FindParam(): Parameter 'UID' not found
11-28 11:04:32.553   305  1751 E NetlinkEvent: NetlinkEvent::FindParam(): Parameter 'UID' not found
11-28 11:04:32.563  1787  3029 I chatty  : uid=1000(system) Binder_3 expire 1 line
11-28 11:04:33.438   305  1751 E NetlinkEvent: NetlinkEvent::FindParam(): Parameter 'UID' not found
11-28 11:04:59.813   305  1751 E NetlinkEvent: NetlinkEvent::FindParam(): Parameter 'UID' not found
11-28 11:05:00.002  1787  2914 I chatty  : uid=1000(system) AlarmManager expire 11 lines
11-28 11:05:27.276   305  1751 E NetlinkEvent: NetlinkEvent::FindParam(): Parameter 'UID' not found
11-28 11:05:49.264   305  1751 E NetlinkEvent: NetlinkEvent::FindParam(): Parameter 'UID' not found
11-28 11:05:50.338  1787  1787 I chatty  : uid=1000 system_server expire 13 lines
11-28 11:06:29.222   305  1751 E NetlinkEvent: NetlinkEvent::FindParam(): Parameter 'UID' not found
11-28 11:06:40.995   305  1751 E NetlinkEvent: NetlinkEvent::FindParam(): Parameter 'UID' not found
11-28 11:06:42.028  1787  2914 I chatty  : uid=1000(system) AlarmManager expire 14 lines
11-28 11:08:40.192   305  1751 E NetlinkEvent: NetlinkEvent::FindParam(): Parameter 'UID' not found
11-28 11:08:52.174   305  1751 E NetlinkEvent: NetlinkEvent::FindParam(): Parameter 'UID' not found
11-28 11:09:10.994  1787  1787 I chatty  : uid=1000 system_server expire 16 lines
11-28 11:09:10.998   305  1751 E NetlinkEvent: NetlinkEvent::FindParam(): Parameter 'UID' not found
11-28 11:09:26.061   305  1751 E NetlinkEvent: NetlinkEvent::FindParam(): Parameter 'UID' not found
11-28 11:09:26.492  1787  2914 I chatty  : uid=1000(system) AlarmManager expire 14 lines
11-28 11:12:11.013   305  1751 E NetlinkEvent: NetlinkEvent::FindParam(): Parameter 'UID' not found
11-28 11:12:11.016  1787  1787 I chatty  : uid=1000 system_server expire 12 lines
11-28 11:12:44.145   305  1751 E NetlinkEvent: NetlinkEvent::FindParam(): Parameter 'UID' not found
11-28 11:12:45.199  1787  2914 I chatty  : uid=1000(system) AlarmManager expire 13 lines
11-28 11:12:54.078   305  1751 E NetlinkEvent: NetlinkEvent::FindParam(): Parameter 'UID' not found
11-28 11:13:10.981   305  1751 E NetlinkEvent: NetlinkEvent::FindParam(): Parameter 'UID' not found
11-28 11:13:10.992   305  1751 E NetlinkEvent: NetlinkEvent::FindParam(): Parameter 'UID' not found
11-28 11:13:25.967   305  1751 E NetlinkEvent: NetlinkEvent::FindParam(): Parameter 'UID' not found
11-28 11:13:26.737   305  1751 E NetlinkEvent: NetlinkEvent::FindParam(): Parameter 'UID' not found
11-28 11:14:43.042   305  1751 E NetlinkEvent: NetlinkEvent::FindParam(): Parameter 'UID' not found
11-28 11:15:07.433   305  1751 E NetlinkEvent: NetlinkEvent::FindParam(): Parameter 'UID' not found
11-28 11:15:11.025  1787  1787 I chatty  : uid=1000 system_server expire 13 lines
11-28 11:15:20.389   305  1751 E NetlinkEvent: NetlinkEvent::FindParam(): Parameter 'UID' not found
11-28 11:15:22.111  1787  2914 I chatty  : uid=1000(system) AlarmManager expire 12 lines
11-28 11:17:54.844   305  1751 E NetlinkEvent: NetlinkEvent::FindParam(): Parameter 'UID' not found
11-28 11:18:00.507  1787  1787 I chatty  : uid=1000 system_server expire 27 lines
11-28 11:18:07.469   305  1751 E NetlinkEvent: NetlinkEvent::FindParam(): Parameter 'UID' not found
11-28 11:18:08.566   305  1751 E NetlinkEvent: NetlinkEvent::FindParam(): Parameter 'UID' not found
11-28 11:18:21.377   305  1751 E NetlinkEvent: NetlinkEvent::FindParam(): Parameter 'UID' not found
11-28 11:18:22.420  1787  2914 I chatty  : uid=1000(system) AlarmManager expire 24 lines
11-28 11:18:23.266   305  1751 E NetlinkEvent: NetlinkEvent::FindParam(): Parameter 'UID' not found
11-28 11:18:27.455  1787  1801 I chatty  : uid=1000(system) ActivityManager expire 3 lines
11-28 11:18:39.894   305  1751 E NetlinkEvent: NetlinkEvent::FindParam(): Parameter 'UID' not found
11-28 11:18:40.094   305  1751 E NetlinkEvent: NetlinkEvent::FindParam(): Parameter 'UID' not found
11-28 11:19:08.263   305  1751 E NetlinkEvent: NetlinkEvent::FindParam(): Parameter 'UID' not found
11-28 11:19:30.684   305  1751 E NetlinkEvent: NetlinkEvent::FindParam(): Parameter 'UID' not found
11-28 11:19:55.434   305  1751 E NetlinkEvent: NetlinkEvent::FindParam(): Parameter 'UID' not found
11-28 11:30:26.218   305  1751 E NetlinkEvent: NetlinkEvent::FindParam(): Parameter 'UID' not found
11-28 11:32:20.823   305  1751 E NetlinkEvent: NetlinkEvent::FindParam(): Parameter 'UID' not found
11-28 11:32:21.579   305  1751 E NetlinkEvent: NetlinkEvent::FindParam(): Parameter 'UID' not found
11-28 11:32:41.454   305  1751 E NetlinkEvent: NetlinkEvent::FindParam(): Parameter 'UID' not found
11-28 11:32:54.305  1787  2914 I chatty  : uid=1000(system) AlarmManager expire 12 lines
11-28 11:32:54.318  1787  1787 I chatty  : uid=1000 system_server expire 17 lines
11-28 11:33:28.996   305  1751 E NetlinkEvent: NetlinkEvent::FindParam(): Parameter 'UID' not found
11-28 11:33:45.309   305  1751 E NetlinkEvent: NetlinkEvent::FindParam(): Parameter 'UID' not found
11-28 11:34:55.039   305  1751 E NetlinkEvent: NetlinkEvent::FindParam(): Parameter 'UID' not found
11-28 11:35:30.125   305  1751 E NetlinkEvent: NetlinkEvent::FindParam(): Parameter 'UID' not found
11-28 11:35:36.147   305  1751 E NetlinkEvent: NetlinkEvent::FindParam(): Parameter 'UID' not found
11-28 11:35:46.167   305  1751 E NetlinkEvent: NetlinkEvent::FindParam(): Parameter 'UID' not found
11-28 11:36:10.828  1787  1787 I chatty  : uid=1000 system_server expire 11 lines
11-28 11:36:11.091   305  1751 E NetlinkEvent: NetlinkEvent::FindParam(): Parameter 'UID' not found
11-28 11:36:11.508  1787  2914 I chatty  : uid=1000(system) AlarmManager expire 12 lines
11-28 11:36:24.300   305  1751 E NetlinkEvent: NetlinkEvent::FindParam(): Parameter 'UID' not found
11-28 11:36:35.408   305  1751 E NetlinkEvent: NetlinkEvent::FindParam(): Parameter 'UID' not found
11-28 11:36:35.413   305  1751 E NetlinkEvent: NetlinkEvent::FindParam(): Parameter 'UID' not found
11-28 11:36:35.425   305  1751 E NetlinkEvent: NetlinkEvent::FindParam(): Parameter 'UID' not found
11-28 11:36:53.992   305  1751 E NetlinkEvent: NetlinkEvent::FindParam(): Parameter 'UID' not found
11-28 11:36:53.998   305  1751 E NetlinkEvent: NetlinkEvent::FindParam(): Parameter 'UID' not found
11-28 11:37:08.546   305  1751 E NetlinkEvent: NetlinkEvent::FindParam(): Parameter 'UID' not found
11-28 11:37:09.556   305  1751 E NetlinkEvent: NetlinkEvent::FindParam(): Parameter 'UID' not found
11-28 11:37:09.644  1787  1787 I chatty  : uid=1000 system_server expire 11 lines
11-28 11:37:32.748   305  1751 E NetlinkEvent: NetlinkEvent::FindParam(): Parameter 'UID' not found
11-28 11:37:34.495   305  1751 E NetlinkEvent: NetlinkEvent::FindParam(): Parameter 'UID' not found
11-28 11:37:51.370   305  1751 E NetlinkEvent: NetlinkEvent::FindParam(): Parameter 'UID' not found
11-28 11:37:51.395   305  1751 E NetlinkEvent: NetlinkEvent::FindParam(): Parameter 'UID' not found
11-28 11:38:57.880   305  1751 E NetlinkEvent: NetlinkEvent::FindParam(): Parameter 'UID' not found
11-28 11:38:57.996   305  1751 E NetlinkEvent: NetlinkEvent::FindParam(): Parameter 'UID' not found
11-28 11:39:15.549   305  1751 E NetlinkEvent: NetlinkEvent::FindParam(): Parameter 'UID' not found
11-28 11:39:15.588   305  1751 E NetlinkEvent: NetlinkEvent::FindParam(): Parameter 'UID' not found
11-28 11:39:29.940   305  1751 E NetlinkEvent: NetlinkEvent::FindParam(): Parameter 'UID' not found
11-28 11:39:29.962   305  1751 E NetlinkEvent: NetlinkEvent::FindParam(): Parameter 'UID' not found
11-28 11:39:44.993   305  1751 E NetlinkEvent: NetlinkEvent::FindParam(): Parameter 'UID' not found
11-28 11:40:29.463   305  1751 E NetlinkEvent: NetlinkEvent::FindParam(): Parameter 'UID' not found
11-28 11:40:40.664   305  1751 E NetlinkEvent: NetlinkEvent::FindParam(): Parameter 'UID' not found
11-28 11:40:41.502   305  1751 E NetlinkEvent: NetlinkEvent::FindParam(): Parameter 'UID' not found
11-28 11:40:41.672  1787  2914 I chatty  : uid=1000(system) AlarmManager expire 9 lines
11-28 11:41:03.324   305  1751 E NetlinkEvent: NetlinkEvent::FindParam(): Parameter 'UID' not found
11-28 11:41:03.822  1787  6221 I chatty  : uid=1000(system) Binder_D expire 1 line
11-28 11:41:03.827   305  1751 E NetlinkEvent: NetlinkEvent::FindParam(): Parameter 'UID' not found
11-28 11:41:04.626  1787  4627 I chatty  : uid=1000(system) Binder_8 expire 1 line
11-28 11:41:38.218   305  1751 E NetlinkEvent: NetlinkEvent::FindParam(): Parameter 'UID' not found
11-28 11:41:39.232   305  1751 E NetlinkEvent: NetlinkEvent::FindParam(): Parameter 'UID' not found
11-28 11:42:10.990   305  1751 E NetlinkEvent: NetlinkEvent::FindParam(): Parameter 'UID' not found
11-28 11:42:11.033   305  1751 E NetlinkEvent: NetlinkEvent::FindParam(): Parameter 'UID' not found
11-28 11:42:11.060  1787  1787 I chatty  : uid=1000 system_server expire 17 lines
11-28 11:42:45.698   305  1751 E NetlinkEvent: NetlinkEvent::FindParam(): Parameter 'UID' not found
11-28 11:42:45.853   305  1751 E NetlinkEvent: NetlinkEvent::FindParam(): Parameter 'UID' not found
11-28 11:43:12.988   305  1751 E NetlinkEvent: NetlinkEvent::FindParam(): Parameter 'UID' not found
11-28 11:43:12.989  1787  2914 I chatty  : uid=1000(system) AlarmManager expire 10 lines
11-28 11:43:52.776   305  1751 E NetlinkEvent: NetlinkEvent::FindParam(): Parameter 'UID' not found
11-28 11:43:52.786   305  1751 E NetlinkEvent: NetlinkEvent::FindParam(): Parameter 'UID' not found
11-28 11:43:52.805   305  1751 E NetlinkEvent: NetlinkEvent::FindParam(): Parameter 'UID' not found
11-28 11:45:25.402   305  1751 E NetlinkEvent: NetlinkEvent::FindParam(): Parameter 'UID' not found
11-28 11:46:12.014   305  1751 E NetlinkEvent: NetlinkEvent::FindParam(): Parameter 'UID' not found
11-28 11:46:37.993   305  1751 E NetlinkEvent: NetlinkEvent::FindParam(): Parameter 'UID' not found
11-28 11:46:37.998  1787  1787 I chatty  : uid=1000 system_server expire 11 lines
11-28 11:46:38.001   305  1751 E NetlinkEvent: NetlinkEvent::FindParam(): Parameter 'UID' not found
11-28 11:46:49.456   305  1751 E NetlinkEvent: NetlinkEvent::FindParam(): Parameter 'UID' not found
11-28 11:46:49.838  1787  2914 I chatty  : uid=1000(system) AlarmManager expire 11 lines
11-28 11:46:50.157   305  1751 E NetlinkEvent: NetlinkEvent::FindParam(): Parameter 'UID' not found
11-28 11:46:55.367  1787  1801 I chatty  : uid=1000(system) ActivityManager expire 7 lines
11-28 11:46:55.769  1787  6215 I chatty  : uid=1000(system) Binder_A expire 7 lines
11-28 11:47:11.523   305  1751 E NetlinkEvent: NetlinkEvent::FindParam(): Parameter 'UID' not found
11-28 11:48:00.342   305  1751 E NetlinkEvent: NetlinkEvent::FindParam(): Parameter 'UID' not found
11-28 11:48:08.434  1787  1787 I chatty  : uid=1000 system_server expire 13 lines
11-28 11:48:10.709   305  1751 E NetlinkEvent: NetlinkEvent::FindParam(): Parameter 'UID' not found
11-28 11:48:11.053   305  1751 E NetlinkEvent: NetlinkEvent::FindParam(): Parameter 'UID' not found
11-28 11:48:21.541  1787  2914 I chatty  : uid=1000(system) AlarmManager expire 10 lines
11-28 11:48:21.823   305  1751 E NetlinkEvent: NetlinkEvent::FindParam(): Parameter 'UID' not found
11-28 11:49:06.866   305  1751 E NetlinkEvent: NetlinkEvent::FindParam(): Parameter 'UID' not found
11-28 11:49:16.600   305  1751 E NetlinkEvent: NetlinkEvent::FindParam(): Parameter 'UID' not found
11-28 11:49:21.559  1787  1787 I chatty  : uid=1000 system_server expire 10 lines
11-28 11:49:32.252   305  1751 E NetlinkEvent: NetlinkEvent::FindParam(): Parameter 'UID' not found
11-28 11:49:46.803   305  1751 E NetlinkEvent: NetlinkEvent::FindParam(): Parameter 'UID' not found
11-28 11:49:47.163   305  1751 E NetlinkEvent: NetlinkEvent::FindParam(): Parameter 'UID' not found
11-28 11:49:47.805  1787  2914 I chatty  : uid=1000(system) AlarmManager expire 10 lines
11-28 11:50:25.987   305  1751 E NetlinkEvent: NetlinkEvent::FindParam(): Parameter 'UID' not found
11-28 11:50:53.078   305  1751 E NetlinkEvent: NetlinkEvent::FindParam(): Parameter 'UID' not found
11-28 11:50:53.086   305  1751 E NetlinkEvent: NetlinkEvent::FindParam(): Parameter 'UID' not found
11-28 11:50:53.271   305  1751 E NetlinkEvent: NetlinkEvent::FindParam(): Parameter 'UID' not found
11-28 11:51:07.991   305  1751 E NetlinkEvent: NetlinkEvent::FindParam(): Parameter 'UID' not found
11-28 11:51:08.017   305  1751 E NetlinkEvent: NetlinkEvent::FindParam(): Parameter 'UID' not found
11-28 11:51:08.049  1787  1787 I chatty  : uid=1000 system_server expire 12 lines
11-28 11:51:16.699  1787  2914 I chatty  : uid=1000(system) AlarmManager expire 16 lines
11-28 11:51:57.270   305  1751 E NetlinkEvent: NetlinkEvent::FindParam(): Parameter 'UID' not found
11-28 11:52:47.674   305  1751 E NetlinkEvent: NetlinkEvent::FindParam(): Parameter 'UID' not found
11-28 11:52:52.551  3640  3640 D MccTable: updateMccMncConfiguration mccmnc='null' fromServiceState=true
11-28 11:52:52.551  3640  3640 D MccTable: WIFI_COUNTRY_CODE set to 
11-28 11:52:52.551  1787  6221 I chatty  : uid=1000(system) Binder_D expire 9 lines
11-28 11:52:52.595  3460  3460 I chatty  : uid=1000(system) com.motorola.modemservice expire 2 lines
11-28 11:52:52.611  1787  2955 I chatty  : uid=1000(system) ConnectivitySer expire 15 lines
11-28 11:52:52.630  3627  3627 I chatty  : uid=1000(system) com.motorola.process.system expire 2 lines
11-28 11:53:09.981   305  1751 E NetlinkEvent: NetlinkEvent::FindParam(): Parameter 'UID' not found
11-28 11:53:10.001  1787  4201 I chatty  : uid=1000(system) Binder_7 expire 10 lines
11-28 11:53:10.059  1787  1798 I chatty  : uid=1000(system) Binder_2 expire 8 lines
11-28 11:53:10.101  1787  4627 I chatty  : uid=1000(system) Binder_8 expire 1 line
11-28 11:53:10.139  1787  2943 I chatty  : uid=1000(system) NetworkPolicy expire 1 line
11-28 11:53:10.161   305  1751 E NetlinkEvent: NetlinkEvent::FindParam(): Parameter 'UID' not found
11-28 11:53:10.760  1787  4628 I chatty  : uid=1000(system) Binder_9 expire 5 lines
11-28 11:53:10.780  1787  6220 I chatty  : uid=1000(system) Binder_C expire 8 lines
11-28 11:53:10.784  1787  3677 I chatty  : uid=1000(system) Binder_6 expire 3 lines
11-28 11:53:12.897  1787  6219 I chatty  : uid=1000(system) Binder_B expire 4 lines
11-28 11:53:12.990  3640  3640 D MccTable: updateMccMncConfiguration mccmnc='26207' fromServiceState=true
11-28 11:53:12.992  3640  3640 D MccTable: updateMccMncConfiguration defaultMccMnc=26207
11-28 11:53:12.992  3640  3640 D MccTable: updateMccMncConfiguration: mcc=262, mnc=7
11-28 11:53:12.992  3640  3640 D MccTable: WIFI_COUNTRY_CODE set to de
11-28 11:53:12.992  1787  1797 I chatty  : uid=1000(system) Binder_1 expire 5 lines
11-28 11:53:12.995  1787  2949 I chatty  : uid=1000(system) WifiP2pService expire 2 lines
11-28 11:53:13.120  1787  3031 I chatty  : uid=1000(system) Binder_4 expire 5 lines
11-28 11:53:15.828  1787  1800 I chatty  : uid=1000(system) android.bg expire 1 line
11-28 11:53:29.083  1787  2955 I chatty  : uid=1000(system) ConnectivitySer expire 5 lines
11-28 11:53:59.956   305  1751 E NetlinkEvent: NetlinkEvent::FindParam(): Parameter 'UID' not found
11-28 11:54:06.627   305  1751 E NetlinkEvent: NetlinkEvent::FindParam(): Parameter 'UID' not found
11-28 11:54:07.159  1787  3675 I chatty  : uid=1000(system) Binder_5 expire 2 lines
11-28 11:54:24.682   305  1751 E NetlinkEvent: NetlinkEvent::FindParam(): Parameter 'UID' not found
11-28 11:54:49.336   305  1751 E NetlinkEvent: NetlinkEvent::FindParam(): Parameter 'UID' not found
11-28 11:55:06.909   305  1751 E NetlinkEvent: NetlinkEvent::FindParam(): Parameter 'UID' not found
11-28 11:55:47.382   305  1751 E NetlinkEvent: NetlinkEvent::FindParam(): Parameter 'UID' not found
11-28 11:56:02.936   305  1751 E NetlinkEvent: NetlinkEvent::FindParam(): Parameter 'UID' not found
11-28 11:56:03.608   305  1751 E NetlinkEvent: NetlinkEvent::FindParam(): Parameter 'UID' not found
11-28 11:56:14.232   305  1751 E NetlinkEvent: NetlinkEvent::FindParam(): Parameter 'UID' not found
11-28 11:56:49.383  1787  1787 I chatty  : uid=1000 system_server expire 14 lines
11-28 11:56:49.408   305  1751 E NetlinkEvent: NetlinkEvent::FindParam(): Parameter 'UID' not found
11-28 11:57:03.851   305  1751 E NetlinkEvent: NetlinkEvent::FindParam(): Parameter 'UID' not found
11-28 11:57:22.946   305  1751 E NetlinkEvent: NetlinkEvent::FindParam(): Parameter 'UID' not found
11-28 11:57:35.299   305  1751 E NetlinkEvent: NetlinkEvent::FindParam(): Parameter 'UID' not found
11-28 11:57:47.239   305  1751 E NetlinkEvent: NetlinkEvent::FindParam(): Parameter 'UID' not found
11-28 11:57:47.242   305  1751 E NetlinkEvent: NetlinkEvent::FindParam(): Parameter 'UID' not found
11-28 11:57:47.245  1787  1803 I chatty  : uid=1000(system) android.fg expire 1 line
11-28 11:58:09.348   305  1751 E NetlinkEvent: NetlinkEvent::FindParam(): Parameter 'UID' not found
11-28 11:58:17.454   305  1751 E NetlinkEvent: NetlinkEvent::FindParam(): Parameter 'UID' not found
11-28 11:58:37.269   305  1751 E NetlinkEvent: NetlinkEvent::FindParam(): Parameter 'UID' not found
11-28 11:59:14.095  1787  2914 I chatty  : uid=1000(system) AlarmManager expire 11 lines
11-28 11:59:14.100   305  1751 E NetlinkEvent: NetlinkEvent::FindParam(): Parameter 'UID' not found
11-28 11:59:14.130   305  1751 E NetlinkEvent: NetlinkEvent::FindParam(): Parameter 'UID' not found
11-28 11:59:14.131  1787  1787 I chatty  : uid=1000 system_server expire 10 lines
11-28 11:59:34.188   305  1751 E NetlinkEvent: NetlinkEvent::FindParam(): Parameter 'UID' not found
11-28 12:01:52.600  1787  1797 I chatty  : uid=1000(system) Binder_1 expire 3 lines
11-28 12:01:52.845  1787  6221 I chatty  : uid=1000(system) Binder_D expire 4 lines
11-28 12:01:52.952   305  1751 E NetlinkEvent: NetlinkEvent::FindParam(): Parameter 'UID' not found
11-28 12:01:52.976  1787  1787 I chatty  : uid=1000 system_server expire 18 lines
11-28 12:02:04.966   305  1751 E NetlinkEvent: NetlinkEvent::FindParam(): Parameter 'UID' not found
11-28 12:03:04.835  1787  2914 I chatty  : uid=1000(system) AlarmManager expire 16 lines
11-28 12:03:04.837   305  1751 E NetlinkEvent: NetlinkEvent::FindParam(): Parameter 'UID' not found
11-28 12:03:24.467   305  1751 E NetlinkEvent: NetlinkEvent::FindParam(): Parameter 'UID' not found
11-28 12:03:25.516  1787  6215 I chatty  : uid=1000(system) Binder_A expire 6 lines
