11-22 19:37:01.089  1789  3015 W InputDispatcher: Attempted to unregister already unregistered input channel 'a774ac4 SeniorenApp.SeniorenApp/md54259e6513023dd8c68a5505c80f1ae41.ManualPhoneCall (server)'
11-22 19:37:01.108  1789  3779 I ActivityManager: Start proc 8675:SeniorenApp.SeniorenApp/u0a141 for activity SeniorenApp.SeniorenApp/md54259e6513023dd8c68a5505c80f1ae41.MainActivity
11-22 19:37:01.139  1789  1808 W AppOps  : Finishing op nesting under-run: uid 1000 pkg android code 24 time=0 duration=0 nesting=0
11-22 19:37:01.182  8675  8675 W monodroid: Trying to load sgen from: /data/app/SeniorenApp.SeniorenApp-1/lib/arm/libmonosgen-2.0.so
11-22 19:37:01.206  8675  8675 W         : No fast tls on device. Using fallbacks. Current implementation : 
11-22 19:37:01.206  8675  8675 W         : 0xb5104b0f 0xda114298 0xf020490e 0xee1d4000 0x44794f70 0xf85100c2 0x68631030 0xd50707cc 0x6e54441a 0xd103428c 0xbd106e90 0xbd102000 0xeb03300c 0x20000cc0 0x8f8cc 0xbf00bd10 
11-22 19:37:01.231  8675  8675 W monodroid-gc: GREF GC Threshold: 46080
11-22 19:37:01.236  8675  8675 W monodroid: Calling into managed runtime init
11-22 19:37:01.394  1789  1808 W WindowAnimator: Failed to dispatch window animation state change.
11-22 19:37:01.394  1789  1808 W WindowAnimator: android.os.DeadObjectException
11-22 19:37:01.394  1789  1808 W WindowAnimator: 	at android.os.BinderProxy.transactNative(Native Method)
11-22 19:37:01.394  1789  1808 W WindowAnimator: 	at android.os.BinderProxy.transact(Binder.java:503)
11-22 19:37:01.394  1789  1808 W WindowAnimator: 	at android.view.IWindow$Stub$Proxy.onAnimationStopped(IWindow.java:534)
11-22 19:37:01.394  1789  1808 W WindowAnimator: 	at com.android.server.wm.WindowAnimator.updateWindowsLocked(WindowAnimator.java:286)
11-22 19:37:01.394  1789  1808 W WindowAnimator: 	at com.android.server.wm.WindowAnimator.animateLocked(WindowAnimator.java:678)
11-22 19:37:01.394  1789  1808 W WindowAnimator: 	at com.android.server.wm.WindowAnimator.-wrap0(WindowAnimator.java)
11-22 19:37:01.394  1789  1808 W WindowAnimator: 	at com.android.server.wm.WindowAnimator$1.doFrame(WindowAnimator.java:123)
11-22 19:37:01.394  1789  1808 W WindowAnimator: 	at android.view.Choreographer$CallbackRecord.run(Choreographer.java:856)
11-22 19:37:01.394  1789  1808 W WindowAnimator: 	at android.view.Choreographer.doCallbacks(Choreographer.java:670)
11-22 19:37:01.394  1789  1808 W WindowAnimator: 	at android.view.Choreographer.doFrame(Choreographer.java:603)
11-22 19:37:01.394  1789  1808 W WindowAnimator: 	at android.view.Choreographer$FrameDisplayEventReceiver.run(Choreographer.java:844)
11-22 19:37:01.394  1789  1808 W WindowAnimator: 	at android.os.Handler.handleCallback(Handler.java:746)
11-22 19:37:01.394  1789  1808 W WindowAnimator: 	at android.os.Handler.dispatchMessage(Handler.java:95)
11-22 19:37:01.394  1789  1808 W WindowAnimator: 	at android.os.Looper.loop(Looper.java:148)
11-22 19:37:01.394  1789  1808 W WindowAnimator: 	at android.os.HandlerThread.run(HandlerThread.java:61)
11-22 19:37:01.394  1789  1808 W WindowAnimator: 	at com.android.server.ServiceThread.run(ServiceThread.java:46)
11-22 19:37:01.493   258   258 I SFPerfTracer:       trigger: compose    (20.497 ms)	(3.831 ms off for 5 triggers)	(5 triggers)	(8 composes)
11-22 19:37:01.493   258   258 I SFPerfTracer:       trigger: render     (31.957 ms)	(6.957 ms off for 8 triggers)	(8 triggers)	(8 renders)
11-22 19:37:01.978  8675  8675 I Accessory: textbox initialized
11-22 19:37:02.002  8675  8675 I Accessory: accessory attached
11-22 19:37:02.010  8675  8675 I Accessory: Connection : created.
11-22 19:37:02.011  8675  8675 I Accessory: OpenConnection : called.
11-22 19:37:02.014  8675  8675 I Accessory: OpenConnection : fileDescriptor created.
11-22 19:37:02.021  8675  8675 I Accessory: OpenConnection : Streams retrieved.
11-22 19:37:02.045  8675  8675 I Accessory: Connection : task created.
11-22 19:37:02.063  8675  8675 I Accessory: SendData : called.
11-22 19:37:02.076  8675  8675 I Accessory: SendData : hallo sent.
11-22 19:37:02.086  8675  8690 I Accessory: ReceiveData : called.
11-22 19:37:02.153  1789  6032 W InputMethodManagerService: Got RemoteException sending setActive(false) notification to pid 8621 uid 10141
11-22 19:37:02.155  1789  1808 I ActivityManager: Displayed SeniorenApp.SeniorenApp/md54259e6513023dd8c68a5505c80f1ae41.MainActivity: +1s62ms
11-22 19:37:02.180   258   258 I SFPerfTracer:      triggers: (rate: 5:360) (compose: 1:12) (post: 0:5) (render: 1:21) (1:1892 frames) (2:2467)
11-22 19:37:02.180   258   258 D SFPerfTracer:        layers: (3:14) (FocusedStackFrame (0xb8efb238): 1:73)* (StatusBar (0xb8efd408): 0:334) (com.android.systemui.ImageWallpaper (0xb8eef4b8): 0:15)* (Sprite (0xb8e66928): 0:477)* (NavigationBar (0xb8ea2420): 0:156) (Sprite (0xb8ebf820): 0:408)* (DimLayer (0xb8ea4610): 0:45)* (DimLayer (0xb8ebb4d0): 0:6)* (SeniorenApp.SeniorenApp/md54259e6513023dd8c68a5505c80f1ae41.ManualPhoneCall (0xb8ee1c10): 0:69)- (Application Error: SeniorenApp.SeniorenApp (0xb8e64e18): 0:34)- (Starting SeniorenApp.SeniorenApp (0xb8eb6d28): 1:18) (SeniorenApp.SeniorenApp/md54259e6513023dd8c68a5505c80f1ae41.MainActivity (0xb8ee1c10): 2:3)* 
11-22 19:37:04.248  1789  5333 D NetlinkSocketObserver: NeighborEvent{elapsedMs=481922, 192.168.178.1, [5C4979705309], RTM_NEWNEIGH, NUD_STALE}
11-22 19:37:05.570  8692  8692 E NEW_BHD : Battery Power Supply logging Daemon start!!!!!
11-22 19:37:05.571  8692  8692 E NEW_BHD : Cannot run on production devices!
11-22 19:37:06.018  1789  2915 I ActivityManager: START u0 {act=android.intent.action.MAIN cat=[android.intent.category.HOME] flg=0x10200000 cmp=com.google.android.googlequicksearchbox/com.google.android.launcher.GEL (has extras)} from uid 1000 on display 0
11-22 19:37:06.019  1789  2915 I ActivityManager: moveHomeStack, setupComplete:true
11-22 19:37:06.093  3647  3659 I art     : CollectorTransition marksweep + semispace GC freed 2169(-156KB) AllocSpace objects, 2(144KB) LOS objects, 25% free, 13MB/17MB, paused 38.398ms total 38.398ms
11-22 19:37:06.106  1789  2950 D WifiStateMachine: starting scan for "FRITZ!Box 7490"WPA_PSK with 2462
11-22 19:37:06.113  3647  3647 I GEL     : handleIntent(Intent { act=android.intent.action.MAIN cat=[android.intent.category.HOME] flg=0x10600000 cmp=com.google.android.googlequicksearchbox/com.google.android.launcher.GEL (has extras) })
11-22 19:37:06.126   258   712 I SFPerfTracer:      triggers: (rate: 0:0) (0 sw vsyncs) (0 skipped) (7:1931 vsyncs) (9:2831)
11-22 19:37:06.143  1789  1798 I art     : Background partial concurrent mark sweep GC freed 37926(2MB) AllocSpace objects, 5(100KB) LOS objects, 19% free, 19MB/24MB, paused 1.952ms total 105.352ms
11-22 19:37:06.181  1789  1808 I LaunchCheckinHandler: Displayed com.google.android.googlequicksearchbox/com.google.android.launcher.GEL,wp,wa,162
11-22 19:37:06.196  6081  6091 I art     : CollectorTransition marksweep + semispace GC freed 5227(66KB) AllocSpace objects, 0(0B) LOS objects, 24% free, 12MB/16MB, paused 62.876ms total 62.876ms
11-22 19:37:06.222  6081  8070 I AttachedClient: Adding client event 2 to pending list.
11-22 19:37:06.244  6081  6081 I OptInState: There is a new client and it does not support opt-in. Dropping request.
11-22 19:37:06.245  6081  6081 I MicroDetectionWorker: Micro detection mode: [mDetectionMode: [1]].
11-22 19:37:06.252  6081  6166 I MicroRecognitionRunner: Starting detection.
11-22 19:37:06.254  6081  6186 I MicrophoneInputStream: mic_starting com.google.android.apps.gsa.speech.audio.ae@3a6f1be
11-22 19:37:06.255  6081  6081 V ConnectivityManager: isActiveNetworkMetered() returns:false
11-22 19:37:06.256   301  8696 I chatty  : uid=1013(media) /system/bin/mediaserver expire 36 lines
11-22 19:37:06.264  6081  6186 I MicrophoneInputStream: mic_started com.google.android.apps.gsa.speech.audio.ae@3a6f1be
11-22 19:37:06.369  6081  6081 I MicroDetectionWorker: onReady
11-22 19:37:06.637  1789  6257 I ActivityManager: START u0 {act=com.android.systemui.recents.SHOW_RECENTS flg=0x10804000 cmp=com.android.systemui/.recents.RecentsActivity} from uid 10045 on display 0
11-22 19:37:06.683  3647  3960 W OpenGLRenderer: Incorrectly called buildLayer on View: ShortcutAndWidgetContainer, destroying layer...
11-22 19:37:06.683  3647  3960 W OpenGLRenderer: Incorrectly called buildLayer on View: ShortcutAndWidgetContainer, destroying layer...
11-22 19:37:06.688  6081  6210 W SearchService: Abort, client detached.
11-22 19:37:06.697  3647  3647 I MemoryTrimmer: Trimming objects from memory, since app is in the background.
11-22 19:37:06.698  6081  6081 I MicroDetector: Keeping mic open: false
11-22 19:37:06.698  6081  6182 I AudioController: internalShutdown
11-22 19:37:06.699  6081  6182 I MicrophoneInputStream: mic_close com.google.android.apps.gsa.speech.audio.ae@3a6f1be
11-22 19:37:06.699  6081  6259 I DeviceStateChecker: DeviceStateChecker cancelled
11-22 19:37:06.699  6081  6243 I MicroRecognitionRunner: Stopping hotword detection.
11-22 19:37:06.700  6081  6186 E AudioRecord-JNI: Error -4 during AudioRecord native read
11-22 19:37:06.710  1789  1808 I LaunchCheckinHandler: Displayed com.android.systemui/.recents.RecentsActivity,wp,wa,73
11-22 19:37:06.756  6081  6166 I MicroRecognitionRunner: Detection finished
11-22 19:37:07.313   258   258 I SFPerfTracer:      triggers: (rate: 5:360) (compose: 1:13) (post: 0:5) (render: 1:22) (20:1956 frames) (21:2556)
11-22 19:37:07.313   258   258 D SFPerfTracer:        layers: (4:14) (FocusedStackFrame (0xb8efb238): 0:78)* (StatusBar (0xb8efd408): 0:353) (com.android.systemui.ImageWallpaper (0xb8eef4b8): 0:17) (Sprite (0xb8e66928): 0:504)* (NavigationBar (0xb8ea2420): 14:220) (Sprite (0xb8ebf820): 0:408)* (DimLayer (0xb8ea4610): 0:45)* (DimLayer (0xb8ebb4d0): 0:6)* (Starting SeniorenApp.SeniorenApp (0xb8eb6d28): 0:28)- (SeniorenApp.SeniorenApp/md54259e6513023dd8c68a5505c80f1ae41.MainActivity (0xb8ee1c10): 0:30)- (com.google.android.googlequicksearchbox/com.google.android.launcher.GEL (0xb8eb6d28): 0:17)- (com.android.systemui/com.android.systemui.recents.RecentsActivity (0xb8ee1c10): 21:33) 
11-22 19:37:07.477  3010  3010 D TaskStackView: onTaskViewDismissed: task = Task (8): SeniorenApp.SeniorenApp [com.android.systemui.recents.model.Task@ec9efab] index = 0 focused = false
11-22 19:37:07.478  1789  3779 I ActivityManager: START u0 {act=android.intent.action.MAIN cat=[android.intent.category.HOME] flg=0x10200000 cmp=com.google.android.googlequicksearchbox/com.google.android.launcher.GEL} from uid 10045 on display 0
11-22 19:37:07.499  1789  1800 I ActivityManager: Killing 8347:com.google.process.gapps/u0a17 (adj 15): empty #7
11-22 19:37:07.561  1789  1800 I ActivityManager: Killing 8675:SeniorenApp.SeniorenApp/u0a141 (adj 9): remove task
11-22 19:37:07.616  1789  6032 I WindowState: WIN DEATH: Window{41abde0 u0 SeniorenApp.SeniorenApp/md54259e6513023dd8c68a5505c80f1ae41.MainActivity}
11-22 19:37:07.637  3647  3647 I GEL     : handleIntent(Intent { act=android.intent.action.MAIN cat=[android.intent.category.HOME] flg=0x10600000 cmp=com.google.android.googlequicksearchbox/com.google.android.launcher.GEL })
11-22 19:37:07.678  1789  1808 I LaunchCheckinHandler: Displayed com.google.android.googlequicksearchbox/com.google.android.launcher.GEL,wp,wa,199
11-22 19:37:07.694  6081  6093 I AttachedClient: Adding client event 2 to pending list.
11-22 19:37:07.710  6081  6081 I OptInState: There is a new client and it does not support opt-in. Dropping request.
11-22 19:37:07.711  6081  6081 I MicroDetectionWorker: Micro detection mode: [mDetectionMode: [1]].
11-22 19:37:07.719  6081  6166 I MicroRecognitionRunner: Starting detection.
11-22 19:37:07.720  6081  6182 I MicrophoneInputStream: mic_starting com.google.android.apps.gsa.speech.audio.ae@f7996af
11-22 19:37:07.722   301  8701 I chatty  : uid=1013(media) /system/bin/mediaserver expire 36 lines
11-22 19:37:07.723  6081  6081 V ConnectivityManager: isActiveNetworkMetered() returns:false
11-22 19:37:07.730  6081  6182 I MicrophoneInputStream: mic_started com.google.android.apps.gsa.speech.audio.ae@f7996af
11-22 19:37:07.837  6081  6081 I MicroDetectionWorker: onReady
11-22 19:37:07.959   258   712 I SFPerfTracer:      triggers: (rate: 0:0) (0 sw vsyncs) (0 skipped) (13:2026 vsyncs) (15:2932)
11-22 19:37:08.187  3647  3960 W OpenGLRenderer: Incorrectly called buildLayer on View: ShortcutAndWidgetContainer, destroying layer...
11-22 19:37:08.187  3647  3960 W OpenGLRenderer: Incorrectly called buildLayer on View: ShortcutAndWidgetContainer, destroying layer...
11-22 19:37:09.372  6081  6081 I MicroDetector: Keeping mic open: false
11-22 19:37:09.372  6081  6259 I DeviceStateChecker: DeviceStateChecker cancelled
11-22 19:37:09.372  6081  6186 I AudioController: internalShutdown
11-22 19:37:09.372  6081  6186 I MicrophoneInputStream: mic_close com.google.android.apps.gsa.speech.audio.ae@f7996af
11-22 19:37:09.372  6081  6243 I MicroRecognitionRunner: Stopping hotword detection.
11-22 19:37:09.372  6081  6182 E AudioRecord-JNI: Error -4 during AudioRecord native read
11-22 19:37:09.423   301  2632 I chatty  : uid=1013(media) Binder_2 expire 10 lines
11-22 19:37:09.424  6081  6166 I MicroRecognitionRunner: Detection finished
11-22 19:37:09.643   258   258 I SFPerfTracer:      triggers: (rate: 5:363) (compose: 1:15) (post: 0:5) (render: 1:24) (12:1992 frames) (13:2607)
11-22 19:37:09.643   258   258 D SFPerfTracer:        layers: (5:12) (FocusedStackFrame (0xb8efb238): 0:80)* (StatusBar (0xb8efd408): 0:353) (com.android.systemui.ImageWallpaper (0xb8eef4b8): 0:17) (Sprite (0xb8e66928): 13:535) (NavigationBar (0xb8ea2420): 0:220) (Sprite (0xb8ebf820): 0:408)* (DimLayer (0xb8ea4610): 0:45)- (DimLayer (0xb8ebb4d0): 0:6)- (com.android.systemui/com.android.systemui.recents.RecentsActivity (0xb8ee1c10): 0:55)- (com.google.android.googlequicksearchbox/com.google.android.launcher.GEL (0xb8eb6d28): 9:24) 
11-22 19:37:09.913   258   258 I SFPerfTracer:      triggers: (rate: 5:364) (compose: 1:15) (post: 0:6) (render: 1:25) (12:2004 frames) (13:2620)
11-22 19:37:09.913   258   258 D SFPerfTracer:        layers: (4:9) (FocusedStackFrame (0xb8efb238): 0:80)* (StatusBar (0xb8efd408): 1:354) (com.android.systemui.ImageWallpaper (0xb8eef4b8): 0:17) (Sprite (0xb8e66928): 1:536)* (NavigationBar (0xb8ea2420): 0:220) (Sprite (0xb8ebf820): 0:408)* (com.google.android.googlequicksearchbox/com.google.android.launcher.GEL (0xb8eb6d28): 13:37) 
11-22 19:37:10.596  8703  8703 E NEW_BHD : Battery Power Supply logging Daemon start!!!!!
11-22 19:37:10.597  8703  8703 E NEW_BHD : Cannot run on production devices!
11-22 19:37:10.646   296  1753 E NetlinkEvent: NetlinkEvent::FindParam(): Parameter 'UID' not found
11-22 19:37:11.973  6081  6081 I MicroDetectionWorker: Micro detection mode: [mDetectionMode: [1]].
11-22 19:37:11.987  6081  6166 I MicroRecognitionRunner: Starting detection.
11-22 19:37:11.988  1789  4626 I ActivityManager: START u0 {act=android.intent.action.DELETE dat=package:SeniorenApp.SeniorenApp flg=0x10800000 cmp=com.android.packageinstaller/.UninstallerActivity (has extras)} from uid 10046 on display 0
11-22 19:37:11.988  6081  6186 I MicrophoneInputStream: mic_starting com.google.android.apps.gsa.speech.audio.ae@797a94e
11-22 19:37:11.989   301  2631 I chatty  : uid=1013(media) Binder_1 expire 3 lines
11-22 19:37:11.993   301  8707 I chatty  : uid=1013(media) /system/bin/mediaserver expire 35 lines
11-22 19:37:11.995  6081  6186 I MicrophoneInputStream: mic_started com.google.android.apps.gsa.speech.audio.ae@797a94e
11-22 19:37:12.045  1789  3062 I ActivityManager: Start proc 8708:com.android.packageinstaller/u0a87 for activity com.android.packageinstaller/.UninstallerActivity
11-22 19:37:12.059   258   712 I SFPerfTracer:      triggers: (rate: 0:0) (0 sw vsyncs) (0 skipped) (59:2108 vsyncs) (61:3042)
11-22 19:37:12.087  8708  8708 W System  : ClassLoader referenced unknown path: /system/priv-app/GooglePackageInstaller/lib/arm
11-22 19:37:12.099  6081  6081 I MicroDetectionWorker: onReady
11-22 19:37:12.132  8708  8720 D OpenGLRenderer: Use EGL_SWAP_BEHAVIOR_PRESERVED: true
11-22 19:37:12.183  8708  8720 I Adreno-EGL: <qeglDrvAPI_eglInitialize:379>: EGL 1.4 QUALCOMM build:  (Ifd751822f5)
11-22 19:37:12.183  8708  8720 I Adreno-EGL: OpenGL ES Shader Compiler Version: XE031.06.00.05
11-22 19:37:12.183  8708  8720 I Adreno-EGL: Build Date: 01/26/16 Tue
11-22 19:37:12.183  8708  8720 I Adreno-EGL: Local Branch: AU12_SBA
11-22 19:37:12.183  8708  8720 I Adreno-EGL: Remote Branch: 
11-22 19:37:12.183  8708  8720 I Adreno-EGL: Local Patches: 
11-22 19:37:12.183  8708  8720 I Adreno-EGL: Reconstruct Branch: 
11-22 19:37:12.185  8708  8720 I OpenGLRenderer: Initialized EGL, version 1.4
11-22 19:37:12.258  1789  1808 I LaunchCheckinHandler: Displayed com.android.packageinstaller/.UninstallerActivity,cp,ca,223
11-22 19:37:12.258  1789  1808 I ActivityManager: Displayed com.android.packageinstaller/.UninstallerActivity: +223ms
11-22 19:37:12.779   258   258 I SFPerfTracer:      triggers: (rate: 5:370) (compose: 1:15) (post: 0:6) (render: 1:25) (22:2106 frames) (23:2736)
11-22 19:37:12.779   258   258 D SFPerfTracer:        layers: (6:13) (FocusedStackFrame (0xb8efb238): 0:82)* (StatusBar (0xb8efd408): 0:354) (com.android.systemui.ImageWallpaper (0xb8eef4b8): 0:17) (Sprite (0xb8e66928): 0:586)* (NavigationBar (0xb8ea2420): 0:220) (Sprite (0xb8ebf820): 0:408)* (com.google.android.googlequicksearchbox/com.google.android.launcher.GEL (0xb8eb6d28): 23:147) (DimLayer (0xb8ea4610): 9:10) (com.android.packageinstaller/com.android.packageinstaller.UninstallerActivity (0xb8ebb1d8): 8:15) (com.android.packageinstaller/com.android.packageinstaller.UninstallerActivity (0xb8ee1c10): 0:5)* 
11-22 19:37:13.453  3010  3294 I NetworkController.MotorolaMobileSignalController(1): MotorolaMobilePhoneStateListener.onSignalStrengthsChanged: Entered: signalStrength=SignalStrength: 15 0 -120 -160 -120 -1 -1 99 2147483647 2147483647 2147483647 2147483647 2147483647 gsm|lte level=4
11-22 19:37:13.649  1789  3443 V MotorolaSettingsProvider: getSecureSetting(aov_google_now_component_name, 0)
11-22 19:37:13.650  1789  1799 I ActivityManager: START u0 {act=android.intent.action.VIEW cmp=com.android.packageinstaller/.UninstallAppProgress (has extras)} from uid 10087 on display 0
11-22 19:37:13.678  6081  6081 I MicroDetector: Keeping mic open: false
11-22 19:37:13.679  6081  6182 I AudioController: internalShutdown
11-22 19:37:13.679  6081  6182 I MicrophoneInputStream: mic_close com.google.android.apps.gsa.speech.audio.ae@797a94e
11-22 19:37:13.679  6081  6243 I MicroRecognitionRunner: Stopping hotword detection.
11-22 19:37:13.681  6081  6186 E AudioRecord-JNI: Error -4 during AudioRecord native read
11-22 19:37:13.682  6081  6259 I DeviceStateChecker: DeviceStateChecker cancelled
11-22 19:37:13.707  1789  1803 I ActivityManager: Force stopping SeniorenApp.SeniorenApp appid=10141 user=-1: uninstall pkg
11-22 19:37:13.747  6081  6166 I MicroRecognitionRunner: Detection finished
11-22 19:37:13.861  1789  1814 I art     : Starting a blocking GC Explicit
11-22 19:37:13.862  3647  3647 I MemoryTrimmer: Trimming objects from memory, since app is in the background.
11-22 19:37:13.924  1789  1808 I LaunchCheckinHandler: Displayed com.android.packageinstaller/.UninstallAppProgress,wp,ca,258
11-22 19:37:13.925  1789  1808 I ActivityManager: Displayed com.android.packageinstaller/.UninstallAppProgress: +258ms
11-22 19:37:13.956  1789  1814 I art     : Explicit concurrent mark sweep GC freed 35702(2MB) AllocSpace objects, 5(160KB) LOS objects, 19% free, 19MB/24MB, paused 2.193ms total 94.845ms
11-22 19:37:13.965  1789  1814 W PackageManager: Couldn't remove dex file for package:  at location /data/app/SeniorenApp.SeniorenApp-1/base.apk, retcode=-1
11-22 19:37:13.982  1789  1814 I ActivityManager: Start proc 8728:com.android.defcontainer/u0a10 for service com.android.defcontainer/.DefaultContainerService
11-22 19:37:13.983  1789  1814 I ActivityManager: Force stopping SeniorenApp.SeniorenApp appid=10141 user=0: pkg removed
11-22 19:37:14.160   258   258 I SFPerfTracer:      triggers: (rate: 5:372) (compose: 1:15) (post: 0:6) (render: 1:26) (10:2146 frames) (11:2787)
11-22 19:37:14.160   258   258 D SFPerfTracer:        layers: (6:14) (FocusedStackFrame (0xb8efb238): 1:85)* (StatusBar (0xb8efd408): 1:356) (com.android.systemui.ImageWallpaper (0xb8eef4b8): 0:17) (Sprite (0xb8e66928): 0:618)* (NavigationBar (0xb8ea2420): 0:220) (Sprite (0xb8ebf820): 0:408)* (com.google.android.googlequicksearchbox/com.google.android.launcher.GEL (0xb8eb6d28): 1:149) (DimLayer (0xb8ea4610): 11:23) (DimLayer (0xb8eead68): 1:1)* (com.android.packageinstaller/com.android.packageinstaller.UninstallerActivity (0xb8ebb1d8): 0:30)- (com.android.packageinstaller/com.android.packageinstaller.UninstallerActivity (0xb8ee1c10): 1:6)* (com.android.packageinstaller/com.android.packageinstaller.UninstallAppProgress (0xb8effe98): 11:15) 
11-22 19:37:14.173  3721  4127 W GeofencerStateMachine: Ignoring removeGeofence because network location is disabled.
11-22 19:37:14.184  1789  2916 I InputReader: Reconfiguring input devices.  changes=0x00000010
11-22 19:37:14.201  3627  3627 D CarrierServiceBindHelper: Receive action: android.intent.action.PACKAGE_REMOVED
11-22 19:37:14.244  1789  1789 D JobSchedulerService: Receieved: android.intent.action.PACKAGE_REMOVED
11-22 19:37:14.248  8451  8741 D VoicemailCleanupService: Cleaning up data for package: SeniorenApp.SeniorenApp
11-22 19:37:14.257  1789  6257 I ActivityManager: Start proc 8744:com.android.keychain/1000 for broadcast com.android.keychain/.KeyChainBroadcastReceiver
11-22 19:37:14.259  1789  3975 I ActivityManager: moveHomeStack, setupComplete:true
11-22 19:37:14.315  8744  8744 W System  : ClassLoader referenced unknown path: /system/app/KeyChain/lib/arm
11-22 19:37:14.328  8708  8720 V RenderScript: 0xb9348060 Launching thread(s), CPUs 4
11-22 19:37:14.333  6081  6093 I AttachedClient: Adding client event 2 to pending list.
11-22 19:37:14.337  8744  8744 W ContextImpl: Calling a method in the system process without a qualified user: android.app.ContextImpl.startService:1221 android.content.ContextWrapper.startService:581 android.content.ContextWrapper.startService:581 com.android.keychain.KeyChainBroadcastReceiver.onReceive:12 android.app.ActivityThread.handleReceiver:2743 
11-22 19:37:14.371  1789  4627 I ActivityManager: Start proc 8762:com.google.android.apps.docs/u0a63 for broadcast com.google.android.apps.docs/.receivers.AppPackageAddRemoveReceiver
11-22 19:37:14.393   258   712 I SFPerfTracer:      triggers: (rate: 0:0) (0 sw vsyncs) (0 skipped) (1:2191 vsyncs) (3:3143)
11-22 19:37:14.418  6081  6081 I OptInState: There is a new client and it does not support opt-in. Dropping request.
11-22 19:37:14.419  6081  6081 I MicroDetectionWorker: Micro detection mode: [mDetectionMode: [1]].
11-22 19:37:14.439  6081  6259 I MicroRecognitionRunner: Starting detection.
11-22 19:37:14.440  6081  6182 I MicrophoneInputStream: mic_starting com.google.android.apps.gsa.speech.audio.ae@fd15785
11-22 19:37:14.441  6081  6081 V ConnectivityManager: isActiveNetworkMetered() returns:false
11-22 19:37:14.442   301   301 I chatty  : uid=1013(media) /system/bin/mediaserver expire 4 lines
11-22 19:37:14.443   301  8775 I chatty  : uid=1013(media) /system/bin/mediaserver expire 33 lines
11-22 19:37:14.470  6081  6182 I MicrophoneInputStream: mic_started com.google.android.apps.gsa.speech.audio.ae@fd15785
11-22 19:37:14.567  6081  6081 I MicroDetectionWorker: onReady
11-22 19:37:14.703  8762  8781 I GAv4    : Google Analytics 8.4.87 is starting up. To enable debug logging on a device run:
11-22 19:37:14.703  8762  8781 I GAv4    :   adb shell setprop log.tag.GAv4 DEBUG
11-22 19:37:14.703  8762  8781 I GAv4    :   adb logcat -s GAv4
11-22 19:37:14.722  8762  8781 W GAv4    : AnalyticsReceiver is not registered or is disabled. Register the receiver for reliable dispatching on non-Google Play devices. See http://goo.gl/8Rd3yj for instructions.
11-22 19:37:14.726  8762  8781 W GAv4    : CampaignTrackingReceiver is not registered, not exported or is disabled. Installation campaign tracking is not possible. See http://goo.gl/8Rd3yj for instructions.
11-22 19:37:14.749  8762  8784 W GAv4    : AnalyticsService not registered in the app manifest. Hits might not be delivered reliably. See http://goo.gl/8Rd3yj for instructions.
11-22 19:37:14.803  3647  3960 W OpenGLRenderer: Incorrectly called buildLayer on View: ShortcutAndWidgetContainer, destroying layer...
11-22 19:37:14.803  3647  3960 W OpenGLRenderer: Incorrectly called buildLayer on View: ShortcutAndWidgetContainer, destroying layer...
11-22 19:37:14.948  1789  6283 I ActivityManager: Killing 8154:com.android.vending/u0a36 (adj 15): empty #7
11-22 19:37:15.108  5963  8800 I LocationSettingsChecker: Removing dialog suppression flag for package SeniorenApp.SeniorenApp
11-22 19:37:15.109  3721  4083 E NetworkScheduler.SR: Invalid parameter app
11-22 19:37:15.109  3721  4083 E NetworkScheduler.SR: Invalid package name : Perhaps you didn't include a PendingIntent in the extras?
11-22 19:37:15.113  5963  5963 E ChimeraRcvrProxy: Can't find Chimera receiver impl class com.google.android.gms.games.GamesBroadcastReceiverStub
11-22 19:37:15.113  5963  5963 E ChimeraRcvrProxy: com.google.android.gms.games.chimera.GamesSystemBroadcastReceiverProxy dropping broadcast android.intent.action.PACKAGE_REMOVED
11-22 19:37:15.114  3721  4612 V ConnectivityManager: isActiveNetworkMetered() returns:false
11-22 19:37:15.143  1789  4626 I ActivityManager: Start proc 8804:com.android.vending/u0a36 for broadcast com.android.vending/com.google.android.finsky.receivers.PackageMonitorReceiver$RegisteredReceiver
11-22 19:37:15.198  8804  8804 W System  : ClassLoader referenced unknown path: /data/app/com.android.vending-1/lib/arm
11-22 19:37:15.221  5963  6094 I Icing   : doRemovePackageData SeniorenApp.SeniorenApp
11-22 19:37:15.239  1789  4626 I ActivityManager: Start proc 8820:com.google.process.gapps/u0a17 for content provider com.google.android.gsf/.gservices.GservicesProvider
11-22 19:37:15.277  8820  8820 W System  : ClassLoader referenced unknown path: /system/priv-app/GoogleServicesFramework/lib/arm
11-22 19:37:15.283  5963  6094 I Icing   : Usage reports 0 indexed 0 rejected 0 imm upload false
11-22 19:37:15.284  8820  8820 I GservicesProvider: Gservices pushing to system: true; secure/global: true
11-22 19:37:15.289  5963  8831 W IcingInternalCorpora: getNumBytesRead when not calculated.
11-22 19:37:15.296  5963  6094 I Icing   : Usage reports 0 indexed 0 rejected 0 imm upload false
11-22 19:37:15.339  8820  8820 I GoogleHttpClient: GMS http client unavailable, use old client
11-22 19:37:15.455  8804  8804 I Finsky  : [1] com.google.android.finsky.services.DailyHygiene.a(238): No need to run daily hygiene.
11-22 19:37:15.465  8804  8804 W Settings: Setting download_manager_max_bytes_over_mobile has moved from android.provider.Settings.Secure to android.provider.Settings.Global.
11-22 19:37:15.465  8804  8804 W Settings: Setting download_manager_recommended_max_bytes_over_mobile has moved from android.provider.Settings.Secure to android.provider.Settings.Global.
11-22 19:37:15.483  8804  8804 I Finsky  : [1] com.google.android.finsky.utils.bm.a(175): Enabling bucket experiment: factor=2.000, zeroDelta=0ms, forceNetwork=false
11-22 19:37:15.510  8804  8804 I Finsky  : [1] com.google.android.finsky.wear.WearSupportService.a(307): Wear auto uninstall disabled for package SeniorenApp.SeniorenApp
11-22 19:37:15.526  1789  1799 I ActivityManager: Start proc 8859:com.motorola.motodisplay/u0a31 for broadcast com.motorola.motodisplay/.events.EventReceiver
11-22 19:37:15.530  8804  8804 V ConnectivityManager: isActiveNetworkMetered() returns:false
11-22 19:37:15.530  8804  8804 I Finsky  : [1] com.google.android.finsky.installer.z.a(1287): Installer kick - no action, not running yet
11-22 19:37:15.537  8804  8858 V GoogleSignatureVerifier: com.google.android.gms signature not valid.  Found: 
11-22 19:37:15.537  8804  8858 V GoogleSignatureVerifier: MIIEQzCCAyugAwIBAgIJAMLgh0ZkSjCNMA0GCSqGSIb3DQEBBAUAMHQxCzAJBgNVBAYTAlVTMRMw
11-22 19:37:15.537  8804  8858 V GoogleSignatureVerifier: EQYDVQQIEwpDYWxpZm9ybmlhMRYwFAYDVQQHEw1Nb3VudGFpbiBWaWV3MRQwEgYDVQQKEwtHb29n
11-22 19:37:15.537  8804  8858 V GoogleSignatureVerifier: bGUgSW5jLjEQMA4GA1UECxMHQW5kcm9pZDEQMA4GA1UEAxMHQW5kcm9pZDAeFw0wODA4MjEyMzEz
11-22 19:37:15.537  8804  8858 V GoogleSignatureVerifier: MzRaFw0zNjAxMDcyMzEzMzRaMHQxCzAJBgNVBAYTAlVTMRMwEQYDVQQIEwpDYWxpZm9ybmlhMRYw
11-22 19:37:15.537  8804  8858 V GoogleSignatureVerifier: FAYDVQQHEw1Nb3VudGFpbiBWaWV3MRQwEgYDVQQKEwtHb29nbGUgSW5jLjEQMA4GA1UECxMHQW5k
11-22 19:37:15.537  8804  8858 V GoogleSignatureVerifier: cm9pZDEQMA4GA1UEAxMHQW5kcm9pZDCCASAwDQYJKoZIhvcNAQEBBQADggENADCCAQgCggEBAKtW
11-22 19:37:15.537  8804  8858 V GoogleSignatureVerifier: LgDYO6IIrgqWbxJOKdoR8qtW0I9Y4sypEwPpt1TTcvZApxsdyxMJZ2JORland2qSGT2y5b+3JKke
11-22 19:37:15.537  8804  8858 V GoogleSignatureVerifier: dxiLDmpHpDsz2WCbdxgxRczfey5YZnTJ4VZbH0xqWVW/8lGmPav5xVwnIiJS6HXk+BVKZF+JcWjA
11-22 19:37:15.537  8804  8858 V GoogleSignatureVerifier: sb/GEuq/eFdpuzSqeYTcfi6idkyugwfYwXFU1+5fZKUaRKYCwkkFQVfcAs1fXA5V+++FGfvjJ/Cx
11-22 19:37:15.537  8804  8858 V GoogleSignatureVerifier: URaSxaBvGdGDhfXE28LWuT9ozCl5xw4Yq5OGazvV24mZVSoOO0yZ31j7kYvtwYK6NeADwbSxDdJE
11-22 19:37:15.537  8804  8858 V GoogleSignatureVerifier: qO4k//0zOHKrUiGYXtqw/A0LFFtqoZKFjnkCAQOjgdkwgdYwHQYDVR0OBBYEFMd9jMIhF1Ylmn/T
11-22 19:37:15.537  8804  8858 V GoogleSignatureVerifier: gt9r45jk14alMIGmBgNVHSMEgZ4wgZuAFMd9jMIhF1Ylmn/Tgt9r45jk14aloXikdjB0MQswCQYD
11-22 19:37:15.537  8804  8858 V GoogleSignatureVerifier: VQQGEwJVUzETMBEGA1UECBMKQ2FsaWZvcm5pYTEWMBQGA1UEBxMNTW91bnRhaW4gVmlldzEUMBIG
11-22 19:37:15.537  8804  8858 V GoogleSignatureVerifier: A1UEChMLR29vZ2xlIEluYy4xEDAOBgNVBAsTB0FuZHJvaWQxEDAOBgNVBAMTB0FuZHJvaWSCCQDC
11-22 19:37:15.537  8804  8858 V GoogleSignatureVerifier: 4IdGZEowjTAMBgNVHRMEBTADAQH/MA0GCSqGSIb3DQEBBAUAA4IBAQBt0lLO74UwLDYKqs6Tm8/y
11-22 19:37:15.537  8804  8858 V GoogleSignatureVerifier: zKkEu116FmH4rkaymUIE0P9KaMftGlMexFlaYjzmB2OxZyl6euNXEsQH8gjwyxCUKRJNexBiGcCE
11-22 19:37:15.537  8804  8858 V GoogleSignatureVerifier: yj6z+a1fuHHvkiaai+KL8W1EyNmgjmyy8AW7P+LLlkR+ho5zEHatRbM/YAnqGcFh5iZBqpknHf1S
11-22 19:37:15.537  8804  8858 V GoogleSignatureVerifier: KMXFh4dd239FJ1jWYfbMDMy3NS5CTMQ2XFI1MvcyUTdZPErjQfTbQe3aDQsQcafEQPD+nqActifK
11-22 19:37:15.537  8804  8858 V GoogleSignatureVerifier: Z0Np0IS9L9kR/wbNvyz6ENwPiTrjV2KRkEjH78ZMcUQXg0L3BYHJ3lc69Vs5Ddf9uUGGMYldX3Wf
11-22 19:37:15.537  8804  8858 V GoogleSignatureVerifier: MBEmh/9iFBDAaTCK
11-22 19:37:15.549  8804  8804 I Finsky  : [1] com.google.android.finsky.l.j.run(206): Loaded library for account: [O5b93iWPRJWMt5XSH4CsYLB7_D8]
11-22 19:37:15.549  8804  8804 I Finsky  : [1] com.google.android.finsky.l.j.run(212): Finished loading 1 libraries.
11-22 19:37:15.560  8804  8804 I Finsky  : [1] com.google.android.finsky.c.l.a(250): result=false type=4
11-22 19:37:15.563  3721  3721 I WearableService: Wear is not allowed to run on this device. Not starting Wear service.
11-22 19:37:15.577  8804  8804 I Finsky  : [1] com.google.android.finsky.services.bd.a(1069): Restore complete with 0 success and 0 failed.
11-22 19:37:15.589  8804  8804 E Finsky  : [1] com.google.android.finsky.wear.bp.a(843): onConnectionFailed: ConnectionResult{statusCode=API_UNAVAILABLE, resolution=null, message=null}
11-22 19:37:15.590  8804  8804 I Finsky  : [1] com.google.android.finsky.wear.an.run(2399): Dropping command=send_installed_apps due to Gms not connected
11-22 19:37:15.592  8804  8804 I Finsky  : [1] com.google.android.finsky.wear.an.run(2399): Dropping command=send_installed_apps due to Gms not connected
11-22 19:37:15.593  8859  8859 D MD.MDApplication: Proxy Initialization check Successful
11-22 19:37:15.595  8859  8859 E MD.DeviceInfo: Unable to determine sensor hub type
11-22 19:37:15.616  8876  8876 E NEW_BHD : Battery Power Supply logging Daemon start!!!!!
11-22 19:37:15.616  8876  8876 E NEW_BHD : Cannot run on production devices!
11-22 19:37:15.643  1789  1789 I ActivityManager: Start proc 8879:com.android.documentsui/u0a62 for broadcast com.android.documentsui/.PackageReceiver
11-22 19:37:15.667  6081  8878 I AppIncrementalLogger: logEvent(): Logged 93 bytes in 36 ms
11-22 19:37:15.671  6081  8878 I UpdateIcingCorporaServi: Updating corpora: APPS=SeniorenApp.SeniorenApp, CONTACTS=MAYBE
11-22 19:37:15.718  8879  8879 W System  : ClassLoader referenced unknown path: /system/app/DocumentsUI/lib/arm
11-22 19:37:15.768  1789  3975 I ActivityManager: Start proc 8893:com.android.externalstorage/u0a15 for content provider com.android.externalstorage/.ExternalStorageProvider
11-22 19:37:15.769  1789  3779 I ActivityManager: Killing 8658:com.droid27.transparentclockweather/u0a113 (adj 15): empty #7
11-22 19:37:15.793  5963  5973 I art     : Waiting for a blocking GC DisableMovingGc
11-22 19:37:15.793  5963  5972 I art     : CollectorTransition marksweep + semispace GC freed 21987(665KB) AllocSpace objects, 5(100KB) LOS objects, 25% free, 14MB/19MB, paused 64.172ms total 64.172ms
11-22 19:37:15.797  5963  5973 I art     : Starting a blocking GC DisableMovingGc
11-22 19:37:15.830  1789  4627 I ActivityManager: Killing 8728:com.android.defcontainer/u0a10 (adj 15): empty #7
11-22 19:37:15.906  5963  6094 I Icing   : Usage reports 0 indexed 0 rejected 0 imm upload true
11-22 19:37:15.907  8893  8893 W System  : ClassLoader referenced unknown path: /system/priv-app/ExternalStorageProvider/lib/arm
11-22 19:37:15.909  6081  8878 I UpdateIcingCorporaServi: UpdateCorporaTask done [took 237 ms] updated apps [took 237 ms] 
11-22 19:37:15.914  8893  8893 D ExternalStorage: After updating volumes, found 1 active roots
11-22 19:37:15.965  3721  3731 E DataBuffer: Internal data leak within a DataBuffer object detected!  Be sure to explicitly call release() on all DataBuffer extending objects when you are done with them. (internal object: com.google.android.gms.common.data.DataHolder@c0715f4)
11-22 19:37:15.974  1789  6032 I ActivityManager: Start proc 8907:com.android.shell/2000 for content provider com.android.shell/.BugreportStorageProvider
11-22 19:37:15.994  1789  4626 I ActivityManager: Killing 8744:com.android.keychain/1000 (adj 15): empty #7
11-22 19:37:16.083  8907  8907 I chatty  : uid=2000(shell) expire 1 line
11-22 19:37:16.086  1789  5333 D NetlinkSocketObserver: NeighborEvent{elapsedMs=493760, 192.168.178.1, [5C4979705309], RTM_NEWNEIGH, NUD_STALE}
11-22 19:37:16.129  8879  8892 D Documents: Update found 8 roots in 383ms
11-22 19:37:16.135  8879  8906 D Documents: Update found 8 roots in 213ms
11-22 19:37:16.299  5963  6094 I Icing   : Indexing B1894D72D5B376ED54F78A95DC850C79CC750C92 from com.google.android.gms
11-22 19:37:16.309  5963  6094 I Icing   : Indexing done B1894D72D5B376ED54F78A95DC850C79CC750C92
11-22 19:37:16.911  5963  6094 I Icing   : Indexing 09FD47E01453E13615E5F6A1FC1C8D6338DEDAF7 from com.google.android.googlequicksearchbox
11-22 19:37:16.966  5963  6094 I Icing   : Indexing done 09FD47E01453E13615E5F6A1FC1C8D6338DEDAF7
11-22 19:37:17.677  1789  1789 I ActivityManager: Killing 8708:com.android.packageinstaller/u0a87 (adj 15): empty #7
11-22 19:37:17.694  1789  1808 E JavaBinder: !!! FAILED BINDER TRANSACTION !!!  (parcel size = 56)
11-22 19:37:17.696  1789  1808 W WindowAnimator: Failed to dispatch window animation state change.
11-22 19:37:17.696  1789  1808 W WindowAnimator: android.os.DeadObjectException: Transaction failed on small parcel; remote process probably died
11-22 19:37:17.696  1789  1808 W WindowAnimator: 	at android.os.BinderProxy.transactNative(Native Method)
11-22 19:37:17.696  1789  1808 W WindowAnimator: 	at android.os.BinderProxy.transact(Binder.java:503)
11-22 19:37:17.696  1789  1808 W WindowAnimator: 	at android.view.IWindow$Stub$Proxy.onAnimationStarted(IWindow.java:520)
11-22 19:37:17.696  1789  1808 W WindowAnimator: 	at com.android.server.wm.WindowAnimator.updateWindowsLocked(WindowAnimator.java:282)
11-22 19:37:17.696  1789  1808 W WindowAnimator: 	at com.android.server.wm.WindowAnimator.animateLocked(WindowAnimator.java:678)
11-22 19:37:17.696  1789  1808 W WindowAnimator: 	at com.android.server.wm.WindowAnimator.-wrap0(WindowAnimator.java)
11-22 19:37:17.696  1789  1808 W WindowAnimator: 	at com.android.server.wm.WindowAnimator$1.doFrame(WindowAnimator.java:123)
11-22 19:37:17.696  1789  1808 W WindowAnimator: 	at android.view.Choreographer$CallbackRecord.run(Choreographer.java:856)
11-22 19:37:17.696  1789  1808 W WindowAnimator: 	at android.view.Choreographer.doCallbacks(Choreographer.java:670)
11-22 19:37:17.696  1789  1808 W WindowAnimator: 	at android.view.Choreographer.doFrame(Choreographer.java:603)
11-22 19:37:17.696  1789  1808 W WindowAnimator: 	at android.view.Choreographer$FrameDisplayEventReceiver.run(Choreographer.java:844)
11-22 19:37:17.696  1789  1808 W WindowAnimator: 	at android.os.Handler.handleCallback(Handler.java:746)
11-22 19:37:17.696  1789  1808 W WindowAnimator: 	at android.os.Handler.dispatchMessage(Handler.java:95)
11-22 19:37:17.696  1789  1808 W WindowAnimator: 	at android.os.Looper.loop(Looper.java:148)
11-22 19:37:17.696  1789  1808 W WindowAnimator: 	at android.os.HandlerThread.run(HandlerThread.java:61)
11-22 19:37:17.696  1789  1808 W WindowAnimator: 	at com.android.server.ServiceThread.run(ServiceThread.java:46)
11-22 19:37:17.697  1789  1800 D GraphicsStats: Buffer count: 3
11-22 19:37:17.698  1789  4626 I WindowState: WIN DEATH: Window{8790dcb u0 Toast EXITING}
11-22 19:37:17.871  8762  8779 W Flag    : Duration spec must be at least 2 characters long: 
11-22 19:37:17.933  3010  3294 I NetworkController.MotorolaMobileSignalController(1): MotorolaMobilePhoneStateListener.onSignalStrengthsChanged: Entered: signalStrength=SignalStrength: 17 0 -120 -160 -120 -1 -1 99 2147483647 2147483647 2147483647 2147483647 2147483647 gsm|lte level=4
11-22 19:37:17.935  8762  8779 W linker  : /data/app/com.google.android.gms-2/lib/arm/libgmscore.so: unused DT entry: type 0x7ffffffd arg 0x79f
11-22 19:37:17.946  1789  1806 D UsbAlsaManager: ALSA device removed: AlsaDevice: [card: 1, device: 0, type: 1]
11-22 19:37:17.964  8762  8779 W linker  : /data/app/com.google.android.gms-2/lib/arm/libconscrypt_gmscore_jni.so: unused DT entry: type 0x1d arg 0xe0
11-22 19:37:17.964  8762  8779 W linker  : /data/app/com.google.android.gms-2/lib/arm/libconscrypt_gmscore_jni.so: unused DT entry: type 0x7ffffffd arg 0x1c9
11-22 19:37:17.965  1789  1806 D UsbAlsaManager: Adding ALSA device AlsaDevice: [card: 1, device: 0, type: 1]
11-22 19:37:17.971  8762  8779 V JNIHelp : Registering com/google/android/gms/org/conscrypt/NativeCrypto's 235 native methods...
11-22 19:37:17.973   301  8592 I chatty  : uid=1013(media) /system/bin/mediaserver expire 1 line
11-22 19:37:17.989  8762  8779 I art     : Rejecting re-init on previously-failed class java.lang.Class<com.google.android.gms.org.conscrypt.OpenSSLExtendedSessionImpl>
11-22 19:37:17.990  8762  8779 I art     : Rejecting re-init on previously-failed class java.lang.Class<com.google.android.gms.org.conscrypt.OpenSSLExtendedSessionImpl>
11-22 19:37:18.019  8762  8779 I ProviderInstaller: Installed default security provider GmsCore_OpenSSL
11-22 19:37:18.028  1789  1805 D UsbDeviceManager: exited USB accessory mode
11-22 19:37:18.028  1789  1805 I UsbDeviceManager: Setting USB config to mtp,adb
11-22 19:37:18.030  1789  1806 D UsbAlsaManager: ALSA device removed: AlsaDevice: [card: 1, device: 0, type: 1]
11-22 19:37:18.103  1789  5744 D LBSSystemMonitorService: handleMessage what - 11
11-22 19:37:18.103  1789  5744 D DeviceContext: handleMessage what - 1
11-22 19:37:18.133  1789  3975 I ActivityManager: Start proc 8930:com.motorola.genie/u0a21 for broadcast com.motorola.genie/.prefetch.PowerStatusReceiver
11-22 19:37:18.138  1789  3975 I ActivityManager: Killing 8762:com.google.android.apps.docs/u0a63 (adj 15): empty #7
11-22 19:37:18.151  1789  1805 I BatteryStatsImpl: Resetting battery stats: level=100 status=5 dischargeLevel=100 lowAmount=0 highAmount=0
11-22 19:37:18.211  1789  1808 W WindowAnimator: Failed to dispatch window animation state change.
11-22 19:37:18.211  1789  1808 W WindowAnimator: android.os.DeadObjectException
11-22 19:37:18.211  1789  1808 W WindowAnimator: 	at android.os.BinderProxy.transactNative(Native Method)
11-22 19:37:18.211  1789  1808 W WindowAnimator: 	at android.os.BinderProxy.transact(Binder.java:503)
11-22 19:37:18.211  1789  1808 W WindowAnimator: 	at android.view.IWindow$Stub$Proxy.onAnimationStopped(IWindow.java:534)
11-22 19:37:18.211  1789  1808 W WindowAnimator: 	at com.android.server.wm.WindowAnimator.updateWindowsLocked(WindowAnimator.java:286)
11-22 19:37:18.211  1789  1808 W WindowAnimator: 	at com.android.server.wm.WindowAnimator.animateLocked(WindowAnimator.java:678)
11-22 19:37:18.211  1789  1808 W WindowAnimator: 	at com.android.server.wm.WindowAnimator.-wrap0(WindowAnimator.java)
11-22 19:37:18.211  1789  1808 W WindowAnimator: 	at com.android.server.wm.WindowAnimator$1.doFrame(WindowAnimator.java:123)
11-22 19:37:18.211  1789  1808 W WindowAnimator: 	at android.view.Choreographer$CallbackRecord.run(Choreographer.java:856)
11-22 19:37:18.211  1789  1808 W WindowAnimator: 	at android.view.Choreographer.doCallbacks(Choreographer.java:670)
11-22 19:37:18.211  1789  1808 W WindowAnimator: 	at android.view.Choreographer.doFrame(Choreographer.java:603)
11-22 19:37:18.211  1789  1808 W WindowAnimator: 	at android.view.Choreographer$FrameDisplayEventReceiver.run(Choreographer.java:844)
11-22 19:37:18.211  1789  1808 W WindowAnimator: 	at android.os.Handler.handleCallback(Handler.java:746)
11-22 19:37:18.211  1789  1808 W WindowAnimator: 	at android.os.Handler.dispatchMessage(Handler.java:95)
11-22 19:37:18.211  1789  1808 W WindowAnimator: 	at android.os.Looper.loop(Looper.java:148)
11-22 19:37:18.211  1789  1808 W WindowAnimator: 	at android.os.HandlerThread.run(HandlerThread.java:61)
11-22 19:37:18.211  1789  1808 W WindowAnimator: 	at com.android.server.ServiceThread.run(ServiceThread.java:46)
11-22 19:37:18.258  1789  1789 I EntropyMixer: Writing entropy...
11-22 19:37:18.272  8930  8930 W System  : ClassLoader referenced unknown path: /data/app/com.motorola.genie-1/lib/arm
11-22 19:37:18.276  1789  5744 D LBSSystemMonitorService: handleMessage what - 11
11-22 19:37:18.276  1789  5744 D DeviceContext: handleMessage what - 1
11-22 19:37:18.301  1789  2955 D ConnectivityService: notifyType CAP_CHANGED for NetworkAgentInfo [WIFI () - 101]
11-22 19:37:18.302  3010  3294 D MotoNetwCtrlr: onReceive: intent=Intent { act=android.net.wifi.RSSI_CHANGED flg=0x4000010 (has extras) }
11-22 19:37:18.302  3010  3294 I MotoNetwCtrlr.MotoWifiSignalCtrlr: handleBroadcast: Entered: Intent=Intent { act=android.net.wifi.RSSI_CHANGED flg=0x4000010 (has extras) } Action=android.net.wifi.RSSI_CHANGED
11-22 19:37:18.343  1789  4626 V MotorolaSettingsProvider: insertGlobalSetting(feature_discovery_notification_mute, -1)
11-22 19:37:18.346  5963  5963 I iu.Environment: update battery state; isPlugged? false*
11-22 19:37:18.349  5963  6639 I iu.UploadsManager: num queued entries: 0
11-22 19:37:18.350  5963  6639 I iu.UploadsManager: num updated entries: 0
11-22 19:37:18.354  5963  6639 I iu.SyncManager: NEXT; no task
11-22 19:37:18.370  2975  2975 D MtpService: mUsbDriverRestricted=false
11-22 19:37:18.375  3721  4076 E NetworkScheduler.SR: Invalid parameter app
11-22 19:37:18.375  3721  4076 E NetworkScheduler.SR: Invalid package name : Perhaps you didn't include a PendingIntent in the extras?
11-22 19:37:18.379  5963  5963 I iu.Environment: update battery state; isPlugged? true*
11-22 19:37:18.381  5963  6639 I iu.UploadsManager: num queued entries: 0
11-22 19:37:18.382  5963  6639 I iu.UploadsManager: num updated entries: 0
11-22 19:37:18.382  5963  6639 I iu.SyncManager: NEXT; no task
11-22 19:37:18.395  2975  2975 D MtpService: starting MTP server in MTP mode
11-22 19:37:18.397  5639  5750 E MC_LineReader: Error opening /sys/class/power_supply/bms/resistance
11-22 19:37:18.397  5639  5750 E MC_LineReader: java.io.FileNotFoundException: /sys/class/power_supply/bms/resistance: open failed: ENOENT (No such file or directory)
11-22 19:37:18.397  5639  5750 E MC_LineReader: 	at libcore.io.IoBridge.open(IoBridge.java:452)
11-22 19:37:18.397  5639  5750 E MC_LineReader: 	at java.io.FileInputStream.<init>(FileInputStream.java:76)
11-22 19:37:18.397  5639  5750 E MC_LineReader: 	at java.io.FileInputStream.<init>(FileInputStream.java:103)
11-22 19:37:18.397  5639  5750 E MC_LineReader: 	at java.io.FileReader.<init>(FileReader.java:66)
11-22 19:37:18.397  5639  5750 E MC_LineReader: 	at com.motorola.motocare.util.LineReader.<init>(LineReader.java:20)
11-22 19:37:18.397  5639  5750 E MC_LineReader: 	at com.motorola.motocare.util.LineReader$1.<init>(LineReader.java:53)
11-22 19:37:18.397  5639  5750 E MC_LineReader: 	at com.motorola.motocare.util.LineReader.firstLineReader(LineReader.java:53)
11-22 19:37:18.397  5639  5750 E MC_LineReader: 	at com.motorola.motocare.util.BatteryUtils.getBatteryResistance(BatteryUtils.java:130)
11-22 19:37:18.397  5639  5750 E MC_LineReader: 	at com.motorola.motocare.action.BatteryLevelAction.onReceiveImpl(BatteryLevelAction.java:42)
11-22 19:37:18.397  5639  5750 E MC_LineReader: 	at com.motorola.motocare.util.BackgroundReceiver$1.run(BackgroundReceiver.java:14)
11-22 19:37:18.397  5639  5750 E MC_LineReader: 	at android.os.Handler.handleCallback(Handler.java:746)
11-22 19:37:18.397  5639  5750 E MC_LineReader: 	at android.os.Handler.dispatchMessage(Handler.java:95)
11-22 19:37:18.397  5639  5750 E MC_LineReader: 	at android.os.Looper.loop(Looper.java:148)
11-22 19:37:18.397  5639  5750 E MC_LineReader: 	at android.os.HandlerThread.run(HandlerThread.java:61)
11-22 19:37:18.397  5639  5750 E MC_LineReader: Caused by: android.system.ErrnoException: open failed: ENOENT (No such file or directory)
11-22 19:37:18.397  5639  5750 E MC_LineReader: 	at libcore.io.Posix.open(Native Method)
11-22 19:37:18.397  5639  5750 E MC_LineReader: 	at libcore.io.BlockGuardOs.open(BlockGuardOs.java:186)
11-22 19:37:18.397  5639  5750 E MC_LineReader: 	at libcore.io.IoBridge.open(IoBridge.java:438)
11-22 19:37:18.397  5639  5750 E MC_LineReader: 	... 13 more
11-22 19:37:18.406  5963  8966 I iu.FingerprintManager: Start processing all media
11-22 19:37:18.407  5963  8966 I iu.FingerprintManager: Start processing media store URI: content://media/external/images/media
11-22 19:37:18.413  1789  4626 W BroadcastQueue: Permission Denial: broadcasting Intent { act=com.motorola.cce.Actions.CCE_SEND_SETTINGS flg=0x10 (has extras) } from com.motorola.genie (pid=8930, uid=10021) is not exported from uid 10000 due to receiver com.motorola.ccc.checkin/com.motorola.blur.service.blur.SharedSettingsReceiver
11-22 19:37:18.428  5273  5273 I CCE     : App motocare requested CCE to send settings
11-22 19:37:18.431  2975  2984 I art     : CollectorTransition marksweep + semispace GC freed 7128(279KB) AllocSpace objects, 0(0B) LOS objects, 24% free, 7MB/9MB, paused 19.946ms total 19.946ms
11-22 19:37:18.433  1789  3975 W BroadcastQueue: Permission Denial: broadcasting Intent { act=com.motorola.cce.Actions.CCE_SEND_SETTINGS flg=0x10 (has extras) } from com.motorola.genie (pid=8930, uid=10021) is not exported from uid 10000 due to receiver com.motorola.ccc.notification/com.motorola.blur.service.blur.SharedSettingsReceiver
11-22 19:37:18.435  1789  1803 W BroadcastQueue: Permission Denial: broadcasting Intent { act=com.motorola.cce.Actions.CCE_SEND_SETTINGS flg=0x10 (has extras) } from com.motorola.genie (pid=8930, uid=10021) is not exported from uid 10027 due to receiver com.motorola.MotGallery2/com.motorola.blur.service.blur.SharedSettingsReceiver
11-22 19:37:18.452  5963  8966 I iu.FingerprintManager: Start processing media store URI: content://media/external/video/media
11-22 19:37:18.459  5963  8966 I iu.FingerprintManager: Start processing media store URI: content://media/phoneStorage/images/media
11-22 19:37:18.463  5963  8966 I iu.FingerprintManager: Start processing media store URI: content://media/phoneStorage/video/media
11-22 19:37:18.464  5963  8966 I iu.FingerprintManager: Finished generating fingerprints; 0,058 seconds
11-22 19:37:18.465  5963  8966 I iu.FingerprintManager:   numSeen=25 numGenerated=0 numDeleted=0 numFailed=0
11-22 19:37:18.527  5273  8974 I CCE     : sending CCE_SEND_SETTINGS_RESPONSE for app = motocare
11-22 19:37:18.545  3721  4612 V ConnectivityManager: isActiveNetworkMetered() returns:false
11-22 19:37:18.558  3721  4612 W ContentTaskController: Invalid task was provided to stopTracking.
11-22 19:37:18.561  1789  1798 I art     : Background partial concurrent mark sweep GC freed 31617(2MB) AllocSpace objects, 11(344KB) LOS objects, 19% free, 19MB/24MB, paused 3.544ms total 125.973ms
11-22 19:37:18.578  3721  4612 E NetworkScheduler: Unable to resolve correct action against com.google.android.youtube/com.google.android.apps.youtube.app.task.YouTubeNetworkTaskService for user #0 to instantiate callback. Not executing task.
11-22 19:37:18.582  3721  4612 W ContentTaskController: Invalid newTask was provided to startTracking.
